******************************************************************************
            TI ARM Clang Linker PC v4.0.2                      
******************************************************************************
>> Linked Tue Jun 10 15:07:49 2025

OUTPUT FILE NAME:   <second_stage_PDM_testing.out>
ENTRY POINT SYMBOL: "_vectors"  address: 00000000


MEMORY CONFIGURATION

         name            origin    length      used     unused   attr    fill
----------------------  --------  ---------  --------  --------  ----  --------
  R5F_VECS              00000000   00000040  00000040  00000000  RWIX
  R5F_TCMA              00000040   00007fc0  00000000  00007fc0  RWIX
  R5F_TCMB              00080000   00008000  00000000  00008000  RWIX
  MAILBOX_HSM           44000000   000003ce  00000000  000003ce  RWIX
  MAILBOX_R5F           44000400   000003ce  00000000  000003ce  RWIX
  FLASH                 60100000   00080000  00000000  00080000  RWIX
  SBL                   70000000   00040000  00000000  00040000  RWIX
  OCRAM                 70040000   00040000  0001f780  00020880  RWIX
  USER_SHM_MEM          701d0000   00004000  00000000  00004000  RWIX
  LOG_SHM_MEM           701d4000   00004000  00002000  00002000  RWIX
  RTOS_NORTOS_IPC_SHM_M 72000000   00003e80  00000000  00003e80  RWIX


SEGMENT ALLOCATION MAP

run origin  load origin   length   init length attrs members
----------  ----------- ---------- ----------- ----- -------
00000000    00000000    00000040   00000040    r-x
  00000000    00000000    00000040   00000040    r-x .vectors
70040000    70040000    0000e770   0000e770    r-x
  70040000    70040000    0000cc60   0000cc60    r-x .text
  7004cc60    7004cc60    00001b10   00001b10    r-- .rodata
7004e770    7004e770    0000e3c8   00000000    rw-
  7004e770    7004e770    000023c8   00000000    rw- .bss
  70050b38    70050b38    00008000   00000000    rw- .sysmem
  70058b38    70058b38    00004000   00000000    rw- .stack
7005cb38    7005cb38    00001130   00001130    r-x
  7005cb38    7005cb38    000008d8   000008d8    r-x .text.hwi
  7005d410    7005d410    00000430   00000430    r-x .text.cache
  7005d840    7005d840    00000290   00000290    r-x .text.mpu
  7005dad0    7005dad0    00000190   00000190    r-x .text.boot
  7005dc60    7005dc60    00000008   00000008    r-x .text:abort
7005dc68    7005dc68    00001b18   00000718    rw-
  7005dc68    7005dc68    00000718   00000718    rw- .data
  7005e380    7005e380    00000100   00000000    rw- .irqstack
  7005e480    7005e480    00000100   00000000    rw- .fiqstack
  7005e580    7005e580    00001000   00000000    rw- .svcstack
  7005f580    7005f580    00000100   00000000    rw- .abortstack
  7005f680    7005f680    00000100   00000000    rw- .undefinedstack


SECTION ALLOCATION MAP

 output                                  attributes/
section   page    origin      length       input sections
--------  ----  ----------  ----------   ----------------
.vectors   0    00000000    00000040     
                  00000000    00000040     nortos.am263px.r5f.ti-arm-clang.release.lib : HwiP_armv7r_vectors_nortos_asm.obj (.vectors)

.text      0    70040000    0000cc60     
                  70040000    00001328     libc.a : _scanfi.c.obj (.text.__TI_scanfi)
                  70041328    0000075a     ti_drivers_open_close.o (.text.Drivers_adcOpen)
                  70041a82    00000002     ti_board_config.o (.text.Board_deinit)
                  70041a84    00000580     nortos.am263px.r5f.ti-arm-clang.release.lib : printf.obj (.text._vsnprintf)
                  70042004    00000004     ti_board_open_close.o (.text.Board_driversOpen)
                  70042008    000004d4     libc.a : strtod.c.obj (.text.strtod)
                  700424dc    000004cc     drivers.am263px.r5f.ti-arm-clang.release.lib : soc_rcm.obj (.text.SOC_rcmEnablePeripheralClock)
                  700429a8    00000400     nortos.am263px.r5f.ti-arm-clang.release.lib : printf.obj (.text._ftoa)
                  70042da8    000003a4     testing.o (.text.conduct_test)
                  7004314c    00000014     nortos.am263px.r5f.ti-arm-clang.release.lib : ClockP_nortos.obj (.text.ClockP_usecToTicks)
                  70043160    00000390     libc.a : strcmp32.S.obj (.text:strcmp)
                  700434f0    00000310     nortos.am263px.r5f.ti-arm-clang.release.lib : printf.obj (.text._etoa)
                  70043800    000002a8     drivers.am263px.r5f.ti-arm-clang.release.lib : uart_v0.obj (.text.UART_open)
                  70043aa8    00000298                                                  : mcspi_v0.obj (.text.MCSPI_open)
                  70043d40    0000027c                                                  : edma.obj (.text.EDMA_init)
                  70043fbc    0000027c     libc.a : strtoll.c.obj (.text.strtoll)
                  70044238    00000250     drivers.am263px.r5f.ti-arm-clang.release.lib : soc_rcm.obj (.text.SOC_rcmSetPeripheralClock)
                  70044488    00000248     libc.a : strtoull.c.obj (.text.strtoull)
                  700446d0    0000023c     drivers.am263px.r5f.ti-arm-clang.release.lib : uart_v0_lld.obj (.text.UART_configInstance)
                  7004490c    00000230                                                  : mcspi_dma_edma.obj (.text.MCSPI_lld_dmaTransfer)
                  70044b3c    0000020c                                                  : edma.obj (.text.EDMA_errorIsrFxn)
                  70044d48    0000020c                                                  : mcspi_v0_lld.obj (.text.MCSPI_transferControllerPoll)
                  70044f54    00000204                                                  : edma.obj (.text.EDMA_freeChannelRegion)
                  70045158    000001f8     libc.a : strtol.c.obj (.text.strtol)
                  70045350    000001ec            : strtoul.c.obj (.text.strtoul)
                  7004553c    000001e8     drivers.am263px.r5f.ti-arm-clang.release.lib : mcspi_v0_lld.obj (.text.MCSPI_lld_controllerIsr)
                  70045724    000001e2     ti_drivers_config.o (.text.GPIO_init)
                  70045906    00000002     ti_board_config.o (.text.Board_init)
                  70045908    000001d0     libclang_rt.builtins.a : udivsi3.S.obj (.text.__udivsi3)
                  70045ad8    000001c0     drivers.am263px.r5f.ti-arm-clang.release.lib : mcspi_dma_edma.obj (.text.MCSPI_lld_dmaChInit)
                  70045c98    000001a8                                                  : mcspi_v0_lld.obj (.text.MCSPI_lld_chConfig)
                  70045e40    000001a8     libc.a : memory.c.obj (.text.free)
                  70045fe8    000001a4            : memory.c.obj (.text.aligned_alloc)
                  7004618c    00000194     drivers.am263px.r5f.ti-arm-clang.release.lib : uart_dma_edma.obj (.text.UART_lld_dmaInit)
                  70046320    00000190                                                  : mcspi_v0.obj (.text.MCSPI_transfer)
                  700464b0    00000164                                                  : edma.obj (.text.EDMA_open)
                  70046614    00000160                                                  : edma.obj (.text.EDMA_deinit)
                  70046774    00000004     nortos.am263px.r5f.ti-arm-clang.release.lib : ClockP_nortos_r5.obj (.text.ClockP_getTimerCount)
                  70046778    00000150     libc.a : s_scalbn.c.obj (.text.scalbn)
                  700468c8    0000014e     drivers.am263px.r5f.ti-arm-clang.release.lib : uart_dma_edma.obj (.text.UART_lld_dmaDeInit)
                  70046a16    0000014c                                                  : mcspi_dma_edma.obj (.text.MCSPI_lld_dmaDeInit)
                  70046b62    00000002     nortos.am263px.r5f.ti-arm-clang.release.lib : DebugP_nortos.obj (.text.DebugP_shmLogReaderTaskCreate)
                  70046b64    00000144     libc.a : setvbuf.c.obj (.text.setvbuf)
                  70046ca8    00000140     nortos.am263px.r5f.ti-arm-clang.release.lib : TimerP_rti_priv.obj (.text.TimerP_setupPriv)
                  70046de8    0000013c     drivers.am263px.r5f.ti-arm-clang.release.lib : soc.obj (.text.SOC_virtToPhy)
                  70046f24    00000138                                                  : uart_v0.obj (.text.UART_close)
                  7004705c    00000134                                                  : mcspi_v0_lld.obj (.text.MCSPI_lld_readWrite)
                  70047190    00000132     nortos.am263px.r5f.ti-arm-clang.release.lib : printf.obj (.text._ntoa_format)
                  700472c2    0000011c     drivers.am263px.r5f.ti-arm-clang.release.lib : mcspi_v0_lld.obj (.text.MCSPI_lld_readWriteIntr)
                  700473de    0000011a                                                  : uart_v0_lld.obj (.text.UART_lld_controllerIsr)
                  700474f8    00000118                                                  : edma.obj (.text.Alloc_resource)
                  70047610    00000118     libclang_rt.builtins.a : udivmoddi4.S.obj (.text)
                  70047728    00000114     drivers.am263px.r5f.ti-arm-clang.release.lib : soc_rcm.obj (.text.SOC_rcmGetPeripheralClockFrequency)
                  7004783c    0000010e                                                  : uart_v0_lld.obj (.text.UART_lld_write)
                  7004794a    0000010a     board.o (.text.init_gpio)
                  70047a54    00000108     drivers.am263px.r5f.ti-arm-clang.release.lib : edma.obj (.text.EDMA_transferCompletionMasterIsrFxn)
                  70047b5c    00000108                                                  : uart_v0.obj (.text.UART_read)
                  70047c64    00000106                                                  : mcspi_v0_lld.obj (.text.MCSPI_continuePeripheralTxRx)
                  70047d6a    00000104     nortos.am263px.r5f.ti-arm-clang.release.lib : ClockP_nortos_r5.obj (.text.ClockP_init)
                  70047e6e    00000002     ti_dpl_config.o (.text.Dpl_deinit)
                  70047e70    00000104     drivers.am263px.r5f.ti-arm-clang.release.lib : uart_dma_edma.obj (.text.UART_lld_dmaWrite)
                  70047f74    00000100                                                  : mcspi_v0.obj (.text.MCSPI_close)
                  70048074    000000fc                                                  : uart_v0.obj (.text.UART_write)
                  70048170    000000f4                                                  : mcspi_v0_lld.obj (.text.MCSPI_lld_initDma)
                  70048264    000000f0     PDMtesting.o (.text.PDM_testing)
                  70048354    000000f0     libc.a : fputc.c.obj (.text.fputc)
                  70048444    000000e6     drivers.am263px.r5f.ti-arm-clang.release.lib : mcspi_dma_edma.obj (.text.MCSPI_edmaIsrTx)
                  7004852a    000000e6                                                  : mcspi_v0_lld.obj (.text.MCSPI_lld_readWriteDma)
                  70048610    000000e6     int_adc.o (.text.read_int_ADC)
                  700486f6    000000d6     board.o (.text.GPIO_bankIsrFxn)
                  700487cc    000000d4     libc.a : sscanf.c.obj (.text._chkmbc)
                  700488a0    000000d2     logger.o (.text.print_log)
                  70048972    00000002     nortos.am263px.r5f.ti-arm-clang.release.lib : SemaphoreP_nortos.obj (.text.SemaphoreP_destruct)
                  70048974    000000d0     drivers.am263px.r5f.ti-arm-clang.release.lib : edma.obj (.text.EDMA_unregisterIntr)
                  70048a44    000000d0     ti_drivers_config.o (.text.GPIO_deinit)
                  70048b14    000000cc     drivers.am263px.r5f.ti-arm-clang.release.lib : uart_v0_lld.obj (.text.UART_lld_initDma)
                  70048be0    000000c8     libc.a : getdevice.c.obj (.text.getdevice)
                  70048ca8    000000c4     drivers.am263px.r5f.ti-arm-clang.release.lib : mcspi_v0_lld.obj (.text.MCSPI_lld_init)
                  70048d6c    000000c0                                                  : uart_v0_lld.obj (.text.UART_lld_init)
                  70048e2c    000000bc                                                  : edma.obj (.text.EDMA_registerIntr)
                  70048ee8    000000b4     libc.a : fseek.c.obj (.text.fseeko)
                  70048f9c    000000b0            : fclose.c.obj (.text.__TI_closefile)
                  7004904c    000000b0     nortos.am263px.r5f.ti-arm-clang.release.lib : printf.obj (.text._ntoa_long_long)
                  700490fc    000000ac     drivers.am263px.r5f.ti-arm-clang.release.lib : soc_rcm.obj (.text.SOC_rcmGetCoreHSDivOut)
                  700491a8    000000ac                                                  : uart_v0_lld.obj (.text.UART_divisorLatchWrite)
                  70049254    000000a8     nortos.am263px.r5f.ti-arm-clang.release.lib : DebugP_uartScanf.obj (.text.DebugP_readLine)
                  700492fc    000000a6     drivers.am263px.r5f.ti-arm-clang.release.lib : mcspi_dma_edma.obj (.text.MCSPI_edmaIsrRx)
                  700493a2    000000a6                                                  : uart_v0_lld.obj (.text.UART_lld_read)
                  70049448    000000a6     nortos.am263px.r5f.ti-arm-clang.release.lib : printf.obj (.text._out_rev)
                  700494ee    000000a6     board.o (.text.init_global_interrupts)
                  70049594    000000a4     libc.a : memory.c.obj (.text.split)
                  70049638    000000a0     drivers.am263px.r5f.ti-arm-clang.release.lib : edma.obj (.text.EDMA_freeDmaChannel)
                  700496d8    000000a0                                                  : edma.obj (.text.EDMA_freeParam)
                  70049778    000000a0                                                  : edma.obj (.text.EDMA_freeTcc)
                  70049818    000000a0     libsysbm.a : hostrename.c.obj (.text.HOSTrename)
                  700498b8    000000a0     drivers.am263px.r5f.ti-arm-clang.release.lib : uart_dma_edma.obj (.text.UART_lld_dmaRead)
                  70049958    0000009c                                                  : uart_v0_lld.obj (.text.UART_lld_readIntr)
                  700499f4    0000009c     libc.a : _io_perm.c.obj (.text.__TI_wrt_ok)
                  70049a90    00000098     libsysbm.a : hostlseek.c.obj (.text.HOSTlseek)
                  70049b28    00000096     nortos.am263px.r5f.ti-arm-clang.release.lib : SemaphoreP_nortos.obj (.text.SemaphoreP_pend)
                  70049bbe    00000094     drivers.am263px.r5f.ti-arm-clang.release.lib : edma.obj (.text.EDMA_configureChannelRegion)
                  70049c52    00000002     nortos.am263px.r5f.ti-arm-clang.release.lib : TaskP_nortos.obj (.text.TaskP_yield)
                  70049c54    00000094     libsysbm.a : hostopen.c.obj (.text.HOSTopen)
                  70049ce8    00000094     drivers.am263px.r5f.ti-arm-clang.release.lib : uart_v0_lld.obj (.text.UART_lld_readWithCounter)
                  70049d7c    00000090                                                  : mcspi_v0_lld.obj (.text.MCSPI_setFifoConfig)
                  70049e0c    0000008e     ADS_adc.o (.text.SPI_ReadWrite)
                  70049e9a    0000008e     nortos.am263px.r5f.ti-arm-clang.release.lib : printf.obj (.text._ntoa_long)
                  70049f28    0000008c     ti_drivers_open_close.o (.text.Drivers_open)
                  70049fb4    0000008c     drivers.am263px.r5f.ti-arm-clang.release.lib : mcspi_v0_lld.obj (.text.MCSPI_lld_peripheralIsr)
                  7004a040    0000008c     libsysbm.a : close.c.obj (.text.close)
                  7004a0cc    00000088     drivers.am263px.r5f.ti-arm-clang.release.lib : adc.obj (.text.ADC_setPPBTripLimits)
                  7004a154    00000088                                                  : uart_v0.obj (.text.UART_init)
                  7004a1dc    00000088                                                  : uart_v0_lld.obj (.text.UART_procLineStatusErr)
                  7004a264    00000088     libc.a : fflush.c.obj (.text.__TI_doflush)
                  7004a2ec    00000084     libsysbm.a : hostread.c.obj (.text.HOSTread)
                  7004a370    00000084                : hostwrite.c.obj (.text.HOSTwrite)
                  7004a3f4    00000084     drivers.am263px.r5f.ti-arm-clang.release.lib : mcspi_v0_lld.obj (.text.MCSPI_setPeripheralFifoConfig)
                  7004a478    00000080                                                  : edma.obj (.text.EDMA_close)
                  7004a4f8    00000080                                                  : uart_v0.obj (.text.UART_flushTxFifo)
                  7004a578    0000007e     ti_drivers_open_close.o (.text.Drivers_mcspiOpen)
                  7004a5f6    0000007e     drivers.am263px.r5f.ti-arm-clang.release.lib : mcspi_v0_lld.obj (.text.MCSPI_fifoRead)
                  7004a674    0000007e                                                  : mcspi_v0_lld.obj (.text.MCSPI_transferPeripheralPoll)
                  7004a6f2    0000007a                                                  : mcspi_v0_lld.obj (.text.MCSPI_initiateLastChunkTransfer)
                  7004a76c    00000078                                                  : mcspi_v0.obj (.text.MCSPI_init)
                  7004a7e4    00000076                                                  : uart_v0_lld.obj (.text.UART_readDataPolling)
                  7004a85a    00000072                                                  : mcspi_v0_lld.obj (.text.MCSPI_fifoWrite)
                  7004a8cc    00000072                                                  : mcspi_v0_lld.obj (.text.MCSPI_stop)
                  7004a93e    00000070                                                  : mcspi_dma_edma.obj (.text.MCSPI_lld_dmaStop)
                  7004a9ae    0000006e                                                  : edma.obj (.text.EDMA_disableTransferRegion)
                  7004aa1c    0000006e                                                  : edma.obj (.text.EDMA_enableTransferRegion)
                  7004aa8a    00000002                                                  : uart_dma_edma.obj (.text.UART_edmaDoNothing)
                  7004aa8c    0000006c     libsysbm.a : hostunlink.c.obj (.text.HOSTunlink)
                  7004aaf8    0000006c     drivers.am263px.r5f.ti-arm-clang.release.lib : uart_v0_lld.obj (.text.UART_lld_writeDma)
                  7004ab64    00000068                                                  : uart_v0_lld.obj (.text.UART_lld_readDma)
                  7004abcc    00000068                                                  : uart_v0_lld.obj (.text.UART_lld_writeIntr)
                  7004ac34    00000068     libc.a : atoi.c.obj (.text.atoi)
                  7004ac9c    00000068     board.o (.text.digitalWrite)
                  7004ad04    00000066     nortos.am263px.r5f.ti-arm-clang.release.lib : PmuP_armv7r.obj (.text.pmu)
                  7004ad6a    00000002     drivers.am263px.r5f.ti-arm-clang.release.lib : uart_v0.obj (.text.UART_lld_errorCallback)
                  7004ad6c    00000064                                                  : soc.obj (.text.SOC_controlModuleUnlockMMR)
                  7004add0    00000064     logger.o (.text.add_log)
                  7004ae34    00000060     libsysbm.a : hostclose.c.obj (.text.HOSTclose)
                  7004ae94    0000005e     nortos.am263px.r5f.ti-arm-clang.release.lib : ClockP_nortos.obj (.text.ClockP_timerTickIsr)
                  7004aef2    0000005e     drivers.am263px.r5f.ti-arm-clang.release.lib : mcspi_v0_lld.obj (.text.MCSPI_setChDataSize)
                  7004af50    0000005c                                                  : gpio.obj (.text.GPIO_setTrigType)
                  7004afac    0000005c                                                  : mcspi_v0_lld.obj (.text.MCSPI_configInstance)
                  7004b008    0000005c                                                  : soc.obj (.text.SOC_controlModuleLockMMR)
                  7004b064    0000005c     nortos.am263px.r5f.ti-arm-clang.release.lib : DebugP_log.obj (.text._DebugP_assert)
                  7004b0c0    00000058     drivers.am263px.r5f.ti-arm-clang.release.lib : mcspi_dma_edma.obj (.text.MCSPI_edmaUpdateTransferParams)
                  7004b118    00000058     libc.a : fopen.c.obj (.text.__TI_cleanup)
                  7004b170    00000058     libsysbm.a : trgmsg.c.obj (.text.__TI_readmsg)
                  7004b1c8    00000058                : trgmsg.c.obj (.text.__TI_writemsg)
                  7004b220    00000058     board.o (.text.init_interrupt)
                  7004b278    00000058     logger.o (.text.print_pending_logs)
                  7004b2d0    00000056     nortos.am263px.r5f.ti-arm-clang.release.lib : ClockP_nortos.obj (.text.ClockP_getTimeUsec)
                  7004b326    00000056     drivers.am263px.r5f.ti-arm-clang.release.lib : uart_v0_lld.obj (.text.UART_intrDisable)
                  7004b37c    00000056                                                  : uart_v0_lld.obj (.text.UART_readCancelNoCB)
                  7004b3d2    00000056                                                  : uart_v0_lld.obj (.text.UART_writeCancelNoCB)
                  7004b428    00000054     ti_dpl_config.o (.text.Dpl_init)
                  7004b47c    00000054     libc.a : exit.c.obj (.text.exit)
                  7004b4d0    00000054            : getdevice.c.obj (.text.finddevice)
                  7004b524    00000054            : autoinit.c.obj (.text:__TI_auto_init_nobinit_nopinit)
                  7004b578    00000052     nortos.am263px.r5f.ti-arm-clang.release.lib : AddrTranslateP_32bit.obj (.text.AddrTranslateP_getLocalAddr)
                  7004b5ca    00000052     drivers.am263px.r5f.ti-arm-clang.release.lib : mcspi_v0_lld.obj (.text.MCSPI_lld_deInitDma)
                  7004b61c    00000050     nortos.am263px.r5f.ti-arm-clang.release.lib : ClockP_nortos.obj (.text.ClockP_construct)
                  7004b66c    00000050     drivers.am263px.r5f.ti-arm-clang.release.lib : edma.obj (.text.EDMA_allocDmaChannel)
                  7004b6bc    00000050                                                  : edma.obj (.text.EDMA_allocParam)
                  7004b70c    00000050                                                  : edma.obj (.text.EDMA_allocTcc)
                  7004b75c    0000004e     nortos.am263px.r5f.ti-arm-clang.release.lib : ClockP_nortos.obj (.text.ClockP_addToList)
                  7004b7aa    0000004e     ti_drivers_open_close.o (.text.Drivers_edmaOpen)
                  7004b7f8    0000004e     ti_drivers_open_close.o (.text.Drivers_uartOpen)
                  7004b846    0000004e     drivers.am263px.r5f.ti-arm-clang.release.lib : edma.obj (.text.EDMA_disableChInShadowRegRegion)
                  7004b894    0000004c                                                  : mcspi_v0.obj (.text.MCSPI_transferCallback)
                  7004b8e0    0000004c                                                  : mcspi_v0_lld.obj (.text.MCSPI_transferControllerIntr)
                  7004b92c    0000004c                                                  : soc.obj (.text.SOC_enableAdcReferenceMonitor)
                  7004b978    00000048                                                  : soc.obj (.text.SOC_enableAdcGlobalForce)
                  7004b9c0    00000048                                                  : soc.obj (.text.SOC_enableAdcInternalReference)
                  7004ba08    00000048                                                  : uart_dma_edma.obj (.text.UART_edmaIsrRx)
                  7004ba50    00000048     libsysbm.a : unlink.c.obj (.text.unlink)
                  7004ba98    00000046     drivers.am263px.r5f.ti-arm-clang.release.lib : uart_dma_edma.obj (.text.UART_edmaIsrTx)
                  7004bade    00000002     nortos.am263px.r5f.ti-arm-clang.release.lib : printf.obj (.text._out_null)
                  7004bae0    00000044     drivers.am263px.r5f.ti-arm-clang.release.lib : soc.obj (.text.SOC_getAdcReferenceStatus)
                  7004bb24    00000044                                                  : uart_v0.obj (.text.UART_Params_init)
                  7004bb68    00000044                                                  : uart_v0_lld.obj (.text.UART_lld_deInitDma)
                  7004bbac    00000040     nortos.am263px.r5f.ti-arm-clang.release.lib : ClockP_nortos.obj (.text.ClockP_stop)
                  7004bbec    00000040     drivers.am263px.r5f.ti-arm-clang.release.lib : edma.obj (.text.EDMA_mapChToEvtQ)
                  7004bc2c    00000040                                                  : pinmux.obj (.text.Pinmux_config)
                  7004bc6c    00000040     nortos.am263px.r5f.ti-arm-clang.release.lib : SemaphoreP_nortos.obj (.text.SemaphoreP_constructBinary)
                  7004bcac    00000040     drivers.am263px.r5f.ti-arm-clang.release.lib : uart_v0_lld.obj (.text.UART_lld_deInit)
                  7004bcec    00000040     libc.a : memory.c.obj (.text.free_list_insert)
                  7004bd2c    0000003e     nortos.am263px.r5f.ti-arm-clang.release.lib : SemaphoreP_nortos.obj (.text.SemaphoreP_constructMutex)
                  7004bd6a    00000002     --HOLE-- [fill = 0]
                  7004bd6c    0000003c     drivers.am263px.r5f.ti-arm-clang.release.lib : edma.obj (.text.EDMA_getBaseAddr)
                  7004bda8    0000003c                                                  : uart_v0_lld.obj (.text.UART_readData)
                  7004bde4    0000003a     nortos.am263px.r5f.ti-arm-clang.release.lib : ClockP_nortos.obj (.text.ClockP_destruct)
                  7004be1e    0000003a                                                 : DebugP_uartLogWriter.obj (.text.DebugP_uartLogWriterPutChar)
                  7004be58    0000003a     ti_power_clock_config.o (.text.Module_clockSetFrequency)
                  7004be92    0000003a     drivers.am263px.r5f.ti-arm-clang.release.lib : uart_v0_lld.obj (.text.UART_lld_flushTxFifo)
                  7004becc    00000038                                                  : soc_rcm.obj (.text.SOC_rcmADPLLJGetFOut)
                  7004bf04    00000038     nortos.am263px.r5f.ti-arm-clang.release.lib : DebugP_nortos.obj (.text._DebugP_logZone)
                  7004bf3c    00000038                                                 : PmuP_armv7r_asm.obj (.text.pmu)
                  7004bf74    00000036     drivers.am263px.r5f.ti-arm-clang.release.lib : edma.obj (.text.EDMA_clrMissEvtRegion)
                  7004bfaa    00000034     nortos.am263px.r5f.ti-arm-clang.release.lib : ClockP_nortos.obj (.text.ClockP_start)
                  7004bfde    00000034     drivers.am263px.r5f.ti-arm-clang.release.lib : mcspi_v0.obj (.text.MCSPI_errorCallback)
                  7004c012    00000034     ti_power_clock_config.o (.text.Module_clockDisable)
                  7004c046    00000034     ti_power_clock_config.o (.text.Module_clockEnable)
                  7004c07a    00000002     --HOLE-- [fill = 0]
                  7004c07c    00000034     drivers.am263px.r5f.ti-arm-clang.release.lib : soc.obj (.text.SOC_enableAdcDacLoopback)
                  7004c0b0    00000034                                                  : soc_rcm.obj (.text.SOC_rcmGetModuleClkDivVal)
                  7004c0e4    00000034     libc.a : memory.c.obj (.text.free_list_remove)
                  7004c118    00000034     libsysbm.a : lseek.c.obj (.text.lseek)
                  7004c14c    00000034                : write.c.obj (.text.write)
                  7004c180    00000032     nortos.am263px.r5f.ti-arm-clang.release.lib : ClockP_nortos.obj (.text.ClockP_usleep)
                  7004c1b2    00000032     drivers.am263px.r5f.ti-arm-clang.release.lib : edma.obj (.text.EDMA_unmapChToEvtQ)
                  7004c1e4    00000032     nortos.am263px.r5f.ti-arm-clang.release.lib : SemaphoreP_nortos.obj (.text.SemaphoreP_post)
                  7004c216    00000030                                                 : DebugP_uartScanf.obj (.text.DebugP_scanf)
                  7004c246    00000030     drivers.am263px.r5f.ti-arm-clang.release.lib : uart_v0.obj (.text.UART_lld_writeCompleteCallback)
                  7004c276    00000002     --HOLE-- [fill = 0]
                  7004c278    00000030     int_adc.o (.text.adc_to_current_LM74930)
                  7004c2a8    0000002e     drivers.am263px.r5f.ti-arm-clang.release.lib : edma.obj (.text.EDMA_enableChInShadowRegRegion)
                  7004c2d6    0000002e                                                  : uart_v0.obj (.text.UART_lld_readCompleteCallback)
                  7004c304    0000002c     nortos.am263px.r5f.ti-arm-clang.release.lib : DebugP_shmLogReader.obj (.text.DebugP_shmLogReaderInit)
                  7004c330    0000002c     drivers.am263px.r5f.ti-arm-clang.release.lib : soc_rcm.obj (.text.SOC_rcmGetR5Clock)
                  7004c35c    0000002c                                                  : uart_v0.obj (.text.UART_getHandle)
                  7004c388    0000002c     ADS_adc.o (.text.adc_to_current_HSS_MB)
                  7004c3b4    0000002c     ADS_adc.o (.text.adc_to_current_TPS)
                  7004c3e0    0000002c     libc.a : sscanf.c.obj (.text.vsscanf)
                  7004c40c    0000002a     ti_drivers_config.o (.text.System_init)
                  7004c436    00000028     nortos.am263px.r5f.ti-arm-clang.release.lib : ClockP_nortos.obj (.text.ClockP_sleepTicks)
                  7004c45e    00000028     drivers.am263px.r5f.ti-arm-clang.release.lib : gpio.obj (.text.GPIO_setDirMode)
                  7004c486    00000028                                                  : mcspi_v0_lld.obj (.text.MCSPI_fifoReadMultiWord)
                  7004c4ae    00000002     --HOLE-- [fill = 0]
                  7004c4b0    00000028                                                  : soc.obj (.text.SOC_moduleSetClockFrequency)
                  7004c4d8    00000028     ADS_adc.o (.text.read_ext_ADC)
                  7004c500    00000026     nortos.am263px.r5f.ti-arm-clang.release.lib : ClockP_nortos.obj (.text.ClockP_sleep)
                  7004c526    00000026     drivers.am263px.r5f.ti-arm-clang.release.lib : edma.obj (.text.EDMA_setPaRAM)
                  7004c54c    00000026                                                  : uart_dma_edma.obj (.text.UART_lld_dmaDisableChannel)
                  7004c572    00000024                                                  : mcspi_v0_lld.obj (.text.MCSPI_fifoWriteMultiWord)
                  7004c596    00000002     --HOLE-- [fill = 0]
                  7004c598    00000024                                                  : uart_v0_lld.obj (.text.UART_IsHWFlowCtrlValid)
                  7004c5bc    00000024                                                  : uart_v0_lld.obj (.text.UART_IsRxTrigLvlValid)
                  7004c5e0    00000024                                                  : uart_v0_lld.obj (.text.UART_IsTxTrigLvlValid)
                  7004c604    00000024     libclang_rt.builtins.a : aeabi_uldivmod.S.obj (.text.__aeabi_uldivmod)
                  7004c628    00000024     int_adc.o (.text.int_adc_to_voltage)
                  7004c64c    00000024     nortos.am263px.r5f.ti-arm-clang.release.lib : printf.obj (.text.vprintf_)
                  7004c670    00000022     drivers.am263px.r5f.ti-arm-clang.release.lib : edma.obj (.text.EDMA_linkChannel)
                  7004c692    00000022                                                  : mcspi_v0_lld.obj (.text.MCSPI_transferPeripheralIntr)
                  7004c6b4    00000022     logger.o (.text.print_logs)
                  7004c6d6    00000020     nortos.am263px.r5f.ti-arm-clang.release.lib : DebugP_log.obj (.text.DebugP_logZoneEnable)
                  7004c6f6    00000020     drivers.am263px.r5f.ti-arm-clang.release.lib : mcspi_v0_lld.obj (.text.MCSPI_fifoRead32)
                  7004c716    00000020     nortos.am263px.r5f.ti-arm-clang.release.lib : TimerP_rti_priv.obj (.text.TimerP_Params_initPriv)
                  7004c736    00000020     drivers.am263px.r5f.ti-arm-clang.release.lib : uart_v0_lld.obj (.text.UART_getChar)
                  7004c756    00000002     --HOLE-- [fill = 0]
                  7004c758    00000020     ADS_adc.o (.text.ext_adc_to_voltage)
                  7004c778    0000001e     ti_drivers_config.o (.text.System_deinit)
                  7004c796    0000001e     drivers.am263px.r5f.ti-arm-clang.release.lib : uart_v0_lld.obj (.text.UART_spaceAvail)
                  7004c7b4    0000001e                                                  : uart_v0_lld.obj (.text.UART_statusIsDataReady)
                  7004c7d2    0000001c                                                  : mcspi_v0_lld.obj (.text.MCSPI_fifoWrite32)
                  7004c7ee    0000001c                                                  : mcspi_v0_lld.obj (.text.MCSPI_getFifoTrigLvl)
                  7004c80a    0000001c                                                  : mcspi_v0_lld.obj (.text.MCSPI_lld_deInit)
                  7004c826    00000002     --HOLE-- [fill = 0]
                  7004c828    0000001c                                                  : soc_rcm.obj (.text.SOC_rcmIsR5FInLockStepMode)
                  7004c844    0000001c     libc.a : sscanf.c.obj (.text._inpchar)
                  7004c860    0000001c     main.o (.text.main)
                  7004c87c    0000001c     libsysbm.a : hostrename.c.obj (.text.strcpy)
                  7004c898    0000001c                : hostrename.c.obj (.text.strlen)
                  7004c8b4    0000001c     libc.a : memcpy32.S.obj (.text:TI_memcpy_small)
                  7004c8d0    0000001a     nortos.am263px.r5f.ti-arm-clang.release.lib : CpuId_armv7r.obj (.text.CSL_armR5GetCpuID)
                  7004c8ea    0000001a     drivers.am263px.r5f.ti-arm-clang.release.lib : edma.obj (.text.EDMA_readEventStatusRegion)
                  7004c904    0000001a                                                  : uart_v0_lld.obj (.text.UART_enhanFuncEnable)
                  7004c91e    00000002     --HOLE-- [fill = 0]
                  7004c920    00000018                                                  : mcspi_v0.obj (.text.MCSPI_deinit)
                  7004c938    00000018                                                  : mcspi_dma_edma.obj (.text.MCSPI_lld_dmaInit)
                  7004c950    00000018     nortos.am263px.r5f.ti-arm-clang.release.lib : TimerP_rti_priv.obj (.text.TimerP_getCountPriv)
                  7004c968    00000018     drivers.am263px.r5f.ti-arm-clang.release.lib : uart_v0.obj (.text.UART_deinit)
                  7004c980    00000018     logger.o (.text.clear_logs)
                  7004c998    00000018     libc.a : memset32.S.obj (.text:TI_memset_small)
                  7004c9b0    00000016     drivers.am263px.r5f.ti-arm-clang.release.lib : mcspi_v0_lld.obj (.text.MCSPI_reset)
                  7004c9c6    00000016                                                  : uart_v0_lld.obj (.text.UART_IsTxRxFifoEmpty)
                  7004c9dc    00000016                                                  : uart_v0_lld.obj (.text.UART_getIntrIdentityStatus)
                  7004c9f2    00000016                                                  : uart_v0_lld.obj (.text.UART_getRxError)
                  7004ca08    00000014                                                  : edma.obj (.text.EDMA_getRegionId)
                  7004ca1c    00000014                                                  : uart_v0.obj (.text.UART_Transaction_init)
                  7004ca30    00000014                                                  : uart_v0_lld.obj (.text.UART_enhanFuncBitValRestore)
                  7004ca44    00000012                                                  : adc.obj (.text.ADC_setMode)
                  7004ca56    00000012                                                  : uart_v0_lld.obj (.text.UART_hardwareFlowCtrlOptSet)
                  7004ca68    00000012                                                  : uart_v0_lld.obj (.text.UART_operatingModeSelect)
                  7004ca7a    00000012                                                  : uart_v0_lld.obj (.text.UART_readLineStatus)
                  7004ca8c    00000012     ti_dpl_config.o (.text.putchar_)
                  7004ca9e    00000010     drivers.am263px.r5f.ti-arm-clang.release.lib : gpio.obj (.text.GPIO_bankIntrDisable)
                  7004caae    00000010                                                  : uart_v0_lld.obj (.text.UART_intr2Disable)
                  7004cabe    00000002     --HOLE-- [fill = 0]
                  7004cac0    00000010     libclang_rt.builtins.a : aeabi_memset.S.obj (.text.__aeabi_memset)
                  7004cad0    00000010     libc.a : sscanf.c.obj (.text._uninpchar)
                  7004cae0    00000010            : fputc.c.obj (.text.putchar)
                  7004caf0    0000000e     drivers.am263px.r5f.ti-arm-clang.release.lib : edma.obj (.text.EDMA_ccPaRAMEntry_init)
                  7004cafe    0000000e                                                  : gpio.obj (.text.GPIO_bankIntrEnable)
                  7004cb0c    0000000e     ti_pinmux_config.o (.text.Pinmux_init)
                  7004cb1a    0000000e     ti_power_clock_config.o (.text.PowerClock_init)
                  7004cb28    0000000c     nortos.am263px.r5f.ti-arm-clang.release.lib : ClockP_nortos.obj (.text.ClockP_getTicks)
                  7004cb34    0000000c                                                 : DebugP_uartLogWriter.obj (.text.DebugP_uartSetDrvIndex)
                  7004cb40    0000000c     drivers.am263px.r5f.ti-arm-clang.release.lib : edma.obj (.text.EDMA_isInitialized)
                  7004cb4c    0000000c                                                  : soc.obj (.text.SOC_getSelfCpuClk)
                  7004cb58    0000000c     libc.a : aeabi_portable.c.obj (.text.__aeabi_errno_addr)
                  7004cb64    0000000c     libclang_rt.builtins.a : aeabi_memset.S.obj (.text.__aeabi_memclr)
                  7004cb70    0000000c     libc.a : memory.c.obj (.text.malloc)
                  7004cb7c    00000004     nortos.am263px.r5f.ti-arm-clang.release.lib : ClockP_nortos_r5.obj (.text.ClockP_timerClearOverflowInt)
                  7004cb80    0000000c     libc.a : strcmp32.S.obj (.text)
                  7004cb8c    0000000c     nortos.am263px.r5f.ti-arm-clang.release.lib : CpuId_armv7r_asm.obj (.text)
                  7004cb98    0000000a                                                 : ClockP_nortos.obj (.text.ClockP_Params_init)
                  7004cba2    0000000a                                                 : ClockP_nortos.obj (.text.ClockP_isActive)
                  7004cbac    0000000a                                                 : TimerP_rti_priv.obj (.text.TimerP_getReloadCountPriv)
                  7004cbb6    0000000a                                                 : TimerP_rti_priv.obj (.text.TimerP_startPriv)
                  7004cbc0    0000000a     drivers.am263px.r5f.ti-arm-clang.release.lib : uart_v0_lld.obj (.text.UART_lld_Transaction_deInit)
                  7004cbca    00000002     --HOLE-- [fill = 0]
                  7004cbcc    00000008     libsysbm.a : hostexit.c.obj (.text.HOSTexit)
                  7004cbd4    00000008     nortos.am263px.r5f.ti-arm-clang.release.lib : TimerP_rti_priv.obj (.text.TimerP_clearOverflowIntPriv)
                  7004cbdc    00000008                                                 : printf.obj (.text._out_char)
                  7004cbe4    00000006     drivers.am263px.r5f.ti-arm-clang.release.lib : edma.obj (.text.EDMA_isInterruptEnabled)
                  7004cbea    00000006                                                  : soc.obj (.text.SOC_moduleClockEnable)
                  7004cbf0    00000006                                                  : soc_rcm.obj (.text.SOC_rcmGetCR5SysclkInFrequency)
                  7004cbf6    00000004     ti_power_clock_config.o (.text.PowerClock_deinit)
                  7004cbfa    00000004     nortos.am263px.r5f.ti-arm-clang.release.lib : TimerP_rti_nortos.obj (.text.TimerP_Params_init)
                  7004cbfe    00000004                                                 : TimerP_rti_nortos.obj (.text.TimerP_clearOverflowInt)
                  7004cc02    00000004                                                 : TimerP_rti_nortos.obj (.text.TimerP_getCount)
                  7004cc06    00000004                                                 : TimerP_rti_nortos.obj (.text.TimerP_getReloadCount)
                  7004cc0a    00000004                                                 : TimerP_rti_nortos.obj (.text.TimerP_setup)
                  7004cc0e    00000004                                                 : TimerP_rti_nortos.obj (.text.TimerP_start)
                  7004cc12    00000002     --HOLE-- [fill = 0]
                  7004cc14    00000004     libclang_rt.builtins.a : aeabi_div0.c.obj (.text.__aeabi_idiv0)
                  7004cc18    00000004                            : aeabi_div0.c.obj (.text.__aeabi_ldiv0)
                  7004cc1c    00000004                            : aeabi_memcpy.S.obj (.text.__aeabi_memcpy)
                  7004cc20    00000004     libc.a : _lock.c.obj (.text._nop)
                  7004cc24    00000004            : fseek.c.obj (.text.fseek)
                  7004cc28    00000004     libsysbm.a : remove.c.obj (.text.remove)
                  7004cc2c    00000008     nortos.am263px.r5f.ti-arm-clang.release.lib : HwiP_armv7r_asm.obj (.tramp.HwiP_restore.1)
                  7004cc34    00000008                                                 : HwiP_armv7r_asm.obj (.tramp.HwiP_enable.1)
                  7004cc3c    00000008                                                 : PmuP_armv7r_asm.obj (.tramp.PmuP_setUserEnable.1)
                  7004cc44    00000008                                                 : PmuP_armv7r_asm.obj (.tramp.PmuP_enableCounters.1)
                  7004cc4c    00000014     --HOLE-- [fill = 0]

.rodata    0    7004cc60    00001b10     
                  7004cc60    000004b0     testing.o (.rodata.test_results)
                  7004d110    00000101     libc.a : aeabi_ctype.S.obj (.rodata:__aeabi_ctype_table_)
                  7004d211    00000096     testing.o (.rodata.test_cases)
                  7004d2a7    00000001     logger.o (.rodata.str1.11170080405929493601.1)
                  7004d2a8    00000080     libc.a : strtod.c.obj (.rodata.digits)
                  7004d328    0000007a     ti_drivers_open_close.o (.rodata.str1.17665391694225509261.1)
                  7004d3a2    00000002     --HOLE-- [fill = 0]
                  7004d3a4    00000074     ti_dpl_config.o (.rodata.cfg)
                  7004d418    00000051     drivers.am263px.r5f.ti-arm-clang.release.lib : mcspi_v0.obj (.rodata.str1.26396439823528435241)
                  7004d469    00000007     libc.a : _scanfi.c.obj (.rodata._sproc_int.flit)
                  7004d470    00000050     nortos.am263px.r5f.ti-arm-clang.release.lib : printf.obj (.rodata._ftoa.pow10)
                  7004d4c0    00000048     drivers.am263px.r5f.ti-arm-clang.release.lib : soc_rcm.obj (.rodata.gADPLLJConfigTbl)
                  7004d508    00000048     libc.a : strtod.c.obj (.rodata.powerof10)
                  7004d550    00000048     drivers.am263px.r5f.ti-arm-clang.release.lib : mcspi_v0_lld.obj (.rodata.str1.97363132707188488161)
                  7004d598    0000003d     nortos.am263px.r5f.ti-arm-clang.release.lib : TimerP_rti_priv.obj (.rodata.str1.72163963154704191671)
                  7004d5d5    0000003b     logger.o (.rodata.str1.15765208293925770228.1)
                  7004d610    00000038     testing.o (.rodata.str1.12934025152450101698.1)
                  7004d648    00000038     testing.o (.rodata.str1.13271957185734089466.1)
                  7004d680    00000038     testing.o (.rodata.str1.1809024094263384077.1)
                  7004d6b8    00000037     testing.o (.rodata.str1.13902908763734703229.1)
                  7004d6ef    00000037     testing.o (.rodata.str1.14475428689845802839.1)
                  7004d726    00000037     testing.o (.rodata.str1.17746360623054601515.1)
                  7004d75d    00000037     nortos.am263px.r5f.ti-arm-clang.release.lib : SemaphoreP_nortos.obj (.rodata.str1.52751030918495836841)
                  7004d794    00000036     ti_drivers_open_close.o (.rodata.str1.2554706296470369595.1)
                  7004d7ca    00000036     testing.o (.rodata.str1.9646216584914662902.1)
                  7004d800    00000036     testing.o (.rodata.str1.9663668549545128397.1)
                  7004d836    00000035     ti_drivers_open_close.o (.rodata.str1.10252002122772422448.1)
                  7004d86b    00000035     ti_drivers_open_close.o (.rodata.str1.17551203406305493380.1)
                  7004d8a0    00000033     testing.o (.rodata.str1.13404232100597892824.1)
                  7004d8d3    00000033     testing.o (.rodata.str1.912323090116748061.1)
                  7004d906    00000032     drivers.am263px.r5f.ti-arm-clang.release.lib : adc.obj (.rodata.str1.104222482920253680151)
                  7004d938    00000032                                                  : adc.obj (.rodata.str1.137023953294967812531)
                  7004d96a    00000002     --HOLE-- [fill = 0]
                  7004d96c    00000030     logger.o (.rodata..Lswitch.table.print_log.27)
                  7004d99c    00000030     ti_drivers_open_close.o (.rodata.str1.14200658025495415368.1)
                  7004d9cc    0000002e     nortos.am263px.r5f.ti-arm-clang.release.lib : ClockP_nortos.obj (.rodata.str1.39419159632632580371)
                  7004d9fa    0000002a     logger.o (.rodata.str1.6697840596852582545.1)
                  7004da24    0000002a     nortos.am263px.r5f.ti-arm-clang.release.lib : DebugP_log.obj (.rodata.str1.8882360920750446361)
                  7004da4e    00000028     ti_drivers_open_close.o (.rodata.str1.10490786615736436564.1)
                  7004da76    00000028     ti_drivers_open_close.o (.rodata.str1.7332975063418302059.1)
                  7004da9e    00000027     nortos.am263px.r5f.ti-arm-clang.release.lib : ClockP_nortos_r5.obj (.rodata.str1.91622226613999981811)
                  7004dac5    00000025     ti_drivers_open_close.o (.rodata.str1.7750254725308216577.1)
                  7004daea    00000024     testing.o (.rodata.str1.1448113453728135492.1)
                  7004db0e    00000024     drivers.am263px.r5f.ti-arm-clang.release.lib : edma.obj (.rodata.str1.164918382464449145851)
                  7004db32    00000023     nortos.am263px.r5f.ti-arm-clang.release.lib : ClockP_nortos_r5.obj (.rodata.str1.136646522816104227591)
                  7004db55    00000023     ti_drivers_open_close.o (.rodata.str1.15574074207268991336.1)
                  7004db78    00000023     drivers.am263px.r5f.ti-arm-clang.release.lib : soc_rcm.obj (.rodata.str1.15813086600912413471)
                  7004db9b    00000022                                                  : edma.obj (.rodata.str1.6611792697437713481)
                  7004dbbd    00000021     nortos.am263px.r5f.ti-arm-clang.release.lib : ClockP_nortos_r5.obj (.rodata.str1.99041146818411950391)
                  7004dbde    00000002     --HOLE-- [fill = 0]
                  7004dbe0    00000020     drivers.am263px.r5f.ti-arm-clang.release.lib : uart_v0_lld.obj (.rodata.cst32)
                  7004dc00    00000020     PDMtesting.o (.rodata.str1.10015848951539402881.1)
                  7004dc20    00000020     drivers.am263px.r5f.ti-arm-clang.release.lib : uart_v0.obj (.rodata.str1.150767988884773108331)
                  7004dc40    0000001f     board.o (.rodata.str1.10881007155619371109.1)
                  7004dc5f    0000001f     board.o (.rodata.str1.123550804358397101.1)
                  7004dc7e    0000001f     board.o (.rodata.str1.13738757807042593414.1)
                  7004dc9d    0000001f     board.o (.rodata.str1.14465880841147386111.1)
                  7004dcbc    0000001f     logger.o (.rodata.str1.14867204177169952558.1)
                  7004dcdb    0000001f     board.o (.rodata.str1.1510811462892085231.1)
                  7004dcfa    0000001f     board.o (.rodata.str1.16077883977509950417.1)
                  7004dd19    0000001f     board.o (.rodata.str1.1696272589420159480.1)
                  7004dd38    0000001f     board.o (.rodata.str1.18250802514644841805.1)
                  7004dd57    0000001f     nortos.am263px.r5f.ti-arm-clang.release.lib : SemaphoreP_nortos.obj (.rodata.str1.25281168886080794691)
                  7004dd76    0000001f                                                 : ClockP_nortos_r5.obj (.rodata.str1.25349503636762439021)
                  7004dd95    0000001f     board.o (.rodata.str1.5436337271421848948.1)
                  7004ddb4    0000001f     board.o (.rodata.str1.673658226405435322.1)
                  7004ddd3    0000001f     ti_drivers_open_close.o (.rodata.str1.871795152488895636.1)
                  7004ddf2    0000001f     board.o (.rodata.str1.9045895231722895584.1)
                  7004de11    0000001f     board.o (.rodata.str1.9461189164499355904.1)
                  7004de30    0000001e     board.o (.rodata.str1.10345935079445805060.1)
                  7004de4e    0000001e     drivers.am263px.r5f.ti-arm-clang.release.lib : mcspi_v0.obj (.rodata.str1.144400815220210358851)
                  7004de6c    0000001e     board.o (.rodata.str1.6418571003999367838.1)
                  7004de8a    0000001e     board.o (.rodata.str1.6840234256597642108.1)
                  7004dea8    0000001e     board.o (.rodata.str1.9453984286452795027.1)
                  7004dec6    0000001d     nortos.am263px.r5f.ti-arm-clang.release.lib : TimerP_rti_priv.obj (.rodata.str1.114219152040444562951)
                  7004dee3    0000001d                                                 : TimerP_rti_priv.obj (.rodata.str1.125174968193178473681)
                  7004df00    0000001d     ti_drivers_open_close.o (.rodata.str1.13083909648175487149.1)
                  7004df1d    0000001d     drivers.am263px.r5f.ti-arm-clang.release.lib : uart_v0.obj (.rodata.str1.142814395268246240721)
                  7004df3a    0000001d                                                  : mcspi_v0.obj (.rodata.str1.171925388543524077211)
                  7004df57    0000001d     nortos.am263px.r5f.ti-arm-clang.release.lib : TimerP_rti_priv.obj (.rodata.str1.27974953896521033811)
                  7004df74    0000001b     drivers.am263px.r5f.ti-arm-clang.release.lib : edma.obj (.rodata.str1.16266241636797238661)
                  7004df8f    0000001b     nortos.am263px.r5f.ti-arm-clang.release.lib : ClockP_nortos.obj (.rodata.str1.47646432807403639741)
                  7004dfaa    0000001b     ti_drivers_open_close.o (.rodata.str1.5509699957385355460.1)
                  7004dfc5    0000001a     drivers.am263px.r5f.ti-arm-clang.release.lib : edma.obj (.rodata.str1.124702968117785801901)
                  7004dfdf    0000001a     nortos.am263px.r5f.ti-arm-clang.release.lib : ClockP_nortos_r5.obj (.rodata.str1.133203246495064227641)
                  7004dff9    0000001a     drivers.am263px.r5f.ti-arm-clang.release.lib : soc_rcm.obj (.rodata.str1.153801437654618082741)
                  7004e013    0000001a                                                  : mcspi_v0.obj (.rodata.str1.169212516063846095031)
                  7004e02d    0000001a     board.o (.rodata.str1.9440741161207462191.1)
                  7004e047    0000001a     drivers.am263px.r5f.ti-arm-clang.release.lib : mcspi_v0.obj (.rodata.str1.99640994410596514241)
                  7004e061    00000019     ti_drivers_open_close.o (.rodata.str1.14059614886583751700.1)
                  7004e07a    00000019     nortos.am263px.r5f.ti-arm-clang.release.lib : TimerP_rti_priv.obj (.rodata.str1.160914699991520874261)
                  7004e093    00000019     ti_drivers_open_close.o (.rodata.str1.5293217666052239616.1)
                  7004e0ac    00000018     drivers.am263px.r5f.ti-arm-clang.release.lib : soc.obj (.rodata..Lswitch.table.SOC_getAdcReferenceStatus)
                  7004e0c4    00000018                                                  : soc_rcm.obj (.rodata.gControlssPllClkSrcValMap)
                  7004e0dc    00000018                                                  : soc_rcm.obj (.rodata.gCptsClkSrcValMap)
                  7004e0f4    00000018                                                  : soc_rcm.obj (.rodata.gI2cClkSrcValMap)
                  7004e10c    00000018                                                  : soc_rcm.obj (.rodata.gLinUartClkSrcValMap)
                  7004e124    00000018                                                  : soc_rcm.obj (.rodata.gPeripheralClkSrcInfoMap)
                  7004e13c    00000018                                                  : soc_rcm.obj (.rodata.gRtiClkSrcValMap)
                  7004e154    00000018                                                  : soc_rcm.obj (.rodata.gWdtClkSrcValMap)
                  7004e16c    00000018     logger.o (.rodata.str1.516959638814628545.1)
                  7004e184    00000018     logger.o (.rodata.str1.5671237403414969566.1)
                  7004e19c    00000018     logger.o (.rodata.str1.887488774559121338.1)
                  7004e1b4    00000018     drivers.am263px.r5f.ti-arm-clang.release.lib : uart_v0.obj (.rodata.str1.9069738176458784971)
                  7004e1cc    00000017     ADS_adc.o (.rodata.str1.10043506777178288082.1)
                  7004e1e3    00000017     drivers.am263px.r5f.ti-arm-clang.release.lib : soc_rcm.obj (.rodata.str1.141251745167226470741)
                  7004e1fa    00000017     ti_drivers_open_close.o (.rodata.str1.1628183244885117158.1)
                  7004e211    00000016     PDMtesting.o (.rodata.str1.10577412323663350067.1)
                  7004e227    00000016     drivers.am263px.r5f.ti-arm-clang.release.lib : soc_rcm.obj (.rodata.str1.107645048611228328791)
                  7004e23d    00000016     PDMtesting.o (.rodata.str1.12143205621091433229.1)
                  7004e253    00000016     drivers.am263px.r5f.ti-arm-clang.release.lib : soc_rcm.obj (.rodata.str1.177369307189295936511)
                  7004e269    00000016                                                  : soc_rcm.obj (.rodata.str1.63555232926284281011)
                  7004e27f    00000016                                                  : mcspi_v0.obj (.rodata.str1.85423015064808713541)
                  7004e295    00000015     ti_drivers_open_close.o (.rodata.str1.11521962449680083383.1)
                  7004e2aa    00000015     drivers.am263px.r5f.ti-arm-clang.release.lib : edma.obj (.rodata.str1.149652404363315708211)
                  7004e2bf    00000015     ti_drivers_open_close.o (.rodata.str1.17912154466570466874.1)
                  7004e2d4    00000015     drivers.am263px.r5f.ti-arm-clang.release.lib : adc.obj (.rodata.str1.20431844208594508061)
                  7004e2e9    00000015     nortos.am263px.r5f.ti-arm-clang.release.lib : SemaphoreP_nortos.obj (.rodata.str1.30861210816963497001)
                  7004e2fe    00000014     drivers.am263px.r5f.ti-arm-clang.release.lib : mcspi_v0_lld.obj (.rodata.str1.147988882001261723701)
                  7004e312    00000014                                                  : edma.obj (.rodata.str1.176595599180530855901)
                  7004e326    00000014                                                  : mcspi_v0.obj (.rodata.str1.34611452835214624521)
                  7004e33a    00000014     ti_drivers_open_close.o (.rodata.str1.3622116258035701796.1)
                  7004e34e    00000014     drivers.am263px.r5f.ti-arm-clang.release.lib : edma.obj (.rodata.str1.41785049815304208531)
                  7004e362    00000014                                                  : edma.obj (.rodata.str1.93700429500326477781)
                  7004e376    00000013     testing.o (.rodata.str1.13753495736459524521.1)
                  7004e389    00000013     drivers.am263px.r5f.ti-arm-clang.release.lib : soc_rcm.obj (.rodata.str1.30734103837947208761)
                  7004e39c    00000013     testing.o (.rodata.str1.5333103860067079182.1)
                  7004e3af    00000013     drivers.am263px.r5f.ti-arm-clang.release.lib : uart_v0.obj (.rodata.str1.9980655952161290391)
                  7004e3c2    00000012                                                  : uart_v0.obj (.rodata.str1.166492982902436568231)
                  7004e3d4    00000012                                                  : uart_v0.obj (.rodata.str1.171120843061886446841)
                  7004e3e6    00000012                                                  : edma.obj (.rodata.str1.41579851849113419871)
                  7004e3f8    00000012     ti_drivers_open_close.o (.rodata.str1.6538372684047993024.1)
                  7004e40a    00000012     drivers.am263px.r5f.ti-arm-clang.release.lib : soc_rcm.obj (.rodata.str1.67217821191364965911)
                  7004e41c    00000011                                                  : edma.obj (.rodata.str1.117215064595961288031)
                  7004e42d    00000011     ti_drivers_open_close.o (.rodata.str1.12213835641041270557.1)
                  7004e43e    00000011     logger.o (.rodata.str1.13406532556922755089.1)
                  7004e44f    00000011     drivers.am263px.r5f.ti-arm-clang.release.lib : uart_v0.obj (.rodata.str1.16967668833904919061)
                  7004e460    00000011                                                  : edma.obj (.rodata.str1.28692048193800818901)
                  7004e471    00000011     nortos.am263px.r5f.ti-arm-clang.release.lib : ClockP_nortos.obj (.rodata.str1.37923443167824241621)
                  7004e482    00000011                                                 : TimerP_rti_priv.obj (.rodata.str1.44101942245516082551)
                  7004e493    00000011     ti_drivers_open_close.o (.rodata.str1.6292539624901818759.1)
                  7004e4a4    00000010     drivers.am263px.r5f.ti-arm-clang.release.lib : soc.obj (.rodata.cst16)
                  7004e4b4    00000010                                                  : mcspi_v0.obj (.rodata.str1.153145657127816401141)
                  7004e4c4    00000010                                                  : edma.obj (.rodata.str1.18778444954996405781)
                  7004e4d4    00000010     ti_drivers_open_close.o (.rodata.str1.5205884736402799790.1)
                  7004e4e4    0000000f     drivers.am263px.r5f.ti-arm-clang.release.lib : edma.obj (.rodata.str1.111354322338949310841)
                  7004e4f3    0000000f                                                  : edma.obj (.rodata.str1.144551280152329776181)
                  7004e502    0000000f                                                  : edma.obj (.rodata.str1.2759273541325923811)
                  7004e511    0000000f                                                  : mcspi_v0.obj (.rodata.str1.43973954253821070511)
                  7004e520    0000000f     board.o (.rodata.str1.834004997606947946.1)
                  7004e52f    0000000f     drivers.am263px.r5f.ti-arm-clang.release.lib : edma.obj (.rodata.str1.92547749779646142691)
                  7004e53e    0000000e     ti_drivers_open_close.o (.rodata.str1.16112177131852734107.1)
                  7004e54c    0000000e     drivers.am263px.r5f.ti-arm-clang.release.lib : edma.obj (.rodata.str1.19244332700943948511)
                  7004e55a    0000000e                                                  : edma.obj (.rodata.str1.46057082369026546831)
                  7004e568    0000000e                                                  : edma.obj (.rodata.str1.46782315602798139861)
                  7004e576    0000000d     ti_drivers_open_close.o (.rodata.str1.10450075619424269387.1)
                  7004e583    0000000d     drivers.am263px.r5f.ti-arm-clang.release.lib : edma.obj (.rodata.str1.121775923823351643201)
                  7004e590    0000000d     ti_drivers_open_close.o (.rodata.str1.16905510790704221133.1)
                  7004e59d    0000000d     nortos.am263px.r5f.ti-arm-clang.release.lib : TimerP_rti_priv.obj (.rodata.str1.31870447354226168941)
                  7004e5aa    0000000d     drivers.am263px.r5f.ti-arm-clang.release.lib : adc.obj (.rodata.str1.70150695697723348971)
                  7004e5b7    0000000d     testing.o (.rodata.str1.9119961215068324276.1)
                  7004e5c4    0000000c     drivers.am263px.r5f.ti-arm-clang.release.lib : mcspi_v0_lld.obj (.rodata..Lswitch.table.MCSPI_lld_controllerIsr.1)
                  7004e5d0    0000000c                                                  : mcspi_v0_lld.obj (.rodata..Lswitch.table.MCSPI_lld_controllerIsr)
                  7004e5dc    0000000c                                                  : soc.obj (.rodata..Lswitch.table.SOC_enableAdcReferenceMonitor)
                  7004e5e8    0000000c     logger.o (.rodata..Lswitch.table.print_log)
                  7004e5f4    0000000c     nortos.am263px.r5f.ti-arm-clang.release.lib : ClockP_nortos_r5.obj (.rodata.str1.177642182983587376931)
                  7004e600    0000000c     drivers.am263px.r5f.ti-arm-clang.release.lib : mcspi_v0.obj (.rodata.str1.69169362540279301091)
                  7004e60c    0000000c                                                  : edma.obj (.rodata.str1.73371482538137472541)
                  7004e618    0000000c     logger.o (.rodata.str1.7498274428696469886.1)
                  7004e624    0000000b     board.o (.rodata.str1.15102135329570516791.1)
                  7004e62f    0000000b     drivers.am263px.r5f.ti-arm-clang.release.lib : mcspi_v0.obj (.rodata.str1.169287378047891341191)
                  7004e63a    0000000b                                                  : uart_v0.obj (.rodata.str1.174466331461201984741)
                  7004e645    0000000b                                                  : uart_v0.obj (.rodata.str1.23952661867579505821)
                  7004e650    0000000b                                                  : mcspi_v0.obj (.rodata.str1.248655060218483491)
                  7004e65b    0000000b                                                  : edma.obj (.rodata.str1.8716574913843167321)
                  7004e666    0000000a                                                  : soc_rcm.obj (.rodata.str1.102656642322745120751)
                  7004e670    0000000a                                                  : edma.obj (.rodata.str1.11281620503267214511)
                  7004e67a    0000000a     logger.o (.rodata.str1.13114922096505101489.1)
                  7004e684    0000000a     drivers.am263px.r5f.ti-arm-clang.release.lib : uart_v0.obj (.rodata.str1.4680544719311723101)
                  7004e68e    0000000a                                                  : uart_v0.obj (.rodata.str1.62285611621840673441)
                  7004e698    0000000a                                                  : edma.obj (.rodata.str1.94390198658697638781)
                  7004e6a2    0000000a                                                  : uart_v0.obj (.rodata.str1.98976386761529848021)
                  7004e6ac    00000009     libc.a : _scanfi.c.obj (.rodata.str1.12964984209033246150.1)
                  7004e6b5    00000003     PDMtesting.o (.rodata.str1.1094412632907578887.1)
                  7004e6b8    00000008     libc.a : _scanfi.c.obj (.rodata..L__const._sproc_float.special)
                  7004e6c0    00000008     logger.o (.rodata.str1.11411971380641413352.1)
                  7004e6c8    00000008     logger.o (.rodata.str1.1246197995540081341.1)
                  7004e6d0    00000008     logger.o (.rodata.str1.3193577328096652195.1)
                  7004e6d8    00000008     logger.o (.rodata.str1.4633242734696342979.1)
                  7004e6e0    00000008     logger.o (.rodata.str1.8545315102583907144.1)
                  7004e6e8    00000008     logger.o (.rodata.str1.998270875404085501.1)
                  7004e6f0    00000007     logger.o (.rodata.str1.10127394157737690499.1)
                  7004e6f7    00000007     logger.o (.rodata.str1.10253156068257962407.1)
                  7004e6fe    00000007     logger.o (.rodata.str1.10289081750774512625.1)
                  7004e705    00000007     logger.o (.rodata.str1.12893940535876439382.1)
                  7004e70c    00000007     logger.o (.rodata.str1.14246187852812087945.1)
                  7004e713    00000007     logger.o (.rodata.str1.16946937258229686214.1)
                  7004e71a    00000007     logger.o (.rodata.str1.6452265960373237926.1)
                  7004e721    00000007     logger.o (.rodata.str1.9485715002722841782.1)
                  7004e728    00000006     libc.a : _scanfi.c.obj (.rodata._sproc_int.barr)
                  7004e72e    00000006     drivers.am263px.r5f.ti-arm-clang.release.lib : soc_rcm.obj (.rodata.str1.53743240983164125611)
                  7004e734    00000006     logger.o (.rodata.str1.9978879681667430888.1)
                  7004e73a    00000005     nortos.am263px.r5f.ti-arm-clang.release.lib : printf.obj (.rodata.str1.143852280595428356391)
                  7004e73f    00000005                                                 : printf.obj (.rodata.str1.23318557076440195721)
                  7004e744    00000005     logger.o (.rodata.str1.5950550609978457137.1)
                  7004e749    00000003     --HOLE-- [fill = 0]
                  7004e74c    00000004     nortos.am263px.r5f.ti-arm-clang.release.lib : CacheP_armv7r.obj (.rodata.gCacheL1dCacheLineSize)
                  7004e750    00000004                                                 : CacheP_armv7r.obj (.rodata.gCacheL1pCacheLineSize)
                  7004e754    00000004     logger.o (.rodata.str1.11268383079938446260.1)
                  7004e758    00000004     nortos.am263px.r5f.ti-arm-clang.release.lib : printf.obj (.rodata.str1.122320159353749299121)
                  7004e75c    00000004     logger.o (.rodata.str1.14780196379335289893.1)
                  7004e760    00000004     libc.a : _scanfi.c.obj (.rodata.str1.3403580589742030990.1)
                  7004e764    00000004     nortos.am263px.r5f.ti-arm-clang.release.lib : printf.obj (.rodata.str1.81101573233442303481)
                  7004e768    00000008     --HOLE-- [fill = 0]

.bss       0    7004e770    000023c8     UNINITIALIZED
                  7004e770    00000c80     (.common:logs)
                  7004f3f0    00000808     (.common:gHwiCtrl)
                  7004fbf8    00000770     ti_drivers_config.o (.bss.gMcspiObjects)
                  70050368    00000368     ti_drivers_config.o (.bss.gUartObjects)
                  700506d0    00000120     libsysbm.a : trgmsg.c.obj (.bss:_CIOBUF_)
                  700507f0    000000e8     ti_drivers_config.o (.bss.gEdmaObjects)
                  700508d8    000000c0     (.common:intr_objects)
                  70050998    000000a0     libc.a : defs.c.obj (.bss.__TI_tmpnams)
                  70050a38    00000090     (.common:gDebugShmLogReaderCtrl)
                  70050ac8    00000038     (.common:gClockCtrl)
                  70050b00    00000010     (.common:virtToPhymap)
                  70050b10    00000008     libsysbm.a : hostopen.c.obj (.bss.parmbuf)
                  70050b18    00000008     (.common:gMcspiHandle)
                  70050b20    00000004     nortos.am263px.r5f.ti-arm-clang.release.lib : HwiP_armv7r_vim.obj (.bss.gdummy)
                  70050b24    00000004     libc.a : memory.c.obj (.bss.sys_free)
                  70050b28    00000004     (.common:gEdmaHandle)
                  70050b2c    00000004     (.common:gUartHandle)
                  70050b30    00000002     PDMtesting.o (.bss.PDM_testing.user_input_test_number)
                  70050b32    00000006     --HOLE--

.sysmem    0    70050b38    00008000     UNINITIALIZED
                  70050b38    00000010     libc.a : memory.c.obj (.sysmem)
                  70050b48    00007ff0     --HOLE--

.stack     0    70058b38    00004000     UNINITIALIZED
                  70058b38    00000004     nortos.am263px.r5f.ti-arm-clang.release.lib : boot_armv7r_asm.obj (.stack)
                  70058b3c    00003ffc     --HOLE--

.text.hwi 
*          0    7005cb38    000008d8     
                  7005cb38    00000402     nortos.am263px.r5f.ti-arm-clang.release.lib : HwiP_armv7r_vim.obj (.text.hwi)
                  7005cf3a    000002dc                                                 : HwiP_armv7r_handlers_nortos.obj (.text.hwi)
                  7005d216    00000002     --HOLE-- [fill = 0]
                  7005d218    0000017c                                                 : HwiP_armv7r_handlers_nortos_asm.obj (.text.hwi)
                  7005d394    00000070                                                 : HwiP_armv7r_asm.obj (.text.hwi)
                  7005d404    00000008                                                 : HwiP_armv7r_asm.obj (.tramp.HwiP_enableFIQ.1)
                  7005d40c    00000004     --HOLE-- [fill = 0]

.text.cache 
*          0    7005d410    00000430     
                  7005d410    00000340     nortos.am263px.r5f.ti-arm-clang.release.lib : CacheP_armv7r_asm.obj (.text.cache)
                  7005d750    000000d8                                                 : CacheP_armv7r.obj (.text.cache)
                  7005d828    00000008                                                 : CacheP_armv7r_asm.obj (.tramp.CacheP_invL1d.1)
                  7005d830    00000008                                                 : CacheP_armv7r_asm.obj (.tramp.CacheP_enableL1p.1)
                  7005d838    00000008                                                 : HwiP_armv7r_asm.obj (.tramp.HwiP_restore.2)

.text.mpu 
*          0    7005d840    00000290     
                  7005d840    00000202     nortos.am263px.r5f.ti-arm-clang.release.lib : MpuP_armv7r.obj (.text.mpu)
                  7005da42    00000002     --HOLE-- [fill = 0]
                  7005da44    00000078                                                 : MpuP_armv7r_asm.obj (.text.mpu)
                  7005dabc    00000008                                                 : HwiP_armv7r_asm.obj (.tramp.HwiP_restore.3)
                  7005dac4    00000008                                                 : MpuP_armv7r_asm.obj (.tramp.MpuP_isEnableAsm.1)
                  7005dacc    00000004     --HOLE-- [fill = 0]

.text.boot 
*          0    7005dad0    00000190     
                  7005dad0    00000144     nortos.am263px.r5f.ti-arm-clang.release.lib : boot_armv7r_asm.obj (.text.boot)
                  7005dc14    0000001e                                                 : DebugP_log.obj (.text.boot)
                  7005dc32    0000001c                                                 : boot_armv7r.obj (.text.boot)
                  7005dc4e    0000000e     ti_dpl_config.o (.text.boot)
                  7005dc5c    00000004     --HOLE-- [fill = 0]

.text:abort 
*          0    7005dc60    00000008     
                  7005dc60    00000008     libc.a : exit.c.obj (.text:abort)

.data      0    7005dc68    00000718     
                  7005dc68    000000f0     libc.a : defs.c.obj (.data._ftable)
                  7005dd58    000000c8     ti_pinmux_config.o (.data.gPinMuxMainDomainCfg)
                  7005de20    0000009c     drivers.am263px.r5f.ti-arm-clang.release.lib : mcspi_v0.obj (.data.gMcspiDrvObj)
                  7005debc    0000009c                                                  : uart_v0.obj (.data.gUartDrvObj)
                  7005df58    00000088     ti_drivers_config.o (.data.gEdmaAttrs)
                  7005dfe0    00000078     libsysbm.a : host_device.c.obj (.data._device)
                  7005e058    00000060     board.o (.data.intr_pins)
                  7005e0b8    00000058     ti_drivers_open_close.o (.data.gUartParams)
                  7005e110    00000050     libsysbm.a : host_device.c.obj (.data._stream)
                  7005e160    00000048     ti_drivers_config.o (.data.gMcspiAttrs)
                  7005e1a8    00000040     ti_drivers_open_close.o (.data.gSpi0ChCfg)
                  7005e1e8    00000040     ti_drivers_open_close.o (.data.gSpi1ChCfg)
                  7005e228    00000030     ti_power_clock_config.o (.data.gSocModulesClockFrequency)
                  7005e258    00000028     ti_drivers_open_close.o (.data.gMcspiOpenParams)
                  7005e280    0000001c     ADS_adc.o (.data.ext_adc0)
                  7005e29c    0000001c     ADS_adc.o (.data.ext_adc1)
                  7005e2b8    00000018     ti_dpl_config.o (.data.gClockConfig)
                  7005e2d0    00000010     ti_drivers_config.o (.data.gMcspiConfig)
                  7005e2e0    00000010     ti_power_clock_config.o (.data.gSocModules)
                  7005e2f0    0000000c     nortos.am263px.r5f.ti-arm-clang.release.lib : AddrTranslateP_32bit.obj (.data.gAddrTranslateConfig)
                  7005e2fc    00000008     libc.a : exit.c.obj (.data..L_MergedGlobals)
                  7005e304    00000008     ti_drivers_open_close.o (.data.gConfigMcspiChCfg)
                  7005e30c    00000008     ti_drivers_config.o (.data.gEdmaConfig)
                  7005e314    00000008     ti_drivers_open_close.o (.data.gEdmaParams)
                  7005e31c    00000008     ti_drivers_open_close.o (.data.gMcspiDmaChConfig)
                  7005e324    00000008     ti_drivers_config.o (.data.gMcspiNumCh)
                  7005e32c    00000008     ti_drivers_config.o (.data.gUartAttrs)
                  7005e334    00000008     ti_drivers_config.o (.data.gUartConfig)
                  7005e33c    00000004     libc.a : defs.c.obj (.data.__TI_ft_end)
                  7005e340    00000008     nortos.am263px.r5f.ti-arm-clang.release.lib : PmuP_armv7r.obj (.data.pmu)
                  7005e348    00000004     libc.a : aeabi_portable.c.obj (.data.__aeabi_errno)
                  7005e34c    00000004            : _lock.c.obj (.data._lock)
                  7005e350    00000004            : _lock.c.obj (.data._unlock)
                  7005e354    00000004     nortos.am263px.r5f.ti-arm-clang.release.lib : DebugP_log.obj (.data.gDebugLogZone)
                  7005e358    00000004                                                 : DebugP_uartLogWriter.obj (.data.gDebugP_uartDrvIndex)
                  7005e35c    00000004     ti_drivers_config.o (.data.gEdmaConfigNum)
                  7005e360    00000004     ti_dpl_config.o (.data.gHwiConfig)
                  7005e364    00000004     ti_drivers_config.o (.data.gMcspiConfigNum)
                  7005e368    00000004     ti_drivers_config.o (.data.gUartConfigNum)
                  7005e36c    00000004     ti_drivers_open_close.o (.data.gUartDmaChConfig)
                  7005e370    00000004     board.o (.data.test)
                  7005e374    00000002     logger.o (.data.last_printed_index)
                  7005e376    00000002     logger.o (.data.logs_length)
                  7005e378    00000001     drivers.am263px.r5f.ti-arm-clang.release.lib : soc.obj (.data.isMapAvailable)
                  7005e379    00000003     --HOLE-- [fill = 0]
                  7005e37c    00000001     libc.a : memory.c.obj (.data.memory_is_initialized)
                  7005e37d    00000003     --HOLE-- [fill = 0]

.irqstack 
*          0    7005e380    00000100     UNINITIALIZED
                  7005e380    00000100     --HOLE--

.fiqstack 
*          0    7005e480    00000100     UNINITIALIZED
                  7005e480    00000100     --HOLE--

.svcstack 
*          0    7005e580    00001000     UNINITIALIZED
                  7005e580    00001000     --HOLE--

.abortstack 
*          0    7005f580    00000100     UNINITIALIZED
                  7005f580    00000100     --HOLE--

.undefinedstack 
*          0    7005f680    00000100     UNINITIALIZED
                  7005f680    00000100     --HOLE--

.init_array 
*          0    70040000    00000000     UNINITIALIZED

.bss.log_shared_mem 
*          0    701d4000    00002000     NOLOAD SECTION
                  701d4000    00002000     ti_dpl_config.o (.bss.log_shared_mem)

MODULE SUMMARY

       Module                                code    ro data   rw data
       ------                                ----    -------   -------
    .\
       PDMtesting.o                          240     79        3202   
       testing.o                             932     1980      0      
       board.o                               838     544       292    
       logger.o                              456     427       4      
       ADS_adc.o                             302     23        56     
       int_adc.o                             314     0         0      
       main.o                                28      0         0      
    +--+-------------------------------------+-------+---------+---------+
       Total:                                3110    3053      3554   
                                                                      
    .\syscfg\
       ti_dpl_config.o                       118     116       8220   
       ti_drivers_config.o                   762     0         3276   
       ti_drivers_open_close.o               2304    812       300    
       ti_power_clock_config.o               180     0         64     
       ti_pinmux_config.o                    14      0         200    
       ti_board_config.o                     4       0         0      
       ti_board_open_close.o                 4       0         0      
    +--+-------------------------------------+-------+---------+---------+
       Total:                                3386    928       12060  
                                                                      
    C:/Users/carim/Desktop/mcu_plus_sdk_am263px_10_02_00_15__all/mcu_plus_sdk_am263px_10_02_00_15/source/drivers/lib/drivers.am263px.r5f.ti-arm-clang.release.lib
       edma.obj                              5042    430       0      
       mcspi_v0_lld.obj                      4570    116       0      
       uart_v0_lld.obj                       3632    32        0      
       soc_rcm.obj                           2454    443       0      
       uart_v0.obj                           2024    209       156    
       mcspi_v0.obj                          1592    299       156    
       mcspi_dma_edma.obj                    1960    0         0      
       uart_dma_edma.obj                     1340    0         0      
       soc.obj                               906     52        17     
       adc.obj                               154     134       0      
       gpio.obj                              162     0         0      
       pinmux.obj                            64      0         0      
    +--+-------------------------------------+-------+---------+---------+
       Total:                                23900   1715      329    
                                                                      
    C:/Users/carim/Desktop/mcu_plus_sdk_am263px_10_02_00_15__all/mcu_plus_sdk_am263px_10_02_00_15/source/kernel/nortos/lib/nortos.am263px.r5f.ti-arm-clang.release.lib
       printf.obj                            4052    98        0      
       HwiP_armv7r_vim.obj                   1026    0         2060   
[...]
70045158  strtol                             
70045350  strtoul                            
7004553d  MCSPI_lld_controllerIsr            
70045725  GPIO_init                          
70045907  Board_init                         
70045908  __aeabi_uidiv                      
70045908  __udivsi3                          
70045ad9  MCSPI_lld_dmaChInit                
70045e40  free                               
70045fe8  aligned_alloc                      
70045fe8  memalign                           
7004618d  UART_lld_dmaInit                   
70046321  MCSPI_transfer                     
700464b1  EDMA_open                          
70046615  EDMA_deinit                        
70046775  ClockP_getTimerCount               
70046778  ldexp                              
70046778  ldexpl                             
70046778  scalbn                             
70046778  scalbnl                            
700468c9  UART_lld_dmaDeInit                 
70046a17  MCSPI_lld_dmaDeInit                
70046b63  DebugP_shmLogReaderTaskCreate      
70046b64  setvbuf                            
70046ca9  TimerP_setupPriv                   
70046de9  SOC_virtToPhy                      
70046f25  UART_close                         
7004705d  MCSPI_lld_readWrite                
700472c3  MCSPI_lld_readWriteIntr            
700473df  UART_lld_controllerIsr             
70047610  __udivmoddi4                       
70047729  SOC_rcmGetPeripheralClockFrequency 
7004783d  UART_lld_write                     
7004794b  init_gpio                          
70047b5d  UART_read                          
70047d6b  ClockP_init                        
70047e6f  Dpl_deinit                         
70047e71  UART_lld_dmaWrite                  
70047f75  MCSPI_close                        
70048075  UART_write                         
70048171  MCSPI_lld_initDma                  
70048265  PDM_testing                        
70048354  fputc                              
7004852b  MCSPI_lld_readWriteDma             
70048611  read_int_ADC                       
700486f7  GPIO_bankIsrFxn                    
700488a1  print_log                          
70048973  SemaphoreP_destruct                
70048975  EDMA_unregisterIntr                
70048a45  GPIO_deinit                        
70048b15  UART_lld_initDma                   
70048be0  getdevice                          
70048ca9  MCSPI_lld_init                     
70048d6d  UART_lld_init                      
70048e2d  EDMA_registerIntr                  
70048ee8  fseeko                             
70048f9c  __TI_closefile                     
70049255  DebugP_readLine                    
700493a3  UART_lld_read                      
700494ef  init_global_interrupts             
70049639  EDMA_freeDmaChannel                
700496d9  EDMA_freeParam                     
70049779  EDMA_freeTcc                       
70049818  HOSTrename                         
700498b9  UART_lld_dmaRead                   
70049959  UART_lld_readIntr                  
700499f4  __TI_wrt_ok                        
70049a90  HOSTlseek                          
70049b29  SemaphoreP_pend                    
70049bbf  EDMA_configureChannelRegion        
70049c53  TaskP_yield                        
70049c54  HOSTopen                           
70049ce9  UART_lld_readWithCounter           
70049e0d  SPI_ReadWrite                      
70049f29  Drivers_open                       
70049fb5  MCSPI_lld_peripheralIsr            
7004a040  close                              
7004a0cd  ADC_setPPBTripLimits               
7004a155  UART_init                          
7004a1dd  UART_procLineStatusErr             
7004a264  __TI_doflush                       
7004a2ec  HOSTread                           
7004a370  HOSTwrite                          
7004a479  EDMA_close                         
7004a4f9  UART_flushTxFifo                   
7004a579  Drivers_mcspiOpen                  
7004a6f3  MCSPI_initiateLastChunkTransfer    
7004a76d  MCSPI_init                         
7004a8cd  MCSPI_stop                         
7004a93f  MCSPI_lld_dmaStop                  
7004a9af  EDMA_disableTransferRegion         
7004aa1d  EDMA_enableTransferRegion          
7004aa8c  HOSTunlink                         
7004aaf9  UART_lld_writeDma                  
7004ab65  UART_lld_readDma                   
7004abcd  UART_lld_writeIntr                 
7004ac34  atoi                               
7004ac9d  digitalWrite                       
7004ad05  CycleCounterP_init                 
7004ad15  CycleCounterP_reset                
7004ad39  CycleCounterP_nsToTicks            
7004ad65  CycleCounterP_enableUserAccess     
7004ad6d  SOC_controlModuleUnlockMMR         
7004add1  add_log                            
7004ae34  HOSTclose                          
7004ae95  ClockP_timerTickIsr                
7004aef3  MCSPI_setChDataSize                
7004af51  GPIO_setTrigType                   
7004b009  SOC_controlModuleLockMMR           
7004b065  _DebugP_assert                     
7004b118  __TI_cleanup                       
7004b170  __TI_readmsg                       
7004b1c8  __TI_writemsg                      
7004b214  C$$IO$$                            
7004b221  init_interrupt                     
7004b279  print_pending_logs                 
7004b2d1  ClockP_getTimeUsec                 
7004b327  UART_intrDisable                   
7004b37d  UART_readCancelNoCB                
7004b3d3  UART_writeCancelNoCB               
7004b429  Dpl_init                           
7004b47c  exit                               
7004b4d0  finddevice                         
7004b524  __TI_auto_init_nobinit_nopinit     
7004b579  AddrTranslateP_getLocalAddr        
7004b5cb  MCSPI_lld_deInitDma                
7004b61d  ClockP_construct                   
7004b66d  EDMA_allocDmaChannel               
7004b6bd  EDMA_allocParam                    
7004b70d  EDMA_allocTcc                      
7004b7ab  Drivers_edmaOpen                   
7004b7f9  Drivers_uartOpen                   
7004b847  EDMA_disableChInShadowRegRegion    
7004b895  MCSPI_transferCallback             
7004b92d  SOC_enableAdcReferenceMonitor      
7004b979  SOC_enableAdcGlobalForce           
7004b9c1  SOC_enableAdcInternalReference     
7004ba50  unlink                             
7004bae1  SOC_getAdcReferenceStatus          
7004bb25  UART_Params_init                   
7004bb69  UART_lld_deInitDma                 
7004bbad  ClockP_stop                        
7004bbed  EDMA_mapChToEvtQ                   
7004bc2d  Pinmux_config                      
7004bc6d  SemaphoreP_constructBinary         
7004bcad  UART_lld_deInit                    
7004bd2d  SemaphoreP_constructMutex          
7004bd6d  EDMA_getBaseAddr                   
7004bde5  ClockP_destruct                    
7004be1f  DebugP_uartLogWriterPutChar        
7004be59  Module_clockSetFrequency           
7004be93  UART_lld_flushTxFifo               
7004bf05  _DebugP_logZone                    
7004bf3c  CycleCounterP_getCount32           
7004bf44  PmuP_setup                         
7004bf4c  PmuP_enableCounters                
7004bf54  PmuP_disableCounters               
7004bf5c  PmuP_getOverflowStatus             
7004bf64  PmuP_clearOverflowStatus           
7004bf6c  PmuP_setUserEnable                 
7004bf75  EDMA_clrMissEvtRegion              
7004bfab  ClockP_start                       
7004bfdf  MCSPI_errorCallback                
7004c013  Module_clockDisable                
7004c047  Module_clockEnable                 
7004c07d  SOC_enableAdcDacLoopback           
7004c118  lseek                              
7004c14c  write                              
7004c181  ClockP_usleep                      
7004c1b3  EDMA_unmapChToEvtQ                 
7004c1e5  SemaphoreP_post                    
7004c217  DebugP_scanf                       
7004c279  adc_to_current_LM74930             
7004c2a9  EDMA_enableChInShadowRegRegion     
7004c305  DebugP_shmLogReaderInit            
7004c331  SOC_rcmGetR5Clock                  
7004c35d  UART_getHandle                     
7004c389  adc_to_current_HSS_MB              
7004c3b5  adc_to_current_TPS                 
7004c3e0  vsscanf                            
7004c40d  System_init                        
7004c45f  GPIO_setDirMode                    
7004c4b1  SOC_moduleSetClockFrequency        
7004c4d9  read_ext_ADC                       
7004c501  ClockP_sleep                       
7004c527  EDMA_setPaRAM                      
7004c54d  UART_lld_dmaDisableChannel         
7004c604  __aeabi_uldivmod                   
7004c629  int_adc_to_voltage                 
7004c64d  vprintf_                           
7004c671  EDMA_linkChannel                   
7004c6b5  print_logs                         
7004c6d7  DebugP_logZoneEnable               
7004c717  TimerP_Params_initPriv             
7004c737  UART_getChar                       
7004c759  ext_adc_to_voltage                 
7004c779  System_deinit                      
7004c797  UART_spaceAvail                    
7004c80b  MCSPI_lld_deInit                   
7004c829  SOC_rcmIsR5FInLockStepMode         
7004c861  main                               
7004c8b4  TI_memcpy_small                    
7004c8d1  CSL_armR5GetCpuID                  
7004c8eb  EDMA_readEventStatusRegion         
7004c921  MCSPI_deinit                       
7004c939  MCSPI_lld_dmaInit                  
7004c951  TimerP_getCountPriv                
7004c969  UART_deinit                        
7004c981  clear_logs                         
7004c998  TI_memset_small                    
7004c9b1  MCSPI_reset                        
7004c9c7  UART_IsTxRxFifoEmpty               
7004c9dd  UART_getIntrIdentityStatus         
7004ca09  EDMA_getRegionId                   
7004ca1d  UART_Transaction_init              
7004ca45  ADC_setMode                        
7004ca69  UART_operatingModeSelect           
7004ca7b  UART_readLineStatus                
7004ca8d  putchar_                           
7004ca9f  GPIO_bankIntrDisable               
7004caaf  UART_intr2Disable                  
7004cac0  __aeabi_memset                     
7004cac0  __aeabi_memset4                    
7004cac0  __aeabi_memset8                    
7004cae0  putchar                            
7004caf1  EDMA_ccPaRAMEntry_init             
7004caff  GPIO_bankIntrEnable                
7004cb0d  Pinmux_init                        
7004cb1b  PowerClock_init                    
7004cb29  ClockP_getTicks                    
7004cb35  DebugP_uartSetDrvIndex             
7004cb41  EDMA_isInitialized                 
7004cb4d  SOC_getSelfCpuClk                  
7004cb58  __aeabi_errno_addr                 
7004cb64  __aeabi_memclr                     
7004cb64  __aeabi_memclr4                    
7004cb64  __aeabi_memclr8                    
7004cb70  malloc                             
7004cb7d  ClockP_timerClearOverflowInt       
7004cb8c  CSL_armR5ReadMpidrReg              
7004cb99  ClockP_Params_init                 
7004cba3  ClockP_isActive                    
7004cbad  TimerP_getReloadCountPriv          
7004cbb7  TimerP_startPriv                   
7004cbc1  UART_lld_Transaction_deInit        
7004cbcc  C$$EXIT                            
7004cbcc  HOSTexit                           
7004cbd5  TimerP_clearOverflowIntPriv        
7004cbe5  EDMA_isInterruptEnabled            
7004cbeb  SOC_moduleClockEnable              
7004cbf7  PowerClock_deinit                  
7004cbfb  TimerP_Params_init                 
7004cbff  TimerP_clearOverflowInt            
7004cc03  TimerP_getCount                    
7004cc07  TimerP_getReloadCount              
7004cc0b  TimerP_setup                       
7004cc0f  TimerP_start                       
7004cc14  __aeabi_idiv0                      
7004cc18  __aeabi_ldiv0                      
7004cc1c  __aeabi_memcpy                     
7004cc1c  __aeabi_memcpy4                    
7004cc1c  __aeabi_memcpy8                    
7004cc20  _nop                               
7004cc24  fseek                              
7004cc28  remove                             
7004cc60  test_results                       
7004d110  __aeabi_ctype_table_               
7004d110  __aeabi_ctype_table_C              
7004d211  test_cases                         
7004d3a4  gCacheConfig                       
7004d3ac  gMpuConfig                         
7004d3b8  gMpuRegionConfig                   
7004d4c0  gADPLLJConfigTbl                   
7004e124  gPeripheralClkSrcInfoMap           
7004e74c  gCacheL1dCacheLineSize             
7004e750  gCacheL1pCacheLineSize             
7004e770  __BSS_START                        
7004e770  logs                               
7004f3f0  gHwiCtrl                           
700506d0  _CIOBUF_                           
700506d0  __CIOBUF_                          
700508d8  intr_objects                       
70050998  __TI_tmpnams                       
70050a38  gDebugShmLogReaderCtrl             
70050ac8  gClockCtrl                         
70050b00  virtToPhymap                       
70050b10  parmbuf                            
70050b18  gMcspiHandle                       
70050b28  gEdmaHandle                        
70050b2c  gUartHandle                        
70050b38  __BSS_END                          
70050b38  _sys_memory                        
70058b38  __stack                            
7005cb38  __STACK_END                        
7005cb39  HwiP_enableInt                     
7005cb61  HwiP_disableInt                    
7005cb93  HwiP_restoreInt                    
7005cbe9  HwiP_clearInt                      
7005cc09  HwiP_post                          
7005cc31  HwiP_Params_init                   
7005cc43  HwiP_construct                     
7005cd8b  HwiP_destruct                      
7005ce5d  HwiP_init                          
7005cf1f  HwiP_inISR                         
7005cf3b  HwiP_irq_handler_c                 
7005cfbf  HwiP_fiq_handler                   
7005d06f  HwiP_reserved_handler              
7005d09d  HwiP_undefined_handler_c           
7005d0bb  HwiP_user_undefined_handler_c      
7005d0cf  HwiP_svc_handler                   
7005d0fd  HwiP_prefetch_abort_handler_c      
7005d177  HwiP_user_prefetch_abort_handler_c 
7005d187  HwiP_data_abort_handler_c          
7005d207  HwiP_user_data_abort_handler_c     
7005d218  HwiP_irq_handler                   
7005d28c  HwiP_data_abort_handler            
7005d2d0  HwiP_prefetch_abort_handler        
7005d31c  HwiP_undefined_handler             
7005d34c  GET_DFSR                           
7005d354  GET_ADFSR                          
7005d35c  GET_DFAR                           
7005d364  GET_IFSR                           
7005d36c  GET_AIFSR                          
7005d374  GET_IFAR                           
7005d37c  GET_SPSR                           
7005d394  HwiP_disable                       
7005d3a4  HwiP_disableFIQ                    
7005d3b4  HwiP_enable                        
7005d3c4  HwiP_enableFIQ                     
7005d3d4  HwiP_restore                       
7005d3dc  HwiP_enableVIC                     
7005d3ec  HwiP_disableVIC                    
7005d3fc  HwiP_getCPSR                       
7005d410  CacheP_disableL1d                  
7005d438  CacheP_disableL1p                  
7005d450  CacheP_enableL1d                   
7005d468  CacheP_enableL1p                   
7005d480  CacheP_invL1d                      
7005d4b8  CacheP_invL1p                      
7005d4f4  CacheP_invL1dAll                   
7005d4fc  CacheP_invL1pAll                   
7005d504  CacheP_wb                          
7005d540  CacheP_wbInv                       
7005d57c  CacheP_wbAll                       
7005d624  CacheP_wbInvAll                    
7005d63c  CacheP_wbInvAllAsm                 
7005d6dc  CacheP_getEnabled                  
7005d714  CacheP_getCacheLevelInfo           
7005d720  CacheP_configForceWrThru           
7005d740  CacheP_setDLFO                     
7005d751  CacheP_init                        
7005d7a9  CacheP_disable                     
7005d7e3  CacheP_enable                      
7005d803  CacheP_inv                         
7005d841  MpuP_getAttrs                      
7005d881  MpuP_RegionAttrs_init              
7005d88f  MpuP_setRegion                     
7005d909  MpuP_isEnable                      
7005d90d  MpuP_disable                       
7005d93f  MpuP_enable                        
7005d97b  MpuP_init                          
7005d9dd  MpuP_isUserAuthorizedToAccessMemory
7005da44  MpuP_disableAsm                    
7005da5c  MpuP_disableBRAsm                  
7005da6c  MpuP_enableAsm                     
7005da84  MpuP_enableBRAsm                   
7005da94  MpuP_isEnableAsm                   
7005daa8  MpuP_setRegionAsm                  
7005dad0  _c_int00_sbl                       
7005daf4  _c_int00                           
7005dc15  _DebugP_assertNoLog                
7005dc33  _system_pre_init                   
7005dc4f  __mpu_init                         
7005dc60  abort                              
7005dc68  _ftable                            
7005dc68  gMcspiDmaHandle                    
7005dc68  gUartDmaHandle                     
7005dfe0  _device                            
7005e058  intr_pins                          
7005e0b8  gUartParams                        
7005e110  _stream                            
7005e1a8  gSpi0ChCfg                         
7005e1e8  gSpi1ChCfg                         
7005e228  gSocModulesClockFrequency          
7005e258  gMcspiOpenParams                   
7005e280  ext_adc0                           
7005e29c  ext_adc1                           
7005e2b8  gClockConfig                       
7005e2d0  gMcspiConfig                       
7005e2e0  gSocModules                        
7005e2f0  gAddrTranslateConfig               
7005e2fc  __TI_cleanup_ptr                   
7005e300  __TI_dtors_ptr                     
7005e304  gConfigMcspiChCfg                  
7005e30c  gEdmaConfig                        
7005e314  gEdmaParams                        
7005e31c  gMcspiDmaChConfig                  
7005e324  gMcspiNumCh                        
7005e334  gUartConfig                        
7005e33c  __TI_ft_end                        
7005e348  __aeabi_errno                      
7005e34c  _lock                              
7005e350  _unlock                            
7005e354  gDebugLogZone                      
7005e358  gDebugP_uartDrvIndex               
7005e35c  gEdmaConfigNum                     
7005e360  gHwiConfig                         
7005e364  gMcspiConfigNum                    
7005e368  gUartConfigNum                     
7005e36c  gUartDmaChConfig                   
7005e370  test                               
7005e376  logs_length                        
7005e378  isMapAvailable                     
7005e380  __IRQ_STACK_START                  
7005e480  __FIQ_STACK_START                  
7005e480  __IRQ_STACK_END                    
7005e580  __FIQ_STACK_END                    
7005e580  __SVC_STACK_START                  
7005f580  __ABORT_STACK_START                
7005f580  __SVC_STACK_END                    
7005f680  __ABORT_STACK_END                  
7005f680  __UNDEFINED_STACK_START            
7005f780  __UNDEFINED_STACK_END              
701d4000  gDebugShmLog                       
ffffffff  __TI_pprof_out_hndl                
ffffffff  __TI_prof_data_size                
ffffffff  __TI_prof_data_start               
ffffffff  __binit__                          
ffffffff  binit                              
UNDEFED   __TI_CINIT_Base                    
UNDEFED   __TI_CINIT_Limit                   
UNDEFED   __TI_Handler_Table_Base            
UNDEFED   __TI_Handler_Table_Limit           
UNDEFED   _system_post_cinit                 

[470 symbols]
