******************************************************************************
            TI ARM Clang Linker PC v4.0.2                      
******************************************************************************
>> Linked Thu Jul  3 10:58:01 2025

OUTPUT FILE NAME:   <second_stage_PDM_testing.out>
ENTRY POINT SYMBOL: "_vectors"  address: 00000000


MEMORY CONFIGURATION

         name            origin    length      used     unused   attr    fill
----------------------  --------  ---------  --------  --------  ----  --------
  R5F_VECS              00000000   00000040  00000040  00000000  RWIX
  R5F_TCMA              00000040   00007fc0  00000000  00007fc0  RWIX
  R5F_TCMB              00080000   00008000  00000000  00008000  RWIX
  MAILBOX_HSM           44000000   000003ce  00000000  000003ce  RWIX
  MAILBOX_R5F           44000400   000003ce  00000000  000003ce  RWIX
  FLASH                 60100000   00080000  00000000  00080000  RWIX
  SBL                   70000000   00040000  00000000  00040000  RWIX
  OCRAM                 70040000   00040000  00022ac0  0001d540  RWIX
  USER_SHM_MEM          701d0000   00004000  00000000  00004000  RWIX
  LOG_SHM_MEM           701d4000   00004000  00002000  00002000  RWIX
  RTOS_NORTOS_IPC_SHM_M 72000000   00003e80  00000000  00003e80  RWIX


SEGMENT ALLOCATION MAP

run origin  load origin   length   init length attrs members
----------  ----------- ---------- ----------- ----- -------
00000000    00000000    00000040   00000040    r-x
  00000000    00000000    00000040   00000040    r-x .vectors
70040000    70040000    000111f0   000111f0    r-x
  70040000    70040000    0000eb00   0000eb00    r-x .text
  7004eb00    7004eb00    000026f0   000026f0    r-- .rodata
700511f0    700511f0    0000eaf8   00000000    rw-
  700511f0    700511f0    00002af8   00000000    rw- .bss
  70053ce8    70053ce8    00008000   00000000    rw- .sysmem
  7005bce8    7005bce8    00004000   00000000    rw- .stack
7005fce8    7005fce8    00001130   00001130    r-x
  7005fce8    7005fce8    000008d8   000008d8    r-x .text.hwi
  700605c0    700605c0    00000430   00000430    r-x .text.cache
  700609f0    700609f0    00000290   00000290    r-x .text.mpu
  70060c80    70060c80    00000190   00000190    r-x .text.boot
  70060e10    70060e10    00000008   00000008    r-x .text:abort
70060e18    70060e18    00001ca8   000008a8    rw-
  70060e18    70060e18    000008a8   000008a8    rw- .data
  700616c0    700616c0    00000100   00000000    rw- .irqstack
  700617c0    700617c0    00000100   00000000    rw- .fiqstack
  700618c0    700618c0    00001000   00000000    rw- .svcstack
  700628c0    700628c0    00000100   00000000    rw- .abortstack
  700629c0    700629c0    00000100   00000000    rw- .undefinedstack


SECTION ALLOCATION MAP

 output                                  attributes/
section   page    origin      length       input sections
--------  ----  ----------  ----------   ----------------
.vectors   0    00000000    00000040     
                  00000000    00000040     nortos.am263px.r5f.ti-arm-clang.release.lib : HwiP_armv7r_vectors_nortos_asm.obj (.vectors)

.text      0    70040000    0000eb00     
                  70040000    00001328     libc.a : _scanfi.c.obj (.text.__TI_scanfi)
                  70041328    00000756     ti_drivers_open_close.o (.text.Drivers_adcOpen)
                  70041a7e    00000002     ti_board_config.o (.text.Board_deinit)
                  70041a80    00000580     nortos.am263px.r5f.ti-arm-clang.release.lib : printf.obj (.text._vsnprintf)
                  70042000    000004d4     libc.a : strtod.c.obj (.text.strtod)
                  700424d4    000004cc     drivers.am263px.r5f.ti-arm-clang.release.lib : soc_rcm.obj (.text.SOC_rcmEnablePeripheralClock)
                  700429a0    00000444                                                  : i2c_v1_lld.obj (.text.I2C_lld_primeTransferPoll)
                  70042de4    00000004     nortos.am263px.r5f.ti-arm-clang.release.lib : ClockP_nortos_r5.obj (.text.ClockP_getTimerCount)
                  70042de8    00000400                                                 : printf.obj (.text._ftoa)
                  700431e8    000003b8     testing.o (.text.conduct_test)
                  700435a0    00000390     libc.a : strcmp32.S.obj (.text:strcmp)
                  70043930    00000310     nortos.am263px.r5f.ti-arm-clang.release.lib : printf.obj (.text._etoa)
                  70043c40    000002a8     drivers.am263px.r5f.ti-arm-clang.release.lib : uart_v0.obj (.text.UART_open)
                  70043ee8    00000298                                                  : mcspi_v0.obj (.text.MCSPI_open)
                  70044180    0000027c                                                  : edma.obj (.text.EDMA_init)
                  700443fc    0000027c     libc.a : strtoll.c.obj (.text.strtoll)
                  70044678    00000250     drivers.am263px.r5f.ti-arm-clang.release.lib : soc_rcm.obj (.text.SOC_rcmSetPeripheralClock)
                  700448c8    00000248     libc.a : strtoull.c.obj (.text.strtoull)
                  70044b10    0000023c     drivers.am263px.r5f.ti-arm-clang.release.lib : uart_v0_lld.obj (.text.UART_configInstance)
                  70044d4c    00000230                                                  : mcspi_dma_edma.obj (.text.MCSPI_lld_dmaTransfer)
                  70044f7c    00000210                                                  : i2c_v1.obj (.text.I2C_open)
                  7004518c    0000020c                                                  : edma.obj (.text.EDMA_errorIsrFxn)
                  70045398    0000020c                                                  : mcspi_v0_lld.obj (.text.MCSPI_transferControllerPoll)
                  700455a4    00000204                                                  : edma.obj (.text.EDMA_freeChannelRegion)
                  700457a8    000001fe     ti_drivers_config.o (.text.GPIO_init)
                  700459a6    00000002     ti_board_config.o (.text.Board_init)
                  700459a8    000001f8     libc.a : strtol.c.obj (.text.strtol)
                  70045ba0    000001ec            : strtoul.c.obj (.text.strtoul)
                  70045d8c    000001e8     drivers.am263px.r5f.ti-arm-clang.release.lib : mcspi_v0_lld.obj (.text.MCSPI_lld_controllerIsr)
                  70045f74    000001d0     libclang_rt.builtins.a : udivsi3.S.obj (.text.__udivsi3)
                  70046144    000001c0     drivers.am263px.r5f.ti-arm-clang.release.lib : mcspi_dma_edma.obj (.text.MCSPI_lld_dmaChInit)
                  70046304    000001b4                                                  : i2c_v1_lld.obj (.text.I2C_lld_targetIsr)
                  700464b8    000001ae                                                  : i2c_v1_lld.obj (.text.I2C_lld_controllerIsr)
                  70046666    00000002     nortos.am263px.r5f.ti-arm-clang.release.lib : DebugP_nortos.obj (.text.DebugP_shmLogReaderTaskCreate)
                  70046668    000001a8     drivers.am263px.r5f.ti-arm-clang.release.lib : mcspi_v0_lld.obj (.text.MCSPI_lld_chConfig)
                  70046810    000001a8     libc.a : memory.c.obj (.text.free)
                  700469b8    000001a4            : memory.c.obj (.text.aligned_alloc)
                  70046b5c    00000194     drivers.am263px.r5f.ti-arm-clang.release.lib : uart_dma_edma.obj (.text.UART_lld_dmaInit)
                  70046cf0    00000190                                                  : mcspi_v0.obj (.text.MCSPI_transfer)
                  70046e80    00000188     BQ25751.o (.text.BQ25751_manual_register_write)
                  70047008    00000188     drivers.am263px.r5f.ti-arm-clang.release.lib : i2c_v1.obj (.text.I2C_transfer)
                  70047190    00000164                                                  : edma.obj (.text.EDMA_open)
                  700472f4    00000160                                                  : edma.obj (.text.EDMA_deinit)
                  70047454    00000004     nortos.am263px.r5f.ti-arm-clang.release.lib : ClockP_nortos_r5.obj (.text.ClockP_timerClearOverflowInt)
                  70047458    00000150     libc.a : s_scalbn.c.obj (.text.scalbn)
                  700475a8    0000014e     drivers.am263px.r5f.ti-arm-clang.release.lib : uart_dma_edma.obj (.text.UART_lld_dmaDeInit)
                  700476f6    0000014c                                                  : mcspi_dma_edma.obj (.text.MCSPI_lld_dmaDeInit)
                  70047842    00000002     ti_dpl_config.o (.text.Dpl_deinit)
                  70047844    00000144     libc.a : setvbuf.c.obj (.text.setvbuf)
                  70047988    00000140     nortos.am263px.r5f.ti-arm-clang.release.lib : TimerP_rti_priv.obj (.text.TimerP_setupPriv)
                  70047ac8    0000013c     drivers.am263px.r5f.ti-arm-clang.release.lib : soc.obj (.text.SOC_virtToPhy)
                  70047c04    00000138                                                  : uart_v0.obj (.text.UART_close)
                  70047d3c    00000134                                                  : mcspi_v0_lld.obj (.text.MCSPI_lld_readWrite)
                  70047e70    00000132     BQ25751.o (.text.BQ25751_manual_register_read)
                  70047fa2    00000132     nortos.am263px.r5f.ti-arm-clang.release.lib : printf.obj (.text._ntoa_format)
                  700480d4    00000126     int_adc.o (.text.read_int_ADC)
                  700481fa    00000120     board.o (.text.GPIO_bankIsrFxn)
                  7004831a    0000011c     drivers.am263px.r5f.ti-arm-clang.release.lib : mcspi_v0_lld.obj (.text.MCSPI_lld_readWriteIntr)
                  70048436    0000011a                                                  : uart_v0_lld.obj (.text.UART_lld_controllerIsr)
                  70048550    00000118                                                  : edma.obj (.text.Alloc_resource)
                  70048668    00000118     libclang_rt.builtins.a : udivmoddi4.S.obj (.text)
                  70048780    00000116     PDMtesting.o (.text.PDM_testing)
                  70048896    00000114     ti_drivers_config.o (.text.GPIO_deinit)
                  700489aa    00000002     nortos.am263px.r5f.ti-arm-clang.release.lib : SemaphoreP_nortos.obj (.text.SemaphoreP_destruct)
                  700489ac    00000114     drivers.am263px.r5f.ti-arm-clang.release.lib : soc_rcm.obj (.text.SOC_rcmGetPeripheralClockFrequency)
                  70048ac0    0000010e                                                  : uart_v0_lld.obj (.text.UART_lld_write)
                  70048bce    0000010a     BQ25751.o (.text.BQ25751_run_test_mode)
                  70048cd8    00000108     drivers.am263px.r5f.ti-arm-clang.release.lib : edma.obj (.text.EDMA_transferCompletionMasterIsrFxn)
                  70048de0    00000108                                                  : uart_v0.obj (.text.UART_read)
                  70048ee8    00000106                                                  : mcspi_v0_lld.obj (.text.MCSPI_continuePeripheralTxRx)
                  70048fee    00000104     nortos.am263px.r5f.ti-arm-clang.release.lib : ClockP_nortos_r5.obj (.text.ClockP_init)
                  700490f2    00000002                                                 : TaskP_nortos.obj (.text.TaskP_yield)
                  700490f4    00000104     drivers.am263px.r5f.ti-arm-clang.release.lib : uart_dma_edma.obj (.text.UART_lld_dmaWrite)
                  700491f8    00000100                                                  : mcspi_v0.obj (.text.MCSPI_close)
                  700492f8    000000fc                                                  : uart_v0.obj (.text.UART_write)
                  700493f4    000000f4                                                  : mcspi_v0_lld.obj (.text.MCSPI_lld_initDma)
                  700494e8    000000f0     libc.a : fputc.c.obj (.text.fputc)
                  700495d8    000000e6     drivers.am263px.r5f.ti-arm-clang.release.lib : mcspi_dma_edma.obj (.text.MCSPI_edmaIsrTx)
                  700496be    000000e6                                                  : mcspi_v0_lld.obj (.text.MCSPI_lld_readWriteDma)
                  700497a4    000000d6     board.o (.text.init_global_interrupts)
                  7004987a    000000d6     board.o (.text.init_gpio)
                  70049950    000000d4     libc.a : sscanf.c.obj (.text._chkmbc)
                  70049a24    000000d4     logger.o (.text.print_log)
                  70049af8    000000d0     drivers.am263px.r5f.ti-arm-clang.release.lib : edma.obj (.text.EDMA_unregisterIntr)
                  70049bc8    000000cc                                                  : uart_v0_lld.obj (.text.UART_lld_initDma)
                  70049c94    000000c8     libc.a : getdevice.c.obj (.text.getdevice)
                  70049d5c    000000c4     drivers.am263px.r5f.ti-arm-clang.release.lib : i2c_v1_lld.obj (.text.I2C_lld_mem_write)
                  70049e20    000000c4                                                  : i2c_v1_lld.obj (.text.I2C_lld_primeTransferIntr)
                  70049ee4    000000c4                                                  : mcspi_v0_lld.obj (.text.MCSPI_lld_init)
                  70049fa8    000000c0     BQ25751.o (.text.BQ25751_read_reg)
                  7004a068    000000c0     drivers.am263px.r5f.ti-arm-clang.release.lib : i2c_v1_lld.obj (.text.I2C_lld_mem_read)
                  7004a128    000000c0                                                  : uart_v0_lld.obj (.text.UART_lld_init)
                  7004a1e8    000000be     ioexp_tca6424.o (.text.TCA6424_config)
                  7004a2a6    000000be     ioexp_tca6424.o (.text.TCA6424_setOutput)
                  7004a364    000000bc     drivers.am263px.r5f.ti-arm-clang.release.lib : edma.obj (.text.EDMA_registerIntr)
                  7004a420    000000b4     libc.a : fseek.c.obj (.text.fseeko)
                  7004a4d4    000000b0            : fclose.c.obj (.text.__TI_closefile)
                  7004a584    000000b0     nortos.am263px.r5f.ti-arm-clang.release.lib : printf.obj (.text._ntoa_long_long)
                  7004a634    000000ac     drivers.am263px.r5f.ti-arm-clang.release.lib : soc_rcm.obj (.text.SOC_rcmGetCoreHSDivOut)
                  7004a6e0    000000ac                                                  : uart_v0_lld.obj (.text.UART_divisorLatchWrite)
                  7004a78c    000000a8     nortos.am263px.r5f.ti-arm-clang.release.lib : DebugP_uartScanf.obj (.text.DebugP_readLine)
                  7004a834    000000a6     drivers.am263px.r5f.ti-arm-clang.release.lib : mcspi_dma_edma.obj (.text.MCSPI_edmaIsrRx)
                  7004a8da    000000a6                                                  : uart_v0_lld.obj (.text.UART_lld_read)
                  7004a980    000000a6     nortos.am263px.r5f.ti-arm-clang.release.lib : printf.obj (.text._out_rev)
                  7004aa26    00000002     drivers.am263px.r5f.ti-arm-clang.release.lib : uart_dma_edma.obj (.text.UART_edmaDoNothing)
                  7004aa28    000000a4                                                  : i2c_v1.obj (.text.I2C_close)
                  7004aacc    000000a4                                                  : i2c_v1_lld.obj (.text.I2C_lld_mem_readIntr)
                  7004ab70    000000a4                                                  : i2c_v1_lld.obj (.text.I2C_lld_mem_writeIntr)
                  7004ac14    000000a4     libc.a : memory.c.obj (.text.split)
                  7004acb8    000000a0     drivers.am263px.r5f.ti-arm-clang.release.lib : edma.obj (.text.EDMA_freeDmaChannel)
                  7004ad58    000000a0                                                  : edma.obj (.text.EDMA_freeParam)
                  7004adf8    000000a0                                                  : edma.obj (.text.EDMA_freeTcc)
                  7004ae98    000000a0     libsysbm.a : hostrename.c.obj (.text.HOSTrename)
                  7004af38    000000a0     drivers.am263px.r5f.ti-arm-clang.release.lib : uart_dma_edma.obj (.text.UART_lld_dmaRead)
                  7004afd8    0000009c                                                  : uart_v0_lld.obj (.text.UART_lld_readIntr)
                  7004b074    0000009c     libc.a : _io_perm.c.obj (.text.__TI_wrt_ok)
                  7004b110    0000009a     ti_board_open_close.o (.text.Board_ioexpOpen)
                  7004b1aa    00000002     drivers.am263px.r5f.ti-arm-clang.release.lib : uart_v0.obj (.text.UART_lld_errorCallback)
                  7004b1ac    00000098     libsysbm.a : hostlseek.c.obj (.text.HOSTlseek)
                  7004b244    00000098     drivers.am263px.r5f.ti-arm-clang.release.lib : i2c_v1.obj (.text.I2C_primeTransfer)
                  7004b2dc    00000096     BQ25751.o (.text.BQ25751_write_reg)
                  7004b372    00000096     BQ25856.o (.text.BQ25856_write_reg)
                  7004b408    00000096     nortos.am263px.r5f.ti-arm-clang.release.lib : SemaphoreP_nortos.obj (.text.SemaphoreP_pend)
                  7004b49e    00000094     drivers.am263px.r5f.ti-arm-clang.release.lib : edma.obj (.text.EDMA_configureChannelRegion)
                  7004b532    00000002     nortos.am263px.r5f.ti-arm-clang.release.lib : printf.obj (.text._out_null)
                  7004b534    00000094     libsysbm.a : hostopen.c.obj (.text.HOSTopen)
                  7004b5c8    00000094     drivers.am263px.r5f.ti-arm-clang.release.lib : i2c_v1_lld.obj (.text.I2C_lld_init)
                  7004b65c    00000094     ADS_adc.o (.text.SPI_ReadWrite)
                  7004b6f0    00000094     drivers.am263px.r5f.ti-arm-clang.release.lib : uart_v0_lld.obj (.text.UART_lld_readWithCounter)
                  7004b784    00000090     ti_drivers_open_close.o (.text.Drivers_open)
                  7004b814    00000090     drivers.am263px.r5f.ti-arm-clang.release.lib : mcspi_v0_lld.obj (.text.MCSPI_setFifoConfig)
                  7004b8a4    0000008e     nortos.am263px.r5f.ti-arm-clang.release.lib : printf.obj (.text._ntoa_long)
                  7004b932    0000008c     drivers.am263px.r5f.ti-arm-clang.release.lib : mcspi_v0_lld.obj (.text.MCSPI_lld_peripheralIsr)
                  7004b9be    00000002     --HOLE-- [fill = 0]
                  7004b9c0    0000008c     libsysbm.a : close.c.obj (.text.close)
                  7004ba4c    0000008c     i2c_helper.o (.text.i2c_read_error_handler)
                  7004bad8    00000088     drivers.am263px.r5f.ti-arm-clang.release.lib : adc.obj (.text.ADC_setPPBTripLimits)
                  7004bb60    00000088                                                  : uart_v0.obj (.text.UART_init)
                  7004bbe8    00000088                                                  : uart_v0_lld.obj (.text.UART_procLineStatusErr)
                  7004bc70    00000088     libc.a : fflush.c.obj (.text.__TI_doflush)
                  7004bcf8    00000084     libsysbm.a : hostread.c.obj (.text.HOSTread)
                  7004bd7c    00000084                : hostwrite.c.obj (.text.HOSTwrite)
                  7004be00    00000084     drivers.am263px.r5f.ti-arm-clang.release.lib : mcspi_v0_lld.obj (.text.MCSPI_setPeripheralFifoConfig)
                  7004be84    00000080                                                  : edma.obj (.text.EDMA_close)
                  7004bf04    00000080                                                  : uart_v0.obj (.text.UART_flushTxFifo)
                  7004bf84    0000007e     ti_drivers_open_close.o (.text.Drivers_mcspiOpen)
                  7004c002    0000007e     drivers.am263px.r5f.ti-arm-clang.release.lib : mcspi_v0_lld.obj (.text.MCSPI_fifoRead)
                  7004c080    0000007e                                                  : mcspi_v0_lld.obj (.text.MCSPI_transferPeripheralPoll)
                  7004c0fe    0000007a                                                  : mcspi_v0_lld.obj (.text.MCSPI_initiateLastChunkTransfer)
                  7004c178    00000078                                                  : mcspi_v0.obj (.text.MCSPI_init)
                  7004c1f0    00000076                                                  : uart_v0_lld.obj (.text.UART_readDataPolling)
                  7004c266    00000072                                                  : mcspi_v0_lld.obj (.text.MCSPI_fifoWrite)
                  7004c2d8    00000072                                                  : mcspi_v0_lld.obj (.text.MCSPI_stop)
                  7004c34a    00000070                                                  : mcspi_dma_edma.obj (.text.MCSPI_lld_dmaStop)
                  7004c3ba    0000006e     BQ25751.o (.text.BQ25751_read_faults)
                  7004c428    0000006e     drivers.am263px.r5f.ti-arm-clang.release.lib : edma.obj (.text.EDMA_disableTransferRegion)
                  7004c496    0000006e                                                  : edma.obj (.text.EDMA_enableTransferRegion)
                  7004c504    0000006c     libsysbm.a : hostunlink.c.obj (.text.HOSTunlink)
                  7004c570    0000006c     drivers.am263px.r5f.ti-arm-clang.release.lib : uart_v0_lld.obj (.text.UART_lld_writeDma)
                  7004c5dc    0000006a     ti_drivers_open_close.o (.text.Drivers_i2cOpen)
                  7004c646    00000068     drivers.am263px.r5f.ti-arm-clang.release.lib : uart_v0_lld.obj (.text.UART_lld_readDma)
                  7004c6ae    00000068                                                  : uart_v0_lld.obj (.text.UART_lld_writeIntr)
                  7004c716    00000002     --HOLE-- [fill = 0]
                  7004c718    00000068     libc.a : atoi.c.obj (.text.atoi)
                  7004c780    00000068     board.o (.text.digitalWrite)
                  7004c7e8    00000066     nortos.am263px.r5f.ti-arm-clang.release.lib : PmuP_armv7r.obj (.text.pmu)
                  7004c84e    00000002     --HOLE-- [fill = 0]
                  7004c850    00000064     drivers.am263px.r5f.ti-arm-clang.release.lib : soc.obj (.text.SOC_controlModuleUnlockMMR)
                  7004c8b4    00000064     logger.o (.text.add_log)
                  7004c918    00000064     board.o (.text.init_interrupt)
                  7004c97c    00000060     libsysbm.a : hostclose.c.obj (.text.HOSTclose)
                  7004c9dc    0000005e     nortos.am263px.r5f.ti-arm-clang.release.lib : ClockP_nortos.obj (.text.ClockP_timerTickIsr)
                  7004ca3a    0000005e     drivers.am263px.r5f.ti-arm-clang.release.lib : mcspi_v0_lld.obj (.text.MCSPI_setChDataSize)
                  7004ca98    0000005c                                                  : gpio.obj (.text.GPIO_setTrigType)
                  7004caf4    0000005c                                                  : mcspi_v0_lld.obj (.text.MCSPI_configInstance)
                  7004cb50    0000005c                                                  : soc.obj (.text.SOC_controlModuleLockMMR)
                  7004cbac    0000005c     nortos.am263px.r5f.ti-arm-clang.release.lib : DebugP_log.obj (.text._DebugP_assert)
                  7004cc08    00000058     drivers.am263px.r5f.ti-arm-clang.release.lib : mcspi_dma_edma.obj (.text.MCSPI_edmaUpdateTransferParams)
                  7004cc60    00000058     libc.a : fopen.c.obj (.text.__TI_cleanup)
                  7004ccb8    00000058     libsysbm.a : trgmsg.c.obj (.text.__TI_readmsg)
                  7004cd10    00000058                : trgmsg.c.obj (.text.__TI_writemsg)
                  7004cd68    00000058     logger.o (.text.print_pending_logs)
                  7004cdc0    00000056     nortos.am263px.r5f.ti-arm-clang.release.lib : ClockP_nortos.obj (.text.ClockP_getTimeUsec)
                  7004ce16    00000056     drivers.am263px.r5f.ti-arm-clang.release.lib : uart_v0_lld.obj (.text.UART_intrDisable)
                  7004ce6c    00000056                                                  : uart_v0_lld.obj (.text.UART_readCancelNoCB)
                  7004cec2    00000056                                                  : uart_v0_lld.obj (.text.UART_writeCancelNoCB)
                  7004cf18    00000054     ti_dpl_config.o (.text.Dpl_init)
                  7004cf6c    00000054     libc.a : exit.c.obj (.text.exit)
                  7004cfc0    00000054            : getdevice.c.obj (.text.finddevice)
                  7004d014    00000054            : autoinit.c.obj (.text:__TI_auto_init_nobinit_nopinit)
                  7004d068    00000052     nortos.am263px.r5f.ti-arm-clang.release.lib : AddrTranslateP_32bit.obj (.text.AddrTranslateP_getLocalAddr)
                  7004d0ba    00000052     drivers.am263px.r5f.ti-arm-clang.release.lib : i2c_v1.obj (.text.I2C_LLD_targetTransferCompleteCallback)
                  7004d10c    00000052                                                  : mcspi_v0_lld.obj (.text.MCSPI_lld_deInitDma)
                  7004d15e    00000050     BQ25751.o (.text.BQ25751_print_register_dump)
                  7004d1ae    00000050     nortos.am263px.r5f.ti-arm-clang.release.lib : ClockP_nortos.obj (.text.ClockP_construct)
                  7004d1fe    00000002     --HOLE-- [fill = 0]
                  7004d200    00000050     drivers.am263px.r5f.ti-arm-clang.release.lib : edma.obj (.text.EDMA_allocDmaChannel)
                  7004d250    00000050                                                  : edma.obj (.text.EDMA_allocParam)
                  7004d2a0    00000050                                                  : edma.obj (.text.EDMA_allocTcc)
                  7004d2f0    0000004e     nortos.am263px.r5f.ti-arm-clang.release.lib : ClockP_nortos.obj (.text.ClockP_addToList)
                  7004d33e    0000004e     ti_drivers_open_close.o (.text.Drivers_edmaOpen)
                  7004d38c    0000004e     ti_drivers_open_close.o (.text.Drivers_uartOpen)
                  7004d3da    0000004e     drivers.am263px.r5f.ti-arm-clang.release.lib : edma.obj (.text.EDMA_disableChInShadowRegRegion)
                  7004d428    0000004c                                                  : mcspi_v0.obj (.text.MCSPI_transferCallback)
                  7004d474    0000004c                                                  : mcspi_v0_lld.obj (.text.MCSPI_transferControllerIntr)
                  7004d4c0    0000004c                                                  : soc.obj (.text.SOC_enableAdcReferenceMonitor)
                  7004d50c    00000048                                                  : soc.obj (.text.SOC_enableAdcGlobalForce)
                  7004d554    00000048                                                  : soc.obj (.text.SOC_enableAdcInternalReference)
                  7004d59c    00000048                                                  : uart_dma_edma.obj (.text.UART_edmaIsrRx)
                  7004d5e4    00000048     libsysbm.a : unlink.c.obj (.text.unlink)
                  7004d62c    00000046     drivers.am263px.r5f.ti-arm-clang.release.lib : uart_dma_edma.obj (.text.UART_edmaIsrTx)
                  7004d672    00000044     BQ25856.o (.text.BQ25856_init)
                  7004d6b6    00000044     drivers.am263px.r5f.ti-arm-clang.release.lib : i2c_v1.obj (.text.I2C_completeCurrTransfer)
                  7004d6fa    00000002     --HOLE-- [fill = 0]
                  7004d6fc    00000044                                                  : soc.obj (.text.SOC_getAdcReferenceStatus)
                  7004d740    00000044                                                  : uart_v0.obj (.text.UART_Params_init)
                  7004d784    00000044                                                  : uart_v0_lld.obj (.text.UART_lld_deInitDma)
                  7004d7c8    00000040     nortos.am263px.r5f.ti-arm-clang.release.lib : ClockP_nortos.obj (.text.ClockP_stop)
                  7004d808    00000040     drivers.am263px.r5f.ti-arm-clang.release.lib : edma.obj (.text.EDMA_mapChToEvtQ)
                  7004d848    00000040                                                  : pinmux.obj (.text.Pinmux_config)
                  7004d888    00000040     nortos.am263px.r5f.ti-arm-clang.release.lib : SemaphoreP_nortos.obj (.text.SemaphoreP_constructBinary)
                  7004d8c8    00000040     drivers.am263px.r5f.ti-arm-clang.release.lib : uart_v0_lld.obj (.text.UART_lld_deInit)
                  7004d908    00000040     libc.a : memory.c.obj (.text.free_list_insert)
                  7004d948    0000003e     drivers.am263px.r5f.ti-arm-clang.release.lib : i2c_v1_lld.obj (.text.I2C_lld_transferInit)
                  7004d986    0000003e     nortos.am263px.r5f.ti-arm-clang.release.lib : SemaphoreP_nortos.obj (.text.SemaphoreP_constructMutex)
                  7004d9c4    0000003c     drivers.am263px.r5f.ti-arm-clang.release.lib : edma.obj (.text.EDMA_getBaseAddr)
                  7004da00    0000003c                                                  : uart_v0_lld.obj (.text.UART_readData)
                  7004da3c    0000003a     nortos.am263px.r5f.ti-arm-clang.release.lib : ClockP_nortos.obj (.text.ClockP_destruct)
                  7004da76    0000003a                                                 : DebugP_uartLogWriter.obj (.text.DebugP_uartLogWriterPutChar)
                  7004dab0    0000003a     ti_power_clock_config.o (.text.Module_clockSetFrequency)
                  7004daea    0000003a     ioexp_tca6424.o (.text.TCA6424_open)
                  7004db24    0000003a     drivers.am263px.r5f.ti-arm-clang.release.lib : uart_v0_lld.obj (.text.UART_lld_flushTxFifo)
                  7004db5e    00000038     BQ25751.o (.text.BQ25751_init)
                  7004db96    00000002     --HOLE-- [fill = 0]
                  7004db98    00000038     drivers.am263px.r5f.ti-arm-clang.release.lib : soc_rcm.obj (.text.SOC_rcmADPLLJGetFOut)
                  7004dbd0    00000038     nortos.am263px.r5f.ti-arm-clang.release.lib : DebugP_nortos.obj (.text._DebugP_logZone)
                  7004dc08    00000038                                                 : PmuP_armv7r_asm.obj (.text.pmu)
                  7004dc40    00000036     drivers.am263px.r5f.ti-arm-clang.release.lib : edma.obj (.text.EDMA_clrMissEvtRegion)
                  7004dc76    00000034     nortos.am263px.r5f.ti-arm-clang.release.lib : ClockP_nortos.obj (.text.ClockP_start)
                  7004dcaa    00000002     --HOLE-- [fill = 0]
                  7004dcac    00000034     drivers.am263px.r5f.ti-arm-clang.release.lib : i2c_v1.obj (.text.I2C_init)
                  7004dce0    00000034                                                  : mcspi_v0.obj (.text.MCSPI_errorCallback)
                  7004dd14    00000034     ti_power_clock_config.o (.text.Module_clockDisable)
                  7004dd48    00000034     ti_power_clock_config.o (.text.Module_clockEnable)
                  7004dd7c    00000034     drivers.am263px.r5f.ti-arm-clang.release.lib : soc.obj (.text.SOC_enableAdcDacLoopback)
                  7004ddb0    00000034                                                  : soc_rcm.obj (.text.SOC_rcmGetModuleClkDivVal)
                  7004dde4    00000034     libc.a : memory.c.obj (.text.free_list_remove)
                  7004de18    00000034     libsysbm.a : lseek.c.obj (.text.lseek)
                  7004de4c    00000034                : write.c.obj (.text.write)
                  7004de80    00000032     nortos.am263px.r5f.ti-arm-clang.release.lib : ClockP_nortos.obj (.text.ClockP_usleep)
                  7004deb2    00000032     drivers.am263px.r5f.ti-arm-clang.release.lib : edma.obj (.text.EDMA_unmapChToEvtQ)
                  7004dee4    00000032     nortos.am263px.r5f.ti-arm-clang.release.lib : SemaphoreP_nortos.obj (.text.SemaphoreP_post)
                  7004df16    00000030                                                 : DebugP_uartScanf.obj (.text.DebugP_scanf)
                  7004df46    00000030     drivers.am263px.r5f.ti-arm-clang.release.lib : i2c_v1_lld.obj (.text.I2CControllerInitExpClk)
                  7004df76    00000030                                                  : uart_v0.obj (.text.UART_lld_writeCompleteCallback)
                  7004dfa6    00000002     --HOLE-- [fill = 0]
                  7004dfa8    00000030     int_adc.o (.text.adc_to_current_LM74930)
                  7004dfd8    0000002e     drivers.am263px.r5f.ti-arm-clang.release.lib : edma.obj (.text.EDMA_enableChInShadowRegRegion)
                  7004e006    0000002e                                                  : i2c_v1_lld.obj (.text.I2C_lld_deInit)
                  7004e034    0000002e     ti_drivers_config.o (.text.System_init)
                  7004e062    0000002e     drivers.am263px.r5f.ti-arm-clang.release.lib : uart_v0.obj (.text.UART_lld_readCompleteCallback)
                  7004e090    0000002c     nortos.am263px.r5f.ti-arm-clang.release.lib : DebugP_shmLogReader.obj (.text.DebugP_shmLogReaderInit)
                  7004e0bc    0000002c     drivers.am263px.r5f.ti-arm-clang.release.lib : i2c_v1.obj (.text.I2C_getHandle)
                  7004e0e8    0000002c                                                  : soc_rcm.obj (.text.SOC_rcmGetR5Clock)
                  7004e114    0000002c                                                  : uart_v0.obj (.text.UART_getHandle)
                  7004e140    0000002c     ADS_adc.o (.text.adc_to_current_HSS_MB)
                  7004e16c    0000002c     ADS_adc.o (.text.adc_to_current_TPS)
                  7004e198    0000002c     libc.a : sscanf.c.obj (.text.vsscanf)
                  7004e1c4    00000028     nortos.am263px.r5f.ti-arm-clang.release.lib : ClockP_nortos.obj (.text.ClockP_sleepTicks)
                  7004e1ec    00000028     drivers.am263px.r5f.ti-arm-clang.release.lib : gpio.obj (.text.GPIO_setDirMode)
                  7004e214    00000028                                                  : mcspi_v0_lld.obj (.text.MCSPI_fifoReadMultiWord)
                  7004e23c    00000028                                                  : soc.obj (.text.SOC_moduleSetClockFrequency)
                  7004e264    00000028     ADS_adc.o (.text.read_ext_ADC)
                  7004e28c    00000026     nortos.am263px.r5f.ti-arm-clang.release.lib : ClockP_nortos.obj (.text.ClockP_sleep)
                  7004e2b2    00000026     drivers.am263px.r5f.ti-arm-clang.release.lib : edma.obj (.text.EDMA_setPaRAM)
                  7004e2d8    00000026                                                  : i2c_v1_lld.obj (.text.I2C_lld_transferIntr)
                  7004e2fe    00000026                                                  : i2c_v1_lld.obj (.text.I2C_lld_transferPoll)
                  7004e324    00000026                                                  : uart_dma_edma.obj (.text.UART_lld_dmaDisableChannel)
                  7004e34a    00000024                                                  : mcspi_v0_lld.obj (.text.MCSPI_fifoWriteMultiWord)
                  7004e36e    00000002     --HOLE-- [fill = 0]
                  7004e370    00000024                                                  : uart_v0_lld.obj (.text.UART_IsHWFlowCtrlValid)
                  7004e394    00000024                                                  : uart_v0_lld.obj (.text.UART_IsRxTrigLvlValid)
                  7004e3b8    00000024                                                  : uart_v0_lld.obj (.text.UART_IsTxTrigLvlValid)
                  7004e3dc    00000024     libclang_rt.builtins.a : aeabi_uldivmod.S.obj (.text.__aeabi_uldivmod)
                  7004e400    00000024     int_adc.o (.text.int_adc_to_voltage)
                  7004e424    00000024     nortos.am263px.r5f.ti-arm-clang.release.lib : printf.obj (.text.vprintf_)
                  7004e448    00000022     drivers.am263px.r5f.ti-arm-clang.release.lib : edma.obj (.text.EDMA_linkChannel)
                  7004e46a    00000022                                                  : mcspi_v0_lld.obj (.text.MCSPI_transferPeripheralIntr)
                  7004e48c    00000022     ti_drivers_config.o (.text.System_deinit)
                  7004e4ae    00000022     logger.o (.text.print_logs)
                  7004e4d0    00000020     nortos.am263px.r5f.ti-arm-clang.release.lib : DebugP_log.obj (.text.DebugP_logZoneEnable)
                  7004e4f0    00000020     drivers.am263px.r5f.ti-arm-clang.release.lib : i2c_v1_lld.obj (.text.I2C_lld_Message_init)
                  7004e510    00000020                                                  : mcspi_v0_lld.obj (.text.MCSPI_fifoRead32)
                  7004e530    00000020     nortos.am263px.r5f.ti-arm-clang.release.lib : TimerP_rti_priv.obj (.text.TimerP_Params_initPriv)
                  7004e550    00000020     drivers.am263px.r5f.ti-arm-clang.release.lib : uart_v0_lld.obj (.text.UART_getChar)
                  7004e570    0000001e     ti_board_open_close.o (.text.Board_driversOpen)
                  7004e58e    0000001e     ioexp_tca6424.o (.text.TCA6424_close)
                  7004e5ac    0000001e     drivers.am263px.r5f.ti-arm-clang.release.lib : uart_v0_lld.obj (.text.UART_spaceAvail)
                  7004e5ca    0000001e                                                  : uart_v0_lld.obj (.text.UART_statusIsDataReady)
                  7004e5e8    0000001c                                                  : i2c_v1.obj (.text.I2C_hwiFxn)
                  7004e604    0000001c                                                  : mcspi_v0_lld.obj (.text.MCSPI_fifoWrite32)
                  7004e620    0000001c                                                  : mcspi_v0_lld.obj (.text.MCSPI_getFifoTrigLvl)
                  7004e63c    0000001c                                                  : mcspi_v0_lld.obj (.text.MCSPI_lld_deInit)
                  7004e658    0000001c                                                  : soc_rcm.obj (.text.SOC_rcmIsR5FInLockStepMode)
                  7004e674    0000001c     libc.a : sscanf.c.obj (.text._inpchar)
                  7004e690    0000001c     main.o (.text.main)
                  7004e6ac    0000001c     libsysbm.a : hostrename.c.obj (.text.strcpy)
                  7004e6c8    0000001c                : hostrename.c.obj (.text.strlen)
                  7004e6e4    0000001c     libc.a : memcpy32.S.obj (.text:TI_memcpy_small)
                  7004e700    0000001a     nortos.am263px.r5f.ti-arm-clang.release.lib : CpuId_armv7r.obj (.text.CSL_armR5GetCpuID)
                  7004e71a    0000001a     drivers.am263px.r5f.ti-arm-clang.release.lib : edma.obj (.text.EDMA_readEventStatusRegion)
                  7004e734    0000001a                                                  : uart_v0_lld.obj (.text.UART_enhanFuncEnable)
                  7004e74e    00000002     --HOLE-- [fill = 0]
                  7004e750    00000018                                                  : i2c_v1.obj (.text.I2C_deinit)
                  7004e768    00000018                                                  : mcspi_v0.obj (.text.MCSPI_deinit)
                  7004e780    00000018                                                  : mcspi_dma_edma.obj (.text.MCSPI_lld_dmaInit)
                  7004e798    00000018     nortos.am263px.r5f.ti-arm-clang.release.lib : TimerP_rti_priv.obj (.text.TimerP_getCountPriv)
                  7004e7b0    00000018     drivers.am263px.r5f.ti-arm-clang.release.lib : uart_v0.obj (.text.UART_deinit)
                  7004e7c8    00000018     logger.o (.text.clear_logs)
                  7004e7e0    00000018     libc.a : memset32.S.obj (.text:TI_memset_small)
                  7004e7f8    00000016     drivers.am263px.r5f.ti-arm-clang.release.lib : i2c_v1_lld.obj (.text.I2C_lld_Transaction_init)
                  7004e80e    00000016                                                  : mcspi_v0_lld.obj (.text.MCSPI_reset)
                  7004e824    00000016                                                  : uart_v0_lld.obj (.text.UART_IsTxRxFifoEmpty)
                  7004e83a    00000016                                                  : uart_v0_lld.obj (.text.UART_getIntrIdentityStatus)
                  7004e850    00000016                                                  : uart_v0_lld.obj (.text.UART_getRxError)
                  7004e866    00000014     nortos.am263px.r5f.ti-arm-clang.release.lib : ClockP_nortos.obj (.text.ClockP_usecToTicks)
                  7004e87a    00000014     drivers.am263px.r5f.ti-arm-clang.release.lib : edma.obj (.text.EDMA_getRegionId)
                  7004e88e    00000014                                                  : uart_v0.obj (.text.UART_Transaction_init)
                  7004e8a2    00000014                                                  : uart_v0_lld.obj (.text.UART_enhanFuncBitValRestore)
                  7004e8b6    00000012                                                  : adc.obj (.text.ADC_setMode)
                  7004e8c8    00000012                                                  : i2c_v1.obj (.text.I2C_LLD_transferCompleteCallback)
                  7004e8da    00000012                                                  : uart_v0_lld.obj (.text.UART_hardwareFlowCtrlOptSet)
                  7004e8ec    00000012                                                  : uart_v0_lld.obj (.text.UART_operatingModeSelect)
                  7004e8fe    00000012                                                  : uart_v0_lld.obj (.text.UART_readLineStatus)
                  7004e910    00000012     ti_dpl_config.o (.text.putchar_)
                  7004e922    00000010     drivers.am263px.r5f.ti-arm-clang.release.lib : gpio.obj (.text.GPIO_bankIntrDisable)
                  7004e932    00000010                                                  : uart_v0_lld.obj (.text.UART_intr2Disable)
                  7004e942    00000002     --HOLE-- [fill = 0]
                  7004e944    00000010     libclang_rt.builtins.a : aeabi_memset.S.obj (.text.__aeabi_memset)
                  7004e954    00000010     libc.a : sscanf.c.obj (.text._uninpchar)
                  7004e964    00000010            : fputc.c.obj (.text.putchar)
                  7004e974    0000000e     drivers.am263px.r5f.ti-arm-clang.release.lib : edma.obj (.text.EDMA_ccPaRAMEntry_init)
                  7004e982    0000000e                                                  : gpio.obj (.text.GPIO_bankIntrEnable)
                  7004e990    0000000e                                                  : i2c_v1.obj (.text.I2C_transferCallback)
                  7004e99e    0000000e     ti_pinmux_config.o (.text.Pinmux_init)
                  7004e9ac    0000000e     ti_power_clock_config.o (.text.PowerClock_init)
                  7004e9ba    0000000c     nortos.am263px.r5f.ti-arm-clang.release.lib : ClockP_nortos.obj (.text.ClockP_getTicks)
                  7004e9c6    0000000c                                                 : DebugP_uartLogWriter.obj (.text.DebugP_uartSetDrvIndex)
                  7004e9d2    0000000c     drivers.am263px.r5f.ti-arm-clang.release.lib : edma.obj (.text.EDMA_isInitialized)
                  7004e9de    00000002     --HOLE-- [fill = 0]
                  7004e9e0    0000000c                                                  : i2c_v1.obj (.text.I2C_Transaction_init)
                  7004e9ec    0000000c                                                  : soc.obj (.text.SOC_getSelfCpuClk)
                  7004e9f8    0000000c     ioexp_tca6424.o (.text.TCA6424_Params_init)
                  7004ea04    0000000c     libc.a : aeabi_portable.c.obj (.text.__aeabi_errno_addr)
                  7004ea10    0000000c     libclang_rt.builtins.a : aeabi_memset.S.obj (.text.__aeabi_memclr)
                  7004ea1c    0000000c     libc.a : memory.c.obj (.text.malloc)
                  7004ea28    0000000c     nortos.am263px.r5f.ti-arm-clang.release.lib : CpuId_armv7r_asm.obj (.text)
                  7004ea34    0000000a                                                 : ClockP_nortos.obj (.text.ClockP_Params_init)
                  7004ea3e    00000002     --HOLE-- [fill = 0]
                  7004ea40    0000000c     libc.a : strcmp32.S.obj (.text)
                  7004ea4c    0000000a     nortos.am263px.r5f.ti-arm-clang.release.lib : ClockP_nortos.obj (.text.ClockP_isActive)
                  7004ea56    0000000a                                                 : TimerP_rti_priv.obj (.text.TimerP_getReloadCountPriv)
                  7004ea60    0000000a                                                 : TimerP_rti_priv.obj (.text.TimerP_startPriv)
                  7004ea6a    0000000a     drivers.am263px.r5f.ti-arm-clang.release.lib : uart_v0_lld.obj (.text.UART_lld_Transaction_deInit)
                  7004ea74    00000008     libsysbm.a : hostexit.c.obj (.text.HOSTexit)
                  7004ea7c    00000008     nortos.am263px.r5f.ti-arm-clang.release.lib : TimerP_rti_priv.obj (.text.TimerP_clearOverflowIntPriv)
                  7004ea84    00000008                                                 : printf.obj (.text._out_char)
                  7004ea8c    00000006     drivers.am263px.r5f.ti-arm-clang.release.lib : edma.obj (.text.EDMA_isInterruptEnabled)
                  7004ea92    00000006                                                  : soc.obj (.text.SOC_moduleClockEnable)
                  7004ea98    00000006                                                  : soc_rcm.obj (.text.SOC_rcmGetCR5SysclkInFrequency)
                  7004ea9e    00000004     ti_power_clock_config.o (.text.PowerClock_deinit)
                  7004eaa2    00000004     nortos.am263px.r5f.ti-arm-clang.release.lib : TimerP_rti_nortos.obj (.text.TimerP_Params_init)
                  7004eaa6    00000004                                                 : TimerP_rti_nortos.obj (.text.TimerP_clearOverflowInt)
                  7004eaaa    00000004                                                 : TimerP_rti_nortos.obj (.text.TimerP_getCount)
                  7004eaae    00000004                                                 : TimerP_rti_nortos.obj (.text.TimerP_getReloadCount)
                  7004eab2    00000004                                                 : TimerP_rti_nortos.obj (.text.TimerP_setup)
                  7004eab6    00000004                                                 : TimerP_rti_nortos.obj (.text.TimerP_start)
                  7004eaba    00000002     --HOLE-- [fill = 0]
                  7004eabc    00000004     libclang_rt.builtins.a : aeabi_div0.c.obj (.text.__aeabi_idiv0)
                  7004eac0    00000004                            : aeabi_div0.c.obj (.text.__aeabi_ldiv0)
                  7004eac4    00000004                            : aeabi_memcpy.S.obj (.text.__aeabi_memcpy)
                  7004eac8    00000004     libc.a : _lock.c.obj (.text._nop)
                  7004eacc    00000004            : fseek.c.obj (.text.fseek)
                  7004ead0    00000004     libsysbm.a : remove.c.obj (.text.remove)
                  7004ead4    00000008     libclang_rt.builtins.a : aeabi_memcpy.S.obj (.tramp.__aeabi_memcpy.1)
                  7004eadc    00000008     nortos.am263px.r5f.ti-arm-clang.release.lib : HwiP_armv7r_asm.obj (.tramp.HwiP_restore.1)
                  7004eae4    00000008                                                 : HwiP_armv7r_asm.obj (.tramp.HwiP_enable.1)
                  7004eaec    00000008                                                 : PmuP_armv7r_asm.obj (.tramp.PmuP_setUserEnable.1)
                  7004eaf4    00000008                                                 : PmuP_armv7r_asm.obj (.tramp.PmuP_enableCounters.1)
                  7004eafc    00000004     --HOLE-- [fill = 0]

.rodata    0    7004eb00    000026f0     
                  7004eb00    000004b0     testing.o (.rodata.test_results)
                  7004efb0    00000160     BQ25751.o (.rodata.bq25751_registers)
                  7004f110    00000101     libc.a : aeabi_ctype.S.obj (.rodata:__aeabi_ctype_table_)
                  7004f211    00000096     testing.o (.rodata.test_cases)
                  7004f2a7    00000001     logger.o (.rodata.str1.11170080405929493601.1)
                  7004f2a8    00000080     libc.a : strtod.c.obj (.rodata.digits)
                  7004f328    0000007a     ti_drivers_open_close.o (.rodata.str1.14200658025495415368.1)
                  7004f3a2    00000002     --HOLE-- [fill = 0]
                  7004f3a4    00000074     ti_dpl_config.o (.rodata.cfg)
                  7004f418    00000051     drivers.am263px.r5f.ti-arm-clang.release.lib : mcspi_v0.obj (.rodata.str1.26396439823528435241)
                  7004f469    00000007     libc.a : _scanfi.c.obj (.rodata._sproc_int.flit)
                  7004f470    00000050     nortos.am263px.r5f.ti-arm-clang.release.lib : printf.obj (.rodata._ftoa.pow10)
                  7004f4c0    00000048     drivers.am263px.r5f.ti-arm-clang.release.lib : soc_rcm.obj (.rodata.gADPLLJConfigTbl)
                  7004f508    00000048     libc.a : strtod.c.obj (.rodata.powerof10)
                  7004f550    00000048     BQ25751.o (.rodata.str1.14774090551701140490.1)
                  7004f598    00000048     drivers.am263px.r5f.ti-arm-clang.release.lib : mcspi_v0_lld.obj (.rodata.str1.97363132707188488161)
                  7004f5e0    00000047     BQ25751.o (.rodata.str1.12706072285533335359.1)
                  7004f627    0000003d     nortos.am263px.r5f.ti-arm-clang.release.lib : TimerP_rti_priv.obj (.rodata.str1.72163963154704191671)
                  7004f664    0000003b     testing.o (.rodata.str1.13902908763734703229.1)
                  7004f69f    0000003b     BQ25751.o (.rodata.str1.15351948885430041794.1)
                  7004f6da    0000003b     logger.o (.rodata.str1.15765208293925770228.1)
                  7004f715    0000003b     testing.o (.rodata.str1.17746360623054601515.1)
                  7004f750    0000003b     testing.o (.rodata.str1.9663668549545128397.1)
                  7004f78b    0000003a     testing.o (.rodata.str1.13404232100597892824.1)
                  7004f7c5    0000003a     testing.o (.rodata.str1.14475428689845802839.1)
                  7004f7ff    0000003a     BQ25751.o (.rodata.str1.3951025446691905541.1)
                  7004f839    0000003a     testing.o (.rodata.str1.5333103860067079182.1)
                  7004f873    00000039     testing.o (.rodata.str1.12712981990626671882.1)
                  7004f8ac    00000038     logger.o (.rodata..Lswitch.table.print_log.27)
                  7004f8e4    00000038     testing.o (.rodata.str1.13271957185734089466.1)
                  7004f91c    00000038     testing.o (.rodata.str1.1809024094263384077.1)
                  7004f954    00000038     ti_drivers_open_close.o (.rodata.str1.2554706296470369595.1)
                  7004f98c    00000038     testing.o (.rodata.str1.9646216584914662902.1)
                  7004f9c4    00000037     testing.o (.rodata.str1.12934025152450101698.1)
                  7004f9fb    00000037     testing.o (.rodata.str1.13753495736459524521.1)
                  7004fa32    00000037     nortos.am263px.r5f.ti-arm-clang.release.lib : SemaphoreP_nortos.obj (.rodata.str1.52751030918495836841)
                  7004fa69    00000037     testing.o (.rodata.str1.912323090116748061.1)
                  7004faa0    00000036     ti_drivers_open_close.o (.rodata.str1.10252002122772422448.1)
                  7004fad6    00000036     testing.o (.rodata.str1.1765844212525536965.1)
                  7004fb0c    00000036     testing.o (.rodata.str1.9310835370192816021.1)
                  7004fb42    00000035     BQ25751.o (.rodata.str1.13909236871274729330.1)
                  7004fb77    00000035     ti_drivers_open_close.o (.rodata.str1.17551203406305493380.1)
                  7004fbac    00000035     ti_drivers_open_close.o (.rodata.str1.17665391694225509261.1)
                  7004fbe1    00000035     BQ25751.o (.rodata.str1.2730883272908071265.1)
                  7004fc16    00000033     testing.o (.rodata.str1.8696649377706721793.1)
                  7004fc49    00000032     drivers.am263px.r5f.ti-arm-clang.release.lib : adc.obj (.rodata.str1.104222482920253680151)
                  7004fc7b    00000032                                                  : adc.obj (.rodata.str1.137023953294967812531)
                  7004fcad    00000032     BQ25751.o (.rodata.str1.8312350936966051270.1)
                  7004fcdf    00000031     BQ25751.o (.rodata.str1.1249517775944244852.1)
                  7004fd10    00000031     i2c_helper.o (.rodata.str1.6590778483916000382.1)
                  7004fd41    00000030     BQ25751.o (.rodata.str1.10106629780682049060.1)
                  7004fd71    00000030     BQ25751.o (.rodata.str1.1820889172356602547.1)
                  7004fda1    00000030     ti_drivers_open_close.o (.rodata.str1.5293217666052239616.1)
                  7004fdd1    00000030     BQ25751.o (.rodata.str1.8003800691019726735.1)
                  7004fe01    0000002e     BQ25751.o (.rodata.str1.12958517175328886002.1)
                  7004fe2f    0000002e     BQ25751.o (.rodata.str1.16455321582865690357.1)
                  7004fe5d    0000002e     nortos.am263px.r5f.ti-arm-clang.release.lib : ClockP_nortos.obj (.rodata.str1.39419159632632580371)
                  7004fe8b    0000002e     BQ25751.o (.rodata.str1.8443781089576892544.1)
                  7004feb9    0000002d     BQ25751.o (.rodata.str1.1275194715022805712.1)
                  7004fee6    0000002d     BQ25751.o (.rodata.str1.13143656991489871118.1)
                  7004ff13    0000002d     i2c_helper.o (.rodata.str1.13339857155982739385.1)
                  7004ff40    0000002d     BQ25751.o (.rodata.str1.7430776718305622844.1)
                  7004ff6d    00000003     PDMtesting.o (.rodata.str1.1094412632907578887.1)
                  7004ff70    0000002c     drivers.am263px.r5f.ti-arm-clang.release.lib : i2c_v1.obj (.rodata.I2C_defaultTransaction)
                  7004ff9c    0000002c     i2c_helper.o (.rodata.str1.1142222398543706323.1)
                  7004ffc8    0000002c     BQ25751.o (.rodata.str1.12868114523665019615.1)
                  7004fff4    0000002c     BQ25751.o (.rodata.str1.14581448127847459194.1)
                  70050020    0000002c     i2c_helper.o (.rodata.str1.5541145730006603107.1)
                  7005004c    0000002c     BQ25751.o (.rodata.str1.7886701266418031715.1)
                  70050078    0000002c     BQ25751.o (.rodata.str1.9017280232647772979.1)
                  700500a4    0000002b     BQ25751.o (.rodata.str1.15589734765688486271.1)
                  700500cf    0000002b     BQ25751.o (.rodata.str1.5160441401641532227.1)
                  700500fa    0000002a     logger.o (.rodata.str1.6697840596852582545.1)
                  70050124    0000002a     BQ25751.o (.rodata.str1.7897313143695813649.1)
                  7005014e    0000002a     nortos.am263px.r5f.ti-arm-clang.release.lib : DebugP_log.obj (.rodata.str1.8882360920750446361)
                  70050178    00000028     BQ25751.o (.rodata.str1.10095525046290625685.1)
                  700501a0    00000028     ti_drivers_open_close.o (.rodata.str1.1596297266130340916.1)
                  700501c8    00000028     ti_drivers_open_close.o (.rodata.str1.16112177131852734107.1)
                  700501f0    00000028     BQ25751.o (.rodata.str1.17894075944801656883.1)
                  70050218    00000027     nortos.am263px.r5f.ti-arm-clang.release.lib : ClockP_nortos_r5.obj (.rodata.str1.91622226613999981811)
                  7005023f    00000026     i2c_helper.o (.rodata.str1.8566739563610922213.1)
                  70050265    00000025     ti_board_open_close.o (.rodata.str1.12245025114167949655.1)
                  7005028a    00000025     ti_drivers_open_close.o (.rodata.str1.7750254725308216577.1)
                  700502af    00000024     BQ25751.o (.rodata.str1.13505117214245943287.1)
                  700502d3    00000024     testing.o (.rodata.str1.1448113453728135492.1)
                  700502f7    00000024     drivers.am263px.r5f.ti-arm-clang.release.lib : edma.obj (.rodata.str1.164918382464449145851)
                  7005031b    00000023     ti_drivers_open_close.o (.rodata.str1.10490786615736436564.1)
                  7005033e    00000023     BQ25751.o (.rodata.str1.12421258905385577217.1)
                  70050361    00000023     nortos.am263px.r5f.ti-arm-clang.release.lib : ClockP_nortos_r5.obj (.rodata.str1.136646522816104227591)
                  70050384    00000023     drivers.am263px.r5f.ti-arm-clang.release.lib : soc_rcm.obj (.rodata.str1.15813086600912413471)
                  700503a7    00000023     ti_board_open_close.o (.rodata.str1.760704006985994805.1)
                  700503ca    00000022     drivers.am263px.r5f.ti-arm-clang.release.lib : edma.obj (.rodata.str1.6611792697437713481)
                  700503ec    00000021     nortos.am263px.r5f.ti-arm-clang.release.lib : ClockP_nortos_r5.obj (.rodata.str1.99041146818411950391)
                  7005040d    00000003     BQ25751.o (.rodata.str1.7152872178121443324.1)
                  70050410    00000020     drivers.am263px.r5f.ti-arm-clang.release.lib : uart_v0_lld.obj (.rodata.cst32)
                  70050430    00000020     PDMtesting.o (.rodata.str1.10015848951539402881.1)
                  70050450    00000020     drivers.am263px.r5f.ti-arm-clang.release.lib : uart_v0.obj (.rodata.str1.150767988884773108331)
                  70050470    0000001f     board.o (.rodata.str1.10881007155619371109.1)
                  7005048f    0000001f     board.o (.rodata.str1.123550804358397101.1)
                  700504ae    0000001f     board.o (.rodata.str1.13738757807042593414.1)
                  700504cd    0000001f     board.o (.rodata.str1.14465880841147386111.1)
                  700504ec    0000001f     logger.o (.rodata.str1.14867204177169952558.1)
                  7005050b    0000001f     board.o (.rodata.str1.1510811462892085231.1)
                  7005052a    0000001f     board.o (.rodata.str1.16077883977509950417.1)
                  70050549    0000001f     board.o (.rodata.str1.1696272589420159480.1)
                  70050568    0000001f     board.o (.rodata.str1.18250802514644841805.1)
                  70050587    0000001f     nortos.am263px.r5f.ti-arm-clang.release.lib : SemaphoreP_nortos.obj (.rodata.str1.25281168886080794691)
                  700505a6    0000001f                                                 : ClockP_nortos_r5.obj (.rodata.str1.25349503636762439021)
                  700505c5    0000001f     board.o (.rodata.str1.5436337271421848948.1)
                  700505e4    0000001f     board.o (.rodata.str1.6418571003999367838.1)
                  70050603    0000001f     board.o (.rodata.str1.6840234256597642108.1)
                  70050622    0000001f     ti_drivers_open_close.o (.rodata.str1.871795152488895636.1)
                  70050641    0000001f     board.o (.rodata.str1.9045895231722895584.1)
                  70050660    0000001f     board.o (.rodata.str1.9461189164499355904.1)
                  7005067f    0000001e     board.o (.rodata.str1.10345935079445805060.1)
                  7005069d    0000001e     drivers.am263px.r5f.ti-arm-clang.release.lib : mcspi_v0.obj (.rodata.str1.144400815220210358851)
                  700506bb    0000001e     board.o (.rodata.str1.9453984286452795027.1)
                  700506d9    0000001d     nortos.am263px.r5f.ti-arm-clang.release.lib : TimerP_rti_priv.obj (.rodata.str1.114219152040444562951)
                  700506f6    0000001d                                                 : TimerP_rti_priv.obj (.rodata.str1.125174968193178473681)
                  70050713    0000001d     ti_drivers_open_close.o (.rodata.str1.13083909648175487149.1)
                  70050730    0000001d     drivers.am263px.r5f.ti-arm-clang.release.lib : uart_v0.obj (.rodata.str1.142814395268246240721)
                  7005074d    0000001d                                                  : mcspi_v0.obj (.rodata.str1.171925388543524077211)
                  7005076a    0000001d     nortos.am263px.r5f.ti-arm-clang.release.lib : TimerP_rti_priv.obj (.rodata.str1.27974953896521033811)
                  70050787    00000001     --HOLE-- [fill = 0]
                  70050788    0000001c     BQ25751.o (.rodata..Lswitch.table.BQ25751_read_faults)
                  700507a4    0000001c     logger.o (.rodata.str1.10253156068257962407.1)
                  700507c0    0000001c     logger.o (.rodata.str1.12893940535876439382.1)
                  700507dc    0000001c     logger.o (.rodata.str1.16946937258229686214.1)
                  700507f8    0000001b     logger.o (.rodata.str1.10289081750774512625.1)
                  70050813    0000001b     drivers.am263px.r5f.ti-arm-clang.release.lib : edma.obj (.rodata.str1.16266241636797238661)
                  7005082e    0000001b     nortos.am263px.r5f.ti-arm-clang.release.lib : ClockP_nortos.obj (.rodata.str1.47646432807403639741)
                  70050849    0000001b     ti_drivers_open_close.o (.rodata.str1.5509699957385355460.1)
                  70050864    0000001b     logger.o (.rodata.str1.6452265960373237926.1)
                  7005087f    0000001a     drivers.am263px.r5f.ti-arm-clang.release.lib : edma.obj (.rodata.str1.124702968117785801901)
                  70050899    0000001a     nortos.am263px.r5f.ti-arm-clang.release.lib : ClockP_nortos_r5.obj (.rodata.str1.133203246495064227641)
                  700508b3    0000001a     board.o (.rodata.str1.15102135329570516791.1)
                  700508cd    0000001a     BQ25751.o (.rodata.str1.15227057180538999327.1)
                  700508e7    0000001a     drivers.am263px.r5f.ti-arm-clang.release.lib : soc_rcm.obj (.rodata.str1.153801437654618082741)
                  70050901    0000001a                                                  : mcspi_v0.obj (.rodata.str1.169212516063846095031)
                  7005091b    0000001a                                                  : i2c_v1.obj (.rodata.str1.65627606760091541251)
                  70050935    0000001a                                                  : mcspi_v0.obj (.rodata.str1.99640994410596514241)
                  7005094f    00000019     ti_drivers_open_close.o (.rodata.str1.14059614886583751700.1)
                  70050968    00000019     nortos.am263px.r5f.ti-arm-clang.release.lib : TimerP_rti_priv.obj (.rodata.str1.160914699991520874261)
                  70050981    00000019     ti_drivers_open_close.o (.rodata.str1.7332975063418302059.1)
                  7005099a    00000002     --HOLE-- [fill = 0]
                  7005099c    00000018     drivers.am263px.r5f.ti-arm-clang.release.lib : soc.obj (.rodata..Lswitch.table.SOC_getAdcReferenceStatus)
                  700509b4    00000004     nortos.am263px.r5f.ti-arm-clang.release.lib : CacheP_armv7r.obj (.rodata.gCacheL1dCacheLineSize)
                  700509b8    00000018     drivers.am263px.r5f.ti-arm-clang.release.lib : i2c_v1_lld.obj (.rodata.I2C_lld_defaultMessage)
                  700509d0    00000018                                                  : soc_rcm.obj (.rodata.gControlssPllClkSrcValMap)
                  700509e8    00000018                                                  : soc_rcm.obj (.rodata.gCptsClkSrcValMap)
                  70050a00    00000018                                                  : soc_rcm.obj (.rodata.gI2cClkSrcValMap)
                  70050a18    00000018                                                  : soc_rcm.obj (.rodata.gLinUartClkSrcValMap)
                  70050a30    00000018                                                  : soc_rcm.obj (.rodata.gPeripheralClkSrcInfoMap)
                  70050a48    00000018                                                  : soc_rcm.obj (.rodata.gRtiClkSrcValMap)
                  70050a60    00000018                                                  : soc_rcm.obj (.rodata.gWdtClkSrcValMap)
                  70050a78    00000018                                                  : i2c_v1.obj (.rodata.str1.10394555129776590081)
                  70050a90    00000018     BQ25751.o (.rodata.str1.1271360048684525176.1)
                  70050aa8    00000018     drivers.am263px.r5f.ti-arm-clang.release.lib : i2c_v1.obj (.rodata.str1.145046381417982596211)
                  70050ac0    00000018                                                  : i2c_v1.obj (.rodata.str1.146157486204483244751)
                  70050ad8    00000018     logger.o (.rodata.str1.516959638814628545.1)
                  70050af0    00000018     logger.o (.rodata.str1.5671237403414969566.1)
                  70050b08    00000018     logger.o (.rodata.str1.887488774559121338.1)
                  70050b20    00000018     drivers.am263px.r5f.ti-arm-clang.release.lib : uart_v0.obj (.rodata.str1.9069738176458784971)
                  70050b38    00000018     BQ25751.o (.rodata.str1.9421605849956869534.1)
                  70050b50    00000018     logger.o (.rodata.str1.998270875404085501.1)
                  70050b68    00000017     ADS_adc.o (.rodata.str1.10043506777178288082.1)
                  70050b7f    00000017     logger.o (.rodata.str1.10127394157737690499.1)
                  70050b96    00000017     i2c_helper.o (.rodata.str1.11017991858036563943.1)
                  70050bad    00000017     drivers.am263px.r5f.ti-arm-clang.release.lib : soc_rcm.obj (.rodata.str1.141251745167226470741)
                  70050bc4    00000017     ti_drivers_open_close.o (.rodata.str1.1628183244885117158.1)
                  70050bdb    00000017     logger.o (.rodata.str1.9485715002722841782.1)
                  70050bf2    00000016     PDMtesting.o (.rodata.str1.10577412323663350067.1)
                  70050c08    00000016     drivers.am263px.r5f.ti-arm-clang.release.lib : soc_rcm.obj (.rodata.str1.107645048611228328791)
                  70050c1e    00000016     PDMtesting.o (.rodata.str1.12143205621091433229.1)
                  70050c34    00000016     logger.o (.rodata.str1.1246197995540081341.1)
                  70050c4a    00000016     logger.o (.rodata.str1.14246187852812087945.1)
                  70050c60    00000016     drivers.am263px.r5f.ti-arm-clang.release.lib : soc_rcm.obj (.rodata.str1.177369307189295936511)
                  70050c76    00000016     BQ25751.o (.rodata.str1.3974748969067114375.1)
                  70050c8c    00000016     drivers.am263px.r5f.ti-arm-clang.release.lib : soc_rcm.obj (.rodata.str1.63555232926284281011)
                  70050ca2    00000016                                                  : mcspi_v0.obj (.rodata.str1.85423015064808713541)
                  70050cb8    00000015     ti_drivers_open_close.o (.rodata.str1.11521962449680083383.1)
                  70050ccd    00000015     drivers.am263px.r5f.ti-arm-clang.release.lib : edma.obj (.rodata.str1.149652404363315708211)
                  70050ce2    00000015     ti_drivers_open_close.o (.rodata.str1.17912154466570466874.1)
                  70050cf7    00000015     drivers.am263px.r5f.ti-arm-clang.release.lib : adc.obj (.rodata.str1.20431844208594508061)
                  70050d0c    00000015     nortos.am263px.r5f.ti-arm-clang.release.lib : SemaphoreP_nortos.obj (.rodata.str1.30861210816963497001)
                  70050d21    00000015     BQ25751.o (.rodata.str1.453300746779397769.1)
                  70050d36    00000015     logger.o (.rodata.str1.8545315102583907144.1)
                  70050d4b    00000014     drivers.am263px.r5f.ti-arm-clang.release.lib : mcspi_v0_lld.obj (.rodata.str1.147988882001261723701)
                  70050d5f    00000014                                                  : edma.obj (.rodata.str1.176595599180530855901)
                  70050d73    00000014                                                  : mcspi_v0.obj (.rodata.str1.34611452835214624521)
                  70050d87    00000014     ti_drivers_open_close.o (.rodata.str1.3622116258035701796.1)
                  70050d9b    00000014     drivers.am263px.r5f.ti-arm-clang.release.lib : edma.obj (.rodata.str1.41785049815304208531)
                  70050daf    00000014                                                  : edma.obj (.rodata.str1.93700429500326477781)
                  70050dc3    00000013                                                  : soc_rcm.obj (.rodata.str1.30734103837947208761)
                  70050dd6    00000013     testing.o (.rodata.str1.761491514650110821.1)
                  70050de9    00000013     testing.o (.rodata.str1.8954517940817656586.1)
                  70050dfc    00000013     drivers.am263px.r5f.ti-arm-clang.release.lib : uart_v0.obj (.rodata.str1.9980655952161290391)
                  70050e0f    00000012                                                  : uart_v0.obj (.rodata.str1.166492982902436568231)
                  70050e21    00000012                                                  : uart_v0.obj (.rodata.str1.171120843061886446841)
                  70050e33    00000012                                                  : edma.obj (.rodata.str1.41579851849113419871)
                  70050e45    00000012     BQ25751.o (.rodata.str1.5958878973536578819.1)
                  70050e57    00000012     ti_drivers_open_close.o (.rodata.str1.6538372684047993024.1)
                  70050e69    00000012     drivers.am263px.r5f.ti-arm-clang.release.lib : soc_rcm.obj (.rodata.str1.67217821191364965911)
                  70050e7b    00000011                                                  : edma.obj (.rodata.str1.117215064595961288031)
                  70050e8c    00000011     ti_drivers_open_close.o (.rodata.str1.12213835641041270557.1)
                  70050e9d    00000011     logger.o (.rodata.str1.13406532556922755089.1)
                  70050eae    00000011     drivers.am263px.r5f.ti-arm-clang.release.lib : uart_v0.obj (.rodata.str1.16967668833904919061)
                  70050ebf    00000011     BQ25751.o (.rodata.str1.17099517407219647408.1)
                  70050ed0    00000011     drivers.am263px.r5f.ti-arm-clang.release.lib : edma.obj (.rodata.str1.28692048193800818901)
                  70050ee1    00000011     nortos.am263px.r5f.ti-arm-clang.release.lib : ClockP_nortos.obj (.rodata.str1.37923443167824241621)
                  70050ef2    00000011                                                 : TimerP_rti_priv.obj (.rodata.str1.44101942245516082551)
                  70050f03    00000011     logger.o (.rodata.str1.4633242734696342979.1)
                  70050f14    00000011     ti_drivers_open_close.o (.rodata.str1.6292539624901818759.1)
                  70050f25    00000003     --HOLE-- [fill = 0]
                  70050f28    00000010     drivers.am263px.r5f.ti-arm-clang.release.lib : soc.obj (.rodata.cst16)
                  70050f38    00000010                                                  : mcspi_v0.obj (.rodata.str1.153145657127816401141)
                  70050f48    00000010     ti_drivers_open_close.o (.rodata.str1.15574074207268991336.1)
                  70050f58    00000010     drivers.am263px.r5f.ti-arm-clang.release.lib : edma.obj (.rodata.str1.18778444954996405781)
                  70050f68    00000010                                                  : i2c_v1.obj (.rodata.str1.55879311564180241041)
                  70050f78    00000010     ti_drivers_open_close.o (.rodata.str1.6437641722977580707.1)
                  70050f88    0000000f     drivers.am263px.r5f.ti-arm-clang.release.lib : edma.obj (.rodata.str1.111354322338949310841)
                  70050f97    0000000f                                                  : edma.obj (.rodata.str1.144551280152329776181)
                  70050fa6    0000000f                                                  : i2c_v1.obj (.rodata.str1.20248951868514646131)
                  70050fb5    0000000f                                                  : edma.obj (.rodata.str1.2759273541325923811)
                  70050fc4    0000000f                                                  : mcspi_v0.obj (.rodata.str1.43973954253821070511)
                  70050fd3    0000000f     board.o (.rodata.str1.834004997606947946.1)
                  70050fe2    0000000f     drivers.am263px.r5f.ti-arm-clang.release.lib : edma.obj (.rodata.str1.92547749779646142691)
                  70050ff1    0000000e                                                  : edma.obj (.rodata.str1.19244332700943948511)
                  70050fff    0000000e                                                  : edma.obj (.rodata.str1.46057082369026546831)
                  7005100d    0000000e                                                  : edma.obj (.rodata.str1.46782315602798139861)
                  7005101b    0000000e     ti_drivers_open_close.o (.rodata.str1.5205884736402799790.1)
                  70051029    0000000d     ti_drivers_open_close.o (.rodata.str1.10450075619424269387.1)
                  70051036    0000000d     drivers.am263px.r5f.ti-arm-clang.release.lib : edma.obj (.rodata.str1.121775923823351643201)
                  70051043    0000000d     ti_drivers_open_close.o (.rodata.str1.16905510790704221133.1)
                  70051050    0000000d     nortos.am263px.r5f.ti-arm-clang.release.lib : TimerP_rti_priv.obj (.rodata.str1.31870447354226168941)
                  7005105d    0000000d     drivers.am263px.r5f.ti-arm-clang.release.lib : adc.obj (.rodata.str1.70150695697723348971)
                  7005106a    0000000d     testing.o (.rodata.str1.9119961215068324276.1)
                  70051077    00000001     --HOLE-- [fill = 0]
                  70051078    0000000c     drivers.am263px.r5f.ti-arm-clang.release.lib : mcspi_v0_lld.obj (.rodata..Lswitch.table.MCSPI_lld_controllerIsr.1)
                  70051084    0000000c                                                  : mcspi_v0_lld.obj (.rodata..Lswitch.table.MCSPI_lld_controllerIsr)
                  70051090    0000000c                                                  : soc.obj (.rodata..Lswitch.table.SOC_enableAdcReferenceMonitor)
                  7005109c    0000000c     logger.o (.rodata..Lswitch.table.print_log)
                  700510a8    0000000c     BQ25751.o (.rodata.str1.17511979226281833584.1)
                  700510b4    0000000c     nortos.am263px.r5f.ti-arm-clang.release.lib : ClockP_nortos_r5.obj (.rodata.str1.177642182983587376931)
                  700510c0    0000000c     drivers.am263px.r5f.ti-arm-clang.release.lib : mcspi_v0.obj (.rodata.str1.69169362540279301091)
                  700510cc    0000000c                                                  : edma.obj (.rodata.str1.73371482538137472541)
                  700510d8    0000000c     logger.o (.rodata.str1.7498274428696469886.1)
                  700510e4    0000000b     drivers.am263px.r5f.ti-arm-clang.release.lib : mcspi_v0.obj (.rodata.str1.169287378047891341191)
                  700510ef    0000000b                                                  : uart_v0.obj (.rodata.str1.174466331461201984741)
                  700510fa    0000000b                                                  : uart_v0.obj (.rodata.str1.23952661867579505821)
                  70051105    0000000b                                                  : mcspi_v0.obj (.rodata.str1.248655060218483491)
                  70051110    0000000b     board.o (.rodata.str1.673658226405435322.1)
                  7005111b    0000000b     drivers.am263px.r5f.ti-arm-clang.release.lib : edma.obj (.rodata.str1.8716574913843167321)
                  70051126    0000000a                                                  : soc_rcm.obj (.rodata.str1.102656642322745120751)
                  70051130    0000000a                                                  : edma.obj (.rodata.str1.11281620503267214511)
                  7005113a    0000000a     logger.o (.rodata.str1.13114922096505101489.1)
                  70051144    0000000a     drivers.am263px.r5f.ti-arm-clang.release.lib : uart_v0.obj (.rodata.str1.4680544719311723101)
                  7005114e    0000000a                                                  : uart_v0.obj (.rodata.str1.62285611621840673441)
                  70051158    0000000a                                                  : edma.obj (.rodata.str1.94390198658697638781)
                  70051162    0000000a                                                  : i2c_v1.obj (.rodata.str1.97456980245303321621)
                  7005116c    0000000a                                                  : uart_v0.obj (.rodata.str1.98976386761529848021)
                  70051176    00000009     libc.a : _scanfi.c.obj (.rodata.str1.12964984209033246150.1)
                  7005117f    00000009     drivers.am263px.r5f.ti-arm-clang.release.lib : i2c_v1.obj (.rodata.str1.60490558749180274121)
                  70051188    00000008     libc.a : _scanfi.c.obj (.rodata..L__const._sproc_float.special)
                  70051190    00000008     logger.o (.rodata.str1.11411971380641413352.1)
                  70051198    00000008     logger.o (.rodata.str1.3193577328096652195.1)
                  700511a0    00000006     libc.a : _scanfi.c.obj (.rodata._sproc_int.barr)
                  700511a6    00000006     drivers.am263px.r5f.ti-arm-clang.release.lib : soc_rcm.obj (.rodata.str1.53743240983164125611)
                  700511ac    00000006     logger.o (.rodata.str1.9978879681667430888.1)
                  700511b2    00000005     BQ25751.o (.rodata.str1.1229531588138316555.1)
                  700511b7    00000005     nortos.am263px.r5f.ti-arm-clang.release.lib : printf.obj (.rodata.str1.143852280595428356391)
                  700511bc    00000005                                                 : printf.obj (.rodata.str1.23318557076440195721)
                  700511c1    00000005     BQ25751.o (.rodata.str1.2732527716459040101.1)
                  700511c6    00000005     logger.o (.rodata.str1.5950550609978457137.1)
                  700511cb    00000001     --HOLE-- [fill = 0]
                  700511cc    00000004     nortos.am263px.r5f.ti-arm-clang.release.lib : CacheP_armv7r.obj (.rodata.gCacheL1pCacheLineSize)
                  700511d0    00000004     logger.o (.rodata.str1.11268383079938446260.1)
                  700511d4    00000004     nortos.am263px.r5f.ti-arm-clang.release.lib : printf.obj (.rodata.str1.122320159353749299121)
                  700511d8    00000004     logger.o (.rodata.str1.14780196379335289893.1)
                  700511dc    00000004     BQ25751.o (.rodata.str1.17500317544630551396.1)
                  700511e0    00000004     libc.a : _scanfi.c.obj (.rodata.str1.3403580589742030990.1)
                  700511e4    00000004     nortos.am263px.r5f.ti-arm-clang.release.lib : printf.obj (.rodata.str1.81101573233442303481)
                  700511e8    00000008     --HOLE-- [fill = 0]

.bss       0    700511f0    00002af8     UNINITIALIZED
                  700511f0    00000c80     (.common:logs)
                  70051e70    00000808     (.common:gHwiCtrl)
                  70052678    00000770     ti_drivers_config.o (.bss.gMcspiObjects)
                  70052de8    0000063c     ti_drivers_config.o (.bss.gI2cObjects)
                  70053424    00000004     nortos.am263px.r5f.ti-arm-clang.release.lib : HwiP_armv7r_vim.obj (.bss.gdummy)
                  70053428    00000368     ti_drivers_config.o (.bss.gUartObjects)
                  70053790    00000120     libsysbm.a : trgmsg.c.obj (.bss:_CIOBUF_)
                  700538b0    00000100     (.common:intr_objects)
                  700539b0    000000e8     ti_drivers_config.o (.bss.gEdmaObjects)
[...]
70048de1  UART_read                          
70048fef  ClockP_init                        
700490f3  TaskP_yield                        
700490f5  UART_lld_dmaWrite                  
700491f9  MCSPI_close                        
700492f9  UART_write                         
700493f5  MCSPI_lld_initDma                  
700494e8  fputc                              
700496bf  MCSPI_lld_readWriteDma             
700497a5  init_global_interrupts             
7004987b  init_gpio                          
70049a25  print_log                          
70049af9  EDMA_unregisterIntr                
70049bc9  UART_lld_initDma                   
70049c94  getdevice                          
70049d5d  I2C_lld_mem_write                  
70049ee5  MCSPI_lld_init                     
70049fa9  BQ25751_read_reg                   
7004a069  I2C_lld_mem_read                   
7004a129  UART_lld_init                      
7004a1e9  TCA6424_config                     
7004a2a7  TCA6424_setOutput                  
7004a365  EDMA_registerIntr                  
7004a420  fseeko                             
7004a4d4  __TI_closefile                     
7004a78d  DebugP_readLine                    
7004a8db  UART_lld_read                      
7004aa29  I2C_close                          
7004aacd  I2C_lld_mem_readIntr               
7004ab71  I2C_lld_mem_writeIntr              
7004acb9  EDMA_freeDmaChannel                
7004ad59  EDMA_freeParam                     
7004adf9  EDMA_freeTcc                       
7004ae98  HOSTrename                         
7004af39  UART_lld_dmaRead                   
7004afd9  UART_lld_readIntr                  
7004b074  __TI_wrt_ok                        
7004b111  Board_ioexpOpen                    
7004b1ac  HOSTlseek                          
7004b2dd  BQ25751_write_reg                  
7004b373  BQ25856_write_reg                  
7004b409  SemaphoreP_pend                    
7004b49f  EDMA_configureChannelRegion        
7004b534  HOSTopen                           
7004b5c9  I2C_lld_init                       
7004b65d  SPI_ReadWrite                      
7004b6f1  UART_lld_readWithCounter           
7004b785  Drivers_open                       
7004b933  MCSPI_lld_peripheralIsr            
7004b9c0  close                              
7004ba4d  i2c_read_error_handler             
7004bad9  ADC_setPPBTripLimits               
7004bb61  UART_init                          
7004bbe9  UART_procLineStatusErr             
7004bc70  __TI_doflush                       
7004bcf8  HOSTread                           
7004bd7c  HOSTwrite                          
7004be85  EDMA_close                         
7004bf05  UART_flushTxFifo                   
7004bf85  Drivers_mcspiOpen                  
7004c0ff  MCSPI_initiateLastChunkTransfer    
7004c179  MCSPI_init                         
7004c2d9  MCSPI_stop                         
7004c34b  MCSPI_lld_dmaStop                  
7004c3bb  BQ25751_read_faults                
7004c429  EDMA_disableTransferRegion         
7004c497  EDMA_enableTransferRegion          
7004c504  HOSTunlink                         
7004c571  UART_lld_writeDma                  
7004c5dd  Drivers_i2cOpen                    
7004c647  UART_lld_readDma                   
7004c6af  UART_lld_writeIntr                 
7004c718  atoi                               
7004c781  digitalWrite                       
7004c7e9  CycleCounterP_init                 
7004c7f9  CycleCounterP_reset                
7004c81d  CycleCounterP_nsToTicks            
7004c849  CycleCounterP_enableUserAccess     
7004c851  SOC_controlModuleUnlockMMR         
7004c8b5  add_log                            
7004c919  init_interrupt                     
7004c97c  HOSTclose                          
7004c9dd  ClockP_timerTickIsr                
7004ca3b  MCSPI_setChDataSize                
7004ca99  GPIO_setTrigType                   
7004cb51  SOC_controlModuleLockMMR           
7004cbad  _DebugP_assert                     
7004cc60  __TI_cleanup                       
7004ccb8  __TI_readmsg                       
7004cd10  __TI_writemsg                      
7004cd5c  C$$IO$$                            
7004cd69  print_pending_logs                 
7004cdc1  ClockP_getTimeUsec                 
7004ce17  UART_intrDisable                   
7004ce6d  UART_readCancelNoCB                
7004cec3  UART_writeCancelNoCB               
7004cf19  Dpl_init                           
7004cf6c  exit                               
7004cfc0  finddevice                         
7004d014  __TI_auto_init_nobinit_nopinit     
7004d069  AddrTranslateP_getLocalAddr        
7004d10d  MCSPI_lld_deInitDma                
7004d15f  BQ25751_print_register_dump        
7004d1af  ClockP_construct                   
7004d201  EDMA_allocDmaChannel               
7004d251  EDMA_allocParam                    
7004d2a1  EDMA_allocTcc                      
7004d33f  Drivers_edmaOpen                   
7004d38d  Drivers_uartOpen                   
7004d3db  EDMA_disableChInShadowRegRegion    
7004d429  MCSPI_transferCallback             
7004d4c1  SOC_enableAdcReferenceMonitor      
7004d50d  SOC_enableAdcGlobalForce           
7004d555  SOC_enableAdcInternalReference     
7004d5e4  unlink                             
7004d673  BQ25856_init                       
7004d6fd  SOC_getAdcReferenceStatus          
7004d741  UART_Params_init                   
7004d785  UART_lld_deInitDma                 
7004d7c9  ClockP_stop                        
7004d809  EDMA_mapChToEvtQ                   
7004d849  Pinmux_config                      
7004d889  SemaphoreP_constructBinary         
7004d8c9  UART_lld_deInit                    
7004d987  SemaphoreP_constructMutex          
7004d9c5  EDMA_getBaseAddr                   
7004da3d  ClockP_destruct                    
7004da77  DebugP_uartLogWriterPutChar        
7004dab1  Module_clockSetFrequency           
7004daeb  TCA6424_open                       
7004db25  UART_lld_flushTxFifo               
7004db5f  BQ25751_init                       
7004dbd1  _DebugP_logZone                    
7004dc08  CycleCounterP_getCount32           
7004dc10  PmuP_setup                         
7004dc18  PmuP_enableCounters                
7004dc20  PmuP_disableCounters               
7004dc28  PmuP_getOverflowStatus             
7004dc30  PmuP_clearOverflowStatus           
7004dc38  PmuP_setUserEnable                 
7004dc41  EDMA_clrMissEvtRegion              
7004dc77  ClockP_start                       
7004dcad  I2C_init                           
7004dce1  MCSPI_errorCallback                
7004dd15  Module_clockDisable                
7004dd49  Module_clockEnable                 
7004dd7d  SOC_enableAdcDacLoopback           
7004de18  lseek                              
7004de4c  write                              
7004de81  ClockP_usleep                      
7004deb3  EDMA_unmapChToEvtQ                 
7004dee5  SemaphoreP_post                    
7004df17  DebugP_scanf                       
7004dfa9  adc_to_current_LM74930             
7004dfd9  EDMA_enableChInShadowRegRegion     
7004e007  I2C_lld_deInit                     
7004e035  System_init                        
7004e091  DebugP_shmLogReaderInit            
7004e0bd  I2C_getHandle                      
7004e0e9  SOC_rcmGetR5Clock                  
7004e115  UART_getHandle                     
7004e141  adc_to_current_HSS_MB              
7004e16d  adc_to_current_TPS                 
7004e198  vsscanf                            
7004e1ed  GPIO_setDirMode                    
7004e23d  SOC_moduleSetClockFrequency        
7004e265  read_ext_ADC                       
7004e28d  ClockP_sleep                       
7004e2b3  EDMA_setPaRAM                      
7004e2d9  I2C_lld_transferIntr               
7004e2ff  I2C_lld_transferPoll               
7004e325  UART_lld_dmaDisableChannel         
7004e3dc  __aeabi_uldivmod                   
7004e401  int_adc_to_voltage                 
7004e425  vprintf_                           
7004e449  EDMA_linkChannel                   
7004e48d  System_deinit                      
7004e4af  print_logs                         
7004e4d1  DebugP_logZoneEnable               
7004e4f1  I2C_lld_Message_init               
7004e531  TimerP_Params_initPriv             
7004e551  UART_getChar                       
7004e571  Board_driversOpen                  
7004e58f  TCA6424_close                      
7004e5ad  UART_spaceAvail                    
7004e63d  MCSPI_lld_deInit                   
7004e659  SOC_rcmIsR5FInLockStepMode         
7004e691  main                               
7004e6e4  TI_memcpy_small                    
7004e701  CSL_armR5GetCpuID                  
7004e71b  EDMA_readEventStatusRegion         
7004e751  I2C_deinit                         
7004e769  MCSPI_deinit                       
7004e781  MCSPI_lld_dmaInit                  
7004e799  TimerP_getCountPriv                
7004e7b1  UART_deinit                        
7004e7c9  clear_logs                         
7004e7e0  TI_memset_small                    
7004e7f9  I2C_lld_Transaction_init           
7004e80f  MCSPI_reset                        
7004e825  UART_IsTxRxFifoEmpty               
7004e83b  UART_getIntrIdentityStatus         
7004e867  ClockP_usecToTicks                 
7004e87b  EDMA_getRegionId                   
7004e88f  UART_Transaction_init              
7004e8b7  ADC_setMode                        
7004e8ed  UART_operatingModeSelect           
7004e8ff  UART_readLineStatus                
7004e911  putchar_                           
7004e923  GPIO_bankIntrDisable               
7004e933  UART_intr2Disable                  
7004e944  __aeabi_memset                     
7004e944  __aeabi_memset4                    
7004e944  __aeabi_memset8                    
7004e964  putchar                            
7004e975  EDMA_ccPaRAMEntry_init             
7004e983  GPIO_bankIntrEnable                
7004e99f  Pinmux_init                        
7004e9ad  PowerClock_init                    
7004e9bb  ClockP_getTicks                    
7004e9c7  DebugP_uartSetDrvIndex             
7004e9d3  EDMA_isInitialized                 
7004e9e1  I2C_Transaction_init               
7004e9ed  SOC_getSelfCpuClk                  
7004e9f9  TCA6424_Params_init                
7004ea04  __aeabi_errno_addr                 
7004ea10  __aeabi_memclr                     
7004ea10  __aeabi_memclr4                    
7004ea10  __aeabi_memclr8                    
7004ea1c  malloc                             
7004ea28  CSL_armR5ReadMpidrReg              
7004ea35  ClockP_Params_init                 
7004ea4d  ClockP_isActive                    
7004ea57  TimerP_getReloadCountPriv          
7004ea61  TimerP_startPriv                   
7004ea6b  UART_lld_Transaction_deInit        
7004ea74  C$$EXIT                            
7004ea74  HOSTexit                           
7004ea7d  TimerP_clearOverflowIntPriv        
7004ea8d  EDMA_isInterruptEnabled            
7004ea93  SOC_moduleClockEnable              
7004ea9f  PowerClock_deinit                  
7004eaa3  TimerP_Params_init                 
7004eaa7  TimerP_clearOverflowInt            
7004eaab  TimerP_getCount                    
7004eaaf  TimerP_getReloadCount              
7004eab3  TimerP_setup                       
7004eab7  TimerP_start                       
7004eabc  __aeabi_idiv0                      
7004eac0  __aeabi_ldiv0                      
7004eac4  __aeabi_memcpy                     
7004eac4  __aeabi_memcpy4                    
7004eac4  __aeabi_memcpy8                    
7004eac8  _nop                               
7004eacc  fseek                              
7004ead0  remove                             
7004eb00  test_results                       
7004efb0  bq25751_registers                  
7004f110  __aeabi_ctype_table_               
7004f110  __aeabi_ctype_table_C              
7004f211  test_cases                         
7004f3a4  gCacheConfig                       
7004f3ac  gMpuConfig                         
7004f3b8  gMpuRegionConfig                   
7004f4c0  gADPLLJConfigTbl                   
7004ff70  I2C_defaultTransaction             
700509b4  gCacheL1dCacheLineSize             
700509b8  I2C_lld_defaultMessage             
70050a30  gPeripheralClkSrcInfoMap           
700511cc  gCacheL1pCacheLineSize             
700511f0  __BSS_START                        
700511f0  logs                               
70051e70  gHwiCtrl                           
70053790  _CIOBUF_                           
70053790  __CIOBUF_                          
700538b0  intr_objects                       
70053b44  __TI_tmpnams                       
70053be4  gDebugShmLogReaderCtrl             
70053c78  gClockCtrl                         
70053cb0  virtToPhymap                       
70053cc0  gI2cHandle                         
70053ccc  parmbuf                            
70053cd4  gMcspiHandle                       
70053cdc  gEdmaHandle                        
70053ce0  gUartHandle                        
70053ce6  BQ25751_timer_en                   
70053ce8  __BSS_END                          
70053ce8  _sys_memory                        
7005bce8  __stack                            
7005fce8  __STACK_END                        
7005fce9  HwiP_enableInt                     
7005fd11  HwiP_disableInt                    
7005fd43  HwiP_restoreInt                    
7005fd99  HwiP_clearInt                      
7005fdb9  HwiP_post                          
7005fde1  HwiP_Params_init                   
7005fdf3  HwiP_construct                     
7005ff3b  HwiP_destruct                      
7006000d  HwiP_init                          
700600cf  HwiP_inISR                         
700600eb  HwiP_irq_handler_c                 
7006016f  HwiP_fiq_handler                   
7006021f  HwiP_reserved_handler              
7006024d  HwiP_undefined_handler_c           
7006026b  HwiP_user_undefined_handler_c      
7006027f  HwiP_svc_handler                   
700602ad  HwiP_prefetch_abort_handler_c      
70060327  HwiP_user_prefetch_abort_handler_c 
70060337  HwiP_data_abort_handler_c          
700603b7  HwiP_user_data_abort_handler_c     
700603c8  HwiP_irq_handler                   
7006043c  HwiP_data_abort_handler            
70060480  HwiP_prefetch_abort_handler        
700604cc  HwiP_undefined_handler             
700604fc  GET_DFSR                           
70060504  GET_ADFSR                          
7006050c  GET_DFAR                           
70060514  GET_IFSR                           
7006051c  GET_AIFSR                          
70060524  GET_IFAR                           
7006052c  GET_SPSR                           
70060544  HwiP_disable                       
70060554  HwiP_disableFIQ                    
70060564  HwiP_enable                        
70060574  HwiP_enableFIQ                     
70060584  HwiP_restore                       
7006058c  HwiP_enableVIC                     
7006059c  HwiP_disableVIC                    
700605ac  HwiP_getCPSR                       
700605c0  CacheP_disableL1d                  
700605e8  CacheP_disableL1p                  
70060600  CacheP_enableL1d                   
70060618  CacheP_enableL1p                   
70060630  CacheP_invL1d                      
70060668  CacheP_invL1p                      
700606a4  CacheP_invL1dAll                   
700606ac  CacheP_invL1pAll                   
700606b4  CacheP_wb                          
700606f0  CacheP_wbInv                       
7006072c  CacheP_wbAll                       
700607d4  CacheP_wbInvAll                    
700607ec  CacheP_wbInvAllAsm                 
7006088c  CacheP_getEnabled                  
700608c4  CacheP_getCacheLevelInfo           
700608d0  CacheP_configForceWrThru           
700608f0  CacheP_setDLFO                     
70060901  CacheP_init                        
70060959  CacheP_disable                     
70060993  CacheP_enable                      
700609b3  CacheP_inv                         
700609f1  MpuP_getAttrs                      
70060a31  MpuP_RegionAttrs_init              
70060a3f  MpuP_setRegion                     
70060ab9  MpuP_isEnable                      
70060abd  MpuP_disable                       
70060aef  MpuP_enable                        
70060b2b  MpuP_init                          
70060b8d  MpuP_isUserAuthorizedToAccessMemory
70060bf4  MpuP_disableAsm                    
70060c0c  MpuP_disableBRAsm                  
70060c1c  MpuP_enableAsm                     
70060c34  MpuP_enableBRAsm                   
70060c44  MpuP_isEnableAsm                   
70060c58  MpuP_setRegionAsm                  
70060c80  _c_int00_sbl                       
70060ca4  _c_int00                           
70060dc5  _DebugP_assertNoLog                
70060de3  _system_pre_init                   
70060dff  __mpu_init                         
70060e10  abort                              
70060e18  gMcspiDmaHandle                    
70060e18  gUartDmaHandle                     
70060f10  _ftable                            
7006125c  intr_pins                          
700612dc  _device                            
70061354  gUartParams                        
700613ac  _stream                            
7006148c  gSpi0ChCfg                         
700614cc  gSpi1ChCfg                         
7006150c  gSocModulesClockFrequency          
70061548  gMcspiOpenParams                   
70061570  gI2cParams                         
70061594  ext_adc0                           
700615b0  ext_adc1                           
700615cc  gClockConfig                       
700615e4  gI2cConfig                         
700615fc  gSocModules                        
70061610  gMcspiConfig                       
70061620  gAddrTranslateConfig               
7006162c  __TI_cleanup_ptr                   
70061630  __TI_dtors_ptr                     
70061634  __TI_ft_end                        
70061638  BQ25751_timer                      
70061640  gConfigMcspiChCfg                  
70061648  gEdmaConfig                        
70061650  gEdmaParams                        
70061658  gMcspiDmaChConfig                  
70061660  gMcspiNumCh                        
70061670  gUartConfig                        
70061680  __aeabi_errno                      
70061684  _lock                              
70061688  _unlock                            
7006168c  gDebugLogZone                      
70061690  gDebugP_uartDrvIndex               
70061694  gEdmaConfigNum                     
70061698  gHwiConfig                         
7006169c  gI2cConfigNum                      
700616a0  gMcspiConfigNum                    
700616a4  gUartConfigNum                     
700616a8  gUartDmaChConfig                   
700616ac  test                               
700616b2  logs_length                        
700616b5  isMapAvailable                     
700616c0  __IRQ_STACK_START                  
700617c0  __FIQ_STACK_START                  
700617c0  __IRQ_STACK_END                    
700618c0  __FIQ_STACK_END                    
700618c0  __SVC_STACK_START                  
700628c0  __ABORT_STACK_START                
700628c0  __SVC_STACK_END                    
700629c0  __ABORT_STACK_END                  
700629c0  __UNDEFINED_STACK_START            
70062ac0  __UNDEFINED_STACK_END              
701d4000  gDebugShmLog                       
ffffffff  __TI_pprof_out_hndl                
ffffffff  __TI_prof_data_size                
ffffffff  __TI_prof_data_start               
ffffffff  __binit__                          
ffffffff  binit                              
UNDEFED   __TI_CINIT_Base                    
UNDEFED   __TI_CINIT_Limit                   
UNDEFED   __TI_Handler_Table_Base            
UNDEFED   __TI_Handler_Table_Limit           
UNDEFED   _system_post_cinit                 

[515 symbols]
