******************************************************************************
            TI ARM Clang Linker PC v4.0.2                      
******************************************************************************
>> Linked Tue Jun 10 12:07:19 2025

OUTPUT FILE NAME:   <second_stage_PDM_testing.out>
ENTRY POINT SYMBOL: "_vectors"  address: 00000000


MEMORY CONFIGURATION

         name            origin    length      used     unused   attr    fill
----------------------  --------  ---------  --------  --------  ----  --------
  R5F_VECS              00000000   00000040  00000040  00000000  RWIX
  R5F_TCMA              00000040   00007fc0  00000000  00007fc0  RWIX
  R5F_TCMB              00080000   00008000  00000000  00008000  RWIX
  MAILBOX_HSM           44000000   000003ce  00000000  000003ce  RWIX
  MAILBOX_R5F           44000400   000003ce  00000000  000003ce  RWIX
  FLASH                 60100000   00080000  00000000  00080000  RWIX
  SBL                   70000000   00040000  00000000  00040000  RWIX
  OCRAM                 70040000   00040000  0001db68  00022498  RWIX
  USER_SHM_MEM          701d0000   00004000  00000000  00004000  RWIX
  LOG_SHM_MEM           701d4000   00004000  00002000  00002000  RWIX
  RTOS_NORTOS_IPC_SHM_M 72000000   00003e80  00000000  00003e80  RWIX


SEGMENT ALLOCATION MAP

run origin  load origin   length   init length attrs members
----------  ----------- ---------- ----------- ----- -------
00000000    00000000    00000040   00000040    r-x
  00000000    00000000    00000040   00000040    r-x .vectors
70040000    70040000    0000e3c8   00000000    rw-
  70040000    70040000    000023c8   00000000    rw- .bss
  700423c8    700423c8    00008000   00000000    rw- .sysmem
  7004a3c8    7004a3c8    00004000   00000000    rw- .stack
7004e3e0    7004e3e0    0000dcc0   0000dcc0    r-x
  7004e3e0    7004e3e0    0000ba80   0000ba80    r-x .text
  70059e60    70059e60    00001110   00001110    r-- .rodata
  7005af70    7005af70    000008d8   000008d8    r-x .text.hwi
  7005b848    7005b848    00000430   00000430    r-x .text.cache
  7005bc78    7005bc78    00000290   00000290    r-x .text.mpu
  7005bf08    7005bf08    00000190   00000190    r-x .text.boot
  7005c098    7005c098    00000008   00000008    r-x .text:abort
7005c0a0    7005c0a0    00001ae0   000006e0    rw-
  7005c0a0    7005c0a0    000006e0   000006e0    rw- .data
  7005c780    7005c780    00000100   00000000    rw- .irqstack
  7005c880    7005c880    00000100   00000000    rw- .fiqstack
  7005c980    7005c980    00001000   00000000    rw- .svcstack
  7005d980    7005d980    00000100   00000000    rw- .abortstack
  7005da80    7005da80    00000100   00000000    rw- .undefinedstack


SECTION ALLOCATION MAP

 output                                  attributes/
section   page    origin      length       input sections
--------  ----  ----------  ----------   ----------------
.vectors   0    00000000    00000040     
                  00000000    00000040     nortos.am263px.r5f.ti-arm-clang.release.lib : HwiP_armv7r_vectors_nortos_asm.obj (.vectors)

.bss       0    70040000    000023c8     UNINITIALIZED
                  70040000    00000c80     (.common:logs)
                  70040c80    00000808     (.common:gHwiCtrl)
                  70041488    00000770     ti_drivers_config.o (.bss.gMcspiObjects)
                  70041bf8    00000368     ti_drivers_config.o (.bss.gUartObjects)
                  70041f60    00000120     libsysbm.a : trgmsg.c.obj (.bss:_CIOBUF_)
                  70042080    000000e8     ti_drivers_config.o (.bss.gEdmaObjects)
                  70042168    000000c0     (.common:intr_objects)
                  70042228    000000a0     libc.a : defs.c.obj (.bss.__TI_tmpnams)
                  700422c8    00000090     (.common:gDebugShmLogReaderCtrl)
                  70042358    00000038     (.common:gClockCtrl)
                  70042390    00000010     (.common:virtToPhymap)
                  700423a0    00000008     libsysbm.a : hostopen.c.obj (.bss.parmbuf)
                  700423a8    00000008     (.common:gMcspiHandle)
                  700423b0    00000004     nortos.am263px.r5f.ti-arm-clang.release.lib : HwiP_armv7r_vim.obj (.bss.gdummy)
                  700423b4    00000004     libc.a : memory.c.obj (.bss.sys_free)
                  700423b8    00000004     (.common:gEdmaHandle)
                  700423bc    00000004     (.common:gUartHandle)
                  700423c0    00000001     PDMtesting.o (.bss.PDM_testing.user_input_test_number)
                  700423c1    00000007     --HOLE--

.sysmem    0    700423c8    00008000     UNINITIALIZED
                  700423c8    00000010     libc.a : memory.c.obj (.sysmem)
                  700423d8    00007ff0     --HOLE--

.stack     0    7004a3c8    00004000     UNINITIALIZED
                  7004a3c8    00000004     nortos.am263px.r5f.ti-arm-clang.release.lib : boot_armv7r_asm.obj (.stack)
                  7004a3cc    00003ffc     --HOLE--

.text      0    7004e3e0    0000ba80     
                  7004e3e0    00001328     libc.a : _scanfi.c.obj (.text.__TI_scanfi)
                  7004f708    00000758     ti_drivers_open_close.o (.text.Drivers_adcOpen)
                  7004fe60    00000580     nortos.am263px.r5f.ti-arm-clang.release.lib : printf.obj (.text._vsnprintf)
                  700503e0    000004d4     libc.a : strtod.c.obj (.text.strtod)
                  700508b4    000004cc     drivers.am263px.r5f.ti-arm-clang.release.lib : soc_rcm.obj (.text.SOC_rcmEnablePeripheralClock)
                  70050d80    00000400     nortos.am263px.r5f.ti-arm-clang.release.lib : printf.obj (.text._ftoa)
                  70051180    00000390     libc.a : strcmp32.S.obj (.text:strcmp)
                  70051510    00000310     nortos.am263px.r5f.ti-arm-clang.release.lib : printf.obj (.text._etoa)
                  70051820    000002a8     drivers.am263px.r5f.ti-arm-clang.release.lib : uart_v0.obj (.text.UART_open)
                  70051ac8    00000298                                                  : mcspi_v0.obj (.text.MCSPI_open)
                  70051d60    0000027c                                                  : edma.obj (.text.EDMA_init)
                  70051fdc    0000027c     libc.a : strtoll.c.obj (.text.strtoll)
                  70052258    00000250     drivers.am263px.r5f.ti-arm-clang.release.lib : soc_rcm.obj (.text.SOC_rcmSetPeripheralClock)
                  700524a8    00000248     libc.a : strtoull.c.obj (.text.strtoull)
                  700526f0    0000023c     drivers.am263px.r5f.ti-arm-clang.release.lib : uart_v0_lld.obj (.text.UART_configInstance)
                  7005292c    00000230                                                  : mcspi_dma_edma.obj (.text.MCSPI_lld_dmaTransfer)
                  70052b5c    0000020c                                                  : edma.obj (.text.EDMA_errorIsrFxn)
                  70052d68    00000204                                                  : edma.obj (.text.EDMA_freeChannelRegion)
                  70052f6c    000001f8     libc.a : strtol.c.obj (.text.strtol)
                  70053164    000001ec            : strtoul.c.obj (.text.strtoul)
                  70053350    000001e8     drivers.am263px.r5f.ti-arm-clang.release.lib : mcspi_v0_lld.obj (.text.MCSPI_lld_controllerIsr)
                  70053538    000001e2     ti_drivers_config.o (.text.GPIO_init)
                  7005371a    00000002     ti_board_config.o (.text.Board_deinit)
                  7005371c    000001d0     libclang_rt.builtins.a : udivsi3.S.obj (.text.__udivsi3)
                  700538ec    000001c0     drivers.am263px.r5f.ti-arm-clang.release.lib : mcspi_dma_edma.obj (.text.MCSPI_lld_dmaChInit)
                  70053aac    000001a8                                                  : mcspi_v0_lld.obj (.text.MCSPI_lld_chConfig)
                  70053c54    000001a8     libc.a : memory.c.obj (.text.free)
                  70053dfc    000001a4            : memory.c.obj (.text.aligned_alloc)
                  70053fa0    00000194     drivers.am263px.r5f.ti-arm-clang.release.lib : uart_dma_edma.obj (.text.UART_lld_dmaInit)
                  70054134    00000164                                                  : edma.obj (.text.EDMA_open)
                  70054298    00000160                                                  : edma.obj (.text.EDMA_deinit)
                  700543f8    00000150     libc.a : s_scalbn.c.obj (.text.scalbn)
                  70054548    0000014e     drivers.am263px.r5f.ti-arm-clang.release.lib : uart_dma_edma.obj (.text.UART_lld_dmaDeInit)
                  70054696    0000014c                                                  : mcspi_dma_edma.obj (.text.MCSPI_lld_dmaDeInit)
                  700547e2    00000002     ti_board_config.o (.text.Board_init)
                  700547e4    00000144     libc.a : setvbuf.c.obj (.text.setvbuf)
                  70054928    00000140     nortos.am263px.r5f.ti-arm-clang.release.lib : TimerP_rti_priv.obj (.text.TimerP_setupPriv)
                  70054a68    0000013c     drivers.am263px.r5f.ti-arm-clang.release.lib : soc.obj (.text.SOC_virtToPhy)
                  70054ba4    00000138                                                  : uart_v0.obj (.text.UART_close)
                  70054cdc    00000132     nortos.am263px.r5f.ti-arm-clang.release.lib : printf.obj (.text._ntoa_format)
                  70054e0e    0000011a     drivers.am263px.r5f.ti-arm-clang.release.lib : uart_v0_lld.obj (.text.UART_lld_controllerIsr)
                  70054f28    00000118                                                  : edma.obj (.text.Alloc_resource)
                  70055040    00000118     libclang_rt.builtins.a : udivmoddi4.S.obj (.text)
                  70055158    00000114     drivers.am263px.r5f.ti-arm-clang.release.lib : soc_rcm.obj (.text.SOC_rcmGetPeripheralClockFrequency)
                  7005526c    0000010e                                                  : uart_v0_lld.obj (.text.UART_lld_write)
                  7005537a    0000010a     board.o (.text.init_gpio)
                  70055484    00000108     drivers.am263px.r5f.ti-arm-clang.release.lib : edma.obj (.text.EDMA_transferCompletionMasterIsrFxn)
                  7005558c    00000108                                                  : uart_v0.obj (.text.UART_read)
                  70055694    00000106                                                  : mcspi_v0_lld.obj (.text.MCSPI_continuePeripheralTxRx)
                  7005579a    00000104     nortos.am263px.r5f.ti-arm-clang.release.lib : ClockP_nortos_r5.obj (.text.ClockP_init)
                  7005589e    00000002                                                 : DebugP_nortos.obj (.text.DebugP_shmLogReaderTaskCreate)
                  700558a0    00000104     drivers.am263px.r5f.ti-arm-clang.release.lib : uart_dma_edma.obj (.text.UART_lld_dmaWrite)
                  700559a4    00000100                                                  : mcspi_v0.obj (.text.MCSPI_close)
                  70055aa4    000000fc                                                  : uart_v0.obj (.text.UART_write)
                  70055ba0    000000f4                                                  : mcspi_v0_lld.obj (.text.MCSPI_lld_initDma)
                  70055c94    000000f0     libc.a : fputc.c.obj (.text.fputc)
                  70055d84    000000e6     drivers.am263px.r5f.ti-arm-clang.release.lib : mcspi_dma_edma.obj (.text.MCSPI_edmaIsrTx)
                  70055e6a    000000d6     board.o (.text.GPIO_bankIsrFxn)
                  70055f40    000000d4     libc.a : sscanf.c.obj (.text._chkmbc)
                  70056014    000000d0     drivers.am263px.r5f.ti-arm-clang.release.lib : edma.obj (.text.EDMA_unregisterIntr)
                  700560e4    000000d0     ti_drivers_config.o (.text.GPIO_deinit)
                  700561b4    000000cc     drivers.am263px.r5f.ti-arm-clang.release.lib : uart_v0_lld.obj (.text.UART_lld_initDma)
                  70056280    000000c8     libc.a : getdevice.c.obj (.text.getdevice)
                  70056348    000000c4     drivers.am263px.r5f.ti-arm-clang.release.lib : mcspi_v0_lld.obj (.text.MCSPI_lld_init)
                  7005640c    000000c0                                                  : uart_v0_lld.obj (.text.UART_lld_init)
                  700564cc    000000bc                                                  : edma.obj (.text.EDMA_registerIntr)
                  70056588    000000b4     libc.a : fseek.c.obj (.text.fseeko)
                  7005663c    000000b0            : fclose.c.obj (.text.__TI_closefile)
                  700566ec    000000b0     nortos.am263px.r5f.ti-arm-clang.release.lib : printf.obj (.text._ntoa_long_long)
                  7005679c    000000ac     drivers.am263px.r5f.ti-arm-clang.release.lib : soc_rcm.obj (.text.SOC_rcmGetCoreHSDivOut)
                  70056848    000000ac                                                  : uart_v0_lld.obj (.text.UART_divisorLatchWrite)
                  700568f4    000000a8     nortos.am263px.r5f.ti-arm-clang.release.lib : DebugP_uartScanf.obj (.text.DebugP_readLine)
                  7005699c    000000a6     drivers.am263px.r5f.ti-arm-clang.release.lib : mcspi_dma_edma.obj (.text.MCSPI_edmaIsrRx)
                  70056a42    000000a6                                                  : uart_v0_lld.obj (.text.UART_lld_read)
                  70056ae8    000000a6     nortos.am263px.r5f.ti-arm-clang.release.lib : printf.obj (.text._out_rev)
                  70056b8e    000000a6     board.o (.text.init_global_interrupts)
                  70056c34    000000a4     libc.a : memory.c.obj (.text.split)
                  70056cd8    000000a0     drivers.am263px.r5f.ti-arm-clang.release.lib : edma.obj (.text.EDMA_freeDmaChannel)
                  70056d78    000000a0                                                  : edma.obj (.text.EDMA_freeParam)
                  70056e18    000000a0                                                  : edma.obj (.text.EDMA_freeTcc)
                  70056eb8    000000a0     libsysbm.a : hostrename.c.obj (.text.HOSTrename)
                  70056f58    000000a0     drivers.am263px.r5f.ti-arm-clang.release.lib : uart_dma_edma.obj (.text.UART_lld_dmaRead)
                  70056ff8    0000009c                                                  : uart_v0_lld.obj (.text.UART_lld_readIntr)
                  70057094    0000009c     libc.a : _io_perm.c.obj (.text.__TI_wrt_ok)
                  70057130    00000098     libsysbm.a : hostlseek.c.obj (.text.HOSTlseek)
                  700571c8    00000096     nortos.am263px.r5f.ti-arm-clang.release.lib : SemaphoreP_nortos.obj (.text.SemaphoreP_pend)
                  7005725e    00000094     drivers.am263px.r5f.ti-arm-clang.release.lib : edma.obj (.text.EDMA_configureChannelRegion)
                  700572f2    00000002     ti_dpl_config.o (.text.Dpl_deinit)
                  700572f4    00000094     libsysbm.a : hostopen.c.obj (.text.HOSTopen)
                  70057388    00000094     drivers.am263px.r5f.ti-arm-clang.release.lib : uart_v0_lld.obj (.text.UART_lld_readWithCounter)
                  7005741c    0000008e     nortos.am263px.r5f.ti-arm-clang.release.lib : printf.obj (.text._ntoa_long)
                  700574aa    0000008c     ti_drivers_open_close.o (.text.Drivers_open)
                  70057536    0000008c     drivers.am263px.r5f.ti-arm-clang.release.lib : mcspi_v0_lld.obj (.text.MCSPI_lld_peripheralIsr)
                  700575c2    00000002     nortos.am263px.r5f.ti-arm-clang.release.lib : SemaphoreP_nortos.obj (.text.SemaphoreP_destruct)
                  700575c4    0000008c     libsysbm.a : close.c.obj (.text.close)
                  70057650    00000088     drivers.am263px.r5f.ti-arm-clang.release.lib : adc.obj (.text.ADC_setPPBTripLimits)
                  700576d8    00000088                                                  : uart_v0.obj (.text.UART_init)
                  70057760    00000088                                                  : uart_v0_lld.obj (.text.UART_procLineStatusErr)
                  700577e8    00000088     libc.a : fflush.c.obj (.text.__TI_doflush)
                  70057870    00000084     libsysbm.a : hostread.c.obj (.text.HOSTread)
                  700578f4    00000084                : hostwrite.c.obj (.text.HOSTwrite)
                  70057978    00000080     drivers.am263px.r5f.ti-arm-clang.release.lib : edma.obj (.text.EDMA_close)
                  700579f8    00000080                                                  : uart_v0.obj (.text.UART_flushTxFifo)
                  70057a78    0000007e     ti_drivers_open_close.o (.text.Drivers_mcspiOpen)
                  70057af6    0000007e     drivers.am263px.r5f.ti-arm-clang.release.lib : mcspi_v0_lld.obj (.text.MCSPI_fifoRead)
                  70057b74    0000007a                                                  : mcspi_v0_lld.obj (.text.MCSPI_initiateLastChunkTransfer)
                  70057bee    00000002     nortos.am263px.r5f.ti-arm-clang.release.lib : TaskP_nortos.obj (.text.TaskP_yield)
                  70057bf0    00000078     drivers.am263px.r5f.ti-arm-clang.release.lib : mcspi_v0.obj (.text.MCSPI_init)
                  70057c68    00000076                                                  : uart_v0_lld.obj (.text.UART_readDataPolling)
                  70057cde    00000072                                                  : mcspi_v0_lld.obj (.text.MCSPI_fifoWrite)
                  70057d50    00000072                                                  : mcspi_v0_lld.obj (.text.MCSPI_stop)
                  70057dc2    00000070                                                  : mcspi_dma_edma.obj (.text.MCSPI_lld_dmaStop)
                  70057e32    0000006e                                                  : edma.obj (.text.EDMA_disableTransferRegion)
                  70057ea0    0000006e                                                  : edma.obj (.text.EDMA_enableTransferRegion)
                  70057f0e    00000002                                                  : uart_dma_edma.obj (.text.UART_edmaDoNothing)
                  70057f10    0000006c     libsysbm.a : hostunlink.c.obj (.text.HOSTunlink)
                  70057f7c    0000006c     drivers.am263px.r5f.ti-arm-clang.release.lib : uart_v0_lld.obj (.text.UART_lld_writeDma)
                  70057fe8    00000068                                                  : uart_v0_lld.obj (.text.UART_lld_readDma)
                  70058050    00000068                                                  : uart_v0_lld.obj (.text.UART_lld_writeIntr)
                  700580b8    00000068     libc.a : atoi.c.obj (.text.atoi)
                  70058120    00000066     nortos.am263px.r5f.ti-arm-clang.release.lib : PmuP_armv7r.obj (.text.pmu)
                  70058186    00000002     drivers.am263px.r5f.ti-arm-clang.release.lib : uart_v0.obj (.text.UART_lld_errorCallback)
                  70058188    00000064                                                  : soc.obj (.text.SOC_controlModuleUnlockMMR)
                  700581ec    00000060     libsysbm.a : hostclose.c.obj (.text.HOSTclose)
                  7005824c    0000005e     nortos.am263px.r5f.ti-arm-clang.release.lib : ClockP_nortos.obj (.text.ClockP_timerTickIsr)
                  700582aa    00000002                                                 : printf.obj (.text._out_null)
                  700582ac    0000005c     drivers.am263px.r5f.ti-arm-clang.release.lib : gpio.obj (.text.GPIO_setTrigType)
                  70058308    0000005c                                                  : mcspi_v0_lld.obj (.text.MCSPI_configInstance)
                  70058364    0000005c                                                  : soc.obj (.text.SOC_controlModuleLockMMR)
                  700583c0    0000005c     nortos.am263px.r5f.ti-arm-clang.release.lib : DebugP_log.obj (.text._DebugP_assert)
                  7005841c    0000005a     PDMtesting.o (.text.PDM_testing)
                  70058476    00000058     drivers.am263px.r5f.ti-arm-clang.release.lib : mcspi_dma_edma.obj (.text.MCSPI_edmaUpdateTransferParams)
                  700584ce    00000002     --HOLE-- [fill = 0]
                  700584d0    00000058     libc.a : fopen.c.obj (.text.__TI_cleanup)
                  70058528    00000058     libsysbm.a : trgmsg.c.obj (.text.__TI_readmsg)
                  70058580    00000058                : trgmsg.c.obj (.text.__TI_writemsg)
                  700585d8    00000058     board.o (.text.init_interrupt)
                  70058630    00000056     nortos.am263px.r5f.ti-arm-clang.release.lib : ClockP_nortos.obj (.text.ClockP_getTimeUsec)
                  70058686    00000056     drivers.am263px.r5f.ti-arm-clang.release.lib : uart_v0_lld.obj (.text.UART_intrDisable)
                  700586dc    00000056                                                  : uart_v0_lld.obj (.text.UART_readCancelNoCB)
                  70058732    00000056                                                  : uart_v0_lld.obj (.text.UART_writeCancelNoCB)
                  70058788    00000054     ti_dpl_config.o (.text.Dpl_init)
                  700587dc    00000054     libc.a : exit.c.obj (.text.exit)
                  70058830    00000054            : getdevice.c.obj (.text.finddevice)
                  70058884    00000054            : autoinit.c.obj (.text:__TI_auto_init_nobinit_nopinit)
                  700588d8    00000052     nortos.am263px.r5f.ti-arm-clang.release.lib : AddrTranslateP_32bit.obj (.text.AddrTranslateP_getLocalAddr)
                  7005892a    00000052     drivers.am263px.r5f.ti-arm-clang.release.lib : mcspi_v0_lld.obj (.text.MCSPI_lld_deInitDma)
                  7005897c    00000050     nortos.am263px.r5f.ti-arm-clang.release.lib : ClockP_nortos.obj (.text.ClockP_construct)
                  700589cc    00000050     drivers.am263px.r5f.ti-arm-clang.release.lib : edma.obj (.text.EDMA_allocDmaChannel)
                  70058a1c    00000050                                                  : edma.obj (.text.EDMA_allocParam)
                  70058a6c    00000050                                                  : edma.obj (.text.EDMA_allocTcc)
                  70058abc    0000004e     nortos.am263px.r5f.ti-arm-clang.release.lib : ClockP_nortos.obj (.text.ClockP_addToList)
                  70058b0a    0000004e     ti_drivers_open_close.o (.text.Drivers_edmaOpen)
                  70058b58    0000004e     ti_drivers_open_close.o (.text.Drivers_uartOpen)
                  70058ba6    0000004e     drivers.am263px.r5f.ti-arm-clang.release.lib : edma.obj (.text.EDMA_disableChInShadowRegRegion)
                  70058bf4    0000004c                                                  : mcspi_v0.obj (.text.MCSPI_transferCallback)
                  70058c40    0000004c                                                  : soc.obj (.text.SOC_enableAdcReferenceMonitor)
                  70058c8c    00000048                                                  : soc.obj (.text.SOC_enableAdcGlobalForce)
                  70058cd4    00000048                                                  : soc.obj (.text.SOC_enableAdcInternalReference)
                  70058d1c    00000048                                                  : uart_dma_edma.obj (.text.UART_edmaIsrRx)
                  70058d64    00000048     libsysbm.a : unlink.c.obj (.text.unlink)
                  70058dac    00000046     drivers.am263px.r5f.ti-arm-clang.release.lib : uart_dma_edma.obj (.text.UART_edmaIsrTx)
                  70058df2    00000002     --HOLE-- [fill = 0]
                  70058df4    00000044                                                  : soc.obj (.text.SOC_getAdcReferenceStatus)
                  70058e38    00000044                                                  : uart_v0.obj (.text.UART_Params_init)
                  70058e7c    00000044                                                  : uart_v0_lld.obj (.text.UART_lld_deInitDma)
                  70058ec0    00000040     nortos.am263px.r5f.ti-arm-clang.release.lib : ClockP_nortos.obj (.text.ClockP_stop)
                  70058f00    00000040     drivers.am263px.r5f.ti-arm-clang.release.lib : edma.obj (.text.EDMA_mapChToEvtQ)
                  70058f40    00000040                                                  : pinmux.obj (.text.Pinmux_config)
                  70058f80    00000040     nortos.am263px.r5f.ti-arm-clang.release.lib : SemaphoreP_nortos.obj (.text.SemaphoreP_constructBinary)
                  70058fc0    00000040     drivers.am263px.r5f.ti-arm-clang.release.lib : uart_v0_lld.obj (.text.UART_lld_deInit)
                  70059000    00000040     libc.a : memory.c.obj (.text.free_list_insert)
                  70059040    0000003e     nortos.am263px.r5f.ti-arm-clang.release.lib : SemaphoreP_nortos.obj (.text.SemaphoreP_constructMutex)
                  7005907e    00000002     --HOLE-- [fill = 0]
                  70059080    0000003c     drivers.am263px.r5f.ti-arm-clang.release.lib : edma.obj (.text.EDMA_getBaseAddr)
                  700590bc    0000003c                                                  : uart_v0_lld.obj (.text.UART_readData)
                  700590f8    0000003a     nortos.am263px.r5f.ti-arm-clang.release.lib : ClockP_nortos.obj (.text.ClockP_destruct)
                  70059132    0000003a                                                 : DebugP_uartLogWriter.obj (.text.DebugP_uartLogWriterPutChar)
                  7005916c    0000003a     ti_power_clock_config.o (.text.Module_clockSetFrequency)
                  700591a6    0000003a     drivers.am263px.r5f.ti-arm-clang.release.lib : uart_v0_lld.obj (.text.UART_lld_flushTxFifo)
                  700591e0    0000003a     logger.o (.text.add_log)
                  7005921a    00000002     --HOLE-- [fill = 0]
                  7005921c    00000038     drivers.am263px.r5f.ti-arm-clang.release.lib : soc_rcm.obj (.text.SOC_rcmADPLLJGetFOut)
                  70059254    00000038     nortos.am263px.r5f.ti-arm-clang.release.lib : DebugP_nortos.obj (.text._DebugP_logZone)
                  7005928c    00000038                                                 : PmuP_armv7r_asm.obj (.text.pmu)
                  700592c4    00000036     drivers.am263px.r5f.ti-arm-clang.release.lib : edma.obj (.text.EDMA_clrMissEvtRegion)
                  700592fa    00000034     nortos.am263px.r5f.ti-arm-clang.release.lib : ClockP_nortos.obj (.text.ClockP_start)
                  7005932e    00000034     drivers.am263px.r5f.ti-arm-clang.release.lib : mcspi_v0.obj (.text.MCSPI_errorCallback)
                  70059362    00000034     ti_power_clock_config.o (.text.Module_clockDisable)
                  70059396    00000034     ti_power_clock_config.o (.text.Module_clockEnable)
                  700593ca    00000002     --HOLE-- [fill = 0]
                  700593cc    00000034     drivers.am263px.r5f.ti-arm-clang.release.lib : soc.obj (.text.SOC_enableAdcDacLoopback)
                  70059400    00000034                                                  : soc_rcm.obj (.text.SOC_rcmGetModuleClkDivVal)
                  70059434    00000034     libc.a : memory.c.obj (.text.free_list_remove)
                  70059468    00000034     libsysbm.a : lseek.c.obj (.text.lseek)
                  7005949c    00000034                : write.c.obj (.text.write)
                  700594d0    00000032     nortos.am263px.r5f.ti-arm-clang.release.lib : ClockP_nortos.obj (.text.ClockP_usleep)
                  70059502    00000032     drivers.am263px.r5f.ti-arm-clang.release.lib : edma.obj (.text.EDMA_unmapChToEvtQ)
                  70059534    00000032     nortos.am263px.r5f.ti-arm-clang.release.lib : SemaphoreP_nortos.obj (.text.SemaphoreP_post)
                  70059566    00000030                                                 : DebugP_uartScanf.obj (.text.DebugP_scanf)
                  70059596    00000030     drivers.am263px.r5f.ti-arm-clang.release.lib : uart_v0.obj (.text.UART_lld_writeCompleteCallback)
                  700595c6    0000002e                                                  : edma.obj (.text.EDMA_enableChInShadowRegRegion)
                  700595f4    0000002e                                                  : uart_v0.obj (.text.UART_lld_readCompleteCallback)
                  70059622    0000002c     nortos.am263px.r5f.ti-arm-clang.release.lib : DebugP_shmLogReader.obj (.text.DebugP_shmLogReaderInit)
                  7005964e    00000002     --HOLE-- [fill = 0]
                  70059650    0000002c     drivers.am263px.r5f.ti-arm-clang.release.lib : soc_rcm.obj (.text.SOC_rcmGetR5Clock)
                  7005967c    0000002c                                                  : uart_v0.obj (.text.UART_getHandle)
                  700596a8    0000002c     libc.a : sscanf.c.obj (.text.vsscanf)
                  700596d4    0000002a     ti_drivers_config.o (.text.System_init)
                  700596fe    00000028     nortos.am263px.r5f.ti-arm-clang.release.lib : ClockP_nortos.obj (.text.ClockP_sleepTicks)
                  70059726    00000028     drivers.am263px.r5f.ti-arm-clang.release.lib : gpio.obj (.text.GPIO_setDirMode)
                  7005974e    00000028                                                  : mcspi_v0_lld.obj (.text.MCSPI_fifoReadMultiWord)
                  70059776    00000002     --HOLE-- [fill = 0]
                  70059778    00000028                                                  : soc.obj (.text.SOC_moduleSetClockFrequency)
                  700597a0    00000026     nortos.am263px.r5f.ti-arm-clang.release.lib : ClockP_nortos.obj (.text.ClockP_sleep)
                  700597c6    00000026     drivers.am263px.r5f.ti-arm-clang.release.lib : edma.obj (.text.EDMA_setPaRAM)
                  700597ec    00000026                                                  : uart_dma_edma.obj (.text.UART_lld_dmaDisableChannel)
                  70059812    00000024                                                  : mcspi_v0_lld.obj (.text.MCSPI_fifoWriteMultiWord)
                  70059836    00000002     --HOLE-- [fill = 0]
                  70059838    00000024                                                  : uart_v0_lld.obj (.text.UART_IsHWFlowCtrlValid)
                  7005985c    00000024                                                  : uart_v0_lld.obj (.text.UART_IsRxTrigLvlValid)
                  70059880    00000024                                                  : uart_v0_lld.obj (.text.UART_IsTxTrigLvlValid)
                  700598a4    00000024     libclang_rt.builtins.a : aeabi_uldivmod.S.obj (.text.__aeabi_uldivmod)
                  700598c8    00000024     nortos.am263px.r5f.ti-arm-clang.release.lib : printf.obj (.text.vprintf_)
                  700598ec    00000022     drivers.am263px.r5f.ti-arm-clang.release.lib : edma.obj (.text.EDMA_linkChannel)
                  7005990e    00000020     nortos.am263px.r5f.ti-arm-clang.release.lib : DebugP_log.obj (.text.DebugP_logZoneEnable)
                  7005992e    00000020     drivers.am263px.r5f.ti-arm-clang.release.lib : mcspi_v0_lld.obj (.text.MCSPI_fifoRead32)
                  7005994e    00000020     nortos.am263px.r5f.ti-arm-clang.release.lib : TimerP_rti_priv.obj (.text.TimerP_Params_initPriv)
                  7005996e    00000020     drivers.am263px.r5f.ti-arm-clang.release.lib : uart_v0_lld.obj (.text.UART_getChar)
                  7005998e    0000001e     ti_drivers_config.o (.text.System_deinit)
                  700599ac    0000001e     drivers.am263px.r5f.ti-arm-clang.release.lib : uart_v0_lld.obj (.text.UART_spaceAvail)
                  700599ca    0000001e                                                  : uart_v0_lld.obj (.text.UART_statusIsDataReady)
                  700599e8    0000001c                                                  : mcspi_v0_lld.obj (.text.MCSPI_fifoWrite32)
                  70059a04    0000001c                                                  : mcspi_v0_lld.obj (.text.MCSPI_lld_deInit)
                  70059a20    0000001c                                                  : soc_rcm.obj (.text.SOC_rcmIsR5FInLockStepMode)
                  70059a3c    0000001c     libc.a : sscanf.c.obj (.text._inpchar)
                  70059a58    0000001c     main.o (.text.main)
                  70059a74    0000001c     libsysbm.a : hostrename.c.obj (.text.strcpy)
                  70059a90    0000001c                : hostrename.c.obj (.text.strlen)
                  70059aac    0000001c     libc.a : memcpy32.S.obj (.text:TI_memcpy_small)
                  70059ac8    0000001a     nortos.am263px.r5f.ti-arm-clang.release.lib : CpuId_armv7r.obj (.text.CSL_armR5GetCpuID)
                  70059ae2    0000001a     drivers.am263px.r5f.ti-arm-clang.release.lib : edma.obj (.text.EDMA_readEventStatusRegion)
                  70059afc    0000001a                                                  : uart_v0_lld.obj (.text.UART_enhanFuncEnable)
                  70059b16    00000002     --HOLE-- [fill = 0]
                  70059b18    00000018                                                  : mcspi_v0.obj (.text.MCSPI_deinit)
                  70059b30    00000018                                                  : mcspi_dma_edma.obj (.text.MCSPI_lld_dmaInit)
                  70059b48    00000018     nortos.am263px.r5f.ti-arm-clang.release.lib : TimerP_rti_priv.obj (.text.TimerP_getCountPriv)
                  70059b60    00000018     drivers.am263px.r5f.ti-arm-clang.release.lib : uart_v0.obj (.text.UART_deinit)
                  70059b78    00000018     libc.a : memset32.S.obj (.text:TI_memset_small)
                  70059b90    00000016     drivers.am263px.r5f.ti-arm-clang.release.lib : mcspi_v0_lld.obj (.text.MCSPI_reset)
                  70059ba6    00000016                                                  : uart_v0_lld.obj (.text.UART_IsTxRxFifoEmpty)
                  70059bbc    00000016                                                  : uart_v0_lld.obj (.text.UART_getIntrIdentityStatus)
                  70059bd2    00000016                                                  : uart_v0_lld.obj (.text.UART_getRxError)
                  70059be8    00000014     nortos.am263px.r5f.ti-arm-clang.release.lib : ClockP_nortos.obj (.text.ClockP_usecToTicks)
                  70059bfc    00000014     drivers.am263px.r5f.ti-arm-clang.release.lib : edma.obj (.text.EDMA_getRegionId)
                  70059c10    00000014                                                  : uart_v0.obj (.text.UART_Transaction_init)
                  70059c24    00000014                                                  : uart_v0_lld.obj (.text.UART_enhanFuncBitValRestore)
                  70059c38    00000012                                                  : adc.obj (.text.ADC_setMode)
                  70059c4a    00000012                                                  : uart_v0_lld.obj (.text.UART_hardwareFlowCtrlOptSet)
                  70059c5c    00000012                                                  : uart_v0_lld.obj (.text.UART_operatingModeSelect)
                  70059c6e    00000012                                                  : uart_v0_lld.obj (.text.UART_readLineStatus)
                  70059c80    00000012     ti_dpl_config.o (.text.putchar_)
                  70059c92    00000010     drivers.am263px.r5f.ti-arm-clang.release.lib : gpio.obj (.text.GPIO_bankIntrDisable)
                  70059ca2    00000010                                                  : uart_v0_lld.obj (.text.UART_intr2Disable)
                  70059cb2    00000002     --HOLE-- [fill = 0]
                  70059cb4    00000010     libclang_rt.builtins.a : aeabi_memset.S.obj (.text.__aeabi_memset)
                  70059cc4    00000010     libc.a : sscanf.c.obj (.text._uninpchar)
                  70059cd4    00000010            : fputc.c.obj (.text.putchar)
                  70059ce4    0000000e     drivers.am263px.r5f.ti-arm-clang.release.lib : edma.obj (.text.EDMA_ccPaRAMEntry_init)
                  70059cf2    0000000e                                                  : gpio.obj (.text.GPIO_bankIntrEnable)
                  70059d00    0000000e     ti_pinmux_config.o (.text.Pinmux_init)
                  70059d0e    0000000e     ti_power_clock_config.o (.text.PowerClock_init)
                  70059d1c    0000000c     nortos.am263px.r5f.ti-arm-clang.release.lib : ClockP_nortos.obj (.text.ClockP_getTicks)
                  70059d28    0000000c                                                 : DebugP_uartLogWriter.obj (.text.DebugP_uartSetDrvIndex)
                  70059d34    0000000c     drivers.am263px.r5f.ti-arm-clang.release.lib : edma.obj (.text.EDMA_isInitialized)
                  70059d40    0000000c                                                  : soc.obj (.text.SOC_getSelfCpuClk)
                  70059d4c    0000000c     libc.a : aeabi_portable.c.obj (.text.__aeabi_errno_addr)
                  70059d58    0000000c     libclang_rt.builtins.a : aeabi_memset.S.obj (.text.__aeabi_memclr)
                  70059d64    0000000c     libc.a : memory.c.obj (.text.malloc)
                  70059d70    0000000c     nortos.am263px.r5f.ti-arm-clang.release.lib : CpuId_armv7r_asm.obj (.text)
                  70059d7c    00000004     ti_board_open_close.o (.text.Board_driversOpen)
                  70059d80    0000000c     libc.a : strcmp32.S.obj (.text)
                  70059d8c    0000000a     nortos.am263px.r5f.ti-arm-clang.release.lib : ClockP_nortos.obj (.text.ClockP_Params_init)
                  70059d96    0000000a                                                 : ClockP_nortos.obj (.text.ClockP_isActive)
                  70059da0    0000000a                                                 : TimerP_rti_priv.obj (.text.TimerP_getReloadCountPriv)
                  70059daa    0000000a                                                 : TimerP_rti_priv.obj (.text.TimerP_startPriv)
                  70059db4    0000000a     drivers.am263px.r5f.ti-arm-clang.release.lib : uart_v0_lld.obj (.text.UART_lld_Transaction_deInit)
                  70059dbe    00000002     --HOLE-- [fill = 0]
                  70059dc0    00000008     libsysbm.a : hostexit.c.obj (.text.HOSTexit)
                  70059dc8    00000008     nortos.am263px.r5f.ti-arm-clang.release.lib : TimerP_rti_priv.obj (.text.TimerP_clearOverflowIntPriv)
                  70059dd0    00000008                                                 : printf.obj (.text._out_char)
                  70059dd8    00000006     drivers.am263px.r5f.ti-arm-clang.release.lib : edma.obj (.text.EDMA_isInterruptEnabled)
                  70059dde    00000006                                                  : soc.obj (.text.SOC_moduleClockEnable)
                  70059de4    00000006                                                  : soc_rcm.obj (.text.SOC_rcmGetCR5SysclkInFrequency)
                  70059dea    00000004     nortos.am263px.r5f.ti-arm-clang.release.lib : ClockP_nortos_r5.obj (.text.ClockP_getTimerCount)
                  70059dee    00000004                                                 : ClockP_nortos_r5.obj (.text.ClockP_timerClearOverflowInt)
                  70059df2    00000004     ti_power_clock_config.o (.text.PowerClock_deinit)
                  70059df6    00000004     nortos.am263px.r5f.ti-arm-clang.release.lib : TimerP_rti_nortos.obj (.text.TimerP_Params_init)
                  70059dfa    00000004                                                 : TimerP_rti_nortos.obj (.text.TimerP_clearOverflowInt)
                  70059dfe    00000004                                                 : TimerP_rti_nortos.obj (.text.TimerP_getCount)
                  70059e02    00000004                                                 : TimerP_rti_nortos.obj (.text.TimerP_getReloadCount)
                  70059e06    00000004                                                 : TimerP_rti_nortos.obj (.text.TimerP_setup)
                  70059e0a    00000004                                                 : TimerP_rti_nortos.obj (.text.TimerP_start)
                  70059e0e    00000002     --HOLE-- [fill = 0]
                  70059e10    00000004     libclang_rt.builtins.a : aeabi_div0.c.obj (.text.__aeabi_idiv0)
                  70059e14    00000004                            : aeabi_div0.c.obj (.text.__aeabi_ldiv0)
                  70059e18    00000004                            : aeabi_memcpy.S.obj (.text.__aeabi_memcpy)
                  70059e1c    00000004     libc.a : _lock.c.obj (.text._nop)
                  70059e20    00000004            : fseek.c.obj (.text.fseek)
                  70059e24    00000004     libsysbm.a : remove.c.obj (.text.remove)
                  70059e28    00000008     nortos.am263px.r5f.ti-arm-clang.release.lib : HwiP_armv7r_asm.obj (.tramp.HwiP_restore.1)
                  70059e30    00000008                                                 : HwiP_armv7r_asm.obj (.tramp.HwiP_enable.1)
                  70059e38    00000008                                                 : PmuP_armv7r_asm.obj (.tramp.PmuP_setUserEnable.1)
                  70059e40    00000008                                                 : PmuP_armv7r_asm.obj (.tramp.PmuP_enableCounters.1)
                  70059e48    00000018     --HOLE-- [fill = 0]

.rodata    0    70059e60    00001110     
                  70059e60    00000101     libc.a : aeabi_ctype.S.obj (.rodata:__aeabi_ctype_table_)
                  70059f61    00000007            : _scanfi.c.obj (.rodata._sproc_int.flit)
                  70059f68    00000080            : strtod.c.obj (.rodata.digits)
                  70059fe8    0000007a     ti_drivers_open_close.o (.rodata.str1.17665391694225509261.1)
                  7005a062    00000002     --HOLE-- [fill = 0]
                  7005a064    00000074     ti_dpl_config.o (.rodata.cfg)
                  7005a0d8    00000051     drivers.am263px.r5f.ti-arm-clang.release.lib : mcspi_v0.obj (.rodata.str1.26396439823528435241)
                  7005a129    00000006     libc.a : _scanfi.c.obj (.rodata._sproc_int.barr)
                  7005a12f    00000001     --HOLE-- [fill = 0]
                  7005a130    00000050     nortos.am263px.r5f.ti-arm-clang.release.lib : printf.obj (.rodata._ftoa.pow10)
                  7005a180    00000048     drivers.am263px.r5f.ti-arm-clang.release.lib : soc_rcm.obj (.rodata.gADPLLJConfigTbl)
                  7005a1c8    00000048     libc.a : strtod.c.obj (.rodata.powerof10)
                  7005a210    00000048     drivers.am263px.r5f.ti-arm-clang.release.lib : mcspi_v0_lld.obj (.rodata.str1.97363132707188488161)
                  7005a258    0000003d     nortos.am263px.r5f.ti-arm-clang.release.lib : TimerP_rti_priv.obj (.rodata.str1.72163963154704191671)
                  7005a295    00000037                                                 : SemaphoreP_nortos.obj (.rodata.str1.52751030918495836841)
                  7005a2cc    00000036     ti_drivers_open_close.o (.rodata.str1.2554706296470369595.1)
                  7005a302    00000035     ti_drivers_open_close.o (.rodata.str1.10252002122772422448.1)
                  7005a337    00000035     ti_drivers_open_close.o (.rodata.str1.17551203406305493380.1)
                  7005a36c    00000032     drivers.am263px.r5f.ti-arm-clang.release.lib : adc.obj (.rodata.str1.104222482920253680151)
                  7005a39e    00000032                                                  : adc.obj (.rodata.str1.137023953294967812531)
                  7005a3d0    00000030     ti_drivers_open_close.o (.rodata.str1.14200658025495415368.1)
                  7005a400    0000002e     nortos.am263px.r5f.ti-arm-clang.release.lib : ClockP_nortos.obj (.rodata.str1.39419159632632580371)
                  7005a42e    0000002a                                                 : DebugP_log.obj (.rodata.str1.8882360920750446361)
                  7005a458    00000028     ti_drivers_open_close.o (.rodata.str1.10490786615736436564.1)
                  7005a480    00000028     ti_drivers_open_close.o (.rodata.str1.7332975063418302059.1)
                  7005a4a8    00000027     nortos.am263px.r5f.ti-arm-clang.release.lib : ClockP_nortos_r5.obj (.rodata.str1.91622226613999981811)
                  7005a4cf    00000025     ti_drivers_open_close.o (.rodata.str1.7750254725308216577.1)
                  7005a4f4    00000024     drivers.am263px.r5f.ti-arm-clang.release.lib : edma.obj (.rodata.str1.164918382464449145851)
                  7005a518    00000023     nortos.am263px.r5f.ti-arm-clang.release.lib : ClockP_nortos_r5.obj (.rodata.str1.136646522816104227591)
                  7005a53b    00000023     ti_drivers_open_close.o (.rodata.str1.15574074207268991336.1)
                  7005a55e    00000023     drivers.am263px.r5f.ti-arm-clang.release.lib : soc_rcm.obj (.rodata.str1.15813086600912413471)
                  7005a581    00000022                                                  : edma.obj (.rodata.str1.6611792697437713481)
                  7005a5a3    00000021     nortos.am263px.r5f.ti-arm-clang.release.lib : ClockP_nortos_r5.obj (.rodata.str1.99041146818411950391)
                  7005a5c4    00000020     drivers.am263px.r5f.ti-arm-clang.release.lib : uart_v0_lld.obj (.rodata.cst32)
                  7005a5e4    00000020                                                  : uart_v0.obj (.rodata.str1.150767988884773108331)
                  7005a604    0000001f     board.o (.rodata.str1.10881007155619371109.1)
                  7005a623    0000001f     board.o (.rodata.str1.123550804358397101.1)
                  7005a642    0000001f     board.o (.rodata.str1.13738757807042593414.1)
                  7005a661    0000001f     board.o (.rodata.str1.14465880841147386111.1)
                  7005a680    0000001f     board.o (.rodata.str1.1510811462892085231.1)
                  7005a69f    0000001f     board.o (.rodata.str1.16077883977509950417.1)
                  7005a6be    0000001f     board.o (.rodata.str1.1696272589420159480.1)
                  7005a6dd    0000001f     board.o (.rodata.str1.18250802514644841805.1)
                  7005a6fc    0000001f     nortos.am263px.r5f.ti-arm-clang.release.lib : SemaphoreP_nortos.obj (.rodata.str1.25281168886080794691)
                  7005a71b    0000001f                                                 : ClockP_nortos_r5.obj (.rodata.str1.25349503636762439021)
                  7005a73a    0000001f     board.o (.rodata.str1.5436337271421848948.1)
                  7005a759    0000001f     board.o (.rodata.str1.673658226405435322.1)
                  7005a778    0000001f     ti_drivers_open_close.o (.rodata.str1.871795152488895636.1)
                  7005a797    0000001f     board.o (.rodata.str1.9045895231722895584.1)
                  7005a7b6    0000001f     board.o (.rodata.str1.9461189164499355904.1)
                  7005a7d5    0000001e     board.o (.rodata.str1.10345935079445805060.1)
                  7005a7f3    0000001e     drivers.am263px.r5f.ti-arm-clang.release.lib : mcspi_v0.obj (.rodata.str1.144400815220210358851)
                  7005a811    0000001e     board.o (.rodata.str1.6418571003999367838.1)
                  7005a82f    0000001e     board.o (.rodata.str1.6840234256597642108.1)
                  7005a84d    0000001e     board.o (.rodata.str1.9453984286452795027.1)
                  7005a86b    0000001d     nortos.am263px.r5f.ti-arm-clang.release.lib : TimerP_rti_priv.obj (.rodata.str1.114219152040444562951)
                  7005a888    0000001d                                                 : TimerP_rti_priv.obj (.rodata.str1.125174968193178473681)
                  7005a8a5    0000001d     ti_drivers_open_close.o (.rodata.str1.13083909648175487149.1)
                  7005a8c2    0000001d     drivers.am263px.r5f.ti-arm-clang.release.lib : uart_v0.obj (.rodata.str1.142814395268246240721)
                  7005a8df    0000001d     nortos.am263px.r5f.ti-arm-clang.release.lib : TimerP_rti_priv.obj (.rodata.str1.27974953896521033811)
                  7005a8fc    0000001b     drivers.am263px.r5f.ti-arm-clang.release.lib : edma.obj (.rodata.str1.16266241636797238661)
                  7005a917    0000001b     nortos.am263px.r5f.ti-arm-clang.release.lib : ClockP_nortos.obj (.rodata.str1.47646432807403639741)
                  7005a932    0000001b     ti_drivers_open_close.o (.rodata.str1.5509699957385355460.1)
                  7005a94d    0000001a     drivers.am263px.r5f.ti-arm-clang.release.lib : edma.obj (.rodata.str1.124702968117785801901)
                  7005a967    0000001a     nortos.am263px.r5f.ti-arm-clang.release.lib : ClockP_nortos_r5.obj (.rodata.str1.133203246495064227641)
                  7005a981    0000001a     drivers.am263px.r5f.ti-arm-clang.release.lib : soc_rcm.obj (.rodata.str1.153801437654618082741)
                  7005a99b    0000001a                                                  : mcspi_v0.obj (.rodata.str1.169212516063846095031)
                  7005a9b5    0000001a     board.o (.rodata.str1.9440741161207462191.1)
                  7005a9cf    0000001a     drivers.am263px.r5f.ti-arm-clang.release.lib : mcspi_v0.obj (.rodata.str1.99640994410596514241)
                  7005a9e9    00000019     ti_drivers_open_close.o (.rodata.str1.14059614886583751700.1)
                  7005aa02    00000019     nortos.am263px.r5f.ti-arm-clang.release.lib : TimerP_rti_priv.obj (.rodata.str1.160914699991520874261)
                  7005aa1b    00000019     ti_drivers_open_close.o (.rodata.str1.5293217666052239616.1)
                  7005aa34    00000018     drivers.am263px.r5f.ti-arm-clang.release.lib : soc.obj (.rodata..Lswitch.table.SOC_getAdcReferenceStatus)
                  7005aa4c    00000018                                                  : soc_rcm.obj (.rodata.gControlssPllClkSrcValMap)
                  7005aa64    00000018                                                  : soc_rcm.obj (.rodata.gCptsClkSrcValMap)
                  7005aa7c    00000018                                                  : soc_rcm.obj (.rodata.gI2cClkSrcValMap)
                  7005aa94    00000018                                                  : soc_rcm.obj (.rodata.gLinUartClkSrcValMap)
                  7005aaac    00000018                                                  : soc_rcm.obj (.rodata.gPeripheralClkSrcInfoMap)
                  7005aac4    00000018                                                  : soc_rcm.obj (.rodata.gRtiClkSrcValMap)
                  7005aadc    00000018                                                  : soc_rcm.obj (.rodata.gWdtClkSrcValMap)
                  7005aaf4    00000018                                                  : uart_v0.obj (.rodata.str1.9069738176458784971)
                  7005ab0c    00000017                                                  : soc_rcm.obj (.rodata.str1.141251745167226470741)
                  7005ab23    00000017     ti_drivers_open_close.o (.rodata.str1.1628183244885117158.1)
                  7005ab3a    00000016     drivers.am263px.r5f.ti-arm-clang.release.lib : soc_rcm.obj (.rodata.str1.107645048611228328791)
                  7005ab50    00000016                                                  : soc_rcm.obj (.rodata.str1.177369307189295936511)
                  7005ab66    00000016                                                  : soc_rcm.obj (.rodata.str1.63555232926284281011)
                  7005ab7c    00000016                                                  : mcspi_v0.obj (.rodata.str1.85423015064808713541)
                  7005ab92    00000015     ti_drivers_open_close.o (.rodata.str1.11521962449680083383.1)
                  7005aba7    00000015     drivers.am263px.r5f.ti-arm-clang.release.lib : edma.obj (.rodata.str1.149652404363315708211)
                  7005abbc    00000015     ti_drivers_open_close.o (.rodata.str1.17912154466570466874.1)
                  7005abd1    00000015     drivers.am263px.r5f.ti-arm-clang.release.lib : adc.obj (.rodata.str1.20431844208594508061)
                  7005abe6    00000015     nortos.am263px.r5f.ti-arm-clang.release.lib : SemaphoreP_nortos.obj (.rodata.str1.30861210816963497001)
                  7005abfb    00000014     drivers.am263px.r5f.ti-arm-clang.release.lib : mcspi_v0_lld.obj (.rodata.str1.147988882001261723701)
                  7005ac0f    00000014                                                  : edma.obj (.rodata.str1.176595599180530855901)
                  7005ac23    00000014                                                  : mcspi_v0.obj (.rodata.str1.34611452835214624521)
                  7005ac37    00000014     ti_drivers_open_close.o (.rodata.str1.3622116258035701796.1)
                  7005ac4b    00000014     drivers.am263px.r5f.ti-arm-clang.release.lib : edma.obj (.rodata.str1.41785049815304208531)
                  7005ac5f    00000014                                                  : edma.obj (.rodata.str1.93700429500326477781)
                  7005ac73    00000013                                                  : soc_rcm.obj (.rodata.str1.30734103837947208761)
                  7005ac86    00000013                                                  : uart_v0.obj (.rodata.str1.9980655952161290391)
                  7005ac99    00000012                                                  : uart_v0.obj (.rodata.str1.166492982902436568231)
                  7005acab    00000012                                                  : uart_v0.obj (.rodata.str1.171120843061886446841)
                  7005acbd    00000012                                                  : edma.obj (.rodata.str1.41579851849113419871)
                  7005accf    00000012     ti_drivers_open_close.o (.rodata.str1.6538372684047993024.1)
                  7005ace1    00000012     drivers.am263px.r5f.ti-arm-clang.release.lib : soc_rcm.obj (.rodata.str1.67217821191364965911)
                  7005acf3    00000011                                                  : edma.obj (.rodata.str1.117215064595961288031)
                  7005ad04    00000011     ti_drivers_open_close.o (.rodata.str1.12213835641041270557.1)
                  7005ad15    00000011     drivers.am263px.r5f.ti-arm-clang.release.lib : uart_v0.obj (.rodata.str1.16967668833904919061)
                  7005ad26    00000011                                                  : edma.obj (.rodata.str1.28692048193800818901)
                  7005ad37    00000011     nortos.am263px.r5f.ti-arm-clang.release.lib : ClockP_nortos.obj (.rodata.str1.37923443167824241621)
                  7005ad48    00000011                                                 : TimerP_rti_priv.obj (.rodata.str1.44101942245516082551)
                  7005ad59    00000011     ti_drivers_open_close.o (.rodata.str1.6292539624901818759.1)
                  7005ad6a    00000002     --HOLE-- [fill = 0]
                  7005ad6c    00000010     drivers.am263px.r5f.ti-arm-clang.release.lib : soc.obj (.rodata.cst16)
                  7005ad7c    00000010                                                  : mcspi_v0.obj (.rodata.str1.153145657127816401141)
                  7005ad8c    00000010                                                  : edma.obj (.rodata.str1.18778444954996405781)
                  7005ad9c    00000010     ti_drivers_open_close.o (.rodata.str1.5205884736402799790.1)
                  7005adac    0000000f     drivers.am263px.r5f.ti-arm-clang.release.lib : edma.obj (.rodata.str1.111354322338949310841)
                  7005adbb    0000000f                                                  : edma.obj (.rodata.str1.144551280152329776181)
                  7005adca    0000000f                                                  : edma.obj (.rodata.str1.2759273541325923811)
                  7005add9    0000000f     board.o (.rodata.str1.834004997606947946.1)
                  7005ade8    0000000f     drivers.am263px.r5f.ti-arm-clang.release.lib : edma.obj (.rodata.str1.92547749779646142691)
                  7005adf7    0000000e     ti_drivers_open_close.o (.rodata.str1.16112177131852734107.1)
                  7005ae05    0000000e     drivers.am263px.r5f.ti-arm-clang.release.lib : edma.obj (.rodata.str1.19244332700943948511)
                  7005ae13    0000000e                                                  : edma.obj (.rodata.str1.46057082369026546831)
                  7005ae21    0000000e                                                  : edma.obj (.rodata.str1.46782315602798139861)
                  7005ae2f    0000000d     ti_drivers_open_close.o (.rodata.str1.10450075619424269387.1)
                  7005ae3c    0000000d     drivers.am263px.r5f.ti-arm-clang.release.lib : edma.obj (.rodata.str1.121775923823351643201)
                  7005ae49    0000000d     ti_drivers_open_close.o (.rodata.str1.16905510790704221133.1)
                  7005ae56    0000000d     nortos.am263px.r5f.ti-arm-clang.release.lib : TimerP_rti_priv.obj (.rodata.str1.31870447354226168941)
                  7005ae63    0000000d     drivers.am263px.r5f.ti-arm-clang.release.lib : adc.obj (.rodata.str1.70150695697723348971)
                  7005ae70    0000000c                                                  : mcspi_v0_lld.obj (.rodata..Lswitch.table.MCSPI_lld_controllerIsr.1)
                  7005ae7c    0000000c                                                  : mcspi_v0_lld.obj (.rodata..Lswitch.table.MCSPI_lld_controllerIsr)
                  7005ae88    0000000c                                                  : soc.obj (.rodata..Lswitch.table.SOC_enableAdcReferenceMonitor)
                  7005ae94    0000000c     nortos.am263px.r5f.ti-arm-clang.release.lib : ClockP_nortos_r5.obj (.rodata.str1.177642182983587376931)
                  7005aea0    0000000c     drivers.am263px.r5f.ti-arm-clang.release.lib : mcspi_v0.obj (.rodata.str1.69169362540279301091)
                  7005aeac    0000000c                                                  : edma.obj (.rodata.str1.73371482538137472541)
                  7005aeb8    0000000b     board.o (.rodata.str1.15102135329570516791.1)
                  7005aec3    0000000b     drivers.am263px.r5f.ti-arm-clang.release.lib : mcspi_v0.obj (.rodata.str1.169287378047891341191)
                  7005aece    0000000b                                                  : uart_v0.obj (.rodata.str1.174466331461201984741)
                  7005aed9    0000000b                                                  : uart_v0.obj (.rodata.str1.23952661867579505821)
                  7005aee4    0000000b                                                  : mcspi_v0.obj (.rodata.str1.248655060218483491)
                  7005aeef    0000000b                                                  : edma.obj (.rodata.str1.8716574913843167321)
                  7005aefa    0000000a                                                  : soc_rcm.obj (.rodata.str1.102656642322745120751)
                  7005af04    0000000a                                                  : edma.obj (.rodata.str1.11281620503267214511)
                  7005af0e    0000000a                                                  : uart_v0.obj (.rodata.str1.4680544719311723101)
                  7005af18    0000000a                                                  : uart_v0.obj (.rodata.str1.62285611621840673441)
                  7005af22    0000000a                                                  : edma.obj (.rodata.str1.94390198658697638781)
                  7005af2c    0000000a                                                  : uart_v0.obj (.rodata.str1.98976386761529848021)
                  7005af36    00000009     libc.a : _scanfi.c.obj (.rodata.str1.12964984209033246150.1)
                  7005af3f    00000001     --HOLE-- [fill = 0]
                  7005af40    00000008            : _scanfi.c.obj (.rodata..L__const._sproc_float.special)
                  7005af48    00000006     drivers.am263px.r5f.ti-arm-clang.release.lib : soc_rcm.obj (.rodata.str1.53743240983164125611)
                  7005af4e    00000005     nortos.am263px.r5f.ti-arm-clang.release.lib : printf.obj (.rodata.str1.143852280595428356391)
                  7005af53    00000005                                                 : printf.obj (.rodata.str1.23318557076440195721)
                  7005af58    00000004                                                 : CacheP_armv7r.obj (.rodata.gCacheL1dCacheLineSize)
                  7005af5c    00000004                                                 : CacheP_armv7r.obj (.rodata.gCacheL1pCacheLineSize)
                  7005af60    00000004                                                 : printf.obj (.rodata.str1.122320159353749299121)
                  7005af64    00000004     libc.a : _scanfi.c.obj (.rodata.str1.3403580589742030990.1)
                  7005af68    00000004     nortos.am263px.r5f.ti-arm-clang.release.lib : printf.obj (.rodata.str1.81101573233442303481)
                  7005af6c    00000003     PDMtesting.o (.rodata.str1.10577412323663350067.1)
                  7005af6f    00000001     --HOLE-- [fill = 0]

.text.hwi 
*          0    7005af70    000008d8     
                  7005af70    00000402     nortos.am263px.r5f.ti-arm-clang.release.lib : HwiP_armv7r_vim.obj (.text.hwi)
                  7005b372    000002dc                                                 : HwiP_armv7r_handlers_nortos.obj (.text.hwi)
                  7005b64e    00000002     --HOLE-- [fill = 0]
                  7005b650    0000017c                                                 : HwiP_armv7r_handlers_nortos_asm.obj (.text.hwi)
                  7005b7cc    00000070                                                 : HwiP_armv7r_asm.obj (.text.hwi)
                  7005b83c    00000008                                                 : HwiP_armv7r_asm.obj (.tramp.HwiP_enableFIQ.1)
                  7005b844    00000004     --HOLE-- [fill = 0]

.text.cache 
*          0    7005b848    00000430     
                  7005b848    00000340     nortos.am263px.r5f.ti-arm-clang.release.lib : CacheP_armv7r_asm.obj (.text.cache)
                  7005bb88    000000d8                                                 : CacheP_armv7r.obj (.text.cache)
                  7005bc60    00000008                                                 : CacheP_armv7r_asm.obj (.tramp.CacheP_invL1d.1)
                  7005bc68    00000008                                                 : CacheP_armv7r_asm.obj (.tramp.CacheP_enableL1p.1)
                  7005bc70    00000008                                                 : HwiP_armv7r_asm.obj (.tramp.HwiP_restore.2)

.text.mpu 
*          0    7005bc78    00000290     
                  7005bc78    00000202     nortos.am263px.r5f.ti-arm-clang.release.lib : MpuP_armv7r.obj (.text.mpu)
                  7005be7a    00000002     --HOLE-- [fill = 0]
                  7005be7c    00000078                                                 : MpuP_armv7r_asm.obj (.text.mpu)
                  7005bef4    00000008                                                 : HwiP_armv7r_asm.obj (.tramp.HwiP_restore.3)
                  7005befc    00000008                                                 : MpuP_armv7r_asm.obj (.tramp.MpuP_isEnableAsm.1)
                  7005bf04    00000004     --HOLE-- [fill = 0]

.text.boot 
*          0    7005bf08    00000190     
                  7005bf08    00000144     nortos.am263px.r5f.ti-arm-clang.release.lib : boot_armv7r_asm.obj (.text.boot)
                  7005c04c    0000001e                                                 : DebugP_log.obj (.text.boot)
                  7005c06a    0000001c                                                 : boot_armv7r.obj (.text.boot)
                  7005c086    0000000e     ti_dpl_config.o (.text.boot)
                  7005c094    00000004     --HOLE-- [fill = 0]

.text:abort 
*          0    7005c098    00000008     
                  7005c098    00000008     libc.a : exit.c.obj (.text:abort)

.data      0    7005c0a0    000006e0     
                  7005c0a0    000000f0     libc.a : defs.c.obj (.data._ftable)
                  7005c190    000000c8     ti_pinmux_config.o (.data.gPinMuxMainDomainCfg)
                  7005c258    0000009c     drivers.am263px.r5f.ti-arm-clang.release.lib : mcspi_v0.obj (.data.gMcspiDrvObj)
                  7005c2f4    0000009c                                                  : uart_v0.obj (.data.gUartDrvObj)
                  7005c390    00000088     ti_drivers_config.o (.data.gEdmaAttrs)
                  7005c418    00000078     libsysbm.a : host_device.c.obj (.data._device)
                  7005c490    00000060     board.o (.data.intr_pins)
                  7005c4f0    00000058     ti_drivers_open_close.o (.data.gUartParams)
                  7005c548    00000050     libsysbm.a : host_device.c.obj (.data._stream)
                  7005c598    00000048     ti_drivers_config.o (.data.gMcspiAttrs)
                  7005c5e0    00000040     ti_drivers_open_close.o (.data.gSpi0ChCfg)
                  7005c620    00000040     ti_drivers_open_close.o (.data.gSpi1ChCfg)
                  7005c660    00000030     ti_power_clock_config.o (.data.gSocModulesClockFrequency)
                  7005c690    00000028     ti_drivers_open_close.o (.data.gMcspiOpenParams)
                  7005c6b8    00000018     ti_dpl_config.o (.data.gClockConfig)
                  7005c6d0    00000010     ti_drivers_config.o (.data.gMcspiConfig)
                  7005c6e0    00000010     ti_power_clock_config.o (.data.gSocModules)
                  7005c6f0    0000000c     nortos.am263px.r5f.ti-arm-clang.release.lib : AddrTranslateP_32bit.obj (.data.gAddrTranslateConfig)
                  7005c6fc    00000008     libc.a : exit.c.obj (.data..L_MergedGlobals)
                  7005c704    00000008     ti_drivers_open_close.o (.data.gConfigMcspiChCfg)
                  7005c70c    00000008     ti_drivers_config.o (.data.gEdmaConfig)
                  7005c714    00000008     ti_drivers_open_close.o (.data.gEdmaParams)
                  7005c71c    00000008     ti_drivers_open_close.o (.data.gMcspiDmaChConfig)
                  7005c724    00000008     ti_drivers_config.o (.data.gMcspiNumCh)
                  7005c72c    00000008     ti_drivers_config.o (.data.gUartAttrs)
                  7005c734    00000008     ti_drivers_config.o (.data.gUartConfig)
                  7005c73c    00000004     libc.a : defs.c.obj (.data.__TI_ft_end)
                  7005c740    00000008     nortos.am263px.r5f.ti-arm-clang.release.lib : PmuP_armv7r.obj (.data.pmu)
                  7005c748    00000004     libc.a : aeabi_portable.c.obj (.data.__aeabi_errno)
                  7005c74c    00000004            : _lock.c.obj (.data._lock)
                  7005c750    00000004            : _lock.c.obj (.data._unlock)
                  7005c754    00000004     nortos.am263px.r5f.ti-arm-clang.release.lib : DebugP_log.obj (.data.gDebugLogZone)
                  7005c758    00000004                                                 : DebugP_uartLogWriter.obj (.data.gDebugP_uartDrvIndex)
                  7005c75c    00000004     ti_drivers_config.o (.data.gEdmaConfigNum)
                  7005c760    00000004     ti_dpl_config.o (.data.gHwiConfig)
                  7005c764    00000004     ti_drivers_config.o (.data.gMcspiConfigNum)
                  7005c768    00000004     ti_drivers_config.o (.data.gUartConfigNum)
                  7005c76c    00000004     ti_drivers_open_close.o (.data.gUartDmaChConfig)
                  7005c770    00000004     board.o (.data.test)
                  7005c774    00000002     logger.o (.data.logs_length)
                  7005c776    00000001     drivers.am263px.r5f.ti-arm-clang.release.lib : soc.obj (.data.isMapAvailable)
                  7005c777    00000001     --HOLE-- [fill = 0]
                  7005c778    00000001     libc.a : memory.c.obj (.data.memory_is_initialized)
                  7005c779    00000007     --HOLE-- [fill = 0]

.irqstack 
*          0    7005c780    00000100     UNINITIALIZED
                  7005c780    00000100     --HOLE--

.fiqstack 
*          0    7005c880    00000100     UNINITIALIZED
                  7005c880    00000100     --HOLE--

.svcstack 
*          0    7005c980    00001000     UNINITIALIZED
                  7005c980    00001000     --HOLE--

.abortstack 
*          0    7005d980    00000100     UNINITIALIZED
                  7005d980    00000100     --HOLE--

.undefinedstack 
*          0    7005da80    00000100     UNINITIALIZED
                  7005da80    00000100     --HOLE--

.init_array 
*          0    70040000    00000000     UNINITIALIZED

.bss.log_shared_mem 
*          0    701d4000    00002000     NOLOAD SECTION
                  701d4000    00002000     ti_dpl_config.o (.bss.log_shared_mem)

MODULE SUMMARY

       Module                                code    ro data   rw data
       ------                                ----    -------   -------
    .\
       PDMtesting.o                          90      3         3201   
       board.o                               734     544       292    
       logger.o                              58      0         2      
       main.o                                28      0         0      
    +--+-------------------------------------+-------+---------+---------+
       Total:                                910     547       3495   
                                                                      
    .\syscfg\
       ti_dpl_config.o                       118     116       8220   
       ti_drivers_config.o                   762     0         3276   
       ti_drivers_open_close.o               2302    812       300    
       ti_power_clock_config.o               180     0         64     
       ti_pinmux_config.o                    14      0         200    
       ti_board_config.o                     4       0         0      
       ti_board_open_close.o                 4       0         0      
    +--+-------------------------------------+-------+---------+---------+
       Total:                                3384    928       12060  
                                                                      
    C:/Users/carim/Desktop/mcu_plus_sdk_am263px_10_02_00_15__all/mcu_plus_sdk_am263px_10_02_00_15/source/drivers/lib/drivers.am263px.r5f.ti-arm-clang.release.lib
       edma.obj                              5042    430       0      
       uart_v0_lld.obj                       3632    32        0      
       soc_rcm.obj                           2454    443       0      
       mcspi_v0_lld.obj                      2590    116       0      
       uart_v0.obj                           2024    209       156    
       mcspi_dma_edma.obj                    1960    0         0      
       mcspi_v0.obj                          1192    255       156    
       uart_dma_edma.obj                     1340    0         0      
       soc.obj                               906     52        17     
       adc.obj                               154     134       0      
       gpio.obj                              162     0         0      
       pinmux.obj                            64      0         0      
    +--+-------------------------------------+-------+---------+---------+
       Total:                                21520   1671      329    
                                                                      
    C:/Users/carim/Desktop/mcu_plus_sdk_am263px_10_02_00_15__all/mcu_plus_sdk_am263px_10_02_00_15/source/kernel/nortos/lib/nortos.am263px.r5f.ti-arm-clang.release.lib
       printf.obj                            4052    98        0      
       HwiP_armv7r_vim.obj                   1026    0         2060   
       CacheP_armv7r_asm.obj                 848     0         0      
       ClockP_nortos.obj                     692     90        56     
       HwiP_armv7r_handlers_nortos.obj       732     0         0      
       TimerP_rti_priv.obj                   404     203       0      
       MpuP_armv7r.obj                       514     0         0      
       ClockP_nortos_r5.obj                  268     176       0      
       SemaphoreP_nortos.obj                 328     107       0      
       HwiP_armv7r_handlers_nortos_asm.obj   380     0         0      
       boot_armv7r_asm.obj                   324     0         0      
       CacheP_armv7r.obj                     216     8         0      
       DebugP_uartScanf.obj                  216     0         0      
       DebugP_log.obj                        154     42        4      
       DebugP_shmLogReader.obj               44      0         144    
       HwiP_armv7r_asm.obj                   152     0         0      
       MpuP_armv7r_asm.obj                   128     0         0      
       PmuP_armv7r.obj                       102     0         8      
       AddrTranslateP_32bit.obj              82      0         12     
       DebugP_uartLogWriter.obj              70      0         4      
       PmuP_armv7r_asm.obj                   72      0         0      
       HwiP_armv7r_vectors_nortos_asm.obj    64      0         0      
       DebugP_nortos.obj                     58      0         0      
       boot_armv7r.obj                       28      0         0      
       CpuId_armv7r.obj                      26      0         0      
       TimerP_rti_nortos.obj                 24      0         0      
       CpuId_armv7r_asm.obj                  12      0         0      
       TaskP_nortos.obj                      2       0         0      
    +--+-------------------------------------+-------+---------+---------+
       Total:                                11018   724       2288   
                                                                      
    C:\ti\ccs2011\ccs\tools\compiler\ti-cgt-armllvm_4.0.2.LTS\lib\armv7r-ti-none-eabihf/c/libc.a
       _scanfi.c.obj                         4904    34        0      
       strtod.c.obj                          1236    200       0      
       memory.c.obj                          1136    0         5      
       strcmp32.S.obj                        924     0         0      
       strtoll.c.obj                         636     0         0      
       strtoull.c.obj                        584     0         0      
       strtol.c.obj                          504     0         0      
       strtoul.c.obj                         492     0         0      
       defs.c.obj                            0       0         404    
       s_scalbn.c.obj                        336     0         0      
       setvbuf.c.obj                         324     0         0      
       sscanf.c.obj                          300     0         0      
       getdevice.c.obj                       284     0         0      
       aeabi_ctype.S.obj                     0       257       0      
       fputc.c.obj                           256     0         0      
       fseek.c.obj                           184     0         0      
       fclose.c.obj                          176     0         0      
       _io_perm.c.obj                        156     0         0      
       fflush.c.obj                          136     0         0      
       atoi.c.obj                            104     0         0      
       exit.c.obj                            92      0         8      
       fopen.c.obj                           88      0         0      
       autoinit.c.obj                        84      0         0      
       memcpy32.S.obj                        28      0         0      
       memset32.S.obj                        24      0         0      
       aeabi_portable.c.obj                  12      0         4      
       _lock.c.obj                           4       0         8      
    +--+-------------------------------------+-------+---------+---------+
       Total:                                13004   491       429    
                                                                      
    C:\ti\ccs2011\ccs\tools\compiler\ti-cgt-armllvm_4.0.2.LTS\lib\armv7r-ti-none-eabihf/c/libsysbm.a
       trgmsg.c.obj                          176     0         288    
       hostrename.c.obj                      216     0         0      
       host_device.c.obj                     0       0         200    
       hostopen.c.obj                        148     0         8      
       hostlseek.c.obj                       152     0         0      
       close.c.obj                           140     0         0      
       hostread.c.obj                        132     0         0      
       hostwrite.c.obj                       132     0         0      
       hostunlink.c.obj                      108     0         0      
       hostclose.c.obj                       96      0         0      
       unlink.c.obj                          72      0         0      
       lseek.c.obj                           52      0         0      
       write.c.obj                           52      0         0      
       hostexit.c.obj                        8       0         0      
       remove.c.obj                          4       0         0      
    +--+-------------------------------------+-------+---------+---------+
       Total:                                1488    0         496    
                                                                      
    C:\ti\ccs2011\ccs\tools\compiler\ti-cgt-armllvm_4.0.2.LTS\lib\armv7r-ti-none-eabihf/libclang_rt.builtins.a
       udivsi3.S.obj                         464     0         0      
       udivmoddi4.S.obj                      280     0         0      
       aeabi_uldivmod.S.obj                  36      0         0      
       aeabi_memset.S.obj                    28      0         0      
       aeabi_div0.c.obj                      8       0         0      
       aeabi_memcpy.S.obj                    4       0         0      
    +--+-------------------------------------+-------+---------+---------+
       Total:                                820     0         0      
                                                                      
       Heap:                                 0       0         32768  
       Stack:                                0       0         16384  
    +--+-------------------------------------+-------+---------+---------+
       Grand Total:                          52144   4361      68249  

VENEERS

callee name               veneer name
   callee addr  veneer addr  call addr  call info
--------------  -----------  ---------  ----------------
HwiP_enableFIQ            $Ven$TA$L$PI$$HwiP_enableFIQ
   7005b7fc     7005b83c     7005b352   nortos.am263px.r5f.ti-arm-clang.release.lib : HwiP_armv7r_vim.obj (.text.hwi)
CacheP_invL1d             $Ven$TA$L$PI$$CacheP_invL1d
   7005b8b8     7005bc60     7005bc5c   nortos.am263px.r5f.ti-arm-clang.release.lib : CacheP_armv7r.obj (.text.cache)
CacheP_enableL1p          $Ven$TA$L$PI$$CacheP_enableL1p
   7005b8a0     7005bc68     7005bc36   nortos.am263px.r5f.ti-arm-clang.release.lib : CacheP_armv7r.obj (.text.cache)
HwiP_restore              $Ven$TA$L$PI$$HwiP_restore
   7005b80c     7005bc70     7005bc16   nortos.am263px.r5f.ti-arm-clang.release.lib : CacheP_armv7r.obj (.text.cache)
HwiP_restore              $Ven$TA$L$PI$$HwiP_restore
   7005b80c     7005bef4     7005bd70   nortos.am263px.r5f.ti-arm-clang.release.lib : MpuP_armv7r.obj (.text.mpu)
                             7005bdae                                               : MpuP_armv7r.obj (.text.mpu)
MpuP_isEnableAsm          $Ven$TA$L$PI$$MpuP_isEnableAsm
[...]
00000100  __IRQ_STACK_SIZE                   
00000100  __UNDEFINED_STACK_SIZE             
00001000  __SVC_STACK_SIZE                   
00004000  __STACK_SIZE                       
00008000  __SYSMEM_SIZE                      
70040000  __BSS_START                        
70040000  logs                               
70040c80  gHwiCtrl                           
70041f60  _CIOBUF_                           
70041f60  __CIOBUF_                          
70042168  intr_objects                       
70042228  __TI_tmpnams                       
700422c8  gDebugShmLogReaderCtrl             
70042358  gClockCtrl                         
70042390  virtToPhymap                       
700423a0  parmbuf                            
700423a8  gMcspiHandle                       
700423b8  gEdmaHandle                        
700423bc  gUartHandle                        
700423c8  __BSS_END                          
700423c8  _sys_memory                        
7004a3c8  __stack                            
7004e3c8  __STACK_END                        
7004e3e0  __TI_scanfi                        
7004f709  Drivers_adcOpen                    
700503e0  strtod                             
700503e0  strtold                            
700508b5  SOC_rcmEnablePeripheralClock       
70051180  strcmp                             
70051821  UART_open                          
70051ac9  MCSPI_open                         
70051d61  EDMA_init                          
70051fdc  strtoll                            
70052259  SOC_rcmSetPeripheralClock          
700524a8  strtoull                           
7005292d  MCSPI_lld_dmaTransfer              
70052d69  EDMA_freeChannelRegion             
70052f6c  strtol                             
70053164  strtoul                            
70053351  MCSPI_lld_controllerIsr            
70053539  GPIO_init                          
7005371b  Board_deinit                       
7005371c  __aeabi_uidiv                      
7005371c  __udivsi3                          
700538ed  MCSPI_lld_dmaChInit                
70053c54  free                               
70053dfc  aligned_alloc                      
70053dfc  memalign                           
70053fa1  UART_lld_dmaInit                   
70054135  EDMA_open                          
70054299  EDMA_deinit                        
700543f8  ldexp                              
700543f8  ldexpl                             
700543f8  scalbn                             
700543f8  scalbnl                            
70054549  UART_lld_dmaDeInit                 
70054697  MCSPI_lld_dmaDeInit                
700547e3  Board_init                         
700547e4  setvbuf                            
70054929  TimerP_setupPriv                   
70054a69  SOC_virtToPhy                      
70054ba5  UART_close                         
70054e0f  UART_lld_controllerIsr             
70055040  __udivmoddi4                       
70055159  SOC_rcmGetPeripheralClockFrequency 
7005526d  UART_lld_write                     
7005537b  init_gpio                          
7005558d  UART_read                          
7005579b  ClockP_init                        
7005589f  DebugP_shmLogReaderTaskCreate      
700558a1  UART_lld_dmaWrite                  
700559a5  MCSPI_close                        
70055aa5  UART_write                         
70055ba1  MCSPI_lld_initDma                  
70055c94  fputc                              
70055e6b  GPIO_bankIsrFxn                    
70056015  EDMA_unregisterIntr                
700560e5  GPIO_deinit                        
700561b5  UART_lld_initDma                   
70056280  getdevice                          
70056349  MCSPI_lld_init                     
7005640d  UART_lld_init                      
700564cd  EDMA_registerIntr                  
70056588  fseeko                             
7005663c  __TI_closefile                     
700568f5  DebugP_readLine                    
70056a43  UART_lld_read                      
70056b8f  init_global_interrupts             
70056cd9  EDMA_freeDmaChannel                
70056d79  EDMA_freeParam                     
70056e19  EDMA_freeTcc                       
70056eb8  HOSTrename                         
70056f59  UART_lld_dmaRead                   
70056ff9  UART_lld_readIntr                  
70057094  __TI_wrt_ok                        
70057130  HOSTlseek                          
700571c9  SemaphoreP_pend                    
7005725f  EDMA_configureChannelRegion        
700572f3  Dpl_deinit                         
700572f4  HOSTopen                           
70057389  UART_lld_readWithCounter           
700574ab  Drivers_open                       
70057537  MCSPI_lld_peripheralIsr            
700575c3  SemaphoreP_destruct                
700575c4  close                              
70057651  ADC_setPPBTripLimits               
700576d9  UART_init                          
70057761  UART_procLineStatusErr             
700577e8  __TI_doflush                       
70057870  HOSTread                           
700578f4  HOSTwrite                          
70057979  EDMA_close                         
700579f9  UART_flushTxFifo                   
70057a79  Drivers_mcspiOpen                  
70057b75  MCSPI_initiateLastChunkTransfer    
70057bef  TaskP_yield                        
70057bf1  MCSPI_init                         
70057d51  MCSPI_stop                         
70057dc3  MCSPI_lld_dmaStop                  
70057e33  EDMA_disableTransferRegion         
70057ea1  EDMA_enableTransferRegion          
70057f10  HOSTunlink                         
70057f7d  UART_lld_writeDma                  
70057fe9  UART_lld_readDma                   
70058051  UART_lld_writeIntr                 
700580b8  atoi                               
70058121  CycleCounterP_init                 
70058131  CycleCounterP_reset                
70058155  CycleCounterP_nsToTicks            
70058181  CycleCounterP_enableUserAccess     
70058189  SOC_controlModuleUnlockMMR         
700581ec  HOSTclose                          
7005824d  ClockP_timerTickIsr                
700582ad  GPIO_setTrigType                   
70058365  SOC_controlModuleLockMMR           
700583c1  _DebugP_assert                     
7005841d  PDM_testing                        
700584d0  __TI_cleanup                       
70058528  __TI_readmsg                       
70058580  __TI_writemsg                      
700585cc  C$$IO$$                            
700585d9  init_interrupt                     
70058631  ClockP_getTimeUsec                 
70058687  UART_intrDisable                   
700586dd  UART_readCancelNoCB                
70058733  UART_writeCancelNoCB               
70058789  Dpl_init                           
700587dc  exit                               
70058830  finddevice                         
70058884  __TI_auto_init_nobinit_nopinit     
700588d9  AddrTranslateP_getLocalAddr        
7005892b  MCSPI_lld_deInitDma                
7005897d  ClockP_construct                   
700589cd  EDMA_allocDmaChannel               
70058a1d  EDMA_allocParam                    
70058a6d  EDMA_allocTcc                      
70058b0b  Drivers_edmaOpen                   
70058b59  Drivers_uartOpen                   
70058ba7  EDMA_disableChInShadowRegRegion    
70058bf5  MCSPI_transferCallback             
70058c41  SOC_enableAdcReferenceMonitor      
70058c8d  SOC_enableAdcGlobalForce           
70058cd5  SOC_enableAdcInternalReference     
70058d64  unlink                             
70058df5  SOC_getAdcReferenceStatus          
70058e39  UART_Params_init                   
70058e7d  UART_lld_deInitDma                 
70058ec1  ClockP_stop                        
70058f01  EDMA_mapChToEvtQ                   
70058f41  Pinmux_config                      
70058f81  SemaphoreP_constructBinary         
70058fc1  UART_lld_deInit                    
70059041  SemaphoreP_constructMutex          
70059081  EDMA_getBaseAddr                   
700590f9  ClockP_destruct                    
70059133  DebugP_uartLogWriterPutChar        
7005916d  Module_clockSetFrequency           
700591a7  UART_lld_flushTxFifo               
700591e1  add_log                            
70059255  _DebugP_logZone                    
7005928c  CycleCounterP_getCount32           
70059294  PmuP_setup                         
7005929c  PmuP_enableCounters                
700592a4  PmuP_disableCounters               
700592ac  PmuP_getOverflowStatus             
700592b4  PmuP_clearOverflowStatus           
700592bc  PmuP_setUserEnable                 
700592c5  EDMA_clrMissEvtRegion              
700592fb  ClockP_start                       
7005932f  MCSPI_errorCallback                
70059363  Module_clockDisable                
70059397  Module_clockEnable                 
700593cd  SOC_enableAdcDacLoopback           
70059468  lseek                              
7005949c  write                              
700594d1  ClockP_usleep                      
70059503  EDMA_unmapChToEvtQ                 
70059535  SemaphoreP_post                    
70059567  DebugP_scanf                       
700595c7  EDMA_enableChInShadowRegRegion     
70059623  DebugP_shmLogReaderInit            
70059651  SOC_rcmGetR5Clock                  
7005967d  UART_getHandle                     
700596a8  vsscanf                            
700596d5  System_init                        
70059727  GPIO_setDirMode                    
70059779  SOC_moduleSetClockFrequency        
700597a1  ClockP_sleep                       
700597c7  EDMA_setPaRAM                      
700597ed  UART_lld_dmaDisableChannel         
700598a4  __aeabi_uldivmod                   
700598c9  vprintf_                           
700598ed  EDMA_linkChannel                   
7005990f  DebugP_logZoneEnable               
7005994f  TimerP_Params_initPriv             
7005996f  UART_getChar                       
7005998f  System_deinit                      
700599ad  UART_spaceAvail                    
70059a05  MCSPI_lld_deInit                   
70059a21  SOC_rcmIsR5FInLockStepMode         
70059a59  main                               
70059aac  TI_memcpy_small                    
70059ac9  CSL_armR5GetCpuID                  
70059ae3  EDMA_readEventStatusRegion         
70059b19  MCSPI_deinit                       
70059b31  MCSPI_lld_dmaInit                  
70059b49  TimerP_getCountPriv                
70059b61  UART_deinit                        
70059b78  TI_memset_small                    
70059b91  MCSPI_reset                        
70059ba7  UART_IsTxRxFifoEmpty               
70059bbd  UART_getIntrIdentityStatus         
70059be9  ClockP_usecToTicks                 
70059bfd  EDMA_getRegionId                   
70059c11  UART_Transaction_init              
70059c39  ADC_setMode                        
70059c5d  UART_operatingModeSelect           
70059c6f  UART_readLineStatus                
70059c81  putchar_                           
70059c93  GPIO_bankIntrDisable               
70059ca3  UART_intr2Disable                  
70059cb4  __aeabi_memset                     
70059cb4  __aeabi_memset4                    
70059cb4  __aeabi_memset8                    
70059cd4  putchar                            
70059ce5  EDMA_ccPaRAMEntry_init             
70059cf3  GPIO_bankIntrEnable                
70059d01  Pinmux_init                        
70059d0f  PowerClock_init                    
70059d1d  ClockP_getTicks                    
70059d29  DebugP_uartSetDrvIndex             
70059d35  EDMA_isInitialized                 
70059d41  SOC_getSelfCpuClk                  
70059d4c  __aeabi_errno_addr                 
70059d58  __aeabi_memclr                     
70059d58  __aeabi_memclr4                    
70059d58  __aeabi_memclr8                    
70059d64  malloc                             
70059d70  CSL_armR5ReadMpidrReg              
70059d7d  Board_driversOpen                  
70059d8d  ClockP_Params_init                 
70059d97  ClockP_isActive                    
70059da1  TimerP_getReloadCountPriv          
70059dab  TimerP_startPriv                   
70059db5  UART_lld_Transaction_deInit        
70059dc0  C$$EXIT                            
70059dc0  HOSTexit                           
70059dc9  TimerP_clearOverflowIntPriv        
70059dd9  EDMA_isInterruptEnabled            
70059ddf  SOC_moduleClockEnable              
70059deb  ClockP_getTimerCount               
70059def  ClockP_timerClearOverflowInt       
70059df3  PowerClock_deinit                  
70059df7  TimerP_Params_init                 
70059dfb  TimerP_clearOverflowInt            
70059dff  TimerP_getCount                    
70059e03  TimerP_getReloadCount              
70059e07  TimerP_setup                       
70059e0b  TimerP_start                       
70059e10  __aeabi_idiv0                      
70059e14  __aeabi_ldiv0                      
70059e18  __aeabi_memcpy                     
70059e18  __aeabi_memcpy4                    
70059e18  __aeabi_memcpy8                    
70059e1c  _nop                               
70059e20  fseek                              
70059e24  remove                             
70059e60  __aeabi_ctype_table_               
70059e60  __aeabi_ctype_table_C              
7005a064  gCacheConfig                       
7005a06c  gMpuConfig                         
7005a078  gMpuRegionConfig                   
7005a180  gADPLLJConfigTbl                   
7005aaac  gPeripheralClkSrcInfoMap           
7005af58  gCacheL1dCacheLineSize             
7005af5c  gCacheL1pCacheLineSize             
7005af71  HwiP_enableInt                     
7005af99  HwiP_disableInt                    
7005afcb  HwiP_restoreInt                    
7005b021  HwiP_clearInt                      
7005b041  HwiP_post                          
7005b069  HwiP_Params_init                   
7005b07b  HwiP_construct                     
7005b1c3  HwiP_destruct                      
7005b295  HwiP_init                          
7005b357  HwiP_inISR                         
7005b373  HwiP_irq_handler_c                 
7005b3f7  HwiP_fiq_handler                   
7005b4a7  HwiP_reserved_handler              
7005b4d5  HwiP_undefined_handler_c           
7005b4f3  HwiP_user_undefined_handler_c      
7005b507  HwiP_svc_handler                   
7005b535  HwiP_prefetch_abort_handler_c      
7005b5af  HwiP_user_prefetch_abort_handler_c 
7005b5bf  HwiP_data_abort_handler_c          
7005b63f  HwiP_user_data_abort_handler_c     
7005b650  HwiP_irq_handler                   
7005b6c4  HwiP_data_abort_handler            
7005b708  HwiP_prefetch_abort_handler        
7005b754  HwiP_undefined_handler             
7005b784  GET_DFSR                           
7005b78c  GET_ADFSR                          
7005b794  GET_DFAR                           
7005b79c  GET_IFSR                           
7005b7a4  GET_AIFSR                          
7005b7ac  GET_IFAR                           
7005b7b4  GET_SPSR                           
7005b7cc  HwiP_disable                       
7005b7dc  HwiP_disableFIQ                    
7005b7ec  HwiP_enable                        
7005b7fc  HwiP_enableFIQ                     
7005b80c  HwiP_restore                       
7005b814  HwiP_enableVIC                     
7005b824  HwiP_disableVIC                    
7005b834  HwiP_getCPSR                       
7005b848  CacheP_disableL1d                  
7005b870  CacheP_disableL1p                  
7005b888  CacheP_enableL1d                   
7005b8a0  CacheP_enableL1p                   
7005b8b8  CacheP_invL1d                      
7005b8f0  CacheP_invL1p                      
7005b92c  CacheP_invL1dAll                   
7005b934  CacheP_invL1pAll                   
7005b93c  CacheP_wb                          
7005b978  CacheP_wbInv                       
7005b9b4  CacheP_wbAll                       
7005ba5c  CacheP_wbInvAll                    
7005ba74  CacheP_wbInvAllAsm                 
7005bb14  CacheP_getEnabled                  
7005bb4c  CacheP_getCacheLevelInfo           
7005bb58  CacheP_configForceWrThru           
7005bb78  CacheP_setDLFO                     
7005bb89  CacheP_init                        
7005bbe1  CacheP_disable                     
7005bc1b  CacheP_enable                      
7005bc3b  CacheP_inv                         
7005bc79  MpuP_getAttrs                      
7005bcb9  MpuP_RegionAttrs_init              
7005bcc7  MpuP_setRegion                     
7005bd41  MpuP_isEnable                      
7005bd45  MpuP_disable                       
7005bd77  MpuP_enable                        
7005bdb3  MpuP_init                          
7005be15  MpuP_isUserAuthorizedToAccessMemory
7005be7c  MpuP_disableAsm                    
7005be94  MpuP_disableBRAsm                  
7005bea4  MpuP_enableAsm                     
7005bebc  MpuP_enableBRAsm                   
7005becc  MpuP_isEnableAsm                   
7005bee0  MpuP_setRegionAsm                  
7005bf08  _c_int00_sbl                       
7005bf2c  _c_int00                           
7005c04d  _DebugP_assertNoLog                
7005c06b  _system_pre_init                   
7005c087  __mpu_init                         
7005c098  abort                              
7005c0a0  _ftable                            
7005c0a0  gMcspiDmaHandle                    
7005c0a0  gUartDmaHandle                     
7005c418  _device                            
7005c490  intr_pins                          
7005c4f0  gUartParams                        
7005c548  _stream                            
7005c5e0  gSpi0ChCfg                         
7005c620  gSpi1ChCfg                         
7005c660  gSocModulesClockFrequency          
7005c690  gMcspiOpenParams                   
7005c6b8  gClockConfig                       
7005c6d0  gMcspiConfig                       
7005c6e0  gSocModules                        
7005c6f0  gAddrTranslateConfig               
7005c6fc  __TI_cleanup_ptr                   
7005c700  __TI_dtors_ptr                     
7005c704  gConfigMcspiChCfg                  
7005c70c  gEdmaConfig                        
7005c714  gEdmaParams                        
7005c71c  gMcspiDmaChConfig                  
7005c724  gMcspiNumCh                        
7005c734  gUartConfig                        
7005c73c  __TI_ft_end                        
7005c748  __aeabi_errno                      
7005c74c  _lock                              
7005c750  _unlock                            
7005c754  gDebugLogZone                      
7005c758  gDebugP_uartDrvIndex               
7005c75c  gEdmaConfigNum                     
7005c760  gHwiConfig                         
7005c764  gMcspiConfigNum                    
7005c768  gUartConfigNum                     
7005c76c  gUartDmaChConfig                   
7005c770  test                               
7005c774  logs_length                        
7005c776  isMapAvailable                     
7005c780  __IRQ_STACK_START                  
7005c880  __FIQ_STACK_START                  
7005c880  __IRQ_STACK_END                    
7005c980  __FIQ_STACK_END                    
7005c980  __SVC_STACK_START                  
7005d980  __ABORT_STACK_START                
7005d980  __SVC_STACK_END                    
7005da80  __ABORT_STACK_END                  
7005da80  __UNDEFINED_STACK_START            
7005db80  __UNDEFINED_STACK_END              
701d4000  gDebugShmLog                       
ffffffff  __TI_pprof_out_hndl                
ffffffff  __TI_prof_data_size                
ffffffff  __TI_prof_data_start               
ffffffff  __binit__                          
ffffffff  binit                              
UNDEFED   __TI_CINIT_Base                    
UNDEFED   __TI_CINIT_Limit                   
UNDEFED   __TI_Handler_Table_Base            
UNDEFED   __TI_Handler_Table_Limit           
UNDEFED   _system_post_cinit                 

[447 symbols]
