******************************************************************************
            TI ARM Clang Linker PC v4.0.2                      
******************************************************************************
>> Linked Wed Jun 25 17:28:25 2025

OUTPUT FILE NAME:   <second_stage_PDM_testing.out>
ENTRY POINT SYMBOL: "_vectors"  address: 00000000


MEMORY CONFIGURATION

         name            origin    length      used     unused   attr    fill
----------------------  --------  ---------  --------  --------  ----  --------
  R5F_VECS              00000000   00000040  00000040  00000000  RWIX
  R5F_TCMA              00000040   00007fc0  00000000  00007fc0  RWIX
  R5F_TCMB              00080000   00008000  00000000  00008000  RWIX
  MAILBOX_HSM           44000000   000003ce  00000000  000003ce  RWIX
  MAILBOX_R5F           44000400   000003ce  00000000  000003ce  RWIX
  FLASH                 60100000   00080000  00000000  00080000  RWIX
  SBL                   70000000   00040000  00000000  00040000  RWIX
  OCRAM                 70040000   00040000  00022310  0001dcf0  RWIX
  USER_SHM_MEM          701d0000   00004000  00000000  00004000  RWIX
  LOG_SHM_MEM           701d4000   00004000  00002000  00002000  RWIX
  RTOS_NORTOS_IPC_SHM_M 72000000   00003e80  00000000  00003e80  RWIX


SEGMENT ALLOCATION MAP

run origin  load origin   length   init length attrs members
----------  ----------- ---------- ----------- ----- -------
00000000    00000000    00000040   00000040    r-x
  00000000    00000000    00000040   00000040    r-x .vectors
70040000    70040000    00010d00   00010d00    r-x
  70040000    70040000    0000e7e0   0000e7e0    r-x .text
  7004e7e0    7004e7e0    00002520   00002520    r-- .rodata
70050d00    70050d00    0000e8a0   00000000    rw-
  70050d00    70050d00    000028a0   00000000    rw- .bss
  700535a0    700535a0    00008000   00000000    rw- .sysmem
  7005b5a0    7005b5a0    00004000   00000000    rw- .stack
7005f5a0    7005f5a0    00001130   00001130    r-x
  7005f5a0    7005f5a0    000008d8   000008d8    r-x .text.hwi
  7005fe78    7005fe78    00000430   00000430    r-x .text.cache
  700602a8    700602a8    00000290   00000290    r-x .text.mpu
  70060538    70060538    00000190   00000190    r-x .text.boot
  700606c8    700606c8    00000008   00000008    r-x .text:abort
700606d0    700606d0    00001c40   00000840    rw-
  700606d0    700606d0    00000840   00000840    rw- .data
  70060f10    70060f10    00000100   00000000    rw- .irqstack
  70061010    70061010    00000100   00000000    rw- .fiqstack
  70061110    70061110    00001000   00000000    rw- .svcstack
  70062110    70062110    00000100   00000000    rw- .abortstack
  70062210    70062210    00000100   00000000    rw- .undefinedstack


SECTION ALLOCATION MAP

 output                                  attributes/
section   page    origin      length       input sections
--------  ----  ----------  ----------   ----------------
.vectors   0    00000000    00000040     
                  00000000    00000040     nortos.am263px.r5f.ti-arm-clang.release.lib : HwiP_armv7r_vectors_nortos_asm.obj (.vectors)

.text      0    70040000    0000e7e0     
                  70040000    00001328     libc.a : _scanfi.c.obj (.text.__TI_scanfi)
                  70041328    00000756     ti_drivers_open_close.o (.text.Drivers_adcOpen)
                  70041a7e    00000002     ti_board_config.o (.text.Board_deinit)
                  70041a80    00000580     nortos.am263px.r5f.ti-arm-clang.release.lib : printf.obj (.text._vsnprintf)
                  70042000    000004d4     libc.a : strtod.c.obj (.text.strtod)
                  700424d4    000004cc     drivers.am263px.r5f.ti-arm-clang.release.lib : soc_rcm.obj (.text.SOC_rcmEnablePeripheralClock)
                  700429a0    00000444                                                  : i2c_v1_lld.obj (.text.I2C_lld_primeTransferPoll)
                  70042de4    00000004     nortos.am263px.r5f.ti-arm-clang.release.lib : ClockP_nortos_r5.obj (.text.ClockP_getTimerCount)
                  70042de8    00000400                                                 : printf.obj (.text._ftoa)
                  700431e8    000003b8     testing.o (.text.conduct_test)
                  700435a0    00000390     libc.a : strcmp32.S.obj (.text:strcmp)
                  70043930    00000310     nortos.am263px.r5f.ti-arm-clang.release.lib : printf.obj (.text._etoa)
                  70043c40    000002a8     drivers.am263px.r5f.ti-arm-clang.release.lib : uart_v0.obj (.text.UART_open)
                  70043ee8    00000298                                                  : mcspi_v0.obj (.text.MCSPI_open)
                  70044180    0000027c                                                  : edma.obj (.text.EDMA_init)
                  700443fc    0000027c     libc.a : strtoll.c.obj (.text.strtoll)
                  70044678    00000250     drivers.am263px.r5f.ti-arm-clang.release.lib : soc_rcm.obj (.text.SOC_rcmSetPeripheralClock)
                  700448c8    00000248     libc.a : strtoull.c.obj (.text.strtoull)
                  70044b10    0000023c     drivers.am263px.r5f.ti-arm-clang.release.lib : uart_v0_lld.obj (.text.UART_configInstance)
                  70044d4c    00000230                                                  : mcspi_dma_edma.obj (.text.MCSPI_lld_dmaTransfer)
                  70044f7c    00000210                                                  : i2c_v1.obj (.text.I2C_open)
                  7004518c    0000020c                                                  : edma.obj (.text.EDMA_errorIsrFxn)
                  70045398    0000020c                                                  : mcspi_v0_lld.obj (.text.MCSPI_transferControllerPoll)
                  700455a4    00000204                                                  : edma.obj (.text.EDMA_freeChannelRegion)
                  700457a8    000001f8     libc.a : strtol.c.obj (.text.strtol)
                  700459a0    000001ec            : strtoul.c.obj (.text.strtoul)
                  70045b8c    000001e8     drivers.am263px.r5f.ti-arm-clang.release.lib : mcspi_v0_lld.obj (.text.MCSPI_lld_controllerIsr)
                  70045d74    000001e2     ti_drivers_config.o (.text.GPIO_init)
                  70045f56    00000002     ti_board_config.o (.text.Board_init)
                  70045f58    000001d0     libclang_rt.builtins.a : udivsi3.S.obj (.text.__udivsi3)
                  70046128    000001c0     drivers.am263px.r5f.ti-arm-clang.release.lib : mcspi_dma_edma.obj (.text.MCSPI_lld_dmaChInit)
                  700462e8    000001b4                                                  : i2c_v1_lld.obj (.text.I2C_lld_targetIsr)
                  7004649c    000001ae                                                  : i2c_v1_lld.obj (.text.I2C_lld_controllerIsr)
                  7004664a    00000002     nortos.am263px.r5f.ti-arm-clang.release.lib : DebugP_nortos.obj (.text.DebugP_shmLogReaderTaskCreate)
                  7004664c    000001a8     drivers.am263px.r5f.ti-arm-clang.release.lib : mcspi_v0_lld.obj (.text.MCSPI_lld_chConfig)
                  700467f4    000001a8     libc.a : memory.c.obj (.text.free)
                  7004699c    000001a4            : memory.c.obj (.text.aligned_alloc)
                  70046b40    00000194     drivers.am263px.r5f.ti-arm-clang.release.lib : uart_dma_edma.obj (.text.UART_lld_dmaInit)
                  70046cd4    00000190                                                  : mcspi_v0.obj (.text.MCSPI_transfer)
                  70046e64    00000188     BQ25751.o (.text.BQ25751_manual_register_write)
                  70046fec    00000188     drivers.am263px.r5f.ti-arm-clang.release.lib : i2c_v1.obj (.text.I2C_transfer)
                  70047174    00000164                                                  : edma.obj (.text.EDMA_open)
                  700472d8    00000160                                                  : edma.obj (.text.EDMA_deinit)
                  70047438    00000150     libc.a : s_scalbn.c.obj (.text.scalbn)
                  70047588    0000014e     drivers.am263px.r5f.ti-arm-clang.release.lib : uart_dma_edma.obj (.text.UART_lld_dmaDeInit)
                  700476d6    0000014c                                                  : mcspi_dma_edma.obj (.text.MCSPI_lld_dmaDeInit)
                  70047822    00000002     ti_dpl_config.o (.text.Dpl_deinit)
                  70047824    00000144     libc.a : setvbuf.c.obj (.text.setvbuf)
                  70047968    00000140     nortos.am263px.r5f.ti-arm-clang.release.lib : TimerP_rti_priv.obj (.text.TimerP_setupPriv)
                  70047aa8    0000013c     drivers.am263px.r5f.ti-arm-clang.release.lib : soc.obj (.text.SOC_virtToPhy)
                  70047be4    00000138                                                  : uart_v0.obj (.text.UART_close)
                  70047d1c    00000134                                                  : mcspi_v0_lld.obj (.text.MCSPI_lld_readWrite)
                  70047e50    00000132     BQ25751.o (.text.BQ25751_manual_register_read)
                  70047f82    00000132     nortos.am263px.r5f.ti-arm-clang.release.lib : printf.obj (.text._ntoa_format)
                  700480b4    00000126     int_adc.o (.text.read_int_ADC)
                  700481da    0000011c     drivers.am263px.r5f.ti-arm-clang.release.lib : mcspi_v0_lld.obj (.text.MCSPI_lld_readWriteIntr)
                  700482f6    0000011a                                                  : uart_v0_lld.obj (.text.UART_lld_controllerIsr)
                  70048410    00000118                                                  : edma.obj (.text.Alloc_resource)
                  70048528    00000118     libclang_rt.builtins.a : udivmoddi4.S.obj (.text)
                  70048640    00000114     drivers.am263px.r5f.ti-arm-clang.release.lib : soc_rcm.obj (.text.SOC_rcmGetPeripheralClockFrequency)
                  70048754    0000010e                                                  : uart_v0_lld.obj (.text.UART_lld_write)
                  70048862    0000010a     board.o (.text.init_gpio)
                  7004896c    00000108     drivers.am263px.r5f.ti-arm-clang.release.lib : edma.obj (.text.EDMA_transferCompletionMasterIsrFxn)
                  70048a74    00000108                                                  : uart_v0.obj (.text.UART_read)
                  70048b7c    00000106                                                  : mcspi_v0_lld.obj (.text.MCSPI_continuePeripheralTxRx)
                  70048c82    00000104     nortos.am263px.r5f.ti-arm-clang.release.lib : ClockP_nortos_r5.obj (.text.ClockP_init)
                  70048d86    00000002                                                 : SemaphoreP_nortos.obj (.text.SemaphoreP_destruct)
                  70048d88    00000104     drivers.am263px.r5f.ti-arm-clang.release.lib : uart_dma_edma.obj (.text.UART_lld_dmaWrite)
                  70048e8c    00000100                                                  : mcspi_v0.obj (.text.MCSPI_close)
                  70048f8c    00000100     PDMtesting.o (.text.PDM_testing)
                  7004908c    000000fc     drivers.am263px.r5f.ti-arm-clang.release.lib : uart_v0.obj (.text.UART_write)
                  70049188    000000f4                                                  : mcspi_v0_lld.obj (.text.MCSPI_lld_initDma)
                  7004927c    000000f0     libc.a : fputc.c.obj (.text.fputc)
                  7004936c    000000e6     drivers.am263px.r5f.ti-arm-clang.release.lib : mcspi_dma_edma.obj (.text.MCSPI_edmaIsrTx)
                  70049452    000000e6                                                  : mcspi_v0_lld.obj (.text.MCSPI_lld_readWriteDma)
                  70049538    000000d6     board.o (.text.GPIO_bankIsrFxn)
                  7004960e    00000002     nortos.am263px.r5f.ti-arm-clang.release.lib : TaskP_nortos.obj (.text.TaskP_yield)
                  70049610    000000d4     libc.a : sscanf.c.obj (.text._chkmbc)
                  700496e4    000000d2     logger.o (.text.print_log)
                  700497b6    00000002     drivers.am263px.r5f.ti-arm-clang.release.lib : uart_dma_edma.obj (.text.UART_edmaDoNothing)
                  700497b8    000000d0                                                  : edma.obj (.text.EDMA_unregisterIntr)
                  70049888    000000d0     ti_drivers_config.o (.text.GPIO_deinit)
                  70049958    000000cc     drivers.am263px.r5f.ti-arm-clang.release.lib : uart_v0_lld.obj (.text.UART_lld_initDma)
                  70049a24    000000c8     libc.a : getdevice.c.obj (.text.getdevice)
                  70049aec    000000c4     drivers.am263px.r5f.ti-arm-clang.release.lib : i2c_v1_lld.obj (.text.I2C_lld_mem_write)
                  70049bb0    000000c4                                                  : i2c_v1_lld.obj (.text.I2C_lld_primeTransferIntr)
                  70049c74    000000c4                                                  : mcspi_v0_lld.obj (.text.MCSPI_lld_init)
                  70049d38    000000c0     BQ25751.o (.text.BQ25751_read_reg)
                  70049df8    000000c0     drivers.am263px.r5f.ti-arm-clang.release.lib : i2c_v1_lld.obj (.text.I2C_lld_mem_read)
                  70049eb8    000000c0                                                  : uart_v0_lld.obj (.text.UART_lld_init)
                  70049f78    000000be     ioexp_tca6424.o (.text.TCA6424_config)
                  7004a036    000000be     ioexp_tca6424.o (.text.TCA6424_setOutput)
                  7004a0f4    000000bc     drivers.am263px.r5f.ti-arm-clang.release.lib : edma.obj (.text.EDMA_registerIntr)
                  7004a1b0    000000b4     libc.a : fseek.c.obj (.text.fseeko)
                  7004a264    000000b0            : fclose.c.obj (.text.__TI_closefile)
                  7004a314    000000b0     nortos.am263px.r5f.ti-arm-clang.release.lib : printf.obj (.text._ntoa_long_long)
                  7004a3c4    000000ac     drivers.am263px.r5f.ti-arm-clang.release.lib : soc_rcm.obj (.text.SOC_rcmGetCoreHSDivOut)
                  7004a470    000000ac                                                  : uart_v0_lld.obj (.text.UART_divisorLatchWrite)
                  7004a51c    000000a8     nortos.am263px.r5f.ti-arm-clang.release.lib : DebugP_uartScanf.obj (.text.DebugP_readLine)
                  7004a5c4    000000a6     drivers.am263px.r5f.ti-arm-clang.release.lib : mcspi_dma_edma.obj (.text.MCSPI_edmaIsrRx)
                  7004a66a    000000a6                                                  : uart_v0_lld.obj (.text.UART_lld_read)
                  7004a710    000000a6     nortos.am263px.r5f.ti-arm-clang.release.lib : printf.obj (.text._out_rev)
                  7004a7b6    000000a6     board.o (.text.init_global_interrupts)
                  7004a85c    000000a4     drivers.am263px.r5f.ti-arm-clang.release.lib : i2c_v1.obj (.text.I2C_close)
                  7004a900    000000a4                                                  : i2c_v1_lld.obj (.text.I2C_lld_mem_readIntr)
                  7004a9a4    000000a4                                                  : i2c_v1_lld.obj (.text.I2C_lld_mem_writeIntr)
                  7004aa48    000000a4     libc.a : memory.c.obj (.text.split)
                  7004aaec    000000a0     drivers.am263px.r5f.ti-arm-clang.release.lib : edma.obj (.text.EDMA_freeDmaChannel)
                  7004ab8c    000000a0                                                  : edma.obj (.text.EDMA_freeParam)
                  7004ac2c    000000a0                                                  : edma.obj (.text.EDMA_freeTcc)
                  7004accc    000000a0     libsysbm.a : hostrename.c.obj (.text.HOSTrename)
                  7004ad6c    000000a0     drivers.am263px.r5f.ti-arm-clang.release.lib : uart_dma_edma.obj (.text.UART_lld_dmaRead)
                  7004ae0c    0000009c                                                  : uart_v0_lld.obj (.text.UART_lld_readIntr)
                  7004aea8    0000009c     libc.a : _io_perm.c.obj (.text.__TI_wrt_ok)
                  7004af44    0000009a     ti_board_open_close.o (.text.Board_ioexpOpen)
                  7004afde    00000002     drivers.am263px.r5f.ti-arm-clang.release.lib : uart_v0.obj (.text.UART_lld_errorCallback)
                  7004afe0    00000098     libsysbm.a : hostlseek.c.obj (.text.HOSTlseek)
                  7004b078    00000098     drivers.am263px.r5f.ti-arm-clang.release.lib : i2c_v1.obj (.text.I2C_primeTransfer)
                  7004b110    00000096     BQ25751.o (.text.BQ25751_write_reg)
                  7004b1a6    00000096     nortos.am263px.r5f.ti-arm-clang.release.lib : SemaphoreP_nortos.obj (.text.SemaphoreP_pend)
                  7004b23c    00000094     drivers.am263px.r5f.ti-arm-clang.release.lib : edma.obj (.text.EDMA_configureChannelRegion)
                  7004b2d0    00000094     libsysbm.a : hostopen.c.obj (.text.HOSTopen)
                  7004b364    00000094     drivers.am263px.r5f.ti-arm-clang.release.lib : i2c_v1_lld.obj (.text.I2C_lld_init)
                  7004b3f8    00000094     ADS_adc.o (.text.SPI_ReadWrite)
                  7004b48c    00000094     drivers.am263px.r5f.ti-arm-clang.release.lib : uart_v0_lld.obj (.text.UART_lld_readWithCounter)
                  7004b520    00000090     ti_drivers_open_close.o (.text.Drivers_open)
                  7004b5b0    00000090     drivers.am263px.r5f.ti-arm-clang.release.lib : mcspi_v0_lld.obj (.text.MCSPI_setFifoConfig)
                  7004b640    0000008e     nortos.am263px.r5f.ti-arm-clang.release.lib : printf.obj (.text._ntoa_long)
                  7004b6ce    0000008c     drivers.am263px.r5f.ti-arm-clang.release.lib : mcspi_v0_lld.obj (.text.MCSPI_lld_peripheralIsr)
                  7004b75a    00000002     nortos.am263px.r5f.ti-arm-clang.release.lib : printf.obj (.text._out_null)
                  7004b75c    0000008c     libsysbm.a : close.c.obj (.text.close)
                  7004b7e8    0000008c     BQ25751.o (.text.i2c_read_error_handler)
                  7004b874    00000088     drivers.am263px.r5f.ti-arm-clang.release.lib : adc.obj (.text.ADC_setPPBTripLimits)
                  7004b8fc    00000088                                                  : uart_v0.obj (.text.UART_init)
                  7004b984    00000088                                                  : uart_v0_lld.obj (.text.UART_procLineStatusErr)
                  7004ba0c    00000088     libc.a : fflush.c.obj (.text.__TI_doflush)
                  7004ba94    00000084     libsysbm.a : hostread.c.obj (.text.HOSTread)
                  7004bb18    00000084                : hostwrite.c.obj (.text.HOSTwrite)
                  7004bb9c    00000084     drivers.am263px.r5f.ti-arm-clang.release.lib : mcspi_v0_lld.obj (.text.MCSPI_setPeripheralFifoConfig)
                  7004bc20    00000080                                                  : edma.obj (.text.EDMA_close)
                  7004bca0    00000080                                                  : uart_v0.obj (.text.UART_flushTxFifo)
                  7004bd20    0000007e     ti_drivers_open_close.o (.text.Drivers_mcspiOpen)
                  7004bd9e    0000007e     drivers.am263px.r5f.ti-arm-clang.release.lib : mcspi_v0_lld.obj (.text.MCSPI_fifoRead)
                  7004be1c    0000007e                                                  : mcspi_v0_lld.obj (.text.MCSPI_transferPeripheralPoll)
                  7004be9a    0000007c     ti_drivers_open_close.o (.text.Drivers_i2cOpen)
                  7004bf16    0000007a     drivers.am263px.r5f.ti-arm-clang.release.lib : mcspi_v0_lld.obj (.text.MCSPI_initiateLastChunkTransfer)
                  7004bf90    00000078                                                  : mcspi_v0.obj (.text.MCSPI_init)
                  7004c008    00000076                                                  : uart_v0_lld.obj (.text.UART_readDataPolling)
                  7004c07e    00000072                                                  : mcspi_v0_lld.obj (.text.MCSPI_fifoWrite)
                  7004c0f0    00000072                                                  : mcspi_v0_lld.obj (.text.MCSPI_stop)
                  7004c162    00000070                                                  : mcspi_dma_edma.obj (.text.MCSPI_lld_dmaStop)
                  7004c1d2    0000006e     BQ25751.o (.text.BQ25751_read_faults)
                  7004c240    0000006e     drivers.am263px.r5f.ti-arm-clang.release.lib : edma.obj (.text.EDMA_disableTransferRegion)
                  7004c2ae    0000006e                                                  : edma.obj (.text.EDMA_enableTransferRegion)
                  7004c31c    0000006c     libsysbm.a : hostunlink.c.obj (.text.HOSTunlink)
                  7004c388    0000006c     drivers.am263px.r5f.ti-arm-clang.release.lib : uart_v0_lld.obj (.text.UART_lld_writeDma)
                  7004c3f4    00000068                                                  : uart_v0_lld.obj (.text.UART_lld_readDma)
                  7004c45c    00000068                                                  : uart_v0_lld.obj (.text.UART_lld_writeIntr)
                  7004c4c4    00000068     libc.a : atoi.c.obj (.text.atoi)
                  7004c52c    00000068     board.o (.text.digitalWrite)
                  7004c594    00000066     nortos.am263px.r5f.ti-arm-clang.release.lib : PmuP_armv7r.obj (.text.pmu)
                  7004c5fa    00000002     --HOLE-- [fill = 0]
                  7004c5fc    00000064     drivers.am263px.r5f.ti-arm-clang.release.lib : soc.obj (.text.SOC_controlModuleUnlockMMR)
                  7004c660    00000064     logger.o (.text.add_log)
                  7004c6c4    00000064     board.o (.text.init_interrupt)
                  7004c728    00000060     libsysbm.a : hostclose.c.obj (.text.HOSTclose)
                  7004c788    0000005e     nortos.am263px.r5f.ti-arm-clang.release.lib : ClockP_nortos.obj (.text.ClockP_timerTickIsr)
                  7004c7e6    0000005e     drivers.am263px.r5f.ti-arm-clang.release.lib : mcspi_v0_lld.obj (.text.MCSPI_setChDataSize)
                  7004c844    0000005c                                                  : gpio.obj (.text.GPIO_setTrigType)
                  7004c8a0    0000005c                                                  : mcspi_v0_lld.obj (.text.MCSPI_configInstance)
                  7004c8fc    0000005c                                                  : soc.obj (.text.SOC_controlModuleLockMMR)
                  7004c958    0000005c     nortos.am263px.r5f.ti-arm-clang.release.lib : DebugP_log.obj (.text._DebugP_assert)
                  7004c9b4    00000058     drivers.am263px.r5f.ti-arm-clang.release.lib : mcspi_dma_edma.obj (.text.MCSPI_edmaUpdateTransferParams)
                  7004ca0c    00000058     libc.a : fopen.c.obj (.text.__TI_cleanup)
                  7004ca64    00000058     libsysbm.a : trgmsg.c.obj (.text.__TI_readmsg)
                  7004cabc    00000058                : trgmsg.c.obj (.text.__TI_writemsg)
                  7004cb14    00000058     logger.o (.text.print_pending_logs)
                  7004cb6c    00000056     nortos.am263px.r5f.ti-arm-clang.release.lib : ClockP_nortos.obj (.text.ClockP_getTimeUsec)
                  7004cbc2    00000056     drivers.am263px.r5f.ti-arm-clang.release.lib : uart_v0_lld.obj (.text.UART_intrDisable)
                  7004cc18    00000056                                                  : uart_v0_lld.obj (.text.UART_readCancelNoCB)
                  7004cc6e    00000056                                                  : uart_v0_lld.obj (.text.UART_writeCancelNoCB)
                  7004ccc4    00000054     ti_dpl_config.o (.text.Dpl_init)
                  7004cd18    00000054     libc.a : exit.c.obj (.text.exit)
                  7004cd6c    00000054            : getdevice.c.obj (.text.finddevice)
                  7004cdc0    00000054            : autoinit.c.obj (.text:__TI_auto_init_nobinit_nopinit)
                  7004ce14    00000052     nortos.am263px.r5f.ti-arm-clang.release.lib : AddrTranslateP_32bit.obj (.text.AddrTranslateP_getLocalAddr)
                  7004ce66    00000052     drivers.am263px.r5f.ti-arm-clang.release.lib : i2c_v1.obj (.text.I2C_LLD_targetTransferCompleteCallback)
                  7004ceb8    00000052                                                  : mcspi_v0_lld.obj (.text.MCSPI_lld_deInitDma)
                  7004cf0a    00000050     nortos.am263px.r5f.ti-arm-clang.release.lib : ClockP_nortos.obj (.text.ClockP_construct)
                  7004cf5a    00000002     --HOLE-- [fill = 0]
                  7004cf5c    00000050     drivers.am263px.r5f.ti-arm-clang.release.lib : edma.obj (.text.EDMA_allocDmaChannel)
                  7004cfac    00000050                                                  : edma.obj (.text.EDMA_allocParam)
                  7004cffc    00000050                                                  : edma.obj (.text.EDMA_allocTcc)
                  7004d04c    0000004e     nortos.am263px.r5f.ti-arm-clang.release.lib : ClockP_nortos.obj (.text.ClockP_addToList)
                  7004d09a    0000004e     ti_drivers_open_close.o (.text.Drivers_edmaOpen)
                  7004d0e8    0000004e     ti_drivers_open_close.o (.text.Drivers_uartOpen)
                  7004d136    0000004e     drivers.am263px.r5f.ti-arm-clang.release.lib : edma.obj (.text.EDMA_disableChInShadowRegRegion)
                  7004d184    0000004c                                                  : mcspi_v0.obj (.text.MCSPI_transferCallback)
                  7004d1d0    0000004c                                                  : mcspi_v0_lld.obj (.text.MCSPI_transferControllerIntr)
                  7004d21c    0000004c                                                  : soc.obj (.text.SOC_enableAdcReferenceMonitor)
                  7004d268    00000048                                                  : soc.obj (.text.SOC_enableAdcGlobalForce)
                  7004d2b0    00000048                                                  : soc.obj (.text.SOC_enableAdcInternalReference)
                  7004d2f8    00000048                                                  : uart_dma_edma.obj (.text.UART_edmaIsrRx)
                  7004d340    00000048     libsysbm.a : unlink.c.obj (.text.unlink)
                  7004d388    00000046     drivers.am263px.r5f.ti-arm-clang.release.lib : uart_dma_edma.obj (.text.UART_edmaIsrTx)
                  7004d3ce    00000044                                                  : i2c_v1.obj (.text.I2C_completeCurrTransfer)
                  7004d412    00000002     --HOLE-- [fill = 0]
                  7004d414    00000044                                                  : soc.obj (.text.SOC_getAdcReferenceStatus)
                  7004d458    00000044                                                  : uart_v0.obj (.text.UART_Params_init)
                  7004d49c    00000044                                                  : uart_v0_lld.obj (.text.UART_lld_deInitDma)
                  7004d4e0    00000040     nortos.am263px.r5f.ti-arm-clang.release.lib : ClockP_nortos.obj (.text.ClockP_stop)
                  7004d520    00000040     drivers.am263px.r5f.ti-arm-clang.release.lib : edma.obj (.text.EDMA_mapChToEvtQ)
                  7004d560    00000040                                                  : pinmux.obj (.text.Pinmux_config)
                  7004d5a0    00000040     nortos.am263px.r5f.ti-arm-clang.release.lib : SemaphoreP_nortos.obj (.text.SemaphoreP_constructBinary)
                  7004d5e0    00000040     drivers.am263px.r5f.ti-arm-clang.release.lib : uart_v0_lld.obj (.text.UART_lld_deInit)
                  7004d620    00000040     libc.a : memory.c.obj (.text.free_list_insert)
                  7004d660    0000003e     drivers.am263px.r5f.ti-arm-clang.release.lib : i2c_v1_lld.obj (.text.I2C_lld_transferInit)
                  7004d69e    0000003e     nortos.am263px.r5f.ti-arm-clang.release.lib : SemaphoreP_nortos.obj (.text.SemaphoreP_constructMutex)
                  7004d6dc    0000003c     drivers.am263px.r5f.ti-arm-clang.release.lib : edma.obj (.text.EDMA_getBaseAddr)
                  7004d718    0000003c                                                  : uart_v0_lld.obj (.text.UART_readData)
                  7004d754    0000003a     nortos.am263px.r5f.ti-arm-clang.release.lib : ClockP_nortos.obj (.text.ClockP_destruct)
                  7004d78e    0000003a                                                 : DebugP_uartLogWriter.obj (.text.DebugP_uartLogWriterPutChar)
                  7004d7c8    0000003a     ti_power_clock_config.o (.text.Module_clockSetFrequency)
                  7004d802    0000003a     ioexp_tca6424.o (.text.TCA6424_open)
                  7004d83c    0000003a     drivers.am263px.r5f.ti-arm-clang.release.lib : uart_v0_lld.obj (.text.UART_lld_flushTxFifo)
                  7004d876    00000002     --HOLE-- [fill = 0]
                  7004d878    00000038                                                  : soc_rcm.obj (.text.SOC_rcmADPLLJGetFOut)
                  7004d8b0    00000038     nortos.am263px.r5f.ti-arm-clang.release.lib : DebugP_nortos.obj (.text._DebugP_logZone)
                  7004d8e8    00000038                                                 : PmuP_armv7r_asm.obj (.text.pmu)
                  7004d920    00000036     drivers.am263px.r5f.ti-arm-clang.release.lib : edma.obj (.text.EDMA_clrMissEvtRegion)
                  7004d956    00000034     nortos.am263px.r5f.ti-arm-clang.release.lib : ClockP_nortos.obj (.text.ClockP_start)
                  7004d98a    00000002     --HOLE-- [fill = 0]
                  7004d98c    00000034     drivers.am263px.r5f.ti-arm-clang.release.lib : i2c_v1.obj (.text.I2C_init)
                  7004d9c0    00000034                                                  : mcspi_v0.obj (.text.MCSPI_errorCallback)
                  7004d9f4    00000034     ti_power_clock_config.o (.text.Module_clockDisable)
                  7004da28    00000034     ti_power_clock_config.o (.text.Module_clockEnable)
                  7004da5c    00000034     drivers.am263px.r5f.ti-arm-clang.release.lib : soc.obj (.text.SOC_enableAdcDacLoopback)
                  7004da90    00000034                                                  : soc_rcm.obj (.text.SOC_rcmGetModuleClkDivVal)
                  7004dac4    00000034     libc.a : memory.c.obj (.text.free_list_remove)
                  7004daf8    00000034     libsysbm.a : lseek.c.obj (.text.lseek)
                  7004db2c    00000034                : write.c.obj (.text.write)
                  7004db60    00000032     nortos.am263px.r5f.ti-arm-clang.release.lib : ClockP_nortos.obj (.text.ClockP_usleep)
                  7004db92    00000032     drivers.am263px.r5f.ti-arm-clang.release.lib : edma.obj (.text.EDMA_unmapChToEvtQ)
                  7004dbc4    00000032     nortos.am263px.r5f.ti-arm-clang.release.lib : SemaphoreP_nortos.obj (.text.SemaphoreP_post)
                  7004dbf6    00000030                                                 : DebugP_uartScanf.obj (.text.DebugP_scanf)
                  7004dc26    00000030     drivers.am263px.r5f.ti-arm-clang.release.lib : i2c_v1_lld.obj (.text.I2CControllerInitExpClk)
                  7004dc56    00000030                                                  : uart_v0.obj (.text.UART_lld_writeCompleteCallback)
                  7004dc86    00000002     --HOLE-- [fill = 0]
                  7004dc88    00000030     int_adc.o (.text.adc_to_current_LM74930)
                  7004dcb8    0000002e     drivers.am263px.r5f.ti-arm-clang.release.lib : edma.obj (.text.EDMA_enableChInShadowRegRegion)
                  7004dce6    0000002e                                                  : i2c_v1_lld.obj (.text.I2C_lld_deInit)
                  7004dd14    0000002e     ti_drivers_config.o (.text.System_init)
                  7004dd42    0000002e     drivers.am263px.r5f.ti-arm-clang.release.lib : uart_v0.obj (.text.UART_lld_readCompleteCallback)
                  7004dd70    0000002c     nortos.am263px.r5f.ti-arm-clang.release.lib : DebugP_shmLogReader.obj (.text.DebugP_shmLogReaderInit)
                  7004dd9c    0000002c     drivers.am263px.r5f.ti-arm-clang.release.lib : i2c_v1.obj (.text.I2C_getHandle)
                  7004ddc8    0000002c                                                  : soc_rcm.obj (.text.SOC_rcmGetR5Clock)
                  7004ddf4    0000002c                                                  : uart_v0.obj (.text.UART_getHandle)
                  7004de20    0000002c     ADS_adc.o (.text.adc_to_current_HSS_MB)
                  7004de4c    0000002c     ADS_adc.o (.text.adc_to_current_TPS)
                  7004de78    0000002c     libc.a : sscanf.c.obj (.text.vsscanf)
                  7004dea4    00000028     nortos.am263px.r5f.ti-arm-clang.release.lib : ClockP_nortos.obj (.text.ClockP_sleepTicks)
                  7004decc    00000028     drivers.am263px.r5f.ti-arm-clang.release.lib : gpio.obj (.text.GPIO_setDirMode)
                  7004def4    00000028                                                  : mcspi_v0_lld.obj (.text.MCSPI_fifoReadMultiWord)
                  7004df1c    00000028                                                  : soc.obj (.text.SOC_moduleSetClockFrequency)
                  7004df44    00000028     ADS_adc.o (.text.read_ext_ADC)
                  7004df6c    00000026     nortos.am263px.r5f.ti-arm-clang.release.lib : ClockP_nortos.obj (.text.ClockP_sleep)
                  7004df92    00000026     drivers.am263px.r5f.ti-arm-clang.release.lib : edma.obj (.text.EDMA_setPaRAM)
                  7004dfb8    00000026                                                  : i2c_v1_lld.obj (.text.I2C_lld_transferIntr)
                  7004dfde    00000026                                                  : i2c_v1_lld.obj (.text.I2C_lld_transferPoll)
                  7004e004    00000026                                                  : uart_dma_edma.obj (.text.UART_lld_dmaDisableChannel)
                  7004e02a    00000024                                                  : mcspi_v0_lld.obj (.text.MCSPI_fifoWriteMultiWord)
                  7004e04e    00000002     --HOLE-- [fill = 0]
                  7004e050    00000024                                                  : uart_v0_lld.obj (.text.UART_IsHWFlowCtrlValid)
                  7004e074    00000024                                                  : uart_v0_lld.obj (.text.UART_IsRxTrigLvlValid)
                  7004e098    00000024                                                  : uart_v0_lld.obj (.text.UART_IsTxTrigLvlValid)
                  7004e0bc    00000024     libclang_rt.builtins.a : aeabi_uldivmod.S.obj (.text.__aeabi_uldivmod)
                  7004e0e0    00000024     int_adc.o (.text.int_adc_to_voltage)
                  7004e104    00000024     nortos.am263px.r5f.ti-arm-clang.release.lib : printf.obj (.text.vprintf_)
                  7004e128    00000022     drivers.am263px.r5f.ti-arm-clang.release.lib : edma.obj (.text.EDMA_linkChannel)
                  7004e14a    00000022                                                  : mcspi_v0_lld.obj (.text.MCSPI_transferPeripheralIntr)
                  7004e16c    00000022     ti_drivers_config.o (.text.System_deinit)
                  7004e18e    00000022     logger.o (.text.print_logs)
                  7004e1b0    00000020     nortos.am263px.r5f.ti-arm-clang.release.lib : DebugP_log.obj (.text.DebugP_logZoneEnable)
                  7004e1d0    00000020     drivers.am263px.r5f.ti-arm-clang.release.lib : i2c_v1_lld.obj (.text.I2C_lld_Message_init)
                  7004e1f0    00000020                                                  : mcspi_v0_lld.obj (.text.MCSPI_fifoRead32)
                  7004e210    00000020     nortos.am263px.r5f.ti-arm-clang.release.lib : TimerP_rti_priv.obj (.text.TimerP_Params_initPriv)
                  7004e230    00000020     drivers.am263px.r5f.ti-arm-clang.release.lib : uart_v0_lld.obj (.text.UART_getChar)
                  7004e250    0000001e     ti_board_open_close.o (.text.Board_driversOpen)
                  7004e26e    0000001e     ioexp_tca6424.o (.text.TCA6424_close)
                  7004e28c    0000001e     drivers.am263px.r5f.ti-arm-clang.release.lib : uart_v0_lld.obj (.text.UART_spaceAvail)
                  7004e2aa    0000001e                                                  : uart_v0_lld.obj (.text.UART_statusIsDataReady)
                  7004e2c8    0000001c                                                  : i2c_v1.obj (.text.I2C_hwiFxn)
                  7004e2e4    0000001c                                                  : mcspi_v0_lld.obj (.text.MCSPI_fifoWrite32)
                  7004e300    0000001c                                                  : mcspi_v0_lld.obj (.text.MCSPI_getFifoTrigLvl)
                  7004e31c    0000001c                                                  : mcspi_v0_lld.obj (.text.MCSPI_lld_deInit)
                  7004e338    0000001c                                                  : soc_rcm.obj (.text.SOC_rcmIsR5FInLockStepMode)
                  7004e354    0000001c     libc.a : sscanf.c.obj (.text._inpchar)
                  7004e370    0000001c     main.o (.text.main)
                  7004e38c    0000001c     libsysbm.a : hostrename.c.obj (.text.strcpy)
                  7004e3a8    0000001c                : hostrename.c.obj (.text.strlen)
                  7004e3c4    0000001c     libc.a : memcpy32.S.obj (.text:TI_memcpy_small)
                  7004e3e0    0000001a     nortos.am263px.r5f.ti-arm-clang.release.lib : CpuId_armv7r.obj (.text.CSL_armR5GetCpuID)
                  7004e3fa    0000001a     drivers.am263px.r5f.ti-arm-clang.release.lib : edma.obj (.text.EDMA_readEventStatusRegion)
                  7004e414    0000001a                                                  : uart_v0_lld.obj (.text.UART_enhanFuncEnable)
                  7004e42e    00000002     --HOLE-- [fill = 0]
                  7004e430    00000018                                                  : i2c_v1.obj (.text.I2C_deinit)
                  7004e448    00000018                                                  : mcspi_v0.obj (.text.MCSPI_deinit)
                  7004e460    00000018                                                  : mcspi_dma_edma.obj (.text.MCSPI_lld_dmaInit)
                  7004e478    00000018     nortos.am263px.r5f.ti-arm-clang.release.lib : TimerP_rti_priv.obj (.text.TimerP_getCountPriv)
                  7004e490    00000018     drivers.am263px.r5f.ti-arm-clang.release.lib : uart_v0.obj (.text.UART_deinit)
                  7004e4a8    00000018     logger.o (.text.clear_logs)
                  7004e4c0    00000018     libc.a : memset32.S.obj (.text:TI_memset_small)
                  7004e4d8    00000016     drivers.am263px.r5f.ti-arm-clang.release.lib : i2c_v1_lld.obj (.text.I2C_lld_Transaction_init)
                  7004e4ee    00000016                                                  : mcspi_v0_lld.obj (.text.MCSPI_reset)
                  7004e504    00000016                                                  : uart_v0_lld.obj (.text.UART_IsTxRxFifoEmpty)
                  7004e51a    00000016                                                  : uart_v0_lld.obj (.text.UART_getIntrIdentityStatus)
                  7004e530    00000016                                                  : uart_v0_lld.obj (.text.UART_getRxError)
                  7004e546    00000014     nortos.am263px.r5f.ti-arm-clang.release.lib : ClockP_nortos.obj (.text.ClockP_usecToTicks)
                  7004e55a    00000014     drivers.am263px.r5f.ti-arm-clang.release.lib : edma.obj (.text.EDMA_getRegionId)
                  7004e56e    00000014                                                  : uart_v0.obj (.text.UART_Transaction_init)
                  7004e582    00000014                                                  : uart_v0_lld.obj (.text.UART_enhanFuncBitValRestore)
                  7004e596    00000012                                                  : adc.obj (.text.ADC_setMode)
                  7004e5a8    00000012                                                  : i2c_v1.obj (.text.I2C_LLD_transferCompleteCallback)
                  7004e5ba    00000012                                                  : uart_v0_lld.obj (.text.UART_hardwareFlowCtrlOptSet)
                  7004e5cc    00000012                                                  : uart_v0_lld.obj (.text.UART_operatingModeSelect)
                  7004e5de    00000012                                                  : uart_v0_lld.obj (.text.UART_readLineStatus)
                  7004e5f0    00000012     ti_dpl_config.o (.text.putchar_)
                  7004e602    00000010     drivers.am263px.r5f.ti-arm-clang.release.lib : gpio.obj (.text.GPIO_bankIntrDisable)
                  7004e612    00000010                                                  : uart_v0_lld.obj (.text.UART_intr2Disable)
                  7004e622    00000002     --HOLE-- [fill = 0]
                  7004e624    00000010     libclang_rt.builtins.a : aeabi_memset.S.obj (.text.__aeabi_memset)
                  7004e634    00000010     libc.a : sscanf.c.obj (.text._uninpchar)
                  7004e644    00000010            : fputc.c.obj (.text.putchar)
                  7004e654    0000000e     drivers.am263px.r5f.ti-arm-clang.release.lib : edma.obj (.text.EDMA_ccPaRAMEntry_init)
                  7004e662    0000000e                                                  : gpio.obj (.text.GPIO_bankIntrEnable)
                  7004e670    0000000e                                                  : i2c_v1.obj (.text.I2C_transferCallback)
                  7004e67e    0000000e     ti_pinmux_config.o (.text.Pinmux_init)
                  7004e68c    0000000e     ti_power_clock_config.o (.text.PowerClock_init)
                  7004e69a    0000000c     nortos.am263px.r5f.ti-arm-clang.release.lib : ClockP_nortos.obj (.text.ClockP_getTicks)
                  7004e6a6    0000000c                                                 : DebugP_uartLogWriter.obj (.text.DebugP_uartSetDrvIndex)
                  7004e6b2    0000000c     drivers.am263px.r5f.ti-arm-clang.release.lib : edma.obj (.text.EDMA_isInitialized)
                  7004e6be    00000002     --HOLE-- [fill = 0]
                  7004e6c0    0000000c                                                  : i2c_v1.obj (.text.I2C_Transaction_init)
                  7004e6cc    0000000c                                                  : soc.obj (.text.SOC_getSelfCpuClk)
                  7004e6d8    0000000c     ioexp_tca6424.o (.text.TCA6424_Params_init)
                  7004e6e4    0000000c     libc.a : aeabi_portable.c.obj (.text.__aeabi_errno_addr)
                  7004e6f0    0000000c     libclang_rt.builtins.a : aeabi_memset.S.obj (.text.__aeabi_memclr)
                  7004e6fc    0000000c     libc.a : memory.c.obj (.text.malloc)
                  7004e708    0000000c     nortos.am263px.r5f.ti-arm-clang.release.lib : CpuId_armv7r_asm.obj (.text)
                  7004e714    0000000a                                                 : ClockP_nortos.obj (.text.ClockP_Params_init)
                  7004e71e    00000002     --HOLE-- [fill = 0]
                  7004e720    0000000c     libc.a : strcmp32.S.obj (.text)
                  7004e72c    0000000a     nortos.am263px.r5f.ti-arm-clang.release.lib : ClockP_nortos.obj (.text.ClockP_isActive)
                  7004e736    0000000a                                                 : TimerP_rti_priv.obj (.text.TimerP_getReloadCountPriv)
                  7004e740    0000000a                                                 : TimerP_rti_priv.obj (.text.TimerP_startPriv)
                  7004e74a    0000000a     drivers.am263px.r5f.ti-arm-clang.release.lib : uart_v0_lld.obj (.text.UART_lld_Transaction_deInit)
                  7004e754    00000008     libsysbm.a : hostexit.c.obj (.text.HOSTexit)
                  7004e75c    00000008     nortos.am263px.r5f.ti-arm-clang.release.lib : TimerP_rti_priv.obj (.text.TimerP_clearOverflowIntPriv)
                  7004e764    00000008                                                 : printf.obj (.text._out_char)
                  7004e76c    00000006     drivers.am263px.r5f.ti-arm-clang.release.lib : edma.obj (.text.EDMA_isInterruptEnabled)
                  7004e772    00000006                                                  : soc.obj (.text.SOC_moduleClockEnable)
                  7004e778    00000006                                                  : soc_rcm.obj (.text.SOC_rcmGetCR5SysclkInFrequency)
                  7004e77e    00000004     nortos.am263px.r5f.ti-arm-clang.release.lib : ClockP_nortos_r5.obj (.text.ClockP_timerClearOverflowInt)
                  7004e782    00000004     ti_power_clock_config.o (.text.PowerClock_deinit)
                  7004e786    00000004     nortos.am263px.r5f.ti-arm-clang.release.lib : TimerP_rti_nortos.obj (.text.TimerP_Params_init)
                  7004e78a    00000004                                                 : TimerP_rti_nortos.obj (.text.TimerP_clearOverflowInt)
                  7004e78e    00000004                                                 : TimerP_rti_nortos.obj (.text.TimerP_getCount)
                  7004e792    00000004                                                 : TimerP_rti_nortos.obj (.text.TimerP_getReloadCount)
                  7004e796    00000004                                                 : TimerP_rti_nortos.obj (.text.TimerP_setup)
                  7004e79a    00000004                                                 : TimerP_rti_nortos.obj (.text.TimerP_start)
                  7004e79e    00000002     --HOLE-- [fill = 0]
                  7004e7a0    00000004     libclang_rt.builtins.a : aeabi_div0.c.obj (.text.__aeabi_idiv0)
                  7004e7a4    00000004                            : aeabi_div0.c.obj (.text.__aeabi_ldiv0)
                  7004e7a8    00000004                            : aeabi_memcpy.S.obj (.text.__aeabi_memcpy)
                  7004e7ac    00000004     libc.a : _lock.c.obj (.text._nop)
                  7004e7b0    00000004            : fseek.c.obj (.text.fseek)
                  7004e7b4    00000004     libsysbm.a : remove.c.obj (.text.remove)
                  7004e7b8    00000008     libclang_rt.builtins.a : aeabi_memcpy.S.obj (.tramp.__aeabi_memcpy.1)
                  7004e7c0    00000008     nortos.am263px.r5f.ti-arm-clang.release.lib : HwiP_armv7r_asm.obj (.tramp.HwiP_restore.1)
                  7004e7c8    00000008                                                 : HwiP_armv7r_asm.obj (.tramp.HwiP_enable.1)
                  7004e7d0    00000008                                                 : PmuP_armv7r_asm.obj (.tramp.PmuP_setUserEnable.1)
                  7004e7d8    00000008                                                 : PmuP_armv7r_asm.obj (.tramp.PmuP_enableCounters.1)

.rodata    0    7004e7e0    00002520     
                  7004e7e0    000004b0     testing.o (.rodata.test_results)
                  7004ec90    00000101     libc.a : aeabi_ctype.S.obj (.rodata:__aeabi_ctype_table_)
                  7004ed91    00000096     testing.o (.rodata.test_cases)
                  7004ee27    00000001     logger.o (.rodata.str1.11170080405929493601.1)
                  7004ee28    00000080     libc.a : strtod.c.obj (.rodata.digits)
                  7004eea8    0000007a     ti_drivers_open_close.o (.rodata.str1.14200658025495415368.1)
                  7004ef22    00000002     --HOLE-- [fill = 0]
                  7004ef24    00000074     ti_dpl_config.o (.rodata.cfg)
                  7004ef98    00000051     drivers.am263px.r5f.ti-arm-clang.release.lib : mcspi_v0.obj (.rodata.str1.26396439823528435241)
                  7004efe9    00000007     libc.a : _scanfi.c.obj (.rodata._sproc_int.flit)
                  7004eff0    00000050     nortos.am263px.r5f.ti-arm-clang.release.lib : printf.obj (.rodata._ftoa.pow10)
                  7004f040    00000048     drivers.am263px.r5f.ti-arm-clang.release.lib : soc_rcm.obj (.rodata.gADPLLJConfigTbl)
                  7004f088    00000048     libc.a : strtod.c.obj (.rodata.powerof10)
                  7004f0d0    00000048     BQ25751.o (.rodata.str1.15227057180538999327.1)
                  7004f118    00000048     drivers.am263px.r5f.ti-arm-clang.release.lib : mcspi_v0_lld.obj (.rodata.str1.97363132707188488161)
                  7004f160    00000047     BQ25751.o (.rodata.str1.10095525046290625685.1)
                  7004f1a7    0000003d     nortos.am263px.r5f.ti-arm-clang.release.lib : TimerP_rti_priv.obj (.rodata.str1.72163963154704191671)
                  7004f1e4    0000003b     testing.o (.rodata.str1.13902908763734703229.1)
                  7004f21f    0000003b     logger.o (.rodata.str1.15765208293925770228.1)
                  7004f25a    0000003b     testing.o (.rodata.str1.17746360623054601515.1)
                  7004f295    0000003b     BQ25751.o (.rodata.str1.2730883272908071265.1)
                  7004f2d0    0000003b     testing.o (.rodata.str1.9663668549545128397.1)
                  7004f30b    0000003a     testing.o (.rodata.str1.13404232100597892824.1)
                  7004f345    0000003a     testing.o (.rodata.str1.14475428689845802839.1)
                  7004f37f    0000003a     BQ25751.o (.rodata.str1.5160441401641532227.1)
                  7004f3b9    0000003a     testing.o (.rodata.str1.5333103860067079182.1)
                  7004f3f3    00000039     testing.o (.rodata.str1.12712981990626671882.1)
                  7004f42c    00000038     testing.o (.rodata.str1.13271957185734089466.1)
                  7004f464    00000038     testing.o (.rodata.str1.1809024094263384077.1)
                  7004f49c    00000038     ti_drivers_open_close.o (.rodata.str1.2554706296470369595.1)
                  7004f4d4    00000038     testing.o (.rodata.str1.9646216584914662902.1)
                  7004f50c    00000037     testing.o (.rodata.str1.12934025152450101698.1)
                  7004f543    00000037     testing.o (.rodata.str1.13753495736459524521.1)
                  7004f57a    00000037     nortos.am263px.r5f.ti-arm-clang.release.lib : SemaphoreP_nortos.obj (.rodata.str1.52751030918495836841)
                  7004f5b1    00000037     testing.o (.rodata.str1.912323090116748061.1)
                  7004f5e8    00000036     ti_drivers_open_close.o (.rodata.str1.10252002122772422448.1)
                  7004f61e    00000036     testing.o (.rodata.str1.1765844212525536965.1)
                  7004f654    00000036     testing.o (.rodata.str1.9310835370192816021.1)
                  7004f68a    00000035     BQ25751.o (.rodata.str1.17099517407219647408.1)
                  7004f6bf    00000035     ti_drivers_open_close.o (.rodata.str1.17551203406305493380.1)
                  7004f6f4    00000035     ti_drivers_open_close.o (.rodata.str1.17665391694225509261.1)
                  7004f729    00000035     BQ25751.o (.rodata.str1.8443781089576892544.1)
                  7004f75e    00000033     testing.o (.rodata.str1.8696649377706721793.1)
                  7004f791    00000032     drivers.am263px.r5f.ti-arm-clang.release.lib : adc.obj (.rodata.str1.104222482920253680151)
                  7004f7c3    00000032     BQ25751.o (.rodata.str1.1249517775944244852.1)
                  7004f7f5    00000032     drivers.am263px.r5f.ti-arm-clang.release.lib : adc.obj (.rodata.str1.137023953294967812531)
                  7004f827    00000031     BQ25751.o (.rodata.str1.17894075944801656883.1)
                  7004f858    00000031     BQ25751.o (.rodata.str1.3974748969067114375.1)
                  7004f889    00000003     BQ25751.o (.rodata.str1.10106629780682049060.1)
                  7004f88c    00000030     logger.o (.rodata..Lswitch.table.print_log.27)
                  7004f8bc    00000030     BQ25751.o (.rodata.str1.12706072285533335359.1)
                  7004f8ec    00000030     BQ25751.o (.rodata.str1.13143656991489871118.1)
                  7004f91c    00000030     ti_drivers_open_close.o (.rodata.str1.5293217666052239616.1)
                  7004f94c    00000030     BQ25751.o (.rodata.str1.8003800691019726735.1)
                  7004f97c    0000002e     BQ25751.o (.rodata.str1.17500317544630551396.1)
                  7004f9aa    0000002e     BQ25751.o (.rodata.str1.17511979226281833584.1)
                  7004f9d8    0000002e     nortos.am263px.r5f.ti-arm-clang.release.lib : ClockP_nortos.obj (.rodata.str1.39419159632632580371)
                  7004fa06    0000002e     BQ25751.o (.rodata.str1.9421605849956869534.1)
                  7004fa34    0000002d     BQ25751.o (.rodata.str1.1229531588138316555.1)
                  7004fa61    0000002d     BQ25751.o (.rodata.str1.2732527716459040101.1)
                  7004fa8e    0000002d     BQ25751.o (.rodata.str1.7897313143695813649.1)
                  7004fabb    0000002d     BQ25751.o (.rodata.str1.8312350936966051270.1)
                  7004fae8    0000002c     drivers.am263px.r5f.ti-arm-clang.release.lib : i2c_v1.obj (.rodata.I2C_defaultTransaction)
                  7004fb14    0000002c     BQ25751.o (.rodata.str1.12868114523665019615.1)
                  7004fb40    0000002c     BQ25751.o (.rodata.str1.14774090551701140490.1)
                  7004fb6c    0000002c     BQ25751.o (.rodata.str1.15589734765688486271.1)
                  7004fb98    0000002c     BQ25751.o (.rodata.str1.1820889172356602547.1)
                  7004fbc4    0000002c     BQ25751.o (.rodata.str1.453300746779397769.1)
                  7004fbf0    0000002c     BQ25751.o (.rodata.str1.7152872178121443324.1)
                  7004fc1c    0000002b     BQ25751.o (.rodata.str1.16455321582865690357.1)
                  7004fc47    0000002b     BQ25751.o (.rodata.str1.5958878973536578819.1)
                  7004fc72    0000002a     BQ25751.o (.rodata.str1.3951025446691905541.1)
                  7004fc9c    0000002a     logger.o (.rodata.str1.6697840596852582545.1)
                  7004fcc6    0000002a     nortos.am263px.r5f.ti-arm-clang.release.lib : DebugP_log.obj (.rodata.str1.8882360920750446361)
                  7004fcf0    00000028     ti_drivers_open_close.o (.rodata.str1.1596297266130340916.1)
                  7004fd18    00000028     ti_drivers_open_close.o (.rodata.str1.16112177131852734107.1)
                  7004fd40    00000028     BQ25751.o (.rodata.str1.7430776718305622844.1)
                  7004fd68    00000027     nortos.am263px.r5f.ti-arm-clang.release.lib : ClockP_nortos_r5.obj (.rodata.str1.91622226613999981811)
                  7004fd8f    00000026     BQ25751.o (.rodata.str1.14581448127847459194.1)
                  7004fdb5    00000025     ti_board_open_close.o (.rodata.str1.12245025114167949655.1)
                  7004fdda    00000025     ti_drivers_open_close.o (.rodata.str1.7750254725308216577.1)
                  7004fdff    00000024     BQ25751.o (.rodata.str1.1271360048684525176.1)
                  7004fe23    00000024     testing.o (.rodata.str1.1448113453728135492.1)
                  7004fe47    00000024     drivers.am263px.r5f.ti-arm-clang.release.lib : edma.obj (.rodata.str1.164918382464449145851)
                  7004fe6b    00000023     ti_drivers_open_close.o (.rodata.str1.10490786615736436564.1)
                  7004fe8e    00000023     BQ25751.o (.rodata.str1.12958517175328886002.1)
                  7004feb1    00000023     nortos.am263px.r5f.ti-arm-clang.release.lib : ClockP_nortos_r5.obj (.rodata.str1.136646522816104227591)
                  7004fed4    00000023     drivers.am263px.r5f.ti-arm-clang.release.lib : soc_rcm.obj (.rodata.str1.15813086600912413471)
                  7004fef7    00000023     ti_board_open_close.o (.rodata.str1.760704006985994805.1)
                  7004ff1a    00000022     drivers.am263px.r5f.ti-arm-clang.release.lib : edma.obj (.rodata.str1.6611792697437713481)
                  7004ff3c    00000021     nortos.am263px.r5f.ti-arm-clang.release.lib : ClockP_nortos_r5.obj (.rodata.str1.99041146818411950391)
                  7004ff5d    00000003     PDMtesting.o (.rodata.str1.1094412632907578887.1)
                  7004ff60    00000020     drivers.am263px.r5f.ti-arm-clang.release.lib : uart_v0_lld.obj (.rodata.cst32)
                  7004ff80    00000020     PDMtesting.o (.rodata.str1.10015848951539402881.1)
                  7004ffa0    00000020     drivers.am263px.r5f.ti-arm-clang.release.lib : uart_v0.obj (.rodata.str1.150767988884773108331)
                  7004ffc0    0000001f     board.o (.rodata.str1.10881007155619371109.1)
                  7004ffdf    0000001f     board.o (.rodata.str1.123550804358397101.1)
                  7004fffe    0000001f     board.o (.rodata.str1.13738757807042593414.1)
                  7005001d    0000001f     board.o (.rodata.str1.14465880841147386111.1)
                  7005003c    0000001f     logger.o (.rodata.str1.14867204177169952558.1)
                  7005005b    0000001f     board.o (.rodata.str1.1510811462892085231.1)
                  7005007a    0000001f     board.o (.rodata.str1.16077883977509950417.1)
                  70050099    0000001f     board.o (.rodata.str1.1696272589420159480.1)
                  700500b8    0000001f     board.o (.rodata.str1.18250802514644841805.1)
                  700500d7    0000001f     nortos.am263px.r5f.ti-arm-clang.release.lib : SemaphoreP_nortos.obj (.rodata.str1.25281168886080794691)
                  700500f6    0000001f                                                 : ClockP_nortos_r5.obj (.rodata.str1.25349503636762439021)
                  70050115    0000001f     board.o (.rodata.str1.5436337271421848948.1)
                  70050134    0000001f     board.o (.rodata.str1.673658226405435322.1)
                  70050153    0000001f     ti_drivers_open_close.o (.rodata.str1.871795152488895636.1)
                  70050172    0000001f     board.o (.rodata.str1.9045895231722895584.1)
                  70050191    0000001f     board.o (.rodata.str1.9461189164499355904.1)
                  700501b0    0000001e     board.o (.rodata.str1.10345935079445805060.1)
                  700501ce    0000001e     drivers.am263px.r5f.ti-arm-clang.release.lib : mcspi_v0.obj (.rodata.str1.144400815220210358851)
                  700501ec    0000001e     board.o (.rodata.str1.6418571003999367838.1)
                  7005020a    0000001e     board.o (.rodata.str1.6840234256597642108.1)
                  70050228    0000001e     board.o (.rodata.str1.9453984286452795027.1)
                  70050246    0000001d     nortos.am263px.r5f.ti-arm-clang.release.lib : TimerP_rti_priv.obj (.rodata.str1.114219152040444562951)
                  70050263    0000001d                                                 : TimerP_rti_priv.obj (.rodata.str1.125174968193178473681)
                  70050280    0000001d     ti_drivers_open_close.o (.rodata.str1.13083909648175487149.1)
                  7005029d    0000001d     drivers.am263px.r5f.ti-arm-clang.release.lib : uart_v0.obj (.rodata.str1.142814395268246240721)
                  700502ba    0000001d                                                  : mcspi_v0.obj (.rodata.str1.171925388543524077211)
                  700502d7    0000001d     nortos.am263px.r5f.ti-arm-clang.release.lib : TimerP_rti_priv.obj (.rodata.str1.27974953896521033811)
                  700502f4    0000001c     BQ25751.o (.rodata..Lswitch.table.BQ25751_read_faults)
                  70050310    0000001c     logger.o (.rodata.str1.10253156068257962407.1)
                  7005032c    0000001c     logger.o (.rodata.str1.12893940535876439382.1)
                  70050348    0000001c     logger.o (.rodata.str1.16946937258229686214.1)
                  70050364    0000001b     logger.o (.rodata.str1.10289081750774512625.1)
                  7005037f    0000001b     drivers.am263px.r5f.ti-arm-clang.release.lib : edma.obj (.rodata.str1.16266241636797238661)
                  7005039a    0000001b     nortos.am263px.r5f.ti-arm-clang.release.lib : ClockP_nortos.obj (.rodata.str1.47646432807403639741)
                  700503b5    0000001b     ti_drivers_open_close.o (.rodata.str1.5509699957385355460.1)
                  700503d0    0000001b     logger.o (.rodata.str1.6452265960373237926.1)
                  700503eb    0000001a     drivers.am263px.r5f.ti-arm-clang.release.lib : edma.obj (.rodata.str1.124702968117785801901)
                  70050405    0000001a     nortos.am263px.r5f.ti-arm-clang.release.lib : ClockP_nortos_r5.obj (.rodata.str1.133203246495064227641)
                  7005041f    0000001a     drivers.am263px.r5f.ti-arm-clang.release.lib : soc_rcm.obj (.rodata.str1.153801437654618082741)
                  70050439    0000001a                                                  : mcspi_v0.obj (.rodata.str1.169212516063846095031)
                  70050453    0000001a                                                  : i2c_v1.obj (.rodata.str1.65627606760091541251)
                  7005046d    0000001a     board.o (.rodata.str1.9440741161207462191.1)
                  70050487    0000001a     drivers.am263px.r5f.ti-arm-clang.release.lib : mcspi_v0.obj (.rodata.str1.99640994410596514241)
                  700504a1    00000019     ti_drivers_open_close.o (.rodata.str1.14059614886583751700.1)
                  700504ba    00000019     nortos.am263px.r5f.ti-arm-clang.release.lib : TimerP_rti_priv.obj (.rodata.str1.160914699991520874261)
                  700504d3    00000019     ti_drivers_open_close.o (.rodata.str1.7332975063418302059.1)
                  700504ec    00000018     drivers.am263px.r5f.ti-arm-clang.release.lib : soc.obj (.rodata..Lswitch.table.SOC_getAdcReferenceStatus)
                  70050504    00000004     nortos.am263px.r5f.ti-arm-clang.release.lib : CacheP_armv7r.obj (.rodata.gCacheL1dCacheLineSize)
                  70050508    00000018     drivers.am263px.r5f.ti-arm-clang.release.lib : i2c_v1_lld.obj (.rodata.I2C_lld_defaultMessage)
                  70050520    00000018                                                  : soc_rcm.obj (.rodata.gControlssPllClkSrcValMap)
                  70050538    00000018                                                  : soc_rcm.obj (.rodata.gCptsClkSrcValMap)
                  70050550    00000018                                                  : soc_rcm.obj (.rodata.gI2cClkSrcValMap)
                  70050568    00000018                                                  : soc_rcm.obj (.rodata.gLinUartClkSrcValMap)
                  70050580    00000018                                                  : soc_rcm.obj (.rodata.gPeripheralClkSrcInfoMap)
                  70050598    00000018                                                  : soc_rcm.obj (.rodata.gRtiClkSrcValMap)
                  700505b0    00000018                                                  : soc_rcm.obj (.rodata.gWdtClkSrcValMap)
                  700505c8    00000018                                                  : i2c_v1.obj (.rodata.str1.10394555129776590081)
                  700505e0    00000018                                                  : i2c_v1.obj (.rodata.str1.145046381417982596211)
                  700505f8    00000018                                                  : i2c_v1.obj (.rodata.str1.146157486204483244751)
                  70050610    00000018     logger.o (.rodata.str1.516959638814628545.1)
                  70050628    00000018     logger.o (.rodata.str1.5671237403414969566.1)
                  70050640    00000018     BQ25751.o (.rodata.str1.7886701266418031715.1)
                  70050658    00000018     logger.o (.rodata.str1.887488774559121338.1)
                  70050670    00000018     drivers.am263px.r5f.ti-arm-clang.release.lib : uart_v0.obj (.rodata.str1.9069738176458784971)
                  70050688    00000018     logger.o (.rodata.str1.998270875404085501.1)
                  700506a0    00000017     ADS_adc.o (.rodata.str1.10043506777178288082.1)
                  700506b7    00000017     logger.o (.rodata.str1.10127394157737690499.1)
                  700506ce    00000017     drivers.am263px.r5f.ti-arm-clang.release.lib : soc_rcm.obj (.rodata.str1.141251745167226470741)
                  700506e5    00000017     ti_drivers_open_close.o (.rodata.str1.1628183244885117158.1)
                  700506fc    00000017     BQ25751.o (.rodata.str1.2479029312867807955.1)
                  70050713    00000017     logger.o (.rodata.str1.9485715002722841782.1)
                  7005072a    00000016     PDMtesting.o (.rodata.str1.10577412323663350067.1)
                  70050740    00000016     drivers.am263px.r5f.ti-arm-clang.release.lib : soc_rcm.obj (.rodata.str1.107645048611228328791)
                  70050756    00000016     PDMtesting.o (.rodata.str1.12143205621091433229.1)
                  7005076c    00000016     logger.o (.rodata.str1.1246197995540081341.1)
                  70050782    00000016     logger.o (.rodata.str1.14246187852812087945.1)
                  70050798    00000016     drivers.am263px.r5f.ti-arm-clang.release.lib : soc_rcm.obj (.rodata.str1.177369307189295936511)
                  700507ae    00000016                                                  : soc_rcm.obj (.rodata.str1.63555232926284281011)
                  700507c4    00000016                                                  : mcspi_v0.obj (.rodata.str1.85423015064808713541)
                  700507da    00000015     ti_drivers_open_close.o (.rodata.str1.11521962449680083383.1)
                  700507ef    00000015     BQ25751.o (.rodata.str1.1275194715022805712.1)
                  70050804    00000015     drivers.am263px.r5f.ti-arm-clang.release.lib : edma.obj (.rodata.str1.149652404363315708211)
                  70050819    00000015     ti_drivers_open_close.o (.rodata.str1.17912154466570466874.1)
                  7005082e    00000015     drivers.am263px.r5f.ti-arm-clang.release.lib : adc.obj (.rodata.str1.20431844208594508061)
                  70050843    00000015     nortos.am263px.r5f.ti-arm-clang.release.lib : SemaphoreP_nortos.obj (.rodata.str1.30861210816963497001)
                  70050858    00000015     logger.o (.rodata.str1.8545315102583907144.1)
                  7005086d    00000014     drivers.am263px.r5f.ti-arm-clang.release.lib : mcspi_v0_lld.obj (.rodata.str1.147988882001261723701)
                  70050881    00000014                                                  : edma.obj (.rodata.str1.176595599180530855901)
                  70050895    00000014                                                  : mcspi_v0.obj (.rodata.str1.34611452835214624521)
                  700508a9    00000014     ti_drivers_open_close.o (.rodata.str1.3622116258035701796.1)
                  700508bd    00000014     drivers.am263px.r5f.ti-arm-clang.release.lib : edma.obj (.rodata.str1.41785049815304208531)
                  700508d1    00000014                                                  : edma.obj (.rodata.str1.93700429500326477781)
                  700508e5    00000013                                                  : soc_rcm.obj (.rodata.str1.30734103837947208761)
                  700508f8    00000013     testing.o (.rodata.str1.761491514650110821.1)
                  7005090b    00000013     testing.o (.rodata.str1.8954517940817656586.1)
                  7005091e    00000013     drivers.am263px.r5f.ti-arm-clang.release.lib : uart_v0.obj (.rodata.str1.9980655952161290391)
                  70050931    00000012     BQ25751.o (.rodata.str1.15351948885430041794.1)
                  70050943    00000012     drivers.am263px.r5f.ti-arm-clang.release.lib : uart_v0.obj (.rodata.str1.166492982902436568231)
                  70050955    00000012                                                  : uart_v0.obj (.rodata.str1.171120843061886446841)
                  70050967    00000012                                                  : edma.obj (.rodata.str1.41579851849113419871)
                  70050979    00000012     ti_drivers_open_close.o (.rodata.str1.6538372684047993024.1)
                  7005098b    00000012     drivers.am263px.r5f.ti-arm-clang.release.lib : soc_rcm.obj (.rodata.str1.67217821191364965911)
                  7005099d    00000011                                                  : edma.obj (.rodata.str1.117215064595961288031)
                  700509ae    00000011     ti_drivers_open_close.o (.rodata.str1.12213835641041270557.1)
                  700509bf    00000011     logger.o (.rodata.str1.13406532556922755089.1)
                  700509d0    00000011     drivers.am263px.r5f.ti-arm-clang.release.lib : uart_v0.obj (.rodata.str1.16967668833904919061)
                  700509e1    00000011                                                  : edma.obj (.rodata.str1.28692048193800818901)
                  700509f2    00000011     nortos.am263px.r5f.ti-arm-clang.release.lib : ClockP_nortos.obj (.rodata.str1.37923443167824241621)
                  70050a03    00000011                                                 : TimerP_rti_priv.obj (.rodata.str1.44101942245516082551)
                  70050a14    00000011     logger.o (.rodata.str1.4633242734696342979.1)
                  70050a25    00000011     ti_drivers_open_close.o (.rodata.str1.6292539624901818759.1)
                  70050a36    00000011     BQ25751.o (.rodata.str1.9017280232647772979.1)
                  70050a47    00000001     --HOLE-- [fill = 0]
                  70050a48    00000010     drivers.am263px.r5f.ti-arm-clang.release.lib : soc.obj (.rodata.cst16)
                  70050a58    00000010                                                  : mcspi_v0.obj (.rodata.str1.153145657127816401141)
                  70050a68    00000010     ti_drivers_open_close.o (.rodata.str1.15574074207268991336.1)
                  70050a78    00000010     drivers.am263px.r5f.ti-arm-clang.release.lib : edma.obj (.rodata.str1.18778444954996405781)
                  70050a88    00000010                                                  : i2c_v1.obj (.rodata.str1.55879311564180241041)
                  70050a98    00000010     ti_drivers_open_close.o (.rodata.str1.6437641722977580707.1)
                  70050aa8    0000000f     drivers.am263px.r5f.ti-arm-clang.release.lib : edma.obj (.rodata.str1.111354322338949310841)
                  70050ab7    0000000f                                                  : edma.obj (.rodata.str1.144551280152329776181)
                  70050ac6    0000000f                                                  : i2c_v1.obj (.rodata.str1.20248951868514646131)
                  70050ad5    0000000f                                                  : edma.obj (.rodata.str1.2759273541325923811)
                  70050ae4    0000000f                                                  : mcspi_v0.obj (.rodata.str1.43973954253821070511)
                  70050af3    0000000f     board.o (.rodata.str1.834004997606947946.1)
                  70050b02    0000000f     drivers.am263px.r5f.ti-arm-clang.release.lib : edma.obj (.rodata.str1.92547749779646142691)
                  70050b11    0000000e                                                  : edma.obj (.rodata.str1.19244332700943948511)
                  70050b1f    0000000e                                                  : edma.obj (.rodata.str1.46057082369026546831)
                  70050b2d    0000000e                                                  : edma.obj (.rodata.str1.46782315602798139861)
                  70050b3b    0000000e     ti_drivers_open_close.o (.rodata.str1.5205884736402799790.1)
                  70050b49    0000000d     ti_drivers_open_close.o (.rodata.str1.10450075619424269387.1)
                  70050b56    0000000d     drivers.am263px.r5f.ti-arm-clang.release.lib : edma.obj (.rodata.str1.121775923823351643201)
                  70050b63    0000000d     ti_drivers_open_close.o (.rodata.str1.16905510790704221133.1)
                  70050b70    0000000d     nortos.am263px.r5f.ti-arm-clang.release.lib : TimerP_rti_priv.obj (.rodata.str1.31870447354226168941)
                  70050b7d    0000000d     drivers.am263px.r5f.ti-arm-clang.release.lib : adc.obj (.rodata.str1.70150695697723348971)
                  70050b8a    0000000d     testing.o (.rodata.str1.9119961215068324276.1)
                  70050b97    00000001     --HOLE-- [fill = 0]
                  70050b98    0000000c     drivers.am263px.r5f.ti-arm-clang.release.lib : mcspi_v0_lld.obj (.rodata..Lswitch.table.MCSPI_lld_controllerIsr.1)
                  70050ba4    0000000c                                                  : mcspi_v0_lld.obj (.rodata..Lswitch.table.MCSPI_lld_controllerIsr)
                  70050bb0    0000000c                                                  : soc.obj (.rodata..Lswitch.table.SOC_enableAdcReferenceMonitor)
                  70050bbc    0000000c     logger.o (.rodata..Lswitch.table.print_log)
                  70050bc8    0000000c     nortos.am263px.r5f.ti-arm-clang.release.lib : ClockP_nortos_r5.obj (.rodata.str1.177642182983587376931)
                  70050bd4    0000000c     drivers.am263px.r5f.ti-arm-clang.release.lib : mcspi_v0.obj (.rodata.str1.69169362540279301091)
                  70050be0    0000000c                                                  : edma.obj (.rodata.str1.73371482538137472541)
                  70050bec    0000000c     logger.o (.rodata.str1.7498274428696469886.1)
                  70050bf8    0000000b     board.o (.rodata.str1.15102135329570516791.1)
                  70050c03    0000000b     drivers.am263px.r5f.ti-arm-clang.release.lib : mcspi_v0.obj (.rodata.str1.169287378047891341191)
                  70050c0e    0000000b                                                  : uart_v0.obj (.rodata.str1.174466331461201984741)
                  70050c19    0000000b                                                  : uart_v0.obj (.rodata.str1.23952661867579505821)
                  70050c24    0000000b                                                  : mcspi_v0.obj (.rodata.str1.248655060218483491)
                  70050c2f    0000000b                                                  : edma.obj (.rodata.str1.8716574913843167321)
                  70050c3a    0000000a                                                  : soc_rcm.obj (.rodata.str1.102656642322745120751)
                  70050c44    0000000a                                                  : edma.obj (.rodata.str1.11281620503267214511)
                  70050c4e    0000000a     logger.o (.rodata.str1.13114922096505101489.1)
                  70050c58    0000000a     drivers.am263px.r5f.ti-arm-clang.release.lib : uart_v0.obj (.rodata.str1.4680544719311723101)
                  70050c62    0000000a                                                  : uart_v0.obj (.rodata.str1.62285611621840673441)
                  70050c6c    0000000a                                                  : edma.obj (.rodata.str1.94390198658697638781)
                  70050c76    0000000a                                                  : i2c_v1.obj (.rodata.str1.97456980245303321621)
                  70050c80    0000000a                                                  : uart_v0.obj (.rodata.str1.98976386761529848021)
                  70050c8a    00000009     libc.a : _scanfi.c.obj (.rodata.str1.12964984209033246150.1)
                  70050c93    00000009     drivers.am263px.r5f.ti-arm-clang.release.lib : i2c_v1.obj (.rodata.str1.60490558749180274121)
                  70050c9c    00000008     libc.a : _scanfi.c.obj (.rodata..L__const._sproc_float.special)
                  70050ca4    00000008     logger.o (.rodata.str1.11411971380641413352.1)
                  70050cac    00000008     logger.o (.rodata.str1.3193577328096652195.1)
                  70050cb4    00000006     libc.a : _scanfi.c.obj (.rodata._sproc_int.barr)
                  70050cba    00000006     drivers.am263px.r5f.ti-arm-clang.release.lib : soc_rcm.obj (.rodata.str1.53743240983164125611)
                  70050cc0    00000006     logger.o (.rodata.str1.9978879681667430888.1)
                  70050cc6    00000005     BQ25751.o (.rodata.str1.12421258905385577217.1)
                  70050ccb    00000005     BQ25751.o (.rodata.str1.13909236871274729330.1)
                  70050cd0    00000005     nortos.am263px.r5f.ti-arm-clang.release.lib : printf.obj (.rodata.str1.143852280595428356391)
                  70050cd5    00000005                                                 : printf.obj (.rodata.str1.23318557076440195721)
                  70050cda    00000005     logger.o (.rodata.str1.5950550609978457137.1)
                  70050cdf    00000001     --HOLE-- [fill = 0]
                  70050ce0    00000004     nortos.am263px.r5f.ti-arm-clang.release.lib : CacheP_armv7r.obj (.rodata.gCacheL1pCacheLineSize)
                  70050ce4    00000004     logger.o (.rodata.str1.11268383079938446260.1)
                  70050ce8    00000004     nortos.am263px.r5f.ti-arm-clang.release.lib : printf.obj (.rodata.str1.122320159353749299121)
                  70050cec    00000004     BQ25751.o (.rodata.str1.13505117214245943287.1)
                  70050cf0    00000004     logger.o (.rodata.str1.14780196379335289893.1)
                  70050cf4    00000004     libc.a : _scanfi.c.obj (.rodata.str1.3403580589742030990.1)
                  70050cf8    00000004     nortos.am263px.r5f.ti-arm-clang.release.lib : printf.obj (.rodata.str1.81101573233442303481)
                  70050cfc    00000004     --HOLE-- [fill = 0]

.bss       0    70050d00    000028a0     UNINITIALIZED
                  70050d00    00000c80     (.common:logs)
                  70051980    00000808     (.common:gHwiCtrl)
                  70052188    00000770     ti_drivers_config.o (.bss.gMcspiObjects)
                  700528f8    00000428     ti_drivers_config.o (.bss.gI2cObjects)
                  70052d20    00000368     ti_drivers_config.o (.bss.gUartObjects)
                  70053088    00000120     libsysbm.a : trgmsg.c.obj (.bss:_CIOBUF_)
                  700531a8    000000e8     ti_drivers_config.o (.bss.gEdmaObjects)
                  70053290    000000c0     (.common:intr_objects)
                  70053350    000000ac     ti_board_open_close.o (.bss.Board_ioexpOpen.gTCA6424_Config)
                  700533fc    000000a0     libc.a : defs.c.obj (.bss.__TI_tmpnams)
                  7005349c    00000090     (.common:gDebugShmLogReaderCtrl)
                  7005352c    00000004     nortos.am263px.r5f.ti-arm-clang.release.lib : HwiP_armv7r_vim.obj (.bss.gdummy)
                  70053530    00000038     (.common:gClockCtrl)
                  70053568    00000010     (.common:virtToPhymap)
                  70053578    00000008     libsysbm.a : hostopen.c.obj (.bss.parmbuf)
                  70053580    00000008     (.common:gI2cHandle)
                  70053588    00000008     (.common:gMcspiHandle)
                  70053590    00000004     libc.a : memory.c.obj (.bss.sys_free)
                  70053594    00000004     (.common:gEdmaHandle)
                  70053598    00000004     (.common:gUartHandle)
                  7005359c    00000002     PDMtesting.o (.bss.PDM_testing.user_input_test_number)
                  7005359e    00000002     --HOLE--

.sysmem    0    700535a0    00008000     UNINITIALIZED
                  700535a0    00000010     libc.a : memory.c.obj (.sysmem)
                  700535b0    00007ff0     --HOLE--

.stack     0    7005b5a0    00004000     UNINITIALIZED
[...]
70048641  SOC_rcmGetPeripheralClockFrequency 
70048755  UART_lld_write                     
70048863  init_gpio                          
70048a75  UART_read                          
70048c83  ClockP_init                        
70048d87  SemaphoreP_destruct                
70048d89  UART_lld_dmaWrite                  
70048e8d  MCSPI_close                        
70048f8d  PDM_testing                        
7004908d  UART_write                         
70049189  MCSPI_lld_initDma                  
7004927c  fputc                              
70049453  MCSPI_lld_readWriteDma             
70049539  GPIO_bankIsrFxn                    
7004960f  TaskP_yield                        
700496e5  print_log                          
700497b9  EDMA_unregisterIntr                
70049889  GPIO_deinit                        
70049959  UART_lld_initDma                   
70049a24  getdevice                          
70049aed  I2C_lld_mem_write                  
70049c75  MCSPI_lld_init                     
70049d39  BQ25751_read_reg                   
70049df9  I2C_lld_mem_read                   
70049eb9  UART_lld_init                      
70049f79  TCA6424_config                     
7004a037  TCA6424_setOutput                  
7004a0f5  EDMA_registerIntr                  
7004a1b0  fseeko                             
7004a264  __TI_closefile                     
7004a51d  DebugP_readLine                    
7004a66b  UART_lld_read                      
7004a7b7  init_global_interrupts             
7004a85d  I2C_close                          
7004a901  I2C_lld_mem_readIntr               
7004a9a5  I2C_lld_mem_writeIntr              
7004aaed  EDMA_freeDmaChannel                
7004ab8d  EDMA_freeParam                     
7004ac2d  EDMA_freeTcc                       
7004accc  HOSTrename                         
7004ad6d  UART_lld_dmaRead                   
7004ae0d  UART_lld_readIntr                  
7004aea8  __TI_wrt_ok                        
7004af45  Board_ioexpOpen                    
7004afe0  HOSTlseek                          
7004b111  BQ25751_write_reg                  
7004b1a7  SemaphoreP_pend                    
7004b23d  EDMA_configureChannelRegion        
7004b2d0  HOSTopen                           
7004b365  I2C_lld_init                       
7004b3f9  SPI_ReadWrite                      
7004b48d  UART_lld_readWithCounter           
7004b521  Drivers_open                       
7004b6cf  MCSPI_lld_peripheralIsr            
7004b75c  close                              
7004b7e9  i2c_read_error_handler             
7004b875  ADC_setPPBTripLimits               
7004b8fd  UART_init                          
7004b985  UART_procLineStatusErr             
7004ba0c  __TI_doflush                       
7004ba94  HOSTread                           
7004bb18  HOSTwrite                          
7004bc21  EDMA_close                         
7004bca1  UART_flushTxFifo                   
7004bd21  Drivers_mcspiOpen                  
7004be9b  Drivers_i2cOpen                    
7004bf17  MCSPI_initiateLastChunkTransfer    
7004bf91  MCSPI_init                         
7004c0f1  MCSPI_stop                         
7004c163  MCSPI_lld_dmaStop                  
7004c1d3  BQ25751_read_faults                
7004c241  EDMA_disableTransferRegion         
7004c2af  EDMA_enableTransferRegion          
7004c31c  HOSTunlink                         
7004c389  UART_lld_writeDma                  
7004c3f5  UART_lld_readDma                   
7004c45d  UART_lld_writeIntr                 
7004c4c4  atoi                               
7004c52d  digitalWrite                       
7004c595  CycleCounterP_init                 
7004c5a5  CycleCounterP_reset                
7004c5c9  CycleCounterP_nsToTicks            
7004c5f5  CycleCounterP_enableUserAccess     
7004c5fd  SOC_controlModuleUnlockMMR         
7004c661  add_log                            
7004c6c5  init_interrupt                     
7004c728  HOSTclose                          
7004c789  ClockP_timerTickIsr                
7004c7e7  MCSPI_setChDataSize                
7004c845  GPIO_setTrigType                   
7004c8fd  SOC_controlModuleLockMMR           
7004c959  _DebugP_assert                     
7004ca0c  __TI_cleanup                       
7004ca64  __TI_readmsg                       
7004cabc  __TI_writemsg                      
7004cb08  C$$IO$$                            
7004cb15  print_pending_logs                 
7004cb6d  ClockP_getTimeUsec                 
7004cbc3  UART_intrDisable                   
7004cc19  UART_readCancelNoCB                
7004cc6f  UART_writeCancelNoCB               
7004ccc5  Dpl_init                           
7004cd18  exit                               
7004cd6c  finddevice                         
7004cdc0  __TI_auto_init_nobinit_nopinit     
7004ce15  AddrTranslateP_getLocalAddr        
7004ceb9  MCSPI_lld_deInitDma                
7004cf0b  ClockP_construct                   
7004cf5d  EDMA_allocDmaChannel               
7004cfad  EDMA_allocParam                    
7004cffd  EDMA_allocTcc                      
7004d09b  Drivers_edmaOpen                   
7004d0e9  Drivers_uartOpen                   
7004d137  EDMA_disableChInShadowRegRegion    
7004d185  MCSPI_transferCallback             
7004d21d  SOC_enableAdcReferenceMonitor      
7004d269  SOC_enableAdcGlobalForce           
7004d2b1  SOC_enableAdcInternalReference     
7004d340  unlink                             
7004d415  SOC_getAdcReferenceStatus          
7004d459  UART_Params_init                   
7004d49d  UART_lld_deInitDma                 
7004d4e1  ClockP_stop                        
7004d521  EDMA_mapChToEvtQ                   
7004d561  Pinmux_config                      
7004d5a1  SemaphoreP_constructBinary         
7004d5e1  UART_lld_deInit                    
7004d69f  SemaphoreP_constructMutex          
7004d6dd  EDMA_getBaseAddr                   
7004d755  ClockP_destruct                    
7004d78f  DebugP_uartLogWriterPutChar        
7004d7c9  Module_clockSetFrequency           
7004d803  TCA6424_open                       
7004d83d  UART_lld_flushTxFifo               
7004d8b1  _DebugP_logZone                    
7004d8e8  CycleCounterP_getCount32           
7004d8f0  PmuP_setup                         
7004d8f8  PmuP_enableCounters                
7004d900  PmuP_disableCounters               
7004d908  PmuP_getOverflowStatus             
7004d910  PmuP_clearOverflowStatus           
7004d918  PmuP_setUserEnable                 
7004d921  EDMA_clrMissEvtRegion              
7004d957  ClockP_start                       
7004d98d  I2C_init                           
7004d9c1  MCSPI_errorCallback                
7004d9f5  Module_clockDisable                
7004da29  Module_clockEnable                 
7004da5d  SOC_enableAdcDacLoopback           
7004daf8  lseek                              
7004db2c  write                              
7004db61  ClockP_usleep                      
7004db93  EDMA_unmapChToEvtQ                 
7004dbc5  SemaphoreP_post                    
7004dbf7  DebugP_scanf                       
7004dc89  adc_to_current_LM74930             
7004dcb9  EDMA_enableChInShadowRegRegion     
7004dce7  I2C_lld_deInit                     
7004dd15  System_init                        
7004dd71  DebugP_shmLogReaderInit            
7004dd9d  I2C_getHandle                      
7004ddc9  SOC_rcmGetR5Clock                  
7004ddf5  UART_getHandle                     
7004de21  adc_to_current_HSS_MB              
7004de4d  adc_to_current_TPS                 
7004de78  vsscanf                            
7004decd  GPIO_setDirMode                    
7004df1d  SOC_moduleSetClockFrequency        
7004df45  read_ext_ADC                       
7004df6d  ClockP_sleep                       
7004df93  EDMA_setPaRAM                      
7004dfb9  I2C_lld_transferIntr               
7004dfdf  I2C_lld_transferPoll               
7004e005  UART_lld_dmaDisableChannel         
7004e0bc  __aeabi_uldivmod                   
7004e0e1  int_adc_to_voltage                 
7004e105  vprintf_                           
7004e129  EDMA_linkChannel                   
7004e16d  System_deinit                      
7004e18f  print_logs                         
7004e1b1  DebugP_logZoneEnable               
7004e1d1  I2C_lld_Message_init               
7004e211  TimerP_Params_initPriv             
7004e231  UART_getChar                       
7004e251  Board_driversOpen                  
7004e26f  TCA6424_close                      
7004e28d  UART_spaceAvail                    
7004e31d  MCSPI_lld_deInit                   
7004e339  SOC_rcmIsR5FInLockStepMode         
7004e371  main                               
7004e3c4  TI_memcpy_small                    
7004e3e1  CSL_armR5GetCpuID                  
7004e3fb  EDMA_readEventStatusRegion         
7004e431  I2C_deinit                         
7004e449  MCSPI_deinit                       
7004e461  MCSPI_lld_dmaInit                  
7004e479  TimerP_getCountPriv                
7004e491  UART_deinit                        
7004e4a9  clear_logs                         
7004e4c0  TI_memset_small                    
7004e4d9  I2C_lld_Transaction_init           
7004e4ef  MCSPI_reset                        
7004e505  UART_IsTxRxFifoEmpty               
7004e51b  UART_getIntrIdentityStatus         
7004e547  ClockP_usecToTicks                 
7004e55b  EDMA_getRegionId                   
7004e56f  UART_Transaction_init              
7004e597  ADC_setMode                        
7004e5cd  UART_operatingModeSelect           
7004e5df  UART_readLineStatus                
7004e5f1  putchar_                           
7004e603  GPIO_bankIntrDisable               
7004e613  UART_intr2Disable                  
7004e624  __aeabi_memset                     
7004e624  __aeabi_memset4                    
7004e624  __aeabi_memset8                    
7004e644  putchar                            
7004e655  EDMA_ccPaRAMEntry_init             
7004e663  GPIO_bankIntrEnable                
7004e67f  Pinmux_init                        
7004e68d  PowerClock_init                    
7004e69b  ClockP_getTicks                    
7004e6a7  DebugP_uartSetDrvIndex             
7004e6b3  EDMA_isInitialized                 
7004e6c1  I2C_Transaction_init               
7004e6cd  SOC_getSelfCpuClk                  
7004e6d9  TCA6424_Params_init                
7004e6e4  __aeabi_errno_addr                 
7004e6f0  __aeabi_memclr                     
7004e6f0  __aeabi_memclr4                    
7004e6f0  __aeabi_memclr8                    
7004e6fc  malloc                             
7004e708  CSL_armR5ReadMpidrReg              
7004e715  ClockP_Params_init                 
7004e72d  ClockP_isActive                    
7004e737  TimerP_getReloadCountPriv          
7004e741  TimerP_startPriv                   
7004e74b  UART_lld_Transaction_deInit        
7004e754  C$$EXIT                            
7004e754  HOSTexit                           
7004e75d  TimerP_clearOverflowIntPriv        
7004e76d  EDMA_isInterruptEnabled            
7004e773  SOC_moduleClockEnable              
7004e77f  ClockP_timerClearOverflowInt       
7004e783  PowerClock_deinit                  
7004e787  TimerP_Params_init                 
7004e78b  TimerP_clearOverflowInt            
7004e78f  TimerP_getCount                    
7004e793  TimerP_getReloadCount              
7004e797  TimerP_setup                       
7004e79b  TimerP_start                       
7004e7a0  __aeabi_idiv0                      
7004e7a4  __aeabi_ldiv0                      
7004e7a8  __aeabi_memcpy                     
7004e7a8  __aeabi_memcpy4                    
7004e7a8  __aeabi_memcpy8                    
7004e7ac  _nop                               
7004e7b0  fseek                              
7004e7b4  remove                             
7004e7e0  test_results                       
7004ec90  __aeabi_ctype_table_               
7004ec90  __aeabi_ctype_table_C              
7004ed91  test_cases                         
7004ef24  gCacheConfig                       
7004ef2c  gMpuConfig                         
7004ef38  gMpuRegionConfig                   
7004f040  gADPLLJConfigTbl                   
7004fae8  I2C_defaultTransaction             
70050504  gCacheL1dCacheLineSize             
70050508  I2C_lld_defaultMessage             
70050580  gPeripheralClkSrcInfoMap           
70050ce0  gCacheL1pCacheLineSize             
70050d00  __BSS_START                        
70050d00  logs                               
70051980  gHwiCtrl                           
70053088  _CIOBUF_                           
70053088  __CIOBUF_                          
70053290  intr_objects                       
700533fc  __TI_tmpnams                       
7005349c  gDebugShmLogReaderCtrl             
70053530  gClockCtrl                         
70053568  virtToPhymap                       
70053578  parmbuf                            
70053580  gI2cHandle                         
70053588  gMcspiHandle                       
70053594  gEdmaHandle                        
70053598  gUartHandle                        
700535a0  __BSS_END                          
700535a0  _sys_memory                        
7005b5a0  __stack                            
7005f5a0  __STACK_END                        
7005f5a1  HwiP_enableInt                     
7005f5c9  HwiP_disableInt                    
7005f5fb  HwiP_restoreInt                    
7005f651  HwiP_clearInt                      
7005f671  HwiP_post                          
7005f699  HwiP_Params_init                   
7005f6ab  HwiP_construct                     
7005f7f3  HwiP_destruct                      
7005f8c5  HwiP_init                          
7005f987  HwiP_inISR                         
7005f9a3  HwiP_irq_handler_c                 
7005fa27  HwiP_fiq_handler                   
7005fad7  HwiP_reserved_handler              
7005fb05  HwiP_undefined_handler_c           
7005fb23  HwiP_user_undefined_handler_c      
7005fb37  HwiP_svc_handler                   
7005fb65  HwiP_prefetch_abort_handler_c      
7005fbdf  HwiP_user_prefetch_abort_handler_c 
7005fbef  HwiP_data_abort_handler_c          
7005fc6f  HwiP_user_data_abort_handler_c     
7005fc80  HwiP_irq_handler                   
7005fcf4  HwiP_data_abort_handler            
7005fd38  HwiP_prefetch_abort_handler        
7005fd84  HwiP_undefined_handler             
7005fdb4  GET_DFSR                           
7005fdbc  GET_ADFSR                          
7005fdc4  GET_DFAR                           
7005fdcc  GET_IFSR                           
7005fdd4  GET_AIFSR                          
7005fddc  GET_IFAR                           
7005fde4  GET_SPSR                           
7005fdfc  HwiP_disable                       
7005fe0c  HwiP_disableFIQ                    
7005fe1c  HwiP_enable                        
7005fe2c  HwiP_enableFIQ                     
7005fe3c  HwiP_restore                       
7005fe44  HwiP_enableVIC                     
7005fe54  HwiP_disableVIC                    
7005fe64  HwiP_getCPSR                       
7005fe78  CacheP_disableL1d                  
7005fea0  CacheP_disableL1p                  
7005feb8  CacheP_enableL1d                   
7005fed0  CacheP_enableL1p                   
7005fee8  CacheP_invL1d                      
7005ff20  CacheP_invL1p                      
7005ff5c  CacheP_invL1dAll                   
7005ff64  CacheP_invL1pAll                   
7005ff6c  CacheP_wb                          
7005ffa8  CacheP_wbInv                       
7005ffe4  CacheP_wbAll                       
7006008c  CacheP_wbInvAll                    
700600a4  CacheP_wbInvAllAsm                 
70060144  CacheP_getEnabled                  
7006017c  CacheP_getCacheLevelInfo           
70060188  CacheP_configForceWrThru           
700601a8  CacheP_setDLFO                     
700601b9  CacheP_init                        
70060211  CacheP_disable                     
7006024b  CacheP_enable                      
7006026b  CacheP_inv                         
700602a9  MpuP_getAttrs                      
700602e9  MpuP_RegionAttrs_init              
700602f7  MpuP_setRegion                     
70060371  MpuP_isEnable                      
70060375  MpuP_disable                       
700603a7  MpuP_enable                        
700603e3  MpuP_init                          
70060445  MpuP_isUserAuthorizedToAccessMemory
700604ac  MpuP_disableAsm                    
700604c4  MpuP_disableBRAsm                  
700604d4  MpuP_enableAsm                     
700604ec  MpuP_enableBRAsm                   
700604fc  MpuP_isEnableAsm                   
70060510  MpuP_setRegionAsm                  
70060538  _c_int00_sbl                       
7006055c  _c_int00                           
7006067d  _DebugP_assertNoLog                
7006069b  _system_pre_init                   
700606b7  __mpu_init                         
700606c8  abort                              
700606d0  _ftable                            
700606d0  gMcspiDmaHandle                    
700606d0  gUartDmaHandle                     
70060b04  _device                            
70060b7c  intr_pins                          
70060bdc  gUartParams                        
70060c34  _stream                            
70060ccc  gSpi0ChCfg                         
70060d0c  gSpi1ChCfg                         
70060d4c  gSocModulesClockFrequency          
70060db8  gMcspiOpenParams                   
70060de0  ext_adc0                           
70060dfc  ext_adc1                           
70060e18  gClockConfig                       
70060e30  gI2cParams                         
70060e48  gSocModules                        
70060e5c  gI2cConfig                         
70060e6c  gMcspiConfig                       
70060e7c  __TI_ft_end                        
70060e80  gAddrTranslateConfig               
70060e8c  __TI_cleanup_ptr                   
70060e90  __TI_dtors_ptr                     
70060e94  gConfigMcspiChCfg                  
70060e9c  gEdmaConfig                        
70060ea4  gEdmaParams                        
70060eac  gMcspiDmaChConfig                  
70060eb4  gMcspiNumCh                        
70060ec4  gUartConfig                        
70060ecc  __aeabi_errno                      
70060ed8  _lock                              
70060edc  _unlock                            
70060ee0  gDebugLogZone                      
70060ee4  gDebugP_uartDrvIndex               
70060ee8  gEdmaConfigNum                     
70060eec  gHwiConfig                         
70060ef0  gI2cConfigNum                      
70060ef4  gMcspiConfigNum                    
70060ef8  gUartConfigNum                     
70060efc  gUartDmaChConfig                   
70060f00  test                               
70060f06  logs_length                        
70060f08  isMapAvailable                     
70060f10  __IRQ_STACK_START                  
70061010  __FIQ_STACK_START                  
70061010  __IRQ_STACK_END                    
70061110  __FIQ_STACK_END                    
70061110  __SVC_STACK_START                  
70062110  __ABORT_STACK_START                
70062110  __SVC_STACK_END                    
70062210  __ABORT_STACK_END                  
70062210  __UNDEFINED_STACK_START            
70062310  __UNDEFINED_STACK_END              
701d4000  gDebugShmLog                       
ffffffff  __TI_pprof_out_hndl                
ffffffff  __TI_prof_data_size                
ffffffff  __TI_prof_data_start               
ffffffff  __binit__                          
ffffffff  binit                              
UNDEFED   __TI_CINIT_Base                    
UNDEFED   __TI_CINIT_Limit                   
UNDEFED   __TI_Handler_Table_Base            
UNDEFED   __TI_Handler_Table_Limit           
UNDEFED   _system_post_cinit                 

[507 symbols]
