******************************************************************************
            TI ARM Clang Linker PC v4.0.2                      
******************************************************************************
>> Linked Thu Jun 12 08:38:25 2025

OUTPUT FILE NAME:   <second_stage_PDM_testing.out>
ENTRY POINT SYMBOL: "_vectors"  address: 00000000


MEMORY CONFIGURATION

         name            origin    length      used     unused   attr    fill
----------------------  --------  ---------  --------  --------  ----  --------
  R5F_VECS              00000000   00000040  00000040  00000000  RWIX
  R5F_TCMA              00000040   00007fc0  00000000  00007fc0  RWIX
  R5F_TCMB              00080000   00008000  00000000  00008000  RWIX
  MAILBOX_HSM           44000000   000003ce  00000000  000003ce  RWIX
  MAILBOX_R5F           44000400   000003ce  00000000  000003ce  RWIX
  FLASH                 60100000   00080000  00000000  00080000  RWIX
  SBL                   70000000   00040000  00000000  00040000  RWIX
  OCRAM                 70040000   00040000  0001f940  000206c0  RWIX
  USER_SHM_MEM          701d0000   00004000  00000000  00004000  RWIX
  LOG_SHM_MEM           701d4000   00004000  00002000  00002000  RWIX
  RTOS_NORTOS_IPC_SHM_M 72000000   00003e80  00000000  00003e80  RWIX


SEGMENT ALLOCATION MAP

run origin  load origin   length   init length attrs members
----------  ----------- ---------- ----------- ----- -------
00000000    00000000    00000040   00000040    r-x
  00000000    00000000    00000040   00000040    r-x .vectors
70040000    70040000    0000e930   0000e930    r-x
  70040000    70040000    0000ccc0   0000ccc0    r-x .text
  7004ccc0    7004ccc0    00001c70   00001c70    r-- .rodata
7004e930    7004e930    0000e3c8   00000000    rw-
  7004e930    7004e930    000023c8   00000000    rw- .bss
  70050cf8    70050cf8    00008000   00000000    rw- .sysmem
  70058cf8    70058cf8    00004000   00000000    rw- .stack
7005ccf8    7005ccf8    00001130   00001130    r-x
  7005ccf8    7005ccf8    000008d8   000008d8    r-x .text.hwi
  7005d5d0    7005d5d0    00000430   00000430    r-x .text.cache
  7005da00    7005da00    00000290   00000290    r-x .text.mpu
  7005dc90    7005dc90    00000190   00000190    r-x .text.boot
  7005de20    7005de20    00000008   00000008    r-x .text:abort
7005de28    7005de28    00001b18   00000718    rw-
  7005de28    7005de28    00000718   00000718    rw- .data
  7005e540    7005e540    00000100   00000000    rw- .irqstack
  7005e640    7005e640    00000100   00000000    rw- .fiqstack
  7005e740    7005e740    00001000   00000000    rw- .svcstack
  7005f740    7005f740    00000100   00000000    rw- .abortstack
  7005f840    7005f840    00000100   00000000    rw- .undefinedstack


SECTION ALLOCATION MAP

 output                                  attributes/
section   page    origin      length       input sections
--------  ----  ----------  ----------   ----------------
.vectors   0    00000000    00000040     
                  00000000    00000040     nortos.am263px.r5f.ti-arm-clang.release.lib : HwiP_armv7r_vectors_nortos_asm.obj (.vectors)

.text      0    70040000    0000ccc0     
                  70040000    00001328     libc.a : _scanfi.c.obj (.text.__TI_scanfi)
                  70041328    0000075a     ti_drivers_open_close.o (.text.Drivers_adcOpen)
                  70041a82    00000002     ti_board_config.o (.text.Board_deinit)
                  70041a84    00000580     nortos.am263px.r5f.ti-arm-clang.release.lib : printf.obj (.text._vsnprintf)
                  70042004    00000004     ti_board_open_close.o (.text.Board_driversOpen)
                  70042008    000004d4     libc.a : strtod.c.obj (.text.strtod)
                  700424dc    000004cc     drivers.am263px.r5f.ti-arm-clang.release.lib : soc_rcm.obj (.text.SOC_rcmEnablePeripheralClock)
                  700429a8    00000400     nortos.am263px.r5f.ti-arm-clang.release.lib : printf.obj (.text._ftoa)
                  70042da8    000003d8     testing.o (.text.conduct_test)
                  70043180    00000390     libc.a : strcmp32.S.obj (.text:strcmp)
                  70043510    00000310     nortos.am263px.r5f.ti-arm-clang.release.lib : printf.obj (.text._etoa)
                  70043820    000002a8     drivers.am263px.r5f.ti-arm-clang.release.lib : uart_v0.obj (.text.UART_open)
                  70043ac8    00000298                                                  : mcspi_v0.obj (.text.MCSPI_open)
                  70043d60    0000027c                                                  : edma.obj (.text.EDMA_init)
                  70043fdc    0000027c     libc.a : strtoll.c.obj (.text.strtoll)
                  70044258    00000250     drivers.am263px.r5f.ti-arm-clang.release.lib : soc_rcm.obj (.text.SOC_rcmSetPeripheralClock)
                  700444a8    00000248     libc.a : strtoull.c.obj (.text.strtoull)
                  700446f0    0000023c     drivers.am263px.r5f.ti-arm-clang.release.lib : uart_v0_lld.obj (.text.UART_configInstance)
                  7004492c    00000230                                                  : mcspi_dma_edma.obj (.text.MCSPI_lld_dmaTransfer)
                  70044b5c    0000020c                                                  : edma.obj (.text.EDMA_errorIsrFxn)
                  70044d68    0000020c                                                  : mcspi_v0_lld.obj (.text.MCSPI_transferControllerPoll)
                  70044f74    00000204                                                  : edma.obj (.text.EDMA_freeChannelRegion)
                  70045178    000001f8     libc.a : strtol.c.obj (.text.strtol)
                  70045370    000001ec            : strtoul.c.obj (.text.strtoul)
                  7004555c    000001e8     drivers.am263px.r5f.ti-arm-clang.release.lib : mcspi_v0_lld.obj (.text.MCSPI_lld_controllerIsr)
                  70045744    000001e2     ti_drivers_config.o (.text.GPIO_init)
                  70045926    00000002     ti_board_config.o (.text.Board_init)
                  70045928    000001d0     libclang_rt.builtins.a : udivsi3.S.obj (.text.__udivsi3)
                  70045af8    000001c0     drivers.am263px.r5f.ti-arm-clang.release.lib : mcspi_dma_edma.obj (.text.MCSPI_lld_dmaChInit)
                  70045cb8    000001a8                                                  : mcspi_v0_lld.obj (.text.MCSPI_lld_chConfig)
                  70045e60    000001a8     libc.a : memory.c.obj (.text.free)
                  70046008    000001a4            : memory.c.obj (.text.aligned_alloc)
                  700461ac    00000194     drivers.am263px.r5f.ti-arm-clang.release.lib : uart_dma_edma.obj (.text.UART_lld_dmaInit)
                  70046340    00000190                                                  : mcspi_v0.obj (.text.MCSPI_transfer)
                  700464d0    00000164                                                  : edma.obj (.text.EDMA_open)
                  70046634    00000160                                                  : edma.obj (.text.EDMA_deinit)
                  70046794    00000004     nortos.am263px.r5f.ti-arm-clang.release.lib : ClockP_nortos_r5.obj (.text.ClockP_getTimerCount)
                  70046798    00000150     libc.a : s_scalbn.c.obj (.text.scalbn)
                  700468e8    0000014e     drivers.am263px.r5f.ti-arm-clang.release.lib : uart_dma_edma.obj (.text.UART_lld_dmaDeInit)
                  70046a36    0000014c                                                  : mcspi_dma_edma.obj (.text.MCSPI_lld_dmaDeInit)
                  70046b82    00000002     nortos.am263px.r5f.ti-arm-clang.release.lib : DebugP_nortos.obj (.text.DebugP_shmLogReaderTaskCreate)
                  70046b84    00000144     libc.a : setvbuf.c.obj (.text.setvbuf)
                  70046cc8    00000140     nortos.am263px.r5f.ti-arm-clang.release.lib : TimerP_rti_priv.obj (.text.TimerP_setupPriv)
                  70046e08    0000013c     drivers.am263px.r5f.ti-arm-clang.release.lib : soc.obj (.text.SOC_virtToPhy)
                  70046f44    00000138                                                  : uart_v0.obj (.text.UART_close)
                  7004707c    00000134                                                  : mcspi_v0_lld.obj (.text.MCSPI_lld_readWrite)
                  700471b0    00000132     nortos.am263px.r5f.ti-arm-clang.release.lib : printf.obj (.text._ntoa_format)
                  700472e2    0000011c     drivers.am263px.r5f.ti-arm-clang.release.lib : mcspi_v0_lld.obj (.text.MCSPI_lld_readWriteIntr)
                  700473fe    0000011a                                                  : uart_v0_lld.obj (.text.UART_lld_controllerIsr)
                  70047518    00000118                                                  : edma.obj (.text.Alloc_resource)
                  70047630    00000118     libclang_rt.builtins.a : udivmoddi4.S.obj (.text)
                  70047748    00000114     drivers.am263px.r5f.ti-arm-clang.release.lib : soc_rcm.obj (.text.SOC_rcmGetPeripheralClockFrequency)
                  7004785c    0000010e                                                  : uart_v0_lld.obj (.text.UART_lld_write)
                  7004796a    0000010a     PDMtesting.o (.text.PDM_testing)
                  70047a74    0000010a     board.o (.text.init_gpio)
                  70047b7e    00000002     ti_dpl_config.o (.text.Dpl_deinit)
                  70047b80    00000108     drivers.am263px.r5f.ti-arm-clang.release.lib : edma.obj (.text.EDMA_transferCompletionMasterIsrFxn)
                  70047c88    00000108                                                  : uart_v0.obj (.text.UART_read)
                  70047d90    00000106                                                  : mcspi_v0_lld.obj (.text.MCSPI_continuePeripheralTxRx)
                  70047e96    00000104     nortos.am263px.r5f.ti-arm-clang.release.lib : ClockP_nortos_r5.obj (.text.ClockP_init)
                  70047f9a    00000002                                                 : SemaphoreP_nortos.obj (.text.SemaphoreP_destruct)
                  70047f9c    00000104     drivers.am263px.r5f.ti-arm-clang.release.lib : uart_dma_edma.obj (.text.UART_lld_dmaWrite)
                  700480a0    00000100                                                  : mcspi_v0.obj (.text.MCSPI_close)
                  700481a0    000000fc                                                  : uart_v0.obj (.text.UART_write)
                  7004829c    000000f4                                                  : mcspi_v0_lld.obj (.text.MCSPI_lld_initDma)
                  70048390    000000f0     libc.a : fputc.c.obj (.text.fputc)
                  70048480    000000ea     int_adc.o (.text.read_int_ADC)
                  7004856a    000000e6     drivers.am263px.r5f.ti-arm-clang.release.lib : mcspi_dma_edma.obj (.text.MCSPI_edmaIsrTx)
                  70048650    000000e6                                                  : mcspi_v0_lld.obj (.text.MCSPI_lld_readWriteDma)
                  70048736    000000d6     board.o (.text.GPIO_bankIsrFxn)
                  7004880c    000000d4     libc.a : sscanf.c.obj (.text._chkmbc)
                  700488e0    000000d2     logger.o (.text.print_log)
                  700489b2    00000002     nortos.am263px.r5f.ti-arm-clang.release.lib : TaskP_nortos.obj (.text.TaskP_yield)
                  700489b4    000000d0     drivers.am263px.r5f.ti-arm-clang.release.lib : edma.obj (.text.EDMA_unregisterIntr)
                  70048a84    000000d0     ti_drivers_config.o (.text.GPIO_deinit)
                  70048b54    000000cc     drivers.am263px.r5f.ti-arm-clang.release.lib : uart_v0_lld.obj (.text.UART_lld_initDma)
                  70048c20    000000c8     libc.a : getdevice.c.obj (.text.getdevice)
                  70048ce8    000000c4     drivers.am263px.r5f.ti-arm-clang.release.lib : mcspi_v0_lld.obj (.text.MCSPI_lld_init)
                  70048dac    000000c0                                                  : uart_v0_lld.obj (.text.UART_lld_init)
                  70048e6c    000000bc                                                  : edma.obj (.text.EDMA_registerIntr)
                  70048f28    000000b4     libc.a : fseek.c.obj (.text.fseeko)
                  70048fdc    000000b0            : fclose.c.obj (.text.__TI_closefile)
                  7004908c    000000b0     nortos.am263px.r5f.ti-arm-clang.release.lib : printf.obj (.text._ntoa_long_long)
                  7004913c    000000ac     drivers.am263px.r5f.ti-arm-clang.release.lib : soc_rcm.obj (.text.SOC_rcmGetCoreHSDivOut)
                  700491e8    000000ac                                                  : uart_v0_lld.obj (.text.UART_divisorLatchWrite)
                  70049294    000000a8     nortos.am263px.r5f.ti-arm-clang.release.lib : DebugP_uartScanf.obj (.text.DebugP_readLine)
                  7004933c    000000a6     drivers.am263px.r5f.ti-arm-clang.release.lib : mcspi_dma_edma.obj (.text.MCSPI_edmaIsrRx)
                  700493e2    000000a6                                                  : uart_v0_lld.obj (.text.UART_lld_read)
                  70049488    000000a6     nortos.am263px.r5f.ti-arm-clang.release.lib : printf.obj (.text._out_rev)
                  7004952e    000000a6     board.o (.text.init_global_interrupts)
                  700495d4    000000a4     libc.a : memory.c.obj (.text.split)
                  70049678    000000a0     drivers.am263px.r5f.ti-arm-clang.release.lib : edma.obj (.text.EDMA_freeDmaChannel)
                  70049718    000000a0                                                  : edma.obj (.text.EDMA_freeParam)
                  700497b8    000000a0                                                  : edma.obj (.text.EDMA_freeTcc)
                  70049858    000000a0     libsysbm.a : hostrename.c.obj (.text.HOSTrename)
                  700498f8    000000a0     drivers.am263px.r5f.ti-arm-clang.release.lib : uart_dma_edma.obj (.text.UART_lld_dmaRead)
                  70049998    0000009c                                                  : uart_v0_lld.obj (.text.UART_lld_readIntr)
                  70049a34    0000009c     libc.a : _io_perm.c.obj (.text.__TI_wrt_ok)
                  70049ad0    00000098     libsysbm.a : hostlseek.c.obj (.text.HOSTlseek)
                  70049b68    00000096     nortos.am263px.r5f.ti-arm-clang.release.lib : SemaphoreP_nortos.obj (.text.SemaphoreP_pend)
                  70049bfe    00000094     drivers.am263px.r5f.ti-arm-clang.release.lib : edma.obj (.text.EDMA_configureChannelRegion)
                  70049c92    00000002                                                  : uart_dma_edma.obj (.text.UART_edmaDoNothing)
                  70049c94    00000094     libsysbm.a : hostopen.c.obj (.text.HOSTopen)
                  70049d28    00000094     drivers.am263px.r5f.ti-arm-clang.release.lib : uart_v0_lld.obj (.text.UART_lld_readWithCounter)
                  70049dbc    00000090                                                  : mcspi_v0_lld.obj (.text.MCSPI_setFifoConfig)
                  70049e4c    00000090     ADS_adc.o (.text.SPI_ReadWrite)
                  70049edc    0000008e     nortos.am263px.r5f.ti-arm-clang.release.lib : printf.obj (.text._ntoa_long)
                  70049f6a    0000008c     ti_drivers_open_close.o (.text.Drivers_open)
                  70049ff6    0000008c     drivers.am263px.r5f.ti-arm-clang.release.lib : mcspi_v0_lld.obj (.text.MCSPI_lld_peripheralIsr)
                  7004a082    00000002                                                  : uart_v0.obj (.text.UART_lld_errorCallback)
                  7004a084    0000008c     libsysbm.a : close.c.obj (.text.close)
                  7004a110    00000088     drivers.am263px.r5f.ti-arm-clang.release.lib : adc.obj (.text.ADC_setPPBTripLimits)
                  7004a198    00000088                                                  : uart_v0.obj (.text.UART_init)
                  7004a220    00000088                                                  : uart_v0_lld.obj (.text.UART_procLineStatusErr)
                  7004a2a8    00000088     libc.a : fflush.c.obj (.text.__TI_doflush)
                  7004a330    00000084     libsysbm.a : hostread.c.obj (.text.HOSTread)
                  7004a3b4    00000084                : hostwrite.c.obj (.text.HOSTwrite)
                  7004a438    00000084     drivers.am263px.r5f.ti-arm-clang.release.lib : mcspi_v0_lld.obj (.text.MCSPI_setPeripheralFifoConfig)
                  7004a4bc    00000080                                                  : edma.obj (.text.EDMA_close)
                  7004a53c    00000080                                                  : uart_v0.obj (.text.UART_flushTxFifo)
                  7004a5bc    0000007e     ti_drivers_open_close.o (.text.Drivers_mcspiOpen)
                  7004a63a    0000007e     drivers.am263px.r5f.ti-arm-clang.release.lib : mcspi_v0_lld.obj (.text.MCSPI_fifoRead)
                  7004a6b8    0000007e                                                  : mcspi_v0_lld.obj (.text.MCSPI_transferPeripheralPoll)
                  7004a736    0000007a                                                  : mcspi_v0_lld.obj (.text.MCSPI_initiateLastChunkTransfer)
                  7004a7b0    00000078                                                  : mcspi_v0.obj (.text.MCSPI_init)
                  7004a828    00000076                                                  : uart_v0_lld.obj (.text.UART_readDataPolling)
                  7004a89e    00000072                                                  : mcspi_v0_lld.obj (.text.MCSPI_fifoWrite)
                  7004a910    00000072                                                  : mcspi_v0_lld.obj (.text.MCSPI_stop)
                  7004a982    00000070                                                  : mcspi_dma_edma.obj (.text.MCSPI_lld_dmaStop)
                  7004a9f2    0000006e                                                  : edma.obj (.text.EDMA_disableTransferRegion)
                  7004aa60    0000006e                                                  : edma.obj (.text.EDMA_enableTransferRegion)
                  7004aace    00000002     nortos.am263px.r5f.ti-arm-clang.release.lib : printf.obj (.text._out_null)
                  7004aad0    0000006c     libsysbm.a : hostunlink.c.obj (.text.HOSTunlink)
                  7004ab3c    0000006c     drivers.am263px.r5f.ti-arm-clang.release.lib : uart_v0_lld.obj (.text.UART_lld_writeDma)
                  7004aba8    00000068                                                  : uart_v0_lld.obj (.text.UART_lld_readDma)
                  7004ac10    00000068                                                  : uart_v0_lld.obj (.text.UART_lld_writeIntr)
                  7004ac78    00000068     libc.a : atoi.c.obj (.text.atoi)
                  7004ace0    00000068     board.o (.text.digitalWrite)
                  7004ad48    00000066     nortos.am263px.r5f.ti-arm-clang.release.lib : PmuP_armv7r.obj (.text.pmu)
                  7004adae    00000002     --HOLE-- [fill = 0]
                  7004adb0    00000064     drivers.am263px.r5f.ti-arm-clang.release.lib : soc.obj (.text.SOC_controlModuleUnlockMMR)
                  7004ae14    00000064     logger.o (.text.add_log)
                  7004ae78    00000060     libsysbm.a : hostclose.c.obj (.text.HOSTclose)
                  7004aed8    0000005e     nortos.am263px.r5f.ti-arm-clang.release.lib : ClockP_nortos.obj (.text.ClockP_timerTickIsr)
                  7004af36    0000005e     drivers.am263px.r5f.ti-arm-clang.release.lib : mcspi_v0_lld.obj (.text.MCSPI_setChDataSize)
                  7004af94    0000005c                                                  : gpio.obj (.text.GPIO_setTrigType)
                  7004aff0    0000005c                                                  : mcspi_v0_lld.obj (.text.MCSPI_configInstance)
                  7004b04c    0000005c                                                  : soc.obj (.text.SOC_controlModuleLockMMR)
                  7004b0a8    0000005c     nortos.am263px.r5f.ti-arm-clang.release.lib : DebugP_log.obj (.text._DebugP_assert)
                  7004b104    00000058     drivers.am263px.r5f.ti-arm-clang.release.lib : mcspi_dma_edma.obj (.text.MCSPI_edmaUpdateTransferParams)
                  7004b15c    00000058     libc.a : fopen.c.obj (.text.__TI_cleanup)
                  7004b1b4    00000058     libsysbm.a : trgmsg.c.obj (.text.__TI_readmsg)
                  7004b20c    00000058                : trgmsg.c.obj (.text.__TI_writemsg)
                  7004b264    00000058     board.o (.text.init_interrupt)
                  7004b2bc    00000058     logger.o (.text.print_pending_logs)
                  7004b314    00000056     nortos.am263px.r5f.ti-arm-clang.release.lib : ClockP_nortos.obj (.text.ClockP_getTimeUsec)
                  7004b36a    00000056     drivers.am263px.r5f.ti-arm-clang.release.lib : uart_v0_lld.obj (.text.UART_intrDisable)
                  7004b3c0    00000056                                                  : uart_v0_lld.obj (.text.UART_readCancelNoCB)
                  7004b416    00000056                                                  : uart_v0_lld.obj (.text.UART_writeCancelNoCB)
                  7004b46c    00000054     ti_dpl_config.o (.text.Dpl_init)
                  7004b4c0    00000054     libc.a : exit.c.obj (.text.exit)
                  7004b514    00000054            : getdevice.c.obj (.text.finddevice)
                  7004b568    00000054            : autoinit.c.obj (.text:__TI_auto_init_nobinit_nopinit)
                  7004b5bc    00000052     nortos.am263px.r5f.ti-arm-clang.release.lib : AddrTranslateP_32bit.obj (.text.AddrTranslateP_getLocalAddr)
                  7004b60e    00000052     drivers.am263px.r5f.ti-arm-clang.release.lib : mcspi_v0_lld.obj (.text.MCSPI_lld_deInitDma)
                  7004b660    00000050     nortos.am263px.r5f.ti-arm-clang.release.lib : ClockP_nortos.obj (.text.ClockP_construct)
                  7004b6b0    00000050     drivers.am263px.r5f.ti-arm-clang.release.lib : edma.obj (.text.EDMA_allocDmaChannel)
                  7004b700    00000050                                                  : edma.obj (.text.EDMA_allocParam)
                  7004b750    00000050                                                  : edma.obj (.text.EDMA_allocTcc)
                  7004b7a0    0000004e     nortos.am263px.r5f.ti-arm-clang.release.lib : ClockP_nortos.obj (.text.ClockP_addToList)
                  7004b7ee    0000004e     ti_drivers_open_close.o (.text.Drivers_edmaOpen)
                  7004b83c    0000004e     ti_drivers_open_close.o (.text.Drivers_uartOpen)
                  7004b88a    0000004e     drivers.am263px.r5f.ti-arm-clang.release.lib : edma.obj (.text.EDMA_disableChInShadowRegRegion)
                  7004b8d8    0000004c                                                  : mcspi_v0.obj (.text.MCSPI_transferCallback)
                  7004b924    0000004c                                                  : mcspi_v0_lld.obj (.text.MCSPI_transferControllerIntr)
                  7004b970    0000004c                                                  : soc.obj (.text.SOC_enableAdcReferenceMonitor)
                  7004b9bc    00000048                                                  : soc.obj (.text.SOC_enableAdcGlobalForce)
                  7004ba04    00000048                                                  : soc.obj (.text.SOC_enableAdcInternalReference)
                  7004ba4c    00000048                                                  : uart_dma_edma.obj (.text.UART_edmaIsrRx)
                  7004ba94    00000048     libsysbm.a : unlink.c.obj (.text.unlink)
                  7004badc    00000046     drivers.am263px.r5f.ti-arm-clang.release.lib : uart_dma_edma.obj (.text.UART_edmaIsrTx)
                  7004bb22    00000002     --HOLE-- [fill = 0]
                  7004bb24    00000044                                                  : soc.obj (.text.SOC_getAdcReferenceStatus)
                  7004bb68    00000044                                                  : uart_v0.obj (.text.UART_Params_init)
                  7004bbac    00000044                                                  : uart_v0_lld.obj (.text.UART_lld_deInitDma)
                  7004bbf0    00000040     nortos.am263px.r5f.ti-arm-clang.release.lib : ClockP_nortos.obj (.text.ClockP_stop)
                  7004bc30    00000040     drivers.am263px.r5f.ti-arm-clang.release.lib : edma.obj (.text.EDMA_mapChToEvtQ)
                  7004bc70    00000040                                                  : pinmux.obj (.text.Pinmux_config)
                  7004bcb0    00000040     nortos.am263px.r5f.ti-arm-clang.release.lib : SemaphoreP_nortos.obj (.text.SemaphoreP_constructBinary)
                  7004bcf0    00000040     drivers.am263px.r5f.ti-arm-clang.release.lib : uart_v0_lld.obj (.text.UART_lld_deInit)
                  7004bd30    00000040     libc.a : memory.c.obj (.text.free_list_insert)
                  7004bd70    0000003e     nortos.am263px.r5f.ti-arm-clang.release.lib : SemaphoreP_nortos.obj (.text.SemaphoreP_constructMutex)
                  7004bdae    00000002     --HOLE-- [fill = 0]
                  7004bdb0    0000003c     drivers.am263px.r5f.ti-arm-clang.release.lib : edma.obj (.text.EDMA_getBaseAddr)
                  7004bdec    0000003c                                                  : uart_v0_lld.obj (.text.UART_readData)
                  7004be28    0000003a     nortos.am263px.r5f.ti-arm-clang.release.lib : ClockP_nortos.obj (.text.ClockP_destruct)
                  7004be62    0000003a                                                 : DebugP_uartLogWriter.obj (.text.DebugP_uartLogWriterPutChar)
                  7004be9c    0000003a     ti_power_clock_config.o (.text.Module_clockSetFrequency)
                  7004bed6    0000003a     drivers.am263px.r5f.ti-arm-clang.release.lib : uart_v0_lld.obj (.text.UART_lld_flushTxFifo)
                  7004bf10    00000038                                                  : soc_rcm.obj (.text.SOC_rcmADPLLJGetFOut)
                  7004bf48    00000038     nortos.am263px.r5f.ti-arm-clang.release.lib : DebugP_nortos.obj (.text._DebugP_logZone)
                  7004bf80    00000038                                                 : PmuP_armv7r_asm.obj (.text.pmu)
                  7004bfb8    00000036     drivers.am263px.r5f.ti-arm-clang.release.lib : edma.obj (.text.EDMA_clrMissEvtRegion)
                  7004bfee    00000034     nortos.am263px.r5f.ti-arm-clang.release.lib : ClockP_nortos.obj (.text.ClockP_start)
                  7004c022    00000034     drivers.am263px.r5f.ti-arm-clang.release.lib : mcspi_v0.obj (.text.MCSPI_errorCallback)
                  7004c056    00000034     ti_power_clock_config.o (.text.Module_clockDisable)
                  7004c08a    00000034     ti_power_clock_config.o (.text.Module_clockEnable)
                  7004c0be    00000002     --HOLE-- [fill = 0]
                  7004c0c0    00000034     drivers.am263px.r5f.ti-arm-clang.release.lib : soc.obj (.text.SOC_enableAdcDacLoopback)
                  7004c0f4    00000034                                                  : soc_rcm.obj (.text.SOC_rcmGetModuleClkDivVal)
                  7004c128    00000034     libc.a : memory.c.obj (.text.free_list_remove)
                  7004c15c    00000034     libsysbm.a : lseek.c.obj (.text.lseek)
                  7004c190    00000034                : write.c.obj (.text.write)
                  7004c1c4    00000032     nortos.am263px.r5f.ti-arm-clang.release.lib : ClockP_nortos.obj (.text.ClockP_usleep)
                  7004c1f6    00000032     drivers.am263px.r5f.ti-arm-clang.release.lib : edma.obj (.text.EDMA_unmapChToEvtQ)
                  7004c228    00000032     nortos.am263px.r5f.ti-arm-clang.release.lib : SemaphoreP_nortos.obj (.text.SemaphoreP_post)
                  7004c25a    00000030                                                 : DebugP_uartScanf.obj (.text.DebugP_scanf)
                  7004c28a    00000030     drivers.am263px.r5f.ti-arm-clang.release.lib : uart_v0.obj (.text.UART_lld_writeCompleteCallback)
                  7004c2ba    00000002     --HOLE-- [fill = 0]
                  7004c2bc    00000030     int_adc.o (.text.adc_to_current_LM74930)
                  7004c2ec    0000002e     drivers.am263px.r5f.ti-arm-clang.release.lib : edma.obj (.text.EDMA_enableChInShadowRegRegion)
                  7004c31a    0000002e                                                  : uart_v0.obj (.text.UART_lld_readCompleteCallback)
                  7004c348    0000002c     nortos.am263px.r5f.ti-arm-clang.release.lib : DebugP_shmLogReader.obj (.text.DebugP_shmLogReaderInit)
                  7004c374    0000002c     drivers.am263px.r5f.ti-arm-clang.release.lib : soc_rcm.obj (.text.SOC_rcmGetR5Clock)
                  7004c3a0    0000002c                                                  : uart_v0.obj (.text.UART_getHandle)
                  7004c3cc    0000002c     ADS_adc.o (.text.adc_to_current_HSS_MB)
                  7004c3f8    0000002c     ADS_adc.o (.text.adc_to_current_TPS)
                  7004c424    0000002c     libc.a : sscanf.c.obj (.text.vsscanf)
                  7004c450    0000002a     ti_drivers_config.o (.text.System_init)
                  7004c47a    00000028     nortos.am263px.r5f.ti-arm-clang.release.lib : ClockP_nortos.obj (.text.ClockP_sleepTicks)
                  7004c4a2    00000028     drivers.am263px.r5f.ti-arm-clang.release.lib : gpio.obj (.text.GPIO_setDirMode)
                  7004c4ca    00000028                                                  : mcspi_v0_lld.obj (.text.MCSPI_fifoReadMultiWord)
                  7004c4f2    00000002     --HOLE-- [fill = 0]
                  7004c4f4    00000028                                                  : soc.obj (.text.SOC_moduleSetClockFrequency)
                  7004c51c    00000028     ADS_adc.o (.text.read_ext_ADC)
                  7004c544    00000026     nortos.am263px.r5f.ti-arm-clang.release.lib : ClockP_nortos.obj (.text.ClockP_sleep)
                  7004c56a    00000026     drivers.am263px.r5f.ti-arm-clang.release.lib : edma.obj (.text.EDMA_setPaRAM)
                  7004c590    00000026                                                  : uart_dma_edma.obj (.text.UART_lld_dmaDisableChannel)
                  7004c5b6    00000024                                                  : mcspi_v0_lld.obj (.text.MCSPI_fifoWriteMultiWord)
                  7004c5da    00000002     --HOLE-- [fill = 0]
                  7004c5dc    00000024                                                  : uart_v0_lld.obj (.text.UART_IsHWFlowCtrlValid)
                  7004c600    00000024                                                  : uart_v0_lld.obj (.text.UART_IsRxTrigLvlValid)
                  7004c624    00000024                                                  : uart_v0_lld.obj (.text.UART_IsTxTrigLvlValid)
                  7004c648    00000024     libclang_rt.builtins.a : aeabi_uldivmod.S.obj (.text.__aeabi_uldivmod)
                  7004c66c    00000024     int_adc.o (.text.int_adc_to_voltage)
                  7004c690    00000024     nortos.am263px.r5f.ti-arm-clang.release.lib : printf.obj (.text.vprintf_)
                  7004c6b4    00000022     drivers.am263px.r5f.ti-arm-clang.release.lib : edma.obj (.text.EDMA_linkChannel)
                  7004c6d6    00000022                                                  : mcspi_v0_lld.obj (.text.MCSPI_transferPeripheralIntr)
                  7004c6f8    00000022     logger.o (.text.print_logs)
                  7004c71a    00000020     nortos.am263px.r5f.ti-arm-clang.release.lib : DebugP_log.obj (.text.DebugP_logZoneEnable)
                  7004c73a    00000020     drivers.am263px.r5f.ti-arm-clang.release.lib : mcspi_v0_lld.obj (.text.MCSPI_fifoRead32)
                  7004c75a    00000020     nortos.am263px.r5f.ti-arm-clang.release.lib : TimerP_rti_priv.obj (.text.TimerP_Params_initPriv)
                  7004c77a    00000020     drivers.am263px.r5f.ti-arm-clang.release.lib : uart_v0_lld.obj (.text.UART_getChar)
                  7004c79a    00000002     --HOLE-- [fill = 0]
                  7004c79c    00000020     ADS_adc.o (.text.ext_adc_to_voltage)
                  7004c7bc    0000001e     ti_drivers_config.o (.text.System_deinit)
                  7004c7da    0000001e     drivers.am263px.r5f.ti-arm-clang.release.lib : uart_v0_lld.obj (.text.UART_spaceAvail)
                  7004c7f8    0000001e                                                  : uart_v0_lld.obj (.text.UART_statusIsDataReady)
                  7004c816    0000001c                                                  : mcspi_v0_lld.obj (.text.MCSPI_fifoWrite32)
                  7004c832    0000001c                                                  : mcspi_v0_lld.obj (.text.MCSPI_getFifoTrigLvl)
                  7004c84e    0000001c                                                  : mcspi_v0_lld.obj (.text.MCSPI_lld_deInit)
                  7004c86a    00000002     --HOLE-- [fill = 0]
                  7004c86c    0000001c                                                  : soc_rcm.obj (.text.SOC_rcmIsR5FInLockStepMode)
                  7004c888    0000001c     libc.a : sscanf.c.obj (.text._inpchar)
                  7004c8a4    0000001c     main.o (.text.main)
                  7004c8c0    0000001c     libsysbm.a : hostrename.c.obj (.text.strcpy)
                  7004c8dc    0000001c                : hostrename.c.obj (.text.strlen)
                  7004c8f8    0000001c     libc.a : memcpy32.S.obj (.text:TI_memcpy_small)
                  7004c914    0000001a     nortos.am263px.r5f.ti-arm-clang.release.lib : CpuId_armv7r.obj (.text.CSL_armR5GetCpuID)
                  7004c92e    0000001a     drivers.am263px.r5f.ti-arm-clang.release.lib : edma.obj (.text.EDMA_readEventStatusRegion)
                  7004c948    0000001a                                                  : uart_v0_lld.obj (.text.UART_enhanFuncEnable)
                  7004c962    00000002     --HOLE-- [fill = 0]
                  7004c964    00000018                                                  : mcspi_v0.obj (.text.MCSPI_deinit)
                  7004c97c    00000018                                                  : mcspi_dma_edma.obj (.text.MCSPI_lld_dmaInit)
                  7004c994    00000018     nortos.am263px.r5f.ti-arm-clang.release.lib : TimerP_rti_priv.obj (.text.TimerP_getCountPriv)
                  7004c9ac    00000018     drivers.am263px.r5f.ti-arm-clang.release.lib : uart_v0.obj (.text.UART_deinit)
                  7004c9c4    00000018     logger.o (.text.clear_logs)
                  7004c9dc    00000018     libc.a : memset32.S.obj (.text:TI_memset_small)
                  7004c9f4    00000016     drivers.am263px.r5f.ti-arm-clang.release.lib : mcspi_v0_lld.obj (.text.MCSPI_reset)
                  7004ca0a    00000016                                                  : uart_v0_lld.obj (.text.UART_IsTxRxFifoEmpty)
                  7004ca20    00000016                                                  : uart_v0_lld.obj (.text.UART_getIntrIdentityStatus)
                  7004ca36    00000016                                                  : uart_v0_lld.obj (.text.UART_getRxError)
                  7004ca4c    00000014     nortos.am263px.r5f.ti-arm-clang.release.lib : ClockP_nortos.obj (.text.ClockP_usecToTicks)
                  7004ca60    00000014     drivers.am263px.r5f.ti-arm-clang.release.lib : edma.obj (.text.EDMA_getRegionId)
                  7004ca74    00000014                                                  : uart_v0.obj (.text.UART_Transaction_init)
                  7004ca88    00000014                                                  : uart_v0_lld.obj (.text.UART_enhanFuncBitValRestore)
                  7004ca9c    00000012                                                  : adc.obj (.text.ADC_setMode)
                  7004caae    00000012                                                  : uart_v0_lld.obj (.text.UART_hardwareFlowCtrlOptSet)
                  7004cac0    00000012                                                  : uart_v0_lld.obj (.text.UART_operatingModeSelect)
                  7004cad2    00000012                                                  : uart_v0_lld.obj (.text.UART_readLineStatus)
                  7004cae4    00000012     ti_dpl_config.o (.text.putchar_)
                  7004caf6    00000010     drivers.am263px.r5f.ti-arm-clang.release.lib : gpio.obj (.text.GPIO_bankIntrDisable)
                  7004cb06    00000010                                                  : uart_v0_lld.obj (.text.UART_intr2Disable)
                  7004cb16    00000002     --HOLE-- [fill = 0]
                  7004cb18    00000010     libclang_rt.builtins.a : aeabi_memset.S.obj (.text.__aeabi_memset)
                  7004cb28    00000010     libc.a : sscanf.c.obj (.text._uninpchar)
                  7004cb38    00000010            : fputc.c.obj (.text.putchar)
                  7004cb48    0000000e     drivers.am263px.r5f.ti-arm-clang.release.lib : edma.obj (.text.EDMA_ccPaRAMEntry_init)
                  7004cb56    0000000e                                                  : gpio.obj (.text.GPIO_bankIntrEnable)
                  7004cb64    0000000e     ti_pinmux_config.o (.text.Pinmux_init)
                  7004cb72    0000000e     ti_power_clock_config.o (.text.PowerClock_init)
                  7004cb80    0000000c     nortos.am263px.r5f.ti-arm-clang.release.lib : ClockP_nortos.obj (.text.ClockP_getTicks)
                  7004cb8c    0000000c                                                 : DebugP_uartLogWriter.obj (.text.DebugP_uartSetDrvIndex)
                  7004cb98    0000000c     drivers.am263px.r5f.ti-arm-clang.release.lib : edma.obj (.text.EDMA_isInitialized)
                  7004cba4    0000000c                                                  : soc.obj (.text.SOC_getSelfCpuClk)
                  7004cbb0    0000000c     libc.a : aeabi_portable.c.obj (.text.__aeabi_errno_addr)
                  7004cbbc    0000000c     libclang_rt.builtins.a : aeabi_memset.S.obj (.text.__aeabi_memclr)
                  7004cbc8    0000000c     libc.a : memory.c.obj (.text.malloc)
                  7004cbd4    0000000c     nortos.am263px.r5f.ti-arm-clang.release.lib : CpuId_armv7r_asm.obj (.text)
                  7004cbe0    0000000c     libc.a : strcmp32.S.obj (.text)
                  7004cbec    0000000a     nortos.am263px.r5f.ti-arm-clang.release.lib : ClockP_nortos.obj (.text.ClockP_Params_init)
                  7004cbf6    0000000a                                                 : ClockP_nortos.obj (.text.ClockP_isActive)
                  7004cc00    0000000a                                                 : TimerP_rti_priv.obj (.text.TimerP_getReloadCountPriv)
                  7004cc0a    0000000a                                                 : TimerP_rti_priv.obj (.text.TimerP_startPriv)
                  7004cc14    0000000a     drivers.am263px.r5f.ti-arm-clang.release.lib : uart_v0_lld.obj (.text.UART_lld_Transaction_deInit)
                  7004cc1e    00000002     --HOLE-- [fill = 0]
                  7004cc20    00000008     libsysbm.a : hostexit.c.obj (.text.HOSTexit)
                  7004cc28    00000008     nortos.am263px.r5f.ti-arm-clang.release.lib : TimerP_rti_priv.obj (.text.TimerP_clearOverflowIntPriv)
                  7004cc30    00000008                                                 : printf.obj (.text._out_char)
                  7004cc38    00000006     drivers.am263px.r5f.ti-arm-clang.release.lib : edma.obj (.text.EDMA_isInterruptEnabled)
                  7004cc3e    00000006                                                  : soc.obj (.text.SOC_moduleClockEnable)
                  7004cc44    00000006                                                  : soc_rcm.obj (.text.SOC_rcmGetCR5SysclkInFrequency)
                  7004cc4a    00000004     nortos.am263px.r5f.ti-arm-clang.release.lib : ClockP_nortos_r5.obj (.text.ClockP_timerClearOverflowInt)
                  7004cc4e    00000004     ti_power_clock_config.o (.text.PowerClock_deinit)
                  7004cc52    00000004     nortos.am263px.r5f.ti-arm-clang.release.lib : TimerP_rti_nortos.obj (.text.TimerP_Params_init)
                  7004cc56    00000004                                                 : TimerP_rti_nortos.obj (.text.TimerP_clearOverflowInt)
                  7004cc5a    00000004                                                 : TimerP_rti_nortos.obj (.text.TimerP_getCount)
                  7004cc5e    00000004                                                 : TimerP_rti_nortos.obj (.text.TimerP_getReloadCount)
                  7004cc62    00000004                                                 : TimerP_rti_nortos.obj (.text.TimerP_setup)
                  7004cc66    00000004                                                 : TimerP_rti_nortos.obj (.text.TimerP_start)
                  7004cc6a    00000002     --HOLE-- [fill = 0]
                  7004cc6c    00000004     libclang_rt.builtins.a : aeabi_div0.c.obj (.text.__aeabi_idiv0)
                  7004cc70    00000004                            : aeabi_div0.c.obj (.text.__aeabi_ldiv0)
                  7004cc74    00000004                            : aeabi_memcpy.S.obj (.text.__aeabi_memcpy)
                  7004cc78    00000004     libc.a : _lock.c.obj (.text._nop)
                  7004cc7c    00000004            : fseek.c.obj (.text.fseek)
                  7004cc80    00000004     libsysbm.a : remove.c.obj (.text.remove)
                  7004cc84    00000008     nortos.am263px.r5f.ti-arm-clang.release.lib : HwiP_armv7r_asm.obj (.tramp.HwiP_restore.1)
                  7004cc8c    00000008                                                 : HwiP_armv7r_asm.obj (.tramp.HwiP_enable.1)
                  7004cc94    00000008                                                 : PmuP_armv7r_asm.obj (.tramp.PmuP_setUserEnable.1)
                  7004cc9c    00000008                                                 : PmuP_armv7r_asm.obj (.tramp.PmuP_enableCounters.1)
                  7004cca4    0000001c     --HOLE-- [fill = 0]

.rodata    0    7004ccc0    00001c70     
                  7004ccc0    000004b0     testing.o (.rodata.test_results)
                  7004d170    00000101     libc.a : aeabi_ctype.S.obj (.rodata:__aeabi_ctype_table_)
                  7004d271    00000096     testing.o (.rodata.test_cases)
                  7004d307    00000001     logger.o (.rodata.str1.11170080405929493601.1)
                  7004d308    00000080     libc.a : strtod.c.obj (.rodata.digits)
                  7004d388    0000007a     ti_drivers_open_close.o (.rodata.str1.17665391694225509261.1)
                  7004d402    00000002     --HOLE-- [fill = 0]
                  7004d404    00000074     ti_dpl_config.o (.rodata.cfg)
                  7004d478    00000051     drivers.am263px.r5f.ti-arm-clang.release.lib : mcspi_v0.obj (.rodata.str1.26396439823528435241)
                  7004d4c9    00000007     libc.a : _scanfi.c.obj (.rodata._sproc_int.flit)
                  7004d4d0    00000050     nortos.am263px.r5f.ti-arm-clang.release.lib : printf.obj (.rodata._ftoa.pow10)
                  7004d520    00000048     drivers.am263px.r5f.ti-arm-clang.release.lib : soc_rcm.obj (.rodata.gADPLLJConfigTbl)
                  7004d568    00000048     libc.a : strtod.c.obj (.rodata.powerof10)
                  7004d5b0    00000048     drivers.am263px.r5f.ti-arm-clang.release.lib : mcspi_v0_lld.obj (.rodata.str1.97363132707188488161)
                  7004d5f8    0000003d     nortos.am263px.r5f.ti-arm-clang.release.lib : TimerP_rti_priv.obj (.rodata.str1.72163963154704191671)
                  7004d635    0000003b     testing.o (.rodata.str1.13902908763734703229.1)
                  7004d670    0000003b     logger.o (.rodata.str1.15765208293925770228.1)
                  7004d6ab    0000003b     testing.o (.rodata.str1.17746360623054601515.1)
                  7004d6e6    0000003b     testing.o (.rodata.str1.9663668549545128397.1)
                  7004d721    0000003a     testing.o (.rodata.str1.13404232100597892824.1)
                  7004d75b    0000003a     testing.o (.rodata.str1.14475428689845802839.1)
                  7004d795    0000003a     testing.o (.rodata.str1.5333103860067079182.1)
                  7004d7cf    00000039     testing.o (.rodata.str1.12712981990626671882.1)
                  7004d808    00000038     testing.o (.rodata.str1.13271957185734089466.1)
                  7004d840    00000038     testing.o (.rodata.str1.1809024094263384077.1)
                  7004d878    00000038     testing.o (.rodata.str1.9646216584914662902.1)
                  7004d8b0    00000037     testing.o (.rodata.str1.12934025152450101698.1)
                  7004d8e7    00000037     testing.o (.rodata.str1.13753495736459524521.1)
                  7004d91e    00000037     nortos.am263px.r5f.ti-arm-clang.release.lib : SemaphoreP_nortos.obj (.rodata.str1.52751030918495836841)
                  7004d955    00000037     testing.o (.rodata.str1.912323090116748061.1)
                  7004d98c    00000036     testing.o (.rodata.str1.1765844212525536965.1)
                  7004d9c2    00000036     ti_drivers_open_close.o (.rodata.str1.2554706296470369595.1)
                  7004d9f8    00000036     testing.o (.rodata.str1.9310835370192816021.1)
                  7004da2e    00000035     ti_drivers_open_close.o (.rodata.str1.10252002122772422448.1)
                  7004da63    00000035     ti_drivers_open_close.o (.rodata.str1.17551203406305493380.1)
                  7004da98    00000033     testing.o (.rodata.str1.8696649377706721793.1)
                  7004dacb    00000032     drivers.am263px.r5f.ti-arm-clang.release.lib : adc.obj (.rodata.str1.104222482920253680151)
                  7004dafd    00000032                                                  : adc.obj (.rodata.str1.137023953294967812531)
                  7004db2f    00000001     --HOLE-- [fill = 0]
                  7004db30    00000030     logger.o (.rodata..Lswitch.table.print_log.27)
                  7004db60    00000030     ti_drivers_open_close.o (.rodata.str1.14200658025495415368.1)
                  7004db90    0000002e     nortos.am263px.r5f.ti-arm-clang.release.lib : ClockP_nortos.obj (.rodata.str1.39419159632632580371)
                  7004dbbe    0000002a     logger.o (.rodata.str1.6697840596852582545.1)
                  7004dbe8    0000002a     nortos.am263px.r5f.ti-arm-clang.release.lib : DebugP_log.obj (.rodata.str1.8882360920750446361)
                  7004dc12    00000028     ti_drivers_open_close.o (.rodata.str1.10490786615736436564.1)
                  7004dc3a    00000028     ti_drivers_open_close.o (.rodata.str1.7332975063418302059.1)
                  7004dc62    00000027     nortos.am263px.r5f.ti-arm-clang.release.lib : ClockP_nortos_r5.obj (.rodata.str1.91622226613999981811)
                  7004dc89    00000025     ti_drivers_open_close.o (.rodata.str1.7750254725308216577.1)
                  7004dcae    00000024     testing.o (.rodata.str1.1448113453728135492.1)
                  7004dcd2    00000024     drivers.am263px.r5f.ti-arm-clang.release.lib : edma.obj (.rodata.str1.164918382464449145851)
                  7004dcf6    00000023     nortos.am263px.r5f.ti-arm-clang.release.lib : ClockP_nortos_r5.obj (.rodata.str1.136646522816104227591)
                  7004dd19    00000023     ti_drivers_open_close.o (.rodata.str1.15574074207268991336.1)
                  7004dd3c    00000023     drivers.am263px.r5f.ti-arm-clang.release.lib : soc_rcm.obj (.rodata.str1.15813086600912413471)
                  7004dd5f    00000022                                                  : edma.obj (.rodata.str1.6611792697437713481)
                  7004dd81    00000021     nortos.am263px.r5f.ti-arm-clang.release.lib : ClockP_nortos_r5.obj (.rodata.str1.99041146818411950391)
                  7004dda2    00000002     --HOLE-- [fill = 0]
                  7004dda4    00000020     drivers.am263px.r5f.ti-arm-clang.release.lib : uart_v0_lld.obj (.rodata.cst32)
                  7004ddc4    00000020                                                  : uart_v0.obj (.rodata.str1.150767988884773108331)
                  7004dde4    00000020     PDMtesting.o (.rodata.str1.5813496317156725502.1)
                  7004de04    0000001f     board.o (.rodata.str1.10881007155619371109.1)
                  7004de23    0000001f     board.o (.rodata.str1.123550804358397101.1)
                  7004de42    0000001f     board.o (.rodata.str1.13738757807042593414.1)
                  7004de61    0000001f     board.o (.rodata.str1.14465880841147386111.1)
                  7004de80    0000001f     logger.o (.rodata.str1.14867204177169952558.1)
                  7004de9f    0000001f     board.o (.rodata.str1.1510811462892085231.1)
                  7004debe    0000001f     board.o (.rodata.str1.16077883977509950417.1)
                  7004dedd    0000001f     board.o (.rodata.str1.1696272589420159480.1)
                  7004defc    0000001f     board.o (.rodata.str1.18250802514644841805.1)
                  7004df1b    0000001f     nortos.am263px.r5f.ti-arm-clang.release.lib : SemaphoreP_nortos.obj (.rodata.str1.25281168886080794691)
                  7004df3a    0000001f                                                 : ClockP_nortos_r5.obj (.rodata.str1.25349503636762439021)
                  7004df59    0000001f     board.o (.rodata.str1.5436337271421848948.1)
                  7004df78    0000001f     board.o (.rodata.str1.673658226405435322.1)
                  7004df97    0000001f     ti_drivers_open_close.o (.rodata.str1.871795152488895636.1)
                  7004dfb6    0000001f     board.o (.rodata.str1.9045895231722895584.1)
                  7004dfd5    0000001f     board.o (.rodata.str1.9461189164499355904.1)
                  7004dff4    0000001e     board.o (.rodata.str1.10345935079445805060.1)
                  7004e012    0000001e     drivers.am263px.r5f.ti-arm-clang.release.lib : mcspi_v0.obj (.rodata.str1.144400815220210358851)
                  7004e030    0000001e     board.o (.rodata.str1.6418571003999367838.1)
                  7004e04e    0000001e     board.o (.rodata.str1.6840234256597642108.1)
                  7004e06c    0000001e     board.o (.rodata.str1.9453984286452795027.1)
                  7004e08a    0000001d     nortos.am263px.r5f.ti-arm-clang.release.lib : TimerP_rti_priv.obj (.rodata.str1.114219152040444562951)
                  7004e0a7    0000001d                                                 : TimerP_rti_priv.obj (.rodata.str1.125174968193178473681)
                  7004e0c4    0000001d     ti_drivers_open_close.o (.rodata.str1.13083909648175487149.1)
                  7004e0e1    0000001d     drivers.am263px.r5f.ti-arm-clang.release.lib : uart_v0.obj (.rodata.str1.142814395268246240721)
                  7004e0fe    0000001d                                                  : mcspi_v0.obj (.rodata.str1.171925388543524077211)
                  7004e11b    0000001d     nortos.am263px.r5f.ti-arm-clang.release.lib : TimerP_rti_priv.obj (.rodata.str1.27974953896521033811)
                  7004e138    0000001b     drivers.am263px.r5f.ti-arm-clang.release.lib : edma.obj (.rodata.str1.16266241636797238661)
                  7004e153    0000001b     nortos.am263px.r5f.ti-arm-clang.release.lib : ClockP_nortos.obj (.rodata.str1.47646432807403639741)
                  7004e16e    0000001b     ti_drivers_open_close.o (.rodata.str1.5509699957385355460.1)
                  7004e189    0000001a     drivers.am263px.r5f.ti-arm-clang.release.lib : edma.obj (.rodata.str1.124702968117785801901)
                  7004e1a3    0000001a     nortos.am263px.r5f.ti-arm-clang.release.lib : ClockP_nortos_r5.obj (.rodata.str1.133203246495064227641)
                  7004e1bd    0000001a     drivers.am263px.r5f.ti-arm-clang.release.lib : soc_rcm.obj (.rodata.str1.153801437654618082741)
                  7004e1d7    0000001a                                                  : mcspi_v0.obj (.rodata.str1.169212516063846095031)
                  7004e1f1    0000001a     board.o (.rodata.str1.9440741161207462191.1)
                  7004e20b    0000001a     drivers.am263px.r5f.ti-arm-clang.release.lib : mcspi_v0.obj (.rodata.str1.99640994410596514241)
                  7004e225    00000019     ti_drivers_open_close.o (.rodata.str1.14059614886583751700.1)
                  7004e23e    00000019     nortos.am263px.r5f.ti-arm-clang.release.lib : TimerP_rti_priv.obj (.rodata.str1.160914699991520874261)
                  7004e257    00000019     ti_drivers_open_close.o (.rodata.str1.5293217666052239616.1)
                  7004e270    00000018     drivers.am263px.r5f.ti-arm-clang.release.lib : soc.obj (.rodata..Lswitch.table.SOC_getAdcReferenceStatus)
                  7004e288    00000018                                                  : soc_rcm.obj (.rodata.gControlssPllClkSrcValMap)
                  7004e2a0    00000018                                                  : soc_rcm.obj (.rodata.gCptsClkSrcValMap)
                  7004e2b8    00000018                                                  : soc_rcm.obj (.rodata.gI2cClkSrcValMap)
                  7004e2d0    00000018                                                  : soc_rcm.obj (.rodata.gLinUartClkSrcValMap)
                  7004e2e8    00000018                                                  : soc_rcm.obj (.rodata.gPeripheralClkSrcInfoMap)
                  7004e300    00000018                                                  : soc_rcm.obj (.rodata.gRtiClkSrcValMap)
                  7004e318    00000018                                                  : soc_rcm.obj (.rodata.gWdtClkSrcValMap)
                  7004e330    00000018     logger.o (.rodata.str1.516959638814628545.1)
                  7004e348    00000018     logger.o (.rodata.str1.5671237403414969566.1)
                  7004e360    00000018     logger.o (.rodata.str1.887488774559121338.1)
                  7004e378    00000018     drivers.am263px.r5f.ti-arm-clang.release.lib : uart_v0.obj (.rodata.str1.9069738176458784971)
                  7004e390    00000017     ADS_adc.o (.rodata.str1.10043506777178288082.1)
                  7004e3a7    00000017     drivers.am263px.r5f.ti-arm-clang.release.lib : soc_rcm.obj (.rodata.str1.141251745167226470741)
                  7004e3be    00000017     ti_drivers_open_close.o (.rodata.str1.1628183244885117158.1)
                  7004e3d5    00000016     PDMtesting.o (.rodata.str1.10015848951539402881.1)
                  7004e3eb    00000016     drivers.am263px.r5f.ti-arm-clang.release.lib : soc_rcm.obj (.rodata.str1.107645048611228328791)
                  7004e401    00000016     PDMtesting.o (.rodata.str1.1094412632907578887.1)
                  7004e417    00000016     drivers.am263px.r5f.ti-arm-clang.release.lib : soc_rcm.obj (.rodata.str1.177369307189295936511)
                  7004e42d    00000016                                                  : soc_rcm.obj (.rodata.str1.63555232926284281011)
                  7004e443    00000016                                                  : mcspi_v0.obj (.rodata.str1.85423015064808713541)
                  7004e459    00000015     ti_drivers_open_close.o (.rodata.str1.11521962449680083383.1)
                  7004e46e    00000015     drivers.am263px.r5f.ti-arm-clang.release.lib : edma.obj (.rodata.str1.149652404363315708211)
                  7004e483    00000015     ti_drivers_open_close.o (.rodata.str1.17912154466570466874.1)
                  7004e498    00000015     drivers.am263px.r5f.ti-arm-clang.release.lib : adc.obj (.rodata.str1.20431844208594508061)
                  7004e4ad    00000015     nortos.am263px.r5f.ti-arm-clang.release.lib : SemaphoreP_nortos.obj (.rodata.str1.30861210816963497001)
                  7004e4c2    00000014     drivers.am263px.r5f.ti-arm-clang.release.lib : mcspi_v0_lld.obj (.rodata.str1.147988882001261723701)
                  7004e4d6    00000014                                                  : edma.obj (.rodata.str1.176595599180530855901)
                  7004e4ea    00000014                                                  : mcspi_v0.obj (.rodata.str1.34611452835214624521)
                  7004e4fe    00000014     ti_drivers_open_close.o (.rodata.str1.3622116258035701796.1)
                  7004e512    00000014     drivers.am263px.r5f.ti-arm-clang.release.lib : edma.obj (.rodata.str1.41785049815304208531)
                  7004e526    00000014                                                  : edma.obj (.rodata.str1.93700429500326477781)
                  7004e53a    00000013                                                  : soc_rcm.obj (.rodata.str1.30734103837947208761)
                  7004e54d    00000013     testing.o (.rodata.str1.761491514650110821.1)
                  7004e560    00000013     testing.o (.rodata.str1.8954517940817656586.1)
                  7004e573    00000013     drivers.am263px.r5f.ti-arm-clang.release.lib : uart_v0.obj (.rodata.str1.9980655952161290391)
                  7004e586    00000012                                                  : uart_v0.obj (.rodata.str1.166492982902436568231)
                  7004e598    00000012                                                  : uart_v0.obj (.rodata.str1.171120843061886446841)
                  7004e5aa    00000012                                                  : edma.obj (.rodata.str1.41579851849113419871)
                  7004e5bc    00000012     ti_drivers_open_close.o (.rodata.str1.6538372684047993024.1)
                  7004e5ce    00000012     drivers.am263px.r5f.ti-arm-clang.release.lib : soc_rcm.obj (.rodata.str1.67217821191364965911)
                  7004e5e0    00000011                                                  : edma.obj (.rodata.str1.117215064595961288031)
                  7004e5f1    00000011     ti_drivers_open_close.o (.rodata.str1.12213835641041270557.1)
                  7004e602    00000011     logger.o (.rodata.str1.13406532556922755089.1)
                  7004e613    00000011     drivers.am263px.r5f.ti-arm-clang.release.lib : uart_v0.obj (.rodata.str1.16967668833904919061)
                  7004e624    00000011                                                  : edma.obj (.rodata.str1.28692048193800818901)
                  7004e635    00000011     nortos.am263px.r5f.ti-arm-clang.release.lib : ClockP_nortos.obj (.rodata.str1.37923443167824241621)
                  7004e646    00000011                                                 : TimerP_rti_priv.obj (.rodata.str1.44101942245516082551)
                  7004e657    00000011     ti_drivers_open_close.o (.rodata.str1.6292539624901818759.1)
                  7004e668    00000010     drivers.am263px.r5f.ti-arm-clang.release.lib : soc.obj (.rodata.cst16)
                  7004e678    00000010                                                  : mcspi_v0.obj (.rodata.str1.153145657127816401141)
                  7004e688    00000010                                                  : edma.obj (.rodata.str1.18778444954996405781)
                  7004e698    00000010     ti_drivers_open_close.o (.rodata.str1.5205884736402799790.1)
                  7004e6a8    0000000f     drivers.am263px.r5f.ti-arm-clang.release.lib : edma.obj (.rodata.str1.111354322338949310841)
                  7004e6b7    0000000f                                                  : edma.obj (.rodata.str1.144551280152329776181)
                  7004e6c6    0000000f                                                  : edma.obj (.rodata.str1.2759273541325923811)
                  7004e6d5    0000000f                                                  : mcspi_v0.obj (.rodata.str1.43973954253821070511)
                  7004e6e4    0000000f     board.o (.rodata.str1.834004997606947946.1)
                  7004e6f3    0000000f     drivers.am263px.r5f.ti-arm-clang.release.lib : edma.obj (.rodata.str1.92547749779646142691)
                  7004e702    0000000e     ti_drivers_open_close.o (.rodata.str1.16112177131852734107.1)
                  7004e710    0000000e     drivers.am263px.r5f.ti-arm-clang.release.lib : edma.obj (.rodata.str1.19244332700943948511)
                  7004e71e    0000000e                                                  : edma.obj (.rodata.str1.46057082369026546831)
                  7004e72c    0000000e                                                  : edma.obj (.rodata.str1.46782315602798139861)
                  7004e73a    0000000d     ti_drivers_open_close.o (.rodata.str1.10450075619424269387.1)
                  7004e747    0000000d     drivers.am263px.r5f.ti-arm-clang.release.lib : edma.obj (.rodata.str1.121775923823351643201)
                  7004e754    0000000d     ti_drivers_open_close.o (.rodata.str1.16905510790704221133.1)
                  7004e761    0000000d     nortos.am263px.r5f.ti-arm-clang.release.lib : TimerP_rti_priv.obj (.rodata.str1.31870447354226168941)
                  7004e76e    0000000d     drivers.am263px.r5f.ti-arm-clang.release.lib : adc.obj (.rodata.str1.70150695697723348971)
                  7004e77b    0000000d     testing.o (.rodata.str1.9119961215068324276.1)
                  7004e788    0000000c     drivers.am263px.r5f.ti-arm-clang.release.lib : mcspi_v0_lld.obj (.rodata..Lswitch.table.MCSPI_lld_controllerIsr.1)
                  7004e794    0000000c                                                  : mcspi_v0_lld.obj (.rodata..Lswitch.table.MCSPI_lld_controllerIsr)
                  7004e7a0    0000000c                                                  : soc.obj (.rodata..Lswitch.table.SOC_enableAdcReferenceMonitor)
                  7004e7ac    0000000c     logger.o (.rodata..Lswitch.table.print_log)
                  7004e7b8    0000000c     nortos.am263px.r5f.ti-arm-clang.release.lib : ClockP_nortos_r5.obj (.rodata.str1.177642182983587376931)
                  7004e7c4    0000000c     drivers.am263px.r5f.ti-arm-clang.release.lib : mcspi_v0.obj (.rodata.str1.69169362540279301091)
                  7004e7d0    0000000c                                                  : edma.obj (.rodata.str1.73371482538137472541)
                  7004e7dc    0000000c     logger.o (.rodata.str1.7498274428696469886.1)
                  7004e7e8    0000000b     board.o (.rodata.str1.15102135329570516791.1)
                  7004e7f3    0000000b     drivers.am263px.r5f.ti-arm-clang.release.lib : mcspi_v0.obj (.rodata.str1.169287378047891341191)
                  7004e7fe    0000000b                                                  : uart_v0.obj (.rodata.str1.174466331461201984741)
                  7004e809    0000000b                                                  : uart_v0.obj (.rodata.str1.23952661867579505821)
                  7004e814    0000000b                                                  : mcspi_v0.obj (.rodata.str1.248655060218483491)
                  7004e81f    0000000b                                                  : edma.obj (.rodata.str1.8716574913843167321)
                  7004e82a    0000000a                                                  : soc_rcm.obj (.rodata.str1.102656642322745120751)
                  7004e834    0000000a                                                  : edma.obj (.rodata.str1.11281620503267214511)
                  7004e83e    0000000a     logger.o (.rodata.str1.13114922096505101489.1)
                  7004e848    0000000a     drivers.am263px.r5f.ti-arm-clang.release.lib : uart_v0.obj (.rodata.str1.4680544719311723101)
                  7004e852    0000000a                                                  : uart_v0.obj (.rodata.str1.62285611621840673441)
                  7004e85c    0000000a                                                  : edma.obj (.rodata.str1.94390198658697638781)
                  7004e866    0000000a                                                  : uart_v0.obj (.rodata.str1.98976386761529848021)
                  7004e870    00000009     libc.a : _scanfi.c.obj (.rodata.str1.12964984209033246150.1)
                  7004e879    00000003     PDMtesting.o (.rodata.str1.12143205621091433229.1)
                  7004e87c    00000008     libc.a : _scanfi.c.obj (.rodata..L__const._sproc_float.special)
                  7004e884    00000008     logger.o (.rodata.str1.11411971380641413352.1)
                  7004e88c    00000008     logger.o (.rodata.str1.1246197995540081341.1)
                  7004e894    00000008     logger.o (.rodata.str1.3193577328096652195.1)
                  7004e89c    00000008     logger.o (.rodata.str1.4633242734696342979.1)
                  7004e8a4    00000008     logger.o (.rodata.str1.8545315102583907144.1)
                  7004e8ac    00000008     logger.o (.rodata.str1.998270875404085501.1)
                  7004e8b4    00000007     logger.o (.rodata.str1.10127394157737690499.1)
                  7004e8bb    00000007     logger.o (.rodata.str1.10253156068257962407.1)
                  7004e8c2    00000007     logger.o (.rodata.str1.10289081750774512625.1)
                  7004e8c9    00000007     logger.o (.rodata.str1.12893940535876439382.1)
                  7004e8d0    00000007     logger.o (.rodata.str1.14246187852812087945.1)
                  7004e8d7    00000007     logger.o (.rodata.str1.16946937258229686214.1)
                  7004e8de    00000007     logger.o (.rodata.str1.6452265960373237926.1)
                  7004e8e5    00000007     logger.o (.rodata.str1.9485715002722841782.1)
                  7004e8ec    00000006     libc.a : _scanfi.c.obj (.rodata._sproc_int.barr)
                  7004e8f2    00000006     drivers.am263px.r5f.ti-arm-clang.release.lib : soc_rcm.obj (.rodata.str1.53743240983164125611)
                  7004e8f8    00000006     logger.o (.rodata.str1.9978879681667430888.1)
                  7004e8fe    00000005     PDMtesting.o (.rodata.str1.10577412323663350067.1)
                  7004e903    00000005     nortos.am263px.r5f.ti-arm-clang.release.lib : printf.obj (.rodata.str1.143852280595428356391)
                  7004e908    00000005                                                 : printf.obj (.rodata.str1.23318557076440195721)
                  7004e90d    00000005     logger.o (.rodata.str1.5950550609978457137.1)
                  7004e912    00000002     --HOLE-- [fill = 0]
                  7004e914    00000004     nortos.am263px.r5f.ti-arm-clang.release.lib : CacheP_armv7r.obj (.rodata.gCacheL1dCacheLineSize)
                  7004e918    00000004                                                 : CacheP_armv7r.obj (.rodata.gCacheL1pCacheLineSize)
                  7004e91c    00000004     logger.o (.rodata.str1.11268383079938446260.1)
                  7004e920    00000004     nortos.am263px.r5f.ti-arm-clang.release.lib : printf.obj (.rodata.str1.122320159353749299121)
                  7004e924    00000004     logger.o (.rodata.str1.14780196379335289893.1)
                  7004e928    00000004     libc.a : _scanfi.c.obj (.rodata.str1.3403580589742030990.1)
                  7004e92c    00000004     nortos.am263px.r5f.ti-arm-clang.release.lib : printf.obj (.rodata.str1.81101573233442303481)

.bss       0    7004e930    000023c8     UNINITIALIZED
                  7004e930    00000c80     (.common:logs)
                  7004f5b0    00000808     (.common:gHwiCtrl)
                  7004fdb8    00000770     ti_drivers_config.o (.bss.gMcspiObjects)
                  70050528    00000368     ti_drivers_config.o (.bss.gUartObjects)
                  70050890    00000120     libsysbm.a : trgmsg.c.obj (.bss:_CIOBUF_)
                  700509b0    000000e8     ti_drivers_config.o (.bss.gEdmaObjects)
                  70050a98    000000c0     (.common:intr_objects)
                  70050b58    000000a0     libc.a : defs.c.obj (.bss.__TI_tmpnams)
                  70050bf8    00000090     (.common:gDebugShmLogReaderCtrl)
                  70050c88    00000038     (.common:gClockCtrl)
                  70050cc0    00000010     (.common:virtToPhymap)
                  70050cd0    00000008     libsysbm.a : hostopen.c.obj (.bss.parmbuf)
                  70050cd8    00000008     (.common:gMcspiHandle)
                  70050ce0    00000004     nortos.am263px.r5f.ti-arm-clang.release.lib : HwiP_armv7r_vim.obj (.bss.gdummy)
                  70050ce4    00000004     libc.a : memory.c.obj (.bss.sys_free)
                  70050ce8    00000004     (.common:gEdmaHandle)
                  70050cec    00000004     (.common:gUartHandle)
                  70050cf0    00000002     PDMtesting.o (.bss.PDM_testing.user_input_test_number)
                  70050cf2    00000006     --HOLE--

.sysmem    0    70050cf8    00008000     UNINITIALIZED
                  70050cf8    00000010     libc.a : memory.c.obj (.sysmem)
                  70050d08    00007ff0     --HOLE--

.stack     0    70058cf8    00004000     UNINITIALIZED
                  70058cf8    00000004     nortos.am263px.r5f.ti-arm-clang.release.lib : boot_armv7r_asm.obj (.stack)
                  70058cfc    00003ffc     --HOLE--

.text.hwi 
*          0    7005ccf8    000008d8     
                  7005ccf8    00000402     nortos.am263px.r5f.ti-arm-clang.release.lib : HwiP_armv7r_vim.obj (.text.hwi)
                  7005d0fa    000002dc                                                 : HwiP_armv7r_handlers_nortos.obj (.text.hwi)
                  7005d3d6    00000002     --HOLE-- [fill = 0]
                  7005d3d8    0000017c                                                 : HwiP_armv7r_handlers_nortos_asm.obj (.text.hwi)
                  7005d554    00000070                                                 : HwiP_armv7r_asm.obj (.text.hwi)
                  7005d5c4    00000008                                                 : HwiP_armv7r_asm.obj (.tramp.HwiP_enableFIQ.1)
                  7005d5cc    00000004     --HOLE-- [fill = 0]

.text.cache 
*          0    7005d5d0    00000430     
                  7005d5d0    00000340     nortos.am263px.r5f.ti-arm-clang.release.lib : CacheP_armv7r_asm.obj (.text.cache)
                  7005d910    000000d8                                                 : CacheP_armv7r.obj (.text.cache)
                  7005d9e8    00000008                                                 : CacheP_armv7r_asm.obj (.tramp.CacheP_invL1d.1)
                  7005d9f0    00000008                                                 : CacheP_armv7r_asm.obj (.tramp.CacheP_enableL1p.1)
                  7005d9f8    00000008                                                 : HwiP_armv7r_asm.obj (.tramp.HwiP_restore.2)

.text.mpu 
*          0    7005da00    00000290     
                  7005da00    00000202     nortos.am263px.r5f.ti-arm-clang.release.lib : MpuP_armv7r.obj (.text.mpu)
                  7005dc02    00000002     --HOLE-- [fill = 0]
                  7005dc04    00000078                                                 : MpuP_armv7r_asm.obj (.text.mpu)
                  7005dc7c    00000008                                                 : HwiP_armv7r_asm.obj (.tramp.HwiP_restore.3)
                  7005dc84    00000008                                                 : MpuP_armv7r_asm.obj (.tramp.MpuP_isEnableAsm.1)
                  7005dc8c    00000004     --HOLE-- [fill = 0]

.text.boot 
*          0    7005dc90    00000190     
                  7005dc90    00000144     nortos.am263px.r5f.ti-arm-clang.release.lib : boot_armv7r_asm.obj (.text.boot)
                  7005ddd4    0000001e                                                 : DebugP_log.obj (.text.boot)
                  7005ddf2    0000001c                                                 : boot_armv7r.obj (.text.boot)
                  7005de0e    0000000e     ti_dpl_config.o (.text.boot)
                  7005de1c    00000004     --HOLE-- [fill = 0]

.text:abort 
*          0    7005de20    00000008     
                  7005de20    00000008     libc.a : exit.c.obj (.text:abort)

.data      0    7005de28    00000718     
                  7005de28    000000f0     libc.a : defs.c.obj (.data._ftable)
                  7005df18    000000c8     ti_pinmux_config.o (.data.gPinMuxMainDomainCfg)
                  7005dfe0    0000009c     drivers.am263px.r5f.ti-arm-clang.release.lib : mcspi_v0.obj (.data.gMcspiDrvObj)
                  7005e07c    0000009c                                                  : uart_v0.obj (.data.gUartDrvObj)
                  7005e118    00000088     ti_drivers_config.o (.data.gEdmaAttrs)
                  7005e1a0    00000078     libsysbm.a : host_device.c.obj (.data._device)
                  7005e218    00000060     board.o (.data.intr_pins)
                  7005e278    00000058     ti_drivers_open_close.o (.data.gUartParams)
                  7005e2d0    00000050     libsysbm.a : host_device.c.obj (.data._stream)
                  7005e320    00000048     ti_drivers_config.o (.data.gMcspiAttrs)
                  7005e368    00000040     ti_drivers_open_close.o (.data.gSpi0ChCfg)
                  7005e3a8    00000040     ti_drivers_open_close.o (.data.gSpi1ChCfg)
                  7005e3e8    00000030     ti_power_clock_config.o (.data.gSocModulesClockFrequency)
                  7005e418    00000028     ti_drivers_open_close.o (.data.gMcspiOpenParams)
                  7005e440    0000001c     ADS_adc.o (.data.ext_adc0)
                  7005e45c    0000001c     ADS_adc.o (.data.ext_adc1)
                  7005e478    00000018     ti_dpl_config.o (.data.gClockConfig)
                  7005e490    00000010     ti_drivers_config.o (.data.gMcspiConfig)
                  7005e4a0    00000010     ti_power_clock_config.o (.data.gSocModules)
                  7005e4b0    0000000c     nortos.am263px.r5f.ti-arm-clang.release.lib : AddrTranslateP_32bit.obj (.data.gAddrTranslateConfig)
                  7005e4bc    00000008     libc.a : exit.c.obj (.data..L_MergedGlobals)
                  7005e4c4    00000008     ti_drivers_open_close.o (.data.gConfigMcspiChCfg)
                  7005e4cc    00000008     ti_drivers_config.o (.data.gEdmaConfig)
                  7005e4d4    00000008     ti_drivers_open_close.o (.data.gEdmaParams)
                  7005e4dc    00000008     ti_drivers_open_close.o (.data.gMcspiDmaChConfig)
                  7005e4e4    00000008     ti_drivers_config.o (.data.gMcspiNumCh)
                  7005e4ec    00000008     ti_drivers_config.o (.data.gUartAttrs)
                  7005e4f4    00000008     ti_drivers_config.o (.data.gUartConfig)
                  7005e4fc    00000004     libc.a : defs.c.obj (.data.__TI_ft_end)
                  7005e500    00000008     nortos.am263px.r5f.ti-arm-clang.release.lib : PmuP_armv7r.obj (.data.pmu)
                  7005e508    00000004     libc.a : aeabi_portable.c.obj (.data.__aeabi_errno)
                  7005e50c    00000004            : _lock.c.obj (.data._lock)
                  7005e510    00000004            : _lock.c.obj (.data._unlock)
                  7005e514    00000004     nortos.am263px.r5f.ti-arm-clang.release.lib : DebugP_log.obj (.data.gDebugLogZone)
                  7005e518    00000004                                                 : DebugP_uartLogWriter.obj (.data.gDebugP_uartDrvIndex)
                  7005e51c    00000004     ti_drivers_config.o (.data.gEdmaConfigNum)
                  7005e520    00000004     ti_dpl_config.o (.data.gHwiConfig)
                  7005e524    00000004     ti_drivers_config.o (.data.gMcspiConfigNum)
                  7005e528    00000004     ti_drivers_config.o (.data.gUartConfigNum)
                  7005e52c    00000004     ti_drivers_open_close.o (.data.gUartDmaChConfig)
                  7005e530    00000004     board.o (.data.test)
                  7005e534    00000002     logger.o (.data.last_printed_index)
                  7005e536    00000002     logger.o (.data.logs_length)
                  7005e538    00000001     drivers.am263px.r5f.ti-arm-clang.release.lib : soc.obj (.data.isMapAvailable)
                  7005e539    00000003     --HOLE-- [fill = 0]
                  7005e53c    00000001     libc.a : memory.c.obj (.data.memory_is_initialized)
                  7005e53d    00000003     --HOLE-- [fill = 0]

.irqstack 
*          0    7005e540    00000100     UNINITIALIZED
                  7005e540    00000100     --HOLE--

.fiqstack 
*          0    7005e640    00000100     UNINITIALIZED
                  7005e640    00000100     --HOLE--

.svcstack 
*          0    7005e740    00001000     UNINITIALIZED
                  7005e740    00001000     --HOLE--

.abortstack 
*          0    7005f740    00000100     UNINITIALIZED
                  7005f740    00000100     --HOLE--

.undefinedstack 
*          0    7005f840    00000100     UNINITIALIZED
                  7005f840    00000100     --HOLE--

.init_array 
*          0    70040000    00000000     UNINITIALIZED

.bss.log_shared_mem 
*          0    701d4000    00002000     NOLOAD SECTION
                  701d4000    00002000     ti_dpl_config.o (.bss.log_shared_mem)

MODULE SUMMARY

       Module                                code    ro data   rw data
       ------                                ----    -------   -------
    .\
       PDMtesting.o                          266     84        3202   
       testing.o                             984     2337      0      
       board.o                               838     544       292    
       logger.o                              456     427       4      
       ADS_adc.o                             304     23        56     
       int_adc.o                             318     0         0      
       main.o                                28      0         0      
    +--+-------------------------------------+-------+---------+---------+
       Total:                                3194    3415      3554   
                                                                      
    .\syscfg\
       ti_dpl_config.o                       118     116       8220   
       ti_drivers_config.o                   762     0         3276   
       ti_drivers_open_close.o               2304    812       300    
       ti_power_clock_config.o               180     0         64     
       ti_pinmux_config.o                    14      0         200    
       ti_board_config.o                     4       0         0      
       ti_board_open_close.o                 4       0         0      
    +--+-------------------------------------+-------+---------+---------+
       Total:                                3386    928       12060  
                                                                      
    C:/Users/carim/Desktop/mcu_plus_sdk_am263px_10_02_00_15__all/mcu_plus_sdk_am263px_10_02_00_15/source/drivers/lib/drivers.am263px.r5f.ti-arm-clang.release.lib
       edma.obj                              5042    430       0      
       mcspi_v0_lld.obj                      4570    116       0      
       uart_v0_lld.obj                       3632    32        0      
       soc_rcm.obj                           2454    443       0      
       uart_v0.obj                           2024    209       156    
       mcspi_v0.obj                          1592    299       156    
       mcspi_dma_edma.obj                    1960    0         0      
       uart_dma_edma.obj                     1340    0         0      
       soc.obj                               906     52        17     
[...]
70045370  strtoul                            
7004555d  MCSPI_lld_controllerIsr            
70045745  GPIO_init                          
70045927  Board_init                         
70045928  __aeabi_uidiv                      
70045928  __udivsi3                          
70045af9  MCSPI_lld_dmaChInit                
70045e60  free                               
70046008  aligned_alloc                      
70046008  memalign                           
700461ad  UART_lld_dmaInit                   
70046341  MCSPI_transfer                     
700464d1  EDMA_open                          
70046635  EDMA_deinit                        
70046795  ClockP_getTimerCount               
70046798  ldexp                              
70046798  ldexpl                             
70046798  scalbn                             
70046798  scalbnl                            
700468e9  UART_lld_dmaDeInit                 
70046a37  MCSPI_lld_dmaDeInit                
70046b83  DebugP_shmLogReaderTaskCreate      
70046b84  setvbuf                            
70046cc9  TimerP_setupPriv                   
70046e09  SOC_virtToPhy                      
70046f45  UART_close                         
7004707d  MCSPI_lld_readWrite                
700472e3  MCSPI_lld_readWriteIntr            
700473ff  UART_lld_controllerIsr             
70047630  __udivmoddi4                       
70047749  SOC_rcmGetPeripheralClockFrequency 
7004785d  UART_lld_write                     
7004796b  PDM_testing                        
70047a75  init_gpio                          
70047b7f  Dpl_deinit                         
70047c89  UART_read                          
70047e97  ClockP_init                        
70047f9b  SemaphoreP_destruct                
70047f9d  UART_lld_dmaWrite                  
700480a1  MCSPI_close                        
700481a1  UART_write                         
7004829d  MCSPI_lld_initDma                  
70048390  fputc                              
70048481  read_int_ADC                       
70048651  MCSPI_lld_readWriteDma             
70048737  GPIO_bankIsrFxn                    
700488e1  print_log                          
700489b3  TaskP_yield                        
700489b5  EDMA_unregisterIntr                
70048a85  GPIO_deinit                        
70048b55  UART_lld_initDma                   
70048c20  getdevice                          
70048ce9  MCSPI_lld_init                     
70048dad  UART_lld_init                      
70048e6d  EDMA_registerIntr                  
70048f28  fseeko                             
70048fdc  __TI_closefile                     
70049295  DebugP_readLine                    
700493e3  UART_lld_read                      
7004952f  init_global_interrupts             
70049679  EDMA_freeDmaChannel                
70049719  EDMA_freeParam                     
700497b9  EDMA_freeTcc                       
70049858  HOSTrename                         
700498f9  UART_lld_dmaRead                   
70049999  UART_lld_readIntr                  
70049a34  __TI_wrt_ok                        
70049ad0  HOSTlseek                          
70049b69  SemaphoreP_pend                    
70049bff  EDMA_configureChannelRegion        
70049c94  HOSTopen                           
70049d29  UART_lld_readWithCounter           
70049e4d  SPI_ReadWrite                      
70049f6b  Drivers_open                       
70049ff7  MCSPI_lld_peripheralIsr            
7004a084  close                              
7004a111  ADC_setPPBTripLimits               
7004a199  UART_init                          
7004a221  UART_procLineStatusErr             
7004a2a8  __TI_doflush                       
7004a330  HOSTread                           
7004a3b4  HOSTwrite                          
7004a4bd  EDMA_close                         
7004a53d  UART_flushTxFifo                   
7004a5bd  Drivers_mcspiOpen                  
7004a737  MCSPI_initiateLastChunkTransfer    
7004a7b1  MCSPI_init                         
7004a911  MCSPI_stop                         
7004a983  MCSPI_lld_dmaStop                  
7004a9f3  EDMA_disableTransferRegion         
7004aa61  EDMA_enableTransferRegion          
7004aad0  HOSTunlink                         
7004ab3d  UART_lld_writeDma                  
7004aba9  UART_lld_readDma                   
7004ac11  UART_lld_writeIntr                 
7004ac78  atoi                               
7004ace1  digitalWrite                       
7004ad49  CycleCounterP_init                 
7004ad59  CycleCounterP_reset                
7004ad7d  CycleCounterP_nsToTicks            
7004ada9  CycleCounterP_enableUserAccess     
7004adb1  SOC_controlModuleUnlockMMR         
7004ae15  add_log                            
7004ae78  HOSTclose                          
7004aed9  ClockP_timerTickIsr                
7004af37  MCSPI_setChDataSize                
7004af95  GPIO_setTrigType                   
7004b04d  SOC_controlModuleLockMMR           
7004b0a9  _DebugP_assert                     
7004b15c  __TI_cleanup                       
7004b1b4  __TI_readmsg                       
7004b20c  __TI_writemsg                      
7004b258  C$$IO$$                            
7004b265  init_interrupt                     
7004b2bd  print_pending_logs                 
7004b315  ClockP_getTimeUsec                 
7004b36b  UART_intrDisable                   
7004b3c1  UART_readCancelNoCB                
7004b417  UART_writeCancelNoCB               
7004b46d  Dpl_init                           
7004b4c0  exit                               
7004b514  finddevice                         
7004b568  __TI_auto_init_nobinit_nopinit     
7004b5bd  AddrTranslateP_getLocalAddr        
7004b60f  MCSPI_lld_deInitDma                
7004b661  ClockP_construct                   
7004b6b1  EDMA_allocDmaChannel               
7004b701  EDMA_allocParam                    
7004b751  EDMA_allocTcc                      
7004b7ef  Drivers_edmaOpen                   
7004b83d  Drivers_uartOpen                   
7004b88b  EDMA_disableChInShadowRegRegion    
7004b8d9  MCSPI_transferCallback             
7004b971  SOC_enableAdcReferenceMonitor      
7004b9bd  SOC_enableAdcGlobalForce           
7004ba05  SOC_enableAdcInternalReference     
7004ba94  unlink                             
7004bb25  SOC_getAdcReferenceStatus          
7004bb69  UART_Params_init                   
7004bbad  UART_lld_deInitDma                 
7004bbf1  ClockP_stop                        
7004bc31  EDMA_mapChToEvtQ                   
7004bc71  Pinmux_config                      
7004bcb1  SemaphoreP_constructBinary         
7004bcf1  UART_lld_deInit                    
7004bd71  SemaphoreP_constructMutex          
7004bdb1  EDMA_getBaseAddr                   
7004be29  ClockP_destruct                    
7004be63  DebugP_uartLogWriterPutChar        
7004be9d  Module_clockSetFrequency           
7004bed7  UART_lld_flushTxFifo               
7004bf49  _DebugP_logZone                    
7004bf80  CycleCounterP_getCount32           
7004bf88  PmuP_setup                         
7004bf90  PmuP_enableCounters                
7004bf98  PmuP_disableCounters               
7004bfa0  PmuP_getOverflowStatus             
7004bfa8  PmuP_clearOverflowStatus           
7004bfb0  PmuP_setUserEnable                 
7004bfb9  EDMA_clrMissEvtRegion              
7004bfef  ClockP_start                       
7004c023  MCSPI_errorCallback                
7004c057  Module_clockDisable                
7004c08b  Module_clockEnable                 
7004c0c1  SOC_enableAdcDacLoopback           
7004c15c  lseek                              
7004c190  write                              
7004c1c5  ClockP_usleep                      
7004c1f7  EDMA_unmapChToEvtQ                 
7004c229  SemaphoreP_post                    
7004c25b  DebugP_scanf                       
7004c2bd  adc_to_current_LM74930             
7004c2ed  EDMA_enableChInShadowRegRegion     
7004c349  DebugP_shmLogReaderInit            
7004c375  SOC_rcmGetR5Clock                  
7004c3a1  UART_getHandle                     
7004c3cd  adc_to_current_HSS_MB              
7004c3f9  adc_to_current_TPS                 
7004c424  vsscanf                            
7004c451  System_init                        
7004c4a3  GPIO_setDirMode                    
7004c4f5  SOC_moduleSetClockFrequency        
7004c51d  read_ext_ADC                       
7004c545  ClockP_sleep                       
7004c56b  EDMA_setPaRAM                      
7004c591  UART_lld_dmaDisableChannel         
7004c648  __aeabi_uldivmod                   
7004c66d  int_adc_to_voltage                 
7004c691  vprintf_                           
7004c6b5  EDMA_linkChannel                   
7004c6f9  print_logs                         
7004c71b  DebugP_logZoneEnable               
7004c75b  TimerP_Params_initPriv             
7004c77b  UART_getChar                       
7004c79d  ext_adc_to_voltage                 
7004c7bd  System_deinit                      
7004c7db  UART_spaceAvail                    
7004c84f  MCSPI_lld_deInit                   
7004c86d  SOC_rcmIsR5FInLockStepMode         
7004c8a5  main                               
7004c8f8  TI_memcpy_small                    
7004c915  CSL_armR5GetCpuID                  
7004c92f  EDMA_readEventStatusRegion         
7004c965  MCSPI_deinit                       
7004c97d  MCSPI_lld_dmaInit                  
7004c995  TimerP_getCountPriv                
7004c9ad  UART_deinit                        
7004c9c5  clear_logs                         
7004c9dc  TI_memset_small                    
7004c9f5  MCSPI_reset                        
7004ca0b  UART_IsTxRxFifoEmpty               
7004ca21  UART_getIntrIdentityStatus         
7004ca4d  ClockP_usecToTicks                 
7004ca61  EDMA_getRegionId                   
7004ca75  UART_Transaction_init              
7004ca9d  ADC_setMode                        
7004cac1  UART_operatingModeSelect           
7004cad3  UART_readLineStatus                
7004cae5  putchar_                           
7004caf7  GPIO_bankIntrDisable               
7004cb07  UART_intr2Disable                  
7004cb18  __aeabi_memset                     
7004cb18  __aeabi_memset4                    
7004cb18  __aeabi_memset8                    
7004cb38  putchar                            
7004cb49  EDMA_ccPaRAMEntry_init             
7004cb57  GPIO_bankIntrEnable                
7004cb65  Pinmux_init                        
7004cb73  PowerClock_init                    
7004cb81  ClockP_getTicks                    
7004cb8d  DebugP_uartSetDrvIndex             
7004cb99  EDMA_isInitialized                 
7004cba5  SOC_getSelfCpuClk                  
7004cbb0  __aeabi_errno_addr                 
7004cbbc  __aeabi_memclr                     
7004cbbc  __aeabi_memclr4                    
7004cbbc  __aeabi_memclr8                    
7004cbc8  malloc                             
7004cbd4  CSL_armR5ReadMpidrReg              
7004cbed  ClockP_Params_init                 
7004cbf7  ClockP_isActive                    
7004cc01  TimerP_getReloadCountPriv          
7004cc0b  TimerP_startPriv                   
7004cc15  UART_lld_Transaction_deInit        
7004cc20  C$$EXIT                            
7004cc20  HOSTexit                           
7004cc29  TimerP_clearOverflowIntPriv        
7004cc39  EDMA_isInterruptEnabled            
7004cc3f  SOC_moduleClockEnable              
7004cc4b  ClockP_timerClearOverflowInt       
7004cc4f  PowerClock_deinit                  
7004cc53  TimerP_Params_init                 
7004cc57  TimerP_clearOverflowInt            
7004cc5b  TimerP_getCount                    
7004cc5f  TimerP_getReloadCount              
7004cc63  TimerP_setup                       
7004cc67  TimerP_start                       
7004cc6c  __aeabi_idiv0                      
7004cc70  __aeabi_ldiv0                      
7004cc74  __aeabi_memcpy                     
7004cc74  __aeabi_memcpy4                    
7004cc74  __aeabi_memcpy8                    
7004cc78  _nop                               
7004cc7c  fseek                              
7004cc80  remove                             
7004ccc0  test_results                       
7004d170  __aeabi_ctype_table_               
7004d170  __aeabi_ctype_table_C              
7004d271  test_cases                         
7004d404  gCacheConfig                       
7004d40c  gMpuConfig                         
7004d418  gMpuRegionConfig                   
7004d520  gADPLLJConfigTbl                   
7004e2e8  gPeripheralClkSrcInfoMap           
7004e914  gCacheL1dCacheLineSize             
7004e918  gCacheL1pCacheLineSize             
7004e930  __BSS_START                        
7004e930  logs                               
7004f5b0  gHwiCtrl                           
70050890  _CIOBUF_                           
70050890  __CIOBUF_                          
70050a98  intr_objects                       
70050b58  __TI_tmpnams                       
70050bf8  gDebugShmLogReaderCtrl             
70050c88  gClockCtrl                         
70050cc0  virtToPhymap                       
70050cd0  parmbuf                            
70050cd8  gMcspiHandle                       
70050ce8  gEdmaHandle                        
70050cec  gUartHandle                        
70050cf8  __BSS_END                          
70050cf8  _sys_memory                        
70058cf8  __stack                            
7005ccf8  __STACK_END                        
7005ccf9  HwiP_enableInt                     
7005cd21  HwiP_disableInt                    
7005cd53  HwiP_restoreInt                    
7005cda9  HwiP_clearInt                      
7005cdc9  HwiP_post                          
7005cdf1  HwiP_Params_init                   
7005ce03  HwiP_construct                     
7005cf4b  HwiP_destruct                      
7005d01d  HwiP_init                          
7005d0df  HwiP_inISR                         
7005d0fb  HwiP_irq_handler_c                 
7005d17f  HwiP_fiq_handler                   
7005d22f  HwiP_reserved_handler              
7005d25d  HwiP_undefined_handler_c           
7005d27b  HwiP_user_undefined_handler_c      
7005d28f  HwiP_svc_handler                   
7005d2bd  HwiP_prefetch_abort_handler_c      
7005d337  HwiP_user_prefetch_abort_handler_c 
7005d347  HwiP_data_abort_handler_c          
7005d3c7  HwiP_user_data_abort_handler_c     
7005d3d8  HwiP_irq_handler                   
7005d44c  HwiP_data_abort_handler            
7005d490  HwiP_prefetch_abort_handler        
7005d4dc  HwiP_undefined_handler             
7005d50c  GET_DFSR                           
7005d514  GET_ADFSR                          
7005d51c  GET_DFAR                           
7005d524  GET_IFSR                           
7005d52c  GET_AIFSR                          
7005d534  GET_IFAR                           
7005d53c  GET_SPSR                           
7005d554  HwiP_disable                       
7005d564  HwiP_disableFIQ                    
7005d574  HwiP_enable                        
7005d584  HwiP_enableFIQ                     
7005d594  HwiP_restore                       
7005d59c  HwiP_enableVIC                     
7005d5ac  HwiP_disableVIC                    
7005d5bc  HwiP_getCPSR                       
7005d5d0  CacheP_disableL1d                  
7005d5f8  CacheP_disableL1p                  
7005d610  CacheP_enableL1d                   
7005d628  CacheP_enableL1p                   
7005d640  CacheP_invL1d                      
7005d678  CacheP_invL1p                      
7005d6b4  CacheP_invL1dAll                   
7005d6bc  CacheP_invL1pAll                   
7005d6c4  CacheP_wb                          
7005d700  CacheP_wbInv                       
7005d73c  CacheP_wbAll                       
7005d7e4  CacheP_wbInvAll                    
7005d7fc  CacheP_wbInvAllAsm                 
7005d89c  CacheP_getEnabled                  
7005d8d4  CacheP_getCacheLevelInfo           
7005d8e0  CacheP_configForceWrThru           
7005d900  CacheP_setDLFO                     
7005d911  CacheP_init                        
7005d969  CacheP_disable                     
7005d9a3  CacheP_enable                      
7005d9c3  CacheP_inv                         
7005da01  MpuP_getAttrs                      
7005da41  MpuP_RegionAttrs_init              
7005da4f  MpuP_setRegion                     
7005dac9  MpuP_isEnable                      
7005dacd  MpuP_disable                       
7005daff  MpuP_enable                        
7005db3b  MpuP_init                          
7005db9d  MpuP_isUserAuthorizedToAccessMemory
7005dc04  MpuP_disableAsm                    
7005dc1c  MpuP_disableBRAsm                  
7005dc2c  MpuP_enableAsm                     
7005dc44  MpuP_enableBRAsm                   
7005dc54  MpuP_isEnableAsm                   
7005dc68  MpuP_setRegionAsm                  
7005dc90  _c_int00_sbl                       
7005dcb4  _c_int00                           
7005ddd5  _DebugP_assertNoLog                
7005ddf3  _system_pre_init                   
7005de0f  __mpu_init                         
7005de20  abort                              
7005de28  _ftable                            
7005de28  gMcspiDmaHandle                    
7005de28  gUartDmaHandle                     
7005e1a0  _device                            
7005e218  intr_pins                          
7005e278  gUartParams                        
7005e2d0  _stream                            
7005e368  gSpi0ChCfg                         
7005e3a8  gSpi1ChCfg                         
7005e3e8  gSocModulesClockFrequency          
7005e418  gMcspiOpenParams                   
7005e440  ext_adc0                           
7005e45c  ext_adc1                           
7005e478  gClockConfig                       
7005e490  gMcspiConfig                       
7005e4a0  gSocModules                        
7005e4b0  gAddrTranslateConfig               
7005e4bc  __TI_cleanup_ptr                   
7005e4c0  __TI_dtors_ptr                     
7005e4c4  gConfigMcspiChCfg                  
7005e4cc  gEdmaConfig                        
7005e4d4  gEdmaParams                        
7005e4dc  gMcspiDmaChConfig                  
7005e4e4  gMcspiNumCh                        
7005e4f4  gUartConfig                        
7005e4fc  __TI_ft_end                        
7005e508  __aeabi_errno                      
7005e50c  _lock                              
7005e510  _unlock                            
7005e514  gDebugLogZone                      
7005e518  gDebugP_uartDrvIndex               
7005e51c  gEdmaConfigNum                     
7005e520  gHwiConfig                         
7005e524  gMcspiConfigNum                    
7005e528  gUartConfigNum                     
7005e52c  gUartDmaChConfig                   
7005e530  test                               
7005e536  logs_length                        
7005e538  isMapAvailable                     
7005e540  __IRQ_STACK_START                  
7005e640  __FIQ_STACK_START                  
7005e640  __IRQ_STACK_END                    
7005e740  __FIQ_STACK_END                    
7005e740  __SVC_STACK_START                  
7005f740  __ABORT_STACK_START                
7005f740  __SVC_STACK_END                    
7005f840  __ABORT_STACK_END                  
7005f840  __UNDEFINED_STACK_START            
7005f940  __UNDEFINED_STACK_END              
701d4000  gDebugShmLog                       
ffffffff  __TI_pprof_out_hndl                
ffffffff  __TI_prof_data_size                
ffffffff  __TI_prof_data_start               
ffffffff  __binit__                          
ffffffff  binit                              
UNDEFED   __TI_CINIT_Base                    
UNDEFED   __TI_CINIT_Limit                   
UNDEFED   __TI_Handler_Table_Base            
UNDEFED   __TI_Handler_Table_Limit           
UNDEFED   _system_post_cinit                 

[470 symbols]
