******************************************************************************
            TI ARM Clang Linker PC v4.0.2                      
******************************************************************************
>> Linked Fri Jun 20 16:51:11 2025

OUTPUT FILE NAME:   <second_stage_PDM_testing.out>
ENTRY POINT SYMBOL: "_vectors"  address: 00000000


MEMORY CONFIGURATION

         name            origin    length      used     unused   attr    fill
----------------------  --------  ---------  --------  --------  ----  --------
  R5F_VECS              00000000   00000040  00000040  00000000  RWIX
  R5F_TCMA              00000040   00007fc0  00000000  00007fc0  RWIX
  R5F_TCMB              00080000   00008000  00000000  00008000  RWIX
  MAILBOX_HSM           44000000   000003ce  00000000  000003ce  RWIX
  MAILBOX_R5F           44000400   000003ce  00000000  000003ce  RWIX
  FLASH                 60100000   00080000  00000000  00080000  RWIX
  SBL                   70000000   00040000  00000000  00040000  RWIX
  OCRAM                 70040000   00040000  000214c0  0001eb40  RWIX
  USER_SHM_MEM          701d0000   00004000  00000000  00004000  RWIX
  LOG_SHM_MEM           701d4000   00004000  00002000  00002000  RWIX
  RTOS_NORTOS_IPC_SHM_M 72000000   00003e80  00000000  00003e80  RWIX


SEGMENT ALLOCATION MAP

run origin  load origin   length   init length attrs members
----------  ----------- ---------- ----------- ----- -------
00000000    00000000    00000040   00000040    r-x
  00000000    00000000    00000040   00000040    r-x .vectors
70040000    70040000    00010100   00010100    r-x
  70040000    70040000    0000e260   0000e260    r-x .text
  7004e260    7004e260    00001ea0   00001ea0    r-- .rodata
70050100    70050100    0000e688   00000000    rw-
  70050100    70050100    00002688   00000000    rw- .bss
  70052788    70052788    00008000   00000000    rw- .sysmem
  7005a788    7005a788    00004000   00000000    rw- .stack
7005e788    7005e788    00001130   00001130    r-x
  7005e788    7005e788    000008d8   000008d8    r-x .text.hwi
  7005f060    7005f060    00000430   00000430    r-x .text.cache
  7005f490    7005f490    00000290   00000290    r-x .text.mpu
  7005f720    7005f720    00000190   00000190    r-x .text.boot
  7005f8b0    7005f8b0    00000008   00000008    r-x .text:abort
7005f8b8    7005f8b8    00001c08   00000808    rw-
  7005f8b8    7005f8b8    00000808   00000808    rw- .data
  700600c0    700600c0    00000100   00000000    rw- .irqstack
  700601c0    700601c0    00000100   00000000    rw- .fiqstack
  700602c0    700602c0    00001000   00000000    rw- .svcstack
  700612c0    700612c0    00000100   00000000    rw- .abortstack
  700613c0    700613c0    00000100   00000000    rw- .undefinedstack


SECTION ALLOCATION MAP

 output                                  attributes/
section   page    origin      length       input sections
--------  ----  ----------  ----------   ----------------
.vectors   0    00000000    00000040     
                  00000000    00000040     nortos.am263px.r5f.ti-arm-clang.release.lib : HwiP_armv7r_vectors_nortos_asm.obj (.vectors)

.text      0    70040000    0000e260     
                  70040000    00001328     libc.a : _scanfi.c.obj (.text.__TI_scanfi)
                  70041328    00000756     ti_drivers_open_close.o (.text.Drivers_adcOpen)
                  70041a7e    00000002     ti_board_config.o (.text.Board_deinit)
                  70041a80    00000580     nortos.am263px.r5f.ti-arm-clang.release.lib : printf.obj (.text._vsnprintf)
                  70042000    000004d4     libc.a : strtod.c.obj (.text.strtod)
                  700424d4    000004cc     drivers.am263px.r5f.ti-arm-clang.release.lib : soc_rcm.obj (.text.SOC_rcmEnablePeripheralClock)
                  700429a0    00000444                                                  : i2c_v1_lld.obj (.text.I2C_lld_primeTransferPoll)
                  70042de4    00000004     nortos.am263px.r5f.ti-arm-clang.release.lib : ClockP_nortos_r5.obj (.text.ClockP_getTimerCount)
                  70042de8    00000400                                                 : printf.obj (.text._ftoa)
                  700431e8    000003b8     testing.o (.text.conduct_test)
                  700435a0    00000390     libc.a : strcmp32.S.obj (.text:strcmp)
                  70043930    00000310     nortos.am263px.r5f.ti-arm-clang.release.lib : printf.obj (.text._etoa)
                  70043c40    000002a8     drivers.am263px.r5f.ti-arm-clang.release.lib : uart_v0.obj (.text.UART_open)
                  70043ee8    00000298                                                  : mcspi_v0.obj (.text.MCSPI_open)
                  70044180    0000027c                                                  : edma.obj (.text.EDMA_init)
                  700443fc    0000027c     libc.a : strtoll.c.obj (.text.strtoll)
                  70044678    00000250     drivers.am263px.r5f.ti-arm-clang.release.lib : soc_rcm.obj (.text.SOC_rcmSetPeripheralClock)
                  700448c8    00000248     libc.a : strtoull.c.obj (.text.strtoull)
                  70044b10    0000023c     drivers.am263px.r5f.ti-arm-clang.release.lib : uart_v0_lld.obj (.text.UART_configInstance)
                  70044d4c    00000230                                                  : mcspi_dma_edma.obj (.text.MCSPI_lld_dmaTransfer)
                  70044f7c    00000210                                                  : i2c_v1.obj (.text.I2C_open)
                  7004518c    0000020c                                                  : edma.obj (.text.EDMA_errorIsrFxn)
                  70045398    0000020c                                                  : mcspi_v0_lld.obj (.text.MCSPI_transferControllerPoll)
                  700455a4    00000204                                                  : edma.obj (.text.EDMA_freeChannelRegion)
                  700457a8    000001f8     libc.a : strtol.c.obj (.text.strtol)
                  700459a0    000001ec            : strtoul.c.obj (.text.strtoul)
                  70045b8c    000001e8     drivers.am263px.r5f.ti-arm-clang.release.lib : mcspi_v0_lld.obj (.text.MCSPI_lld_controllerIsr)
                  70045d74    000001e2     ti_drivers_config.o (.text.GPIO_init)
                  70045f56    00000002     ti_board_config.o (.text.Board_init)
                  70045f58    000001d0     libclang_rt.builtins.a : udivsi3.S.obj (.text.__udivsi3)
                  70046128    000001c0     drivers.am263px.r5f.ti-arm-clang.release.lib : mcspi_dma_edma.obj (.text.MCSPI_lld_dmaChInit)
                  700462e8    000001b4                                                  : i2c_v1_lld.obj (.text.I2C_lld_targetIsr)
                  7004649c    000001ae                                                  : i2c_v1_lld.obj (.text.I2C_lld_controllerIsr)
                  7004664a    00000002     nortos.am263px.r5f.ti-arm-clang.release.lib : DebugP_nortos.obj (.text.DebugP_shmLogReaderTaskCreate)
                  7004664c    000001a8     drivers.am263px.r5f.ti-arm-clang.release.lib : mcspi_v0_lld.obj (.text.MCSPI_lld_chConfig)
                  700467f4    000001a8     libc.a : memory.c.obj (.text.free)
                  7004699c    000001a4            : memory.c.obj (.text.aligned_alloc)
                  70046b40    00000194     drivers.am263px.r5f.ti-arm-clang.release.lib : uart_dma_edma.obj (.text.UART_lld_dmaInit)
                  70046cd4    00000190                                                  : mcspi_v0.obj (.text.MCSPI_transfer)
                  70046e64    00000188                                                  : i2c_v1.obj (.text.I2C_transfer)
                  70046fec    00000164                                                  : edma.obj (.text.EDMA_open)
                  70047150    00000160                                                  : edma.obj (.text.EDMA_deinit)
                  700472b0    00000150     libc.a : s_scalbn.c.obj (.text.scalbn)
                  70047400    0000014e     drivers.am263px.r5f.ti-arm-clang.release.lib : uart_dma_edma.obj (.text.UART_lld_dmaDeInit)
                  7004754e    0000014c                                                  : mcspi_dma_edma.obj (.text.MCSPI_lld_dmaDeInit)
                  7004769a    00000002     ti_dpl_config.o (.text.Dpl_deinit)
                  7004769c    00000144     libc.a : setvbuf.c.obj (.text.setvbuf)
                  700477e0    00000140     nortos.am263px.r5f.ti-arm-clang.release.lib : TimerP_rti_priv.obj (.text.TimerP_setupPriv)
                  70047920    0000013c     drivers.am263px.r5f.ti-arm-clang.release.lib : soc.obj (.text.SOC_virtToPhy)
                  70047a5c    00000138                                                  : uart_v0.obj (.text.UART_close)
                  70047b94    00000134                                                  : mcspi_v0_lld.obj (.text.MCSPI_lld_readWrite)
                  70047cc8    00000132     nortos.am263px.r5f.ti-arm-clang.release.lib : printf.obj (.text._ntoa_format)
                  70047dfa    00000002                                                 : SemaphoreP_nortos.obj (.text.SemaphoreP_destruct)
                  70047dfc    00000126     int_adc.o (.text.read_int_ADC)
                  70047f22    0000011c     drivers.am263px.r5f.ti-arm-clang.release.lib : mcspi_v0_lld.obj (.text.MCSPI_lld_readWriteIntr)
                  7004803e    0000011a                                                  : uart_v0_lld.obj (.text.UART_lld_controllerIsr)
                  70048158    00000118                                                  : edma.obj (.text.Alloc_resource)
                  70048270    00000118     libclang_rt.builtins.a : udivmoddi4.S.obj (.text)
                  70048388    00000114     drivers.am263px.r5f.ti-arm-clang.release.lib : soc_rcm.obj (.text.SOC_rcmGetPeripheralClockFrequency)
                  7004849c    0000010e                                                  : uart_v0_lld.obj (.text.UART_lld_write)
                  700485aa    0000010a     board.o (.text.init_gpio)
                  700486b4    00000108     drivers.am263px.r5f.ti-arm-clang.release.lib : edma.obj (.text.EDMA_transferCompletionMasterIsrFxn)
                  700487bc    00000108                                                  : uart_v0.obj (.text.UART_read)
                  700488c4    00000106                                                  : mcspi_v0_lld.obj (.text.MCSPI_continuePeripheralTxRx)
                  700489ca    00000104     nortos.am263px.r5f.ti-arm-clang.release.lib : ClockP_nortos_r5.obj (.text.ClockP_init)
                  70048ace    00000002                                                 : TaskP_nortos.obj (.text.TaskP_yield)
                  70048ad0    00000104     drivers.am263px.r5f.ti-arm-clang.release.lib : uart_dma_edma.obj (.text.UART_lld_dmaWrite)
                  70048bd4    00000100                                                  : mcspi_v0.obj (.text.MCSPI_close)
                  70048cd4    000000fc                                                  : uart_v0.obj (.text.UART_write)
                  70048dd0    000000f4                                                  : mcspi_v0_lld.obj (.text.MCSPI_lld_initDma)
                  70048ec4    000000f0     PDMtesting.o (.text.PDM_testing)
                  70048fb4    000000f0     libc.a : fputc.c.obj (.text.fputc)
                  700490a4    000000e6     drivers.am263px.r5f.ti-arm-clang.release.lib : mcspi_dma_edma.obj (.text.MCSPI_edmaIsrTx)
                  7004918a    000000e6                                                  : mcspi_v0_lld.obj (.text.MCSPI_lld_readWriteDma)
                  70049270    000000d6     board.o (.text.GPIO_bankIsrFxn)
                  70049346    00000002     drivers.am263px.r5f.ti-arm-clang.release.lib : uart_dma_edma.obj (.text.UART_edmaDoNothing)
                  70049348    000000d4     libc.a : sscanf.c.obj (.text._chkmbc)
                  7004941c    000000d2     logger.o (.text.print_log)
                  700494ee    00000002     drivers.am263px.r5f.ti-arm-clang.release.lib : uart_v0.obj (.text.UART_lld_errorCallback)
                  700494f0    000000d0                                                  : edma.obj (.text.EDMA_unregisterIntr)
                  700495c0    000000d0     ti_drivers_config.o (.text.GPIO_deinit)
                  70049690    000000cc     drivers.am263px.r5f.ti-arm-clang.release.lib : uart_v0_lld.obj (.text.UART_lld_initDma)
                  7004975c    000000c8     libc.a : getdevice.c.obj (.text.getdevice)
                  70049824    000000c4     drivers.am263px.r5f.ti-arm-clang.release.lib : i2c_v1_lld.obj (.text.I2C_lld_mem_write)
                  700498e8    000000c4                                                  : i2c_v1_lld.obj (.text.I2C_lld_primeTransferIntr)
                  700499ac    000000c4                                                  : mcspi_v0_lld.obj (.text.MCSPI_lld_init)
                  70049a70    000000c0                                                  : i2c_v1_lld.obj (.text.I2C_lld_mem_read)
                  70049b30    000000c0                                                  : uart_v0_lld.obj (.text.UART_lld_init)
                  70049bf0    000000be     ioexp_tca6424.o (.text.TCA6424_config)
                  70049cae    000000be     ioexp_tca6424.o (.text.TCA6424_setOutput)
                  70049d6c    000000bc     drivers.am263px.r5f.ti-arm-clang.release.lib : edma.obj (.text.EDMA_registerIntr)
                  70049e28    000000b4     libc.a : fseek.c.obj (.text.fseeko)
                  70049edc    000000b0            : fclose.c.obj (.text.__TI_closefile)
                  70049f8c    000000b0     nortos.am263px.r5f.ti-arm-clang.release.lib : printf.obj (.text._ntoa_long_long)
                  7004a03c    000000ac     drivers.am263px.r5f.ti-arm-clang.release.lib : soc_rcm.obj (.text.SOC_rcmGetCoreHSDivOut)
                  7004a0e8    000000ac                                                  : uart_v0_lld.obj (.text.UART_divisorLatchWrite)
                  7004a194    000000a8     nortos.am263px.r5f.ti-arm-clang.release.lib : DebugP_uartScanf.obj (.text.DebugP_readLine)
                  7004a23c    000000a6     drivers.am263px.r5f.ti-arm-clang.release.lib : mcspi_dma_edma.obj (.text.MCSPI_edmaIsrRx)
                  7004a2e2    000000a6                                                  : uart_v0_lld.obj (.text.UART_lld_read)
                  7004a388    000000a6     nortos.am263px.r5f.ti-arm-clang.release.lib : printf.obj (.text._out_rev)
                  7004a42e    000000a6     board.o (.text.init_global_interrupts)
                  7004a4d4    000000a4     drivers.am263px.r5f.ti-arm-clang.release.lib : i2c_v1.obj (.text.I2C_close)
                  7004a578    000000a4                                                  : i2c_v1_lld.obj (.text.I2C_lld_mem_readIntr)
                  7004a61c    000000a4                                                  : i2c_v1_lld.obj (.text.I2C_lld_mem_writeIntr)
                  7004a6c0    000000a4     libc.a : memory.c.obj (.text.split)
                  7004a764    000000a0     drivers.am263px.r5f.ti-arm-clang.release.lib : edma.obj (.text.EDMA_freeDmaChannel)
                  7004a804    000000a0                                                  : edma.obj (.text.EDMA_freeParam)
                  7004a8a4    000000a0                                                  : edma.obj (.text.EDMA_freeTcc)
                  7004a944    000000a0     libsysbm.a : hostrename.c.obj (.text.HOSTrename)
                  7004a9e4    000000a0     drivers.am263px.r5f.ti-arm-clang.release.lib : uart_dma_edma.obj (.text.UART_lld_dmaRead)
                  7004aa84    0000009c                                                  : uart_v0_lld.obj (.text.UART_lld_readIntr)
                  7004ab20    0000009c     libc.a : _io_perm.c.obj (.text.__TI_wrt_ok)
                  7004abbc    00000098     libsysbm.a : hostlseek.c.obj (.text.HOSTlseek)
                  7004ac54    00000098     drivers.am263px.r5f.ti-arm-clang.release.lib : i2c_v1.obj (.text.I2C_primeTransfer)
                  7004acec    00000096     nortos.am263px.r5f.ti-arm-clang.release.lib : SemaphoreP_nortos.obj (.text.SemaphoreP_pend)
                  7004ad82    00000094     drivers.am263px.r5f.ti-arm-clang.release.lib : edma.obj (.text.EDMA_configureChannelRegion)
                  7004ae16    00000002     nortos.am263px.r5f.ti-arm-clang.release.lib : printf.obj (.text._out_null)
                  7004ae18    00000094     libsysbm.a : hostopen.c.obj (.text.HOSTopen)
                  7004aeac    00000094     drivers.am263px.r5f.ti-arm-clang.release.lib : i2c_v1_lld.obj (.text.I2C_lld_init)
                  7004af40    00000094     ADS_adc.o (.text.SPI_ReadWrite)
                  7004afd4    00000094     drivers.am263px.r5f.ti-arm-clang.release.lib : uart_v0_lld.obj (.text.UART_lld_readWithCounter)
                  7004b068    00000090     ti_drivers_open_close.o (.text.Drivers_open)
                  7004b0f8    00000090     drivers.am263px.r5f.ti-arm-clang.release.lib : mcspi_v0_lld.obj (.text.MCSPI_setFifoConfig)
                  7004b188    0000008e     nortos.am263px.r5f.ti-arm-clang.release.lib : printf.obj (.text._ntoa_long)
                  7004b216    0000008c     drivers.am263px.r5f.ti-arm-clang.release.lib : mcspi_v0_lld.obj (.text.MCSPI_lld_peripheralIsr)
                  7004b2a2    00000002     --HOLE-- [fill = 0]
                  7004b2a4    0000008c     libsysbm.a : close.c.obj (.text.close)
                  7004b330    00000088     drivers.am263px.r5f.ti-arm-clang.release.lib : adc.obj (.text.ADC_setPPBTripLimits)
                  7004b3b8    00000088                                                  : uart_v0.obj (.text.UART_init)
                  7004b440    00000088                                                  : uart_v0_lld.obj (.text.UART_procLineStatusErr)
                  7004b4c8    00000088     libc.a : fflush.c.obj (.text.__TI_doflush)
                  7004b550    00000084     libsysbm.a : hostread.c.obj (.text.HOSTread)
                  7004b5d4    00000084                : hostwrite.c.obj (.text.HOSTwrite)
                  7004b658    00000084     drivers.am263px.r5f.ti-arm-clang.release.lib : mcspi_v0_lld.obj (.text.MCSPI_setPeripheralFifoConfig)
                  7004b6dc    00000080                                                  : edma.obj (.text.EDMA_close)
                  7004b75c    00000080                                                  : uart_v0.obj (.text.UART_flushTxFifo)
                  7004b7dc    0000007e     ti_drivers_open_close.o (.text.Drivers_mcspiOpen)
                  7004b85a    0000007e     drivers.am263px.r5f.ti-arm-clang.release.lib : mcspi_v0_lld.obj (.text.MCSPI_fifoRead)
                  7004b8d8    0000007e                                                  : mcspi_v0_lld.obj (.text.MCSPI_transferPeripheralPoll)
                  7004b956    0000007a                                                  : mcspi_v0_lld.obj (.text.MCSPI_initiateLastChunkTransfer)
                  7004b9d0    00000078                                                  : mcspi_v0.obj (.text.MCSPI_init)
                  7004ba48    00000076                                                  : uart_v0_lld.obj (.text.UART_readDataPolling)
                  7004babe    00000072                                                  : mcspi_v0_lld.obj (.text.MCSPI_fifoWrite)
                  7004bb30    00000072                                                  : mcspi_v0_lld.obj (.text.MCSPI_stop)
                  7004bba2    00000070                                                  : mcspi_dma_edma.obj (.text.MCSPI_lld_dmaStop)
                  7004bc12    0000006e                                                  : edma.obj (.text.EDMA_disableTransferRegion)
                  7004bc80    0000006e                                                  : edma.obj (.text.EDMA_enableTransferRegion)
                  7004bcee    00000002     --HOLE-- [fill = 0]
                  7004bcf0    0000006c     libsysbm.a : hostunlink.c.obj (.text.HOSTunlink)
                  7004bd5c    0000006c     drivers.am263px.r5f.ti-arm-clang.release.lib : uart_v0_lld.obj (.text.UART_lld_writeDma)
                  7004bdc8    00000068                                                  : uart_v0_lld.obj (.text.UART_lld_readDma)
                  7004be30    00000068                                                  : uart_v0_lld.obj (.text.UART_lld_writeIntr)
                  7004be98    00000068     libc.a : atoi.c.obj (.text.atoi)
                  7004bf00    00000068     board.o (.text.digitalWrite)
                  7004bf68    00000066     nortos.am263px.r5f.ti-arm-clang.release.lib : PmuP_armv7r.obj (.text.pmu)
                  7004bfce    00000002     --HOLE-- [fill = 0]
                  7004bfd0    00000064     drivers.am263px.r5f.ti-arm-clang.release.lib : soc.obj (.text.SOC_controlModuleUnlockMMR)
                  7004c034    00000064     logger.o (.text.add_log)
                  7004c098    00000064     board.o (.text.init_interrupt)
                  7004c0fc    00000060     libsysbm.a : hostclose.c.obj (.text.HOSTclose)
                  7004c15c    0000005e     ti_board_open_close.o (.text.Board_ioexpOpen)
                  7004c1ba    0000005e     nortos.am263px.r5f.ti-arm-clang.release.lib : ClockP_nortos.obj (.text.ClockP_timerTickIsr)
                  7004c218    0000005e     drivers.am263px.r5f.ti-arm-clang.release.lib : mcspi_v0_lld.obj (.text.MCSPI_setChDataSize)
                  7004c276    00000002     --HOLE-- [fill = 0]
                  7004c278    0000005c                                                  : gpio.obj (.text.GPIO_setTrigType)
                  7004c2d4    0000005c                                                  : mcspi_v0_lld.obj (.text.MCSPI_configInstance)
                  7004c330    0000005c                                                  : soc.obj (.text.SOC_controlModuleLockMMR)
                  7004c38c    0000005c     nortos.am263px.r5f.ti-arm-clang.release.lib : DebugP_log.obj (.text._DebugP_assert)
                  7004c3e8    00000058     drivers.am263px.r5f.ti-arm-clang.release.lib : mcspi_dma_edma.obj (.text.MCSPI_edmaUpdateTransferParams)
                  7004c440    00000058     libc.a : fopen.c.obj (.text.__TI_cleanup)
                  7004c498    00000058     libsysbm.a : trgmsg.c.obj (.text.__TI_readmsg)
                  7004c4f0    00000058                : trgmsg.c.obj (.text.__TI_writemsg)
                  7004c548    00000058     logger.o (.text.print_pending_logs)
                  7004c5a0    00000056     nortos.am263px.r5f.ti-arm-clang.release.lib : ClockP_nortos.obj (.text.ClockP_getTimeUsec)
                  7004c5f6    00000056     drivers.am263px.r5f.ti-arm-clang.release.lib : uart_v0_lld.obj (.text.UART_intrDisable)
                  7004c64c    00000056                                                  : uart_v0_lld.obj (.text.UART_readCancelNoCB)
                  7004c6a2    00000056                                                  : uart_v0_lld.obj (.text.UART_writeCancelNoCB)
                  7004c6f8    00000054     ti_dpl_config.o (.text.Dpl_init)
                  7004c74c    00000054     libc.a : exit.c.obj (.text.exit)
                  7004c7a0    00000054            : getdevice.c.obj (.text.finddevice)
                  7004c7f4    00000054            : autoinit.c.obj (.text:__TI_auto_init_nobinit_nopinit)
                  7004c848    00000052     nortos.am263px.r5f.ti-arm-clang.release.lib : AddrTranslateP_32bit.obj (.text.AddrTranslateP_getLocalAddr)
                  7004c89a    00000052     drivers.am263px.r5f.ti-arm-clang.release.lib : i2c_v1.obj (.text.I2C_LLD_targetTransferCompleteCallback)
                  7004c8ec    00000052                                                  : mcspi_v0_lld.obj (.text.MCSPI_lld_deInitDma)
                  7004c93e    00000050     nortos.am263px.r5f.ti-arm-clang.release.lib : ClockP_nortos.obj (.text.ClockP_construct)
                  7004c98e    00000002     --HOLE-- [fill = 0]
                  7004c990    00000050     drivers.am263px.r5f.ti-arm-clang.release.lib : edma.obj (.text.EDMA_allocDmaChannel)
                  7004c9e0    00000050                                                  : edma.obj (.text.EDMA_allocParam)
                  7004ca30    00000050                                                  : edma.obj (.text.EDMA_allocTcc)
                  7004ca80    0000004e     nortos.am263px.r5f.ti-arm-clang.release.lib : ClockP_nortos.obj (.text.ClockP_addToList)
                  7004cace    0000004e     ti_drivers_open_close.o (.text.Drivers_edmaOpen)
                  7004cb1c    0000004e     ti_drivers_open_close.o (.text.Drivers_uartOpen)
                  7004cb6a    0000004e     drivers.am263px.r5f.ti-arm-clang.release.lib : edma.obj (.text.EDMA_disableChInShadowRegRegion)
                  7004cbb8    0000004c     ti_drivers_open_close.o (.text.Drivers_i2cOpen)
                  7004cc04    0000004c     drivers.am263px.r5f.ti-arm-clang.release.lib : mcspi_v0.obj (.text.MCSPI_transferCallback)
                  7004cc50    0000004c                                                  : mcspi_v0_lld.obj (.text.MCSPI_transferControllerIntr)
                  7004cc9c    0000004c                                                  : soc.obj (.text.SOC_enableAdcReferenceMonitor)
                  7004cce8    00000048                                                  : soc.obj (.text.SOC_enableAdcGlobalForce)
                  7004cd30    00000048                                                  : soc.obj (.text.SOC_enableAdcInternalReference)
                  7004cd78    00000048                                                  : uart_dma_edma.obj (.text.UART_edmaIsrRx)
                  7004cdc0    00000048     libsysbm.a : unlink.c.obj (.text.unlink)
                  7004ce08    00000046     drivers.am263px.r5f.ti-arm-clang.release.lib : uart_dma_edma.obj (.text.UART_edmaIsrTx)
                  7004ce4e    00000044                                                  : i2c_v1.obj (.text.I2C_completeCurrTransfer)
                  7004ce92    00000002     --HOLE-- [fill = 0]
                  7004ce94    00000044                                                  : soc.obj (.text.SOC_getAdcReferenceStatus)
                  7004ced8    00000044                                                  : uart_v0.obj (.text.UART_Params_init)
                  7004cf1c    00000044                                                  : uart_v0_lld.obj (.text.UART_lld_deInitDma)
                  7004cf60    00000040     nortos.am263px.r5f.ti-arm-clang.release.lib : ClockP_nortos.obj (.text.ClockP_stop)
                  7004cfa0    00000040     drivers.am263px.r5f.ti-arm-clang.release.lib : edma.obj (.text.EDMA_mapChToEvtQ)
                  7004cfe0    00000040                                                  : pinmux.obj (.text.Pinmux_config)
                  7004d020    00000040     nortos.am263px.r5f.ti-arm-clang.release.lib : SemaphoreP_nortos.obj (.text.SemaphoreP_constructBinary)
                  7004d060    00000040     drivers.am263px.r5f.ti-arm-clang.release.lib : uart_v0_lld.obj (.text.UART_lld_deInit)
                  7004d0a0    00000040     libc.a : memory.c.obj (.text.free_list_insert)
                  7004d0e0    0000003e     drivers.am263px.r5f.ti-arm-clang.release.lib : i2c_v1_lld.obj (.text.I2C_lld_transferInit)
                  7004d11e    0000003e     nortos.am263px.r5f.ti-arm-clang.release.lib : SemaphoreP_nortos.obj (.text.SemaphoreP_constructMutex)
                  7004d15c    0000003c     drivers.am263px.r5f.ti-arm-clang.release.lib : edma.obj (.text.EDMA_getBaseAddr)
                  7004d198    0000003c                                                  : uart_v0_lld.obj (.text.UART_readData)
                  7004d1d4    0000003a     nortos.am263px.r5f.ti-arm-clang.release.lib : ClockP_nortos.obj (.text.ClockP_destruct)
                  7004d20e    0000003a                                                 : DebugP_uartLogWriter.obj (.text.DebugP_uartLogWriterPutChar)
                  7004d248    0000003a     ti_power_clock_config.o (.text.Module_clockSetFrequency)
                  7004d282    0000003a     ioexp_tca6424.o (.text.TCA6424_open)
                  7004d2bc    0000003a     drivers.am263px.r5f.ti-arm-clang.release.lib : uart_v0_lld.obj (.text.UART_lld_flushTxFifo)
                  7004d2f6    00000002     --HOLE-- [fill = 0]
                  7004d2f8    00000038                                                  : soc_rcm.obj (.text.SOC_rcmADPLLJGetFOut)
                  7004d330    00000038     nortos.am263px.r5f.ti-arm-clang.release.lib : DebugP_nortos.obj (.text._DebugP_logZone)
                  7004d368    00000038                                                 : PmuP_armv7r_asm.obj (.text.pmu)
                  7004d3a0    00000036     drivers.am263px.r5f.ti-arm-clang.release.lib : edma.obj (.text.EDMA_clrMissEvtRegion)
                  7004d3d6    00000034     nortos.am263px.r5f.ti-arm-clang.release.lib : ClockP_nortos.obj (.text.ClockP_start)
                  7004d40a    00000002     --HOLE-- [fill = 0]
                  7004d40c    00000034     drivers.am263px.r5f.ti-arm-clang.release.lib : i2c_v1.obj (.text.I2C_init)
                  7004d440    00000034                                                  : mcspi_v0.obj (.text.MCSPI_errorCallback)
                  7004d474    00000034     ti_power_clock_config.o (.text.Module_clockDisable)
                  7004d4a8    00000034     ti_power_clock_config.o (.text.Module_clockEnable)
                  7004d4dc    00000034     drivers.am263px.r5f.ti-arm-clang.release.lib : soc.obj (.text.SOC_enableAdcDacLoopback)
                  7004d510    00000034                                                  : soc_rcm.obj (.text.SOC_rcmGetModuleClkDivVal)
                  7004d544    00000034     libc.a : memory.c.obj (.text.free_list_remove)
                  7004d578    00000034     libsysbm.a : lseek.c.obj (.text.lseek)
                  7004d5ac    00000034                : write.c.obj (.text.write)
                  7004d5e0    00000032     nortos.am263px.r5f.ti-arm-clang.release.lib : ClockP_nortos.obj (.text.ClockP_usleep)
                  7004d612    00000032     drivers.am263px.r5f.ti-arm-clang.release.lib : edma.obj (.text.EDMA_unmapChToEvtQ)
                  7004d644    00000032     nortos.am263px.r5f.ti-arm-clang.release.lib : SemaphoreP_nortos.obj (.text.SemaphoreP_post)
                  7004d676    00000030                                                 : DebugP_uartScanf.obj (.text.DebugP_scanf)
                  7004d6a6    00000030     drivers.am263px.r5f.ti-arm-clang.release.lib : i2c_v1_lld.obj (.text.I2CControllerInitExpClk)
                  7004d6d6    00000030                                                  : uart_v0.obj (.text.UART_lld_writeCompleteCallback)
                  7004d706    00000002     --HOLE-- [fill = 0]
                  7004d708    00000030     int_adc.o (.text.adc_to_current_LM74930)
                  7004d738    0000002e     drivers.am263px.r5f.ti-arm-clang.release.lib : edma.obj (.text.EDMA_enableChInShadowRegRegion)
                  7004d766    0000002e                                                  : i2c_v1_lld.obj (.text.I2C_lld_deInit)
                  7004d794    0000002e     ti_drivers_config.o (.text.System_init)
                  7004d7c2    0000002e     drivers.am263px.r5f.ti-arm-clang.release.lib : uart_v0.obj (.text.UART_lld_readCompleteCallback)
                  7004d7f0    0000002c     nortos.am263px.r5f.ti-arm-clang.release.lib : DebugP_shmLogReader.obj (.text.DebugP_shmLogReaderInit)
                  7004d81c    0000002c     drivers.am263px.r5f.ti-arm-clang.release.lib : i2c_v1.obj (.text.I2C_getHandle)
                  7004d848    0000002c                                                  : soc_rcm.obj (.text.SOC_rcmGetR5Clock)
                  7004d874    0000002c                                                  : uart_v0.obj (.text.UART_getHandle)
                  7004d8a0    0000002c     ADS_adc.o (.text.adc_to_current_HSS_MB)
                  7004d8cc    0000002c     ADS_adc.o (.text.adc_to_current_TPS)
                  7004d8f8    0000002c     libc.a : sscanf.c.obj (.text.vsscanf)
                  7004d924    00000028     nortos.am263px.r5f.ti-arm-clang.release.lib : ClockP_nortos.obj (.text.ClockP_sleepTicks)
                  7004d94c    00000028     drivers.am263px.r5f.ti-arm-clang.release.lib : gpio.obj (.text.GPIO_setDirMode)
                  7004d974    00000028                                                  : mcspi_v0_lld.obj (.text.MCSPI_fifoReadMultiWord)
                  7004d99c    00000028                                                  : soc.obj (.text.SOC_moduleSetClockFrequency)
                  7004d9c4    00000028     ADS_adc.o (.text.read_ext_ADC)
                  7004d9ec    00000026     nortos.am263px.r5f.ti-arm-clang.release.lib : ClockP_nortos.obj (.text.ClockP_sleep)
                  7004da12    00000026     drivers.am263px.r5f.ti-arm-clang.release.lib : edma.obj (.text.EDMA_setPaRAM)
                  7004da38    00000026                                                  : i2c_v1_lld.obj (.text.I2C_lld_transferIntr)
                  7004da5e    00000026                                                  : i2c_v1_lld.obj (.text.I2C_lld_transferPoll)
                  7004da84    00000026                                                  : uart_dma_edma.obj (.text.UART_lld_dmaDisableChannel)
                  7004daaa    00000024                                                  : mcspi_v0_lld.obj (.text.MCSPI_fifoWriteMultiWord)
                  7004dace    00000002     --HOLE-- [fill = 0]
                  7004dad0    00000024                                                  : uart_v0_lld.obj (.text.UART_IsHWFlowCtrlValid)
                  7004daf4    00000024                                                  : uart_v0_lld.obj (.text.UART_IsRxTrigLvlValid)
                  7004db18    00000024                                                  : uart_v0_lld.obj (.text.UART_IsTxTrigLvlValid)
                  7004db3c    00000024     libclang_rt.builtins.a : aeabi_uldivmod.S.obj (.text.__aeabi_uldivmod)
                  7004db60    00000024     int_adc.o (.text.int_adc_to_voltage)
                  7004db84    00000024     nortos.am263px.r5f.ti-arm-clang.release.lib : printf.obj (.text.vprintf_)
                  7004dba8    00000022     drivers.am263px.r5f.ti-arm-clang.release.lib : edma.obj (.text.EDMA_linkChannel)
                  7004dbca    00000022                                                  : mcspi_v0_lld.obj (.text.MCSPI_transferPeripheralIntr)
                  7004dbec    00000022     ti_drivers_config.o (.text.System_deinit)
                  7004dc0e    00000022     logger.o (.text.print_logs)
                  7004dc30    00000020     nortos.am263px.r5f.ti-arm-clang.release.lib : DebugP_log.obj (.text.DebugP_logZoneEnable)
                  7004dc50    00000020     drivers.am263px.r5f.ti-arm-clang.release.lib : i2c_v1_lld.obj (.text.I2C_lld_Message_init)
                  7004dc70    00000020                                                  : mcspi_v0_lld.obj (.text.MCSPI_fifoRead32)
                  7004dc90    00000020     nortos.am263px.r5f.ti-arm-clang.release.lib : TimerP_rti_priv.obj (.text.TimerP_Params_initPriv)
                  7004dcb0    00000020     drivers.am263px.r5f.ti-arm-clang.release.lib : uart_v0_lld.obj (.text.UART_getChar)
                  7004dcd0    0000001e     ti_board_open_close.o (.text.Board_driversOpen)
                  7004dcee    0000001e     ioexp_tca6424.o (.text.TCA6424_close)
                  7004dd0c    0000001e     drivers.am263px.r5f.ti-arm-clang.release.lib : uart_v0_lld.obj (.text.UART_spaceAvail)
                  7004dd2a    0000001e                                                  : uart_v0_lld.obj (.text.UART_statusIsDataReady)
                  7004dd48    0000001c                                                  : i2c_v1.obj (.text.I2C_hwiFxn)
                  7004dd64    0000001c                                                  : mcspi_v0_lld.obj (.text.MCSPI_fifoWrite32)
                  7004dd80    0000001c                                                  : mcspi_v0_lld.obj (.text.MCSPI_getFifoTrigLvl)
                  7004dd9c    0000001c                                                  : mcspi_v0_lld.obj (.text.MCSPI_lld_deInit)
                  7004ddb8    0000001c                                                  : soc_rcm.obj (.text.SOC_rcmIsR5FInLockStepMode)
                  7004ddd4    0000001c     libc.a : sscanf.c.obj (.text._inpchar)
                  7004ddf0    0000001c     main.o (.text.main)
                  7004de0c    0000001c     libsysbm.a : hostrename.c.obj (.text.strcpy)
                  7004de28    0000001c                : hostrename.c.obj (.text.strlen)
                  7004de44    0000001c     libc.a : memcpy32.S.obj (.text:TI_memcpy_small)
                  7004de60    0000001a     nortos.am263px.r5f.ti-arm-clang.release.lib : CpuId_armv7r.obj (.text.CSL_armR5GetCpuID)
                  7004de7a    0000001a     drivers.am263px.r5f.ti-arm-clang.release.lib : edma.obj (.text.EDMA_readEventStatusRegion)
                  7004de94    0000001a                                                  : uart_v0_lld.obj (.text.UART_enhanFuncEnable)
                  7004deae    00000002     --HOLE-- [fill = 0]
                  7004deb0    00000018                                                  : i2c_v1.obj (.text.I2C_deinit)
                  7004dec8    00000018                                                  : mcspi_v0.obj (.text.MCSPI_deinit)
                  7004dee0    00000018                                                  : mcspi_dma_edma.obj (.text.MCSPI_lld_dmaInit)
                  7004def8    00000018     nortos.am263px.r5f.ti-arm-clang.release.lib : TimerP_rti_priv.obj (.text.TimerP_getCountPriv)
                  7004df10    00000018     drivers.am263px.r5f.ti-arm-clang.release.lib : uart_v0.obj (.text.UART_deinit)
                  7004df28    00000018     logger.o (.text.clear_logs)
                  7004df40    00000018     libc.a : memset32.S.obj (.text:TI_memset_small)
                  7004df58    00000016     drivers.am263px.r5f.ti-arm-clang.release.lib : i2c_v1_lld.obj (.text.I2C_lld_Transaction_init)
                  7004df6e    00000016                                                  : mcspi_v0_lld.obj (.text.MCSPI_reset)
                  7004df84    00000016                                                  : uart_v0_lld.obj (.text.UART_IsTxRxFifoEmpty)
                  7004df9a    00000016                                                  : uart_v0_lld.obj (.text.UART_getIntrIdentityStatus)
                  7004dfb0    00000016                                                  : uart_v0_lld.obj (.text.UART_getRxError)
                  7004dfc6    00000014     nortos.am263px.r5f.ti-arm-clang.release.lib : ClockP_nortos.obj (.text.ClockP_usecToTicks)
                  7004dfda    00000014     drivers.am263px.r5f.ti-arm-clang.release.lib : edma.obj (.text.EDMA_getRegionId)
                  7004dfee    00000014                                                  : uart_v0.obj (.text.UART_Transaction_init)
                  7004e002    00000014                                                  : uart_v0_lld.obj (.text.UART_enhanFuncBitValRestore)
                  7004e016    00000012                                                  : adc.obj (.text.ADC_setMode)
                  7004e028    00000012                                                  : i2c_v1.obj (.text.I2C_LLD_transferCompleteCallback)
                  7004e03a    00000012                                                  : uart_v0_lld.obj (.text.UART_hardwareFlowCtrlOptSet)
                  7004e04c    00000012                                                  : uart_v0_lld.obj (.text.UART_operatingModeSelect)
                  7004e05e    00000012                                                  : uart_v0_lld.obj (.text.UART_readLineStatus)
                  7004e070    00000012     ti_dpl_config.o (.text.putchar_)
                  7004e082    00000010     drivers.am263px.r5f.ti-arm-clang.release.lib : gpio.obj (.text.GPIO_bankIntrDisable)
                  7004e092    00000010                                                  : uart_v0_lld.obj (.text.UART_intr2Disable)
                  7004e0a2    00000002     --HOLE-- [fill = 0]
                  7004e0a4    00000010     libclang_rt.builtins.a : aeabi_memset.S.obj (.text.__aeabi_memset)
                  7004e0b4    00000010     libc.a : sscanf.c.obj (.text._uninpchar)
                  7004e0c4    00000010            : fputc.c.obj (.text.putchar)
                  7004e0d4    0000000e     drivers.am263px.r5f.ti-arm-clang.release.lib : edma.obj (.text.EDMA_ccPaRAMEntry_init)
                  7004e0e2    0000000e                                                  : gpio.obj (.text.GPIO_bankIntrEnable)
                  7004e0f0    0000000e                                                  : i2c_v1.obj (.text.I2C_transferCallback)
                  7004e0fe    0000000e     ti_pinmux_config.o (.text.Pinmux_init)
                  7004e10c    0000000e     ti_power_clock_config.o (.text.PowerClock_init)
                  7004e11a    0000000c     nortos.am263px.r5f.ti-arm-clang.release.lib : ClockP_nortos.obj (.text.ClockP_getTicks)
                  7004e126    0000000c                                                 : DebugP_uartLogWriter.obj (.text.DebugP_uartSetDrvIndex)
                  7004e132    0000000c     drivers.am263px.r5f.ti-arm-clang.release.lib : edma.obj (.text.EDMA_isInitialized)
                  7004e13e    00000002     --HOLE-- [fill = 0]
                  7004e140    0000000c                                                  : i2c_v1.obj (.text.I2C_Transaction_init)
                  7004e14c    0000000c                                                  : soc.obj (.text.SOC_getSelfCpuClk)
                  7004e158    0000000c     ioexp_tca6424.o (.text.TCA6424_Params_init)
                  7004e164    0000000c     libc.a : aeabi_portable.c.obj (.text.__aeabi_errno_addr)
                  7004e170    0000000c     libclang_rt.builtins.a : aeabi_memset.S.obj (.text.__aeabi_memclr)
                  7004e17c    0000000c     libc.a : memory.c.obj (.text.malloc)
                  7004e188    0000000c     nortos.am263px.r5f.ti-arm-clang.release.lib : CpuId_armv7r_asm.obj (.text)
                  7004e194    0000000a                                                 : ClockP_nortos.obj (.text.ClockP_Params_init)
                  7004e19e    00000002     --HOLE-- [fill = 0]
                  7004e1a0    0000000c     libc.a : strcmp32.S.obj (.text)
                  7004e1ac    0000000a     nortos.am263px.r5f.ti-arm-clang.release.lib : ClockP_nortos.obj (.text.ClockP_isActive)
                  7004e1b6    0000000a                                                 : TimerP_rti_priv.obj (.text.TimerP_getReloadCountPriv)
                  7004e1c0    0000000a                                                 : TimerP_rti_priv.obj (.text.TimerP_startPriv)
                  7004e1ca    0000000a     drivers.am263px.r5f.ti-arm-clang.release.lib : uart_v0_lld.obj (.text.UART_lld_Transaction_deInit)
                  7004e1d4    00000008     libsysbm.a : hostexit.c.obj (.text.HOSTexit)
                  7004e1dc    00000008     nortos.am263px.r5f.ti-arm-clang.release.lib : TimerP_rti_priv.obj (.text.TimerP_clearOverflowIntPriv)
                  7004e1e4    00000008                                                 : printf.obj (.text._out_char)
                  7004e1ec    00000006     drivers.am263px.r5f.ti-arm-clang.release.lib : edma.obj (.text.EDMA_isInterruptEnabled)
                  7004e1f2    00000006                                                  : soc.obj (.text.SOC_moduleClockEnable)
                  7004e1f8    00000006                                                  : soc_rcm.obj (.text.SOC_rcmGetCR5SysclkInFrequency)
                  7004e1fe    00000004     nortos.am263px.r5f.ti-arm-clang.release.lib : ClockP_nortos_r5.obj (.text.ClockP_timerClearOverflowInt)
                  7004e202    00000004     ti_power_clock_config.o (.text.PowerClock_deinit)
                  7004e206    00000004     nortos.am263px.r5f.ti-arm-clang.release.lib : TimerP_rti_nortos.obj (.text.TimerP_Params_init)
                  7004e20a    00000004                                                 : TimerP_rti_nortos.obj (.text.TimerP_clearOverflowInt)
                  7004e20e    00000004                                                 : TimerP_rti_nortos.obj (.text.TimerP_getCount)
                  7004e212    00000004                                                 : TimerP_rti_nortos.obj (.text.TimerP_getReloadCount)
                  7004e216    00000004                                                 : TimerP_rti_nortos.obj (.text.TimerP_setup)
                  7004e21a    00000004                                                 : TimerP_rti_nortos.obj (.text.TimerP_start)
                  7004e21e    00000002     --HOLE-- [fill = 0]
                  7004e220    00000004     libclang_rt.builtins.a : aeabi_div0.c.obj (.text.__aeabi_idiv0)
                  7004e224    00000004                            : aeabi_div0.c.obj (.text.__aeabi_ldiv0)
                  7004e228    00000004                            : aeabi_memcpy.S.obj (.text.__aeabi_memcpy)
                  7004e22c    00000004     libc.a : _lock.c.obj (.text._nop)
                  7004e230    00000004            : fseek.c.obj (.text.fseek)
                  7004e234    00000004     libsysbm.a : remove.c.obj (.text.remove)
                  7004e238    00000008     libclang_rt.builtins.a : aeabi_memcpy.S.obj (.tramp.__aeabi_memcpy.1)
                  7004e240    00000008     nortos.am263px.r5f.ti-arm-clang.release.lib : HwiP_armv7r_asm.obj (.tramp.HwiP_restore.1)
                  7004e248    00000008                                                 : HwiP_armv7r_asm.obj (.tramp.HwiP_enable.1)
                  7004e250    00000008                                                 : PmuP_armv7r_asm.obj (.tramp.PmuP_setUserEnable.1)
                  7004e258    00000008                                                 : PmuP_armv7r_asm.obj (.tramp.PmuP_enableCounters.1)

.rodata    0    7004e260    00001ea0     
                  7004e260    000004b0     testing.o (.rodata.test_results)
                  7004e710    00000101     libc.a : aeabi_ctype.S.obj (.rodata:__aeabi_ctype_table_)
                  7004e811    00000096     testing.o (.rodata.test_cases)
                  7004e8a7    00000001     logger.o (.rodata.str1.11170080405929493601.1)
                  7004e8a8    00000080     libc.a : strtod.c.obj (.rodata.digits)
                  7004e928    0000007a     ti_drivers_open_close.o (.rodata.str1.14200658025495415368.1)
                  7004e9a2    00000002     --HOLE-- [fill = 0]
                  7004e9a4    00000074     ti_dpl_config.o (.rodata.cfg)
                  7004ea18    00000051     drivers.am263px.r5f.ti-arm-clang.release.lib : mcspi_v0.obj (.rodata.str1.26396439823528435241)
                  7004ea69    00000007     libc.a : _scanfi.c.obj (.rodata._sproc_int.flit)
                  7004ea70    00000050     nortos.am263px.r5f.ti-arm-clang.release.lib : printf.obj (.rodata._ftoa.pow10)
                  7004eac0    00000048     drivers.am263px.r5f.ti-arm-clang.release.lib : soc_rcm.obj (.rodata.gADPLLJConfigTbl)
                  7004eb08    00000048     libc.a : strtod.c.obj (.rodata.powerof10)
                  7004eb50    00000048     drivers.am263px.r5f.ti-arm-clang.release.lib : mcspi_v0_lld.obj (.rodata.str1.97363132707188488161)
                  7004eb98    0000003d     nortos.am263px.r5f.ti-arm-clang.release.lib : TimerP_rti_priv.obj (.rodata.str1.72163963154704191671)
                  7004ebd5    0000003b     testing.o (.rodata.str1.13902908763734703229.1)
                  7004ec10    0000003b     logger.o (.rodata.str1.15765208293925770228.1)
                  7004ec4b    0000003b     testing.o (.rodata.str1.17746360623054601515.1)
                  7004ec86    0000003b     testing.o (.rodata.str1.9663668549545128397.1)
                  7004ecc1    0000003a     testing.o (.rodata.str1.13404232100597892824.1)
                  7004ecfb    0000003a     testing.o (.rodata.str1.14475428689845802839.1)
                  7004ed35    0000003a     testing.o (.rodata.str1.5333103860067079182.1)
                  7004ed6f    00000039     testing.o (.rodata.str1.12712981990626671882.1)
                  7004eda8    00000038     testing.o (.rodata.str1.13271957185734089466.1)
                  7004ede0    00000038     testing.o (.rodata.str1.1809024094263384077.1)
                  7004ee18    00000038     ti_drivers_open_close.o (.rodata.str1.2554706296470369595.1)
                  7004ee50    00000038     testing.o (.rodata.str1.9646216584914662902.1)
                  7004ee88    00000037     testing.o (.rodata.str1.12934025152450101698.1)
                  7004eebf    00000037     testing.o (.rodata.str1.13753495736459524521.1)
                  7004eef6    00000037     nortos.am263px.r5f.ti-arm-clang.release.lib : SemaphoreP_nortos.obj (.rodata.str1.52751030918495836841)
                  7004ef2d    00000037     testing.o (.rodata.str1.912323090116748061.1)
                  7004ef64    00000036     ti_drivers_open_close.o (.rodata.str1.10252002122772422448.1)
                  7004ef9a    00000036     testing.o (.rodata.str1.1765844212525536965.1)
                  7004efd0    00000036     testing.o (.rodata.str1.9310835370192816021.1)
                  7004f006    00000035     ti_drivers_open_close.o (.rodata.str1.17551203406305493380.1)
                  7004f03b    00000035     ti_drivers_open_close.o (.rodata.str1.17665391694225509261.1)
                  7004f070    00000033     testing.o (.rodata.str1.8696649377706721793.1)
                  7004f0a3    00000032     drivers.am263px.r5f.ti-arm-clang.release.lib : adc.obj (.rodata.str1.104222482920253680151)
                  7004f0d5    00000032                                                  : adc.obj (.rodata.str1.137023953294967812531)
                  7004f107    00000001     --HOLE-- [fill = 0]
                  7004f108    00000030     logger.o (.rodata..Lswitch.table.print_log.27)
                  7004f138    00000030     ti_drivers_open_close.o (.rodata.str1.5293217666052239616.1)
                  7004f168    0000002e     nortos.am263px.r5f.ti-arm-clang.release.lib : ClockP_nortos.obj (.rodata.str1.39419159632632580371)
                  7004f196    00000002     --HOLE-- [fill = 0]
                  7004f198    0000002c     drivers.am263px.r5f.ti-arm-clang.release.lib : i2c_v1.obj (.rodata.I2C_defaultTransaction)
                  7004f1c4    0000002a     logger.o (.rodata.str1.6697840596852582545.1)
                  7004f1ee    0000002a     nortos.am263px.r5f.ti-arm-clang.release.lib : DebugP_log.obj (.rodata.str1.8882360920750446361)
                  7004f218    00000028     ti_drivers_open_close.o (.rodata.str1.1596297266130340916.1)
                  7004f240    00000028     ti_drivers_open_close.o (.rodata.str1.16112177131852734107.1)
                  7004f268    00000027     nortos.am263px.r5f.ti-arm-clang.release.lib : ClockP_nortos_r5.obj (.rodata.str1.91622226613999981811)
                  7004f28f    00000025     ti_board_open_close.o (.rodata.str1.12245025114167949655.1)
                  7004f2b4    00000025     ti_drivers_open_close.o (.rodata.str1.7750254725308216577.1)
                  7004f2d9    00000024     testing.o (.rodata.str1.1448113453728135492.1)
                  7004f2fd    00000024     drivers.am263px.r5f.ti-arm-clang.release.lib : edma.obj (.rodata.str1.164918382464449145851)
                  7004f321    00000023     ti_drivers_open_close.o (.rodata.str1.10490786615736436564.1)
                  7004f344    00000023     nortos.am263px.r5f.ti-arm-clang.release.lib : ClockP_nortos_r5.obj (.rodata.str1.136646522816104227591)
                  7004f367    00000023     drivers.am263px.r5f.ti-arm-clang.release.lib : soc_rcm.obj (.rodata.str1.15813086600912413471)
                  7004f38a    00000023     ti_board_open_close.o (.rodata.str1.760704006985994805.1)
                  7004f3ad    00000022     drivers.am263px.r5f.ti-arm-clang.release.lib : edma.obj (.rodata.str1.6611792697437713481)
                  7004f3cf    00000021     nortos.am263px.r5f.ti-arm-clang.release.lib : ClockP_nortos_r5.obj (.rodata.str1.99041146818411950391)
                  7004f3f0    00000020     drivers.am263px.r5f.ti-arm-clang.release.lib : uart_v0_lld.obj (.rodata.cst32)
                  7004f410    00000020     PDMtesting.o (.rodata.str1.10015848951539402881.1)
                  7004f430    00000020     drivers.am263px.r5f.ti-arm-clang.release.lib : uart_v0.obj (.rodata.str1.150767988884773108331)
                  7004f450    0000001f     board.o (.rodata.str1.10881007155619371109.1)
                  7004f46f    0000001f     board.o (.rodata.str1.123550804358397101.1)
                  7004f48e    0000001f     board.o (.rodata.str1.13738757807042593414.1)
                  7004f4ad    0000001f     board.o (.rodata.str1.14465880841147386111.1)
                  7004f4cc    0000001f     logger.o (.rodata.str1.14867204177169952558.1)
                  7004f4eb    0000001f     board.o (.rodata.str1.1510811462892085231.1)
                  7004f50a    0000001f     board.o (.rodata.str1.16077883977509950417.1)
                  7004f529    0000001f     board.o (.rodata.str1.1696272589420159480.1)
                  7004f548    0000001f     board.o (.rodata.str1.18250802514644841805.1)
                  7004f567    0000001f     nortos.am263px.r5f.ti-arm-clang.release.lib : SemaphoreP_nortos.obj (.rodata.str1.25281168886080794691)
                  7004f586    0000001f                                                 : ClockP_nortos_r5.obj (.rodata.str1.25349503636762439021)
                  7004f5a5    0000001f     board.o (.rodata.str1.5436337271421848948.1)
                  7004f5c4    0000001f     board.o (.rodata.str1.673658226405435322.1)
                  7004f5e3    0000001f     ti_drivers_open_close.o (.rodata.str1.871795152488895636.1)
                  7004f602    0000001f     board.o (.rodata.str1.9045895231722895584.1)
                  7004f621    0000001f     board.o (.rodata.str1.9461189164499355904.1)
                  7004f640    0000001e     board.o (.rodata.str1.10345935079445805060.1)
                  7004f65e    0000001e     drivers.am263px.r5f.ti-arm-clang.release.lib : mcspi_v0.obj (.rodata.str1.144400815220210358851)
                  7004f67c    0000001e     board.o (.rodata.str1.6418571003999367838.1)
                  7004f69a    0000001e     board.o (.rodata.str1.6840234256597642108.1)
                  7004f6b8    0000001e     board.o (.rodata.str1.9453984286452795027.1)
                  7004f6d6    0000001d     nortos.am263px.r5f.ti-arm-clang.release.lib : TimerP_rti_priv.obj (.rodata.str1.114219152040444562951)
                  7004f6f3    0000001d                                                 : TimerP_rti_priv.obj (.rodata.str1.125174968193178473681)
                  7004f710    0000001d     ti_drivers_open_close.o (.rodata.str1.13083909648175487149.1)
                  7004f72d    0000001d     drivers.am263px.r5f.ti-arm-clang.release.lib : uart_v0.obj (.rodata.str1.142814395268246240721)
                  7004f74a    0000001d                                                  : mcspi_v0.obj (.rodata.str1.171925388543524077211)
                  7004f767    0000001d     nortos.am263px.r5f.ti-arm-clang.release.lib : TimerP_rti_priv.obj (.rodata.str1.27974953896521033811)
                  7004f784    0000001c     logger.o (.rodata.str1.10253156068257962407.1)
                  7004f7a0    0000001c     logger.o (.rodata.str1.12893940535876439382.1)
                  7004f7bc    0000001c     logger.o (.rodata.str1.16946937258229686214.1)
                  7004f7d8    0000001b     logger.o (.rodata.str1.10289081750774512625.1)
                  7004f7f3    0000001b     drivers.am263px.r5f.ti-arm-clang.release.lib : edma.obj (.rodata.str1.16266241636797238661)
                  7004f80e    0000001b     nortos.am263px.r5f.ti-arm-clang.release.lib : ClockP_nortos.obj (.rodata.str1.47646432807403639741)
                  7004f829    0000001b     ti_drivers_open_close.o (.rodata.str1.5509699957385355460.1)
                  7004f844    0000001b     logger.o (.rodata.str1.6452265960373237926.1)
                  7004f85f    0000001a     drivers.am263px.r5f.ti-arm-clang.release.lib : edma.obj (.rodata.str1.124702968117785801901)
                  7004f879    0000001a     nortos.am263px.r5f.ti-arm-clang.release.lib : ClockP_nortos_r5.obj (.rodata.str1.133203246495064227641)
                  7004f893    0000001a     drivers.am263px.r5f.ti-arm-clang.release.lib : soc_rcm.obj (.rodata.str1.153801437654618082741)
                  7004f8ad    0000001a                                                  : mcspi_v0.obj (.rodata.str1.169212516063846095031)
                  7004f8c7    0000001a                                                  : i2c_v1.obj (.rodata.str1.65627606760091541251)
                  7004f8e1    0000001a     board.o (.rodata.str1.9440741161207462191.1)
                  7004f8fb    0000001a     drivers.am263px.r5f.ti-arm-clang.release.lib : mcspi_v0.obj (.rodata.str1.99640994410596514241)
                  7004f915    00000019     ti_drivers_open_close.o (.rodata.str1.14059614886583751700.1)
                  7004f92e    00000019     nortos.am263px.r5f.ti-arm-clang.release.lib : TimerP_rti_priv.obj (.rodata.str1.160914699991520874261)
                  7004f947    00000019     ti_drivers_open_close.o (.rodata.str1.7332975063418302059.1)
                  7004f960    00000018     drivers.am263px.r5f.ti-arm-clang.release.lib : soc.obj (.rodata..Lswitch.table.SOC_getAdcReferenceStatus)
                  7004f978    00000018                                                  : i2c_v1_lld.obj (.rodata.I2C_lld_defaultMessage)
                  7004f990    00000018                                                  : soc_rcm.obj (.rodata.gControlssPllClkSrcValMap)
                  7004f9a8    00000018                                                  : soc_rcm.obj (.rodata.gCptsClkSrcValMap)
                  7004f9c0    00000018                                                  : soc_rcm.obj (.rodata.gI2cClkSrcValMap)
                  7004f9d8    00000018                                                  : soc_rcm.obj (.rodata.gLinUartClkSrcValMap)
                  7004f9f0    00000018                                                  : soc_rcm.obj (.rodata.gPeripheralClkSrcInfoMap)
                  7004fa08    00000018                                                  : soc_rcm.obj (.rodata.gRtiClkSrcValMap)
                  7004fa20    00000018                                                  : soc_rcm.obj (.rodata.gWdtClkSrcValMap)
                  7004fa38    00000018                                                  : i2c_v1.obj (.rodata.str1.10394555129776590081)
                  7004fa50    00000018                                                  : i2c_v1.obj (.rodata.str1.145046381417982596211)
                  7004fa68    00000018                                                  : i2c_v1.obj (.rodata.str1.146157486204483244751)
                  7004fa80    00000018     logger.o (.rodata.str1.516959638814628545.1)
                  7004fa98    00000018     logger.o (.rodata.str1.5671237403414969566.1)
                  7004fab0    00000018     logger.o (.rodata.str1.887488774559121338.1)
                  7004fac8    00000018     drivers.am263px.r5f.ti-arm-clang.release.lib : uart_v0.obj (.rodata.str1.9069738176458784971)
                  7004fae0    00000018     logger.o (.rodata.str1.998270875404085501.1)
                  7004faf8    00000017     ADS_adc.o (.rodata.str1.10043506777178288082.1)
                  7004fb0f    00000017     logger.o (.rodata.str1.10127394157737690499.1)
                  7004fb26    00000017     drivers.am263px.r5f.ti-arm-clang.release.lib : soc_rcm.obj (.rodata.str1.141251745167226470741)
                  7004fb3d    00000017     ti_drivers_open_close.o (.rodata.str1.1628183244885117158.1)
                  7004fb54    00000017     logger.o (.rodata.str1.9485715002722841782.1)
                  7004fb6b    00000016     PDMtesting.o (.rodata.str1.10577412323663350067.1)
                  7004fb81    00000016     drivers.am263px.r5f.ti-arm-clang.release.lib : soc_rcm.obj (.rodata.str1.107645048611228328791)
                  7004fb97    00000016     PDMtesting.o (.rodata.str1.12143205621091433229.1)
                  7004fbad    00000016     logger.o (.rodata.str1.1246197995540081341.1)
                  7004fbc3    00000016     logger.o (.rodata.str1.14246187852812087945.1)
                  7004fbd9    00000016     drivers.am263px.r5f.ti-arm-clang.release.lib : soc_rcm.obj (.rodata.str1.177369307189295936511)
                  7004fbef    00000016                                                  : soc_rcm.obj (.rodata.str1.63555232926284281011)
                  7004fc05    00000016                                                  : mcspi_v0.obj (.rodata.str1.85423015064808713541)
                  7004fc1b    00000015     ti_drivers_open_close.o (.rodata.str1.11521962449680083383.1)
                  7004fc30    00000015     drivers.am263px.r5f.ti-arm-clang.release.lib : edma.obj (.rodata.str1.149652404363315708211)
                  7004fc45    00000015     ti_drivers_open_close.o (.rodata.str1.17912154466570466874.1)
                  7004fc5a    00000015     drivers.am263px.r5f.ti-arm-clang.release.lib : adc.obj (.rodata.str1.20431844208594508061)
                  7004fc6f    00000015     nortos.am263px.r5f.ti-arm-clang.release.lib : SemaphoreP_nortos.obj (.rodata.str1.30861210816963497001)
                  7004fc84    00000015     logger.o (.rodata.str1.8545315102583907144.1)
                  7004fc99    00000014     drivers.am263px.r5f.ti-arm-clang.release.lib : mcspi_v0_lld.obj (.rodata.str1.147988882001261723701)
                  7004fcad    00000014                                                  : edma.obj (.rodata.str1.176595599180530855901)
                  7004fcc1    00000014                                                  : mcspi_v0.obj (.rodata.str1.34611452835214624521)
                  7004fcd5    00000014     ti_drivers_open_close.o (.rodata.str1.3622116258035701796.1)
                  7004fce9    00000014     drivers.am263px.r5f.ti-arm-clang.release.lib : edma.obj (.rodata.str1.41785049815304208531)
                  7004fcfd    00000014                                                  : edma.obj (.rodata.str1.93700429500326477781)
                  7004fd11    00000013                                                  : soc_rcm.obj (.rodata.str1.30734103837947208761)
                  7004fd24    00000013     testing.o (.rodata.str1.761491514650110821.1)
                  7004fd37    00000013     testing.o (.rodata.str1.8954517940817656586.1)
                  7004fd4a    00000013     drivers.am263px.r5f.ti-arm-clang.release.lib : uart_v0.obj (.rodata.str1.9980655952161290391)
                  7004fd5d    00000012                                                  : uart_v0.obj (.rodata.str1.166492982902436568231)
                  7004fd6f    00000012                                                  : uart_v0.obj (.rodata.str1.171120843061886446841)
                  7004fd81    00000012                                                  : edma.obj (.rodata.str1.41579851849113419871)
                  7004fd93    00000012     ti_drivers_open_close.o (.rodata.str1.6538372684047993024.1)
                  7004fda5    00000012     drivers.am263px.r5f.ti-arm-clang.release.lib : soc_rcm.obj (.rodata.str1.67217821191364965911)
                  7004fdb7    00000011                                                  : edma.obj (.rodata.str1.117215064595961288031)
                  7004fdc8    00000011     ti_drivers_open_close.o (.rodata.str1.12213835641041270557.1)
                  7004fdd9    00000011     logger.o (.rodata.str1.13406532556922755089.1)
                  7004fdea    00000011     drivers.am263px.r5f.ti-arm-clang.release.lib : uart_v0.obj (.rodata.str1.16967668833904919061)
                  7004fdfb    00000011                                                  : edma.obj (.rodata.str1.28692048193800818901)
                  7004fe0c    00000011     nortos.am263px.r5f.ti-arm-clang.release.lib : ClockP_nortos.obj (.rodata.str1.37923443167824241621)
                  7004fe1d    00000011                                                 : TimerP_rti_priv.obj (.rodata.str1.44101942245516082551)
                  7004fe2e    00000011     logger.o (.rodata.str1.4633242734696342979.1)
                  7004fe3f    00000011     ti_drivers_open_close.o (.rodata.str1.6292539624901818759.1)
                  7004fe50    00000010     drivers.am263px.r5f.ti-arm-clang.release.lib : soc.obj (.rodata.cst16)
                  7004fe60    00000010                                                  : mcspi_v0.obj (.rodata.str1.153145657127816401141)
                  7004fe70    00000010     ti_drivers_open_close.o (.rodata.str1.15574074207268991336.1)
                  7004fe80    00000010     drivers.am263px.r5f.ti-arm-clang.release.lib : edma.obj (.rodata.str1.18778444954996405781)
                  7004fe90    00000010                                                  : i2c_v1.obj (.rodata.str1.55879311564180241041)
                  7004fea0    00000010     ti_drivers_open_close.o (.rodata.str1.6437641722977580707.1)
                  7004feb0    0000000f     drivers.am263px.r5f.ti-arm-clang.release.lib : edma.obj (.rodata.str1.111354322338949310841)
                  7004febf    0000000f                                                  : edma.obj (.rodata.str1.144551280152329776181)
                  7004fece    0000000f                                                  : i2c_v1.obj (.rodata.str1.20248951868514646131)
                  7004fedd    0000000f                                                  : edma.obj (.rodata.str1.2759273541325923811)
                  7004feec    0000000f                                                  : mcspi_v0.obj (.rodata.str1.43973954253821070511)
                  7004fefb    0000000f     board.o (.rodata.str1.834004997606947946.1)
                  7004ff0a    0000000f     drivers.am263px.r5f.ti-arm-clang.release.lib : edma.obj (.rodata.str1.92547749779646142691)
                  7004ff19    0000000e                                                  : edma.obj (.rodata.str1.19244332700943948511)
                  7004ff27    0000000e                                                  : edma.obj (.rodata.str1.46057082369026546831)
                  7004ff35    0000000e                                                  : edma.obj (.rodata.str1.46782315602798139861)
                  7004ff43    0000000e     ti_drivers_open_close.o (.rodata.str1.5205884736402799790.1)
                  7004ff51    0000000d     ti_drivers_open_close.o (.rodata.str1.10450075619424269387.1)
                  7004ff5e    0000000d     drivers.am263px.r5f.ti-arm-clang.release.lib : edma.obj (.rodata.str1.121775923823351643201)
                  7004ff6b    0000000d     ti_drivers_open_close.o (.rodata.str1.16905510790704221133.1)
                  7004ff78    0000000d     nortos.am263px.r5f.ti-arm-clang.release.lib : TimerP_rti_priv.obj (.rodata.str1.31870447354226168941)
                  7004ff85    0000000d     drivers.am263px.r5f.ti-arm-clang.release.lib : adc.obj (.rodata.str1.70150695697723348971)
                  7004ff92    0000000d     testing.o (.rodata.str1.9119961215068324276.1)
                  7004ff9f    00000001     --HOLE-- [fill = 0]
                  7004ffa0    0000000c     drivers.am263px.r5f.ti-arm-clang.release.lib : mcspi_v0_lld.obj (.rodata..Lswitch.table.MCSPI_lld_controllerIsr.1)
                  7004ffac    0000000c                                                  : mcspi_v0_lld.obj (.rodata..Lswitch.table.MCSPI_lld_controllerIsr)
                  7004ffb8    0000000c                                                  : soc.obj (.rodata..Lswitch.table.SOC_enableAdcReferenceMonitor)
                  7004ffc4    0000000c     logger.o (.rodata..Lswitch.table.print_log)
                  7004ffd0    0000000c     nortos.am263px.r5f.ti-arm-clang.release.lib : ClockP_nortos_r5.obj (.rodata.str1.177642182983587376931)
                  7004ffdc    0000000c     drivers.am263px.r5f.ti-arm-clang.release.lib : mcspi_v0.obj (.rodata.str1.69169362540279301091)
                  7004ffe8    0000000c                                                  : edma.obj (.rodata.str1.73371482538137472541)
                  7004fff4    0000000c     logger.o (.rodata.str1.7498274428696469886.1)
                  70050000    0000000b     board.o (.rodata.str1.15102135329570516791.1)
                  7005000b    0000000b     drivers.am263px.r5f.ti-arm-clang.release.lib : mcspi_v0.obj (.rodata.str1.169287378047891341191)
                  70050016    0000000b                                                  : uart_v0.obj (.rodata.str1.174466331461201984741)
                  70050021    0000000b                                                  : uart_v0.obj (.rodata.str1.23952661867579505821)
                  7005002c    0000000b                                                  : mcspi_v0.obj (.rodata.str1.248655060218483491)
                  70050037    0000000b                                                  : edma.obj (.rodata.str1.8716574913843167321)
                  70050042    0000000a                                                  : soc_rcm.obj (.rodata.str1.102656642322745120751)
                  7005004c    0000000a                                                  : edma.obj (.rodata.str1.11281620503267214511)
                  70050056    0000000a     logger.o (.rodata.str1.13114922096505101489.1)
                  70050060    0000000a     drivers.am263px.r5f.ti-arm-clang.release.lib : uart_v0.obj (.rodata.str1.4680544719311723101)
                  7005006a    0000000a                                                  : uart_v0.obj (.rodata.str1.62285611621840673441)
                  70050074    0000000a                                                  : edma.obj (.rodata.str1.94390198658697638781)
                  7005007e    0000000a                                                  : i2c_v1.obj (.rodata.str1.97456980245303321621)
                  70050088    0000000a                                                  : uart_v0.obj (.rodata.str1.98976386761529848021)
                  70050092    00000009     libc.a : _scanfi.c.obj (.rodata.str1.12964984209033246150.1)
                  7005009b    00000009     drivers.am263px.r5f.ti-arm-clang.release.lib : i2c_v1.obj (.rodata.str1.60490558749180274121)
                  700500a4    00000008     libc.a : _scanfi.c.obj (.rodata..L__const._sproc_float.special)
                  700500ac    00000008     logger.o (.rodata.str1.11411971380641413352.1)
                  700500b4    00000008     logger.o (.rodata.str1.3193577328096652195.1)
                  700500bc    00000006     libc.a : _scanfi.c.obj (.rodata._sproc_int.barr)
                  700500c2    00000006     drivers.am263px.r5f.ti-arm-clang.release.lib : soc_rcm.obj (.rodata.str1.53743240983164125611)
                  700500c8    00000006     logger.o (.rodata.str1.9978879681667430888.1)
                  700500ce    00000005     nortos.am263px.r5f.ti-arm-clang.release.lib : printf.obj (.rodata.str1.143852280595428356391)
                  700500d3    00000005                                                 : printf.obj (.rodata.str1.23318557076440195721)
                  700500d8    00000005     logger.o (.rodata.str1.5950550609978457137.1)
                  700500dd    00000003     PDMtesting.o (.rodata.str1.1094412632907578887.1)
                  700500e0    00000004     nortos.am263px.r5f.ti-arm-clang.release.lib : CacheP_armv7r.obj (.rodata.gCacheL1dCacheLineSize)
                  700500e4    00000004                                                 : CacheP_armv7r.obj (.rodata.gCacheL1pCacheLineSize)
                  700500e8    00000004     logger.o (.rodata.str1.11268383079938446260.1)
                  700500ec    00000004     nortos.am263px.r5f.ti-arm-clang.release.lib : printf.obj (.rodata.str1.122320159353749299121)
                  700500f0    00000004     logger.o (.rodata.str1.14780196379335289893.1)
                  700500f4    00000004     libc.a : _scanfi.c.obj (.rodata.str1.3403580589742030990.1)
                  700500f8    00000004     nortos.am263px.r5f.ti-arm-clang.release.lib : printf.obj (.rodata.str1.81101573233442303481)
                  700500fc    00000004     --HOLE-- [fill = 0]

.bss       0    70050100    00002688     UNINITIALIZED
                  70050100    00000c80     (.common:logs)
                  70050d80    00000808     (.common:gHwiCtrl)
                  70051588    00000770     ti_drivers_config.o (.bss.gMcspiObjects)
                  70051cf8    00000368     ti_drivers_config.o (.bss.gUartObjects)
                  70052060    00000214     ti_drivers_config.o (.bss.gI2cObjects)
                  70052274    00000120     libsysbm.a : trgmsg.c.obj (.bss:_CIOBUF_)
                  70052394    000000e8     ti_drivers_config.o (.bss.gEdmaObjects)
                  7005247c    000000c0     (.common:intr_objects)
                  7005253c    000000ac     ti_board_open_close.o (.bss.Board_ioexpOpen.gTCA6424_Config)
                  700525e8    000000a0     libc.a : defs.c.obj (.bss.__TI_tmpnams)
                  70052688    00000090     (.common:gDebugShmLogReaderCtrl)
                  70052718    00000038     (.common:gClockCtrl)
                  70052750    00000010     (.common:virtToPhymap)
                  70052760    00000008     libsysbm.a : hostopen.c.obj (.bss.parmbuf)
                  70052768    00000008     (.common:gMcspiHandle)
                  70052770    00000004     nortos.am263px.r5f.ti-arm-clang.release.lib : HwiP_armv7r_vim.obj (.bss.gdummy)
                  70052774    00000004     libc.a : memory.c.obj (.bss.sys_free)
                  70052778    00000004     (.common:gEdmaHandle)
                  7005277c    00000004     (.common:gI2cHandle)
                  70052780    00000004     (.common:gUartHandle)
                  70052784    00000002     PDMtesting.o (.bss.PDM_testing.user_input_test_number)
                  70052786    00000002     --HOLE--

.sysmem    0    70052788    00008000     UNINITIALIZED
                  70052788    00000010     libc.a : memory.c.obj (.sysmem)
                  70052798    00007ff0     --HOLE--

.stack     0    7005a788    00004000     UNINITIALIZED
                  7005a788    00000004     nortos.am263px.r5f.ti-arm-clang.release.lib : boot_armv7r_asm.obj (.stack)
                  7005a78c    00003ffc     --HOLE--

.text.hwi 
*          0    7005e788    000008d8     
                  7005e788    00000402     nortos.am263px.r5f.ti-arm-clang.release.lib : HwiP_armv7r_vim.obj (.text.hwi)
                  7005eb8a    000002dc                                                 : HwiP_armv7r_handlers_nortos.obj (.text.hwi)
                  7005ee66    00000002     --HOLE-- [fill = 0]
                  7005ee68    0000017c                                                 : HwiP_armv7r_handlers_nortos_asm.obj (.text.hwi)
                  7005efe4    00000070                                                 : HwiP_armv7r_asm.obj (.text.hwi)
                  7005f054    00000008                                                 : HwiP_armv7r_asm.obj (.tramp.HwiP_enableFIQ.1)
                  7005f05c    00000004     --HOLE-- [fill = 0]

.text.cache 
*          0    7005f060    00000430     
                  7005f060    00000340     nortos.am263px.r5f.ti-arm-clang.release.lib : CacheP_armv7r_asm.obj (.text.cache)
                  7005f3a0    000000d8                                                 : CacheP_armv7r.obj (.text.cache)
                  7005f478    00000008                                                 : CacheP_armv7r_asm.obj (.tramp.CacheP_invL1d.1)
                  7005f480    00000008                                                 : CacheP_armv7r_asm.obj (.tramp.CacheP_enableL1p.1)
                  7005f488    00000008                                                 : HwiP_armv7r_asm.obj (.tramp.HwiP_restore.2)

.text.mpu 
*          0    7005f490    00000290     
                  7005f490    00000202     nortos.am263px.r5f.ti-arm-clang.release.lib : MpuP_armv7r.obj (.text.mpu)
                  7005f692    00000002     --HOLE-- [fill = 0]
                  7005f694    00000078                                                 : MpuP_armv7r_asm.obj (.text.mpu)
                  7005f70c    00000008                                                 : HwiP_armv7r_asm.obj (.tramp.HwiP_restore.3)
                  7005f714    00000008                                                 : MpuP_armv7r_asm.obj (.tramp.MpuP_isEnableAsm.1)
                  7005f71c    00000004     --HOLE-- [fill = 0]

.text.boot 
*          0    7005f720    00000190     
                  7005f720    00000144     nortos.am263px.r5f.ti-arm-clang.release.lib : boot_armv7r_asm.obj (.text.boot)
                  7005f864    0000001e                                                 : DebugP_log.obj (.text.boot)
                  7005f882    0000001c                                                 : boot_armv7r.obj (.text.boot)
                  7005f89e    0000000e     ti_dpl_config.o (.text.boot)
                  7005f8ac    00000004     --HOLE-- [fill = 0]

.text:abort 
*          0    7005f8b0    00000008     
                  7005f8b0    00000008     libc.a : exit.c.obj (.text:abort)

.data      0    7005f8b8    00000808     
                  7005f8b8    000000f0     libc.a : defs.c.obj (.data._ftable)
                  7005f9a8    000000d8     ti_pinmux_config.o (.data.gPinMuxMainDomainCfg)
                  7005fa80    0000009c     drivers.am263px.r5f.ti-arm-clang.release.lib : i2c_v1.obj (.data.gI2cDrvObj)
                  7005fb1c    0000009c                                                  : mcspi_v0.obj (.data.gMcspiDrvObj)
                  7005fbb8    0000009c                                                  : uart_v0.obj (.data.gUartDrvObj)
                  7005fc54    00000088     ti_drivers_config.o (.data.gEdmaAttrs)
                  7005fcdc    00000078     libsysbm.a : host_device.c.obj (.data._device)
                  7005fd54    00000060     board.o (.data.intr_pins)
                  7005fdb4    00000058     ti_drivers_open_close.o (.data.gUartParams)
                  7005fe0c    00000050     libsysbm.a : host_device.c.obj (.data._stream)
[...]
70047dfb  SemaphoreP_destruct                
70047dfd  read_int_ADC                       
70047f23  MCSPI_lld_readWriteIntr            
7004803f  UART_lld_controllerIsr             
70048270  __udivmoddi4                       
70048389  SOC_rcmGetPeripheralClockFrequency 
7004849d  UART_lld_write                     
700485ab  init_gpio                          
700487bd  UART_read                          
700489cb  ClockP_init                        
70048acf  TaskP_yield                        
70048ad1  UART_lld_dmaWrite                  
70048bd5  MCSPI_close                        
70048cd5  UART_write                         
70048dd1  MCSPI_lld_initDma                  
70048ec5  PDM_testing                        
70048fb4  fputc                              
7004918b  MCSPI_lld_readWriteDma             
70049271  GPIO_bankIsrFxn                    
7004941d  print_log                          
700494f1  EDMA_unregisterIntr                
700495c1  GPIO_deinit                        
70049691  UART_lld_initDma                   
7004975c  getdevice                          
70049825  I2C_lld_mem_write                  
700499ad  MCSPI_lld_init                     
70049a71  I2C_lld_mem_read                   
70049b31  UART_lld_init                      
70049bf1  TCA6424_config                     
70049caf  TCA6424_setOutput                  
70049d6d  EDMA_registerIntr                  
70049e28  fseeko                             
70049edc  __TI_closefile                     
7004a195  DebugP_readLine                    
7004a2e3  UART_lld_read                      
7004a42f  init_global_interrupts             
7004a4d5  I2C_close                          
7004a579  I2C_lld_mem_readIntr               
7004a61d  I2C_lld_mem_writeIntr              
7004a765  EDMA_freeDmaChannel                
7004a805  EDMA_freeParam                     
7004a8a5  EDMA_freeTcc                       
7004a944  HOSTrename                         
7004a9e5  UART_lld_dmaRead                   
7004aa85  UART_lld_readIntr                  
7004ab20  __TI_wrt_ok                        
7004abbc  HOSTlseek                          
7004aced  SemaphoreP_pend                    
7004ad83  EDMA_configureChannelRegion        
7004ae18  HOSTopen                           
7004aead  I2C_lld_init                       
7004af41  SPI_ReadWrite                      
7004afd5  UART_lld_readWithCounter           
7004b069  Drivers_open                       
7004b217  MCSPI_lld_peripheralIsr            
7004b2a4  close                              
7004b331  ADC_setPPBTripLimits               
7004b3b9  UART_init                          
7004b441  UART_procLineStatusErr             
7004b4c8  __TI_doflush                       
7004b550  HOSTread                           
7004b5d4  HOSTwrite                          
7004b6dd  EDMA_close                         
7004b75d  UART_flushTxFifo                   
7004b7dd  Drivers_mcspiOpen                  
7004b957  MCSPI_initiateLastChunkTransfer    
7004b9d1  MCSPI_init                         
7004bb31  MCSPI_stop                         
7004bba3  MCSPI_lld_dmaStop                  
7004bc13  EDMA_disableTransferRegion         
7004bc81  EDMA_enableTransferRegion          
7004bcf0  HOSTunlink                         
7004bd5d  UART_lld_writeDma                  
7004bdc9  UART_lld_readDma                   
7004be31  UART_lld_writeIntr                 
7004be98  atoi                               
7004bf01  digitalWrite                       
7004bf69  CycleCounterP_init                 
7004bf79  CycleCounterP_reset                
7004bf9d  CycleCounterP_nsToTicks            
7004bfc9  CycleCounterP_enableUserAccess     
7004bfd1  SOC_controlModuleUnlockMMR         
7004c035  add_log                            
7004c099  init_interrupt                     
7004c0fc  HOSTclose                          
7004c15d  Board_ioexpOpen                    
7004c1bb  ClockP_timerTickIsr                
7004c219  MCSPI_setChDataSize                
7004c279  GPIO_setTrigType                   
7004c331  SOC_controlModuleLockMMR           
7004c38d  _DebugP_assert                     
7004c440  __TI_cleanup                       
7004c498  __TI_readmsg                       
7004c4f0  __TI_writemsg                      
7004c53c  C$$IO$$                            
7004c549  print_pending_logs                 
7004c5a1  ClockP_getTimeUsec                 
7004c5f7  UART_intrDisable                   
7004c64d  UART_readCancelNoCB                
7004c6a3  UART_writeCancelNoCB               
7004c6f9  Dpl_init                           
7004c74c  exit                               
7004c7a0  finddevice                         
7004c7f4  __TI_auto_init_nobinit_nopinit     
7004c849  AddrTranslateP_getLocalAddr        
7004c8ed  MCSPI_lld_deInitDma                
7004c93f  ClockP_construct                   
7004c991  EDMA_allocDmaChannel               
7004c9e1  EDMA_allocParam                    
7004ca31  EDMA_allocTcc                      
7004cacf  Drivers_edmaOpen                   
7004cb1d  Drivers_uartOpen                   
7004cb6b  EDMA_disableChInShadowRegRegion    
7004cbb9  Drivers_i2cOpen                    
7004cc05  MCSPI_transferCallback             
7004cc9d  SOC_enableAdcReferenceMonitor      
7004cce9  SOC_enableAdcGlobalForce           
7004cd31  SOC_enableAdcInternalReference     
7004cdc0  unlink                             
7004ce95  SOC_getAdcReferenceStatus          
7004ced9  UART_Params_init                   
7004cf1d  UART_lld_deInitDma                 
7004cf61  ClockP_stop                        
7004cfa1  EDMA_mapChToEvtQ                   
7004cfe1  Pinmux_config                      
7004d021  SemaphoreP_constructBinary         
7004d061  UART_lld_deInit                    
7004d11f  SemaphoreP_constructMutex          
7004d15d  EDMA_getBaseAddr                   
7004d1d5  ClockP_destruct                    
7004d20f  DebugP_uartLogWriterPutChar        
7004d249  Module_clockSetFrequency           
7004d283  TCA6424_open                       
7004d2bd  UART_lld_flushTxFifo               
7004d331  _DebugP_logZone                    
7004d368  CycleCounterP_getCount32           
7004d370  PmuP_setup                         
7004d378  PmuP_enableCounters                
7004d380  PmuP_disableCounters               
7004d388  PmuP_getOverflowStatus             
7004d390  PmuP_clearOverflowStatus           
7004d398  PmuP_setUserEnable                 
7004d3a1  EDMA_clrMissEvtRegion              
7004d3d7  ClockP_start                       
7004d40d  I2C_init                           
7004d441  MCSPI_errorCallback                
7004d475  Module_clockDisable                
7004d4a9  Module_clockEnable                 
7004d4dd  SOC_enableAdcDacLoopback           
7004d578  lseek                              
7004d5ac  write                              
7004d5e1  ClockP_usleep                      
7004d613  EDMA_unmapChToEvtQ                 
7004d645  SemaphoreP_post                    
7004d677  DebugP_scanf                       
7004d709  adc_to_current_LM74930             
7004d739  EDMA_enableChInShadowRegRegion     
7004d767  I2C_lld_deInit                     
7004d795  System_init                        
7004d7f1  DebugP_shmLogReaderInit            
7004d81d  I2C_getHandle                      
7004d849  SOC_rcmGetR5Clock                  
7004d875  UART_getHandle                     
7004d8a1  adc_to_current_HSS_MB              
7004d8cd  adc_to_current_TPS                 
7004d8f8  vsscanf                            
7004d94d  GPIO_setDirMode                    
7004d99d  SOC_moduleSetClockFrequency        
7004d9c5  read_ext_ADC                       
7004d9ed  ClockP_sleep                       
7004da13  EDMA_setPaRAM                      
7004da39  I2C_lld_transferIntr               
7004da5f  I2C_lld_transferPoll               
7004da85  UART_lld_dmaDisableChannel         
7004db3c  __aeabi_uldivmod                   
7004db61  int_adc_to_voltage                 
7004db85  vprintf_                           
7004dba9  EDMA_linkChannel                   
7004dbed  System_deinit                      
7004dc0f  print_logs                         
7004dc31  DebugP_logZoneEnable               
7004dc51  I2C_lld_Message_init               
7004dc91  TimerP_Params_initPriv             
7004dcb1  UART_getChar                       
7004dcd1  Board_driversOpen                  
7004dcef  TCA6424_close                      
7004dd0d  UART_spaceAvail                    
7004dd9d  MCSPI_lld_deInit                   
7004ddb9  SOC_rcmIsR5FInLockStepMode         
7004ddf1  main                               
7004de44  TI_memcpy_small                    
7004de61  CSL_armR5GetCpuID                  
7004de7b  EDMA_readEventStatusRegion         
7004deb1  I2C_deinit                         
7004dec9  MCSPI_deinit                       
7004dee1  MCSPI_lld_dmaInit                  
7004def9  TimerP_getCountPriv                
7004df11  UART_deinit                        
7004df29  clear_logs                         
7004df40  TI_memset_small                    
7004df59  I2C_lld_Transaction_init           
7004df6f  MCSPI_reset                        
7004df85  UART_IsTxRxFifoEmpty               
7004df9b  UART_getIntrIdentityStatus         
7004dfc7  ClockP_usecToTicks                 
7004dfdb  EDMA_getRegionId                   
7004dfef  UART_Transaction_init              
7004e017  ADC_setMode                        
7004e04d  UART_operatingModeSelect           
7004e05f  UART_readLineStatus                
7004e071  putchar_                           
7004e083  GPIO_bankIntrDisable               
7004e093  UART_intr2Disable                  
7004e0a4  __aeabi_memset                     
7004e0a4  __aeabi_memset4                    
7004e0a4  __aeabi_memset8                    
7004e0c4  putchar                            
7004e0d5  EDMA_ccPaRAMEntry_init             
7004e0e3  GPIO_bankIntrEnable                
7004e0ff  Pinmux_init                        
7004e10d  PowerClock_init                    
7004e11b  ClockP_getTicks                    
7004e127  DebugP_uartSetDrvIndex             
7004e133  EDMA_isInitialized                 
7004e141  I2C_Transaction_init               
7004e14d  SOC_getSelfCpuClk                  
7004e159  TCA6424_Params_init                
7004e164  __aeabi_errno_addr                 
7004e170  __aeabi_memclr                     
7004e170  __aeabi_memclr4                    
7004e170  __aeabi_memclr8                    
7004e17c  malloc                             
7004e188  CSL_armR5ReadMpidrReg              
7004e195  ClockP_Params_init                 
7004e1ad  ClockP_isActive                    
7004e1b7  TimerP_getReloadCountPriv          
7004e1c1  TimerP_startPriv                   
7004e1cb  UART_lld_Transaction_deInit        
7004e1d4  C$$EXIT                            
7004e1d4  HOSTexit                           
7004e1dd  TimerP_clearOverflowIntPriv        
7004e1ed  EDMA_isInterruptEnabled            
7004e1f3  SOC_moduleClockEnable              
7004e1ff  ClockP_timerClearOverflowInt       
7004e203  PowerClock_deinit                  
7004e207  TimerP_Params_init                 
7004e20b  TimerP_clearOverflowInt            
7004e20f  TimerP_getCount                    
7004e213  TimerP_getReloadCount              
7004e217  TimerP_setup                       
7004e21b  TimerP_start                       
7004e220  __aeabi_idiv0                      
7004e224  __aeabi_ldiv0                      
7004e228  __aeabi_memcpy                     
7004e228  __aeabi_memcpy4                    
7004e228  __aeabi_memcpy8                    
7004e22c  _nop                               
7004e230  fseek                              
7004e234  remove                             
7004e260  test_results                       
7004e710  __aeabi_ctype_table_               
7004e710  __aeabi_ctype_table_C              
7004e811  test_cases                         
7004e9a4  gCacheConfig                       
7004e9ac  gMpuConfig                         
7004e9b8  gMpuRegionConfig                   
7004eac0  gADPLLJConfigTbl                   
7004f198  I2C_defaultTransaction             
7004f978  I2C_lld_defaultMessage             
7004f9f0  gPeripheralClkSrcInfoMap           
700500e0  gCacheL1dCacheLineSize             
700500e4  gCacheL1pCacheLineSize             
70050100  __BSS_START                        
70050100  logs                               
70050d80  gHwiCtrl                           
70052274  _CIOBUF_                           
70052274  __CIOBUF_                          
7005247c  intr_objects                       
700525e8  __TI_tmpnams                       
70052688  gDebugShmLogReaderCtrl             
70052718  gClockCtrl                         
70052750  virtToPhymap                       
70052760  parmbuf                            
70052768  gMcspiHandle                       
70052778  gEdmaHandle                        
7005277c  gI2cHandle                         
70052780  gUartHandle                        
70052788  __BSS_END                          
70052788  _sys_memory                        
7005a788  __stack                            
7005e788  __STACK_END                        
7005e789  HwiP_enableInt                     
7005e7b1  HwiP_disableInt                    
7005e7e3  HwiP_restoreInt                    
7005e839  HwiP_clearInt                      
7005e859  HwiP_post                          
7005e881  HwiP_Params_init                   
7005e893  HwiP_construct                     
7005e9db  HwiP_destruct                      
7005eaad  HwiP_init                          
7005eb6f  HwiP_inISR                         
7005eb8b  HwiP_irq_handler_c                 
7005ec0f  HwiP_fiq_handler                   
7005ecbf  HwiP_reserved_handler              
7005eced  HwiP_undefined_handler_c           
7005ed0b  HwiP_user_undefined_handler_c      
7005ed1f  HwiP_svc_handler                   
7005ed4d  HwiP_prefetch_abort_handler_c      
7005edc7  HwiP_user_prefetch_abort_handler_c 
7005edd7  HwiP_data_abort_handler_c          
7005ee57  HwiP_user_data_abort_handler_c     
7005ee68  HwiP_irq_handler                   
7005eedc  HwiP_data_abort_handler            
7005ef20  HwiP_prefetch_abort_handler        
7005ef6c  HwiP_undefined_handler             
7005ef9c  GET_DFSR                           
7005efa4  GET_ADFSR                          
7005efac  GET_DFAR                           
7005efb4  GET_IFSR                           
7005efbc  GET_AIFSR                          
7005efc4  GET_IFAR                           
7005efcc  GET_SPSR                           
7005efe4  HwiP_disable                       
7005eff4  HwiP_disableFIQ                    
7005f004  HwiP_enable                        
7005f014  HwiP_enableFIQ                     
7005f024  HwiP_restore                       
7005f02c  HwiP_enableVIC                     
7005f03c  HwiP_disableVIC                    
7005f04c  HwiP_getCPSR                       
7005f060  CacheP_disableL1d                  
7005f088  CacheP_disableL1p                  
7005f0a0  CacheP_enableL1d                   
7005f0b8  CacheP_enableL1p                   
7005f0d0  CacheP_invL1d                      
7005f108  CacheP_invL1p                      
7005f144  CacheP_invL1dAll                   
7005f14c  CacheP_invL1pAll                   
7005f154  CacheP_wb                          
7005f190  CacheP_wbInv                       
7005f1cc  CacheP_wbAll                       
7005f274  CacheP_wbInvAll                    
7005f28c  CacheP_wbInvAllAsm                 
7005f32c  CacheP_getEnabled                  
7005f364  CacheP_getCacheLevelInfo           
7005f370  CacheP_configForceWrThru           
7005f390  CacheP_setDLFO                     
7005f3a1  CacheP_init                        
7005f3f9  CacheP_disable                     
7005f433  CacheP_enable                      
7005f453  CacheP_inv                         
7005f491  MpuP_getAttrs                      
7005f4d1  MpuP_RegionAttrs_init              
7005f4df  MpuP_setRegion                     
7005f559  MpuP_isEnable                      
7005f55d  MpuP_disable                       
7005f58f  MpuP_enable                        
7005f5cb  MpuP_init                          
7005f62d  MpuP_isUserAuthorizedToAccessMemory
7005f694  MpuP_disableAsm                    
7005f6ac  MpuP_disableBRAsm                  
7005f6bc  MpuP_enableAsm                     
7005f6d4  MpuP_enableBRAsm                   
7005f6e4  MpuP_isEnableAsm                   
7005f6f8  MpuP_setRegionAsm                  
7005f720  _c_int00_sbl                       
7005f744  _c_int00                           
7005f865  _DebugP_assertNoLog                
7005f883  _system_pre_init                   
7005f89f  __mpu_init                         
7005f8b0  abort                              
7005f8b8  _ftable                            
7005f8b8  gMcspiDmaHandle                    
7005f8b8  gUartDmaHandle                     
7005fcdc  _device                            
7005fd54  intr_pins                          
7005fdb4  gUartParams                        
7005fe0c  _stream                            
7005fea4  gSpi0ChCfg                         
7005fee4  gSpi1ChCfg                         
7005ff24  gSocModulesClockFrequency          
7005ff60  gMcspiOpenParams                   
7005ff88  ext_adc0                           
7005ffa4  ext_adc1                           
7005ffc0  gClockConfig                       
7005fff0  gSocModules                        
70060004  gMcspiConfig                       
70060014  __TI_ft_end                        
70060018  gAddrTranslateConfig               
70060024  gI2cParams                         
70060030  __TI_cleanup_ptr                   
70060034  __TI_dtors_ptr                     
70060038  gConfigMcspiChCfg                  
70060040  gEdmaConfig                        
70060048  gEdmaParams                        
70060050  gI2cConfig                         
70060058  gMcspiDmaChConfig                  
70060060  gMcspiNumCh                        
70060070  gUartConfig                        
70060080  __aeabi_errno                      
70060084  _lock                              
70060088  _unlock                            
7006008c  gDebugLogZone                      
70060090  gDebugP_uartDrvIndex               
70060094  gEdmaConfigNum                     
70060098  gHwiConfig                         
7006009c  gI2cConfigNum                      
700600a0  gMcspiConfigNum                    
700600a4  gUartConfigNum                     
700600a8  gUartDmaChConfig                   
700600ac  test                               
700600b2  logs_length                        
700600b4  isMapAvailable                     
700600c0  __IRQ_STACK_START                  
700601c0  __FIQ_STACK_START                  
700601c0  __IRQ_STACK_END                    
700602c0  __FIQ_STACK_END                    
700602c0  __SVC_STACK_START                  
700612c0  __ABORT_STACK_START                
700612c0  __SVC_STACK_END                    
700613c0  __ABORT_STACK_END                  
700613c0  __UNDEFINED_STACK_START            
700614c0  __UNDEFINED_STACK_END              
701d4000  gDebugShmLog                       
ffffffff  __TI_pprof_out_hndl                
ffffffff  __TI_prof_data_size                
ffffffff  __TI_prof_data_start               
ffffffff  __binit__                          
ffffffff  binit                              
UNDEFED   __TI_CINIT_Base                    
UNDEFED   __TI_CINIT_Limit                   
UNDEFED   __TI_Handler_Table_Base            
UNDEFED   __TI_Handler_Table_Limit           
UNDEFED   _system_post_cinit                 

[501 symbols]
