******************************************************************************
            TI ARM Clang Linker PC v4.0.2                      
******************************************************************************
>> Linked Thu Jul  3 15:34:50 2025

OUTPUT FILE NAME:   <second_stage_PDM_testing.out>
ENTRY POINT SYMBOL: "_vectors"  address: 00000000


MEMORY CONFIGURATION

         name            origin    length      used     unused   attr    fill
----------------------  --------  ---------  --------  --------  ----  --------
  R5F_VECS              00000000   00000040  00000040  00000000  RWIX
  R5F_TCMA              00000040   00007fc0  00000000  00007fc0  RWIX
  R5F_TCMB              00080000   00008000  00000000  00008000  RWIX
  MAILBOX_HSM           44000000   000003ce  00000000  000003ce  RWIX
  MAILBOX_R5F           44000400   000003ce  00000000  000003ce  RWIX
  FLASH                 60100000   00080000  00000000  00080000  RWIX
  SBL                   70000000   00040000  00000000  00040000  RWIX
  OCRAM                 70040000   00040000  00023300  0001cd00  RWIX
  USER_SHM_MEM          701d0000   00004000  00000000  00004000  RWIX
  LOG_SHM_MEM           701d4000   00004000  00002000  00002000  RWIX
  RTOS_NORTOS_IPC_SHM_M 72000000   00003e80  00000000  00003e80  RWIX


SEGMENT ALLOCATION MAP

run origin  load origin   length   init length attrs members
----------  ----------- ---------- ----------- ----- -------
00000000    00000000    00000040   00000040    r-x
  00000000    00000000    00000040   00000040    r-x .vectors
70040000    70040000    00011a30   00011a30    r-x
  70040000    70040000    0000eec0   0000eec0    r-x .text
  7004eec0    7004eec0    00002b70   00002b70    r-- .rodata
70051a30    70051a30    0000eaf8   00000000    rw-
  70051a30    70051a30    00002af8   00000000    rw- .bss
  70054528    70054528    00008000   00000000    rw- .sysmem
  7005c528    7005c528    00004000   00000000    rw- .stack
70060528    70060528    00001130   00001130    r-x
  70060528    70060528    000008d8   000008d8    r-x .text.hwi
  70060e00    70060e00    00000430   00000430    r-x .text.cache
  70061230    70061230    00000290   00000290    r-x .text.mpu
  700614c0    700614c0    00000190   00000190    r-x .text.boot
  70061650    70061650    00000008   00000008    r-x .text:abort
70061658    70061658    00001ca8   000008a8    rw-
  70061658    70061658    000008a8   000008a8    rw- .data
  70061f00    70061f00    00000100   00000000    rw- .irqstack
  70062000    70062000    00000100   00000000    rw- .fiqstack
  70062100    70062100    00001000   00000000    rw- .svcstack
  70063100    70063100    00000100   00000000    rw- .abortstack
  70063200    70063200    00000100   00000000    rw- .undefinedstack


SECTION ALLOCATION MAP

 output                                  attributes/
section   page    origin      length       input sections
--------  ----  ----------  ----------   ----------------
.vectors   0    00000000    00000040     
                  00000000    00000040     nortos.am263px.r5f.ti-arm-clang.release.lib : HwiP_armv7r_vectors_nortos_asm.obj (.vectors)

.text      0    70040000    0000eec0     
                  70040000    00001328     libc.a : _scanfi.c.obj (.text.__TI_scanfi)
                  70041328    00000756     ti_drivers_open_close.o (.text.Drivers_adcOpen)
                  70041a7e    00000002     ti_board_config.o (.text.Board_deinit)
                  70041a80    00000580     nortos.am263px.r5f.ti-arm-clang.release.lib : printf.obj (.text._vsnprintf)
                  70042000    000004d4     libc.a : strtod.c.obj (.text.strtod)
                  700424d4    000004cc     drivers.am263px.r5f.ti-arm-clang.release.lib : soc_rcm.obj (.text.SOC_rcmEnablePeripheralClock)
                  700429a0    00000444                                                  : i2c_v1_lld.obj (.text.I2C_lld_primeTransferPoll)
                  70042de4    00000004     nortos.am263px.r5f.ti-arm-clang.release.lib : ClockP_nortos_r5.obj (.text.ClockP_getTimerCount)
                  70042de8    00000400                                                 : printf.obj (.text._ftoa)
                  700431e8    000003b8     testing.o (.text.conduct_test)
                  700435a0    00000390     libc.a : strcmp32.S.obj (.text:strcmp)
                  70043930    00000310     nortos.am263px.r5f.ti-arm-clang.release.lib : printf.obj (.text._etoa)
                  70043c40    000002a8     drivers.am263px.r5f.ti-arm-clang.release.lib : uart_v0.obj (.text.UART_open)
                  70043ee8    00000298                                                  : mcspi_v0.obj (.text.MCSPI_open)
                  70044180    0000027c                                                  : edma.obj (.text.EDMA_init)
                  700443fc    0000027c     libc.a : strtoll.c.obj (.text.strtoll)
                  70044678    00000250     drivers.am263px.r5f.ti-arm-clang.release.lib : soc_rcm.obj (.text.SOC_rcmSetPeripheralClock)
                  700448c8    00000248     libc.a : strtoull.c.obj (.text.strtoull)
                  70044b10    0000023c     drivers.am263px.r5f.ti-arm-clang.release.lib : uart_v0_lld.obj (.text.UART_configInstance)
                  70044d4c    00000230                                                  : mcspi_dma_edma.obj (.text.MCSPI_lld_dmaTransfer)
                  70044f7c    00000210                                                  : i2c_v1.obj (.text.I2C_open)
                  7004518c    0000020c                                                  : edma.obj (.text.EDMA_errorIsrFxn)
                  70045398    0000020c                                                  : mcspi_v0_lld.obj (.text.MCSPI_transferControllerPoll)
                  700455a4    00000204                                                  : edma.obj (.text.EDMA_freeChannelRegion)
                  700457a8    000001fe     ti_drivers_config.o (.text.GPIO_init)
                  700459a6    00000002     ti_board_config.o (.text.Board_init)
                  700459a8    000001f8     libc.a : strtol.c.obj (.text.strtol)
                  70045ba0    000001ec            : strtoul.c.obj (.text.strtoul)
                  70045d8c    000001e8     drivers.am263px.r5f.ti-arm-clang.release.lib : mcspi_v0_lld.obj (.text.MCSPI_lld_controllerIsr)
                  70045f74    000001d0     libclang_rt.builtins.a : udivsi3.S.obj (.text.__udivsi3)
                  70046144    000001c0     drivers.am263px.r5f.ti-arm-clang.release.lib : mcspi_dma_edma.obj (.text.MCSPI_lld_dmaChInit)
                  70046304    000001b4                                                  : i2c_v1_lld.obj (.text.I2C_lld_targetIsr)
                  700464b8    000001ae                                                  : i2c_v1_lld.obj (.text.I2C_lld_controllerIsr)
                  70046666    00000002     nortos.am263px.r5f.ti-arm-clang.release.lib : DebugP_nortos.obj (.text.DebugP_shmLogReaderTaskCreate)
                  70046668    000001a8     drivers.am263px.r5f.ti-arm-clang.release.lib : mcspi_v0_lld.obj (.text.MCSPI_lld_chConfig)
                  70046810    000001a8     libc.a : memory.c.obj (.text.free)
                  700469b8    000001a4            : memory.c.obj (.text.aligned_alloc)
                  70046b5c    00000194     drivers.am263px.r5f.ti-arm-clang.release.lib : uart_dma_edma.obj (.text.UART_lld_dmaInit)
                  70046cf0    00000190                                                  : mcspi_v0.obj (.text.MCSPI_transfer)
                  70046e80    00000188     BQ25751.o (.text.BQ25751_manual_register_write)
                  70047008    00000188     BQ25856.o (.text.BQ25856_manual_register_write)
                  70047190    00000188     drivers.am263px.r5f.ti-arm-clang.release.lib : i2c_v1.obj (.text.I2C_transfer)
                  70047318    00000164                                                  : edma.obj (.text.EDMA_open)
                  7004747c    00000160                                                  : edma.obj (.text.EDMA_deinit)
                  700475dc    00000004     nortos.am263px.r5f.ti-arm-clang.release.lib : ClockP_nortos_r5.obj (.text.ClockP_timerClearOverflowInt)
                  700475e0    00000150     libc.a : s_scalbn.c.obj (.text.scalbn)
                  70047730    0000014e     drivers.am263px.r5f.ti-arm-clang.release.lib : uart_dma_edma.obj (.text.UART_lld_dmaDeInit)
                  7004787e    0000014c                                                  : mcspi_dma_edma.obj (.text.MCSPI_lld_dmaDeInit)
                  700479ca    00000002     ti_dpl_config.o (.text.Dpl_deinit)
                  700479cc    00000144     libc.a : setvbuf.c.obj (.text.setvbuf)
                  70047b10    00000140     nortos.am263px.r5f.ti-arm-clang.release.lib : TimerP_rti_priv.obj (.text.TimerP_setupPriv)
                  70047c50    0000013c     drivers.am263px.r5f.ti-arm-clang.release.lib : soc.obj (.text.SOC_virtToPhy)
                  70047d8c    00000138                                                  : uart_v0.obj (.text.UART_close)
                  70047ec4    00000134                                                  : mcspi_v0_lld.obj (.text.MCSPI_lld_readWrite)
                  70047ff8    00000132     BQ25751.o (.text.BQ25751_manual_register_read)
                  7004812a    00000132     BQ25856.o (.text.BQ25856_manual_register_read)
                  7004825c    00000132     nortos.am263px.r5f.ti-arm-clang.release.lib : printf.obj (.text._ntoa_format)
                  7004838e    00000002                                                 : SemaphoreP_nortos.obj (.text.SemaphoreP_destruct)
                  70048390    00000126     int_adc.o (.text.read_int_ADC)
                  700484b6    00000002     nortos.am263px.r5f.ti-arm-clang.release.lib : TaskP_nortos.obj (.text.TaskP_yield)
                  700484b8    00000122     PDMtesting.o (.text.PDM_testing)
                  700485da    00000120     board.o (.text.GPIO_bankIsrFxn)
                  700486fa    0000011c     drivers.am263px.r5f.ti-arm-clang.release.lib : mcspi_v0_lld.obj (.text.MCSPI_lld_readWriteIntr)
                  70048816    0000011a                                                  : uart_v0_lld.obj (.text.UART_lld_controllerIsr)
                  70048930    00000118                                                  : edma.obj (.text.Alloc_resource)
                  70048a48    00000118     libclang_rt.builtins.a : udivmoddi4.S.obj (.text)
                  70048b60    00000114     ti_drivers_config.o (.text.GPIO_deinit)
                  70048c74    00000114     drivers.am263px.r5f.ti-arm-clang.release.lib : soc_rcm.obj (.text.SOC_rcmGetPeripheralClockFrequency)
                  70048d88    0000010e                                                  : uart_v0_lld.obj (.text.UART_lld_write)
                  70048e96    0000010a     BQ25751.o (.text.BQ25751_run_test_mode)
                  70048fa0    00000108     drivers.am263px.r5f.ti-arm-clang.release.lib : edma.obj (.text.EDMA_transferCompletionMasterIsrFxn)
                  700490a8    00000108                                                  : uart_v0.obj (.text.UART_read)
                  700491b0    00000106                                                  : mcspi_v0_lld.obj (.text.MCSPI_continuePeripheralTxRx)
                  700492b6    00000104     nortos.am263px.r5f.ti-arm-clang.release.lib : ClockP_nortos_r5.obj (.text.ClockP_init)
                  700493ba    00000002     drivers.am263px.r5f.ti-arm-clang.release.lib : uart_dma_edma.obj (.text.UART_edmaDoNothing)
                  700493bc    00000104                                                  : uart_dma_edma.obj (.text.UART_lld_dmaWrite)
                  700494c0    00000100                                                  : mcspi_v0.obj (.text.MCSPI_close)
                  700495c0    000000fc                                                  : uart_v0.obj (.text.UART_write)
                  700496bc    000000f4                                                  : mcspi_v0_lld.obj (.text.MCSPI_lld_initDma)
                  700497b0    000000f0     libc.a : fputc.c.obj (.text.fputc)
                  700498a0    000000e6     drivers.am263px.r5f.ti-arm-clang.release.lib : mcspi_dma_edma.obj (.text.MCSPI_edmaIsrTx)
                  70049986    000000e6                                                  : mcspi_v0_lld.obj (.text.MCSPI_lld_readWriteDma)
                  70049a6c    000000d6     board.o (.text.init_global_interrupts)
                  70049b42    000000d6     board.o (.text.init_gpio)
                  70049c18    000000d4     libc.a : sscanf.c.obj (.text._chkmbc)
                  70049cec    000000d4     logger.o (.text.print_log)
                  70049dc0    000000d0     drivers.am263px.r5f.ti-arm-clang.release.lib : edma.obj (.text.EDMA_unregisterIntr)
                  70049e90    000000cc                                                  : uart_v0_lld.obj (.text.UART_lld_initDma)
                  70049f5c    000000c8     libc.a : getdevice.c.obj (.text.getdevice)
                  7004a024    000000c4     drivers.am263px.r5f.ti-arm-clang.release.lib : i2c_v1_lld.obj (.text.I2C_lld_mem_write)
                  7004a0e8    000000c4                                                  : i2c_v1_lld.obj (.text.I2C_lld_primeTransferIntr)
                  7004a1ac    000000c4                                                  : mcspi_v0_lld.obj (.text.MCSPI_lld_init)
                  7004a270    000000c0     BQ25751.o (.text.BQ25751_read_reg)
                  7004a330    000000c0     BQ25856.o (.text.BQ25856_read_reg)
                  7004a3f0    000000c0     drivers.am263px.r5f.ti-arm-clang.release.lib : i2c_v1_lld.obj (.text.I2C_lld_mem_read)
                  7004a4b0    000000c0                                                  : uart_v0_lld.obj (.text.UART_lld_init)
                  7004a570    000000be     ioexp_tca6424.o (.text.TCA6424_config)
                  7004a62e    000000be     ioexp_tca6424.o (.text.TCA6424_setOutput)
                  7004a6ec    000000bc     drivers.am263px.r5f.ti-arm-clang.release.lib : edma.obj (.text.EDMA_registerIntr)
                  7004a7a8    000000b4     libc.a : fseek.c.obj (.text.fseeko)
                  7004a85c    000000b0            : fclose.c.obj (.text.__TI_closefile)
                  7004a90c    000000b0     nortos.am263px.r5f.ti-arm-clang.release.lib : printf.obj (.text._ntoa_long_long)
                  7004a9bc    000000ac     drivers.am263px.r5f.ti-arm-clang.release.lib : soc_rcm.obj (.text.SOC_rcmGetCoreHSDivOut)
                  7004aa68    000000ac                                                  : uart_v0_lld.obj (.text.UART_divisorLatchWrite)
                  7004ab14    000000a8     nortos.am263px.r5f.ti-arm-clang.release.lib : DebugP_uartScanf.obj (.text.DebugP_readLine)
                  7004abbc    000000a6     drivers.am263px.r5f.ti-arm-clang.release.lib : mcspi_dma_edma.obj (.text.MCSPI_edmaIsrRx)
                  7004ac62    000000a6                                                  : uart_v0_lld.obj (.text.UART_lld_read)
                  7004ad08    000000a6     nortos.am263px.r5f.ti-arm-clang.release.lib : printf.obj (.text._out_rev)
                  7004adae    00000002     drivers.am263px.r5f.ti-arm-clang.release.lib : uart_v0.obj (.text.UART_lld_errorCallback)
                  7004adb0    000000a4                                                  : i2c_v1.obj (.text.I2C_close)
                  7004ae54    000000a4                                                  : i2c_v1_lld.obj (.text.I2C_lld_mem_readIntr)
                  7004aef8    000000a4                                                  : i2c_v1_lld.obj (.text.I2C_lld_mem_writeIntr)
                  7004af9c    000000a4     libc.a : memory.c.obj (.text.split)
                  7004b040    000000a0     drivers.am263px.r5f.ti-arm-clang.release.lib : edma.obj (.text.EDMA_freeDmaChannel)
                  7004b0e0    000000a0                                                  : edma.obj (.text.EDMA_freeParam)
                  7004b180    000000a0                                                  : edma.obj (.text.EDMA_freeTcc)
                  7004b220    000000a0     libsysbm.a : hostrename.c.obj (.text.HOSTrename)
                  7004b2c0    000000a0     drivers.am263px.r5f.ti-arm-clang.release.lib : uart_dma_edma.obj (.text.UART_lld_dmaRead)
                  7004b360    0000009c                                                  : uart_v0_lld.obj (.text.UART_lld_readIntr)
                  7004b3fc    0000009c     libc.a : _io_perm.c.obj (.text.__TI_wrt_ok)
                  7004b498    0000009a     ti_board_open_close.o (.text.Board_ioexpOpen)
                  7004b532    00000002     nortos.am263px.r5f.ti-arm-clang.release.lib : printf.obj (.text._out_null)
                  7004b534    00000098     libsysbm.a : hostlseek.c.obj (.text.HOSTlseek)
                  7004b5cc    00000098     drivers.am263px.r5f.ti-arm-clang.release.lib : i2c_v1.obj (.text.I2C_primeTransfer)
                  7004b664    00000096     BQ25751.o (.text.BQ25751_write_reg)
                  7004b6fa    00000096     BQ25856.o (.text.BQ25856_write_reg)
                  7004b790    00000096     nortos.am263px.r5f.ti-arm-clang.release.lib : SemaphoreP_nortos.obj (.text.SemaphoreP_pend)
                  7004b826    00000094     drivers.am263px.r5f.ti-arm-clang.release.lib : edma.obj (.text.EDMA_configureChannelRegion)
                  7004b8ba    00000002     --HOLE-- [fill = 0]
                  7004b8bc    00000094     libsysbm.a : hostopen.c.obj (.text.HOSTopen)
                  7004b950    00000094     drivers.am263px.r5f.ti-arm-clang.release.lib : i2c_v1_lld.obj (.text.I2C_lld_init)
                  7004b9e4    00000094     ADS_adc.o (.text.SPI_ReadWrite)
                  7004ba78    00000094     drivers.am263px.r5f.ti-arm-clang.release.lib : uart_v0_lld.obj (.text.UART_lld_readWithCounter)
                  7004bb0c    00000090     ti_drivers_open_close.o (.text.Drivers_open)
                  7004bb9c    00000090     drivers.am263px.r5f.ti-arm-clang.release.lib : mcspi_v0_lld.obj (.text.MCSPI_setFifoConfig)
                  7004bc2c    0000008e     nortos.am263px.r5f.ti-arm-clang.release.lib : printf.obj (.text._ntoa_long)
                  7004bcba    0000008c     drivers.am263px.r5f.ti-arm-clang.release.lib : mcspi_v0_lld.obj (.text.MCSPI_lld_peripheralIsr)
                  7004bd46    00000002     --HOLE-- [fill = 0]
                  7004bd48    0000008c     libsysbm.a : close.c.obj (.text.close)
                  7004bdd4    0000008c     i2c_helper.o (.text.i2c_read_error_handler)
                  7004be60    00000088     drivers.am263px.r5f.ti-arm-clang.release.lib : adc.obj (.text.ADC_setPPBTripLimits)
                  7004bee8    00000088                                                  : uart_v0.obj (.text.UART_init)
                  7004bf70    00000088                                                  : uart_v0_lld.obj (.text.UART_procLineStatusErr)
                  7004bff8    00000088     libc.a : fflush.c.obj (.text.__TI_doflush)
                  7004c080    00000084     libsysbm.a : hostread.c.obj (.text.HOSTread)
                  7004c104    00000084                : hostwrite.c.obj (.text.HOSTwrite)
                  7004c188    00000084     drivers.am263px.r5f.ti-arm-clang.release.lib : mcspi_v0_lld.obj (.text.MCSPI_setPeripheralFifoConfig)
                  7004c20c    00000080                                                  : edma.obj (.text.EDMA_close)
                  7004c28c    00000080                                                  : uart_v0.obj (.text.UART_flushTxFifo)
                  7004c30c    0000007e     ti_drivers_open_close.o (.text.Drivers_mcspiOpen)
                  7004c38a    0000007e     drivers.am263px.r5f.ti-arm-clang.release.lib : mcspi_v0_lld.obj (.text.MCSPI_fifoRead)
                  7004c408    0000007e                                                  : mcspi_v0_lld.obj (.text.MCSPI_transferPeripheralPoll)
                  7004c486    0000007a                                                  : mcspi_v0_lld.obj (.text.MCSPI_initiateLastChunkTransfer)
                  7004c500    00000078                                                  : mcspi_v0.obj (.text.MCSPI_init)
                  7004c578    00000076                                                  : uart_v0_lld.obj (.text.UART_readDataPolling)
                  7004c5ee    00000072                                                  : mcspi_v0_lld.obj (.text.MCSPI_fifoWrite)
                  7004c660    00000072                                                  : mcspi_v0_lld.obj (.text.MCSPI_stop)
                  7004c6d2    00000070                                                  : mcspi_dma_edma.obj (.text.MCSPI_lld_dmaStop)
                  7004c742    0000006e     BQ25751.o (.text.BQ25751_read_faults)
                  7004c7b0    0000006e     drivers.am263px.r5f.ti-arm-clang.release.lib : edma.obj (.text.EDMA_disableTransferRegion)
                  7004c81e    0000006e                                                  : edma.obj (.text.EDMA_enableTransferRegion)
                  7004c88c    0000006c     libsysbm.a : hostunlink.c.obj (.text.HOSTunlink)
                  7004c8f8    0000006c     drivers.am263px.r5f.ti-arm-clang.release.lib : uart_v0_lld.obj (.text.UART_lld_writeDma)
                  7004c964    0000006a     ti_drivers_open_close.o (.text.Drivers_i2cOpen)
                  7004c9ce    00000068     drivers.am263px.r5f.ti-arm-clang.release.lib : uart_v0_lld.obj (.text.UART_lld_readDma)
                  7004ca36    00000068                                                  : uart_v0_lld.obj (.text.UART_lld_writeIntr)
                  7004ca9e    00000002     --HOLE-- [fill = 0]
                  7004caa0    00000068     libc.a : atoi.c.obj (.text.atoi)
                  7004cb08    00000068     board.o (.text.digitalWrite)
                  7004cb70    00000066     nortos.am263px.r5f.ti-arm-clang.release.lib : PmuP_armv7r.obj (.text.pmu)
                  7004cbd6    00000002     --HOLE-- [fill = 0]
                  7004cbd8    00000064     drivers.am263px.r5f.ti-arm-clang.release.lib : soc.obj (.text.SOC_controlModuleUnlockMMR)
                  7004cc3c    00000064     logger.o (.text.add_log)
                  7004cca0    00000064     board.o (.text.init_interrupt)
                  7004cd04    00000062     BQ25856.o (.text.BQ25856_init)
                  7004cd66    00000002     --HOLE-- [fill = 0]
                  7004cd68    00000060     libsysbm.a : hostclose.c.obj (.text.HOSTclose)
                  7004cdc8    0000005e     nortos.am263px.r5f.ti-arm-clang.release.lib : ClockP_nortos.obj (.text.ClockP_timerTickIsr)
                  7004ce26    0000005e     drivers.am263px.r5f.ti-arm-clang.release.lib : mcspi_v0_lld.obj (.text.MCSPI_setChDataSize)
                  7004ce84    0000005c                                                  : gpio.obj (.text.GPIO_setTrigType)
                  7004cee0    0000005c                                                  : mcspi_v0_lld.obj (.text.MCSPI_configInstance)
                  7004cf3c    0000005c                                                  : soc.obj (.text.SOC_controlModuleLockMMR)
                  7004cf98    0000005c     nortos.am263px.r5f.ti-arm-clang.release.lib : DebugP_log.obj (.text._DebugP_assert)
                  7004cff4    00000058     drivers.am263px.r5f.ti-arm-clang.release.lib : mcspi_dma_edma.obj (.text.MCSPI_edmaUpdateTransferParams)
                  7004d04c    00000058     libc.a : fopen.c.obj (.text.__TI_cleanup)
                  7004d0a4    00000058     libsysbm.a : trgmsg.c.obj (.text.__TI_readmsg)
                  7004d0fc    00000058                : trgmsg.c.obj (.text.__TI_writemsg)
                  7004d154    00000058     logger.o (.text.print_pending_logs)
                  7004d1ac    00000056     nortos.am263px.r5f.ti-arm-clang.release.lib : ClockP_nortos.obj (.text.ClockP_getTimeUsec)
                  7004d202    00000056     drivers.am263px.r5f.ti-arm-clang.release.lib : uart_v0_lld.obj (.text.UART_intrDisable)
                  7004d258    00000056                                                  : uart_v0_lld.obj (.text.UART_readCancelNoCB)
                  7004d2ae    00000056                                                  : uart_v0_lld.obj (.text.UART_writeCancelNoCB)
                  7004d304    00000054     ti_dpl_config.o (.text.Dpl_init)
                  7004d358    00000054     libc.a : exit.c.obj (.text.exit)
                  7004d3ac    00000054            : getdevice.c.obj (.text.finddevice)
                  7004d400    00000054            : autoinit.c.obj (.text:__TI_auto_init_nobinit_nopinit)
                  7004d454    00000052     nortos.am263px.r5f.ti-arm-clang.release.lib : AddrTranslateP_32bit.obj (.text.AddrTranslateP_getLocalAddr)
                  7004d4a6    00000052     drivers.am263px.r5f.ti-arm-clang.release.lib : i2c_v1.obj (.text.I2C_LLD_targetTransferCompleteCallback)
                  7004d4f8    00000052                                                  : mcspi_v0_lld.obj (.text.MCSPI_lld_deInitDma)
                  7004d54a    00000050     BQ25751.o (.text.BQ25751_print_register_dump)
                  7004d59a    00000050     nortos.am263px.r5f.ti-arm-clang.release.lib : ClockP_nortos.obj (.text.ClockP_construct)
                  7004d5ea    00000002     --HOLE-- [fill = 0]
                  7004d5ec    00000050     drivers.am263px.r5f.ti-arm-clang.release.lib : edma.obj (.text.EDMA_allocDmaChannel)
                  7004d63c    00000050                                                  : edma.obj (.text.EDMA_allocParam)
                  7004d68c    00000050                                                  : edma.obj (.text.EDMA_allocTcc)
                  7004d6dc    0000004e     nortos.am263px.r5f.ti-arm-clang.release.lib : ClockP_nortos.obj (.text.ClockP_addToList)
                  7004d72a    0000004e     ti_drivers_open_close.o (.text.Drivers_edmaOpen)
                  7004d778    0000004e     ti_drivers_open_close.o (.text.Drivers_uartOpen)
                  7004d7c6    0000004e     drivers.am263px.r5f.ti-arm-clang.release.lib : edma.obj (.text.EDMA_disableChInShadowRegRegion)
                  7004d814    0000004c                                                  : mcspi_v0.obj (.text.MCSPI_transferCallback)
                  7004d860    0000004c                                                  : mcspi_v0_lld.obj (.text.MCSPI_transferControllerIntr)
                  7004d8ac    0000004c                                                  : soc.obj (.text.SOC_enableAdcReferenceMonitor)
                  7004d8f8    00000048                                                  : soc.obj (.text.SOC_enableAdcGlobalForce)
                  7004d940    00000048                                                  : soc.obj (.text.SOC_enableAdcInternalReference)
                  7004d988    00000048                                                  : uart_dma_edma.obj (.text.UART_edmaIsrRx)
                  7004d9d0    00000048     libsysbm.a : unlink.c.obj (.text.unlink)
                  7004da18    00000046     drivers.am263px.r5f.ti-arm-clang.release.lib : uart_dma_edma.obj (.text.UART_edmaIsrTx)
                  7004da5e    00000044                                                  : i2c_v1.obj (.text.I2C_completeCurrTransfer)
                  7004daa2    00000002     --HOLE-- [fill = 0]
                  7004daa4    00000044                                                  : soc.obj (.text.SOC_getAdcReferenceStatus)
                  7004dae8    00000044                                                  : uart_v0.obj (.text.UART_Params_init)
                  7004db2c    00000044                                                  : uart_v0_lld.obj (.text.UART_lld_deInitDma)
                  7004db70    00000040     nortos.am263px.r5f.ti-arm-clang.release.lib : ClockP_nortos.obj (.text.ClockP_stop)
                  7004dbb0    00000040     drivers.am263px.r5f.ti-arm-clang.release.lib : edma.obj (.text.EDMA_mapChToEvtQ)
                  7004dbf0    00000040                                                  : pinmux.obj (.text.Pinmux_config)
                  7004dc30    00000040     nortos.am263px.r5f.ti-arm-clang.release.lib : SemaphoreP_nortos.obj (.text.SemaphoreP_constructBinary)
                  7004dc70    00000040     drivers.am263px.r5f.ti-arm-clang.release.lib : uart_v0_lld.obj (.text.UART_lld_deInit)
                  7004dcb0    00000040     libc.a : memory.c.obj (.text.free_list_insert)
                  7004dcf0    0000003e     drivers.am263px.r5f.ti-arm-clang.release.lib : i2c_v1_lld.obj (.text.I2C_lld_transferInit)
                  7004dd2e    0000003e     nortos.am263px.r5f.ti-arm-clang.release.lib : SemaphoreP_nortos.obj (.text.SemaphoreP_constructMutex)
                  7004dd6c    0000003c     drivers.am263px.r5f.ti-arm-clang.release.lib : edma.obj (.text.EDMA_getBaseAddr)
                  7004dda8    0000003c                                                  : uart_v0_lld.obj (.text.UART_readData)
                  7004dde4    0000003a     nortos.am263px.r5f.ti-arm-clang.release.lib : ClockP_nortos.obj (.text.ClockP_destruct)
                  7004de1e    0000003a                                                 : DebugP_uartLogWriter.obj (.text.DebugP_uartLogWriterPutChar)
                  7004de58    0000003a     ti_power_clock_config.o (.text.Module_clockSetFrequency)
                  7004de92    0000003a     ioexp_tca6424.o (.text.TCA6424_open)
                  7004decc    0000003a     drivers.am263px.r5f.ti-arm-clang.release.lib : uart_v0_lld.obj (.text.UART_lld_flushTxFifo)
                  7004df06    00000038     BQ25751.o (.text.BQ25751_init)
                  7004df3e    00000002     --HOLE-- [fill = 0]
                  7004df40    00000038     drivers.am263px.r5f.ti-arm-clang.release.lib : soc_rcm.obj (.text.SOC_rcmADPLLJGetFOut)
                  7004df78    00000038     nortos.am263px.r5f.ti-arm-clang.release.lib : DebugP_nortos.obj (.text._DebugP_logZone)
                  7004dfb0    00000038                                                 : PmuP_armv7r_asm.obj (.text.pmu)
                  7004dfe8    00000036     drivers.am263px.r5f.ti-arm-clang.release.lib : edma.obj (.text.EDMA_clrMissEvtRegion)
                  7004e01e    00000034     nortos.am263px.r5f.ti-arm-clang.release.lib : ClockP_nortos.obj (.text.ClockP_start)
                  7004e052    00000002     --HOLE-- [fill = 0]
                  7004e054    00000034     drivers.am263px.r5f.ti-arm-clang.release.lib : i2c_v1.obj (.text.I2C_init)
                  7004e088    00000034                                                  : mcspi_v0.obj (.text.MCSPI_errorCallback)
                  7004e0bc    00000034     ti_power_clock_config.o (.text.Module_clockDisable)
                  7004e0f0    00000034     ti_power_clock_config.o (.text.Module_clockEnable)
                  7004e124    00000034     drivers.am263px.r5f.ti-arm-clang.release.lib : soc.obj (.text.SOC_enableAdcDacLoopback)
                  7004e158    00000034                                                  : soc_rcm.obj (.text.SOC_rcmGetModuleClkDivVal)
                  7004e18c    00000034     libc.a : memory.c.obj (.text.free_list_remove)
                  7004e1c0    00000034     libsysbm.a : lseek.c.obj (.text.lseek)
                  7004e1f4    00000034                : write.c.obj (.text.write)
                  7004e228    00000032     nortos.am263px.r5f.ti-arm-clang.release.lib : ClockP_nortos.obj (.text.ClockP_usleep)
                  7004e25a    00000032     drivers.am263px.r5f.ti-arm-clang.release.lib : edma.obj (.text.EDMA_unmapChToEvtQ)
                  7004e28c    00000032     nortos.am263px.r5f.ti-arm-clang.release.lib : SemaphoreP_nortos.obj (.text.SemaphoreP_post)
                  7004e2be    00000030                                                 : DebugP_uartScanf.obj (.text.DebugP_scanf)
                  7004e2ee    00000030     drivers.am263px.r5f.ti-arm-clang.release.lib : i2c_v1_lld.obj (.text.I2CControllerInitExpClk)
                  7004e31e    00000030                                                  : uart_v0.obj (.text.UART_lld_writeCompleteCallback)
                  7004e34e    00000002     --HOLE-- [fill = 0]
                  7004e350    00000030     int_adc.o (.text.adc_to_current_LM74930)
                  7004e380    0000002e     drivers.am263px.r5f.ti-arm-clang.release.lib : edma.obj (.text.EDMA_enableChInShadowRegRegion)
                  7004e3ae    0000002e                                                  : i2c_v1_lld.obj (.text.I2C_lld_deInit)
                  7004e3dc    0000002e     ti_drivers_config.o (.text.System_init)
                  7004e40a    0000002e     drivers.am263px.r5f.ti-arm-clang.release.lib : uart_v0.obj (.text.UART_lld_readCompleteCallback)
                  7004e438    0000002c     nortos.am263px.r5f.ti-arm-clang.release.lib : DebugP_shmLogReader.obj (.text.DebugP_shmLogReaderInit)
                  7004e464    0000002c     drivers.am263px.r5f.ti-arm-clang.release.lib : i2c_v1.obj (.text.I2C_getHandle)
                  7004e490    0000002c                                                  : soc_rcm.obj (.text.SOC_rcmGetR5Clock)
                  7004e4bc    0000002c                                                  : uart_v0.obj (.text.UART_getHandle)
                  7004e4e8    0000002c     ADS_adc.o (.text.adc_to_current_HSS_MB)
                  7004e514    0000002c     ADS_adc.o (.text.adc_to_current_TPS)
                  7004e540    0000002c     libc.a : sscanf.c.obj (.text.vsscanf)
                  7004e56c    00000028     nortos.am263px.r5f.ti-arm-clang.release.lib : ClockP_nortos.obj (.text.ClockP_sleepTicks)
                  7004e594    00000028     drivers.am263px.r5f.ti-arm-clang.release.lib : gpio.obj (.text.GPIO_setDirMode)
                  7004e5bc    00000028                                                  : mcspi_v0_lld.obj (.text.MCSPI_fifoReadMultiWord)
                  7004e5e4    00000028                                                  : soc.obj (.text.SOC_moduleSetClockFrequency)
                  7004e60c    00000028     ADS_adc.o (.text.read_ext_ADC)
                  7004e634    00000026     nortos.am263px.r5f.ti-arm-clang.release.lib : ClockP_nortos.obj (.text.ClockP_sleep)
                  7004e65a    00000026     drivers.am263px.r5f.ti-arm-clang.release.lib : edma.obj (.text.EDMA_setPaRAM)
                  7004e680    00000026                                                  : i2c_v1_lld.obj (.text.I2C_lld_transferIntr)
                  7004e6a6    00000026                                                  : i2c_v1_lld.obj (.text.I2C_lld_transferPoll)
                  7004e6cc    00000026                                                  : uart_dma_edma.obj (.text.UART_lld_dmaDisableChannel)
                  7004e6f2    00000024                                                  : mcspi_v0_lld.obj (.text.MCSPI_fifoWriteMultiWord)
                  7004e716    00000002     --HOLE-- [fill = 0]
                  7004e718    00000024                                                  : uart_v0_lld.obj (.text.UART_IsHWFlowCtrlValid)
                  7004e73c    00000024                                                  : uart_v0_lld.obj (.text.UART_IsRxTrigLvlValid)
                  7004e760    00000024                                                  : uart_v0_lld.obj (.text.UART_IsTxTrigLvlValid)
                  7004e784    00000024     libclang_rt.builtins.a : aeabi_uldivmod.S.obj (.text.__aeabi_uldivmod)
                  7004e7a8    00000024     int_adc.o (.text.int_adc_to_voltage)
                  7004e7cc    00000024     nortos.am263px.r5f.ti-arm-clang.release.lib : printf.obj (.text.vprintf_)
                  7004e7f0    00000022     drivers.am263px.r5f.ti-arm-clang.release.lib : edma.obj (.text.EDMA_linkChannel)
                  7004e812    00000022                                                  : mcspi_v0_lld.obj (.text.MCSPI_transferPeripheralIntr)
                  7004e834    00000022     ti_drivers_config.o (.text.System_deinit)
                  7004e856    00000022     logger.o (.text.print_logs)
                  7004e878    00000020     nortos.am263px.r5f.ti-arm-clang.release.lib : DebugP_log.obj (.text.DebugP_logZoneEnable)
                  7004e898    00000020     drivers.am263px.r5f.ti-arm-clang.release.lib : i2c_v1_lld.obj (.text.I2C_lld_Message_init)
                  7004e8b8    00000020                                                  : mcspi_v0_lld.obj (.text.MCSPI_fifoRead32)
                  7004e8d8    00000020     nortos.am263px.r5f.ti-arm-clang.release.lib : TimerP_rti_priv.obj (.text.TimerP_Params_initPriv)
                  7004e8f8    00000020     drivers.am263px.r5f.ti-arm-clang.release.lib : uart_v0_lld.obj (.text.UART_getChar)
                  7004e918    0000001e     ti_board_open_close.o (.text.Board_driversOpen)
                  7004e936    0000001e     ioexp_tca6424.o (.text.TCA6424_close)
                  7004e954    0000001e     drivers.am263px.r5f.ti-arm-clang.release.lib : uart_v0_lld.obj (.text.UART_spaceAvail)
                  7004e972    0000001e                                                  : uart_v0_lld.obj (.text.UART_statusIsDataReady)
                  7004e990    0000001c                                                  : i2c_v1.obj (.text.I2C_hwiFxn)
                  7004e9ac    0000001c                                                  : mcspi_v0_lld.obj (.text.MCSPI_fifoWrite32)
                  7004e9c8    0000001c                                                  : mcspi_v0_lld.obj (.text.MCSPI_getFifoTrigLvl)
                  7004e9e4    0000001c                                                  : mcspi_v0_lld.obj (.text.MCSPI_lld_deInit)
                  7004ea00    0000001c                                                  : soc_rcm.obj (.text.SOC_rcmIsR5FInLockStepMode)
                  7004ea1c    0000001c     libc.a : sscanf.c.obj (.text._inpchar)
                  7004ea38    0000001c     main.o (.text.main)
                  7004ea54    0000001c     libsysbm.a : hostrename.c.obj (.text.strcpy)
                  7004ea70    0000001c                : hostrename.c.obj (.text.strlen)
                  7004ea8c    0000001c     libc.a : memcpy32.S.obj (.text:TI_memcpy_small)
                  7004eaa8    0000001a     nortos.am263px.r5f.ti-arm-clang.release.lib : CpuId_armv7r.obj (.text.CSL_armR5GetCpuID)
                  7004eac2    0000001a     drivers.am263px.r5f.ti-arm-clang.release.lib : edma.obj (.text.EDMA_readEventStatusRegion)
                  7004eadc    0000001a                                                  : uart_v0_lld.obj (.text.UART_enhanFuncEnable)
                  7004eaf6    00000002     --HOLE-- [fill = 0]
                  7004eaf8    00000018                                                  : i2c_v1.obj (.text.I2C_deinit)
                  7004eb10    00000018                                                  : mcspi_v0.obj (.text.MCSPI_deinit)
                  7004eb28    00000018                                                  : mcspi_dma_edma.obj (.text.MCSPI_lld_dmaInit)
                  7004eb40    00000018     nortos.am263px.r5f.ti-arm-clang.release.lib : TimerP_rti_priv.obj (.text.TimerP_getCountPriv)
                  7004eb58    00000018     drivers.am263px.r5f.ti-arm-clang.release.lib : uart_v0.obj (.text.UART_deinit)
                  7004eb70    00000018     logger.o (.text.clear_logs)
                  7004eb88    00000018     libc.a : memset32.S.obj (.text:TI_memset_small)
                  7004eba0    00000016     drivers.am263px.r5f.ti-arm-clang.release.lib : i2c_v1_lld.obj (.text.I2C_lld_Transaction_init)
                  7004ebb6    00000016                                                  : mcspi_v0_lld.obj (.text.MCSPI_reset)
                  7004ebcc    00000016                                                  : uart_v0_lld.obj (.text.UART_IsTxRxFifoEmpty)
                  7004ebe2    00000016                                                  : uart_v0_lld.obj (.text.UART_getIntrIdentityStatus)
                  7004ebf8    00000016                                                  : uart_v0_lld.obj (.text.UART_getRxError)
                  7004ec0e    00000014     nortos.am263px.r5f.ti-arm-clang.release.lib : ClockP_nortos.obj (.text.ClockP_usecToTicks)
                  7004ec22    00000014     drivers.am263px.r5f.ti-arm-clang.release.lib : edma.obj (.text.EDMA_getRegionId)
                  7004ec36    00000014                                                  : uart_v0.obj (.text.UART_Transaction_init)
                  7004ec4a    00000014                                                  : uart_v0_lld.obj (.text.UART_enhanFuncBitValRestore)
                  7004ec5e    00000012                                                  : adc.obj (.text.ADC_setMode)
                  7004ec70    00000012                                                  : i2c_v1.obj (.text.I2C_LLD_transferCompleteCallback)
                  7004ec82    00000012                                                  : uart_v0_lld.obj (.text.UART_hardwareFlowCtrlOptSet)
                  7004ec94    00000012                                                  : uart_v0_lld.obj (.text.UART_operatingModeSelect)
                  7004eca6    00000012                                                  : uart_v0_lld.obj (.text.UART_readLineStatus)
                  7004ecb8    00000012     ti_dpl_config.o (.text.putchar_)
                  7004ecca    00000010     drivers.am263px.r5f.ti-arm-clang.release.lib : gpio.obj (.text.GPIO_bankIntrDisable)
                  7004ecda    00000010                                                  : uart_v0_lld.obj (.text.UART_intr2Disable)
                  7004ecea    00000002     --HOLE-- [fill = 0]
                  7004ecec    00000010     libclang_rt.builtins.a : aeabi_memset.S.obj (.text.__aeabi_memset)
                  7004ecfc    00000010     libc.a : sscanf.c.obj (.text._uninpchar)
                  7004ed0c    00000010            : fputc.c.obj (.text.putchar)
                  7004ed1c    0000000e     drivers.am263px.r5f.ti-arm-clang.release.lib : edma.obj (.text.EDMA_ccPaRAMEntry_init)
                  7004ed2a    0000000e                                                  : gpio.obj (.text.GPIO_bankIntrEnable)
                  7004ed38    0000000e                                                  : i2c_v1.obj (.text.I2C_transferCallback)
                  7004ed46    0000000e     ti_pinmux_config.o (.text.Pinmux_init)
                  7004ed54    0000000e     ti_power_clock_config.o (.text.PowerClock_init)
                  7004ed62    0000000c     nortos.am263px.r5f.ti-arm-clang.release.lib : ClockP_nortos.obj (.text.ClockP_getTicks)
                  7004ed6e    0000000c                                                 : DebugP_uartLogWriter.obj (.text.DebugP_uartSetDrvIndex)
                  7004ed7a    0000000c     drivers.am263px.r5f.ti-arm-clang.release.lib : edma.obj (.text.EDMA_isInitialized)
                  7004ed86    00000002     --HOLE-- [fill = 0]
                  7004ed88    0000000c                                                  : i2c_v1.obj (.text.I2C_Transaction_init)
                  7004ed94    0000000c                                                  : soc.obj (.text.SOC_getSelfCpuClk)
                  7004eda0    0000000c     ioexp_tca6424.o (.text.TCA6424_Params_init)
                  7004edac    0000000c     libc.a : aeabi_portable.c.obj (.text.__aeabi_errno_addr)
                  7004edb8    0000000c     libclang_rt.builtins.a : aeabi_memset.S.obj (.text.__aeabi_memclr)
                  7004edc4    0000000c     libc.a : memory.c.obj (.text.malloc)
                  7004edd0    0000000c     nortos.am263px.r5f.ti-arm-clang.release.lib : CpuId_armv7r_asm.obj (.text)
                  7004eddc    00000004     ti_power_clock_config.o (.text.PowerClock_deinit)
                  7004ede0    0000000c     libc.a : strcmp32.S.obj (.text)
                  7004edec    0000000a     nortos.am263px.r5f.ti-arm-clang.release.lib : ClockP_nortos.obj (.text.ClockP_Params_init)
                  7004edf6    0000000a                                                 : ClockP_nortos.obj (.text.ClockP_isActive)
                  7004ee00    0000000a                                                 : TimerP_rti_priv.obj (.text.TimerP_getReloadCountPriv)
                  7004ee0a    0000000a                                                 : TimerP_rti_priv.obj (.text.TimerP_startPriv)
                  7004ee14    0000000a     drivers.am263px.r5f.ti-arm-clang.release.lib : uart_v0_lld.obj (.text.UART_lld_Transaction_deInit)
                  7004ee1e    00000002     --HOLE-- [fill = 0]
                  7004ee20    00000008     libsysbm.a : hostexit.c.obj (.text.HOSTexit)
                  7004ee28    00000008     nortos.am263px.r5f.ti-arm-clang.release.lib : TimerP_rti_priv.obj (.text.TimerP_clearOverflowIntPriv)
                  7004ee30    00000008                                                 : printf.obj (.text._out_char)
                  7004ee38    00000006     drivers.am263px.r5f.ti-arm-clang.release.lib : edma.obj (.text.EDMA_isInterruptEnabled)
                  7004ee3e    00000006                                                  : soc.obj (.text.SOC_moduleClockEnable)
                  7004ee44    00000006                                                  : soc_rcm.obj (.text.SOC_rcmGetCR5SysclkInFrequency)
                  7004ee4a    00000004     nortos.am263px.r5f.ti-arm-clang.release.lib : TimerP_rti_nortos.obj (.text.TimerP_Params_init)
                  7004ee4e    00000004                                                 : TimerP_rti_nortos.obj (.text.TimerP_clearOverflowInt)
                  7004ee52    00000004                                                 : TimerP_rti_nortos.obj (.text.TimerP_getCount)
                  7004ee56    00000004                                                 : TimerP_rti_nortos.obj (.text.TimerP_getReloadCount)
                  7004ee5a    00000004                                                 : TimerP_rti_nortos.obj (.text.TimerP_setup)
                  7004ee5e    00000004                                                 : TimerP_rti_nortos.obj (.text.TimerP_start)
                  7004ee62    00000002     --HOLE-- [fill = 0]
                  7004ee64    00000004     libclang_rt.builtins.a : aeabi_div0.c.obj (.text.__aeabi_idiv0)
                  7004ee68    00000004                            : aeabi_div0.c.obj (.text.__aeabi_ldiv0)
                  7004ee6c    00000004                            : aeabi_memcpy.S.obj (.text.__aeabi_memcpy)
                  7004ee70    00000004     libc.a : _lock.c.obj (.text._nop)
                  7004ee74    00000004            : fseek.c.obj (.text.fseek)
                  7004ee78    00000004     libsysbm.a : remove.c.obj (.text.remove)
                  7004ee7c    00000008     libclang_rt.builtins.a : aeabi_memcpy.S.obj (.tramp.__aeabi_memcpy.1)
                  7004ee84    00000008     nortos.am263px.r5f.ti-arm-clang.release.lib : HwiP_armv7r_asm.obj (.tramp.HwiP_restore.1)
                  7004ee8c    00000008                                                 : HwiP_armv7r_asm.obj (.tramp.HwiP_enable.1)
                  7004ee94    00000008                                                 : PmuP_armv7r_asm.obj (.tramp.PmuP_setUserEnable.1)
                  7004ee9c    00000008                                                 : PmuP_armv7r_asm.obj (.tramp.PmuP_enableCounters.1)
                  7004eea4    0000001c     --HOLE-- [fill = 0]

.rodata    0    7004eec0    00002b70     
                  7004eec0    000004b0     testing.o (.rodata.test_results)
                  7004f370    00000160     BQ25751.o (.rodata.bq25751_registers)
                  7004f4d0    00000101     libc.a : aeabi_ctype.S.obj (.rodata:__aeabi_ctype_table_)
                  7004f5d1    00000096     testing.o (.rodata.test_cases)
                  7004f667    00000001     logger.o (.rodata.str1.11170080405929493601.1)
                  7004f668    00000080     libc.a : strtod.c.obj (.rodata.digits)
                  7004f6e8    0000007a     ti_drivers_open_close.o (.rodata.str1.14200658025495415368.1)
                  7004f762    00000002     --HOLE-- [fill = 0]
                  7004f764    00000074     ti_dpl_config.o (.rodata.cfg)
                  7004f7d8    00000051     drivers.am263px.r5f.ti-arm-clang.release.lib : mcspi_v0.obj (.rodata.str1.26396439823528435241)
                  7004f829    00000007     libc.a : _scanfi.c.obj (.rodata._sproc_int.flit)
                  7004f830    00000050     nortos.am263px.r5f.ti-arm-clang.release.lib : printf.obj (.rodata._ftoa.pow10)
                  7004f880    00000048     drivers.am263px.r5f.ti-arm-clang.release.lib : soc_rcm.obj (.rodata.gADPLLJConfigTbl)
                  7004f8c8    00000048     libc.a : strtod.c.obj (.rodata.powerof10)
                  7004f910    00000048     BQ25751.o (.rodata.str1.14774090551701140490.1)
                  7004f958    00000048     BQ25856.o (.rodata.str1.792225484636118899.1)
                  7004f9a0    00000048     drivers.am263px.r5f.ti-arm-clang.release.lib : mcspi_v0_lld.obj (.rodata.str1.97363132707188488161)
                  7004f9e8    00000047     BQ25751.o (.rodata.str1.12706072285533335359.1)
                  7004fa2f    00000047     BQ25856.o (.rodata.str1.17452830622121482975.1)
                  7004fa76    0000003d     nortos.am263px.r5f.ti-arm-clang.release.lib : TimerP_rti_priv.obj (.rodata.str1.72163963154704191671)
                  7004fab3    0000003b     testing.o (.rodata.str1.13902908763734703229.1)
                  7004faee    0000003b     BQ25751.o (.rodata.str1.15351948885430041794.1)
                  7004fb29    0000003b     logger.o (.rodata.str1.15765208293925770228.1)
                  7004fb64    0000003b     testing.o (.rodata.str1.17746360623054601515.1)
                  7004fb9f    0000003b     BQ25856.o (.rodata.str1.6498109007845748154.1)
                  7004fbda    0000003b     testing.o (.rodata.str1.9663668549545128397.1)
                  7004fc15    0000003a     BQ25856.o (.rodata.str1.1125723703244764118.1)
                  7004fc4f    0000003a     testing.o (.rodata.str1.13404232100597892824.1)
                  7004fc89    0000003a     testing.o (.rodata.str1.14475428689845802839.1)
                  7004fcc3    0000003a     BQ25751.o (.rodata.str1.3951025446691905541.1)
                  7004fcfd    0000003a     testing.o (.rodata.str1.5333103860067079182.1)
                  7004fd37    00000039     testing.o (.rodata.str1.12712981990626671882.1)
                  7004fd70    00000038     logger.o (.rodata..Lswitch.table.print_log.27)
                  7004fda8    00000038     testing.o (.rodata.str1.13271957185734089466.1)
                  7004fde0    00000038     testing.o (.rodata.str1.1809024094263384077.1)
                  7004fe18    00000038     ti_drivers_open_close.o (.rodata.str1.2554706296470369595.1)
                  7004fe50    00000038     testing.o (.rodata.str1.9646216584914662902.1)
                  7004fe88    00000037     testing.o (.rodata.str1.12934025152450101698.1)
                  7004febf    00000037     testing.o (.rodata.str1.13753495736459524521.1)
                  7004fef6    00000037     nortos.am263px.r5f.ti-arm-clang.release.lib : SemaphoreP_nortos.obj (.rodata.str1.52751030918495836841)
                  7004ff2d    00000037     testing.o (.rodata.str1.912323090116748061.1)
                  7004ff64    00000036     ti_drivers_open_close.o (.rodata.str1.10252002122772422448.1)
                  7004ff9a    00000036     testing.o (.rodata.str1.1765844212525536965.1)
                  7004ffd0    00000036     testing.o (.rodata.str1.9310835370192816021.1)
                  70050006    00000035     BQ25856.o (.rodata.str1.13289053766905887436.1)
                  7005003b    00000035     BQ25751.o (.rodata.str1.13909236871274729330.1)
                  70050070    00000035     ti_drivers_open_close.o (.rodata.str1.17551203406305493380.1)
                  700500a5    00000035     ti_drivers_open_close.o (.rodata.str1.17665391694225509261.1)
                  700500da    00000035     BQ25751.o (.rodata.str1.2730883272908071265.1)
                  7005010f    00000035     BQ25856.o (.rodata.str1.7995244721850945903.1)
                  70050144    00000033     testing.o (.rodata.str1.8696649377706721793.1)
                  70050177    00000032     BQ25856.o (.rodata.str1.10414671138414579745.1)
                  700501a9    00000032     drivers.am263px.r5f.ti-arm-clang.release.lib : adc.obj (.rodata.str1.104222482920253680151)
                  700501db    00000032                                                  : adc.obj (.rodata.str1.137023953294967812531)
                  7005020d    00000032     BQ25751.o (.rodata.str1.8312350936966051270.1)
                  7005023f    00000031     BQ25751.o (.rodata.str1.1249517775944244852.1)
                  70050270    00000031     BQ25856.o (.rodata.str1.15489050132451458266.1)
                  700502a1    00000031     i2c_helper.o (.rodata.str1.6590778483916000382.1)
                  700502d2    00000030     BQ25751.o (.rodata.str1.10106629780682049060.1)
                  70050302    00000030     BQ25856.o (.rodata.str1.10243731268799205829.1)
                  70050332    00000030     BQ25856.o (.rodata.str1.17962396073544272735.1)
                  70050362    00000030     BQ25751.o (.rodata.str1.1820889172356602547.1)
                  70050392    00000030     BQ25856.o (.rodata.str1.5082595652625867718.1)
                  700503c2    00000030     ti_drivers_open_close.o (.rodata.str1.5293217666052239616.1)
                  700503f2    00000030     BQ25751.o (.rodata.str1.8003800691019726735.1)
                  70050422    0000002e     BQ25856.o (.rodata.str1.11154569111547305432.1)
                  70050450    0000002e     BQ25751.o (.rodata.str1.12958517175328886002.1)
                  7005047e    0000002e     BQ25856.o (.rodata.str1.14338968568037909906.1)
                  700504ac    0000002e     BQ25751.o (.rodata.str1.16455321582865690357.1)
                  700504da    0000002e     BQ25856.o (.rodata.str1.2207094062492082686.1)
                  70050508    0000002e     nortos.am263px.r5f.ti-arm-clang.release.lib : ClockP_nortos.obj (.rodata.str1.39419159632632580371)
                  70050536    0000002e     BQ25751.o (.rodata.str1.8443781089576892544.1)
                  70050564    0000002d     BQ25751.o (.rodata.str1.1275194715022805712.1)
                  70050591    0000002d     BQ25751.o (.rodata.str1.13143656991489871118.1)
                  700505be    0000002d     i2c_helper.o (.rodata.str1.13339857155982739385.1)
                  700505eb    0000002d     BQ25856.o (.rodata.str1.3292642858858668380.1)
                  70050618    0000002d     BQ25856.o (.rodata.str1.7239366430763322147.1)
                  70050645    0000002d     BQ25751.o (.rodata.str1.7430776718305622844.1)
                  70050672    00000006     libc.a : _scanfi.c.obj (.rodata._sproc_int.barr)
                  70050678    0000002c     drivers.am263px.r5f.ti-arm-clang.release.lib : i2c_v1.obj (.rodata.I2C_defaultTransaction)
                  700506a4    0000002c     i2c_helper.o (.rodata.str1.1142222398543706323.1)
                  700506d0    0000002c     BQ25751.o (.rodata.str1.12868114523665019615.1)
                  700506fc    0000002c     BQ25856.o (.rodata.str1.1365095078110829190.1)
                  70050728    0000002c     BQ25751.o (.rodata.str1.14581448127847459194.1)
                  70050754    0000002c     i2c_helper.o (.rodata.str1.5541145730006603107.1)
                  70050780    0000002c     BQ25751.o (.rodata.str1.7886701266418031715.1)
                  700507ac    0000002c     BQ25751.o (.rodata.str1.9017280232647772979.1)
                  700507d8    0000002c     BQ25856.o (.rodata.str1.9042339658583023608.1)
                  70050804    0000002b     BQ25856.o (.rodata.str1.11094402880587398397.1)
                  7005082f    0000002b     BQ25751.o (.rodata.str1.15589734765688486271.1)
                  7005085a    0000002b     BQ25856.o (.rodata.str1.16112850348045815110.1)
                  70050885    0000002b     BQ25751.o (.rodata.str1.5160441401641532227.1)
                  700508b0    0000002a     logger.o (.rodata.str1.6697840596852582545.1)
                  700508da    0000002a     BQ25751.o (.rodata.str1.7897313143695813649.1)
                  70050904    0000002a     nortos.am263px.r5f.ti-arm-clang.release.lib : DebugP_log.obj (.rodata.str1.8882360920750446361)
                  7005092e    00000028     BQ25751.o (.rodata.str1.10095525046290625685.1)
                  70050956    00000028     ti_drivers_open_close.o (.rodata.str1.1596297266130340916.1)
                  7005097e    00000028     ti_drivers_open_close.o (.rodata.str1.16112177131852734107.1)
                  700509a6    00000028     BQ25751.o (.rodata.str1.17894075944801656883.1)
                  700509ce    00000027     nortos.am263px.r5f.ti-arm-clang.release.lib : ClockP_nortos_r5.obj (.rodata.str1.91622226613999981811)
                  700509f5    00000026     i2c_helper.o (.rodata.str1.8566739563610922213.1)
                  70050a1b    00000025     ti_board_open_close.o (.rodata.str1.12245025114167949655.1)
                  70050a40    00000025     ti_drivers_open_close.o (.rodata.str1.7750254725308216577.1)
                  70050a65    00000024     BQ25751.o (.rodata.str1.13505117214245943287.1)
                  70050a89    00000024     testing.o (.rodata.str1.1448113453728135492.1)
                  70050aad    00000024     drivers.am263px.r5f.ti-arm-clang.release.lib : edma.obj (.rodata.str1.164918382464449145851)
                  70050ad1    00000024     BQ25856.o (.rodata.str1.17151883366456074681.1)
                  70050af5    00000023     ti_drivers_open_close.o (.rodata.str1.10490786615736436564.1)
                  70050b18    00000023     BQ25751.o (.rodata.str1.12421258905385577217.1)
                  70050b3b    00000023     nortos.am263px.r5f.ti-arm-clang.release.lib : ClockP_nortos_r5.obj (.rodata.str1.136646522816104227591)
                  70050b5e    00000023     drivers.am263px.r5f.ti-arm-clang.release.lib : soc_rcm.obj (.rodata.str1.15813086600912413471)
                  70050b81    00000023     BQ25856.o (.rodata.str1.4767447193301463323.1)
                  70050ba4    00000023     ti_board_open_close.o (.rodata.str1.760704006985994805.1)
                  70050bc7    00000022     drivers.am263px.r5f.ti-arm-clang.release.lib : edma.obj (.rodata.str1.6611792697437713481)
                  70050be9    00000021     nortos.am263px.r5f.ti-arm-clang.release.lib : ClockP_nortos_r5.obj (.rodata.str1.99041146818411950391)
                  70050c0a    00000002     --HOLE-- [fill = 0]
                  70050c0c    00000020     drivers.am263px.r5f.ti-arm-clang.release.lib : uart_v0_lld.obj (.rodata.cst32)
                  70050c2c    00000020     PDMtesting.o (.rodata.str1.10015848951539402881.1)
                  70050c4c    00000020     drivers.am263px.r5f.ti-arm-clang.release.lib : uart_v0.obj (.rodata.str1.150767988884773108331)
                  70050c6c    0000001f     board.o (.rodata.str1.10881007155619371109.1)
                  70050c8b    0000001f     board.o (.rodata.str1.123550804358397101.1)
                  70050caa    0000001f     board.o (.rodata.str1.13738757807042593414.1)
                  70050cc9    0000001f     board.o (.rodata.str1.14465880841147386111.1)
                  70050ce8    0000001f     logger.o (.rodata.str1.14867204177169952558.1)
                  70050d07    0000001f     board.o (.rodata.str1.1510811462892085231.1)
                  70050d26    0000001f     board.o (.rodata.str1.16077883977509950417.1)
                  70050d45    0000001f     board.o (.rodata.str1.1696272589420159480.1)
                  70050d64    0000001f     board.o (.rodata.str1.18250802514644841805.1)
                  70050d83    0000001f     nortos.am263px.r5f.ti-arm-clang.release.lib : SemaphoreP_nortos.obj (.rodata.str1.25281168886080794691)
                  70050da2    0000001f                                                 : ClockP_nortos_r5.obj (.rodata.str1.25349503636762439021)
                  70050dc1    0000001f     board.o (.rodata.str1.5436337271421848948.1)
                  70050de0    0000001f     board.o (.rodata.str1.6418571003999367838.1)
                  70050dff    0000001f     board.o (.rodata.str1.6840234256597642108.1)
                  70050e1e    0000001f     ti_drivers_open_close.o (.rodata.str1.871795152488895636.1)
                  70050e3d    0000001f     board.o (.rodata.str1.9045895231722895584.1)
                  70050e5c    0000001f     board.o (.rodata.str1.9461189164499355904.1)
                  70050e7b    0000001e     board.o (.rodata.str1.10345935079445805060.1)
                  70050e99    0000001e     drivers.am263px.r5f.ti-arm-clang.release.lib : mcspi_v0.obj (.rodata.str1.144400815220210358851)
                  70050eb7    0000001e     board.o (.rodata.str1.9453984286452795027.1)
                  70050ed5    0000001d     nortos.am263px.r5f.ti-arm-clang.release.lib : TimerP_rti_priv.obj (.rodata.str1.114219152040444562951)
                  70050ef2    0000001d                                                 : TimerP_rti_priv.obj (.rodata.str1.125174968193178473681)
                  70050f0f    0000001d     ti_drivers_open_close.o (.rodata.str1.13083909648175487149.1)
                  70050f2c    0000001d     drivers.am263px.r5f.ti-arm-clang.release.lib : uart_v0.obj (.rodata.str1.142814395268246240721)
                  70050f49    0000001d                                                  : mcspi_v0.obj (.rodata.str1.171925388543524077211)
                  70050f66    0000001d     nortos.am263px.r5f.ti-arm-clang.release.lib : TimerP_rti_priv.obj (.rodata.str1.27974953896521033811)
                  70050f83    00000001     --HOLE-- [fill = 0]
                  70050f84    0000001c     BQ25751.o (.rodata..Lswitch.table.BQ25751_read_faults)
                  70050fa0    0000001c     logger.o (.rodata.str1.10253156068257962407.1)
                  70050fbc    0000001c     logger.o (.rodata.str1.12893940535876439382.1)
                  70050fd8    0000001c     logger.o (.rodata.str1.16946937258229686214.1)
                  70050ff4    0000001b     logger.o (.rodata.str1.10289081750774512625.1)
                  7005100f    0000001b     drivers.am263px.r5f.ti-arm-clang.release.lib : edma.obj (.rodata.str1.16266241636797238661)
                  7005102a    0000001b     nortos.am263px.r5f.ti-arm-clang.release.lib : ClockP_nortos.obj (.rodata.str1.47646432807403639741)
                  70051045    0000001b     ti_drivers_open_close.o (.rodata.str1.5509699957385355460.1)
                  70051060    0000001b     logger.o (.rodata.str1.6452265960373237926.1)
                  7005107b    0000001a     drivers.am263px.r5f.ti-arm-clang.release.lib : edma.obj (.rodata.str1.124702968117785801901)
                  70051095    0000001a     nortos.am263px.r5f.ti-arm-clang.release.lib : ClockP_nortos_r5.obj (.rodata.str1.133203246495064227641)
                  700510af    0000001a     board.o (.rodata.str1.15102135329570516791.1)
                  700510c9    0000001a     BQ25751.o (.rodata.str1.15227057180538999327.1)
                  700510e3    0000001a     drivers.am263px.r5f.ti-arm-clang.release.lib : soc_rcm.obj (.rodata.str1.153801437654618082741)
                  700510fd    0000001a                                                  : mcspi_v0.obj (.rodata.str1.169212516063846095031)
                  70051117    0000001a                                                  : i2c_v1.obj (.rodata.str1.65627606760091541251)
                  70051131    0000001a                                                  : mcspi_v0.obj (.rodata.str1.99640994410596514241)
                  7005114b    00000019     ti_drivers_open_close.o (.rodata.str1.14059614886583751700.1)
                  70051164    00000019     nortos.am263px.r5f.ti-arm-clang.release.lib : TimerP_rti_priv.obj (.rodata.str1.160914699991520874261)
                  7005117d    00000019     ti_drivers_open_close.o (.rodata.str1.7332975063418302059.1)
                  70051196    00000002     --HOLE-- [fill = 0]
                  70051198    00000018     drivers.am263px.r5f.ti-arm-clang.release.lib : soc.obj (.rodata..Lswitch.table.SOC_getAdcReferenceStatus)
                  700511b0    00000018                                                  : i2c_v1_lld.obj (.rodata.I2C_lld_defaultMessage)
                  700511c8    00000018                                                  : soc_rcm.obj (.rodata.gControlssPllClkSrcValMap)
                  700511e0    00000018                                                  : soc_rcm.obj (.rodata.gCptsClkSrcValMap)
                  700511f8    00000018                                                  : soc_rcm.obj (.rodata.gI2cClkSrcValMap)
                  70051210    00000018                                                  : soc_rcm.obj (.rodata.gLinUartClkSrcValMap)
                  70051228    00000018                                                  : soc_rcm.obj (.rodata.gPeripheralClkSrcInfoMap)
                  70051240    00000018                                                  : soc_rcm.obj (.rodata.gRtiClkSrcValMap)
                  70051258    00000018                                                  : soc_rcm.obj (.rodata.gWdtClkSrcValMap)
                  70051270    00000018                                                  : i2c_v1.obj (.rodata.str1.10394555129776590081)
                  70051288    00000018     BQ25751.o (.rodata.str1.1271360048684525176.1)
                  700512a0    00000018     drivers.am263px.r5f.ti-arm-clang.release.lib : i2c_v1.obj (.rodata.str1.145046381417982596211)
                  700512b8    00000018                                                  : i2c_v1.obj (.rodata.str1.146157486204483244751)
                  700512d0    00000018     BQ25856.o (.rodata.str1.18403151905249693661.1)
                  700512e8    00000018     logger.o (.rodata.str1.516959638814628545.1)
                  70051300    00000018     logger.o (.rodata.str1.5671237403414969566.1)
                  70051318    00000018     logger.o (.rodata.str1.887488774559121338.1)
                  70051330    00000018     drivers.am263px.r5f.ti-arm-clang.release.lib : uart_v0.obj (.rodata.str1.9069738176458784971)
                  70051348    00000018     BQ25751.o (.rodata.str1.9421605849956869534.1)
                  70051360    00000018     logger.o (.rodata.str1.998270875404085501.1)
                  70051378    00000017     ADS_adc.o (.rodata.str1.10043506777178288082.1)
                  7005138f    00000017     logger.o (.rodata.str1.10127394157737690499.1)
                  700513a6    00000017     i2c_helper.o (.rodata.str1.11017991858036563943.1)
                  700513bd    00000017     drivers.am263px.r5f.ti-arm-clang.release.lib : soc_rcm.obj (.rodata.str1.141251745167226470741)
                  700513d4    00000017     ti_drivers_open_close.o (.rodata.str1.1628183244885117158.1)
                  700513eb    00000017     logger.o (.rodata.str1.9485715002722841782.1)
                  70051402    00000016     PDMtesting.o (.rodata.str1.10577412323663350067.1)
                  70051418    00000016     drivers.am263px.r5f.ti-arm-clang.release.lib : soc_rcm.obj (.rodata.str1.107645048611228328791)
                  7005142e    00000016     PDMtesting.o (.rodata.str1.12143205621091433229.1)
                  70051444    00000016     logger.o (.rodata.str1.1246197995540081341.1)
                  7005145a    00000016     logger.o (.rodata.str1.14246187852812087945.1)
                  70051470    00000016     drivers.am263px.r5f.ti-arm-clang.release.lib : soc_rcm.obj (.rodata.str1.177369307189295936511)
                  70051486    00000016     BQ25751.o (.rodata.str1.3974748969067114375.1)
                  7005149c    00000016     drivers.am263px.r5f.ti-arm-clang.release.lib : soc_rcm.obj (.rodata.str1.63555232926284281011)
                  700514b2    00000016                                                  : mcspi_v0.obj (.rodata.str1.85423015064808713541)
                  700514c8    00000015     ti_drivers_open_close.o (.rodata.str1.11521962449680083383.1)
                  700514dd    00000015     drivers.am263px.r5f.ti-arm-clang.release.lib : edma.obj (.rodata.str1.149652404363315708211)
                  700514f2    00000015     ti_drivers_open_close.o (.rodata.str1.17912154466570466874.1)
                  70051507    00000015     drivers.am263px.r5f.ti-arm-clang.release.lib : adc.obj (.rodata.str1.20431844208594508061)
                  7005151c    00000015     nortos.am263px.r5f.ti-arm-clang.release.lib : SemaphoreP_nortos.obj (.rodata.str1.30861210816963497001)
                  70051531    00000015     BQ25751.o (.rodata.str1.453300746779397769.1)
                  70051546    00000015     logger.o (.rodata.str1.8545315102583907144.1)
                  7005155b    00000014     drivers.am263px.r5f.ti-arm-clang.release.lib : mcspi_v0_lld.obj (.rodata.str1.147988882001261723701)
                  7005156f    00000014                                                  : edma.obj (.rodata.str1.176595599180530855901)
                  70051583    00000014                                                  : mcspi_v0.obj (.rodata.str1.34611452835214624521)
                  70051597    00000014     ti_drivers_open_close.o (.rodata.str1.3622116258035701796.1)
                  700515ab    00000014     drivers.am263px.r5f.ti-arm-clang.release.lib : edma.obj (.rodata.str1.41785049815304208531)
                  700515bf    00000014                                                  : edma.obj (.rodata.str1.93700429500326477781)
                  700515d3    00000013                                                  : soc_rcm.obj (.rodata.str1.30734103837947208761)
                  700515e6    00000013     testing.o (.rodata.str1.761491514650110821.1)
                  700515f9    00000013     testing.o (.rodata.str1.8954517940817656586.1)
                  7005160c    00000013     drivers.am263px.r5f.ti-arm-clang.release.lib : uart_v0.obj (.rodata.str1.9980655952161290391)
                  7005161f    00000012                                                  : uart_v0.obj (.rodata.str1.166492982902436568231)
                  70051631    00000012                                                  : uart_v0.obj (.rodata.str1.171120843061886446841)
                  70051643    00000012                                                  : edma.obj (.rodata.str1.41579851849113419871)
                  70051655    00000012     BQ25856.o (.rodata.str1.5451804751329502844.1)
                  70051667    00000012     BQ25751.o (.rodata.str1.5958878973536578819.1)
                  70051679    00000012     ti_drivers_open_close.o (.rodata.str1.6538372684047993024.1)
                  7005168b    00000012     drivers.am263px.r5f.ti-arm-clang.release.lib : soc_rcm.obj (.rodata.str1.67217821191364965911)
                  7005169d    00000011     BQ25856.o (.rodata.str1.11534990111546798960.1)
                  700516ae    00000011     drivers.am263px.r5f.ti-arm-clang.release.lib : edma.obj (.rodata.str1.117215064595961288031)
                  700516bf    00000011     ti_drivers_open_close.o (.rodata.str1.12213835641041270557.1)
                  700516d0    00000011     logger.o (.rodata.str1.13406532556922755089.1)
                  700516e1    00000011     drivers.am263px.r5f.ti-arm-clang.release.lib : uart_v0.obj (.rodata.str1.16967668833904919061)
                  700516f2    00000011     BQ25751.o (.rodata.str1.17099517407219647408.1)
                  70051703    00000011     drivers.am263px.r5f.ti-arm-clang.release.lib : edma.obj (.rodata.str1.28692048193800818901)
                  70051714    00000011     nortos.am263px.r5f.ti-arm-clang.release.lib : ClockP_nortos.obj (.rodata.str1.37923443167824241621)
                  70051725    00000011                                                 : TimerP_rti_priv.obj (.rodata.str1.44101942245516082551)
                  70051736    00000011     logger.o (.rodata.str1.4633242734696342979.1)
                  70051747    00000011     ti_drivers_open_close.o (.rodata.str1.6292539624901818759.1)
                  70051758    00000010     drivers.am263px.r5f.ti-arm-clang.release.lib : soc.obj (.rodata.cst16)
                  70051768    00000010                                                  : mcspi_v0.obj (.rodata.str1.153145657127816401141)
                  70051778    00000010     ti_drivers_open_close.o (.rodata.str1.15574074207268991336.1)
                  70051788    00000010     drivers.am263px.r5f.ti-arm-clang.release.lib : edma.obj (.rodata.str1.18778444954996405781)
                  70051798    00000010                                                  : i2c_v1.obj (.rodata.str1.55879311564180241041)
                  700517a8    00000010     ti_drivers_open_close.o (.rodata.str1.6437641722977580707.1)
                  700517b8    0000000f     drivers.am263px.r5f.ti-arm-clang.release.lib : edma.obj (.rodata.str1.111354322338949310841)
                  700517c7    0000000f                                                  : edma.obj (.rodata.str1.144551280152329776181)
                  700517d6    0000000f                                                  : i2c_v1.obj (.rodata.str1.20248951868514646131)
                  700517e5    0000000f                                                  : edma.obj (.rodata.str1.2759273541325923811)
                  700517f4    0000000f                                                  : mcspi_v0.obj (.rodata.str1.43973954253821070511)
                  70051803    0000000f     board.o (.rodata.str1.834004997606947946.1)
                  70051812    0000000f     drivers.am263px.r5f.ti-arm-clang.release.lib : edma.obj (.rodata.str1.92547749779646142691)
                  70051821    0000000e                                                  : edma.obj (.rodata.str1.19244332700943948511)
                  7005182f    0000000e                                                  : edma.obj (.rodata.str1.46057082369026546831)
                  7005183d    0000000e                                                  : edma.obj (.rodata.str1.46782315602798139861)
                  7005184b    0000000e     ti_drivers_open_close.o (.rodata.str1.5205884736402799790.1)
                  70051859    0000000d     ti_drivers_open_close.o (.rodata.str1.10450075619424269387.1)
                  70051866    0000000d     drivers.am263px.r5f.ti-arm-clang.release.lib : edma.obj (.rodata.str1.121775923823351643201)
                  70051873    0000000d     ti_drivers_open_close.o (.rodata.str1.16905510790704221133.1)
                  70051880    0000000d     nortos.am263px.r5f.ti-arm-clang.release.lib : TimerP_rti_priv.obj (.rodata.str1.31870447354226168941)
                  7005188d    0000000d     drivers.am263px.r5f.ti-arm-clang.release.lib : adc.obj (.rodata.str1.70150695697723348971)
                  7005189a    0000000d     testing.o (.rodata.str1.9119961215068324276.1)
                  700518a7    00000001     --HOLE-- [fill = 0]
                  700518a8    0000000c     drivers.am263px.r5f.ti-arm-clang.release.lib : mcspi_v0_lld.obj (.rodata..Lswitch.table.MCSPI_lld_controllerIsr.1)
                  700518b4    0000000c                                                  : mcspi_v0_lld.obj (.rodata..Lswitch.table.MCSPI_lld_controllerIsr)
                  700518c0    0000000c                                                  : soc.obj (.rodata..Lswitch.table.SOC_enableAdcReferenceMonitor)
                  700518cc    0000000c     logger.o (.rodata..Lswitch.table.print_log)
                  700518d8    0000000c     BQ25751.o (.rodata.str1.17511979226281833584.1)
                  700518e4    0000000c     nortos.am263px.r5f.ti-arm-clang.release.lib : ClockP_nortos_r5.obj (.rodata.str1.177642182983587376931)
                  700518f0    0000000c     drivers.am263px.r5f.ti-arm-clang.release.lib : mcspi_v0.obj (.rodata.str1.69169362540279301091)
                  700518fc    0000000c                                                  : edma.obj (.rodata.str1.73371482538137472541)
                  70051908    0000000c     logger.o (.rodata.str1.7498274428696469886.1)
                  70051914    0000000b     drivers.am263px.r5f.ti-arm-clang.release.lib : mcspi_v0.obj (.rodata.str1.169287378047891341191)
                  7005191f    0000000b                                                  : uart_v0.obj (.rodata.str1.174466331461201984741)
                  7005192a    0000000b                                                  : uart_v0.obj (.rodata.str1.23952661867579505821)
                  70051935    0000000b                                                  : mcspi_v0.obj (.rodata.str1.248655060218483491)
                  70051940    0000000b     board.o (.rodata.str1.673658226405435322.1)
                  7005194b    0000000b     drivers.am263px.r5f.ti-arm-clang.release.lib : edma.obj (.rodata.str1.8716574913843167321)
                  70051956    0000000a                                                  : soc_rcm.obj (.rodata.str1.102656642322745120751)
                  70051960    0000000a                                                  : edma.obj (.rodata.str1.11281620503267214511)
                  7005196a    0000000a     logger.o (.rodata.str1.13114922096505101489.1)
                  70051974    0000000a     drivers.am263px.r5f.ti-arm-clang.release.lib : uart_v0.obj (.rodata.str1.4680544719311723101)
                  7005197e    0000000a                                                  : uart_v0.obj (.rodata.str1.62285611621840673441)
                  70051988    0000000a                                                  : edma.obj (.rodata.str1.94390198658697638781)
                  70051992    0000000a                                                  : i2c_v1.obj (.rodata.str1.97456980245303321621)
                  7005199c    0000000a                                                  : uart_v0.obj (.rodata.str1.98976386761529848021)
                  700519a6    00000009     libc.a : _scanfi.c.obj (.rodata.str1.12964984209033246150.1)
                  700519af    00000009     drivers.am263px.r5f.ti-arm-clang.release.lib : i2c_v1.obj (.rodata.str1.60490558749180274121)
                  700519b8    00000008     libc.a : _scanfi.c.obj (.rodata..L__const._sproc_float.special)
                  700519c0    00000008     logger.o (.rodata.str1.11411971380641413352.1)
                  700519c8    00000008     logger.o (.rodata.str1.3193577328096652195.1)
                  700519d0    00000006     drivers.am263px.r5f.ti-arm-clang.release.lib : soc_rcm.obj (.rodata.str1.53743240983164125611)
[...]
700490a9  UART_read                          
700492b7  ClockP_init                        
700493bd  UART_lld_dmaWrite                  
700494c1  MCSPI_close                        
700495c1  UART_write                         
700496bd  MCSPI_lld_initDma                  
700497b0  fputc                              
70049987  MCSPI_lld_readWriteDma             
70049a6d  init_global_interrupts             
70049b43  init_gpio                          
70049ced  print_log                          
70049dc1  EDMA_unregisterIntr                
70049e91  UART_lld_initDma                   
70049f5c  getdevice                          
7004a025  I2C_lld_mem_write                  
7004a1ad  MCSPI_lld_init                     
7004a271  BQ25751_read_reg                   
7004a331  BQ25856_read_reg                   
7004a3f1  I2C_lld_mem_read                   
7004a4b1  UART_lld_init                      
7004a571  TCA6424_config                     
7004a62f  TCA6424_setOutput                  
7004a6ed  EDMA_registerIntr                  
7004a7a8  fseeko                             
7004a85c  __TI_closefile                     
7004ab15  DebugP_readLine                    
7004ac63  UART_lld_read                      
7004adb1  I2C_close                          
7004ae55  I2C_lld_mem_readIntr               
7004aef9  I2C_lld_mem_writeIntr              
7004b041  EDMA_freeDmaChannel                
7004b0e1  EDMA_freeParam                     
7004b181  EDMA_freeTcc                       
7004b220  HOSTrename                         
7004b2c1  UART_lld_dmaRead                   
7004b361  UART_lld_readIntr                  
7004b3fc  __TI_wrt_ok                        
7004b499  Board_ioexpOpen                    
7004b534  HOSTlseek                          
7004b665  BQ25751_write_reg                  
7004b6fb  BQ25856_write_reg                  
7004b791  SemaphoreP_pend                    
7004b827  EDMA_configureChannelRegion        
7004b8bc  HOSTopen                           
7004b951  I2C_lld_init                       
7004b9e5  SPI_ReadWrite                      
7004ba79  UART_lld_readWithCounter           
7004bb0d  Drivers_open                       
7004bcbb  MCSPI_lld_peripheralIsr            
7004bd48  close                              
7004bdd5  i2c_read_error_handler             
7004be61  ADC_setPPBTripLimits               
7004bee9  UART_init                          
7004bf71  UART_procLineStatusErr             
7004bff8  __TI_doflush                       
7004c080  HOSTread                           
7004c104  HOSTwrite                          
7004c20d  EDMA_close                         
7004c28d  UART_flushTxFifo                   
7004c30d  Drivers_mcspiOpen                  
7004c487  MCSPI_initiateLastChunkTransfer    
7004c501  MCSPI_init                         
7004c661  MCSPI_stop                         
7004c6d3  MCSPI_lld_dmaStop                  
7004c743  BQ25751_read_faults                
7004c7b1  EDMA_disableTransferRegion         
7004c81f  EDMA_enableTransferRegion          
7004c88c  HOSTunlink                         
7004c8f9  UART_lld_writeDma                  
7004c965  Drivers_i2cOpen                    
7004c9cf  UART_lld_readDma                   
7004ca37  UART_lld_writeIntr                 
7004caa0  atoi                               
7004cb09  digitalWrite                       
7004cb71  CycleCounterP_init                 
7004cb81  CycleCounterP_reset                
7004cba5  CycleCounterP_nsToTicks            
7004cbd1  CycleCounterP_enableUserAccess     
7004cbd9  SOC_controlModuleUnlockMMR         
7004cc3d  add_log                            
7004cca1  init_interrupt                     
7004cd05  BQ25856_init                       
7004cd68  HOSTclose                          
7004cdc9  ClockP_timerTickIsr                
7004ce27  MCSPI_setChDataSize                
7004ce85  GPIO_setTrigType                   
7004cf3d  SOC_controlModuleLockMMR           
7004cf99  _DebugP_assert                     
7004d04c  __TI_cleanup                       
7004d0a4  __TI_readmsg                       
7004d0fc  __TI_writemsg                      
7004d148  C$$IO$$                            
7004d155  print_pending_logs                 
7004d1ad  ClockP_getTimeUsec                 
7004d203  UART_intrDisable                   
7004d259  UART_readCancelNoCB                
7004d2af  UART_writeCancelNoCB               
7004d305  Dpl_init                           
7004d358  exit                               
7004d3ac  finddevice                         
7004d400  __TI_auto_init_nobinit_nopinit     
7004d455  AddrTranslateP_getLocalAddr        
7004d4f9  MCSPI_lld_deInitDma                
7004d54b  BQ25751_print_register_dump        
7004d59b  ClockP_construct                   
7004d5ed  EDMA_allocDmaChannel               
7004d63d  EDMA_allocParam                    
7004d68d  EDMA_allocTcc                      
7004d72b  Drivers_edmaOpen                   
7004d779  Drivers_uartOpen                   
7004d7c7  EDMA_disableChInShadowRegRegion    
7004d815  MCSPI_transferCallback             
7004d8ad  SOC_enableAdcReferenceMonitor      
7004d8f9  SOC_enableAdcGlobalForce           
7004d941  SOC_enableAdcInternalReference     
7004d9d0  unlink                             
7004daa5  SOC_getAdcReferenceStatus          
7004dae9  UART_Params_init                   
7004db2d  UART_lld_deInitDma                 
7004db71  ClockP_stop                        
7004dbb1  EDMA_mapChToEvtQ                   
7004dbf1  Pinmux_config                      
7004dc31  SemaphoreP_constructBinary         
7004dc71  UART_lld_deInit                    
7004dd2f  SemaphoreP_constructMutex          
7004dd6d  EDMA_getBaseAddr                   
7004dde5  ClockP_destruct                    
7004de1f  DebugP_uartLogWriterPutChar        
7004de59  Module_clockSetFrequency           
7004de93  TCA6424_open                       
7004decd  UART_lld_flushTxFifo               
7004df07  BQ25751_init                       
7004df79  _DebugP_logZone                    
7004dfb0  CycleCounterP_getCount32           
7004dfb8  PmuP_setup                         
7004dfc0  PmuP_enableCounters                
7004dfc8  PmuP_disableCounters               
7004dfd0  PmuP_getOverflowStatus             
7004dfd8  PmuP_clearOverflowStatus           
7004dfe0  PmuP_setUserEnable                 
7004dfe9  EDMA_clrMissEvtRegion              
7004e01f  ClockP_start                       
7004e055  I2C_init                           
7004e089  MCSPI_errorCallback                
7004e0bd  Module_clockDisable                
7004e0f1  Module_clockEnable                 
7004e125  SOC_enableAdcDacLoopback           
7004e1c0  lseek                              
7004e1f4  write                              
7004e229  ClockP_usleep                      
7004e25b  EDMA_unmapChToEvtQ                 
7004e28d  SemaphoreP_post                    
7004e2bf  DebugP_scanf                       
7004e351  adc_to_current_LM74930             
7004e381  EDMA_enableChInShadowRegRegion     
7004e3af  I2C_lld_deInit                     
7004e3dd  System_init                        
7004e439  DebugP_shmLogReaderInit            
7004e465  I2C_getHandle                      
7004e491  SOC_rcmGetR5Clock                  
7004e4bd  UART_getHandle                     
7004e4e9  adc_to_current_HSS_MB              
7004e515  adc_to_current_TPS                 
7004e540  vsscanf                            
7004e595  GPIO_setDirMode                    
7004e5e5  SOC_moduleSetClockFrequency        
7004e60d  read_ext_ADC                       
7004e635  ClockP_sleep                       
7004e65b  EDMA_setPaRAM                      
7004e681  I2C_lld_transferIntr               
7004e6a7  I2C_lld_transferPoll               
7004e6cd  UART_lld_dmaDisableChannel         
7004e784  __aeabi_uldivmod                   
7004e7a9  int_adc_to_voltage                 
7004e7cd  vprintf_                           
7004e7f1  EDMA_linkChannel                   
7004e835  System_deinit                      
7004e857  print_logs                         
7004e879  DebugP_logZoneEnable               
7004e899  I2C_lld_Message_init               
7004e8d9  TimerP_Params_initPriv             
7004e8f9  UART_getChar                       
7004e919  Board_driversOpen                  
7004e937  TCA6424_close                      
7004e955  UART_spaceAvail                    
7004e9e5  MCSPI_lld_deInit                   
7004ea01  SOC_rcmIsR5FInLockStepMode         
7004ea39  main                               
7004ea8c  TI_memcpy_small                    
7004eaa9  CSL_armR5GetCpuID                  
7004eac3  EDMA_readEventStatusRegion         
7004eaf9  I2C_deinit                         
7004eb11  MCSPI_deinit                       
7004eb29  MCSPI_lld_dmaInit                  
7004eb41  TimerP_getCountPriv                
7004eb59  UART_deinit                        
7004eb71  clear_logs                         
7004eb88  TI_memset_small                    
7004eba1  I2C_lld_Transaction_init           
7004ebb7  MCSPI_reset                        
7004ebcd  UART_IsTxRxFifoEmpty               
7004ebe3  UART_getIntrIdentityStatus         
7004ec0f  ClockP_usecToTicks                 
7004ec23  EDMA_getRegionId                   
7004ec37  UART_Transaction_init              
7004ec5f  ADC_setMode                        
7004ec95  UART_operatingModeSelect           
7004eca7  UART_readLineStatus                
7004ecb9  putchar_                           
7004eccb  GPIO_bankIntrDisable               
7004ecdb  UART_intr2Disable                  
7004ecec  __aeabi_memset                     
7004ecec  __aeabi_memset4                    
7004ecec  __aeabi_memset8                    
7004ed0c  putchar                            
7004ed1d  EDMA_ccPaRAMEntry_init             
7004ed2b  GPIO_bankIntrEnable                
7004ed47  Pinmux_init                        
7004ed55  PowerClock_init                    
7004ed63  ClockP_getTicks                    
7004ed6f  DebugP_uartSetDrvIndex             
7004ed7b  EDMA_isInitialized                 
7004ed89  I2C_Transaction_init               
7004ed95  SOC_getSelfCpuClk                  
7004eda1  TCA6424_Params_init                
7004edac  __aeabi_errno_addr                 
7004edb8  __aeabi_memclr                     
7004edb8  __aeabi_memclr4                    
7004edb8  __aeabi_memclr8                    
7004edc4  malloc                             
7004edd0  CSL_armR5ReadMpidrReg              
7004eddd  PowerClock_deinit                  
7004eded  ClockP_Params_init                 
7004edf7  ClockP_isActive                    
7004ee01  TimerP_getReloadCountPriv          
7004ee0b  TimerP_startPriv                   
7004ee15  UART_lld_Transaction_deInit        
7004ee20  C$$EXIT                            
7004ee20  HOSTexit                           
7004ee29  TimerP_clearOverflowIntPriv        
7004ee39  EDMA_isInterruptEnabled            
7004ee3f  SOC_moduleClockEnable              
7004ee4b  TimerP_Params_init                 
7004ee4f  TimerP_clearOverflowInt            
7004ee53  TimerP_getCount                    
7004ee57  TimerP_getReloadCount              
7004ee5b  TimerP_setup                       
7004ee5f  TimerP_start                       
7004ee64  __aeabi_idiv0                      
7004ee68  __aeabi_ldiv0                      
7004ee6c  __aeabi_memcpy                     
7004ee6c  __aeabi_memcpy4                    
7004ee6c  __aeabi_memcpy8                    
7004ee70  _nop                               
7004ee74  fseek                              
7004ee78  remove                             
7004eec0  test_results                       
7004f370  bq25751_registers                  
7004f4d0  __aeabi_ctype_table_               
7004f4d0  __aeabi_ctype_table_C              
7004f5d1  test_cases                         
7004f764  gCacheConfig                       
7004f76c  gMpuConfig                         
7004f778  gMpuRegionConfig                   
7004f880  gADPLLJConfigTbl                   
70050678  I2C_defaultTransaction             
700511b0  I2C_lld_defaultMessage             
70051228  gPeripheralClkSrcInfoMap           
70051a00  gCacheL1dCacheLineSize             
70051a04  gCacheL1pCacheLineSize             
70051a30  __BSS_START                        
70051a30  logs                               
700526b0  gHwiCtrl                           
70053fd0  _CIOBUF_                           
70053fd0  __CIOBUF_                          
700540f0  intr_objects                       
70054384  __TI_tmpnams                       
70054424  gDebugShmLogReaderCtrl             
700544b8  gClockCtrl                         
700544f0  virtToPhymap                       
70054500  gI2cHandle                         
7005450c  parmbuf                            
70054514  gMcspiHandle                       
7005451c  gEdmaHandle                        
70054520  gUartHandle                        
70054526  BQ25751_timer_en                   
70054528  __BSS_END                          
70054528  _sys_memory                        
7005c528  __stack                            
70060528  __STACK_END                        
70060529  HwiP_enableInt                     
70060551  HwiP_disableInt                    
70060583  HwiP_restoreInt                    
700605d9  HwiP_clearInt                      
700605f9  HwiP_post                          
70060621  HwiP_Params_init                   
70060633  HwiP_construct                     
7006077b  HwiP_destruct                      
7006084d  HwiP_init                          
7006090f  HwiP_inISR                         
7006092b  HwiP_irq_handler_c                 
700609af  HwiP_fiq_handler                   
70060a5f  HwiP_reserved_handler              
70060a8d  HwiP_undefined_handler_c           
70060aab  HwiP_user_undefined_handler_c      
70060abf  HwiP_svc_handler                   
70060aed  HwiP_prefetch_abort_handler_c      
70060b67  HwiP_user_prefetch_abort_handler_c 
70060b77  HwiP_data_abort_handler_c          
70060bf7  HwiP_user_data_abort_handler_c     
70060c08  HwiP_irq_handler                   
70060c7c  HwiP_data_abort_handler            
70060cc0  HwiP_prefetch_abort_handler        
70060d0c  HwiP_undefined_handler             
70060d3c  GET_DFSR                           
70060d44  GET_ADFSR                          
70060d4c  GET_DFAR                           
70060d54  GET_IFSR                           
70060d5c  GET_AIFSR                          
70060d64  GET_IFAR                           
70060d6c  GET_SPSR                           
70060d84  HwiP_disable                       
70060d94  HwiP_disableFIQ                    
70060da4  HwiP_enable                        
70060db4  HwiP_enableFIQ                     
70060dc4  HwiP_restore                       
70060dcc  HwiP_enableVIC                     
70060ddc  HwiP_disableVIC                    
70060dec  HwiP_getCPSR                       
70060e00  CacheP_disableL1d                  
70060e28  CacheP_disableL1p                  
70060e40  CacheP_enableL1d                   
70060e58  CacheP_enableL1p                   
70060e70  CacheP_invL1d                      
70060ea8  CacheP_invL1p                      
70060ee4  CacheP_invL1dAll                   
70060eec  CacheP_invL1pAll                   
70060ef4  CacheP_wb                          
70060f30  CacheP_wbInv                       
70060f6c  CacheP_wbAll                       
70061014  CacheP_wbInvAll                    
7006102c  CacheP_wbInvAllAsm                 
700610cc  CacheP_getEnabled                  
70061104  CacheP_getCacheLevelInfo           
70061110  CacheP_configForceWrThru           
70061130  CacheP_setDLFO                     
70061141  CacheP_init                        
70061199  CacheP_disable                     
700611d3  CacheP_enable                      
700611f3  CacheP_inv                         
70061231  MpuP_getAttrs                      
70061271  MpuP_RegionAttrs_init              
7006127f  MpuP_setRegion                     
700612f9  MpuP_isEnable                      
700612fd  MpuP_disable                       
7006132f  MpuP_enable                        
7006136b  MpuP_init                          
700613cd  MpuP_isUserAuthorizedToAccessMemory
70061434  MpuP_disableAsm                    
7006144c  MpuP_disableBRAsm                  
7006145c  MpuP_enableAsm                     
70061474  MpuP_enableBRAsm                   
70061484  MpuP_isEnableAsm                   
70061498  MpuP_setRegionAsm                  
700614c0  _c_int00_sbl                       
700614e4  _c_int00                           
70061605  _DebugP_assertNoLog                
70061623  _system_pre_init                   
7006163f  __mpu_init                         
70061650  abort                              
70061658  gMcspiDmaHandle                    
70061658  gUartDmaHandle                     
70061750  _ftable                            
70061a9c  intr_pins                          
70061b1c  _device                            
70061b94  gUartParams                        
70061bec  _stream                            
70061ccc  gSpi0ChCfg                         
70061d0c  gSpi1ChCfg                         
70061d4c  gSocModulesClockFrequency          
70061d88  gMcspiOpenParams                   
70061db0  gI2cParams                         
70061dd4  ext_adc0                           
70061df0  ext_adc1                           
70061e0c  gClockConfig                       
70061e24  gI2cConfig                         
70061e3c  gSocModules                        
70061e50  gMcspiConfig                       
70061e60  gAddrTranslateConfig               
70061e6c  __TI_cleanup_ptr                   
70061e70  __TI_dtors_ptr                     
70061e74  __TI_ft_end                        
70061e78  BQ25751_timer                      
70061e80  gConfigMcspiChCfg                  
70061e88  gEdmaConfig                        
70061e90  gEdmaParams                        
70061e98  gMcspiDmaChConfig                  
70061ea0  gMcspiNumCh                        
70061eb0  gUartConfig                        
70061ec0  __aeabi_errno                      
70061ec4  _lock                              
70061ec8  _unlock                            
70061ecc  gDebugLogZone                      
70061ed0  gDebugP_uartDrvIndex               
70061ed4  gEdmaConfigNum                     
70061ed8  gHwiConfig                         
70061edc  gI2cConfigNum                      
70061ee0  gMcspiConfigNum                    
70061ee4  gUartConfigNum                     
70061ee8  gUartDmaChConfig                   
70061eec  test                               
70061ef2  logs_length                        
70061ef5  isMapAvailable                     
70061f00  __IRQ_STACK_START                  
70062000  __FIQ_STACK_START                  
70062000  __IRQ_STACK_END                    
70062100  __FIQ_STACK_END                    
70062100  __SVC_STACK_START                  
70063100  __ABORT_STACK_START                
70063100  __SVC_STACK_END                    
70063200  __ABORT_STACK_END                  
70063200  __UNDEFINED_STACK_START            
70063300  __UNDEFINED_STACK_END              
701d4000  gDebugShmLog                       
ffffffff  __TI_pprof_out_hndl                
ffffffff  __TI_prof_data_size                
ffffffff  __TI_prof_data_start               
ffffffff  __binit__                          
ffffffff  binit                              
UNDEFED   __TI_CINIT_Base                    
UNDEFED   __TI_CINIT_Limit                   
UNDEFED   __TI_Handler_Table_Base            
UNDEFED   __TI_Handler_Table_Limit           
UNDEFED   _system_post_cinit                 

[518 symbols]
