******************************************************************************
            TI ARM Clang Linker PC v4.0.2                      
******************************************************************************
>> Linked Mon Jun  9 16:03:13 2025

OUTPUT FILE NAME:   <second_stage_PDM_testing.out>
ENTRY POINT SYMBOL: "_vectors"  address: 00000000


MEMORY CONFIGURATION

         name            origin    length      used     unused   attr    fill
----------------------  --------  ---------  --------  --------  ----  --------
  R5F_VECS              00000000   00000040  00000040  00000000  RWIX
  R5F_TCMA              00000040   00007fc0  00000000  00007fc0  RWIX
  R5F_TCMB              00080000   00008000  00000000  00008000  RWIX
  MAILBOX_HSM           44000000   000003ce  00000000  000003ce  RWIX
  MAILBOX_R5F           44000400   000003ce  00000000  000003ce  RWIX
  FLASH                 60100000   00080000  00000000  00080000  RWIX
  SBL                   70000000   00040000  00000000  00040000  RWIX
  OCRAM                 70040000   00040000  00019f28  000260d8  RWIX
  USER_SHM_MEM          701d0000   00004000  00000000  00004000  RWIX
  LOG_SHM_MEM           701d4000   00004000  00000000  00004000  RWIX
  RTOS_NORTOS_IPC_SHM_M 72000000   00003e80  00000000  00003e80  RWIX


SEGMENT ALLOCATION MAP

run origin  load origin   length   init length attrs members
----------  ----------- ---------- ----------- ----- -------
00000000    00000000    00000040   00000040    r-x
  00000000    00000000    00000040   00000040    r-x .vectors
70040000    70040000    0000d6b8   00000000    rw-
  70040000    70040000    000016b8   00000000    rw- .bss
  700416b8    700416b8    00008000   00000000    rw- .sysmem
  700496b8    700496b8    00004000   00000000    rw- .stack
7004d6c0    7004d6c0    0000ad98   0000ad98    r-x
  7004d6c0    7004d6c0    00009000   00009000    r-x .text
  700566c0    700566c0    00000c68   00000c68    r-- .rodata
  70057328    70057328    000008d8   000008d8    r-x .text.hwi
  70057c00    70057c00    00000430   00000430    r-x .text.cache
  70058030    70058030    00000290   00000290    r-x .text.mpu
  700582c0    700582c0    00000190   00000190    r-x .text.boot
  70058450    70058450    00000008   00000008    r-x .text:abort
70058458    70058458    00001ad8   000006d8    rw-
  70058458    70058458    000006d8   000006d8    rw- .data
  70058b30    70058b30    00000100   00000000    rw- .irqstack
  70058c30    70058c30    00000100   00000000    rw- .fiqstack
  70058d30    70058d30    00001000   00000000    rw- .svcstack
  70059d30    70059d30    00000100   00000000    rw- .abortstack
  70059e30    70059e30    00000100   00000000    rw- .undefinedstack


SECTION ALLOCATION MAP

 output                                  attributes/
section   page    origin      length       input sections
--------  ----  ----------  ----------   ----------------
.vectors   0    00000000    00000040     
                  00000000    00000040     nortos.am263px.r5f.ti-arm-clang.release.lib : HwiP_armv7r_vectors_nortos_asm.obj (.vectors)

.bss       0    70040000    000016b8     UNINITIALIZED
                  70040000    00000808     (.common:gHwiCtrl)
                  70040808    00000770     ti_drivers_config.o (.bss.gMcspiObjects)
                  70040f78    00000368     ti_drivers_config.o (.bss.gUartObjects)
                  700412e0    00000120     libsysbm.a : trgmsg.c.obj (.bss:_CIOBUF_)
                  70041400    000000e8     ti_drivers_config.o (.bss.gEdmaObjects)
                  700414e8    000000c0     (.common:intr_objects)
                  700415a8    000000a0     libc.a : defs.c.obj (.bss.__TI_tmpnams)
                  70041648    00000038     (.common:gClockCtrl)
                  70041680    00000010     (.common:virtToPhymap)
                  70041690    00000008     libsysbm.a : hostopen.c.obj (.bss.parmbuf)
                  70041698    00000008     (.common:gMcspiHandle)
                  700416a0    00000004     nortos.am263px.r5f.ti-arm-clang.release.lib : HwiP_armv7r_vim.obj (.bss.gdummy)
                  700416a4    00000004     libc.a : memory.c.obj (.bss.sys_free)
                  700416a8    00000004     (.common:gEdmaHandle)
                  700416ac    00000004     (.common:gUartHandle)
                  700416b0    00000001     PDMtesting.o (.bss.PDM_testing.signal)
                  700416b1    00000007     --HOLE--

.sysmem    0    700416b8    00008000     UNINITIALIZED
                  700416b8    00000010     libc.a : memory.c.obj (.sysmem)
                  700416c8    00007ff0     --HOLE--

.stack     0    700496b8    00004000     UNINITIALIZED
                  700496b8    00000004     nortos.am263px.r5f.ti-arm-clang.release.lib : boot_armv7r_asm.obj (.stack)
                  700496bc    00003ffc     --HOLE--

.text      0    7004d6c0    00009000     
                  7004d6c0    00000580     nortos.am263px.r5f.ti-arm-clang.release.lib : printf.obj (.text._vsnprintf)
                  7004dc40    000004cc     drivers.am263px.r5f.ti-arm-clang.release.lib : soc_rcm.obj (.text.SOC_rcmEnablePeripheralClock)
                  7004e10c    00000004     ti_board_open_close.o (.text.Board_driversOpen)
                  7004e110    00000400     nortos.am263px.r5f.ti-arm-clang.release.lib : printf.obj (.text._ftoa)
                  7004e510    00000010     drivers.am263px.r5f.ti-arm-clang.release.lib : gpio.obj (.text.GPIO_bankIntrDisable)
                  7004e520    00000390     libc.a : strcmp32.S.obj (.text:strcmp)
                  7004e8b0    00000310     nortos.am263px.r5f.ti-arm-clang.release.lib : printf.obj (.text._etoa)
                  7004ebc0    000002a8     drivers.am263px.r5f.ti-arm-clang.release.lib : uart_v0.obj (.text.UART_open)
                  7004ee68    00000298                                                  : mcspi_v0.obj (.text.MCSPI_open)
                  7004f100    0000027c                                                  : edma.obj (.text.EDMA_init)
                  7004f37c    00000250                                                  : soc_rcm.obj (.text.SOC_rcmSetPeripheralClock)
                  7004f5cc    0000023c                                                  : uart_v0_lld.obj (.text.UART_configInstance)
                  7004f808    00000230                                                  : mcspi_dma_edma.obj (.text.MCSPI_lld_dmaTransfer)
                  7004fa38    0000020c                                                  : edma.obj (.text.EDMA_errorIsrFxn)
                  7004fc44    0000020c                                                  : mcspi_v0_lld.obj (.text.MCSPI_transferControllerPoll)
                  7004fe50    00000204                                                  : edma.obj (.text.EDMA_freeChannelRegion)
                  70050054    000001e8                                                  : mcspi_v0_lld.obj (.text.MCSPI_lld_controllerIsr)
                  7005023c    000001e2     ti_drivers_config.o (.text.GPIO_init)
                  7005041e    00000002     ti_board_config.o (.text.Board_deinit)
                  70050420    000001c0     drivers.am263px.r5f.ti-arm-clang.release.lib : mcspi_dma_edma.obj (.text.MCSPI_lld_dmaChInit)
                  700505e0    000001a8                                                  : mcspi_v0_lld.obj (.text.MCSPI_lld_chConfig)
                  70050788    000001a8     libc.a : memory.c.obj (.text.free)
                  70050930    000001a4            : memory.c.obj (.text.aligned_alloc)
                  70050ad4    00000194     drivers.am263px.r5f.ti-arm-clang.release.lib : uart_dma_edma.obj (.text.UART_lld_dmaInit)
                  70050c68    00000190                                                  : mcspi_v0.obj (.text.MCSPI_transfer)
                  70050df8    00000164                                                  : edma.obj (.text.EDMA_open)
                  70050f5c    00000160                                                  : edma.obj (.text.EDMA_deinit)
                  700510bc    0000014e                                                  : uart_dma_edma.obj (.text.UART_lld_dmaDeInit)
                  7005120a    0000014c                                                  : mcspi_dma_edma.obj (.text.MCSPI_lld_dmaDeInit)
                  70051356    00000002     ti_board_config.o (.text.Board_init)
                  70051358    00000144     libc.a : setvbuf.c.obj (.text.setvbuf)
                  7005149c    00000140     nortos.am263px.r5f.ti-arm-clang.release.lib : TimerP_rti_priv.obj (.text.TimerP_setupPriv)
                  700515dc    0000013c     drivers.am263px.r5f.ti-arm-clang.release.lib : soc.obj (.text.SOC_virtToPhy)
                  70051718    00000138                                                  : uart_v0.obj (.text.UART_close)
                  70051850    00000134                                                  : mcspi_v0_lld.obj (.text.MCSPI_lld_readWrite)
                  70051984    00000132     nortos.am263px.r5f.ti-arm-clang.release.lib : printf.obj (.text._ntoa_format)
                  70051ab6    0000011c     drivers.am263px.r5f.ti-arm-clang.release.lib : mcspi_v0_lld.obj (.text.MCSPI_lld_readWriteIntr)
                  70051bd2    0000011a                                                  : uart_v0_lld.obj (.text.UART_lld_controllerIsr)
                  70051cec    00000118                                                  : edma.obj (.text.Alloc_resource)
                  70051e04    00000118     libclang_rt.builtins.a : udivmoddi4.S.obj (.text)
                  70051f1c    00000114     drivers.am263px.r5f.ti-arm-clang.release.lib : soc_rcm.obj (.text.SOC_rcmGetPeripheralClockFrequency)
                  70052030    0000010e                                                  : uart_v0_lld.obj (.text.UART_lld_write)
                  7005213e    0000010a     board.o (.text.init_gpio)
                  70052248    00000108     drivers.am263px.r5f.ti-arm-clang.release.lib : edma.obj (.text.EDMA_transferCompletionMasterIsrFxn)
                  70052350    00000106                                                  : mcspi_v0_lld.obj (.text.MCSPI_continuePeripheralTxRx)
                  70052456    00000104     nortos.am263px.r5f.ti-arm-clang.release.lib : ClockP_nortos_r5.obj (.text.ClockP_init)
                  7005255a    00000002     ti_dpl_config.o (.text.Dpl_deinit)
                  7005255c    00000104     drivers.am263px.r5f.ti-arm-clang.release.lib : uart_dma_edma.obj (.text.UART_lld_dmaWrite)
                  70052660    00000100                                                  : mcspi_v0.obj (.text.MCSPI_close)
                  70052760    000000fc                                                  : uart_v0.obj (.text.UART_write)
                  7005285c    000000f4                                                  : mcspi_v0_lld.obj (.text.MCSPI_lld_initDma)
                  70052950    000000f0     libc.a : fputc.c.obj (.text.fputc)
                  70052a40    000000e6     drivers.am263px.r5f.ti-arm-clang.release.lib : mcspi_dma_edma.obj (.text.MCSPI_edmaIsrTx)
                  70052b26    000000e6                                                  : mcspi_v0_lld.obj (.text.MCSPI_lld_readWriteDma)
                  70052c0c    000000d0                                                  : edma.obj (.text.EDMA_unregisterIntr)
                  70052cdc    000000d0     ti_drivers_config.o (.text.GPIO_deinit)
                  70052dac    000000cc     drivers.am263px.r5f.ti-arm-clang.release.lib : uart_v0_lld.obj (.text.UART_lld_initDma)
                  70052e78    000000c8     libc.a : getdevice.c.obj (.text.getdevice)
                  70052f40    000000c4     drivers.am263px.r5f.ti-arm-clang.release.lib : mcspi_v0_lld.obj (.text.MCSPI_lld_init)
                  70053004    000000c2     board.o (.text.GPIO_bankIsrFxn)
                  700530c6    00000002     nortos.am263px.r5f.ti-arm-clang.release.lib : SemaphoreP_nortos.obj (.text.SemaphoreP_destruct)
                  700530c8    000000c0     drivers.am263px.r5f.ti-arm-clang.release.lib : uart_v0_lld.obj (.text.UART_lld_init)
                  70053188    000000bc                                                  : edma.obj (.text.EDMA_registerIntr)
                  70053244    000000b6     PDMtesting.o (.text.PDM_testing)
                  700532fa    00000002     nortos.am263px.r5f.ti-arm-clang.release.lib : TaskP_nortos.obj (.text.TaskP_yield)
                  700532fc    000000b4     libc.a : fseek.c.obj (.text.fseeko)
                  700533b0    000000b0            : fclose.c.obj (.text.__TI_closefile)
                  70053460    000000b0     nortos.am263px.r5f.ti-arm-clang.release.lib : printf.obj (.text._ntoa_long_long)
                  70053510    000000ac     drivers.am263px.r5f.ti-arm-clang.release.lib : soc_rcm.obj (.text.SOC_rcmGetCoreHSDivOut)
                  700535bc    000000ac                                                  : uart_v0_lld.obj (.text.UART_divisorLatchWrite)
                  70053668    000000a6                                                  : mcspi_dma_edma.obj (.text.MCSPI_edmaIsrRx)
                  7005370e    000000a6     nortos.am263px.r5f.ti-arm-clang.release.lib : printf.obj (.text._out_rev)
                  700537b4    000000a6     board.o (.text.init_global_interrupts)
                  7005385a    00000002     drivers.am263px.r5f.ti-arm-clang.release.lib : uart_dma_edma.obj (.text.UART_edmaDoNothing)
                  7005385c    000000a4     libc.a : memory.c.obj (.text.split)
                  70053900    000000a0     drivers.am263px.r5f.ti-arm-clang.release.lib : edma.obj (.text.EDMA_freeDmaChannel)
                  700539a0    000000a0                                                  : edma.obj (.text.EDMA_freeParam)
                  70053a40    000000a0                                                  : edma.obj (.text.EDMA_freeTcc)
                  70053ae0    000000a0     libsysbm.a : hostrename.c.obj (.text.HOSTrename)
                  70053b80    000000a0     drivers.am263px.r5f.ti-arm-clang.release.lib : uart_dma_edma.obj (.text.UART_lld_dmaRead)
                  70053c20    0000009c     libc.a : _io_perm.c.obj (.text.__TI_wrt_ok)
                  70053cbc    00000098     libsysbm.a : hostlseek.c.obj (.text.HOSTlseek)
                  70053d54    00000096     nortos.am263px.r5f.ti-arm-clang.release.lib : SemaphoreP_nortos.obj (.text.SemaphoreP_pend)
                  70053dea    00000094     drivers.am263px.r5f.ti-arm-clang.release.lib : edma.obj (.text.EDMA_configureChannelRegion)
                  70053e7e    00000002                                                  : uart_v0.obj (.text.UART_lld_errorCallback)
                  70053e80    00000094     libsysbm.a : hostopen.c.obj (.text.HOSTopen)
                  70053f14    00000090     drivers.am263px.r5f.ti-arm-clang.release.lib : mcspi_v0_lld.obj (.text.MCSPI_setFifoConfig)
                  70053fa4    0000008e     ADS_adc.o (.text.SPI_ReadWrite)
                  70054032    0000008e     nortos.am263px.r5f.ti-arm-clang.release.lib : printf.obj (.text._ntoa_long)
                  700540c0    0000008c     drivers.am263px.r5f.ti-arm-clang.release.lib : mcspi_v0_lld.obj (.text.MCSPI_lld_peripheralIsr)
                  7005414c    0000008c     libsysbm.a : close.c.obj (.text.close)
                  700541d8    00000088     drivers.am263px.r5f.ti-arm-clang.release.lib : uart_v0.obj (.text.UART_init)
                  70054260    00000088                                                  : uart_v0_lld.obj (.text.UART_procLineStatusErr)
                  700542e8    00000088     libc.a : fflush.c.obj (.text.__TI_doflush)
                  70054370    00000084     libsysbm.a : hostread.c.obj (.text.HOSTread)
                  700543f4    00000084                : hostwrite.c.obj (.text.HOSTwrite)
                  70054478    00000084     drivers.am263px.r5f.ti-arm-clang.release.lib : mcspi_v0_lld.obj (.text.MCSPI_setPeripheralFifoConfig)
                  700544fc    00000080                                                  : edma.obj (.text.EDMA_close)
                  7005457c    00000080                                                  : uart_v0.obj (.text.UART_flushTxFifo)
                  700545fc    0000007e                                                  : mcspi_v0_lld.obj (.text.MCSPI_fifoRead)
                  7005467a    0000007e                                                  : mcspi_v0_lld.obj (.text.MCSPI_transferPeripheralPoll)
                  700546f8    0000007c     ti_drivers_open_close.o (.text.Drivers_mcspiOpen)
                  70054774    0000007a     drivers.am263px.r5f.ti-arm-clang.release.lib : mcspi_v0_lld.obj (.text.MCSPI_initiateLastChunkTransfer)
                  700547ee    00000002     nortos.am263px.r5f.ti-arm-clang.release.lib : printf.obj (.text._out_null)
                  700547f0    00000078     drivers.am263px.r5f.ti-arm-clang.release.lib : mcspi_v0.obj (.text.MCSPI_init)
                  70054868    00000072                                                  : mcspi_v0_lld.obj (.text.MCSPI_fifoWrite)
                  700548da    00000072                                                  : mcspi_v0_lld.obj (.text.MCSPI_stop)
                  7005494c    00000070                                                  : mcspi_dma_edma.obj (.text.MCSPI_lld_dmaStop)
                  700549bc    0000006e                                                  : edma.obj (.text.EDMA_disableTransferRegion)
                  70054a2a    0000006e                                                  : edma.obj (.text.EDMA_enableTransferRegion)
                  70054a98    0000006c     libsysbm.a : hostunlink.c.obj (.text.HOSTunlink)
                  70054b04    0000006c     drivers.am263px.r5f.ti-arm-clang.release.lib : uart_v0_lld.obj (.text.UART_lld_writeDma)
                  70054b70    00000068                                                  : uart_v0_lld.obj (.text.UART_lld_writeIntr)
                  70054bd8    00000066     nortos.am263px.r5f.ti-arm-clang.release.lib : PmuP_armv7r.obj (.text.pmu)
                  70054c3e    00000002     --HOLE-- [fill = 0]
                  70054c40    00000064     drivers.am263px.r5f.ti-arm-clang.release.lib : soc.obj (.text.SOC_controlModuleUnlockMMR)
                  70054ca4    00000060     libsysbm.a : hostclose.c.obj (.text.HOSTclose)
                  70054d04    0000005e     nortos.am263px.r5f.ti-arm-clang.release.lib : ClockP_nortos.obj (.text.ClockP_timerTickIsr)
                  70054d62    0000005e     drivers.am263px.r5f.ti-arm-clang.release.lib : mcspi_v0_lld.obj (.text.MCSPI_setChDataSize)
                  70054dc0    0000005c                                                  : gpio.obj (.text.GPIO_setTrigType)
                  70054e1c    0000005c                                                  : mcspi_v0_lld.obj (.text.MCSPI_configInstance)
                  70054e78    0000005c                                                  : soc.obj (.text.SOC_controlModuleLockMMR)
                  70054ed4    0000005c     nortos.am263px.r5f.ti-arm-clang.release.lib : DebugP_log.obj (.text._DebugP_assert)
                  70054f30    00000058     drivers.am263px.r5f.ti-arm-clang.release.lib : mcspi_dma_edma.obj (.text.MCSPI_edmaUpdateTransferParams)
                  70054f88    00000058     libc.a : fopen.c.obj (.text.__TI_cleanup)
                  70054fe0    00000058     libsysbm.a : trgmsg.c.obj (.text.__TI_readmsg)
                  70055038    00000058                : trgmsg.c.obj (.text.__TI_writemsg)
                  70055090    00000058     board.o (.text.init_interrupt)
                  700550e8    00000056     nortos.am263px.r5f.ti-arm-clang.release.lib : ClockP_nortos.obj (.text.ClockP_getTimeUsec)
                  7005513e    00000056     drivers.am263px.r5f.ti-arm-clang.release.lib : uart_v0_lld.obj (.text.UART_intrDisable)
                  70055194    00000056                                                  : uart_v0_lld.obj (.text.UART_writeCancelNoCB)
                  700551ea    00000002     --HOLE-- [fill = 0]
                  700551ec    00000054     libc.a : exit.c.obj (.text.exit)
                  70055240    00000054            : getdevice.c.obj (.text.finddevice)
                  70055294    00000054            : autoinit.c.obj (.text:__TI_auto_init_nobinit_nopinit)
                  700552e8    00000052     nortos.am263px.r5f.ti-arm-clang.release.lib : AddrTranslateP_32bit.obj (.text.AddrTranslateP_getLocalAddr)
                  7005533a    00000052     drivers.am263px.r5f.ti-arm-clang.release.lib : mcspi_v0_lld.obj (.text.MCSPI_lld_deInitDma)
                  7005538c    00000050     nortos.am263px.r5f.ti-arm-clang.release.lib : ClockP_nortos.obj (.text.ClockP_construct)
                  700553dc    00000050     drivers.am263px.r5f.ti-arm-clang.release.lib : edma.obj (.text.EDMA_allocDmaChannel)
                  7005542c    00000050                                                  : edma.obj (.text.EDMA_allocParam)
                  7005547c    00000050                                                  : edma.obj (.text.EDMA_allocTcc)
                  700554cc    0000004e     nortos.am263px.r5f.ti-arm-clang.release.lib : ClockP_nortos.obj (.text.ClockP_addToList)
                  7005551a    0000004e     ti_drivers_open_close.o (.text.Drivers_uartOpen)
                  70055568    0000004e     drivers.am263px.r5f.ti-arm-clang.release.lib : edma.obj (.text.EDMA_disableChInShadowRegRegion)
                  700555b6    0000004c     ti_drivers_open_close.o (.text.Drivers_edmaOpen)
                  70055602    0000004c     drivers.am263px.r5f.ti-arm-clang.release.lib : mcspi_v0.obj (.text.MCSPI_transferCallback)
                  7005564e    0000004c                                                  : mcspi_v0_lld.obj (.text.MCSPI_transferControllerIntr)
                  7005569a    00000048                                                  : uart_dma_edma.obj (.text.UART_edmaIsrRx)
                  700556e2    00000002     --HOLE-- [fill = 0]
                  700556e4    00000048     libsysbm.a : unlink.c.obj (.text.unlink)
                  7005572c    00000046     drivers.am263px.r5f.ti-arm-clang.release.lib : uart_dma_edma.obj (.text.UART_edmaIsrTx)
                  70055772    00000044                                                  : uart_v0.obj (.text.UART_Params_init)
                  700557b6    00000044                                                  : uart_v0_lld.obj (.text.UART_lld_deInitDma)
                  700557fa    00000040     nortos.am263px.r5f.ti-arm-clang.release.lib : ClockP_nortos.obj (.text.ClockP_stop)
                  7005583a    00000040     ti_dpl_config.o (.text.Dpl_init)
                  7005587a    00000040     drivers.am263px.r5f.ti-arm-clang.release.lib : edma.obj (.text.EDMA_mapChToEvtQ)
                  700558ba    00000002     --HOLE-- [fill = 0]
                  700558bc    00000040                                                  : pinmux.obj (.text.Pinmux_config)
                  700558fc    00000040     nortos.am263px.r5f.ti-arm-clang.release.lib : SemaphoreP_nortos.obj (.text.SemaphoreP_constructBinary)
                  7005593c    00000040     drivers.am263px.r5f.ti-arm-clang.release.lib : uart_v0_lld.obj (.text.UART_lld_deInit)
                  7005597c    00000040     libc.a : memory.c.obj (.text.free_list_insert)
                  700559bc    0000003e     nortos.am263px.r5f.ti-arm-clang.release.lib : SemaphoreP_nortos.obj (.text.SemaphoreP_constructMutex)
                  700559fa    00000002     --HOLE-- [fill = 0]
                  700559fc    0000003c     drivers.am263px.r5f.ti-arm-clang.release.lib : edma.obj (.text.EDMA_getBaseAddr)
                  70055a38    0000003c                                                  : uart_v0_lld.obj (.text.UART_readData)
                  70055a74    0000003a     nortos.am263px.r5f.ti-arm-clang.release.lib : ClockP_nortos.obj (.text.ClockP_destruct)
                  70055aae    0000003a                                                 : DebugP_uartLogWriter.obj (.text.DebugP_uartLogWriterPutChar)
                  70055ae8    0000003a     ti_power_clock_config.o (.text.Module_clockSetFrequency)
                  70055b22    0000003a     drivers.am263px.r5f.ti-arm-clang.release.lib : uart_v0_lld.obj (.text.UART_lld_flushTxFifo)
                  70055b5c    00000038                                                  : soc_rcm.obj (.text.SOC_rcmADPLLJGetFOut)
                  70055b94    00000038     nortos.am263px.r5f.ti-arm-clang.release.lib : DebugP_nortos.obj (.text._DebugP_logZone)
                  70055bcc    00000038                                                 : PmuP_armv7r_asm.obj (.text.pmu)
                  70055c04    00000036     drivers.am263px.r5f.ti-arm-clang.release.lib : edma.obj (.text.EDMA_clrMissEvtRegion)
                  70055c3a    00000034     nortos.am263px.r5f.ti-arm-clang.release.lib : ClockP_nortos.obj (.text.ClockP_start)
                  70055c6e    00000034     drivers.am263px.r5f.ti-arm-clang.release.lib : mcspi_v0.obj (.text.MCSPI_errorCallback)
                  70055ca2    00000034     ti_power_clock_config.o (.text.Module_clockDisable)
                  70055cd6    00000034     ti_power_clock_config.o (.text.Module_clockEnable)
                  70055d0a    00000002     --HOLE-- [fill = 0]
                  70055d0c    00000034     drivers.am263px.r5f.ti-arm-clang.release.lib : soc_rcm.obj (.text.SOC_rcmGetModuleClkDivVal)
                  70055d40    00000034     libc.a : memory.c.obj (.text.free_list_remove)
                  70055d74    00000034     libsysbm.a : lseek.c.obj (.text.lseek)
                  70055da8    00000034                : write.c.obj (.text.write)
                  70055ddc    00000032     drivers.am263px.r5f.ti-arm-clang.release.lib : edma.obj (.text.EDMA_unmapChToEvtQ)
                  70055e0e    00000032     nortos.am263px.r5f.ti-arm-clang.release.lib : SemaphoreP_nortos.obj (.text.SemaphoreP_post)
                  70055e40    00000030     drivers.am263px.r5f.ti-arm-clang.release.lib : uart_v0.obj (.text.UART_lld_writeCompleteCallback)
                  70055e70    0000002e                                                  : edma.obj (.text.EDMA_enableChInShadowRegRegion)
                  70055e9e    0000002e                                                  : uart_v0.obj (.text.UART_lld_readCompleteCallback)
                  70055ecc    0000002c                                                  : soc_rcm.obj (.text.SOC_rcmGetR5Clock)
                  70055ef8    0000002c                                                  : uart_v0.obj (.text.UART_getHandle)
                  70055f24    0000002a     ti_drivers_config.o (.text.System_init)
                  70055f4e    00000028     nortos.am263px.r5f.ti-arm-clang.release.lib : ClockP_nortos.obj (.text.ClockP_sleepTicks)
                  70055f76    00000028     drivers.am263px.r5f.ti-arm-clang.release.lib : gpio.obj (.text.GPIO_setDirMode)
                  70055f9e    00000028                                                  : mcspi_v0_lld.obj (.text.MCSPI_fifoReadMultiWord)
                  70055fc6    00000002     --HOLE-- [fill = 0]
                  70055fc8    00000028                                                  : soc.obj (.text.SOC_moduleSetClockFrequency)
                  70055ff0    00000028     board.o (.text.digitalWrite)
                  70056018    00000026     nortos.am263px.r5f.ti-arm-clang.release.lib : ClockP_nortos.obj (.text.ClockP_sleep)
                  7005603e    00000026     ti_drivers_open_close.o (.text.Drivers_open)
                  70056064    00000026     drivers.am263px.r5f.ti-arm-clang.release.lib : edma.obj (.text.EDMA_setPaRAM)
                  7005608a    00000026                                                  : uart_dma_edma.obj (.text.UART_lld_dmaDisableChannel)
                  700560b0    00000024                                                  : mcspi_v0_lld.obj (.text.MCSPI_fifoWriteMultiWord)
                  700560d4    00000024                                                  : uart_v0_lld.obj (.text.UART_IsHWFlowCtrlValid)
                  700560f8    00000024                                                  : uart_v0_lld.obj (.text.UART_IsRxTrigLvlValid)
                  7005611c    00000024                                                  : uart_v0_lld.obj (.text.UART_IsTxTrigLvlValid)
                  70056140    00000024     libclang_rt.builtins.a : aeabi_uldivmod.S.obj (.text.__aeabi_uldivmod)
                  70056164    00000024     nortos.am263px.r5f.ti-arm-clang.release.lib : printf.obj (.text.vprintf_)
                  70056188    00000022     drivers.am263px.r5f.ti-arm-clang.release.lib : edma.obj (.text.EDMA_linkChannel)
                  700561aa    00000022                                                  : mcspi_v0_lld.obj (.text.MCSPI_transferPeripheralIntr)
                  700561cc    00000020     nortos.am263px.r5f.ti-arm-clang.release.lib : DebugP_log.obj (.text.DebugP_logZoneEnable)
                  700561ec    00000020     drivers.am263px.r5f.ti-arm-clang.release.lib : mcspi_v0_lld.obj (.text.MCSPI_fifoRead32)
                  7005620c    00000020     nortos.am263px.r5f.ti-arm-clang.release.lib : TimerP_rti_priv.obj (.text.TimerP_Params_initPriv)
                  7005622c    00000020     drivers.am263px.r5f.ti-arm-clang.release.lib : uart_v0_lld.obj (.text.UART_getChar)
                  7005624c    0000001e     ti_drivers_config.o (.text.System_deinit)
                  7005626a    0000001e     drivers.am263px.r5f.ti-arm-clang.release.lib : uart_v0_lld.obj (.text.UART_spaceAvail)
                  70056288    0000001e     ADS_adc.o (.text.readADC)
                  700562a6    0000001c     drivers.am263px.r5f.ti-arm-clang.release.lib : mcspi_v0_lld.obj (.text.MCSPI_fifoWrite32)
                  700562c2    0000001c                                                  : mcspi_v0_lld.obj (.text.MCSPI_getFifoTrigLvl)
                  700562de    0000001c                                                  : mcspi_v0_lld.obj (.text.MCSPI_lld_deInit)
                  700562fa    00000002     --HOLE-- [fill = 0]
                  700562fc    0000001c                                                  : soc_rcm.obj (.text.SOC_rcmIsR5FInLockStepMode)
                  70056318    0000001c     main.o (.text.main)
                  70056334    0000001c     libsysbm.a : hostrename.c.obj (.text.strcpy)
                  70056350    0000001c                : hostrename.c.obj (.text.strlen)
                  7005636c    0000001c     libc.a : memcpy32.S.obj (.text:TI_memcpy_small)
                  70056388    0000001a     nortos.am263px.r5f.ti-arm-clang.release.lib : CpuId_armv7r.obj (.text.CSL_armR5GetCpuID)
                  700563a2    0000001a     drivers.am263px.r5f.ti-arm-clang.release.lib : edma.obj (.text.EDMA_readEventStatusRegion)
                  700563bc    0000001a                                                  : uart_v0_lld.obj (.text.UART_enhanFuncEnable)
                  700563d6    00000002     --HOLE-- [fill = 0]
                  700563d8    00000018                                                  : mcspi_v0.obj (.text.MCSPI_deinit)
                  700563f0    00000018                                                  : mcspi_dma_edma.obj (.text.MCSPI_lld_dmaInit)
                  70056408    00000018     nortos.am263px.r5f.ti-arm-clang.release.lib : TimerP_rti_priv.obj (.text.TimerP_getCountPriv)
                  70056420    00000018     drivers.am263px.r5f.ti-arm-clang.release.lib : uart_v0.obj (.text.UART_deinit)
                  70056438    00000018     libc.a : memset32.S.obj (.text:TI_memset_small)
                  70056450    00000016     drivers.am263px.r5f.ti-arm-clang.release.lib : mcspi_v0_lld.obj (.text.MCSPI_reset)
                  70056466    00000016                                                  : uart_v0_lld.obj (.text.UART_IsTxRxFifoEmpty)
                  7005647c    00000016                                                  : uart_v0_lld.obj (.text.UART_getIntrIdentityStatus)
                  70056492    00000014     nortos.am263px.r5f.ti-arm-clang.release.lib : ClockP_nortos.obj (.text.ClockP_usecToTicks)
                  700564a6    00000014     drivers.am263px.r5f.ti-arm-clang.release.lib : edma.obj (.text.EDMA_getRegionId)
                  700564ba    00000014                                                  : uart_v0.obj (.text.UART_Transaction_init)
                  700564ce    00000014                                                  : uart_v0_lld.obj (.text.UART_enhanFuncBitValRestore)
                  700564e2    00000012                                                  : uart_v0_lld.obj (.text.UART_hardwareFlowCtrlOptSet)
                  700564f4    00000012                                                  : uart_v0_lld.obj (.text.UART_operatingModeSelect)
                  70056506    00000012                                                  : uart_v0_lld.obj (.text.UART_readLineStatus)
                  70056518    00000012     ti_dpl_config.o (.text.putchar_)
                  7005652a    00000010     drivers.am263px.r5f.ti-arm-clang.release.lib : uart_v0_lld.obj (.text.UART_intr2Disable)
                  7005653a    00000002     --HOLE-- [fill = 0]
                  7005653c    00000010     libclang_rt.builtins.a : aeabi_memset.S.obj (.text.__aeabi_memset)
                  7005654c    00000010     libc.a : fputc.c.obj (.text.putchar)
                  7005655c    0000000e     drivers.am263px.r5f.ti-arm-clang.release.lib : edma.obj (.text.EDMA_ccPaRAMEntry_init)
                  7005656a    0000000e                                                  : gpio.obj (.text.GPIO_bankIntrEnable)
                  70056578    0000000e     ti_pinmux_config.o (.text.Pinmux_init)
                  70056586    0000000e     ti_power_clock_config.o (.text.PowerClock_init)
                  70056594    0000000c     nortos.am263px.r5f.ti-arm-clang.release.lib : ClockP_nortos.obj (.text.ClockP_getTicks)
                  700565a0    0000000c                                                 : DebugP_uartLogWriter.obj (.text.DebugP_uartSetDrvIndex)
                  700565ac    0000000c     drivers.am263px.r5f.ti-arm-clang.release.lib : edma.obj (.text.EDMA_isInitialized)
                  700565b8    0000000c                                                  : soc.obj (.text.SOC_getSelfCpuClk)
                  700565c4    0000000c     libclang_rt.builtins.a : aeabi_memset.S.obj (.text.__aeabi_memclr)
                  700565d0    0000000c     libc.a : memory.c.obj (.text.malloc)
                  700565dc    00000004     nortos.am263px.r5f.ti-arm-clang.release.lib : ClockP_nortos_r5.obj (.text.ClockP_getTimerCount)
                  700565e0    0000000c     libc.a : strcmp32.S.obj (.text)
                  700565ec    0000000c     nortos.am263px.r5f.ti-arm-clang.release.lib : CpuId_armv7r_asm.obj (.text)
                  700565f8    0000000a                                                 : ClockP_nortos.obj (.text.ClockP_Params_init)
                  70056602    0000000a                                                 : ClockP_nortos.obj (.text.ClockP_isActive)
                  7005660c    0000000a                                                 : TimerP_rti_priv.obj (.text.TimerP_getReloadCountPriv)
                  70056616    0000000a                                                 : TimerP_rti_priv.obj (.text.TimerP_startPriv)
                  70056620    0000000a     drivers.am263px.r5f.ti-arm-clang.release.lib : uart_v0_lld.obj (.text.UART_lld_Transaction_deInit)
                  7005662a    00000002     --HOLE-- [fill = 0]
                  7005662c    00000008     libsysbm.a : hostexit.c.obj (.text.HOSTexit)
                  70056634    00000008     nortos.am263px.r5f.ti-arm-clang.release.lib : TimerP_rti_priv.obj (.text.TimerP_clearOverflowIntPriv)
                  7005663c    00000008                                                 : printf.obj (.text._out_char)
                  70056644    00000006     drivers.am263px.r5f.ti-arm-clang.release.lib : edma.obj (.text.EDMA_isInterruptEnabled)
                  7005664a    00000006                                                  : soc.obj (.text.SOC_moduleClockEnable)
                  70056650    00000006                                                  : soc_rcm.obj (.text.SOC_rcmGetCR5SysclkInFrequency)
                  70056656    00000004     nortos.am263px.r5f.ti-arm-clang.release.lib : ClockP_nortos_r5.obj (.text.ClockP_timerClearOverflowInt)
                  7005665a    00000004     ti_power_clock_config.o (.text.PowerClock_deinit)
                  7005665e    00000004     nortos.am263px.r5f.ti-arm-clang.release.lib : TimerP_rti_nortos.obj (.text.TimerP_Params_init)
                  70056662    00000004                                                 : TimerP_rti_nortos.obj (.text.TimerP_clearOverflowInt)
                  70056666    00000004                                                 : TimerP_rti_nortos.obj (.text.TimerP_getCount)
                  7005666a    00000004                                                 : TimerP_rti_nortos.obj (.text.TimerP_getReloadCount)
                  7005666e    00000004                                                 : TimerP_rti_nortos.obj (.text.TimerP_setup)
                  70056672    00000004                                                 : TimerP_rti_nortos.obj (.text.TimerP_start)
                  70056676    00000002     --HOLE-- [fill = 0]
                  70056678    00000004     libclang_rt.builtins.a : aeabi_div0.c.obj (.text.__aeabi_ldiv0)
                  7005667c    00000004                            : aeabi_memcpy.S.obj (.text.__aeabi_memcpy)
                  70056680    00000004     libc.a : _lock.c.obj (.text._nop)
                  70056684    00000004            : fseek.c.obj (.text.fseek)
                  70056688    00000004     libsysbm.a : remove.c.obj (.text.remove)
                  7005668c    00000008     nortos.am263px.r5f.ti-arm-clang.release.lib : HwiP_armv7r_asm.obj (.tramp.HwiP_enable.1)
                  70056694    00000008                                                 : HwiP_armv7r_asm.obj (.tramp.HwiP_restore.1)
                  7005669c    00000008                                                 : PmuP_armv7r_asm.obj (.tramp.PmuP_setUserEnable.1)
                  700566a4    00000008                                                 : PmuP_armv7r_asm.obj (.tramp.PmuP_enableCounters.1)
                  700566ac    00000014     --HOLE-- [fill = 0]

.rodata    0    700566c0    00000c68     
                  700566c0    00000074     ti_dpl_config.o (.rodata.cfg)
                  70056734    00000051     drivers.am263px.r5f.ti-arm-clang.release.lib : mcspi_v0.obj (.rodata.str1.26396439823528435241)
                  70056785    00000003     --HOLE-- [fill = 0]
                  70056788    00000050     nortos.am263px.r5f.ti-arm-clang.release.lib : printf.obj (.rodata._ftoa.pow10)
                  700567d8    00000048     drivers.am263px.r5f.ti-arm-clang.release.lib : soc_rcm.obj (.rodata.gADPLLJConfigTbl)
                  70056820    00000048                                                  : mcspi_v0_lld.obj (.rodata.str1.97363132707188488161)
                  70056868    0000003d     nortos.am263px.r5f.ti-arm-clang.release.lib : TimerP_rti_priv.obj (.rodata.str1.72163963154704191671)
                  700568a5    00000037                                                 : SemaphoreP_nortos.obj (.rodata.str1.52751030918495836841)
                  700568dc    00000036     ti_drivers_open_close.o (.rodata.str1.871795152488895636.1)
                  70056912    00000035     ti_drivers_open_close.o (.rodata.str1.2554706296470369595.1)
                  70056947    00000035     ti_drivers_open_close.o (.rodata.str1.7750254725308216577.1)
                  7005697c    0000002e     nortos.am263px.r5f.ti-arm-clang.release.lib : ClockP_nortos.obj (.rodata.str1.39419159632632580371)
                  700569aa    0000002a                                                 : DebugP_log.obj (.rodata.str1.8882360920750446361)
                  700569d4    00000027                                                 : ClockP_nortos_r5.obj (.rodata.str1.91622226613999981811)
                  700569fb    00000024     drivers.am263px.r5f.ti-arm-clang.release.lib : edma.obj (.rodata.str1.164918382464449145851)
                  70056a1f    00000023     nortos.am263px.r5f.ti-arm-clang.release.lib : ClockP_nortos_r5.obj (.rodata.str1.136646522816104227591)
                  70056a42    00000023     drivers.am263px.r5f.ti-arm-clang.release.lib : soc_rcm.obj (.rodata.str1.15813086600912413471)
                  70056a65    00000022                                                  : edma.obj (.rodata.str1.6611792697437713481)
                  70056a87    00000021     nortos.am263px.r5f.ti-arm-clang.release.lib : ClockP_nortos_r5.obj (.rodata.str1.99041146818411950391)
                  70056aa8    00000020     drivers.am263px.r5f.ti-arm-clang.release.lib : uart_v0_lld.obj (.rodata.cst32)
                  70056ac8    00000020                                                  : uart_v0.obj (.rodata.str1.150767988884773108331)
                  70056ae8    0000001f     board.o (.rodata.str1.10881007155619371109.1)
                  70056b07    0000001f     board.o (.rodata.str1.123550804358397101.1)
                  70056b26    0000001f     board.o (.rodata.str1.13738757807042593414.1)
                  70056b45    0000001f     board.o (.rodata.str1.14465880841147386111.1)
                  70056b64    0000001f     board.o (.rodata.str1.1510811462892085231.1)
                  70056b83    0000001f     board.o (.rodata.str1.16077883977509950417.1)
                  70056ba2    0000001f     board.o (.rodata.str1.1696272589420159480.1)
                  70056bc1    0000001f     board.o (.rodata.str1.18250802514644841805.1)
                  70056be0    0000001f     nortos.am263px.r5f.ti-arm-clang.release.lib : SemaphoreP_nortos.obj (.rodata.str1.25281168886080794691)
                  70056bff    0000001f                                                 : ClockP_nortos_r5.obj (.rodata.str1.25349503636762439021)
                  70056c1e    0000001f     board.o (.rodata.str1.5436337271421848948.1)
                  70056c3d    0000001f     board.o (.rodata.str1.673658226405435322.1)
                  70056c5c    0000001f     board.o (.rodata.str1.9045895231722895584.1)
                  70056c7b    0000001f     board.o (.rodata.str1.9461189164499355904.1)
                  70056c9a    0000001e     board.o (.rodata.str1.10345935079445805060.1)
                  70056cb8    0000001e     drivers.am263px.r5f.ti-arm-clang.release.lib : mcspi_v0.obj (.rodata.str1.144400815220210358851)
                  70056cd6    0000001e     board.o (.rodata.str1.6418571003999367838.1)
                  70056cf4    0000001e     board.o (.rodata.str1.6840234256597642108.1)
                  70056d12    0000001e     board.o (.rodata.str1.9453984286452795027.1)
                  70056d30    0000001d     nortos.am263px.r5f.ti-arm-clang.release.lib : TimerP_rti_priv.obj (.rodata.str1.114219152040444562951)
                  70056d4d    0000001d                                                 : TimerP_rti_priv.obj (.rodata.str1.125174968193178473681)
                  70056d6a    0000001d     drivers.am263px.r5f.ti-arm-clang.release.lib : uart_v0.obj (.rodata.str1.142814395268246240721)
                  70056d87    0000001d                                                  : mcspi_v0.obj (.rodata.str1.171925388543524077211)
                  70056da4    0000001d     nortos.am263px.r5f.ti-arm-clang.release.lib : TimerP_rti_priv.obj (.rodata.str1.27974953896521033811)
                  70056dc1    0000001b     drivers.am263px.r5f.ti-arm-clang.release.lib : edma.obj (.rodata.str1.16266241636797238661)
                  70056ddc    0000001b     nortos.am263px.r5f.ti-arm-clang.release.lib : ClockP_nortos.obj (.rodata.str1.47646432807403639741)
                  70056df7    0000001a     drivers.am263px.r5f.ti-arm-clang.release.lib : edma.obj (.rodata.str1.124702968117785801901)
                  70056e11    0000001a     nortos.am263px.r5f.ti-arm-clang.release.lib : ClockP_nortos_r5.obj (.rodata.str1.133203246495064227641)
                  70056e2b    0000001a     drivers.am263px.r5f.ti-arm-clang.release.lib : soc_rcm.obj (.rodata.str1.153801437654618082741)
                  70056e45    0000001a                                                  : mcspi_v0.obj (.rodata.str1.169212516063846095031)
                  70056e5f    0000001a     board.o (.rodata.str1.9440741161207462191.1)
                  70056e79    0000001a     drivers.am263px.r5f.ti-arm-clang.release.lib : mcspi_v0.obj (.rodata.str1.99640994410596514241)
                  70056e93    00000019     nortos.am263px.r5f.ti-arm-clang.release.lib : TimerP_rti_priv.obj (.rodata.str1.160914699991520874261)
                  70056eac    00000018     drivers.am263px.r5f.ti-arm-clang.release.lib : soc_rcm.obj (.rodata.gControlssPllClkSrcValMap)
                  70056ec4    00000018                                                  : soc_rcm.obj (.rodata.gCptsClkSrcValMap)
                  70056edc    00000018                                                  : soc_rcm.obj (.rodata.gI2cClkSrcValMap)
                  70056ef4    00000018                                                  : soc_rcm.obj (.rodata.gLinUartClkSrcValMap)
                  70056f0c    00000018                                                  : soc_rcm.obj (.rodata.gPeripheralClkSrcInfoMap)
                  70056f24    00000018                                                  : soc_rcm.obj (.rodata.gRtiClkSrcValMap)
                  70056f3c    00000018                                                  : soc_rcm.obj (.rodata.gWdtClkSrcValMap)
                  70056f54    00000018                                                  : uart_v0.obj (.rodata.str1.9069738176458784971)
                  70056f6c    00000017     ADS_adc.o (.rodata.str1.10043506777178288082.1)
                  70056f83    00000017     drivers.am263px.r5f.ti-arm-clang.release.lib : soc_rcm.obj (.rodata.str1.141251745167226470741)
                  70056f9a    00000016                                                  : soc_rcm.obj (.rodata.str1.107645048611228328791)
                  70056fb0    00000016                                                  : soc_rcm.obj (.rodata.str1.177369307189295936511)
                  70056fc6    00000016                                                  : soc_rcm.obj (.rodata.str1.63555232926284281011)
                  70056fdc    00000016                                                  : mcspi_v0.obj (.rodata.str1.85423015064808713541)
                  70056ff2    00000015                                                  : edma.obj (.rodata.str1.149652404363315708211)
                  70057007    00000015     nortos.am263px.r5f.ti-arm-clang.release.lib : SemaphoreP_nortos.obj (.rodata.str1.30861210816963497001)
                  7005701c    00000014     drivers.am263px.r5f.ti-arm-clang.release.lib : mcspi_v0_lld.obj (.rodata.str1.147988882001261723701)
                  70057030    00000014                                                  : edma.obj (.rodata.str1.176595599180530855901)
                  70057044    00000014                                                  : mcspi_v0.obj (.rodata.str1.34611452835214624521)
                  70057058    00000014                                                  : edma.obj (.rodata.str1.41785049815304208531)
                  7005706c    00000014                                                  : edma.obj (.rodata.str1.93700429500326477781)
                  70057080    00000013                                                  : soc_rcm.obj (.rodata.str1.30734103837947208761)
                  70057093    00000013                                                  : uart_v0.obj (.rodata.str1.9980655952161290391)
                  700570a6    00000012                                                  : uart_v0.obj (.rodata.str1.166492982902436568231)
                  700570b8    00000012                                                  : uart_v0.obj (.rodata.str1.171120843061886446841)
                  700570ca    00000012                                                  : edma.obj (.rodata.str1.41579851849113419871)
                  700570dc    00000012     ti_drivers_open_close.o (.rodata.str1.6538372684047993024.1)
                  700570ee    00000012     drivers.am263px.r5f.ti-arm-clang.release.lib : soc_rcm.obj (.rodata.str1.67217821191364965911)
                  70057100    00000011                                                  : edma.obj (.rodata.str1.117215064595961288031)
                  70057111    00000011     ti_drivers_open_close.o (.rodata.str1.12213835641041270557.1)
                  70057122    00000011     drivers.am263px.r5f.ti-arm-clang.release.lib : uart_v0.obj (.rodata.str1.16967668833904919061)
                  70057133    00000011                                                  : edma.obj (.rodata.str1.28692048193800818901)
                  70057144    00000011     nortos.am263px.r5f.ti-arm-clang.release.lib : ClockP_nortos.obj (.rodata.str1.37923443167824241621)
                  70057155    00000011                                                 : TimerP_rti_priv.obj (.rodata.str1.44101942245516082551)
                  70057166    00000011     ti_drivers_open_close.o (.rodata.str1.6292539624901818759.1)
                  70057177    00000010     drivers.am263px.r5f.ti-arm-clang.release.lib : mcspi_v0.obj (.rodata.str1.153145657127816401141)
                  70057187    00000010                                                  : edma.obj (.rodata.str1.18778444954996405781)
                  70057197    0000000f     PDMtesting.o (.rodata.str1.10577412323663350067.1)
                  700571a6    0000000f     drivers.am263px.r5f.ti-arm-clang.release.lib : edma.obj (.rodata.str1.111354322338949310841)
                  700571b5    0000000f                                                  : edma.obj (.rodata.str1.144551280152329776181)
                  700571c4    0000000f                                                  : edma.obj (.rodata.str1.2759273541325923811)
                  700571d3    0000000f                                                  : mcspi_v0.obj (.rodata.str1.43973954253821070511)
                  700571e2    0000000f     board.o (.rodata.str1.834004997606947946.1)
                  700571f1    0000000f     drivers.am263px.r5f.ti-arm-clang.release.lib : edma.obj (.rodata.str1.92547749779646142691)
                  70057200    0000000e                                                  : edma.obj (.rodata.str1.19244332700943948511)
                  7005720e    0000000e                                                  : edma.obj (.rodata.str1.46057082369026546831)
                  7005721c    0000000e                                                  : edma.obj (.rodata.str1.46782315602798139861)
                  7005722a    0000000d                                                  : edma.obj (.rodata.str1.121775923823351643201)
                  70057237    0000000d     nortos.am263px.r5f.ti-arm-clang.release.lib : TimerP_rti_priv.obj (.rodata.str1.31870447354226168941)
                  70057244    0000000c     drivers.am263px.r5f.ti-arm-clang.release.lib : mcspi_v0_lld.obj (.rodata..Lswitch.table.MCSPI_lld_controllerIsr.1)
                  70057250    0000000c                                                  : mcspi_v0_lld.obj (.rodata..Lswitch.table.MCSPI_lld_controllerIsr)
                  7005725c    0000000c     PDMtesting.o (.rodata.str1.1094412632907578887.1)
                  70057268    0000000c     nortos.am263px.r5f.ti-arm-clang.release.lib : ClockP_nortos_r5.obj (.rodata.str1.177642182983587376931)
                  70057274    0000000c     drivers.am263px.r5f.ti-arm-clang.release.lib : mcspi_v0.obj (.rodata.str1.69169362540279301091)
                  70057280    0000000c                                                  : edma.obj (.rodata.str1.73371482538137472541)
                  7005728c    0000000b     board.o (.rodata.str1.15102135329570516791.1)
                  70057297    0000000b     drivers.am263px.r5f.ti-arm-clang.release.lib : mcspi_v0.obj (.rodata.str1.169287378047891341191)
                  700572a2    0000000b                                                  : uart_v0.obj (.rodata.str1.174466331461201984741)
                  700572ad    0000000b                                                  : uart_v0.obj (.rodata.str1.23952661867579505821)
                  700572b8    0000000b                                                  : mcspi_v0.obj (.rodata.str1.248655060218483491)
                  700572c3    0000000b                                                  : edma.obj (.rodata.str1.8716574913843167321)
                  700572ce    0000000a                                                  : soc_rcm.obj (.rodata.str1.102656642322745120751)
                  700572d8    0000000a                                                  : edma.obj (.rodata.str1.11281620503267214511)
                  700572e2    0000000a                                                  : uart_v0.obj (.rodata.str1.4680544719311723101)
                  700572ec    0000000a                                                  : edma.obj (.rodata.str1.94390198658697638781)
                  700572f6    0000000a                                                  : uart_v0.obj (.rodata.str1.98976386761529848021)
                  70057300    00000006                                                  : soc_rcm.obj (.rodata.str1.53743240983164125611)
                  70057306    00000005     nortos.am263px.r5f.ti-arm-clang.release.lib : printf.obj (.rodata.str1.143852280595428356391)
                  7005730b    00000005                                                 : printf.obj (.rodata.str1.23318557076440195721)
                  70057310    00000004     ADS_adc.o (.rodata.ADC_RESOLUTION)
                  70057314    00000004     ADS_adc.o (.rodata.VREF)
                  70057318    00000004     nortos.am263px.r5f.ti-arm-clang.release.lib : CacheP_armv7r.obj (.rodata.gCacheL1dCacheLineSize)
                  7005731c    00000004                                                 : CacheP_armv7r.obj (.rodata.gCacheL1pCacheLineSize)
                  70057320    00000004                                                 : printf.obj (.rodata.str1.122320159353749299121)
                  70057324    00000004                                                 : printf.obj (.rodata.str1.81101573233442303481)

.text.hwi 
*          0    70057328    000008d8     
                  70057328    00000402     nortos.am263px.r5f.ti-arm-clang.release.lib : HwiP_armv7r_vim.obj (.text.hwi)
                  7005772a    000002dc                                                 : HwiP_armv7r_handlers_nortos.obj (.text.hwi)
                  70057a06    00000002     --HOLE-- [fill = 0]
                  70057a08    0000017c                                                 : HwiP_armv7r_handlers_nortos_asm.obj (.text.hwi)
                  70057b84    00000070                                                 : HwiP_armv7r_asm.obj (.text.hwi)
                  70057bf4    00000008                                                 : HwiP_armv7r_asm.obj (.tramp.HwiP_enableFIQ.1)
                  70057bfc    00000004     --HOLE-- [fill = 0]

.text.cache 
*          0    70057c00    00000430     
                  70057c00    00000340     nortos.am263px.r5f.ti-arm-clang.release.lib : CacheP_armv7r_asm.obj (.text.cache)
                  70057f40    000000d8                                                 : CacheP_armv7r.obj (.text.cache)
                  70058018    00000008                                                 : CacheP_armv7r_asm.obj (.tramp.CacheP_invL1d.1)
                  70058020    00000008                                                 : CacheP_armv7r_asm.obj (.tramp.CacheP_enableL1p.1)
                  70058028    00000008                                                 : HwiP_armv7r_asm.obj (.tramp.HwiP_restore.2)

.text.mpu 
*          0    70058030    00000290     
                  70058030    00000202     nortos.am263px.r5f.ti-arm-clang.release.lib : MpuP_armv7r.obj (.text.mpu)
                  70058232    00000002     --HOLE-- [fill = 0]
                  70058234    00000078                                                 : MpuP_armv7r_asm.obj (.text.mpu)
                  700582ac    00000008                                                 : HwiP_armv7r_asm.obj (.tramp.HwiP_restore.3)
                  700582b4    00000008                                                 : MpuP_armv7r_asm.obj (.tramp.MpuP_isEnableAsm.1)
                  700582bc    00000004     --HOLE-- [fill = 0]

.text.boot 
*          0    700582c0    00000190     
                  700582c0    00000144     nortos.am263px.r5f.ti-arm-clang.release.lib : boot_armv7r_asm.obj (.text.boot)
                  70058404    0000001e                                                 : DebugP_log.obj (.text.boot)
                  70058422    0000001c                                                 : boot_armv7r.obj (.text.boot)
                  7005843e    0000000e     ti_dpl_config.o (.text.boot)
                  7005844c    00000004     --HOLE-- [fill = 0]

.text:abort 
*          0    70058450    00000008     
                  70058450    00000008     libc.a : exit.c.obj (.text:abort)

.data      0    70058458    000006d8     
                  70058458    000000f0     libc.a : defs.c.obj (.data._ftable)
                  70058548    000000c8     ti_pinmux_config.o (.data.gPinMuxMainDomainCfg)
                  70058610    0000009c     drivers.am263px.r5f.ti-arm-clang.release.lib : mcspi_v0.obj (.data.gMcspiDrvObj)
                  700586ac    0000009c                                                  : uart_v0.obj (.data.gUartDrvObj)
                  70058748    00000088     ti_drivers_config.o (.data.gEdmaAttrs)
                  700587d0    00000078     libsysbm.a : host_device.c.obj (.data._device)
                  70058848    00000060     board.o (.data.intr_pins)
                  700588a8    00000058     ti_drivers_open_close.o (.data.gUartParams)
                  70058900    00000050     libsysbm.a : host_device.c.obj (.data._stream)
                  70058950    00000048     ti_drivers_config.o (.data.gMcspiAttrs)
                  70058998    00000040     ti_drivers_open_close.o (.data.gSpi0ChCfg)
                  700589d8    00000040     ti_drivers_open_close.o (.data.gSpi1ChCfg)
                  70058a18    00000030     ti_power_clock_config.o (.data.gSocModulesClockFrequency)
                  70058a48    00000028     ti_drivers_open_close.o (.data.gMcspiOpenParams)
                  70058a70    00000018     ti_dpl_config.o (.data.gClockConfig)
                  70058a88    00000010     ti_drivers_config.o (.data.gMcspiConfig)
                  70058a98    00000010     ti_power_clock_config.o (.data.gSocModules)
                  70058aa8    0000000c     nortos.am263px.r5f.ti-arm-clang.release.lib : AddrTranslateP_32bit.obj (.data.gAddrTranslateConfig)
                  70058ab4    00000008     libc.a : exit.c.obj (.data..L_MergedGlobals)
                  70058abc    00000008     ti_drivers_open_close.o (.data.gConfigMcspiChCfg)
                  70058ac4    00000008     ti_drivers_config.o (.data.gEdmaConfig)
                  70058acc    00000008     ti_drivers_open_close.o (.data.gEdmaParams)
                  70058ad4    00000008     ti_drivers_open_close.o (.data.gMcspiDmaChConfig)
                  70058adc    00000008     ti_drivers_config.o (.data.gMcspiNumCh)
                  70058ae4    00000008     ti_drivers_config.o (.data.gUartAttrs)
                  70058aec    00000008     ti_drivers_config.o (.data.gUartConfig)
                  70058af4    00000004     libc.a : defs.c.obj (.data.__TI_ft_end)
                  70058af8    00000008     nortos.am263px.r5f.ti-arm-clang.release.lib : PmuP_armv7r.obj (.data.pmu)
                  70058b00    00000004     libc.a : _lock.c.obj (.data._lock)
                  70058b04    00000004            : _lock.c.obj (.data._unlock)
                  70058b08    00000004     nortos.am263px.r5f.ti-arm-clang.release.lib : DebugP_log.obj (.data.gDebugLogZone)
                  70058b0c    00000004                                                 : DebugP_uartLogWriter.obj (.data.gDebugP_uartDrvIndex)
                  70058b10    00000004     ti_drivers_config.o (.data.gEdmaConfigNum)
                  70058b14    00000004     ti_dpl_config.o (.data.gHwiConfig)
                  70058b18    00000004     ti_drivers_config.o (.data.gMcspiConfigNum)
                  70058b1c    00000004     ti_drivers_config.o (.data.gUartConfigNum)
                  70058b20    00000004     ti_drivers_open_close.o (.data.gUartDmaChConfig)
                  70058b24    00000004     board.o (.data.test)
                  70058b28    00000001     drivers.am263px.r5f.ti-arm-clang.release.lib : soc.obj (.data.isMapAvailable)
                  70058b29    00000003     --HOLE-- [fill = 0]
                  70058b2c    00000001     libc.a : memory.c.obj (.data.memory_is_initialized)
                  70058b2d    00000003     --HOLE-- [fill = 0]

.irqstack 
*          0    70058b30    00000100     UNINITIALIZED
                  70058b30    00000100     --HOLE--

.fiqstack 
*          0    70058c30    00000100     UNINITIALIZED
                  70058c30    00000100     --HOLE--

.svcstack 
*          0    70058d30    00001000     UNINITIALIZED
                  70058d30    00001000     --HOLE--

.abortstack 
*          0    70059d30    00000100     UNINITIALIZED
                  70059d30    00000100     --HOLE--

.undefinedstack 
*          0    70059e30    00000100     UNINITIALIZED
                  70059e30    00000100     --HOLE--

.init_array 
*          0    70040000    00000000     UNINITIALIZED

MODULE SUMMARY

       Module                                code    ro data   rw data
       ------                                ----    -------   -------
    .\
       board.o                               754     544       292    
       PDMtesting.o                          182     27        1      
       ADS_adc.o                             172     31        0      
       main.o                                28      0         0      
    +--+-------------------------------------+-------+---------+---------+
       Total:                                1136    602       293    
                                                                      
    .\syscfg\
       ti_drivers_config.o                   762     0         3276   
       ti_drivers_open_close.o               316     212       300    
       ti_power_clock_config.o               180     0         64     
       ti_dpl_config.o                       98      116       28     
       ti_pinmux_config.o                    14      0         200    
       ti_board_config.o                     4       0         0      
       ti_board_open_close.o                 4       0         0      
    +--+-------------------------------------+-------+---------+---------+
       Total:                                1378    328       3868   
                                                                      
    C:/Users/carim/Desktop/mcu_plus_sdk_am263px_10_02_00_15__all/mcu_plus_sdk_am263px_10_02_00_15/source/drivers/lib/drivers.am263px.r5f.ti-arm-clang.release.lib
       edma.obj                              5042    430       0      
       mcspi_v0_lld.obj                      4570    116       0      
       soc_rcm.obj                           2454    443       0      
       uart_v0_lld.obj                       2802    32        0      
       uart_v0.obj                           1760    199       156    
       mcspi_v0.obj                          1592    299       156    
       mcspi_dma_edma.obj                    1960    0         0      
       uart_dma_edma.obj                     1340    0         0      
       soc.obj                               566     0         17     
       gpio.obj                              162     0         0      
       pinmux.obj                            64      0         0      
    +--+-------------------------------------+-------+---------+---------+
       Total:                                22312   1519      329    
                                                                      
    C:/Users/carim/Desktop/mcu_plus_sdk_am263px_10_02_00_15__all/mcu_plus_sdk_am263px_10_02_00_15/source/kernel/nortos/lib/nortos.am263px.r5f.ti-arm-clang.release.lib
       printf.obj                            4052    98        0      
       HwiP_armv7r_vim.obj                   1026    0         2060   
       CacheP_armv7r_asm.obj                 848     0         0      
       ClockP_nortos.obj                     642     90        56     
       HwiP_armv7r_handlers_nortos.obj       732     0         0      
       TimerP_rti_priv.obj                   404     203       0      
       MpuP_armv7r.obj                       514     0         0      
       ClockP_nortos_r5.obj                  268     176       0      
       SemaphoreP_nortos.obj                 328     107       0      
       HwiP_armv7r_handlers_nortos_asm.obj   380     0         0      
       boot_armv7r_asm.obj                   324     0         0      
       CacheP_armv7r.obj                     216     8         0      
       DebugP_log.obj                        154     42        4      
       HwiP_armv7r_asm.obj                   152     0         0      
       MpuP_armv7r_asm.obj                   128     0         0      
       PmuP_armv7r.obj                       102     0         8      
       AddrTranslateP_32bit.obj              82      0         12     
       DebugP_uartLogWriter.obj              70      0         4      
       PmuP_armv7r_asm.obj                   72      0         0      
       HwiP_armv7r_vectors_nortos_asm.obj    64      0         0      
       DebugP_nortos.obj                     56      0         0      
       boot_armv7r.obj                       28      0         0      
       CpuId_armv7r.obj                      26      0         0      
       TimerP_rti_nortos.obj                 24      0         0      
       CpuId_armv7r_asm.obj                  12      0         0      
       TaskP_nortos.obj                      2       0         0      
    +--+-------------------------------------+-------+---------+---------+
       Total:                                10706   724       2144   
                                                                      
    C:\ti\ccs2011\ccs\tools\compiler\ti-cgt-armllvm_4.0.2.LTS\lib\armv7r-ti-none-eabihf/c/libc.a
       memory.c.obj                          1136    0         5      
       strcmp32.S.obj                        924     0         0      
       defs.c.obj                            0       0         404    
       setvbuf.c.obj                         324     0         0      
       getdevice.c.obj                       284     0         0      
       fputc.c.obj                           256     0         0      
       fseek.c.obj                           184     0         0      
       fclose.c.obj                          176     0         0      
       _io_perm.c.obj                        156     0         0      
       fflush.c.obj                          136     0         0      
       exit.c.obj                            92      0         8      
       fopen.c.obj                           88      0         0      
       autoinit.c.obj                        84      0         0      
       memcpy32.S.obj                        28      0         0      
       memset32.S.obj                        24      0         0      
       _lock.c.obj                           4       0         8      
    +--+-------------------------------------+-------+---------+---------+
       Total:                                3896    0         425    
                                                                      
    C:\ti\ccs2011\ccs\tools\compiler\ti-cgt-armllvm_4.0.2.LTS\lib\armv7r-ti-none-eabihf/c/libsysbm.a
       trgmsg.c.obj                          176     0         288    
       hostrename.c.obj                      216     0         0      
       host_device.c.obj                     0       0         200    
       hostopen.c.obj                        148     0         8      
       hostlseek.c.obj                       152     0         0      
       close.c.obj                           140     0         0      
       hostread.c.obj                        132     0         0      
       hostwrite.c.obj                       132     0         0      
       hostunlink.c.obj                      108     0         0      
       hostclose.c.obj                       96      0         0      
       unlink.c.obj                          72      0         0      
       lseek.c.obj                           52      0         0      
       write.c.obj                           52      0         0      
       hostexit.c.obj                        8       0         0      
       remove.c.obj                          4       0         0      
    +--+-------------------------------------+-------+---------+---------+
       Total:                                1488    0         496    
                                                                      
    C:\ti\ccs2011\ccs\tools\compiler\ti-cgt-armllvm_4.0.2.LTS\lib\armv7r-ti-none-eabihf/libclang_rt.builtins.a
       udivmoddi4.S.obj                      280     0         0      
       aeabi_uldivmod.S.obj                  36      0         0      
       aeabi_memset.S.obj                    28      0         0      
       aeabi_div0.c.obj                      4       0         0      
       aeabi_memcpy.S.obj                    4       0         0      
    +--+-------------------------------------+-------+---------+---------+
       Total:                                352     0         0      
                                                                      
       Heap:                                 0       0         32768  
       Stack:                                0       0         16384  
    +--+-------------------------------------+-------+---------+---------+
       Grand Total:                          41268   3173      56707  

VENEERS

callee name               veneer name
   callee addr  veneer addr  call addr  call info
--------------  -----------  ---------  ----------------
HwiP_enableFIQ            $Ven$TA$L$PI$$HwiP_enableFIQ
   70057bb4     70057bf4     7005770a   nortos.am263px.r5f.ti-arm-clang.release.lib : HwiP_armv7r_vim.obj (.text.hwi)
CacheP_invL1d             $Ven$TA$L$PI$$CacheP_invL1d
   70057c70     70058018     70058014   nortos.am263px.r5f.ti-arm-clang.release.lib : CacheP_armv7r.obj (.text.cache)
CacheP_enableL1p          $Ven$TA$L$PI$$CacheP_enableL1p
   70057c58     70058020     70057fee   nortos.am263px.r5f.ti-arm-clang.release.lib : CacheP_armv7r.obj (.text.cache)
HwiP_restore              $Ven$TA$L$PI$$HwiP_restore
   70057bc4     70058028     70057fce   nortos.am263px.r5f.ti-arm-clang.release.lib : CacheP_armv7r.obj (.text.cache)
HwiP_restore              $Ven$TA$L$PI$$HwiP_restore
   70057bc4     700582ac     70058128   nortos.am263px.r5f.ti-arm-clang.release.lib : MpuP_armv7r.obj (.text.mpu)
                             70058166                                               : MpuP_armv7r.obj (.text.mpu)
MpuP_isEnableAsm          $Ven$TA$L$PI$$MpuP_isEnableAsm
   70058284     700582b4     700580f8   nortos.am263px.r5f.ti-arm-clang.release.lib : MpuP_armv7r.obj (.text.mpu)
HwiP_enable               $Ven$TA$L$PI$$HwiP_enable
   70057ba4     7005668c     70055876   ti_dpl_config.o (.text.Dpl_init)
HwiP_restore              $Ven$TA$L$PI$$HwiP_restore
   70057bc4     70056694     70055836   nortos.am263px.r5f.ti-arm-clang.release.lib : ClockP_nortos.obj (.text.ClockP_stop)
                             70055aaa                                               : ClockP_nortos.obj (.text.ClockP_destruct)
                             70055c6a                                               : ClockP_nortos.obj (.text.ClockP_start)
                             70055e3c                                               : SemaphoreP_nortos.obj (.text.SemaphoreP_post)
PmuP_setUserEnable        $Ven$TA$L$PI$$PmuP_setUserEnable
   70055bfc     7005669c     70054c3a   nortos.am263px.r5f.ti-arm-clang.release.lib : PmuP_armv7r.obj (.text.pmu)
PmuP_enableCounters       $Ven$TA$L$PI$$PmuP_enableCounters
   70055bdc     700566a4     70054c08   nortos.am263px.r5f.ti-arm-clang.release.lib : PmuP_armv7r.obj (.text.pmu)

[10 trampolines]
[14 trampoline calls]


GLOBAL SYMBOLS: SORTED ALPHABETICALLY BY Name 

address   name                               
-------   ----                               
70057310  ADC_RESOLUTION                     
700552e9  AddrTranslateP_getLocalAddr        
7005041f  Board_deinit                       
7004e10d  Board_driversOpen                  
70051357  Board_init                         
7005662c  C$$EXIT                            
70055084  C$$IO$$                            
70056389  CSL_armR5GetCpuID                  
700565ec  CSL_armR5ReadMpidrReg              
70057f10  CacheP_configForceWrThru           
70057f99  CacheP_disable                     
70057c00  CacheP_disableL1d                  
70057c28  CacheP_disableL1p                  
70057fd3  CacheP_enable                      
70057c40  CacheP_enableL1d                   
70057c58  CacheP_enableL1p                   
70057f04  CacheP_getCacheLevelInfo           
70057ecc  CacheP_getEnabled                  
70057f41  CacheP_init                        
70057ff3  CacheP_inv                         
70057c70  CacheP_invL1d                      
70057ce4  CacheP_invL1dAll                   
70057ca8  CacheP_invL1p                      
70057cec  CacheP_invL1pAll                   
70057f30  CacheP_setDLFO                     
70057cf4  CacheP_wb                          
70057d6c  CacheP_wbAll                       
70057d30  CacheP_wbInv                       
70057e14  CacheP_wbInvAll                    
70057e2c  CacheP_wbInvAllAsm                 
700565f9  ClockP_Params_init                 
7005538d  ClockP_construct                   
70055a75  ClockP_destruct                    
70056595  ClockP_getTicks                    
700550e9  ClockP_getTimeUsec                 
700565dd  ClockP_getTimerCount               
70052457  ClockP_init                        
70056603  ClockP_isActive                    
70056019  ClockP_sleep                       
70055c3b  ClockP_start                       
700557fb  ClockP_stop                        
70056657  ClockP_timerClearOverflowInt       
70054d05  ClockP_timerTickIsr                
70056493  ClockP_usecToTicks                 
70054c39  CycleCounterP_enableUserAccess     
70055bcc  CycleCounterP_getCount32           
70054bd9  CycleCounterP_init                 
70054c0d  CycleCounterP_nsToTicks            
70054be9  CycleCounterP_reset                
700561cd  DebugP_logZoneEnable               
70055aaf  DebugP_uartLogWriterPutChar        
700565a1  DebugP_uartSetDrvIndex             
7005255b  Dpl_deinit                         
7005583b  Dpl_init                           
700555b7  Drivers_edmaOpen                   
700546f9  Drivers_mcspiOpen                  
7005603f  Drivers_open                       
7005551b  Drivers_uartOpen                   
700553dd  EDMA_allocDmaChannel               
7005542d  EDMA_allocParam                    
7005547d  EDMA_allocTcc                      
7005655d  EDMA_ccPaRAMEntry_init             
700544fd  EDMA_close                         
70055c05  EDMA_clrMissEvtRegion              
70053deb  EDMA_configureChannelRegion        
70050f5d  EDMA_deinit                        
70055569  EDMA_disableChInShadowRegRegion    
700549bd  EDMA_disableTransferRegion         
70055e71  EDMA_enableChInShadowRegRegion     
70054a2b  EDMA_enableTransferRegion          
7004fe51  EDMA_freeChannelRegion             
70053901  EDMA_freeDmaChannel                
700539a1  EDMA_freeParam                     
70053a41  EDMA_freeTcc                       
700559fd  EDMA_getBaseAddr                   
700564a7  EDMA_getRegionId                   
7004f101  EDMA_init                          
700565ad  EDMA_isInitialized                 
70056645  EDMA_isInterruptEnabled            
70056189  EDMA_linkChannel                   
7005587b  EDMA_mapChToEvtQ                   
70050df9  EDMA_open                          
700563a3  EDMA_readEventStatusRegion         
70053189  EDMA_registerIntr                  
70056065  EDMA_setPaRAM                      
70055ddd  EDMA_unmapChToEvtQ                 
70052c0d  EDMA_unregisterIntr                
70057b44  GET_ADFSR                          
70057b5c  GET_AIFSR                          
70057b4c  GET_DFAR                           
70057b3c  GET_DFSR                           
70057b64  GET_IFAR                           
70057b54  GET_IFSR                           
70057b6c  GET_SPSR                           
7004e511  GPIO_bankIntrDisable               
7005656b  GPIO_bankIntrEnable                
70053005  GPIO_bankIsrFxn                    
70052cdd  GPIO_deinit                        
7005023d  GPIO_init                          
70055f77  GPIO_setDirMode                    
70054dc1  GPIO_setTrigType                   
70054ca4  HOSTclose                          
7005662c  HOSTexit                           
70053cbc  HOSTlseek                          
70053e80  HOSTopen                           
70054370  HOSTread                           
70053ae0  HOSTrename                         
70054a98  HOSTunlink                         
700543f4  HOSTwrite                          
70057421  HwiP_Params_init                   
700573d9  HwiP_clearInt                      
70057433  HwiP_construct                     
70057a7c  HwiP_data_abort_handler            
70057977  HwiP_data_abort_handler_c          
7005757b  HwiP_destruct                      
70057b84  HwiP_disable                       
70057b94  HwiP_disableFIQ                    
70057351  HwiP_disableInt                    
70057bdc  HwiP_disableVIC                    
70057ba4  HwiP_enable                        
70057bb4  HwiP_enableFIQ                     
70057329  HwiP_enableInt                     
70057bcc  HwiP_enableVIC                     
700577af  HwiP_fiq_handler                   
70057bec  HwiP_getCPSR                       
7005770f  HwiP_inISR                         
7005764d  HwiP_init                          
70057a08  HwiP_irq_handler                   
7005772b  HwiP_irq_handler_c                 
700573f9  HwiP_post                          
70057ac0  HwiP_prefetch_abort_handler        
[...]
70058848  intr_pins                          
70058b28  isMapAvailable                     
70055d74  lseek                              
70056319  main                               
700565d0  malloc                             
70050930  memalign                           
70041690  parmbuf                            
7005654c  putchar                            
70056519  putchar_                           
70056289  readADC                            
70056688  remove                             
70051358  setvbuf                            
7004e520  strcmp                             
70058b24  test                               
700556e4  unlink                             
70041680  virtToPhymap                       
70056165  vprintf_                           
70055da8  write                              


GLOBAL SYMBOLS: SORTED BY Symbol Address 

address   name                               
-------   ----                               
00000000  __TI_ATRegion0_region_sz           
00000000  __TI_ATRegion0_src_addr            
00000000  __TI_ATRegion0_trg_addr            
00000000  __TI_ATRegion1_region_sz           
00000000  __TI_ATRegion1_src_addr            
00000000  __TI_ATRegion1_trg_addr            
00000000  __TI_ATRegion2_region_sz           
00000000  __TI_ATRegion2_src_addr            
00000000  __TI_ATRegion2_trg_addr            
00000000  __TI_static_base__                 
00000000  _vectors                           
00000100  __ABORT_STACK_SIZE                 
00000100  __FIQ_STACK_SIZE                   
00000100  __IRQ_STACK_SIZE                   
00000100  __UNDEFINED_STACK_SIZE             
00001000  __SVC_STACK_SIZE                   
00004000  __STACK_SIZE                       
00008000  __SYSMEM_SIZE                      
70040000  __BSS_START                        
70040000  gHwiCtrl                           
700412e0  _CIOBUF_                           
700412e0  __CIOBUF_                          
700414e8  intr_objects                       
700415a8  __TI_tmpnams                       
70041648  gClockCtrl                         
70041680  virtToPhymap                       
70041690  parmbuf                            
70041698  gMcspiHandle                       
700416a8  gEdmaHandle                        
700416ac  gUartHandle                        
700416b8  __BSS_END                          
700416b8  _sys_memory                        
700496b8  __stack                            
7004d6b8  __STACK_END                        
7004dc41  SOC_rcmEnablePeripheralClock       
7004e10d  Board_driversOpen                  
7004e511  GPIO_bankIntrDisable               
7004e520  strcmp                             
7004ebc1  UART_open                          
7004ee69  MCSPI_open                         
7004f101  EDMA_init                          
7004f37d  SOC_rcmSetPeripheralClock          
7004f809  MCSPI_lld_dmaTransfer              
7004fe51  EDMA_freeChannelRegion             
70050055  MCSPI_lld_controllerIsr            
7005023d  GPIO_init                          
7005041f  Board_deinit                       
70050421  MCSPI_lld_dmaChInit                
70050788  free                               
70050930  aligned_alloc                      
70050930  memalign                           
70050ad5  UART_lld_dmaInit                   
70050c69  MCSPI_transfer                     
70050df9  EDMA_open                          
70050f5d  EDMA_deinit                        
700510bd  UART_lld_dmaDeInit                 
7005120b  MCSPI_lld_dmaDeInit                
70051357  Board_init                         
70051358  setvbuf                            
7005149d  TimerP_setupPriv                   
700515dd  SOC_virtToPhy                      
70051719  UART_close                         
70051851  MCSPI_lld_readWrite                
70051ab7  MCSPI_lld_readWriteIntr            
70051bd3  UART_lld_controllerIsr             
70051e04  __udivmoddi4                       
70051f1d  SOC_rcmGetPeripheralClockFrequency 
70052031  UART_lld_write                     
7005213f  init_gpio                          
70052457  ClockP_init                        
7005255b  Dpl_deinit                         
7005255d  UART_lld_dmaWrite                  
70052661  MCSPI_close                        
70052761  UART_write                         
7005285d  MCSPI_lld_initDma                  
70052950  fputc                              
70052b27  MCSPI_lld_readWriteDma             
70052c0d  EDMA_unregisterIntr                
70052cdd  GPIO_deinit                        
70052dad  UART_lld_initDma                   
70052e78  getdevice                          
70052f41  MCSPI_lld_init                     
70053005  GPIO_bankIsrFxn                    
700530c7  SemaphoreP_destruct                
700530c9  UART_lld_init                      
70053189  EDMA_registerIntr                  
70053245  PDM_testing                        
700532fb  TaskP_yield                        
700532fc  fseeko                             
700533b0  __TI_closefile                     
700537b5  init_global_interrupts             
70053901  EDMA_freeDmaChannel                
700539a1  EDMA_freeParam                     
70053a41  EDMA_freeTcc                       
70053ae0  HOSTrename                         
70053b81  UART_lld_dmaRead                   
70053c20  __TI_wrt_ok                        
70053cbc  HOSTlseek                          
70053d55  SemaphoreP_pend                    
70053deb  EDMA_configureChannelRegion        
70053e80  HOSTopen                           
70053fa5  SPI_ReadWrite                      
700540c1  MCSPI_lld_peripheralIsr            
7005414c  close                              
700541d9  UART_init                          
70054261  UART_procLineStatusErr             
700542e8  __TI_doflush                       
70054370  HOSTread                           
700543f4  HOSTwrite                          
700544fd  EDMA_close                         
7005457d  UART_flushTxFifo                   
700546f9  Drivers_mcspiOpen                  
70054775  MCSPI_initiateLastChunkTransfer    
700547f1  MCSPI_init                         
700548db  MCSPI_stop                         
7005494d  MCSPI_lld_dmaStop                  
700549bd  EDMA_disableTransferRegion         
70054a2b  EDMA_enableTransferRegion          
70054a98  HOSTunlink                         
70054b05  UART_lld_writeDma                  
70054b71  UART_lld_writeIntr                 
70054bd9  CycleCounterP_init                 
70054be9  CycleCounterP_reset                
70054c0d  CycleCounterP_nsToTicks            
70054c39  CycleCounterP_enableUserAccess     
70054c41  SOC_controlModuleUnlockMMR         
70054ca4  HOSTclose                          
70054d05  ClockP_timerTickIsr                
70054d63  MCSPI_setChDataSize                
70054dc1  GPIO_setTrigType                   
70054e79  SOC_controlModuleLockMMR           
70054ed5  _DebugP_assert                     
70054f88  __TI_cleanup                       
70054fe0  __TI_readmsg                       
70055038  __TI_writemsg                      
70055084  C$$IO$$                            
70055091  init_interrupt                     
700550e9  ClockP_getTimeUsec                 
7005513f  UART_intrDisable                   
70055195  UART_writeCancelNoCB               
700551ec  exit                               
70055240  finddevice                         
70055294  __TI_auto_init_nobinit_nopinit     
700552e9  AddrTranslateP_getLocalAddr        
7005533b  MCSPI_lld_deInitDma                
7005538d  ClockP_construct                   
700553dd  EDMA_allocDmaChannel               
7005542d  EDMA_allocParam                    
7005547d  EDMA_allocTcc                      
7005551b  Drivers_uartOpen                   
70055569  EDMA_disableChInShadowRegRegion    
700555b7  Drivers_edmaOpen                   
70055603  MCSPI_transferCallback             
700556e4  unlink                             
70055773  UART_Params_init                   
700557b7  UART_lld_deInitDma                 
700557fb  ClockP_stop                        
7005583b  Dpl_init                           
7005587b  EDMA_mapChToEvtQ                   
700558bd  Pinmux_config                      
700558fd  SemaphoreP_constructBinary         
7005593d  UART_lld_deInit                    
700559bd  SemaphoreP_constructMutex          
700559fd  EDMA_getBaseAddr                   
70055a75  ClockP_destruct                    
70055aaf  DebugP_uartLogWriterPutChar        
70055ae9  Module_clockSetFrequency           
70055b23  UART_lld_flushTxFifo               
70055b95  _DebugP_logZone                    
70055bcc  CycleCounterP_getCount32           
70055bd4  PmuP_setup                         
70055bdc  PmuP_enableCounters                
70055be4  PmuP_disableCounters               
70055bec  PmuP_getOverflowStatus             
70055bf4  PmuP_clearOverflowStatus           
70055bfc  PmuP_setUserEnable                 
70055c05  EDMA_clrMissEvtRegion              
70055c3b  ClockP_start                       
70055c6f  MCSPI_errorCallback                
70055ca3  Module_clockDisable                
70055cd7  Module_clockEnable                 
70055d74  lseek                              
70055da8  write                              
70055ddd  EDMA_unmapChToEvtQ                 
70055e0f  SemaphoreP_post                    
70055e71  EDMA_enableChInShadowRegRegion     
70055ecd  SOC_rcmGetR5Clock                  
70055ef9  UART_getHandle                     
70055f25  System_init                        
70055f77  GPIO_setDirMode                    
70055fc9  SOC_moduleSetClockFrequency        
70055ff1  digitalWrite                       
70056019  ClockP_sleep                       
7005603f  Drivers_open                       
70056065  EDMA_setPaRAM                      
7005608b  UART_lld_dmaDisableChannel         
70056140  __aeabi_uldivmod                   
70056165  vprintf_                           
70056189  EDMA_linkChannel                   
700561cd  DebugP_logZoneEnable               
7005620d  TimerP_Params_initPriv             
7005622d  UART_getChar                       
7005624d  System_deinit                      
7005626b  UART_spaceAvail                    
70056289  readADC                            
700562df  MCSPI_lld_deInit                   
700562fd  SOC_rcmIsR5FInLockStepMode         
70056319  main                               
7005636c  TI_memcpy_small                    
70056389  CSL_armR5GetCpuID                  
700563a3  EDMA_readEventStatusRegion         
700563d9  MCSPI_deinit                       
700563f1  MCSPI_lld_dmaInit                  
70056409  TimerP_getCountPriv                
70056421  UART_deinit                        
70056438  TI_memset_small                    
70056451  MCSPI_reset                        
70056467  UART_IsTxRxFifoEmpty               
7005647d  UART_getIntrIdentityStatus         
70056493  ClockP_usecToTicks                 
700564a7  EDMA_getRegionId                   
700564bb  UART_Transaction_init              
700564f5  UART_operatingModeSelect           
70056507  UART_readLineStatus                
70056519  putchar_                           
7005652b  UART_intr2Disable                  
7005653c  __aeabi_memset                     
7005653c  __aeabi_memset4                    
7005653c  __aeabi_memset8                    
7005654c  putchar                            
7005655d  EDMA_ccPaRAMEntry_init             
7005656b  GPIO_bankIntrEnable                
70056579  Pinmux_init                        
70056587  PowerClock_init                    
70056595  ClockP_getTicks                    
700565a1  DebugP_uartSetDrvIndex             
700565ad  EDMA_isInitialized                 
700565b9  SOC_getSelfCpuClk                  
700565c4  __aeabi_memclr                     
700565c4  __aeabi_memclr4                    
700565c4  __aeabi_memclr8                    
700565d0  malloc                             
700565dd  ClockP_getTimerCount               
700565ec  CSL_armR5ReadMpidrReg              
700565f9  ClockP_Params_init                 
70056603  ClockP_isActive                    
7005660d  TimerP_getReloadCountPriv          
70056617  TimerP_startPriv                   
70056621  UART_lld_Transaction_deInit        
7005662c  C$$EXIT                            
7005662c  HOSTexit                           
70056635  TimerP_clearOverflowIntPriv        
70056645  EDMA_isInterruptEnabled            
7005664b  SOC_moduleClockEnable              
70056657  ClockP_timerClearOverflowInt       
7005665b  PowerClock_deinit                  
7005665f  TimerP_Params_init                 
70056663  TimerP_clearOverflowInt            
70056667  TimerP_getCount                    
7005666b  TimerP_getReloadCount              
7005666f  TimerP_setup                       
70056673  TimerP_start                       
70056678  __aeabi_ldiv0                      
7005667c  __aeabi_memcpy                     
7005667c  __aeabi_memcpy4                    
7005667c  __aeabi_memcpy8                    
70056680  _nop                               
70056684  fseek                              
70056688  remove                             
700566c0  gCacheConfig                       
700566c8  gMpuConfig                         
700566d4  gMpuRegionConfig                   
700567d8  gADPLLJConfigTbl                   
70056f0c  gPeripheralClkSrcInfoMap           
70057310  ADC_RESOLUTION                     
70057314  VREF                               
70057318  gCacheL1dCacheLineSize             
7005731c  gCacheL1pCacheLineSize             
70057329  HwiP_enableInt                     
70057351  HwiP_disableInt                    
70057383  HwiP_restoreInt                    
700573d9  HwiP_clearInt                      
700573f9  HwiP_post                          
70057421  HwiP_Params_init                   
70057433  HwiP_construct                     
7005757b  HwiP_destruct                      
7005764d  HwiP_init                          
7005770f  HwiP_inISR                         
7005772b  HwiP_irq_handler_c                 
700577af  HwiP_fiq_handler                   
7005785f  HwiP_reserved_handler              
7005788d  HwiP_undefined_handler_c           
700578ab  HwiP_user_undefined_handler_c      
700578bf  HwiP_svc_handler                   
700578ed  HwiP_prefetch_abort_handler_c      
70057967  HwiP_user_prefetch_abort_handler_c 
70057977  HwiP_data_abort_handler_c          
700579f7  HwiP_user_data_abort_handler_c     
70057a08  HwiP_irq_handler                   
70057a7c  HwiP_data_abort_handler            
70057ac0  HwiP_prefetch_abort_handler        
70057b0c  HwiP_undefined_handler             
70057b3c  GET_DFSR                           
70057b44  GET_ADFSR                          
70057b4c  GET_DFAR                           
70057b54  GET_IFSR                           
70057b5c  GET_AIFSR                          
70057b64  GET_IFAR                           
70057b6c  GET_SPSR                           
70057b84  HwiP_disable                       
70057b94  HwiP_disableFIQ                    
70057ba4  HwiP_enable                        
70057bb4  HwiP_enableFIQ                     
70057bc4  HwiP_restore                       
70057bcc  HwiP_enableVIC                     
70057bdc  HwiP_disableVIC                    
70057bec  HwiP_getCPSR                       
70057c00  CacheP_disableL1d                  
70057c28  CacheP_disableL1p                  
70057c40  CacheP_enableL1d                   
70057c58  CacheP_enableL1p                   
70057c70  CacheP_invL1d                      
70057ca8  CacheP_invL1p                      
70057ce4  CacheP_invL1dAll                   
70057cec  CacheP_invL1pAll                   
70057cf4  CacheP_wb                          
70057d30  CacheP_wbInv                       
70057d6c  CacheP_wbAll                       
70057e14  CacheP_wbInvAll                    
70057e2c  CacheP_wbInvAllAsm                 
70057ecc  CacheP_getEnabled                  
70057f04  CacheP_getCacheLevelInfo           
70057f10  CacheP_configForceWrThru           
70057f30  CacheP_setDLFO                     
70057f41  CacheP_init                        
70057f99  CacheP_disable                     
70057fd3  CacheP_enable                      
70057ff3  CacheP_inv                         
70058031  MpuP_getAttrs                      
70058071  MpuP_RegionAttrs_init              
7005807f  MpuP_setRegion                     
700580f9  MpuP_isEnable                      
700580fd  MpuP_disable                       
7005812f  MpuP_enable                        
7005816b  MpuP_init                          
700581cd  MpuP_isUserAuthorizedToAccessMemory
70058234  MpuP_disableAsm                    
7005824c  MpuP_disableBRAsm                  
7005825c  MpuP_enableAsm                     
70058274  MpuP_enableBRAsm                   
70058284  MpuP_isEnableAsm                   
70058298  MpuP_setRegionAsm                  
700582c0  _c_int00_sbl                       
700582e4  _c_int00                           
70058405  _DebugP_assertNoLog                
70058423  _system_pre_init                   
7005843f  __mpu_init                         
70058450  abort                              
70058458  _ftable                            
70058458  gMcspiDmaHandle                    
70058458  gUartDmaHandle                     
700587d0  _device                            
70058848  intr_pins                          
700588a8  gUartParams                        
70058900  _stream                            
70058998  gSpi0ChCfg                         
700589d8  gSpi1ChCfg                         
70058a18  gSocModulesClockFrequency          
70058a48  gMcspiOpenParams                   
70058a70  gClockConfig                       
70058a88  gMcspiConfig                       
70058a98  gSocModules                        
70058aa8  gAddrTranslateConfig               
70058ab4  __TI_cleanup_ptr                   
70058ab8  __TI_dtors_ptr                     
70058abc  gConfigMcspiChCfg                  
70058ac4  gEdmaConfig                        
70058acc  gEdmaParams                        
70058ad4  gMcspiDmaChConfig                  
70058adc  gMcspiNumCh                        
70058aec  gUartConfig                        
70058af4  __TI_ft_end                        
70058b00  _lock                              
70058b04  _unlock                            
70058b08  gDebugLogZone                      
70058b0c  gDebugP_uartDrvIndex               
70058b10  gEdmaConfigNum                     
70058b14  gHwiConfig                         
70058b18  gMcspiConfigNum                    
70058b1c  gUartConfigNum                     
70058b20  gUartDmaChConfig                   
70058b24  test                               
70058b28  isMapAvailable                     
70058b30  __IRQ_STACK_START                  
70058c30  __FIQ_STACK_START                  
70058c30  __IRQ_STACK_END                    
70058d30  __FIQ_STACK_END                    
70058d30  __SVC_STACK_START                  
70059d30  __ABORT_STACK_START                
70059d30  __SVC_STACK_END                    
70059e30  __ABORT_STACK_END                  
70059e30  __UNDEFINED_STACK_START            
70059f30  __UNDEFINED_STACK_END              
ffffffff  __TI_pprof_out_hndl                
ffffffff  __TI_prof_data_size                
ffffffff  __TI_prof_data_start               
ffffffff  __binit__                          
ffffffff  binit                              
UNDEFED   __TI_CINIT_Base                    
UNDEFED   __TI_CINIT_Limit                   
UNDEFED   __TI_Handler_Table_Base            
UNDEFED   __TI_Handler_Table_Limit           
UNDEFED   _system_post_cinit                 

[413 symbols]
