******************************************************************************
            TI ARM Clang Linker PC v4.0.2                      
******************************************************************************
>> Linked Tue Jun 10 17:20:48 2025

OUTPUT FILE NAME:   <second_stage_PDM_testing.out>
ENTRY POINT SYMBOL: "_vectors"  address: 00000000


MEMORY CONFIGURATION

         name            origin    length      used     unused   attr    fill
----------------------  --------  ---------  --------  --------  ----  --------
  R5F_VECS              00000000   00000040  00000040  00000000  RWIX
  R5F_TCMA              00000040   00007fc0  00000000  00007fc0  RWIX
  R5F_TCMB              00080000   00008000  00000000  00008000  RWIX
  MAILBOX_HSM           44000000   000003ce  00000000  000003ce  RWIX
  MAILBOX_R5F           44000400   000003ce  00000000  000003ce  RWIX
  FLASH                 60100000   00080000  00000000  00080000  RWIX
  SBL                   70000000   00040000  00000000  00040000  RWIX
  OCRAM                 70040000   00040000  0001f6d0  00020930  RWIX
  USER_SHM_MEM          701d0000   00004000  00000000  00004000  RWIX
  LOG_SHM_MEM           701d4000   00004000  00002000  00002000  RWIX
  RTOS_NORTOS_IPC_SHM_M 72000000   00003e80  00000000  00003e80  RWIX


SEGMENT ALLOCATION MAP

run origin  load origin   length   init length attrs members
----------  ----------- ---------- ----------- ----- -------
00000000    00000000    00000040   00000040    r-x
  00000000    00000000    00000040   00000040    r-x .vectors
70040000    70040000    0000e6c0   0000e6c0    r-x
  70040000    70040000    0000cc20   0000cc20    r-x .text
  7004cc20    7004cc20    00001aa0   00001aa0    r-- .rodata
7004e6c0    7004e6c0    0000e3c8   00000000    rw-
  7004e6c0    7004e6c0    000023c8   00000000    rw- .bss
  70050a88    70050a88    00008000   00000000    rw- .sysmem
  70058a88    70058a88    00004000   00000000    rw- .stack
7005ca88    7005ca88    00001130   00001130    r-x
  7005ca88    7005ca88    000008d8   000008d8    r-x .text.hwi
  7005d360    7005d360    00000430   00000430    r-x .text.cache
  7005d790    7005d790    00000290   00000290    r-x .text.mpu
  7005da20    7005da20    00000190   00000190    r-x .text.boot
  7005dbb0    7005dbb0    00000008   00000008    r-x .text:abort
7005dbb8    7005dbb8    00001b18   00000718    rw-
  7005dbb8    7005dbb8    00000718   00000718    rw- .data
  7005e2d0    7005e2d0    00000100   00000000    rw- .irqstack
  7005e3d0    7005e3d0    00000100   00000000    rw- .fiqstack
  7005e4d0    7005e4d0    00001000   00000000    rw- .svcstack
  7005f4d0    7005f4d0    00000100   00000000    rw- .abortstack
  7005f5d0    7005f5d0    00000100   00000000    rw- .undefinedstack


SECTION ALLOCATION MAP

 output                                  attributes/
section   page    origin      length       input sections
--------  ----  ----------  ----------   ----------------
.vectors   0    00000000    00000040     
                  00000000    00000040     nortos.am263px.r5f.ti-arm-clang.release.lib : HwiP_armv7r_vectors_nortos_asm.obj (.vectors)

.text      0    70040000    0000cc20     
                  70040000    00001328     libc.a : _scanfi.c.obj (.text.__TI_scanfi)
                  70041328    0000075a     ti_drivers_open_close.o (.text.Drivers_adcOpen)
                  70041a82    00000002     ti_board_config.o (.text.Board_deinit)
                  70041a84    00000580     nortos.am263px.r5f.ti-arm-clang.release.lib : printf.obj (.text._vsnprintf)
                  70042004    00000004     ti_board_open_close.o (.text.Board_driversOpen)
                  70042008    000004d4     libc.a : strtod.c.obj (.text.strtod)
                  700424dc    000004cc     drivers.am263px.r5f.ti-arm-clang.release.lib : soc_rcm.obj (.text.SOC_rcmEnablePeripheralClock)
                  700429a8    00000400     nortos.am263px.r5f.ti-arm-clang.release.lib : printf.obj (.text._ftoa)
                  70042da8    00000018     drivers.am263px.r5f.ti-arm-clang.release.lib : mcspi_v0.obj (.text.MCSPI_deinit)
                  70042dc0    00000390     libc.a : strcmp32.S.obj (.text:strcmp)
                  70043150    00000358     testing.o (.text.conduct_test)
                  700434a8    00000310     nortos.am263px.r5f.ti-arm-clang.release.lib : printf.obj (.text._etoa)
                  700437b8    000002a8     drivers.am263px.r5f.ti-arm-clang.release.lib : uart_v0.obj (.text.UART_open)
                  70043a60    00000298                                                  : mcspi_v0.obj (.text.MCSPI_open)
                  70043cf8    0000027c                                                  : edma.obj (.text.EDMA_init)
                  70043f74    0000027c     libc.a : strtoll.c.obj (.text.strtoll)
                  700441f0    00000250     drivers.am263px.r5f.ti-arm-clang.release.lib : soc_rcm.obj (.text.SOC_rcmSetPeripheralClock)
                  70044440    00000248     libc.a : strtoull.c.obj (.text.strtoull)
                  70044688    0000023c     drivers.am263px.r5f.ti-arm-clang.release.lib : uart_v0_lld.obj (.text.UART_configInstance)
                  700448c4    00000230                                                  : mcspi_dma_edma.obj (.text.MCSPI_lld_dmaTransfer)
                  70044af4    0000020c                                                  : edma.obj (.text.EDMA_errorIsrFxn)
                  70044d00    0000020c                                                  : mcspi_v0_lld.obj (.text.MCSPI_transferControllerPoll)
                  70044f0c    00000204                                                  : edma.obj (.text.EDMA_freeChannelRegion)
                  70045110    000001f8     libc.a : strtol.c.obj (.text.strtol)
                  70045308    000001ec            : strtoul.c.obj (.text.strtoul)
                  700454f4    000001e8     drivers.am263px.r5f.ti-arm-clang.release.lib : mcspi_v0_lld.obj (.text.MCSPI_lld_controllerIsr)
                  700456dc    000001e2     ti_drivers_config.o (.text.GPIO_init)
                  700458be    00000002     ti_board_config.o (.text.Board_init)
                  700458c0    000001d0     libclang_rt.builtins.a : udivsi3.S.obj (.text.__udivsi3)
                  70045a90    000001c0     drivers.am263px.r5f.ti-arm-clang.release.lib : mcspi_dma_edma.obj (.text.MCSPI_lld_dmaChInit)
                  70045c50    000001a8                                                  : mcspi_v0_lld.obj (.text.MCSPI_lld_chConfig)
                  70045df8    000001a8     libc.a : memory.c.obj (.text.free)
                  70045fa0    000001a4            : memory.c.obj (.text.aligned_alloc)
                  70046144    00000194     drivers.am263px.r5f.ti-arm-clang.release.lib : uart_dma_edma.obj (.text.UART_lld_dmaInit)
                  700462d8    00000190                                                  : mcspi_v0.obj (.text.MCSPI_transfer)
                  70046468    00000164                                                  : edma.obj (.text.EDMA_open)
                  700465cc    00000160                                                  : edma.obj (.text.EDMA_deinit)
                  7004672c    00000004     nortos.am263px.r5f.ti-arm-clang.release.lib : ClockP_nortos_r5.obj (.text.ClockP_getTimerCount)
                  70046730    00000150     libc.a : s_scalbn.c.obj (.text.scalbn)
                  70046880    0000014e     drivers.am263px.r5f.ti-arm-clang.release.lib : uart_dma_edma.obj (.text.UART_lld_dmaDeInit)
                  700469ce    0000014c                                                  : mcspi_dma_edma.obj (.text.MCSPI_lld_dmaDeInit)
                  70046b1a    00000002     nortos.am263px.r5f.ti-arm-clang.release.lib : DebugP_nortos.obj (.text.DebugP_shmLogReaderTaskCreate)
                  70046b1c    00000144     libc.a : setvbuf.c.obj (.text.setvbuf)
                  70046c60    00000140     nortos.am263px.r5f.ti-arm-clang.release.lib : TimerP_rti_priv.obj (.text.TimerP_setupPriv)
                  70046da0    0000013c     drivers.am263px.r5f.ti-arm-clang.release.lib : soc.obj (.text.SOC_virtToPhy)
                  70046edc    00000138                                                  : uart_v0.obj (.text.UART_close)
                  70047014    00000134                                                  : mcspi_v0_lld.obj (.text.MCSPI_lld_readWrite)
                  70047148    00000132     nortos.am263px.r5f.ti-arm-clang.release.lib : printf.obj (.text._ntoa_format)
                  7004727a    0000011c     drivers.am263px.r5f.ti-arm-clang.release.lib : mcspi_v0_lld.obj (.text.MCSPI_lld_readWriteIntr)
                  70047396    0000011a                                                  : uart_v0_lld.obj (.text.UART_lld_controllerIsr)
                  700474b0    00000118                                                  : edma.obj (.text.Alloc_resource)
                  700475c8    00000118     libclang_rt.builtins.a : udivmoddi4.S.obj (.text)
                  700476e0    00000114     drivers.am263px.r5f.ti-arm-clang.release.lib : soc_rcm.obj (.text.SOC_rcmGetPeripheralClockFrequency)
                  700477f4    0000010e                                                  : uart_v0_lld.obj (.text.UART_lld_write)
                  70047902    0000010a     board.o (.text.init_gpio)
                  70047a0c    00000108     drivers.am263px.r5f.ti-arm-clang.release.lib : edma.obj (.text.EDMA_transferCompletionMasterIsrFxn)
                  70047b14    00000108                                                  : uart_v0.obj (.text.UART_read)
                  70047c1c    00000106                                                  : mcspi_v0_lld.obj (.text.MCSPI_continuePeripheralTxRx)
                  70047d22    00000104     nortos.am263px.r5f.ti-arm-clang.release.lib : ClockP_nortos_r5.obj (.text.ClockP_init)
                  70047e26    00000002     ti_dpl_config.o (.text.Dpl_deinit)
                  70047e28    00000104     drivers.am263px.r5f.ti-arm-clang.release.lib : uart_dma_edma.obj (.text.UART_lld_dmaWrite)
                  70047f2c    00000100                                                  : mcspi_v0.obj (.text.MCSPI_close)
                  7004802c    000000fc                                                  : uart_v0.obj (.text.UART_write)
                  70048128    000000f4                                                  : mcspi_v0_lld.obj (.text.MCSPI_lld_initDma)
                  7004821c    000000f0     PDMtesting.o (.text.PDM_testing)
                  7004830c    000000f0     libc.a : fputc.c.obj (.text.fputc)
                  700483fc    000000ea     int_adc.o (.text.read_int_ADC)
                  700484e6    000000e6     drivers.am263px.r5f.ti-arm-clang.release.lib : mcspi_dma_edma.obj (.text.MCSPI_edmaIsrTx)
                  700485cc    000000e6                                                  : mcspi_v0_lld.obj (.text.MCSPI_lld_readWriteDma)
                  700486b2    000000d6     board.o (.text.GPIO_bankIsrFxn)
                  70048788    000000d4     libc.a : sscanf.c.obj (.text._chkmbc)
                  7004885c    000000d2     logger.o (.text.print_log)
                  7004892e    00000002     nortos.am263px.r5f.ti-arm-clang.release.lib : SemaphoreP_nortos.obj (.text.SemaphoreP_destruct)
                  70048930    000000d0     drivers.am263px.r5f.ti-arm-clang.release.lib : edma.obj (.text.EDMA_unregisterIntr)
                  70048a00    000000d0     ti_drivers_config.o (.text.GPIO_deinit)
                  70048ad0    000000cc     drivers.am263px.r5f.ti-arm-clang.release.lib : uart_v0_lld.obj (.text.UART_lld_initDma)
                  70048b9c    000000c8     libc.a : getdevice.c.obj (.text.getdevice)
                  70048c64    000000c4     drivers.am263px.r5f.ti-arm-clang.release.lib : mcspi_v0_lld.obj (.text.MCSPI_lld_init)
                  70048d28    000000c0                                                  : uart_v0_lld.obj (.text.UART_lld_init)
                  70048de8    000000bc                                                  : edma.obj (.text.EDMA_registerIntr)
                  70048ea4    000000b4     libc.a : fseek.c.obj (.text.fseeko)
                  70048f58    000000b0            : fclose.c.obj (.text.__TI_closefile)
                  70049008    000000b0     nortos.am263px.r5f.ti-arm-clang.release.lib : printf.obj (.text._ntoa_long_long)
                  700490b8    000000ac     drivers.am263px.r5f.ti-arm-clang.release.lib : soc_rcm.obj (.text.SOC_rcmGetCoreHSDivOut)
                  70049164    000000ac                                                  : uart_v0_lld.obj (.text.UART_divisorLatchWrite)
                  70049210    000000a8     nortos.am263px.r5f.ti-arm-clang.release.lib : DebugP_uartScanf.obj (.text.DebugP_readLine)
                  700492b8    000000a6     drivers.am263px.r5f.ti-arm-clang.release.lib : mcspi_dma_edma.obj (.text.MCSPI_edmaIsrRx)
                  7004935e    000000a6                                                  : uart_v0_lld.obj (.text.UART_lld_read)
                  70049404    000000a6     nortos.am263px.r5f.ti-arm-clang.release.lib : printf.obj (.text._out_rev)
                  700494aa    000000a6     board.o (.text.init_global_interrupts)
                  70049550    000000a4     libc.a : memory.c.obj (.text.split)
                  700495f4    000000a0     drivers.am263px.r5f.ti-arm-clang.release.lib : edma.obj (.text.EDMA_freeDmaChannel)
                  70049694    000000a0                                                  : edma.obj (.text.EDMA_freeParam)
                  70049734    000000a0                                                  : edma.obj (.text.EDMA_freeTcc)
                  700497d4    000000a0     libsysbm.a : hostrename.c.obj (.text.HOSTrename)
                  70049874    000000a0     drivers.am263px.r5f.ti-arm-clang.release.lib : uart_dma_edma.obj (.text.UART_lld_dmaRead)
                  70049914    0000009c                                                  : uart_v0_lld.obj (.text.UART_lld_readIntr)
                  700499b0    0000009c     libc.a : _io_perm.c.obj (.text.__TI_wrt_ok)
                  70049a4c    00000098     libsysbm.a : hostlseek.c.obj (.text.HOSTlseek)
                  70049ae4    00000096     nortos.am263px.r5f.ti-arm-clang.release.lib : SemaphoreP_nortos.obj (.text.SemaphoreP_pend)
                  70049b7a    00000094     drivers.am263px.r5f.ti-arm-clang.release.lib : edma.obj (.text.EDMA_configureChannelRegion)
                  70049c0e    00000002     nortos.am263px.r5f.ti-arm-clang.release.lib : TaskP_nortos.obj (.text.TaskP_yield)
                  70049c10    00000094     libsysbm.a : hostopen.c.obj (.text.HOSTopen)
                  70049ca4    00000094     drivers.am263px.r5f.ti-arm-clang.release.lib : uart_v0_lld.obj (.text.UART_lld_readWithCounter)
                  70049d38    00000090                                                  : mcspi_v0_lld.obj (.text.MCSPI_setFifoConfig)
                  70049dc8    0000008e     ADS_adc.o (.text.SPI_ReadWrite)
                  70049e56    0000008e     nortos.am263px.r5f.ti-arm-clang.release.lib : printf.obj (.text._ntoa_long)
                  70049ee4    0000008c     ti_drivers_open_close.o (.text.Drivers_open)
                  70049f70    0000008c     drivers.am263px.r5f.ti-arm-clang.release.lib : mcspi_v0_lld.obj (.text.MCSPI_lld_peripheralIsr)
                  70049ffc    0000008c     libsysbm.a : close.c.obj (.text.close)
                  7004a088    00000088     drivers.am263px.r5f.ti-arm-clang.release.lib : adc.obj (.text.ADC_setPPBTripLimits)
                  7004a110    00000088                                                  : uart_v0.obj (.text.UART_init)
                  7004a198    00000088                                                  : uart_v0_lld.obj (.text.UART_procLineStatusErr)
                  7004a220    00000088     libc.a : fflush.c.obj (.text.__TI_doflush)
                  7004a2a8    00000084     libsysbm.a : hostread.c.obj (.text.HOSTread)
                  7004a32c    00000084                : hostwrite.c.obj (.text.HOSTwrite)
                  7004a3b0    00000084     drivers.am263px.r5f.ti-arm-clang.release.lib : mcspi_v0_lld.obj (.text.MCSPI_setPeripheralFifoConfig)
                  7004a434    00000080                                                  : edma.obj (.text.EDMA_close)
                  7004a4b4    00000080                                                  : uart_v0.obj (.text.UART_flushTxFifo)
                  7004a534    0000007e     ti_drivers_open_close.o (.text.Drivers_mcspiOpen)
                  7004a5b2    0000007e     drivers.am263px.r5f.ti-arm-clang.release.lib : mcspi_v0_lld.obj (.text.MCSPI_fifoRead)
                  7004a630    0000007e                                                  : mcspi_v0_lld.obj (.text.MCSPI_transferPeripheralPoll)
                  7004a6ae    0000007a                                                  : mcspi_v0_lld.obj (.text.MCSPI_initiateLastChunkTransfer)
                  7004a728    00000078                                                  : mcspi_v0.obj (.text.MCSPI_init)
                  7004a7a0    00000076                                                  : uart_v0_lld.obj (.text.UART_readDataPolling)
                  7004a816    00000072                                                  : mcspi_v0_lld.obj (.text.MCSPI_fifoWrite)
                  7004a888    00000072                                                  : mcspi_v0_lld.obj (.text.MCSPI_stop)
                  7004a8fa    00000070                                                  : mcspi_dma_edma.obj (.text.MCSPI_lld_dmaStop)
                  7004a96a    0000006e                                                  : edma.obj (.text.EDMA_disableTransferRegion)
                  7004a9d8    0000006e                                                  : edma.obj (.text.EDMA_enableTransferRegion)
                  7004aa46    00000002                                                  : uart_dma_edma.obj (.text.UART_edmaDoNothing)
                  7004aa48    0000006c     libsysbm.a : hostunlink.c.obj (.text.HOSTunlink)
                  7004aab4    0000006c     drivers.am263px.r5f.ti-arm-clang.release.lib : uart_v0_lld.obj (.text.UART_lld_writeDma)
                  7004ab20    00000068                                                  : uart_v0_lld.obj (.text.UART_lld_readDma)
                  7004ab88    00000068                                                  : uart_v0_lld.obj (.text.UART_lld_writeIntr)
                  7004abf0    00000068     libc.a : atoi.c.obj (.text.atoi)
                  7004ac58    00000068     board.o (.text.digitalWrite)
                  7004acc0    00000066     nortos.am263px.r5f.ti-arm-clang.release.lib : PmuP_armv7r.obj (.text.pmu)
                  7004ad26    00000002     drivers.am263px.r5f.ti-arm-clang.release.lib : uart_v0.obj (.text.UART_lld_errorCallback)
                  7004ad28    00000064                                                  : soc.obj (.text.SOC_controlModuleUnlockMMR)
                  7004ad8c    00000064     logger.o (.text.add_log)
                  7004adf0    00000060     libsysbm.a : hostclose.c.obj (.text.HOSTclose)
                  7004ae50    0000005e     nortos.am263px.r5f.ti-arm-clang.release.lib : ClockP_nortos.obj (.text.ClockP_timerTickIsr)
                  7004aeae    0000005e     drivers.am263px.r5f.ti-arm-clang.release.lib : mcspi_v0_lld.obj (.text.MCSPI_setChDataSize)
                  7004af0c    0000005c                                                  : gpio.obj (.text.GPIO_setTrigType)
                  7004af68    0000005c                                                  : mcspi_v0_lld.obj (.text.MCSPI_configInstance)
                  7004afc4    0000005c                                                  : soc.obj (.text.SOC_controlModuleLockMMR)
                  7004b020    0000005c     nortos.am263px.r5f.ti-arm-clang.release.lib : DebugP_log.obj (.text._DebugP_assert)
                  7004b07c    00000058     drivers.am263px.r5f.ti-arm-clang.release.lib : mcspi_dma_edma.obj (.text.MCSPI_edmaUpdateTransferParams)
                  7004b0d4    00000058     libc.a : fopen.c.obj (.text.__TI_cleanup)
                  7004b12c    00000058     libsysbm.a : trgmsg.c.obj (.text.__TI_readmsg)
                  7004b184    00000058                : trgmsg.c.obj (.text.__TI_writemsg)
                  7004b1dc    00000058     board.o (.text.init_interrupt)
                  7004b234    00000058     logger.o (.text.print_pending_logs)
                  7004b28c    00000056     nortos.am263px.r5f.ti-arm-clang.release.lib : ClockP_nortos.obj (.text.ClockP_getTimeUsec)
                  7004b2e2    00000056     drivers.am263px.r5f.ti-arm-clang.release.lib : uart_v0_lld.obj (.text.UART_intrDisable)
                  7004b338    00000056                                                  : uart_v0_lld.obj (.text.UART_readCancelNoCB)
                  7004b38e    00000056                                                  : uart_v0_lld.obj (.text.UART_writeCancelNoCB)
                  7004b3e4    00000054     ti_dpl_config.o (.text.Dpl_init)
                  7004b438    00000054     libc.a : exit.c.obj (.text.exit)
                  7004b48c    00000054            : getdevice.c.obj (.text.finddevice)
                  7004b4e0    00000054            : autoinit.c.obj (.text:__TI_auto_init_nobinit_nopinit)
                  7004b534    00000052     nortos.am263px.r5f.ti-arm-clang.release.lib : AddrTranslateP_32bit.obj (.text.AddrTranslateP_getLocalAddr)
                  7004b586    00000052     drivers.am263px.r5f.ti-arm-clang.release.lib : mcspi_v0_lld.obj (.text.MCSPI_lld_deInitDma)
                  7004b5d8    00000050     nortos.am263px.r5f.ti-arm-clang.release.lib : ClockP_nortos.obj (.text.ClockP_construct)
                  7004b628    00000050     drivers.am263px.r5f.ti-arm-clang.release.lib : edma.obj (.text.EDMA_allocDmaChannel)
                  7004b678    00000050                                                  : edma.obj (.text.EDMA_allocParam)
                  7004b6c8    00000050                                                  : edma.obj (.text.EDMA_allocTcc)
                  7004b718    0000004e     nortos.am263px.r5f.ti-arm-clang.release.lib : ClockP_nortos.obj (.text.ClockP_addToList)
                  7004b766    0000004e     ti_drivers_open_close.o (.text.Drivers_edmaOpen)
                  7004b7b4    0000004e     ti_drivers_open_close.o (.text.Drivers_uartOpen)
                  7004b802    0000004e     drivers.am263px.r5f.ti-arm-clang.release.lib : edma.obj (.text.EDMA_disableChInShadowRegRegion)
                  7004b850    0000004c                                                  : mcspi_v0.obj (.text.MCSPI_transferCallback)
                  7004b89c    0000004c                                                  : mcspi_v0_lld.obj (.text.MCSPI_transferControllerIntr)
                  7004b8e8    0000004c                                                  : soc.obj (.text.SOC_enableAdcReferenceMonitor)
                  7004b934    00000048                                                  : soc.obj (.text.SOC_enableAdcGlobalForce)
                  7004b97c    00000048                                                  : soc.obj (.text.SOC_enableAdcInternalReference)
                  7004b9c4    00000048                                                  : uart_dma_edma.obj (.text.UART_edmaIsrRx)
                  7004ba0c    00000048     libsysbm.a : unlink.c.obj (.text.unlink)
                  7004ba54    00000046     drivers.am263px.r5f.ti-arm-clang.release.lib : uart_dma_edma.obj (.text.UART_edmaIsrTx)
                  7004ba9a    00000002     nortos.am263px.r5f.ti-arm-clang.release.lib : printf.obj (.text._out_null)
                  7004ba9c    00000044     drivers.am263px.r5f.ti-arm-clang.release.lib : soc.obj (.text.SOC_getAdcReferenceStatus)
                  7004bae0    00000044                                                  : uart_v0.obj (.text.UART_Params_init)
                  7004bb24    00000044                                                  : uart_v0_lld.obj (.text.UART_lld_deInitDma)
                  7004bb68    00000040     nortos.am263px.r5f.ti-arm-clang.release.lib : ClockP_nortos.obj (.text.ClockP_stop)
                  7004bba8    00000040     drivers.am263px.r5f.ti-arm-clang.release.lib : edma.obj (.text.EDMA_mapChToEvtQ)
                  7004bbe8    00000040                                                  : pinmux.obj (.text.Pinmux_config)
                  7004bc28    00000040     nortos.am263px.r5f.ti-arm-clang.release.lib : SemaphoreP_nortos.obj (.text.SemaphoreP_constructBinary)
                  7004bc68    00000040     drivers.am263px.r5f.ti-arm-clang.release.lib : uart_v0_lld.obj (.text.UART_lld_deInit)
                  7004bca8    00000040     libc.a : memory.c.obj (.text.free_list_insert)
                  7004bce8    0000003e     nortos.am263px.r5f.ti-arm-clang.release.lib : SemaphoreP_nortos.obj (.text.SemaphoreP_constructMutex)
                  7004bd26    00000002     --HOLE-- [fill = 0]
                  7004bd28    0000003c     drivers.am263px.r5f.ti-arm-clang.release.lib : edma.obj (.text.EDMA_getBaseAddr)
                  7004bd64    0000003c                                                  : uart_v0_lld.obj (.text.UART_readData)
                  7004bda0    0000003a     nortos.am263px.r5f.ti-arm-clang.release.lib : ClockP_nortos.obj (.text.ClockP_destruct)
                  7004bdda    0000003a                                                 : DebugP_uartLogWriter.obj (.text.DebugP_uartLogWriterPutChar)
                  7004be14    0000003a     ti_power_clock_config.o (.text.Module_clockSetFrequency)
                  7004be4e    0000003a     drivers.am263px.r5f.ti-arm-clang.release.lib : uart_v0_lld.obj (.text.UART_lld_flushTxFifo)
                  7004be88    00000038                                                  : soc_rcm.obj (.text.SOC_rcmADPLLJGetFOut)
                  7004bec0    00000038     nortos.am263px.r5f.ti-arm-clang.release.lib : DebugP_nortos.obj (.text._DebugP_logZone)
                  7004bef8    00000038                                                 : PmuP_armv7r_asm.obj (.text.pmu)
                  7004bf30    00000036     drivers.am263px.r5f.ti-arm-clang.release.lib : edma.obj (.text.EDMA_clrMissEvtRegion)
                  7004bf66    00000034     nortos.am263px.r5f.ti-arm-clang.release.lib : ClockP_nortos.obj (.text.ClockP_start)
                  7004bf9a    00000034     drivers.am263px.r5f.ti-arm-clang.release.lib : mcspi_v0.obj (.text.MCSPI_errorCallback)
                  7004bfce    00000034     ti_power_clock_config.o (.text.Module_clockDisable)
                  7004c002    00000034     ti_power_clock_config.o (.text.Module_clockEnable)
                  7004c036    00000002     --HOLE-- [fill = 0]
                  7004c038    00000034     drivers.am263px.r5f.ti-arm-clang.release.lib : soc.obj (.text.SOC_enableAdcDacLoopback)
                  7004c06c    00000034                                                  : soc_rcm.obj (.text.SOC_rcmGetModuleClkDivVal)
                  7004c0a0    00000034     libc.a : memory.c.obj (.text.free_list_remove)
                  7004c0d4    00000034     libsysbm.a : lseek.c.obj (.text.lseek)
                  7004c108    00000034                : write.c.obj (.text.write)
                  7004c13c    00000032     nortos.am263px.r5f.ti-arm-clang.release.lib : ClockP_nortos.obj (.text.ClockP_usleep)
                  7004c16e    00000032     drivers.am263px.r5f.ti-arm-clang.release.lib : edma.obj (.text.EDMA_unmapChToEvtQ)
                  7004c1a0    00000032     nortos.am263px.r5f.ti-arm-clang.release.lib : SemaphoreP_nortos.obj (.text.SemaphoreP_post)
                  7004c1d2    00000030                                                 : DebugP_uartScanf.obj (.text.DebugP_scanf)
                  7004c202    00000030     drivers.am263px.r5f.ti-arm-clang.release.lib : uart_v0.obj (.text.UART_lld_writeCompleteCallback)
                  7004c232    00000002     --HOLE-- [fill = 0]
                  7004c234    00000030     int_adc.o (.text.adc_to_current_LM74930)
                  7004c264    0000002e     drivers.am263px.r5f.ti-arm-clang.release.lib : edma.obj (.text.EDMA_enableChInShadowRegRegion)
                  7004c292    0000002e                                                  : uart_v0.obj (.text.UART_lld_readCompleteCallback)
                  7004c2c0    0000002c     nortos.am263px.r5f.ti-arm-clang.release.lib : DebugP_shmLogReader.obj (.text.DebugP_shmLogReaderInit)
                  7004c2ec    0000002c     drivers.am263px.r5f.ti-arm-clang.release.lib : soc_rcm.obj (.text.SOC_rcmGetR5Clock)
                  7004c318    0000002c                                                  : uart_v0.obj (.text.UART_getHandle)
                  7004c344    0000002c     ADS_adc.o (.text.adc_to_current_HSS_MB)
                  7004c370    0000002c     ADS_adc.o (.text.adc_to_current_TPS)
                  7004c39c    0000002c     libc.a : sscanf.c.obj (.text.vsscanf)
                  7004c3c8    0000002a     ti_drivers_config.o (.text.System_init)
                  7004c3f2    00000028     nortos.am263px.r5f.ti-arm-clang.release.lib : ClockP_nortos.obj (.text.ClockP_sleepTicks)
                  7004c41a    00000028     drivers.am263px.r5f.ti-arm-clang.release.lib : gpio.obj (.text.GPIO_setDirMode)
                  7004c442    00000028                                                  : mcspi_v0_lld.obj (.text.MCSPI_fifoReadMultiWord)
                  7004c46a    00000002     --HOLE-- [fill = 0]
                  7004c46c    00000028                                                  : soc.obj (.text.SOC_moduleSetClockFrequency)
                  7004c494    00000028     ADS_adc.o (.text.read_ext_ADC)
                  7004c4bc    00000026     nortos.am263px.r5f.ti-arm-clang.release.lib : ClockP_nortos.obj (.text.ClockP_sleep)
                  7004c4e2    00000026     drivers.am263px.r5f.ti-arm-clang.release.lib : edma.obj (.text.EDMA_setPaRAM)
                  7004c508    00000026                                                  : uart_dma_edma.obj (.text.UART_lld_dmaDisableChannel)
                  7004c52e    00000024                                                  : mcspi_v0_lld.obj (.text.MCSPI_fifoWriteMultiWord)
                  7004c552    00000002     --HOLE-- [fill = 0]
                  7004c554    00000024                                                  : uart_v0_lld.obj (.text.UART_IsHWFlowCtrlValid)
                  7004c578    00000024                                                  : uart_v0_lld.obj (.text.UART_IsRxTrigLvlValid)
                  7004c59c    00000024                                                  : uart_v0_lld.obj (.text.UART_IsTxTrigLvlValid)
                  7004c5c0    00000024     libclang_rt.builtins.a : aeabi_uldivmod.S.obj (.text.__aeabi_uldivmod)
                  7004c5e4    00000024     int_adc.o (.text.int_adc_to_voltage)
                  7004c608    00000024     nortos.am263px.r5f.ti-arm-clang.release.lib : printf.obj (.text.vprintf_)
                  7004c62c    00000022     drivers.am263px.r5f.ti-arm-clang.release.lib : edma.obj (.text.EDMA_linkChannel)
                  7004c64e    00000022                                                  : mcspi_v0_lld.obj (.text.MCSPI_transferPeripheralIntr)
                  7004c670    00000022     logger.o (.text.print_logs)
                  7004c692    00000020     nortos.am263px.r5f.ti-arm-clang.release.lib : DebugP_log.obj (.text.DebugP_logZoneEnable)
                  7004c6b2    00000020     drivers.am263px.r5f.ti-arm-clang.release.lib : mcspi_v0_lld.obj (.text.MCSPI_fifoRead32)
                  7004c6d2    00000020     nortos.am263px.r5f.ti-arm-clang.release.lib : TimerP_rti_priv.obj (.text.TimerP_Params_initPriv)
                  7004c6f2    00000020     drivers.am263px.r5f.ti-arm-clang.release.lib : uart_v0_lld.obj (.text.UART_getChar)
                  7004c712    00000002     --HOLE-- [fill = 0]
                  7004c714    00000020     ADS_adc.o (.text.ext_adc_to_voltage)
                  7004c734    0000001e     ti_drivers_config.o (.text.System_deinit)
                  7004c752    0000001e     drivers.am263px.r5f.ti-arm-clang.release.lib : uart_v0_lld.obj (.text.UART_spaceAvail)
                  7004c770    0000001e                                                  : uart_v0_lld.obj (.text.UART_statusIsDataReady)
                  7004c78e    0000001c                                                  : mcspi_v0_lld.obj (.text.MCSPI_fifoWrite32)
                  7004c7aa    0000001c                                                  : mcspi_v0_lld.obj (.text.MCSPI_getFifoTrigLvl)
                  7004c7c6    0000001c                                                  : mcspi_v0_lld.obj (.text.MCSPI_lld_deInit)
                  7004c7e2    00000002     --HOLE-- [fill = 0]
                  7004c7e4    0000001c                                                  : soc_rcm.obj (.text.SOC_rcmIsR5FInLockStepMode)
                  7004c800    0000001c     libc.a : sscanf.c.obj (.text._inpchar)
                  7004c81c    0000001c     main.o (.text.main)
                  7004c838    0000001c     libsysbm.a : hostrename.c.obj (.text.strcpy)
                  7004c854    0000001c                : hostrename.c.obj (.text.strlen)
                  7004c870    0000001c     libc.a : memcpy32.S.obj (.text:TI_memcpy_small)
                  7004c88c    0000001a     nortos.am263px.r5f.ti-arm-clang.release.lib : CpuId_armv7r.obj (.text.CSL_armR5GetCpuID)
                  7004c8a6    0000001a     drivers.am263px.r5f.ti-arm-clang.release.lib : edma.obj (.text.EDMA_readEventStatusRegion)
                  7004c8c0    0000001a                                                  : uart_v0_lld.obj (.text.UART_enhanFuncEnable)
                  7004c8da    00000018                                                  : mcspi_dma_edma.obj (.text.MCSPI_lld_dmaInit)
                  7004c8f2    00000018     nortos.am263px.r5f.ti-arm-clang.release.lib : TimerP_rti_priv.obj (.text.TimerP_getCountPriv)
                  7004c90a    00000002     --HOLE-- [fill = 0]
                  7004c90c    00000018     drivers.am263px.r5f.ti-arm-clang.release.lib : uart_v0.obj (.text.UART_deinit)
                  7004c924    00000018     logger.o (.text.clear_logs)
                  7004c93c    00000018     libc.a : memset32.S.obj (.text:TI_memset_small)
                  7004c954    00000016     drivers.am263px.r5f.ti-arm-clang.release.lib : mcspi_v0_lld.obj (.text.MCSPI_reset)
                  7004c96a    00000016                                                  : uart_v0_lld.obj (.text.UART_IsTxRxFifoEmpty)
                  7004c980    00000016                                                  : uart_v0_lld.obj (.text.UART_getIntrIdentityStatus)
                  7004c996    00000016                                                  : uart_v0_lld.obj (.text.UART_getRxError)
                  7004c9ac    00000014     nortos.am263px.r5f.ti-arm-clang.release.lib : ClockP_nortos.obj (.text.ClockP_usecToTicks)
                  7004c9c0    00000014     drivers.am263px.r5f.ti-arm-clang.release.lib : edma.obj (.text.EDMA_getRegionId)
                  7004c9d4    00000014                                                  : uart_v0.obj (.text.UART_Transaction_init)
                  7004c9e8    00000014                                                  : uart_v0_lld.obj (.text.UART_enhanFuncBitValRestore)
                  7004c9fc    00000012                                                  : adc.obj (.text.ADC_setMode)
                  7004ca0e    00000012                                                  : uart_v0_lld.obj (.text.UART_hardwareFlowCtrlOptSet)
                  7004ca20    00000012                                                  : uart_v0_lld.obj (.text.UART_operatingModeSelect)
                  7004ca32    00000012                                                  : uart_v0_lld.obj (.text.UART_readLineStatus)
                  7004ca44    00000012     ti_dpl_config.o (.text.putchar_)
                  7004ca56    00000010     drivers.am263px.r5f.ti-arm-clang.release.lib : gpio.obj (.text.GPIO_bankIntrDisable)
                  7004ca66    00000010                                                  : uart_v0_lld.obj (.text.UART_intr2Disable)
                  7004ca76    00000002     --HOLE-- [fill = 0]
                  7004ca78    00000010     libclang_rt.builtins.a : aeabi_memset.S.obj (.text.__aeabi_memset)
                  7004ca88    00000010     libc.a : sscanf.c.obj (.text._uninpchar)
                  7004ca98    00000010            : fputc.c.obj (.text.putchar)
                  7004caa8    0000000e     drivers.am263px.r5f.ti-arm-clang.release.lib : edma.obj (.text.EDMA_ccPaRAMEntry_init)
                  7004cab6    0000000e                                                  : gpio.obj (.text.GPIO_bankIntrEnable)
                  7004cac4    0000000e     ti_pinmux_config.o (.text.Pinmux_init)
                  7004cad2    0000000e     ti_power_clock_config.o (.text.PowerClock_init)
                  7004cae0    0000000c     nortos.am263px.r5f.ti-arm-clang.release.lib : ClockP_nortos.obj (.text.ClockP_getTicks)
                  7004caec    0000000c                                                 : DebugP_uartLogWriter.obj (.text.DebugP_uartSetDrvIndex)
                  7004caf8    0000000c     drivers.am263px.r5f.ti-arm-clang.release.lib : edma.obj (.text.EDMA_isInitialized)
                  7004cb04    0000000c                                                  : soc.obj (.text.SOC_getSelfCpuClk)
                  7004cb10    0000000c     libc.a : aeabi_portable.c.obj (.text.__aeabi_errno_addr)
                  7004cb1c    0000000c     libclang_rt.builtins.a : aeabi_memset.S.obj (.text.__aeabi_memclr)
                  7004cb28    0000000c     libc.a : memory.c.obj (.text.malloc)
                  7004cb34    0000000c     nortos.am263px.r5f.ti-arm-clang.release.lib : CpuId_armv7r_asm.obj (.text)
                  7004cb40    0000000c     libc.a : strcmp32.S.obj (.text)
                  7004cb4c    0000000a     nortos.am263px.r5f.ti-arm-clang.release.lib : ClockP_nortos.obj (.text.ClockP_Params_init)
                  7004cb56    0000000a                                                 : ClockP_nortos.obj (.text.ClockP_isActive)
                  7004cb60    0000000a                                                 : TimerP_rti_priv.obj (.text.TimerP_getReloadCountPriv)
                  7004cb6a    0000000a                                                 : TimerP_rti_priv.obj (.text.TimerP_startPriv)
                  7004cb74    0000000a     drivers.am263px.r5f.ti-arm-clang.release.lib : uart_v0_lld.obj (.text.UART_lld_Transaction_deInit)
                  7004cb7e    00000002     --HOLE-- [fill = 0]
                  7004cb80    00000008     libsysbm.a : hostexit.c.obj (.text.HOSTexit)
                  7004cb88    00000008     nortos.am263px.r5f.ti-arm-clang.release.lib : TimerP_rti_priv.obj (.text.TimerP_clearOverflowIntPriv)
                  7004cb90    00000008                                                 : printf.obj (.text._out_char)
                  7004cb98    00000006     drivers.am263px.r5f.ti-arm-clang.release.lib : edma.obj (.text.EDMA_isInterruptEnabled)
                  7004cb9e    00000006                                                  : soc.obj (.text.SOC_moduleClockEnable)
                  7004cba4    00000006                                                  : soc_rcm.obj (.text.SOC_rcmGetCR5SysclkInFrequency)
                  7004cbaa    00000004     nortos.am263px.r5f.ti-arm-clang.release.lib : ClockP_nortos_r5.obj (.text.ClockP_timerClearOverflowInt)
                  7004cbae    00000004     ti_power_clock_config.o (.text.PowerClock_deinit)
                  7004cbb2    00000004     nortos.am263px.r5f.ti-arm-clang.release.lib : TimerP_rti_nortos.obj (.text.TimerP_Params_init)
                  7004cbb6    00000004                                                 : TimerP_rti_nortos.obj (.text.TimerP_clearOverflowInt)
                  7004cbba    00000004                                                 : TimerP_rti_nortos.obj (.text.TimerP_getCount)
                  7004cbbe    00000004                                                 : TimerP_rti_nortos.obj (.text.TimerP_getReloadCount)
                  7004cbc2    00000004                                                 : TimerP_rti_nortos.obj (.text.TimerP_setup)
                  7004cbc6    00000004                                                 : TimerP_rti_nortos.obj (.text.TimerP_start)
                  7004cbca    00000002     --HOLE-- [fill = 0]
                  7004cbcc    00000004     libclang_rt.builtins.a : aeabi_div0.c.obj (.text.__aeabi_idiv0)
                  7004cbd0    00000004                            : aeabi_div0.c.obj (.text.__aeabi_ldiv0)
                  7004cbd4    00000004                            : aeabi_memcpy.S.obj (.text.__aeabi_memcpy)
                  7004cbd8    00000004     libc.a : _lock.c.obj (.text._nop)
                  7004cbdc    00000004            : fseek.c.obj (.text.fseek)
                  7004cbe0    00000004     libsysbm.a : remove.c.obj (.text.remove)
                  7004cbe4    00000008     nortos.am263px.r5f.ti-arm-clang.release.lib : HwiP_armv7r_asm.obj (.tramp.HwiP_restore.1)
                  7004cbec    00000008                                                 : HwiP_armv7r_asm.obj (.tramp.HwiP_enable.1)
                  7004cbf4    00000008                                                 : PmuP_armv7r_asm.obj (.tramp.PmuP_setUserEnable.1)
                  7004cbfc    00000008                                                 : PmuP_armv7r_asm.obj (.tramp.PmuP_enableCounters.1)
                  7004cc04    0000001c     --HOLE-- [fill = 0]

.rodata    0    7004cc20    00001aa0     
                  7004cc20    000004b0     testing.o (.rodata.test_results)
                  7004d0d0    00000101     libc.a : aeabi_ctype.S.obj (.rodata:__aeabi_ctype_table_)
                  7004d1d1    00000096     testing.o (.rodata.test_cases)
                  7004d267    00000001     logger.o (.rodata.str1.11170080405929493601.1)
                  7004d268    00000080     libc.a : strtod.c.obj (.rodata.digits)
                  7004d2e8    0000007a     ti_drivers_open_close.o (.rodata.str1.17665391694225509261.1)
                  7004d362    00000002     --HOLE-- [fill = 0]
                  7004d364    00000074     ti_dpl_config.o (.rodata.cfg)
                  7004d3d8    00000051     drivers.am263px.r5f.ti-arm-clang.release.lib : mcspi_v0.obj (.rodata.str1.26396439823528435241)
                  7004d429    00000007     libc.a : _scanfi.c.obj (.rodata._sproc_int.flit)
                  7004d430    00000050     nortos.am263px.r5f.ti-arm-clang.release.lib : printf.obj (.rodata._ftoa.pow10)
                  7004d480    00000048     drivers.am263px.r5f.ti-arm-clang.release.lib : soc_rcm.obj (.rodata.gADPLLJConfigTbl)
                  7004d4c8    00000048     libc.a : strtod.c.obj (.rodata.powerof10)
                  7004d510    00000048     drivers.am263px.r5f.ti-arm-clang.release.lib : mcspi_v0_lld.obj (.rodata.str1.97363132707188488161)
                  7004d558    0000003d     nortos.am263px.r5f.ti-arm-clang.release.lib : TimerP_rti_priv.obj (.rodata.str1.72163963154704191671)
                  7004d595    0000003b     logger.o (.rodata.str1.15765208293925770228.1)
                  7004d5d0    00000038     testing.o (.rodata.str1.12934025152450101698.1)
                  7004d608    00000038     testing.o (.rodata.str1.13271957185734089466.1)
                  7004d640    00000038     testing.o (.rodata.str1.1809024094263384077.1)
                  7004d678    00000037     testing.o (.rodata.str1.13902908763734703229.1)
                  7004d6af    00000037     testing.o (.rodata.str1.14475428689845802839.1)
                  7004d6e6    00000037     testing.o (.rodata.str1.17746360623054601515.1)
                  7004d71d    00000037     nortos.am263px.r5f.ti-arm-clang.release.lib : SemaphoreP_nortos.obj (.rodata.str1.52751030918495836841)
                  7004d754    00000036     testing.o (.rodata.str1.13404232100597892824.1)
                  7004d78a    00000036     ti_drivers_open_close.o (.rodata.str1.2554706296470369595.1)
                  7004d7c0    00000035     ti_drivers_open_close.o (.rodata.str1.10252002122772422448.1)
                  7004d7f5    00000035     ti_drivers_open_close.o (.rodata.str1.17551203406305493380.1)
                  7004d82a    00000033     testing.o (.rodata.str1.912323090116748061.1)
                  7004d85d    00000032     drivers.am263px.r5f.ti-arm-clang.release.lib : adc.obj (.rodata.str1.104222482920253680151)
                  7004d88f    00000032                                                  : adc.obj (.rodata.str1.137023953294967812531)
                  7004d8c1    00000003     PDMtesting.o (.rodata.str1.1094412632907578887.1)
                  7004d8c4    00000030     logger.o (.rodata..Lswitch.table.print_log.27)
                  7004d8f4    00000030     ti_drivers_open_close.o (.rodata.str1.14200658025495415368.1)
                  7004d924    0000002e     nortos.am263px.r5f.ti-arm-clang.release.lib : ClockP_nortos.obj (.rodata.str1.39419159632632580371)
                  7004d952    0000002a     logger.o (.rodata.str1.6697840596852582545.1)
                  7004d97c    0000002a     nortos.am263px.r5f.ti-arm-clang.release.lib : DebugP_log.obj (.rodata.str1.8882360920750446361)
                  7004d9a6    00000028     ti_drivers_open_close.o (.rodata.str1.10490786615736436564.1)
                  7004d9ce    00000028     ti_drivers_open_close.o (.rodata.str1.7332975063418302059.1)
                  7004d9f6    00000027     nortos.am263px.r5f.ti-arm-clang.release.lib : ClockP_nortos_r5.obj (.rodata.str1.91622226613999981811)
                  7004da1d    00000025     ti_drivers_open_close.o (.rodata.str1.7750254725308216577.1)
                  7004da42    00000024     testing.o (.rodata.str1.1448113453728135492.1)
                  7004da66    00000024     drivers.am263px.r5f.ti-arm-clang.release.lib : edma.obj (.rodata.str1.164918382464449145851)
                  7004da8a    00000023     nortos.am263px.r5f.ti-arm-clang.release.lib : ClockP_nortos_r5.obj (.rodata.str1.136646522816104227591)
                  7004daad    00000023     ti_drivers_open_close.o (.rodata.str1.15574074207268991336.1)
                  7004dad0    00000023     drivers.am263px.r5f.ti-arm-clang.release.lib : soc_rcm.obj (.rodata.str1.15813086600912413471)
                  7004daf3    00000022                                                  : edma.obj (.rodata.str1.6611792697437713481)
                  7004db15    00000021     nortos.am263px.r5f.ti-arm-clang.release.lib : ClockP_nortos_r5.obj (.rodata.str1.99041146818411950391)
                  7004db36    00000002     --HOLE-- [fill = 0]
                  7004db38    00000020     drivers.am263px.r5f.ti-arm-clang.release.lib : uart_v0_lld.obj (.rodata.cst32)
                  7004db58    00000020     PDMtesting.o (.rodata.str1.10015848951539402881.1)
                  7004db78    00000020     drivers.am263px.r5f.ti-arm-clang.release.lib : uart_v0.obj (.rodata.str1.150767988884773108331)
                  7004db98    0000001f     board.o (.rodata.str1.10881007155619371109.1)
                  7004dbb7    0000001f     board.o (.rodata.str1.123550804358397101.1)
                  7004dbd6    0000001f     board.o (.rodata.str1.13738757807042593414.1)
                  7004dbf5    0000001f     board.o (.rodata.str1.14465880841147386111.1)
                  7004dc14    0000001f     logger.o (.rodata.str1.14867204177169952558.1)
                  7004dc33    0000001f     board.o (.rodata.str1.1510811462892085231.1)
                  7004dc52    0000001f     board.o (.rodata.str1.16077883977509950417.1)
                  7004dc71    0000001f     board.o (.rodata.str1.1696272589420159480.1)
                  7004dc90    0000001f     board.o (.rodata.str1.18250802514644841805.1)
                  7004dcaf    0000001f     nortos.am263px.r5f.ti-arm-clang.release.lib : SemaphoreP_nortos.obj (.rodata.str1.25281168886080794691)
                  7004dcce    0000001f                                                 : ClockP_nortos_r5.obj (.rodata.str1.25349503636762439021)
                  7004dced    0000001f     board.o (.rodata.str1.5436337271421848948.1)
                  7004dd0c    0000001f     board.o (.rodata.str1.673658226405435322.1)
                  7004dd2b    0000001f     ti_drivers_open_close.o (.rodata.str1.871795152488895636.1)
                  7004dd4a    0000001f     board.o (.rodata.str1.9045895231722895584.1)
                  7004dd69    0000001f     board.o (.rodata.str1.9461189164499355904.1)
                  7004dd88    0000001e     board.o (.rodata.str1.10345935079445805060.1)
                  7004dda6    0000001e     drivers.am263px.r5f.ti-arm-clang.release.lib : mcspi_v0.obj (.rodata.str1.144400815220210358851)
                  7004ddc4    0000001e     board.o (.rodata.str1.6418571003999367838.1)
                  7004dde2    0000001e     board.o (.rodata.str1.6840234256597642108.1)
                  7004de00    0000001e     board.o (.rodata.str1.9453984286452795027.1)
                  7004de1e    0000001d     nortos.am263px.r5f.ti-arm-clang.release.lib : TimerP_rti_priv.obj (.rodata.str1.114219152040444562951)
                  7004de3b    0000001d                                                 : TimerP_rti_priv.obj (.rodata.str1.125174968193178473681)
                  7004de58    0000001d     ti_drivers_open_close.o (.rodata.str1.13083909648175487149.1)
                  7004de75    0000001d     drivers.am263px.r5f.ti-arm-clang.release.lib : uart_v0.obj (.rodata.str1.142814395268246240721)
                  7004de92    0000001d                                                  : mcspi_v0.obj (.rodata.str1.171925388543524077211)
                  7004deaf    0000001d     nortos.am263px.r5f.ti-arm-clang.release.lib : TimerP_rti_priv.obj (.rodata.str1.27974953896521033811)
                  7004decc    0000001b     drivers.am263px.r5f.ti-arm-clang.release.lib : edma.obj (.rodata.str1.16266241636797238661)
                  7004dee7    0000001b     nortos.am263px.r5f.ti-arm-clang.release.lib : ClockP_nortos.obj (.rodata.str1.47646432807403639741)
                  7004df02    0000001b     ti_drivers_open_close.o (.rodata.str1.5509699957385355460.1)
                  7004df1d    0000001a     drivers.am263px.r5f.ti-arm-clang.release.lib : edma.obj (.rodata.str1.124702968117785801901)
                  7004df37    0000001a     nortos.am263px.r5f.ti-arm-clang.release.lib : ClockP_nortos_r5.obj (.rodata.str1.133203246495064227641)
                  7004df51    0000001a     drivers.am263px.r5f.ti-arm-clang.release.lib : soc_rcm.obj (.rodata.str1.153801437654618082741)
                  7004df6b    0000001a                                                  : mcspi_v0.obj (.rodata.str1.169212516063846095031)
                  7004df85    0000001a     board.o (.rodata.str1.9440741161207462191.1)
                  7004df9f    0000001a     drivers.am263px.r5f.ti-arm-clang.release.lib : mcspi_v0.obj (.rodata.str1.99640994410596514241)
                  7004dfb9    00000019     ti_drivers_open_close.o (.rodata.str1.14059614886583751700.1)
                  7004dfd2    00000019     nortos.am263px.r5f.ti-arm-clang.release.lib : TimerP_rti_priv.obj (.rodata.str1.160914699991520874261)
                  7004dfeb    00000019     ti_drivers_open_close.o (.rodata.str1.5293217666052239616.1)
                  7004e004    00000018     drivers.am263px.r5f.ti-arm-clang.release.lib : soc.obj (.rodata..Lswitch.table.SOC_getAdcReferenceStatus)
                  7004e01c    00000018                                                  : soc_rcm.obj (.rodata.gControlssPllClkSrcValMap)
                  7004e034    00000018                                                  : soc_rcm.obj (.rodata.gCptsClkSrcValMap)
                  7004e04c    00000018                                                  : soc_rcm.obj (.rodata.gI2cClkSrcValMap)
                  7004e064    00000018                                                  : soc_rcm.obj (.rodata.gLinUartClkSrcValMap)
                  7004e07c    00000018                                                  : soc_rcm.obj (.rodata.gPeripheralClkSrcInfoMap)
                  7004e094    00000018                                                  : soc_rcm.obj (.rodata.gRtiClkSrcValMap)
                  7004e0ac    00000018                                                  : soc_rcm.obj (.rodata.gWdtClkSrcValMap)
                  7004e0c4    00000018     logger.o (.rodata.str1.516959638814628545.1)
                  7004e0dc    00000018     logger.o (.rodata.str1.5671237403414969566.1)
                  7004e0f4    00000018     logger.o (.rodata.str1.887488774559121338.1)
                  7004e10c    00000018     drivers.am263px.r5f.ti-arm-clang.release.lib : uart_v0.obj (.rodata.str1.9069738176458784971)
                  7004e124    00000017     ADS_adc.o (.rodata.str1.10043506777178288082.1)
                  7004e13b    00000017     drivers.am263px.r5f.ti-arm-clang.release.lib : soc_rcm.obj (.rodata.str1.141251745167226470741)
                  7004e152    00000017     ti_drivers_open_close.o (.rodata.str1.1628183244885117158.1)
                  7004e169    00000016     PDMtesting.o (.rodata.str1.10577412323663350067.1)
                  7004e17f    00000016     drivers.am263px.r5f.ti-arm-clang.release.lib : soc_rcm.obj (.rodata.str1.107645048611228328791)
                  7004e195    00000016     PDMtesting.o (.rodata.str1.12143205621091433229.1)
                  7004e1ab    00000016     drivers.am263px.r5f.ti-arm-clang.release.lib : soc_rcm.obj (.rodata.str1.177369307189295936511)
                  7004e1c1    00000016                                                  : soc_rcm.obj (.rodata.str1.63555232926284281011)
                  7004e1d7    00000016                                                  : mcspi_v0.obj (.rodata.str1.85423015064808713541)
                  7004e1ed    00000015     ti_drivers_open_close.o (.rodata.str1.11521962449680083383.1)
                  7004e202    00000015     drivers.am263px.r5f.ti-arm-clang.release.lib : edma.obj (.rodata.str1.149652404363315708211)
                  7004e217    00000015     ti_drivers_open_close.o (.rodata.str1.17912154466570466874.1)
                  7004e22c    00000015     drivers.am263px.r5f.ti-arm-clang.release.lib : adc.obj (.rodata.str1.20431844208594508061)
                  7004e241    00000015     nortos.am263px.r5f.ti-arm-clang.release.lib : SemaphoreP_nortos.obj (.rodata.str1.30861210816963497001)
                  7004e256    00000014     drivers.am263px.r5f.ti-arm-clang.release.lib : mcspi_v0_lld.obj (.rodata.str1.147988882001261723701)
                  7004e26a    00000014                                                  : edma.obj (.rodata.str1.176595599180530855901)
                  7004e27e    00000014                                                  : mcspi_v0.obj (.rodata.str1.34611452835214624521)
                  7004e292    00000014     ti_drivers_open_close.o (.rodata.str1.3622116258035701796.1)
                  7004e2a6    00000014     drivers.am263px.r5f.ti-arm-clang.release.lib : edma.obj (.rodata.str1.41785049815304208531)
                  7004e2ba    00000014                                                  : edma.obj (.rodata.str1.93700429500326477781)
                  7004e2ce    00000013                                                  : soc_rcm.obj (.rodata.str1.30734103837947208761)
                  7004e2e1    00000013     testing.o (.rodata.str1.9646216584914662902.1)
                  7004e2f4    00000013     testing.o (.rodata.str1.9663668549545128397.1)
                  7004e307    00000013     drivers.am263px.r5f.ti-arm-clang.release.lib : uart_v0.obj (.rodata.str1.9980655952161290391)
                  7004e31a    00000012                                                  : uart_v0.obj (.rodata.str1.166492982902436568231)
                  7004e32c    00000012                                                  : uart_v0.obj (.rodata.str1.171120843061886446841)
                  7004e33e    00000012                                                  : edma.obj (.rodata.str1.41579851849113419871)
                  7004e350    00000012     ti_drivers_open_close.o (.rodata.str1.6538372684047993024.1)
                  7004e362    00000012     drivers.am263px.r5f.ti-arm-clang.release.lib : soc_rcm.obj (.rodata.str1.67217821191364965911)
                  7004e374    00000011                                                  : edma.obj (.rodata.str1.117215064595961288031)
                  7004e385    00000011     ti_drivers_open_close.o (.rodata.str1.12213835641041270557.1)
                  7004e396    00000011     logger.o (.rodata.str1.13406532556922755089.1)
                  7004e3a7    00000011     drivers.am263px.r5f.ti-arm-clang.release.lib : uart_v0.obj (.rodata.str1.16967668833904919061)
                  7004e3b8    00000011                                                  : edma.obj (.rodata.str1.28692048193800818901)
                  7004e3c9    00000011     nortos.am263px.r5f.ti-arm-clang.release.lib : ClockP_nortos.obj (.rodata.str1.37923443167824241621)
                  7004e3da    00000011                                                 : TimerP_rti_priv.obj (.rodata.str1.44101942245516082551)
                  7004e3eb    00000011     ti_drivers_open_close.o (.rodata.str1.6292539624901818759.1)
                  7004e3fc    00000010     drivers.am263px.r5f.ti-arm-clang.release.lib : soc.obj (.rodata.cst16)
                  7004e40c    00000010                                                  : mcspi_v0.obj (.rodata.str1.153145657127816401141)
                  7004e41c    00000010                                                  : edma.obj (.rodata.str1.18778444954996405781)
                  7004e42c    00000010     ti_drivers_open_close.o (.rodata.str1.5205884736402799790.1)
                  7004e43c    0000000f     drivers.am263px.r5f.ti-arm-clang.release.lib : edma.obj (.rodata.str1.111354322338949310841)
                  7004e44b    0000000f                                                  : edma.obj (.rodata.str1.144551280152329776181)
                  7004e45a    0000000f                                                  : edma.obj (.rodata.str1.2759273541325923811)
                  7004e469    0000000f                                                  : mcspi_v0.obj (.rodata.str1.43973954253821070511)
                  7004e478    0000000f     board.o (.rodata.str1.834004997606947946.1)
                  7004e487    0000000f     drivers.am263px.r5f.ti-arm-clang.release.lib : edma.obj (.rodata.str1.92547749779646142691)
                  7004e496    0000000e     ti_drivers_open_close.o (.rodata.str1.16112177131852734107.1)
                  7004e4a4    0000000e     drivers.am263px.r5f.ti-arm-clang.release.lib : edma.obj (.rodata.str1.19244332700943948511)
                  7004e4b2    0000000e                                                  : edma.obj (.rodata.str1.46057082369026546831)
                  7004e4c0    0000000e                                                  : edma.obj (.rodata.str1.46782315602798139861)
                  7004e4ce    0000000d     ti_drivers_open_close.o (.rodata.str1.10450075619424269387.1)
                  7004e4db    0000000d     drivers.am263px.r5f.ti-arm-clang.release.lib : edma.obj (.rodata.str1.121775923823351643201)
                  7004e4e8    0000000d     ti_drivers_open_close.o (.rodata.str1.16905510790704221133.1)
                  7004e4f5    0000000d     nortos.am263px.r5f.ti-arm-clang.release.lib : TimerP_rti_priv.obj (.rodata.str1.31870447354226168941)
                  7004e502    0000000d     drivers.am263px.r5f.ti-arm-clang.release.lib : adc.obj (.rodata.str1.70150695697723348971)
                  7004e50f    0000000d     testing.o (.rodata.str1.9119961215068324276.1)
                  7004e51c    0000000c     drivers.am263px.r5f.ti-arm-clang.release.lib : mcspi_v0_lld.obj (.rodata..Lswitch.table.MCSPI_lld_controllerIsr.1)
                  7004e528    0000000c                                                  : mcspi_v0_lld.obj (.rodata..Lswitch.table.MCSPI_lld_controllerIsr)
                  7004e534    0000000c                                                  : soc.obj (.rodata..Lswitch.table.SOC_enableAdcReferenceMonitor)
                  7004e540    0000000c     logger.o (.rodata..Lswitch.table.print_log)
                  7004e54c    0000000c     nortos.am263px.r5f.ti-arm-clang.release.lib : ClockP_nortos_r5.obj (.rodata.str1.177642182983587376931)
                  7004e558    0000000c     drivers.am263px.r5f.ti-arm-clang.release.lib : mcspi_v0.obj (.rodata.str1.69169362540279301091)
                  7004e564    0000000c                                                  : edma.obj (.rodata.str1.73371482538137472541)
                  7004e570    0000000c     logger.o (.rodata.str1.7498274428696469886.1)
                  7004e57c    0000000b     board.o (.rodata.str1.15102135329570516791.1)
                  7004e587    0000000b     drivers.am263px.r5f.ti-arm-clang.release.lib : mcspi_v0.obj (.rodata.str1.169287378047891341191)
                  7004e592    0000000b                                                  : uart_v0.obj (.rodata.str1.174466331461201984741)
                  7004e59d    0000000b                                                  : uart_v0.obj (.rodata.str1.23952661867579505821)
                  7004e5a8    0000000b                                                  : mcspi_v0.obj (.rodata.str1.248655060218483491)
                  7004e5b3    0000000b                                                  : edma.obj (.rodata.str1.8716574913843167321)
                  7004e5be    0000000a                                                  : soc_rcm.obj (.rodata.str1.102656642322745120751)
                  7004e5c8    0000000a                                                  : edma.obj (.rodata.str1.11281620503267214511)
                  7004e5d2    0000000a     logger.o (.rodata.str1.13114922096505101489.1)
                  7004e5dc    0000000a     drivers.am263px.r5f.ti-arm-clang.release.lib : uart_v0.obj (.rodata.str1.4680544719311723101)
                  7004e5e6    0000000a                                                  : uart_v0.obj (.rodata.str1.62285611621840673441)
                  7004e5f0    0000000a                                                  : edma.obj (.rodata.str1.94390198658697638781)
                  7004e5fa    0000000a                                                  : uart_v0.obj (.rodata.str1.98976386761529848021)
                  7004e604    00000009     libc.a : _scanfi.c.obj (.rodata.str1.12964984209033246150.1)
                  7004e60d    00000003     --HOLE-- [fill = 0]
                  7004e610    00000008            : _scanfi.c.obj (.rodata..L__const._sproc_float.special)
                  7004e618    00000008     logger.o (.rodata.str1.11411971380641413352.1)
                  7004e620    00000008     logger.o (.rodata.str1.1246197995540081341.1)
                  7004e628    00000008     logger.o (.rodata.str1.3193577328096652195.1)
                  7004e630    00000008     logger.o (.rodata.str1.4633242734696342979.1)
                  7004e638    00000008     logger.o (.rodata.str1.8545315102583907144.1)
                  7004e640    00000008     logger.o (.rodata.str1.998270875404085501.1)
                  7004e648    00000007     logger.o (.rodata.str1.10127394157737690499.1)
                  7004e64f    00000007     logger.o (.rodata.str1.10253156068257962407.1)
                  7004e656    00000007     logger.o (.rodata.str1.10289081750774512625.1)
                  7004e65d    00000007     logger.o (.rodata.str1.12893940535876439382.1)
                  7004e664    00000007     logger.o (.rodata.str1.14246187852812087945.1)
                  7004e66b    00000007     logger.o (.rodata.str1.16946937258229686214.1)
                  7004e672    00000007     logger.o (.rodata.str1.6452265960373237926.1)
                  7004e679    00000007     logger.o (.rodata.str1.9485715002722841782.1)
                  7004e680    00000006     libc.a : _scanfi.c.obj (.rodata._sproc_int.barr)
                  7004e686    00000006     drivers.am263px.r5f.ti-arm-clang.release.lib : soc_rcm.obj (.rodata.str1.53743240983164125611)
                  7004e68c    00000006     logger.o (.rodata.str1.9978879681667430888.1)
                  7004e692    00000005     nortos.am263px.r5f.ti-arm-clang.release.lib : printf.obj (.rodata.str1.143852280595428356391)
                  7004e697    00000005                                                 : printf.obj (.rodata.str1.23318557076440195721)
                  7004e69c    00000005     logger.o (.rodata.str1.5950550609978457137.1)
                  7004e6a1    00000003     --HOLE-- [fill = 0]
                  7004e6a4    00000004     nortos.am263px.r5f.ti-arm-clang.release.lib : CacheP_armv7r.obj (.rodata.gCacheL1dCacheLineSize)
                  7004e6a8    00000004                                                 : CacheP_armv7r.obj (.rodata.gCacheL1pCacheLineSize)
                  7004e6ac    00000004     logger.o (.rodata.str1.11268383079938446260.1)
                  7004e6b0    00000004     nortos.am263px.r5f.ti-arm-clang.release.lib : printf.obj (.rodata.str1.122320159353749299121)
                  7004e6b4    00000004     logger.o (.rodata.str1.14780196379335289893.1)
                  7004e6b8    00000004     libc.a : _scanfi.c.obj (.rodata.str1.3403580589742030990.1)
                  7004e6bc    00000004     nortos.am263px.r5f.ti-arm-clang.release.lib : printf.obj (.rodata.str1.81101573233442303481)

.bss       0    7004e6c0    000023c8     UNINITIALIZED
                  7004e6c0    00000c80     (.common:logs)
                  7004f340    00000808     (.common:gHwiCtrl)
                  7004fb48    00000770     ti_drivers_config.o (.bss.gMcspiObjects)
                  700502b8    00000368     ti_drivers_config.o (.bss.gUartObjects)
                  70050620    00000120     libsysbm.a : trgmsg.c.obj (.bss:_CIOBUF_)
                  70050740    000000e8     ti_drivers_config.o (.bss.gEdmaObjects)
                  70050828    000000c0     (.common:intr_objects)
                  700508e8    000000a0     libc.a : defs.c.obj (.bss.__TI_tmpnams)
                  70050988    00000090     (.common:gDebugShmLogReaderCtrl)
                  70050a18    00000038     (.common:gClockCtrl)
                  70050a50    00000010     (.common:virtToPhymap)
                  70050a60    00000008     libsysbm.a : hostopen.c.obj (.bss.parmbuf)
                  70050a68    00000008     (.common:gMcspiHandle)
                  70050a70    00000004     nortos.am263px.r5f.ti-arm-clang.release.lib : HwiP_armv7r_vim.obj (.bss.gdummy)
                  70050a74    00000004     libc.a : memory.c.obj (.bss.sys_free)
                  70050a78    00000004     (.common:gEdmaHandle)
                  70050a7c    00000004     (.common:gUartHandle)
                  70050a80    00000002     PDMtesting.o (.bss.PDM_testing.user_input_test_number)
                  70050a82    00000006     --HOLE--

.sysmem    0    70050a88    00008000     UNINITIALIZED
                  70050a88    00000010     libc.a : memory.c.obj (.sysmem)
                  70050a98    00007ff0     --HOLE--

.stack     0    70058a88    00004000     UNINITIALIZED
                  70058a88    00000004     nortos.am263px.r5f.ti-arm-clang.release.lib : boot_armv7r_asm.obj (.stack)
                  70058a8c    00003ffc     --HOLE--

.text.hwi 
*          0    7005ca88    000008d8     
                  7005ca88    00000402     nortos.am263px.r5f.ti-arm-clang.release.lib : HwiP_armv7r_vim.obj (.text.hwi)
                  7005ce8a    000002dc                                                 : HwiP_armv7r_handlers_nortos.obj (.text.hwi)
                  7005d166    00000002     --HOLE-- [fill = 0]
                  7005d168    0000017c                                                 : HwiP_armv7r_handlers_nortos_asm.obj (.text.hwi)
                  7005d2e4    00000070                                                 : HwiP_armv7r_asm.obj (.text.hwi)
                  7005d354    00000008                                                 : HwiP_armv7r_asm.obj (.tramp.HwiP_enableFIQ.1)
                  7005d35c    00000004     --HOLE-- [fill = 0]

.text.cache 
*          0    7005d360    00000430     
                  7005d360    00000340     nortos.am263px.r5f.ti-arm-clang.release.lib : CacheP_armv7r_asm.obj (.text.cache)
                  7005d6a0    000000d8                                                 : CacheP_armv7r.obj (.text.cache)
                  7005d778    00000008                                                 : CacheP_armv7r_asm.obj (.tramp.CacheP_invL1d.1)
                  7005d780    00000008                                                 : CacheP_armv7r_asm.obj (.tramp.CacheP_enableL1p.1)
                  7005d788    00000008                                                 : HwiP_armv7r_asm.obj (.tramp.HwiP_restore.2)

.text.mpu 
*          0    7005d790    00000290     
                  7005d790    00000202     nortos.am263px.r5f.ti-arm-clang.release.lib : MpuP_armv7r.obj (.text.mpu)
                  7005d992    00000002     --HOLE-- [fill = 0]
                  7005d994    00000078                                                 : MpuP_armv7r_asm.obj (.text.mpu)
                  7005da0c    00000008                                                 : HwiP_armv7r_asm.obj (.tramp.HwiP_restore.3)
                  7005da14    00000008                                                 : MpuP_armv7r_asm.obj (.tramp.MpuP_isEnableAsm.1)
                  7005da1c    00000004     --HOLE-- [fill = 0]

.text.boot 
*          0    7005da20    00000190     
                  7005da20    00000144     nortos.am263px.r5f.ti-arm-clang.release.lib : boot_armv7r_asm.obj (.text.boot)
                  7005db64    0000001e                                                 : DebugP_log.obj (.text.boot)
                  7005db82    0000001c                                                 : boot_armv7r.obj (.text.boot)
                  7005db9e    0000000e     ti_dpl_config.o (.text.boot)
                  7005dbac    00000004     --HOLE-- [fill = 0]

.text:abort 
*          0    7005dbb0    00000008     
                  7005dbb0    00000008     libc.a : exit.c.obj (.text:abort)

.data      0    7005dbb8    00000718     
                  7005dbb8    000000f0     libc.a : defs.c.obj (.data._ftable)
                  7005dca8    000000c8     ti_pinmux_config.o (.data.gPinMuxMainDomainCfg)
                  7005dd70    0000009c     drivers.am263px.r5f.ti-arm-clang.release.lib : mcspi_v0.obj (.data.gMcspiDrvObj)
                  7005de0c    0000009c                                                  : uart_v0.obj (.data.gUartDrvObj)
                  7005dea8    00000088     ti_drivers_config.o (.data.gEdmaAttrs)
                  7005df30    00000078     libsysbm.a : host_device.c.obj (.data._device)
                  7005dfa8    00000060     board.o (.data.intr_pins)
                  7005e008    00000058     ti_drivers_open_close.o (.data.gUartParams)
                  7005e060    00000050     libsysbm.a : host_device.c.obj (.data._stream)
                  7005e0b0    00000048     ti_drivers_config.o (.data.gMcspiAttrs)
                  7005e0f8    00000040     ti_drivers_open_close.o (.data.gSpi0ChCfg)
                  7005e138    00000040     ti_drivers_open_close.o (.data.gSpi1ChCfg)
                  7005e178    00000030     ti_power_clock_config.o (.data.gSocModulesClockFrequency)
                  7005e1a8    00000028     ti_drivers_open_close.o (.data.gMcspiOpenParams)
                  7005e1d0    0000001c     ADS_adc.o (.data.ext_adc0)
                  7005e1ec    0000001c     ADS_adc.o (.data.ext_adc1)
                  7005e208    00000018     ti_dpl_config.o (.data.gClockConfig)
                  7005e220    00000010     ti_drivers_config.o (.data.gMcspiConfig)
                  7005e230    00000010     ti_power_clock_config.o (.data.gSocModules)
                  7005e240    0000000c     nortos.am263px.r5f.ti-arm-clang.release.lib : AddrTranslateP_32bit.obj (.data.gAddrTranslateConfig)
                  7005e24c    00000008     libc.a : exit.c.obj (.data..L_MergedGlobals)
                  7005e254    00000008     ti_drivers_open_close.o (.data.gConfigMcspiChCfg)
                  7005e25c    00000008     ti_drivers_config.o (.data.gEdmaConfig)
                  7005e264    00000008     ti_drivers_open_close.o (.data.gEdmaParams)
                  7005e26c    00000008     ti_drivers_open_close.o (.data.gMcspiDmaChConfig)
                  7005e274    00000008     ti_drivers_config.o (.data.gMcspiNumCh)
                  7005e27c    00000008     ti_drivers_config.o (.data.gUartAttrs)
                  7005e284    00000008     ti_drivers_config.o (.data.gUartConfig)
                  7005e28c    00000004     libc.a : defs.c.obj (.data.__TI_ft_end)
                  7005e290    00000008     nortos.am263px.r5f.ti-arm-clang.release.lib : PmuP_armv7r.obj (.data.pmu)
                  7005e298    00000004     libc.a : aeabi_portable.c.obj (.data.__aeabi_errno)
                  7005e29c    00000004            : _lock.c.obj (.data._lock)
                  7005e2a0    00000004            : _lock.c.obj (.data._unlock)
                  7005e2a4    00000004     nortos.am263px.r5f.ti-arm-clang.release.lib : DebugP_log.obj (.data.gDebugLogZone)
                  7005e2a8    00000004                                                 : DebugP_uartLogWriter.obj (.data.gDebugP_uartDrvIndex)
                  7005e2ac    00000004     ti_drivers_config.o (.data.gEdmaConfigNum)
                  7005e2b0    00000004     ti_dpl_config.o (.data.gHwiConfig)
                  7005e2b4    00000004     ti_drivers_config.o (.data.gMcspiConfigNum)
                  7005e2b8    00000004     ti_drivers_config.o (.data.gUartConfigNum)
                  7005e2bc    00000004     ti_drivers_open_close.o (.data.gUartDmaChConfig)
                  7005e2c0    00000004     board.o (.data.test)
                  7005e2c4    00000002     logger.o (.data.last_printed_index)
                  7005e2c6    00000002     logger.o (.data.logs_length)
                  7005e2c8    00000001     drivers.am263px.r5f.ti-arm-clang.release.lib : soc.obj (.data.isMapAvailable)
                  7005e2c9    00000003     --HOLE-- [fill = 0]
                  7005e2cc    00000001     libc.a : memory.c.obj (.data.memory_is_initialized)
                  7005e2cd    00000003     --HOLE-- [fill = 0]

.irqstack 
*          0    7005e2d0    00000100     UNINITIALIZED
                  7005e2d0    00000100     --HOLE--

.fiqstack 
*          0    7005e3d0    00000100     UNINITIALIZED
                  7005e3d0    00000100     --HOLE--

.svcstack 
*          0    7005e4d0    00001000     UNINITIALIZED
                  7005e4d0    00001000     --HOLE--

.abortstack 
*          0    7005f4d0    00000100     UNINITIALIZED
                  7005f4d0    00000100     --HOLE--

.undefinedstack 
*          0    7005f5d0    00000100     UNINITIALIZED
                  7005f5d0    00000100     --HOLE--

.init_array 
*          0    70040000    00000000     UNINITIALIZED

.bss.log_shared_mem 
*          0    701d4000    00002000     NOLOAD SECTION
                  701d4000    00002000     ti_dpl_config.o (.bss.log_shared_mem)

MODULE SUMMARY

       Module                                code    ro data   rw data
       ------                                ----    -------   -------
    .\
       PDMtesting.o                          240     79        3202   
       testing.o                             856     1875      0      
       board.o                               838     544       292    
       logger.o                              456     427       4      
       ADS_adc.o                             302     23        56     
       int_adc.o                             318     0         0      
       main.o                                28      0         0      
    +--+-------------------------------------+-------+---------+---------+
       Total:                                3038    2948      3554   
                                                                      
    .\syscfg\
       ti_dpl_config.o                       118     116       8220   
       ti_drivers_config.o                   762     0         3276   
       ti_drivers_open_close.o               2304    812       300    
       ti_power_clock_config.o               180     0         64     
       ti_pinmux_config.o                    14      0         200    
       ti_board_config.o                     4       0         0      
       ti_board_open_close.o                 4       0         0      
    +--+-------------------------------------+-------+---------+---------+
       Total:                                3386    928       12060  
                                                                      
    C:/Users/carim/Desktop/mcu_plus_sdk_am263px_10_02_00_15__all/mcu_plus_sdk_am263px_10_02_00_15/source/drivers/lib/drivers.am263px.r5f.ti-arm-clang.release.lib
       edma.obj                              5042    430       0      
       mcspi_v0_lld.obj                      4570    116       0      
       uart_v0_lld.obj                       3632    32        0      
       soc_rcm.obj                           2454    443       0      
       uart_v0.obj                           2024    209       156    
       mcspi_v0.obj                          1592    299       156    
       mcspi_dma_edma.obj                    1960    0         0      
       uart_dma_edma.obj                     1340    0         0      
       soc.obj                               906     52        17     
       adc.obj                               154     134       0      
       gpio.obj                              162     0         0      
       pinmux.obj                            64      0         0      
    +--+-------------------------------------+-------+---------+---------+
       Total:                                23900   1715      329    
                                                                      
    C:/Users/carim/Desktop/mcu_plus_sdk_am263px_10_02_00_15__all/mcu_plus_sdk_am263px_10_02_00_15/source/kernel/nortos/lib/nortos.am263px.r5f.ti-arm-clang.release.lib
       printf.obj                            4052    98        0      
       HwiP_armv7r_vim.obj                   1026    0         2060   
       CacheP_armv7r_asm.obj                 848     0         0      
       ClockP_nortos.obj                     692     90        56     
       HwiP_armv7r_handlers_nortos.obj       732     0         0      
[...]
70045110  strtol                             
70045308  strtoul                            
700454f5  MCSPI_lld_controllerIsr            
700456dd  GPIO_init                          
700458bf  Board_init                         
700458c0  __aeabi_uidiv                      
700458c0  __udivsi3                          
70045a91  MCSPI_lld_dmaChInit                
70045df8  free                               
70045fa0  aligned_alloc                      
70045fa0  memalign                           
70046145  UART_lld_dmaInit                   
700462d9  MCSPI_transfer                     
70046469  EDMA_open                          
700465cd  EDMA_deinit                        
7004672d  ClockP_getTimerCount               
70046730  ldexp                              
70046730  ldexpl                             
70046730  scalbn                             
70046730  scalbnl                            
70046881  UART_lld_dmaDeInit                 
700469cf  MCSPI_lld_dmaDeInit                
70046b1b  DebugP_shmLogReaderTaskCreate      
70046b1c  setvbuf                            
70046c61  TimerP_setupPriv                   
70046da1  SOC_virtToPhy                      
70046edd  UART_close                         
70047015  MCSPI_lld_readWrite                
7004727b  MCSPI_lld_readWriteIntr            
70047397  UART_lld_controllerIsr             
700475c8  __udivmoddi4                       
700476e1  SOC_rcmGetPeripheralClockFrequency 
700477f5  UART_lld_write                     
70047903  init_gpio                          
70047b15  UART_read                          
70047d23  ClockP_init                        
70047e27  Dpl_deinit                         
70047e29  UART_lld_dmaWrite                  
70047f2d  MCSPI_close                        
7004802d  UART_write                         
70048129  MCSPI_lld_initDma                  
7004821d  PDM_testing                        
7004830c  fputc                              
700483fd  read_int_ADC                       
700485cd  MCSPI_lld_readWriteDma             
700486b3  GPIO_bankIsrFxn                    
7004885d  print_log                          
7004892f  SemaphoreP_destruct                
70048931  EDMA_unregisterIntr                
70048a01  GPIO_deinit                        
70048ad1  UART_lld_initDma                   
70048b9c  getdevice                          
70048c65  MCSPI_lld_init                     
70048d29  UART_lld_init                      
70048de9  EDMA_registerIntr                  
70048ea4  fseeko                             
70048f58  __TI_closefile                     
70049211  DebugP_readLine                    
7004935f  UART_lld_read                      
700494ab  init_global_interrupts             
700495f5  EDMA_freeDmaChannel                
70049695  EDMA_freeParam                     
70049735  EDMA_freeTcc                       
700497d4  HOSTrename                         
70049875  UART_lld_dmaRead                   
70049915  UART_lld_readIntr                  
700499b0  __TI_wrt_ok                        
70049a4c  HOSTlseek                          
70049ae5  SemaphoreP_pend                    
70049b7b  EDMA_configureChannelRegion        
70049c0f  TaskP_yield                        
70049c10  HOSTopen                           
70049ca5  UART_lld_readWithCounter           
70049dc9  SPI_ReadWrite                      
70049ee5  Drivers_open                       
70049f71  MCSPI_lld_peripheralIsr            
70049ffc  close                              
7004a089  ADC_setPPBTripLimits               
7004a111  UART_init                          
7004a199  UART_procLineStatusErr             
7004a220  __TI_doflush                       
7004a2a8  HOSTread                           
7004a32c  HOSTwrite                          
7004a435  EDMA_close                         
7004a4b5  UART_flushTxFifo                   
7004a535  Drivers_mcspiOpen                  
7004a6af  MCSPI_initiateLastChunkTransfer    
7004a729  MCSPI_init                         
7004a889  MCSPI_stop                         
7004a8fb  MCSPI_lld_dmaStop                  
7004a96b  EDMA_disableTransferRegion         
7004a9d9  EDMA_enableTransferRegion          
7004aa48  HOSTunlink                         
7004aab5  UART_lld_writeDma                  
7004ab21  UART_lld_readDma                   
7004ab89  UART_lld_writeIntr                 
7004abf0  atoi                               
7004ac59  digitalWrite                       
7004acc1  CycleCounterP_init                 
7004acd1  CycleCounterP_reset                
7004acf5  CycleCounterP_nsToTicks            
7004ad21  CycleCounterP_enableUserAccess     
7004ad29  SOC_controlModuleUnlockMMR         
7004ad8d  add_log                            
7004adf0  HOSTclose                          
7004ae51  ClockP_timerTickIsr                
7004aeaf  MCSPI_setChDataSize                
7004af0d  GPIO_setTrigType                   
7004afc5  SOC_controlModuleLockMMR           
7004b021  _DebugP_assert                     
7004b0d4  __TI_cleanup                       
7004b12c  __TI_readmsg                       
7004b184  __TI_writemsg                      
7004b1d0  C$$IO$$                            
7004b1dd  init_interrupt                     
7004b235  print_pending_logs                 
7004b28d  ClockP_getTimeUsec                 
7004b2e3  UART_intrDisable                   
7004b339  UART_readCancelNoCB                
7004b38f  UART_writeCancelNoCB               
7004b3e5  Dpl_init                           
7004b438  exit                               
7004b48c  finddevice                         
7004b4e0  __TI_auto_init_nobinit_nopinit     
7004b535  AddrTranslateP_getLocalAddr        
7004b587  MCSPI_lld_deInitDma                
7004b5d9  ClockP_construct                   
7004b629  EDMA_allocDmaChannel               
7004b679  EDMA_allocParam                    
7004b6c9  EDMA_allocTcc                      
7004b767  Drivers_edmaOpen                   
7004b7b5  Drivers_uartOpen                   
7004b803  EDMA_disableChInShadowRegRegion    
7004b851  MCSPI_transferCallback             
7004b8e9  SOC_enableAdcReferenceMonitor      
7004b935  SOC_enableAdcGlobalForce           
7004b97d  SOC_enableAdcInternalReference     
7004ba0c  unlink                             
7004ba9d  SOC_getAdcReferenceStatus          
7004bae1  UART_Params_init                   
7004bb25  UART_lld_deInitDma                 
7004bb69  ClockP_stop                        
7004bba9  EDMA_mapChToEvtQ                   
7004bbe9  Pinmux_config                      
7004bc29  SemaphoreP_constructBinary         
7004bc69  UART_lld_deInit                    
7004bce9  SemaphoreP_constructMutex          
7004bd29  EDMA_getBaseAddr                   
7004bda1  ClockP_destruct                    
7004bddb  DebugP_uartLogWriterPutChar        
7004be15  Module_clockSetFrequency           
7004be4f  UART_lld_flushTxFifo               
7004bec1  _DebugP_logZone                    
7004bef8  CycleCounterP_getCount32           
7004bf00  PmuP_setup                         
7004bf08  PmuP_enableCounters                
7004bf10  PmuP_disableCounters               
7004bf18  PmuP_getOverflowStatus             
7004bf20  PmuP_clearOverflowStatus           
7004bf28  PmuP_setUserEnable                 
7004bf31  EDMA_clrMissEvtRegion              
7004bf67  ClockP_start                       
7004bf9b  MCSPI_errorCallback                
7004bfcf  Module_clockDisable                
7004c003  Module_clockEnable                 
7004c039  SOC_enableAdcDacLoopback           
7004c0d4  lseek                              
7004c108  write                              
7004c13d  ClockP_usleep                      
7004c16f  EDMA_unmapChToEvtQ                 
7004c1a1  SemaphoreP_post                    
7004c1d3  DebugP_scanf                       
7004c235  adc_to_current_LM74930             
7004c265  EDMA_enableChInShadowRegRegion     
7004c2c1  DebugP_shmLogReaderInit            
7004c2ed  SOC_rcmGetR5Clock                  
7004c319  UART_getHandle                     
7004c345  adc_to_current_HSS_MB              
7004c371  adc_to_current_TPS                 
7004c39c  vsscanf                            
7004c3c9  System_init                        
7004c41b  GPIO_setDirMode                    
7004c46d  SOC_moduleSetClockFrequency        
7004c495  read_ext_ADC                       
7004c4bd  ClockP_sleep                       
7004c4e3  EDMA_setPaRAM                      
7004c509  UART_lld_dmaDisableChannel         
7004c5c0  __aeabi_uldivmod                   
7004c5e5  int_adc_to_voltage                 
7004c609  vprintf_                           
7004c62d  EDMA_linkChannel                   
7004c671  print_logs                         
7004c693  DebugP_logZoneEnable               
7004c6d3  TimerP_Params_initPriv             
7004c6f3  UART_getChar                       
7004c715  ext_adc_to_voltage                 
7004c735  System_deinit                      
7004c753  UART_spaceAvail                    
7004c7c7  MCSPI_lld_deInit                   
7004c7e5  SOC_rcmIsR5FInLockStepMode         
7004c81d  main                               
7004c870  TI_memcpy_small                    
7004c88d  CSL_armR5GetCpuID                  
7004c8a7  EDMA_readEventStatusRegion         
7004c8db  MCSPI_lld_dmaInit                  
7004c8f3  TimerP_getCountPriv                
7004c90d  UART_deinit                        
7004c925  clear_logs                         
7004c93c  TI_memset_small                    
7004c955  MCSPI_reset                        
7004c96b  UART_IsTxRxFifoEmpty               
7004c981  UART_getIntrIdentityStatus         
7004c9ad  ClockP_usecToTicks                 
7004c9c1  EDMA_getRegionId                   
7004c9d5  UART_Transaction_init              
7004c9fd  ADC_setMode                        
7004ca21  UART_operatingModeSelect           
7004ca33  UART_readLineStatus                
7004ca45  putchar_                           
7004ca57  GPIO_bankIntrDisable               
7004ca67  UART_intr2Disable                  
7004ca78  __aeabi_memset                     
7004ca78  __aeabi_memset4                    
7004ca78  __aeabi_memset8                    
7004ca98  putchar                            
7004caa9  EDMA_ccPaRAMEntry_init             
7004cab7  GPIO_bankIntrEnable                
7004cac5  Pinmux_init                        
7004cad3  PowerClock_init                    
7004cae1  ClockP_getTicks                    
7004caed  DebugP_uartSetDrvIndex             
7004caf9  EDMA_isInitialized                 
7004cb05  SOC_getSelfCpuClk                  
7004cb10  __aeabi_errno_addr                 
7004cb1c  __aeabi_memclr                     
7004cb1c  __aeabi_memclr4                    
7004cb1c  __aeabi_memclr8                    
7004cb28  malloc                             
7004cb34  CSL_armR5ReadMpidrReg              
7004cb4d  ClockP_Params_init                 
7004cb57  ClockP_isActive                    
7004cb61  TimerP_getReloadCountPriv          
7004cb6b  TimerP_startPriv                   
7004cb75  UART_lld_Transaction_deInit        
7004cb80  C$$EXIT                            
7004cb80  HOSTexit                           
7004cb89  TimerP_clearOverflowIntPriv        
7004cb99  EDMA_isInterruptEnabled            
7004cb9f  SOC_moduleClockEnable              
7004cbab  ClockP_timerClearOverflowInt       
7004cbaf  PowerClock_deinit                  
7004cbb3  TimerP_Params_init                 
7004cbb7  TimerP_clearOverflowInt            
7004cbbb  TimerP_getCount                    
7004cbbf  TimerP_getReloadCount              
7004cbc3  TimerP_setup                       
7004cbc7  TimerP_start                       
7004cbcc  __aeabi_idiv0                      
7004cbd0  __aeabi_ldiv0                      
7004cbd4  __aeabi_memcpy                     
7004cbd4  __aeabi_memcpy4                    
7004cbd4  __aeabi_memcpy8                    
7004cbd8  _nop                               
7004cbdc  fseek                              
7004cbe0  remove                             
7004cc20  test_results                       
7004d0d0  __aeabi_ctype_table_               
7004d0d0  __aeabi_ctype_table_C              
7004d1d1  test_cases                         
7004d364  gCacheConfig                       
7004d36c  gMpuConfig                         
7004d378  gMpuRegionConfig                   
7004d480  gADPLLJConfigTbl                   
7004e07c  gPeripheralClkSrcInfoMap           
7004e6a4  gCacheL1dCacheLineSize             
7004e6a8  gCacheL1pCacheLineSize             
7004e6c0  __BSS_START                        
7004e6c0  logs                               
7004f340  gHwiCtrl                           
70050620  _CIOBUF_                           
70050620  __CIOBUF_                          
70050828  intr_objects                       
700508e8  __TI_tmpnams                       
70050988  gDebugShmLogReaderCtrl             
70050a18  gClockCtrl                         
70050a50  virtToPhymap                       
70050a60  parmbuf                            
70050a68  gMcspiHandle                       
70050a78  gEdmaHandle                        
70050a7c  gUartHandle                        
70050a88  __BSS_END                          
70050a88  _sys_memory                        
70058a88  __stack                            
7005ca88  __STACK_END                        
7005ca89  HwiP_enableInt                     
7005cab1  HwiP_disableInt                    
7005cae3  HwiP_restoreInt                    
7005cb39  HwiP_clearInt                      
7005cb59  HwiP_post                          
7005cb81  HwiP_Params_init                   
7005cb93  HwiP_construct                     
7005ccdb  HwiP_destruct                      
7005cdad  HwiP_init                          
7005ce6f  HwiP_inISR                         
7005ce8b  HwiP_irq_handler_c                 
7005cf0f  HwiP_fiq_handler                   
7005cfbf  HwiP_reserved_handler              
7005cfed  HwiP_undefined_handler_c           
7005d00b  HwiP_user_undefined_handler_c      
7005d01f  HwiP_svc_handler                   
7005d04d  HwiP_prefetch_abort_handler_c      
7005d0c7  HwiP_user_prefetch_abort_handler_c 
7005d0d7  HwiP_data_abort_handler_c          
7005d157  HwiP_user_data_abort_handler_c     
7005d168  HwiP_irq_handler                   
7005d1dc  HwiP_data_abort_handler            
7005d220  HwiP_prefetch_abort_handler        
7005d26c  HwiP_undefined_handler             
7005d29c  GET_DFSR                           
7005d2a4  GET_ADFSR                          
7005d2ac  GET_DFAR                           
7005d2b4  GET_IFSR                           
7005d2bc  GET_AIFSR                          
7005d2c4  GET_IFAR                           
7005d2cc  GET_SPSR                           
7005d2e4  HwiP_disable                       
7005d2f4  HwiP_disableFIQ                    
7005d304  HwiP_enable                        
7005d314  HwiP_enableFIQ                     
7005d324  HwiP_restore                       
7005d32c  HwiP_enableVIC                     
7005d33c  HwiP_disableVIC                    
7005d34c  HwiP_getCPSR                       
7005d360  CacheP_disableL1d                  
7005d388  CacheP_disableL1p                  
7005d3a0  CacheP_enableL1d                   
7005d3b8  CacheP_enableL1p                   
7005d3d0  CacheP_invL1d                      
7005d408  CacheP_invL1p                      
7005d444  CacheP_invL1dAll                   
7005d44c  CacheP_invL1pAll                   
7005d454  CacheP_wb                          
7005d490  CacheP_wbInv                       
7005d4cc  CacheP_wbAll                       
7005d574  CacheP_wbInvAll                    
7005d58c  CacheP_wbInvAllAsm                 
7005d62c  CacheP_getEnabled                  
7005d664  CacheP_getCacheLevelInfo           
7005d670  CacheP_configForceWrThru           
7005d690  CacheP_setDLFO                     
7005d6a1  CacheP_init                        
7005d6f9  CacheP_disable                     
7005d733  CacheP_enable                      
7005d753  CacheP_inv                         
7005d791  MpuP_getAttrs                      
7005d7d1  MpuP_RegionAttrs_init              
7005d7df  MpuP_setRegion                     
7005d859  MpuP_isEnable                      
7005d85d  MpuP_disable                       
7005d88f  MpuP_enable                        
7005d8cb  MpuP_init                          
7005d92d  MpuP_isUserAuthorizedToAccessMemory
7005d994  MpuP_disableAsm                    
7005d9ac  MpuP_disableBRAsm                  
7005d9bc  MpuP_enableAsm                     
7005d9d4  MpuP_enableBRAsm                   
7005d9e4  MpuP_isEnableAsm                   
7005d9f8  MpuP_setRegionAsm                  
7005da20  _c_int00_sbl                       
7005da44  _c_int00                           
7005db65  _DebugP_assertNoLog                
7005db83  _system_pre_init                   
7005db9f  __mpu_init                         
7005dbb0  abort                              
7005dbb8  _ftable                            
7005dbb8  gMcspiDmaHandle                    
7005dbb8  gUartDmaHandle                     
7005df30  _device                            
7005dfa8  intr_pins                          
7005e008  gUartParams                        
7005e060  _stream                            
7005e0f8  gSpi0ChCfg                         
7005e138  gSpi1ChCfg                         
7005e178  gSocModulesClockFrequency          
7005e1a8  gMcspiOpenParams                   
7005e1d0  ext_adc0                           
7005e1ec  ext_adc1                           
7005e208  gClockConfig                       
7005e220  gMcspiConfig                       
7005e230  gSocModules                        
7005e240  gAddrTranslateConfig               
7005e24c  __TI_cleanup_ptr                   
7005e250  __TI_dtors_ptr                     
7005e254  gConfigMcspiChCfg                  
7005e25c  gEdmaConfig                        
7005e264  gEdmaParams                        
7005e26c  gMcspiDmaChConfig                  
7005e274  gMcspiNumCh                        
7005e284  gUartConfig                        
7005e28c  __TI_ft_end                        
7005e298  __aeabi_errno                      
7005e29c  _lock                              
7005e2a0  _unlock                            
7005e2a4  gDebugLogZone                      
7005e2a8  gDebugP_uartDrvIndex               
7005e2ac  gEdmaConfigNum                     
7005e2b0  gHwiConfig                         
7005e2b4  gMcspiConfigNum                    
7005e2b8  gUartConfigNum                     
7005e2bc  gUartDmaChConfig                   
7005e2c0  test                               
7005e2c6  logs_length                        
7005e2c8  isMapAvailable                     
7005e2d0  __IRQ_STACK_START                  
7005e3d0  __FIQ_STACK_START                  
7005e3d0  __IRQ_STACK_END                    
7005e4d0  __FIQ_STACK_END                    
7005e4d0  __SVC_STACK_START                  
7005f4d0  __ABORT_STACK_START                
7005f4d0  __SVC_STACK_END                    
7005f5d0  __ABORT_STACK_END                  
7005f5d0  __UNDEFINED_STACK_START            
7005f6d0  __UNDEFINED_STACK_END              
701d4000  gDebugShmLog                       
ffffffff  __TI_pprof_out_hndl                
ffffffff  __TI_prof_data_size                
ffffffff  __TI_prof_data_start               
ffffffff  __binit__                          
ffffffff  binit                              
UNDEFED   __TI_CINIT_Base                    
UNDEFED   __TI_CINIT_Limit                   
UNDEFED   __TI_Handler_Table_Base            
UNDEFED   __TI_Handler_Table_Limit           
UNDEFED   _system_post_cinit                 

[470 symbols]
