******************************************************************************
            TI ARM Clang Linker PC v4.0.2                      
******************************************************************************
>> Linked Mon Jun 30 16:43:28 2025

OUTPUT FILE NAME:   <second_stage_PDM_testing.out>
ENTRY POINT SYMBOL: "_vectors"  address: 00000000


MEMORY CONFIGURATION

         name            origin    length      used     unused   attr    fill
----------------------  --------  ---------  --------  --------  ----  --------
  R5F_VECS              00000000   00000040  00000040  00000000  RWIX
  R5F_TCMA              00000040   00007fc0  00000000  00007fc0  RWIX
  R5F_TCMB              00080000   00008000  00000000  00008000  RWIX
  MAILBOX_HSM           44000000   000003ce  00000000  000003ce  RWIX
  MAILBOX_R5F           44000400   000003ce  00000000  000003ce  RWIX
  FLASH                 60100000   00080000  00000000  00080000  RWIX
  SBL                   70000000   00040000  00000000  00040000  RWIX
  OCRAM                 70040000   00040000  000226c0  0001d940  RWIX
  USER_SHM_MEM          701d0000   00004000  00000000  00004000  RWIX
  LOG_SHM_MEM           701d4000   00004000  00002000  00002000  RWIX
  RTOS_NORTOS_IPC_SHM_M 72000000   00003e80  00000000  00003e80  RWIX


SEGMENT ALLOCATION MAP

run origin  load origin   length   init length attrs members
----------  ----------- ---------- ----------- ----- -------
00000000    00000000    00000040   00000040    r-x
  00000000    00000000    00000040   00000040    r-x .vectors
70040000    70040000    00011070   00011070    r-x
  70040000    70040000    0000e9a0   0000e9a0    r-x .text
  7004e9a0    7004e9a0    000026d0   000026d0    r-- .rodata
70051070    70051070    0000e8c0   00000000    rw-
  70051070    70051070    000028c0   00000000    rw- .bss
  70053930    70053930    00008000   00000000    rw- .sysmem
  7005b930    7005b930    00004000   00000000    rw- .stack
7005f930    7005f930    00001130   00001130    r-x
  7005f930    7005f930    000008d8   000008d8    r-x .text.hwi
  70060208    70060208    00000430   00000430    r-x .text.cache
  70060638    70060638    00000290   00000290    r-x .text.mpu
  700608c8    700608c8    00000190   00000190    r-x .text.boot
  70060a58    70060a58    00000008   00000008    r-x .text:abort
70060a60    70060a60    00001c60   00000860    rw-
  70060a60    70060a60    00000860   00000860    rw- .data
  700612c0    700612c0    00000100   00000000    rw- .irqstack
  700613c0    700613c0    00000100   00000000    rw- .fiqstack
  700614c0    700614c0    00001000   00000000    rw- .svcstack
  700624c0    700624c0    00000100   00000000    rw- .abortstack
  700625c0    700625c0    00000100   00000000    rw- .undefinedstack


SECTION ALLOCATION MAP

 output                                  attributes/
section   page    origin      length       input sections
--------  ----  ----------  ----------   ----------------
.vectors   0    00000000    00000040     
                  00000000    00000040     nortos.am263px.r5f.ti-arm-clang.release.lib : HwiP_armv7r_vectors_nortos_asm.obj (.vectors)

.text      0    70040000    0000e9a0     
                  70040000    00001328     libc.a : _scanfi.c.obj (.text.__TI_scanfi)
                  70041328    00000756     ti_drivers_open_close.o (.text.Drivers_adcOpen)
                  70041a7e    00000002     ti_board_config.o (.text.Board_deinit)
                  70041a80    00000580     nortos.am263px.r5f.ti-arm-clang.release.lib : printf.obj (.text._vsnprintf)
                  70042000    000004d4     libc.a : strtod.c.obj (.text.strtod)
                  700424d4    000004cc     drivers.am263px.r5f.ti-arm-clang.release.lib : soc_rcm.obj (.text.SOC_rcmEnablePeripheralClock)
                  700429a0    00000444                                                  : i2c_v1_lld.obj (.text.I2C_lld_primeTransferPoll)
                  70042de4    00000004     nortos.am263px.r5f.ti-arm-clang.release.lib : ClockP_nortos_r5.obj (.text.ClockP_getTimerCount)
                  70042de8    00000400                                                 : printf.obj (.text._ftoa)
                  700431e8    000003b8     testing.o (.text.conduct_test)
                  700435a0    00000390     libc.a : strcmp32.S.obj (.text:strcmp)
                  70043930    00000310     nortos.am263px.r5f.ti-arm-clang.release.lib : printf.obj (.text._etoa)
                  70043c40    000002a8     drivers.am263px.r5f.ti-arm-clang.release.lib : uart_v0.obj (.text.UART_open)
                  70043ee8    00000298                                                  : mcspi_v0.obj (.text.MCSPI_open)
                  70044180    0000027c                                                  : edma.obj (.text.EDMA_init)
                  700443fc    0000027c     libc.a : strtoll.c.obj (.text.strtoll)
                  70044678    00000250     drivers.am263px.r5f.ti-arm-clang.release.lib : soc_rcm.obj (.text.SOC_rcmSetPeripheralClock)
                  700448c8    00000248     libc.a : strtoull.c.obj (.text.strtoull)
                  70044b10    0000023c     drivers.am263px.r5f.ti-arm-clang.release.lib : uart_v0_lld.obj (.text.UART_configInstance)
                  70044d4c    00000230                                                  : mcspi_dma_edma.obj (.text.MCSPI_lld_dmaTransfer)
                  70044f7c    00000210                                                  : i2c_v1.obj (.text.I2C_open)
                  7004518c    0000020c                                                  : edma.obj (.text.EDMA_errorIsrFxn)
                  70045398    0000020c                                                  : mcspi_v0_lld.obj (.text.MCSPI_transferControllerPoll)
                  700455a4    00000208     ti_drivers_config.o (.text.GPIO_init)
                  700457ac    00000204     drivers.am263px.r5f.ti-arm-clang.release.lib : edma.obj (.text.EDMA_freeChannelRegion)
                  700459b0    000001f8     libc.a : strtol.c.obj (.text.strtol)
                  70045ba8    000001ec            : strtoul.c.obj (.text.strtoul)
                  70045d94    000001e8     drivers.am263px.r5f.ti-arm-clang.release.lib : mcspi_v0_lld.obj (.text.MCSPI_lld_controllerIsr)
                  70045f7c    000001d0     libclang_rt.builtins.a : udivsi3.S.obj (.text.__udivsi3)
                  7004614c    000001c0     drivers.am263px.r5f.ti-arm-clang.release.lib : mcspi_dma_edma.obj (.text.MCSPI_lld_dmaChInit)
                  7004630c    000001b4                                                  : i2c_v1_lld.obj (.text.I2C_lld_targetIsr)
                  700464c0    000001ae                                                  : i2c_v1_lld.obj (.text.I2C_lld_controllerIsr)
                  7004666e    00000002     ti_board_config.o (.text.Board_init)
                  70046670    000001a8     drivers.am263px.r5f.ti-arm-clang.release.lib : mcspi_v0_lld.obj (.text.MCSPI_lld_chConfig)
                  70046818    000001a8     libc.a : memory.c.obj (.text.free)
                  700469c0    000001a4            : memory.c.obj (.text.aligned_alloc)
                  70046b64    00000194     drivers.am263px.r5f.ti-arm-clang.release.lib : uart_dma_edma.obj (.text.UART_lld_dmaInit)
                  70046cf8    00000190                                                  : mcspi_v0.obj (.text.MCSPI_transfer)
                  70046e88    00000188     BQ25751.o (.text.BQ25751_manual_register_write)
                  70047010    00000188     drivers.am263px.r5f.ti-arm-clang.release.lib : i2c_v1.obj (.text.I2C_transfer)
                  70047198    00000164                                                  : edma.obj (.text.EDMA_open)
                  700472fc    00000160                                                  : edma.obj (.text.EDMA_deinit)
                  7004745c    00000004     nortos.am263px.r5f.ti-arm-clang.release.lib : ClockP_nortos_r5.obj (.text.ClockP_timerClearOverflowInt)
                  70047460    00000150     libc.a : s_scalbn.c.obj (.text.scalbn)
                  700475b0    0000014e     drivers.am263px.r5f.ti-arm-clang.release.lib : uart_dma_edma.obj (.text.UART_lld_dmaDeInit)
                  700476fe    0000014c                                                  : mcspi_dma_edma.obj (.text.MCSPI_lld_dmaDeInit)
                  7004784a    00000002     nortos.am263px.r5f.ti-arm-clang.release.lib : DebugP_nortos.obj (.text.DebugP_shmLogReaderTaskCreate)
                  7004784c    00000144     libc.a : setvbuf.c.obj (.text.setvbuf)
                  70047990    00000140     PDMtesting.o (.text.PDM_testing)
                  70047ad0    00000140     nortos.am263px.r5f.ti-arm-clang.release.lib : TimerP_rti_priv.obj (.text.TimerP_setupPriv)
                  70047c10    0000013c     drivers.am263px.r5f.ti-arm-clang.release.lib : soc.obj (.text.SOC_virtToPhy)
                  70047d4c    00000138                                                  : uart_v0.obj (.text.UART_close)
                  70047e84    00000134                                                  : mcspi_v0_lld.obj (.text.MCSPI_lld_readWrite)
                  70047fb8    00000132     BQ25751.o (.text.BQ25751_manual_register_read)
                  700480ea    00000132     nortos.am263px.r5f.ti-arm-clang.release.lib : printf.obj (.text._ntoa_format)
                  7004821c    00000126     int_adc.o (.text.read_int_ADC)
                  70048342    0000011c     drivers.am263px.r5f.ti-arm-clang.release.lib : mcspi_v0_lld.obj (.text.MCSPI_lld_readWriteIntr)
                  7004845e    0000011a                                                  : uart_v0_lld.obj (.text.UART_lld_controllerIsr)
                  70048578    00000118                                                  : edma.obj (.text.Alloc_resource)
                  70048690    00000118     libclang_rt.builtins.a : udivmoddi4.S.obj (.text)
                  700487a8    00000114     drivers.am263px.r5f.ti-arm-clang.release.lib : soc_rcm.obj (.text.SOC_rcmGetPeripheralClockFrequency)
                  700488bc    0000010e                                                  : uart_v0_lld.obj (.text.UART_lld_write)
                  700489ca    0000010a     board.o (.text.init_gpio)
                  70048ad4    00000108     drivers.am263px.r5f.ti-arm-clang.release.lib : edma.obj (.text.EDMA_transferCompletionMasterIsrFxn)
                  70048bdc    00000108                                                  : uart_v0.obj (.text.UART_read)
                  70048ce4    00000106                                                  : mcspi_v0_lld.obj (.text.MCSPI_continuePeripheralTxRx)
                  70048dea    00000104     nortos.am263px.r5f.ti-arm-clang.release.lib : ClockP_nortos_r5.obj (.text.ClockP_init)
                  70048eee    00000002     ti_dpl_config.o (.text.Dpl_deinit)
                  70048ef0    00000104     drivers.am263px.r5f.ti-arm-clang.release.lib : uart_dma_edma.obj (.text.UART_lld_dmaWrite)
                  70048ff4    00000100     board.o (.text.GPIO_bankIsrFxn)
                  700490f4    00000100     drivers.am263px.r5f.ti-arm-clang.release.lib : mcspi_v0.obj (.text.MCSPI_close)
                  700491f4    000000fc                                                  : uart_v0.obj (.text.UART_write)
                  700492f0    000000f4                                                  : mcspi_v0_lld.obj (.text.MCSPI_lld_initDma)
                  700493e4    000000f2     ti_drivers_config.o (.text.GPIO_deinit)
                  700494d6    00000002     nortos.am263px.r5f.ti-arm-clang.release.lib : SemaphoreP_nortos.obj (.text.SemaphoreP_destruct)
                  700494d8    000000f0     libc.a : fputc.c.obj (.text.fputc)
                  700495c8    000000e6     drivers.am263px.r5f.ti-arm-clang.release.lib : mcspi_dma_edma.obj (.text.MCSPI_edmaIsrTx)
                  700496ae    000000e6                                                  : mcspi_v0_lld.obj (.text.MCSPI_lld_readWriteDma)
                  70049794    000000d4     libc.a : sscanf.c.obj (.text._chkmbc)
                  70049868    000000d2     logger.o (.text.print_log)
                  7004993a    00000002     nortos.am263px.r5f.ti-arm-clang.release.lib : TaskP_nortos.obj (.text.TaskP_yield)
                  7004993c    000000d0     drivers.am263px.r5f.ti-arm-clang.release.lib : edma.obj (.text.EDMA_unregisterIntr)
                  70049a0c    000000cc                                                  : uart_v0_lld.obj (.text.UART_lld_initDma)
                  70049ad8    000000c8     libc.a : getdevice.c.obj (.text.getdevice)
                  70049ba0    000000c4     drivers.am263px.r5f.ti-arm-clang.release.lib : i2c_v1_lld.obj (.text.I2C_lld_mem_write)
                  70049c64    000000c4                                                  : i2c_v1_lld.obj (.text.I2C_lld_primeTransferIntr)
                  70049d28    000000c4                                                  : mcspi_v0_lld.obj (.text.MCSPI_lld_init)
                  70049dec    000000c0     BQ25751.o (.text.BQ25751_read_reg)
                  70049eac    000000c0     drivers.am263px.r5f.ti-arm-clang.release.lib : i2c_v1_lld.obj (.text.I2C_lld_mem_read)
                  70049f6c    000000c0                                                  : uart_v0_lld.obj (.text.UART_lld_init)
                  7004a02c    000000c0     board.o (.text.init_global_interrupts)
                  7004a0ec    000000be     ioexp_tca6424.o (.text.TCA6424_config)
                  7004a1aa    000000be     ioexp_tca6424.o (.text.TCA6424_setOutput)
                  7004a268    000000bc     drivers.am263px.r5f.ti-arm-clang.release.lib : edma.obj (.text.EDMA_registerIntr)
                  7004a324    000000b4     libc.a : fseek.c.obj (.text.fseeko)
                  7004a3d8    000000b0            : fclose.c.obj (.text.__TI_closefile)
                  7004a488    000000b0     nortos.am263px.r5f.ti-arm-clang.release.lib : printf.obj (.text._ntoa_long_long)
                  7004a538    000000ac     drivers.am263px.r5f.ti-arm-clang.release.lib : soc_rcm.obj (.text.SOC_rcmGetCoreHSDivOut)
                  7004a5e4    000000ac                                                  : uart_v0_lld.obj (.text.UART_divisorLatchWrite)
                  7004a690    000000a8     nortos.am263px.r5f.ti-arm-clang.release.lib : DebugP_uartScanf.obj (.text.DebugP_readLine)
                  7004a738    000000a6     BQ25751.o (.text.BQ25751_run_test_mode)
                  7004a7de    000000a6     drivers.am263px.r5f.ti-arm-clang.release.lib : mcspi_dma_edma.obj (.text.MCSPI_edmaIsrRx)
                  7004a884    000000a6                                                  : uart_v0_lld.obj (.text.UART_lld_read)
                  7004a92a    000000a6     nortos.am263px.r5f.ti-arm-clang.release.lib : printf.obj (.text._out_rev)
                  7004a9d0    000000a4     drivers.am263px.r5f.ti-arm-clang.release.lib : i2c_v1.obj (.text.I2C_close)
                  7004aa74    000000a4                                                  : i2c_v1_lld.obj (.text.I2C_lld_mem_readIntr)
                  7004ab18    000000a4                                                  : i2c_v1_lld.obj (.text.I2C_lld_mem_writeIntr)
                  7004abbc    000000a4     libc.a : memory.c.obj (.text.split)
                  7004ac60    000000a0     drivers.am263px.r5f.ti-arm-clang.release.lib : edma.obj (.text.EDMA_freeDmaChannel)
                  7004ad00    000000a0                                                  : edma.obj (.text.EDMA_freeParam)
                  7004ada0    000000a0                                                  : edma.obj (.text.EDMA_freeTcc)
                  7004ae40    000000a0     libsysbm.a : hostrename.c.obj (.text.HOSTrename)
                  7004aee0    000000a0     drivers.am263px.r5f.ti-arm-clang.release.lib : uart_dma_edma.obj (.text.UART_lld_dmaRead)
                  7004af80    0000009c                                                  : uart_v0_lld.obj (.text.UART_lld_readIntr)
                  7004b01c    0000009c     libc.a : _io_perm.c.obj (.text.__TI_wrt_ok)
                  7004b0b8    0000009a     ti_board_open_close.o (.text.Board_ioexpOpen)
                  7004b152    00000002     drivers.am263px.r5f.ti-arm-clang.release.lib : uart_dma_edma.obj (.text.UART_edmaDoNothing)
                  7004b154    00000098     libsysbm.a : hostlseek.c.obj (.text.HOSTlseek)
                  7004b1ec    00000098     drivers.am263px.r5f.ti-arm-clang.release.lib : i2c_v1.obj (.text.I2C_primeTransfer)
                  7004b284    00000096     BQ25751.o (.text.BQ25751_write_reg)
                  7004b31a    00000096     nortos.am263px.r5f.ti-arm-clang.release.lib : SemaphoreP_nortos.obj (.text.SemaphoreP_pend)
                  7004b3b0    00000094     drivers.am263px.r5f.ti-arm-clang.release.lib : edma.obj (.text.EDMA_configureChannelRegion)
                  7004b444    00000094     libsysbm.a : hostopen.c.obj (.text.HOSTopen)
                  7004b4d8    00000094     drivers.am263px.r5f.ti-arm-clang.release.lib : i2c_v1_lld.obj (.text.I2C_lld_init)
                  7004b56c    00000094     ADS_adc.o (.text.SPI_ReadWrite)
                  7004b600    00000094     drivers.am263px.r5f.ti-arm-clang.release.lib : uart_v0_lld.obj (.text.UART_lld_readWithCounter)
                  7004b694    00000090     ti_drivers_open_close.o (.text.Drivers_open)
                  7004b724    00000090     drivers.am263px.r5f.ti-arm-clang.release.lib : mcspi_v0_lld.obj (.text.MCSPI_setFifoConfig)
                  7004b7b4    0000008e     nortos.am263px.r5f.ti-arm-clang.release.lib : printf.obj (.text._ntoa_long)
                  7004b842    0000008c     drivers.am263px.r5f.ti-arm-clang.release.lib : mcspi_v0_lld.obj (.text.MCSPI_lld_peripheralIsr)
                  7004b8ce    00000002                                                  : uart_v0.obj (.text.UART_lld_errorCallback)
                  7004b8d0    0000008c     libsysbm.a : close.c.obj (.text.close)
                  7004b95c    0000008c     BQ25751.o (.text.i2c_read_error_handler)
                  7004b9e8    00000088     drivers.am263px.r5f.ti-arm-clang.release.lib : adc.obj (.text.ADC_setPPBTripLimits)
                  7004ba70    00000088                                                  : uart_v0.obj (.text.UART_init)
                  7004baf8    00000088                                                  : uart_v0_lld.obj (.text.UART_procLineStatusErr)
                  7004bb80    00000088     libc.a : fflush.c.obj (.text.__TI_doflush)
                  7004bc08    00000084     libsysbm.a : hostread.c.obj (.text.HOSTread)
                  7004bc8c    00000084                : hostwrite.c.obj (.text.HOSTwrite)
                  7004bd10    00000084     drivers.am263px.r5f.ti-arm-clang.release.lib : mcspi_v0_lld.obj (.text.MCSPI_setPeripheralFifoConfig)
                  7004bd94    00000080                                                  : edma.obj (.text.EDMA_close)
                  7004be14    00000080                                                  : uart_v0.obj (.text.UART_flushTxFifo)
                  7004be94    0000007e     ti_drivers_open_close.o (.text.Drivers_mcspiOpen)
                  7004bf12    0000007e     drivers.am263px.r5f.ti-arm-clang.release.lib : mcspi_v0_lld.obj (.text.MCSPI_fifoRead)
                  7004bf90    0000007e                                                  : mcspi_v0_lld.obj (.text.MCSPI_transferPeripheralPoll)
                  7004c00e    0000007c     ti_drivers_open_close.o (.text.Drivers_i2cOpen)
                  7004c08a    0000007a     drivers.am263px.r5f.ti-arm-clang.release.lib : mcspi_v0_lld.obj (.text.MCSPI_initiateLastChunkTransfer)
                  7004c104    00000078                                                  : mcspi_v0.obj (.text.MCSPI_init)
                  7004c17c    00000076                                                  : uart_v0_lld.obj (.text.UART_readDataPolling)
                  7004c1f2    00000072                                                  : mcspi_v0_lld.obj (.text.MCSPI_fifoWrite)
                  7004c264    00000072                                                  : mcspi_v0_lld.obj (.text.MCSPI_stop)
                  7004c2d6    00000070                                                  : mcspi_dma_edma.obj (.text.MCSPI_lld_dmaStop)
                  7004c346    0000006e     BQ25751.o (.text.BQ25751_read_faults)
                  7004c3b4    0000006e     drivers.am263px.r5f.ti-arm-clang.release.lib : edma.obj (.text.EDMA_disableTransferRegion)
                  7004c422    0000006e                                                  : edma.obj (.text.EDMA_enableTransferRegion)
                  7004c490    0000006c     libsysbm.a : hostunlink.c.obj (.text.HOSTunlink)
                  7004c4fc    0000006c     drivers.am263px.r5f.ti-arm-clang.release.lib : uart_v0_lld.obj (.text.UART_lld_writeDma)
                  7004c568    00000068                                                  : uart_v0_lld.obj (.text.UART_lld_readDma)
                  7004c5d0    00000068                                                  : uart_v0_lld.obj (.text.UART_lld_writeIntr)
                  7004c638    00000068     libc.a : atoi.c.obj (.text.atoi)
                  7004c6a0    00000068     board.o (.text.digitalWrite)
                  7004c708    00000066     nortos.am263px.r5f.ti-arm-clang.release.lib : PmuP_armv7r.obj (.text.pmu)
                  7004c76e    00000002                                                 : printf.obj (.text._out_null)
                  7004c770    00000064     drivers.am263px.r5f.ti-arm-clang.release.lib : soc.obj (.text.SOC_controlModuleUnlockMMR)
                  7004c7d4    00000064     logger.o (.text.add_log)
                  7004c838    00000064     board.o (.text.init_interrupt)
                  7004c89c    00000060     libsysbm.a : hostclose.c.obj (.text.HOSTclose)
                  7004c8fc    0000005e     nortos.am263px.r5f.ti-arm-clang.release.lib : ClockP_nortos.obj (.text.ClockP_timerTickIsr)
                  7004c95a    0000005e     drivers.am263px.r5f.ti-arm-clang.release.lib : mcspi_v0_lld.obj (.text.MCSPI_setChDataSize)
                  7004c9b8    0000005c                                                  : gpio.obj (.text.GPIO_setTrigType)
                  7004ca14    0000005c                                                  : mcspi_v0_lld.obj (.text.MCSPI_configInstance)
                  7004ca70    0000005c                                                  : soc.obj (.text.SOC_controlModuleLockMMR)
                  7004cacc    0000005c     nortos.am263px.r5f.ti-arm-clang.release.lib : DebugP_log.obj (.text._DebugP_assert)
                  7004cb28    00000058     drivers.am263px.r5f.ti-arm-clang.release.lib : mcspi_dma_edma.obj (.text.MCSPI_edmaUpdateTransferParams)
                  7004cb80    00000058     libc.a : fopen.c.obj (.text.__TI_cleanup)
                  7004cbd8    00000058     libsysbm.a : trgmsg.c.obj (.text.__TI_readmsg)
                  7004cc30    00000058                : trgmsg.c.obj (.text.__TI_writemsg)
                  7004cc88    00000058     logger.o (.text.print_pending_logs)
                  7004cce0    00000056     nortos.am263px.r5f.ti-arm-clang.release.lib : ClockP_nortos.obj (.text.ClockP_getTimeUsec)
                  7004cd36    00000056     drivers.am263px.r5f.ti-arm-clang.release.lib : uart_v0_lld.obj (.text.UART_intrDisable)
                  7004cd8c    00000056                                                  : uart_v0_lld.obj (.text.UART_readCancelNoCB)
                  7004cde2    00000056                                                  : uart_v0_lld.obj (.text.UART_writeCancelNoCB)
                  7004ce38    00000054     ti_dpl_config.o (.text.Dpl_init)
                  7004ce8c    00000054     libc.a : exit.c.obj (.text.exit)
                  7004cee0    00000054            : getdevice.c.obj (.text.finddevice)
                  7004cf34    00000054            : autoinit.c.obj (.text:__TI_auto_init_nobinit_nopinit)
                  7004cf88    00000052     nortos.am263px.r5f.ti-arm-clang.release.lib : AddrTranslateP_32bit.obj (.text.AddrTranslateP_getLocalAddr)
                  7004cfda    00000052     drivers.am263px.r5f.ti-arm-clang.release.lib : i2c_v1.obj (.text.I2C_LLD_targetTransferCompleteCallback)
                  7004d02c    00000052                                                  : mcspi_v0_lld.obj (.text.MCSPI_lld_deInitDma)
                  7004d07e    00000050     BQ25751.o (.text.BQ25751_print_register_dump)
                  7004d0ce    00000050     nortos.am263px.r5f.ti-arm-clang.release.lib : ClockP_nortos.obj (.text.ClockP_construct)
                  7004d11e    00000002     --HOLE-- [fill = 0]
                  7004d120    00000050     drivers.am263px.r5f.ti-arm-clang.release.lib : edma.obj (.text.EDMA_allocDmaChannel)
                  7004d170    00000050                                                  : edma.obj (.text.EDMA_allocParam)
                  7004d1c0    00000050                                                  : edma.obj (.text.EDMA_allocTcc)
                  7004d210    0000004e     nortos.am263px.r5f.ti-arm-clang.release.lib : ClockP_nortos.obj (.text.ClockP_addToList)
                  7004d25e    0000004e     ti_drivers_open_close.o (.text.Drivers_edmaOpen)
                  7004d2ac    0000004e     ti_drivers_open_close.o (.text.Drivers_uartOpen)
                  7004d2fa    0000004e     drivers.am263px.r5f.ti-arm-clang.release.lib : edma.obj (.text.EDMA_disableChInShadowRegRegion)
                  7004d348    0000004c                                                  : mcspi_v0.obj (.text.MCSPI_transferCallback)
                  7004d394    0000004c                                                  : mcspi_v0_lld.obj (.text.MCSPI_transferControllerIntr)
                  7004d3e0    0000004c                                                  : soc.obj (.text.SOC_enableAdcReferenceMonitor)
                  7004d42c    00000048                                                  : soc.obj (.text.SOC_enableAdcGlobalForce)
                  7004d474    00000048                                                  : soc.obj (.text.SOC_enableAdcInternalReference)
                  7004d4bc    00000048                                                  : uart_dma_edma.obj (.text.UART_edmaIsrRx)
                  7004d504    00000048     libsysbm.a : unlink.c.obj (.text.unlink)
                  7004d54c    00000046     drivers.am263px.r5f.ti-arm-clang.release.lib : uart_dma_edma.obj (.text.UART_edmaIsrTx)
                  7004d592    00000044                                                  : i2c_v1.obj (.text.I2C_completeCurrTransfer)
                  7004d5d6    00000002     --HOLE-- [fill = 0]
                  7004d5d8    00000044                                                  : soc.obj (.text.SOC_getAdcReferenceStatus)
                  7004d61c    00000044                                                  : uart_v0.obj (.text.UART_Params_init)
                  7004d660    00000044                                                  : uart_v0_lld.obj (.text.UART_lld_deInitDma)
                  7004d6a4    00000040     nortos.am263px.r5f.ti-arm-clang.release.lib : ClockP_nortos.obj (.text.ClockP_stop)
                  7004d6e4    00000040     drivers.am263px.r5f.ti-arm-clang.release.lib : edma.obj (.text.EDMA_mapChToEvtQ)
                  7004d724    00000040                                                  : pinmux.obj (.text.Pinmux_config)
                  7004d764    00000040     nortos.am263px.r5f.ti-arm-clang.release.lib : SemaphoreP_nortos.obj (.text.SemaphoreP_constructBinary)
                  7004d7a4    00000040     drivers.am263px.r5f.ti-arm-clang.release.lib : uart_v0_lld.obj (.text.UART_lld_deInit)
                  7004d7e4    00000040     libc.a : memory.c.obj (.text.free_list_insert)
                  7004d824    0000003e     drivers.am263px.r5f.ti-arm-clang.release.lib : i2c_v1_lld.obj (.text.I2C_lld_transferInit)
                  7004d862    0000003e     nortos.am263px.r5f.ti-arm-clang.release.lib : SemaphoreP_nortos.obj (.text.SemaphoreP_constructMutex)
                  7004d8a0    0000003c     drivers.am263px.r5f.ti-arm-clang.release.lib : edma.obj (.text.EDMA_getBaseAddr)
                  7004d8dc    0000003c                                                  : uart_v0_lld.obj (.text.UART_readData)
                  7004d918    0000003a     nortos.am263px.r5f.ti-arm-clang.release.lib : ClockP_nortos.obj (.text.ClockP_destruct)
                  7004d952    0000003a                                                 : DebugP_uartLogWriter.obj (.text.DebugP_uartLogWriterPutChar)
                  7004d98c    0000003a     ti_power_clock_config.o (.text.Module_clockSetFrequency)
                  7004d9c6    0000003a     ioexp_tca6424.o (.text.TCA6424_open)
                  7004da00    0000003a     drivers.am263px.r5f.ti-arm-clang.release.lib : uart_v0_lld.obj (.text.UART_lld_flushTxFifo)
                  7004da3a    00000002     --HOLE-- [fill = 0]
                  7004da3c    00000038                                                  : soc_rcm.obj (.text.SOC_rcmADPLLJGetFOut)
                  7004da74    00000038     nortos.am263px.r5f.ti-arm-clang.release.lib : DebugP_nortos.obj (.text._DebugP_logZone)
                  7004daac    00000038                                                 : PmuP_armv7r_asm.obj (.text.pmu)
                  7004dae4    00000036     drivers.am263px.r5f.ti-arm-clang.release.lib : edma.obj (.text.EDMA_clrMissEvtRegion)
                  7004db1a    00000034     nortos.am263px.r5f.ti-arm-clang.release.lib : ClockP_nortos.obj (.text.ClockP_start)
                  7004db4e    00000002     --HOLE-- [fill = 0]
                  7004db50    00000034     drivers.am263px.r5f.ti-arm-clang.release.lib : i2c_v1.obj (.text.I2C_init)
                  7004db84    00000034                                                  : mcspi_v0.obj (.text.MCSPI_errorCallback)
                  7004dbb8    00000034     ti_power_clock_config.o (.text.Module_clockDisable)
                  7004dbec    00000034     ti_power_clock_config.o (.text.Module_clockEnable)
                  7004dc20    00000034     drivers.am263px.r5f.ti-arm-clang.release.lib : soc.obj (.text.SOC_enableAdcDacLoopback)
                  7004dc54    00000034                                                  : soc_rcm.obj (.text.SOC_rcmGetModuleClkDivVal)
                  7004dc88    00000034     libc.a : memory.c.obj (.text.free_list_remove)
                  7004dcbc    00000034     libsysbm.a : lseek.c.obj (.text.lseek)
                  7004dcf0    00000034                : write.c.obj (.text.write)
                  7004dd24    00000032     nortos.am263px.r5f.ti-arm-clang.release.lib : ClockP_nortos.obj (.text.ClockP_usleep)
                  7004dd56    00000032     drivers.am263px.r5f.ti-arm-clang.release.lib : edma.obj (.text.EDMA_unmapChToEvtQ)
                  7004dd88    00000032     nortos.am263px.r5f.ti-arm-clang.release.lib : SemaphoreP_nortos.obj (.text.SemaphoreP_post)
                  7004ddba    00000030                                                 : DebugP_uartScanf.obj (.text.DebugP_scanf)
                  7004ddea    00000030     drivers.am263px.r5f.ti-arm-clang.release.lib : i2c_v1_lld.obj (.text.I2CControllerInitExpClk)
                  7004de1a    00000030                                                  : uart_v0.obj (.text.UART_lld_writeCompleteCallback)
                  7004de4a    00000002     --HOLE-- [fill = 0]
                  7004de4c    00000030     int_adc.o (.text.adc_to_current_LM74930)
                  7004de7c    0000002e     drivers.am263px.r5f.ti-arm-clang.release.lib : edma.obj (.text.EDMA_enableChInShadowRegRegion)
                  7004deaa    0000002e                                                  : i2c_v1_lld.obj (.text.I2C_lld_deInit)
                  7004ded8    0000002e     ti_drivers_config.o (.text.System_init)
                  7004df06    0000002e     drivers.am263px.r5f.ti-arm-clang.release.lib : uart_v0.obj (.text.UART_lld_readCompleteCallback)
                  7004df34    0000002c     nortos.am263px.r5f.ti-arm-clang.release.lib : DebugP_shmLogReader.obj (.text.DebugP_shmLogReaderInit)
                  7004df60    0000002c     drivers.am263px.r5f.ti-arm-clang.release.lib : i2c_v1.obj (.text.I2C_getHandle)
                  7004df8c    0000002c                                                  : soc_rcm.obj (.text.SOC_rcmGetR5Clock)
                  7004dfb8    0000002c                                                  : uart_v0.obj (.text.UART_getHandle)
                  7004dfe4    0000002c     ADS_adc.o (.text.adc_to_current_HSS_MB)
                  7004e010    0000002c     ADS_adc.o (.text.adc_to_current_TPS)
                  7004e03c    0000002c     libc.a : sscanf.c.obj (.text.vsscanf)
                  7004e068    00000028     nortos.am263px.r5f.ti-arm-clang.release.lib : ClockP_nortos.obj (.text.ClockP_sleepTicks)
                  7004e090    00000028     drivers.am263px.r5f.ti-arm-clang.release.lib : gpio.obj (.text.GPIO_setDirMode)
                  7004e0b8    00000028                                                  : mcspi_v0_lld.obj (.text.MCSPI_fifoReadMultiWord)
                  7004e0e0    00000028                                                  : soc.obj (.text.SOC_moduleSetClockFrequency)
                  7004e108    00000028     ADS_adc.o (.text.read_ext_ADC)
                  7004e130    00000026     nortos.am263px.r5f.ti-arm-clang.release.lib : ClockP_nortos.obj (.text.ClockP_sleep)
                  7004e156    00000026     drivers.am263px.r5f.ti-arm-clang.release.lib : edma.obj (.text.EDMA_setPaRAM)
                  7004e17c    00000026                                                  : i2c_v1_lld.obj (.text.I2C_lld_transferIntr)
                  7004e1a2    00000026                                                  : i2c_v1_lld.obj (.text.I2C_lld_transferPoll)
                  7004e1c8    00000026                                                  : uart_dma_edma.obj (.text.UART_lld_dmaDisableChannel)
                  7004e1ee    00000024                                                  : mcspi_v0_lld.obj (.text.MCSPI_fifoWriteMultiWord)
                  7004e212    00000002     --HOLE-- [fill = 0]
                  7004e214    00000024                                                  : uart_v0_lld.obj (.text.UART_IsHWFlowCtrlValid)
                  7004e238    00000024                                                  : uart_v0_lld.obj (.text.UART_IsRxTrigLvlValid)
                  7004e25c    00000024                                                  : uart_v0_lld.obj (.text.UART_IsTxTrigLvlValid)
                  7004e280    00000024     libclang_rt.builtins.a : aeabi_uldivmod.S.obj (.text.__aeabi_uldivmod)
                  7004e2a4    00000024     int_adc.o (.text.int_adc_to_voltage)
                  7004e2c8    00000024     nortos.am263px.r5f.ti-arm-clang.release.lib : printf.obj (.text.vprintf_)
                  7004e2ec    00000022     drivers.am263px.r5f.ti-arm-clang.release.lib : edma.obj (.text.EDMA_linkChannel)
                  7004e30e    00000022                                                  : mcspi_v0_lld.obj (.text.MCSPI_transferPeripheralIntr)
                  7004e330    00000022     ti_drivers_config.o (.text.System_deinit)
                  7004e352    00000022     logger.o (.text.print_logs)
                  7004e374    00000020     nortos.am263px.r5f.ti-arm-clang.release.lib : DebugP_log.obj (.text.DebugP_logZoneEnable)
                  7004e394    00000020     drivers.am263px.r5f.ti-arm-clang.release.lib : i2c_v1_lld.obj (.text.I2C_lld_Message_init)
                  7004e3b4    00000020                                                  : mcspi_v0_lld.obj (.text.MCSPI_fifoRead32)
                  7004e3d4    00000020     nortos.am263px.r5f.ti-arm-clang.release.lib : TimerP_rti_priv.obj (.text.TimerP_Params_initPriv)
                  7004e3f4    00000020     drivers.am263px.r5f.ti-arm-clang.release.lib : uart_v0_lld.obj (.text.UART_getChar)
                  7004e414    0000001e     ti_board_open_close.o (.text.Board_driversOpen)
                  7004e432    0000001e     ioexp_tca6424.o (.text.TCA6424_close)
                  7004e450    0000001e     drivers.am263px.r5f.ti-arm-clang.release.lib : uart_v0_lld.obj (.text.UART_spaceAvail)
                  7004e46e    0000001e                                                  : uart_v0_lld.obj (.text.UART_statusIsDataReady)
                  7004e48c    0000001c                                                  : i2c_v1.obj (.text.I2C_hwiFxn)
                  7004e4a8    0000001c                                                  : mcspi_v0_lld.obj (.text.MCSPI_fifoWrite32)
                  7004e4c4    0000001c                                                  : mcspi_v0_lld.obj (.text.MCSPI_getFifoTrigLvl)
                  7004e4e0    0000001c                                                  : mcspi_v0_lld.obj (.text.MCSPI_lld_deInit)
                  7004e4fc    0000001c                                                  : soc_rcm.obj (.text.SOC_rcmIsR5FInLockStepMode)
                  7004e518    0000001c     libc.a : sscanf.c.obj (.text._inpchar)
                  7004e534    0000001c     main.o (.text.main)
                  7004e550    0000001c     libsysbm.a : hostrename.c.obj (.text.strcpy)
                  7004e56c    0000001c                : hostrename.c.obj (.text.strlen)
                  7004e588    0000001c     libc.a : memcpy32.S.obj (.text:TI_memcpy_small)
                  7004e5a4    0000001a     nortos.am263px.r5f.ti-arm-clang.release.lib : CpuId_armv7r.obj (.text.CSL_armR5GetCpuID)
                  7004e5be    0000001a     drivers.am263px.r5f.ti-arm-clang.release.lib : edma.obj (.text.EDMA_readEventStatusRegion)
                  7004e5d8    0000001a                                                  : uart_v0_lld.obj (.text.UART_enhanFuncEnable)
                  7004e5f2    00000002     --HOLE-- [fill = 0]
                  7004e5f4    00000018                                                  : i2c_v1.obj (.text.I2C_deinit)
                  7004e60c    00000018                                                  : mcspi_v0.obj (.text.MCSPI_deinit)
                  7004e624    00000018                                                  : mcspi_dma_edma.obj (.text.MCSPI_lld_dmaInit)
                  7004e63c    00000018     nortos.am263px.r5f.ti-arm-clang.release.lib : TimerP_rti_priv.obj (.text.TimerP_getCountPriv)
                  7004e654    00000018     drivers.am263px.r5f.ti-arm-clang.release.lib : uart_v0.obj (.text.UART_deinit)
                  7004e66c    00000018     logger.o (.text.clear_logs)
                  7004e684    00000018     libc.a : memset32.S.obj (.text:TI_memset_small)
                  7004e69c    00000016     drivers.am263px.r5f.ti-arm-clang.release.lib : i2c_v1_lld.obj (.text.I2C_lld_Transaction_init)
                  7004e6b2    00000016                                                  : mcspi_v0_lld.obj (.text.MCSPI_reset)
                  7004e6c8    00000016                                                  : uart_v0_lld.obj (.text.UART_IsTxRxFifoEmpty)
                  7004e6de    00000016                                                  : uart_v0_lld.obj (.text.UART_getIntrIdentityStatus)
                  7004e6f4    00000016                                                  : uart_v0_lld.obj (.text.UART_getRxError)
                  7004e70a    00000014     nortos.am263px.r5f.ti-arm-clang.release.lib : ClockP_nortos.obj (.text.ClockP_usecToTicks)
                  7004e71e    00000014     drivers.am263px.r5f.ti-arm-clang.release.lib : edma.obj (.text.EDMA_getRegionId)
                  7004e732    00000014                                                  : uart_v0.obj (.text.UART_Transaction_init)
                  7004e746    00000014                                                  : uart_v0_lld.obj (.text.UART_enhanFuncBitValRestore)
                  7004e75a    00000012                                                  : adc.obj (.text.ADC_setMode)
                  7004e76c    00000012                                                  : i2c_v1.obj (.text.I2C_LLD_transferCompleteCallback)
                  7004e77e    00000012                                                  : uart_v0_lld.obj (.text.UART_hardwareFlowCtrlOptSet)
                  7004e790    00000012                                                  : uart_v0_lld.obj (.text.UART_operatingModeSelect)
                  7004e7a2    00000012                                                  : uart_v0_lld.obj (.text.UART_readLineStatus)
                  7004e7b4    00000012     ti_dpl_config.o (.text.putchar_)
                  7004e7c6    00000010     drivers.am263px.r5f.ti-arm-clang.release.lib : gpio.obj (.text.GPIO_bankIntrDisable)
                  7004e7d6    00000010                                                  : uart_v0_lld.obj (.text.UART_intr2Disable)
                  7004e7e6    00000002     --HOLE-- [fill = 0]
                  7004e7e8    00000010     libclang_rt.builtins.a : aeabi_memset.S.obj (.text.__aeabi_memset)
                  7004e7f8    00000010     libc.a : sscanf.c.obj (.text._uninpchar)
                  7004e808    00000010            : fputc.c.obj (.text.putchar)
                  7004e818    0000000e     drivers.am263px.r5f.ti-arm-clang.release.lib : edma.obj (.text.EDMA_ccPaRAMEntry_init)
                  7004e826    0000000e                                                  : gpio.obj (.text.GPIO_bankIntrEnable)
                  7004e834    0000000e                                                  : i2c_v1.obj (.text.I2C_transferCallback)
                  7004e842    0000000e     ti_pinmux_config.o (.text.Pinmux_init)
                  7004e850    0000000e     ti_power_clock_config.o (.text.PowerClock_init)
                  7004e85e    0000000c     nortos.am263px.r5f.ti-arm-clang.release.lib : ClockP_nortos.obj (.text.ClockP_getTicks)
                  7004e86a    0000000c                                                 : DebugP_uartLogWriter.obj (.text.DebugP_uartSetDrvIndex)
                  7004e876    0000000c     drivers.am263px.r5f.ti-arm-clang.release.lib : edma.obj (.text.EDMA_isInitialized)
                  7004e882    00000002     --HOLE-- [fill = 0]
                  7004e884    0000000c                                                  : i2c_v1.obj (.text.I2C_Transaction_init)
                  7004e890    0000000c                                                  : soc.obj (.text.SOC_getSelfCpuClk)
                  7004e89c    0000000c     ioexp_tca6424.o (.text.TCA6424_Params_init)
                  7004e8a8    0000000c     libc.a : aeabi_portable.c.obj (.text.__aeabi_errno_addr)
                  7004e8b4    0000000c     libclang_rt.builtins.a : aeabi_memset.S.obj (.text.__aeabi_memclr)
                  7004e8c0    0000000c     libc.a : memory.c.obj (.text.malloc)
                  7004e8cc    0000000c     nortos.am263px.r5f.ti-arm-clang.release.lib : CpuId_armv7r_asm.obj (.text)
                  7004e8d8    00000008     libsysbm.a : hostexit.c.obj (.text.HOSTexit)
                  7004e8e0    0000000c     libc.a : strcmp32.S.obj (.text)
                  7004e8ec    0000000a     nortos.am263px.r5f.ti-arm-clang.release.lib : ClockP_nortos.obj (.text.ClockP_Params_init)
                  7004e8f6    0000000a                                                 : ClockP_nortos.obj (.text.ClockP_isActive)
                  7004e900    0000000a                                                 : TimerP_rti_priv.obj (.text.TimerP_getReloadCountPriv)
                  7004e90a    0000000a                                                 : TimerP_rti_priv.obj (.text.TimerP_startPriv)
                  7004e914    0000000a     drivers.am263px.r5f.ti-arm-clang.release.lib : uart_v0_lld.obj (.text.UART_lld_Transaction_deInit)
                  7004e91e    00000008     nortos.am263px.r5f.ti-arm-clang.release.lib : TimerP_rti_priv.obj (.text.TimerP_clearOverflowIntPriv)
                  7004e926    00000008                                                 : printf.obj (.text._out_char)
                  7004e92e    00000006     drivers.am263px.r5f.ti-arm-clang.release.lib : edma.obj (.text.EDMA_isInterruptEnabled)
                  7004e934    00000006                                                  : soc.obj (.text.SOC_moduleClockEnable)
                  7004e93a    00000006                                                  : soc_rcm.obj (.text.SOC_rcmGetCR5SysclkInFrequency)
                  7004e940    00000004     ti_power_clock_config.o (.text.PowerClock_deinit)
                  7004e944    00000004     nortos.am263px.r5f.ti-arm-clang.release.lib : TimerP_rti_nortos.obj (.text.TimerP_Params_init)
                  7004e948    00000004                                                 : TimerP_rti_nortos.obj (.text.TimerP_clearOverflowInt)
                  7004e94c    00000004                                                 : TimerP_rti_nortos.obj (.text.TimerP_getCount)
                  7004e950    00000004                                                 : TimerP_rti_nortos.obj (.text.TimerP_getReloadCount)
                  7004e954    00000004                                                 : TimerP_rti_nortos.obj (.text.TimerP_setup)
                  7004e958    00000004                                                 : TimerP_rti_nortos.obj (.text.TimerP_start)
                  7004e95c    00000004     libclang_rt.builtins.a : aeabi_div0.c.obj (.text.__aeabi_idiv0)
                  7004e960    00000004                            : aeabi_div0.c.obj (.text.__aeabi_ldiv0)
                  7004e964    00000004                            : aeabi_memcpy.S.obj (.text.__aeabi_memcpy)
                  7004e968    00000004     libc.a : _lock.c.obj (.text._nop)
                  7004e96c    00000004            : fseek.c.obj (.text.fseek)
                  7004e970    00000004     libsysbm.a : remove.c.obj (.text.remove)
                  7004e974    00000008     libclang_rt.builtins.a : aeabi_memcpy.S.obj (.tramp.__aeabi_memcpy.1)
                  7004e97c    00000008     nortos.am263px.r5f.ti-arm-clang.release.lib : HwiP_armv7r_asm.obj (.tramp.HwiP_restore.1)
                  7004e984    00000008                                                 : HwiP_armv7r_asm.obj (.tramp.HwiP_enable.1)
                  7004e98c    00000008                                                 : PmuP_armv7r_asm.obj (.tramp.PmuP_setUserEnable.1)
                  7004e994    00000008                                                 : PmuP_armv7r_asm.obj (.tramp.PmuP_enableCounters.1)
                  7004e99c    00000004     --HOLE-- [fill = 0]

.rodata    0    7004e9a0    000026d0     
                  7004e9a0    000004b0     testing.o (.rodata.test_results)
                  7004ee50    00000160     BQ25751.o (.rodata.bq25751_registers)
                  7004efb0    00000101     libc.a : aeabi_ctype.S.obj (.rodata:__aeabi_ctype_table_)
                  7004f0b1    00000096     testing.o (.rodata.test_cases)
                  7004f147    00000001     logger.o (.rodata.str1.11170080405929493601.1)
                  7004f148    00000080     libc.a : strtod.c.obj (.rodata.digits)
                  7004f1c8    0000007a     ti_drivers_open_close.o (.rodata.str1.14200658025495415368.1)
                  7004f242    00000002     --HOLE-- [fill = 0]
                  7004f244    00000074     ti_dpl_config.o (.rodata.cfg)
                  7004f2b8    00000051     drivers.am263px.r5f.ti-arm-clang.release.lib : mcspi_v0.obj (.rodata.str1.26396439823528435241)
                  7004f309    00000007     libc.a : _scanfi.c.obj (.rodata._sproc_int.flit)
                  7004f310    00000050     nortos.am263px.r5f.ti-arm-clang.release.lib : printf.obj (.rodata._ftoa.pow10)
                  7004f360    00000048     drivers.am263px.r5f.ti-arm-clang.release.lib : soc_rcm.obj (.rodata.gADPLLJConfigTbl)
                  7004f3a8    00000048     libc.a : strtod.c.obj (.rodata.powerof10)
                  7004f3f0    00000048     BQ25751.o (.rodata.str1.15227057180538999327.1)
                  7004f438    00000048     drivers.am263px.r5f.ti-arm-clang.release.lib : mcspi_v0_lld.obj (.rodata.str1.97363132707188488161)
                  7004f480    00000047     BQ25751.o (.rodata.str1.10095525046290625685.1)
                  7004f4c7    0000003d     nortos.am263px.r5f.ti-arm-clang.release.lib : TimerP_rti_priv.obj (.rodata.str1.72163963154704191671)
                  7004f504    0000003b     testing.o (.rodata.str1.13902908763734703229.1)
                  7004f53f    0000003b     logger.o (.rodata.str1.15765208293925770228.1)
                  7004f57a    0000003b     testing.o (.rodata.str1.17746360623054601515.1)
                  7004f5b5    0000003b     BQ25751.o (.rodata.str1.2730883272908071265.1)
                  7004f5f0    0000003b     testing.o (.rodata.str1.9663668549545128397.1)
                  7004f62b    0000003a     testing.o (.rodata.str1.13404232100597892824.1)
                  7004f665    0000003a     testing.o (.rodata.str1.14475428689845802839.1)
                  7004f69f    0000003a     BQ25751.o (.rodata.str1.5160441401641532227.1)
                  7004f6d9    0000003a     testing.o (.rodata.str1.5333103860067079182.1)
                  7004f713    00000039     testing.o (.rodata.str1.12712981990626671882.1)
                  7004f74c    00000038     testing.o (.rodata.str1.13271957185734089466.1)
                  7004f784    00000038     testing.o (.rodata.str1.1809024094263384077.1)
                  7004f7bc    00000038     ti_drivers_open_close.o (.rodata.str1.2554706296470369595.1)
                  7004f7f4    00000038     testing.o (.rodata.str1.9646216584914662902.1)
                  7004f82c    00000037     testing.o (.rodata.str1.12934025152450101698.1)
                  7004f863    00000037     testing.o (.rodata.str1.13753495736459524521.1)
                  7004f89a    00000037     nortos.am263px.r5f.ti-arm-clang.release.lib : SemaphoreP_nortos.obj (.rodata.str1.52751030918495836841)
                  7004f8d1    00000037     testing.o (.rodata.str1.912323090116748061.1)
                  7004f908    00000036     ti_drivers_open_close.o (.rodata.str1.10252002122772422448.1)
                  7004f93e    00000036     testing.o (.rodata.str1.1765844212525536965.1)
                  7004f974    00000036     testing.o (.rodata.str1.9310835370192816021.1)
                  7004f9aa    00000035     BQ25751.o (.rodata.str1.17099517407219647408.1)
                  7004f9df    00000035     ti_drivers_open_close.o (.rodata.str1.17551203406305493380.1)
                  7004fa14    00000035     ti_drivers_open_close.o (.rodata.str1.17665391694225509261.1)
                  7004fa49    00000035     BQ25751.o (.rodata.str1.8443781089576892544.1)
                  7004fa7e    00000002     --HOLE-- [fill = 0]
                  7004fa80    00000034     logger.o (.rodata..Lswitch.table.print_log.27)
                  7004fab4    00000033     testing.o (.rodata.str1.8696649377706721793.1)
                  7004fae7    00000032     drivers.am263px.r5f.ti-arm-clang.release.lib : adc.obj (.rodata.str1.104222482920253680151)
                  7004fb19    00000032     BQ25751.o (.rodata.str1.1249517775944244852.1)
                  7004fb4b    00000032     drivers.am263px.r5f.ti-arm-clang.release.lib : adc.obj (.rodata.str1.137023953294967812531)
                  7004fb7d    00000031     BQ25751.o (.rodata.str1.17894075944801656883.1)
                  7004fbae    00000031     BQ25751.o (.rodata.str1.3974748969067114375.1)
                  7004fbdf    00000030     BQ25751.o (.rodata.str1.12706072285533335359.1)
                  7004fc0f    00000030     BQ25751.o (.rodata.str1.13143656991489871118.1)
                  7004fc3f    00000030     ti_drivers_open_close.o (.rodata.str1.5293217666052239616.1)
                  7004fc6f    00000030     BQ25751.o (.rodata.str1.8003800691019726735.1)
                  7004fc9f    0000002e     BQ25751.o (.rodata.str1.17500317544630551396.1)
                  7004fccd    0000002e     BQ25751.o (.rodata.str1.17511979226281833584.1)
                  7004fcfb    0000002e     nortos.am263px.r5f.ti-arm-clang.release.lib : ClockP_nortos.obj (.rodata.str1.39419159632632580371)
                  7004fd29    0000002e     BQ25751.o (.rodata.str1.9421605849956869534.1)
                  7004fd57    0000002d     BQ25751.o (.rodata.str1.1229531588138316555.1)
                  7004fd84    0000002d     BQ25751.o (.rodata.str1.2732527716459040101.1)
                  7004fdb1    0000002d     BQ25751.o (.rodata.str1.7897313143695813649.1)
                  7004fdde    0000002d     BQ25751.o (.rodata.str1.8312350936966051270.1)
                  7004fe0b    00000005     BQ25751.o (.rodata.str1.12421258905385577217.1)
                  7004fe10    0000002c     drivers.am263px.r5f.ti-arm-clang.release.lib : i2c_v1.obj (.rodata.I2C_defaultTransaction)
                  7004fe3c    0000002c     BQ25751.o (.rodata.str1.12868114523665019615.1)
                  7004fe68    0000002c     BQ25751.o (.rodata.str1.14774090551701140490.1)
                  7004fe94    0000002c     BQ25751.o (.rodata.str1.15589734765688486271.1)
                  7004fec0    0000002c     BQ25751.o (.rodata.str1.1820889172356602547.1)
                  7004feec    0000002c     BQ25751.o (.rodata.str1.453300746779397769.1)
                  7004ff18    0000002c     BQ25751.o (.rodata.str1.7152872178121443324.1)
                  7004ff44    0000002b     BQ25751.o (.rodata.str1.16455321582865690357.1)
                  7004ff6f    0000002b     BQ25751.o (.rodata.str1.5958878973536578819.1)
                  7004ff9a    0000002a     BQ25751.o (.rodata.str1.3951025446691905541.1)
                  7004ffc4    0000002a     logger.o (.rodata.str1.6697840596852582545.1)
                  7004ffee    0000002a     nortos.am263px.r5f.ti-arm-clang.release.lib : DebugP_log.obj (.rodata.str1.8882360920750446361)
                  70050018    00000028     ti_drivers_open_close.o (.rodata.str1.1596297266130340916.1)
                  70050040    00000028     ti_drivers_open_close.o (.rodata.str1.16112177131852734107.1)
                  70050068    00000028     BQ25751.o (.rodata.str1.7430776718305622844.1)
                  70050090    00000027     nortos.am263px.r5f.ti-arm-clang.release.lib : ClockP_nortos_r5.obj (.rodata.str1.91622226613999981811)
                  700500b7    00000026     BQ25751.o (.rodata.str1.14581448127847459194.1)
                  700500dd    00000025     ti_board_open_close.o (.rodata.str1.12245025114167949655.1)
                  70050102    00000025     ti_drivers_open_close.o (.rodata.str1.7750254725308216577.1)
                  70050127    00000024     BQ25751.o (.rodata.str1.1271360048684525176.1)
                  7005014b    00000024     testing.o (.rodata.str1.1448113453728135492.1)
                  7005016f    00000024     drivers.am263px.r5f.ti-arm-clang.release.lib : edma.obj (.rodata.str1.164918382464449145851)
                  70050193    00000023     ti_drivers_open_close.o (.rodata.str1.10490786615736436564.1)
                  700501b6    00000023     BQ25751.o (.rodata.str1.12958517175328886002.1)
                  700501d9    00000023     nortos.am263px.r5f.ti-arm-clang.release.lib : ClockP_nortos_r5.obj (.rodata.str1.136646522816104227591)
                  700501fc    00000023     drivers.am263px.r5f.ti-arm-clang.release.lib : soc_rcm.obj (.rodata.str1.15813086600912413471)
                  7005021f    00000023     ti_board_open_close.o (.rodata.str1.760704006985994805.1)
                  70050242    00000022     drivers.am263px.r5f.ti-arm-clang.release.lib : edma.obj (.rodata.str1.6611792697437713481)
                  70050264    00000021     nortos.am263px.r5f.ti-arm-clang.release.lib : ClockP_nortos_r5.obj (.rodata.str1.99041146818411950391)
                  70050285    00000003     BQ25751.o (.rodata.str1.10106629780682049060.1)
                  70050288    00000020     drivers.am263px.r5f.ti-arm-clang.release.lib : uart_v0_lld.obj (.rodata.cst32)
                  700502a8    00000020     PDMtesting.o (.rodata.str1.10015848951539402881.1)
                  700502c8    00000020     drivers.am263px.r5f.ti-arm-clang.release.lib : uart_v0.obj (.rodata.str1.150767988884773108331)
                  700502e8    0000001f     board.o (.rodata.str1.10881007155619371109.1)
                  70050307    0000001f     board.o (.rodata.str1.123550804358397101.1)
                  70050326    0000001f     board.o (.rodata.str1.13738757807042593414.1)
                  70050345    0000001f     board.o (.rodata.str1.14465880841147386111.1)
                  70050364    0000001f     logger.o (.rodata.str1.14867204177169952558.1)
                  70050383    0000001f     board.o (.rodata.str1.15102135329570516791.1)
                  700503a2    0000001f     board.o (.rodata.str1.1510811462892085231.1)
                  700503c1    0000001f     board.o (.rodata.str1.16077883977509950417.1)
                  700503e0    0000001f     board.o (.rodata.str1.1696272589420159480.1)
                  700503ff    0000001f     board.o (.rodata.str1.18250802514644841805.1)
                  7005041e    0000001f     nortos.am263px.r5f.ti-arm-clang.release.lib : SemaphoreP_nortos.obj (.rodata.str1.25281168886080794691)
                  7005043d    0000001f                                                 : ClockP_nortos_r5.obj (.rodata.str1.25349503636762439021)
                  7005045c    0000001f     board.o (.rodata.str1.5436337271421848948.1)
                  7005047b    0000001f     board.o (.rodata.str1.673658226405435322.1)
                  7005049a    0000001f     ti_drivers_open_close.o (.rodata.str1.871795152488895636.1)
                  700504b9    0000001f     board.o (.rodata.str1.9045895231722895584.1)
                  700504d8    0000001f     board.o (.rodata.str1.9461189164499355904.1)
                  700504f7    0000001e     board.o (.rodata.str1.10345935079445805060.1)
                  70050515    0000001e     drivers.am263px.r5f.ti-arm-clang.release.lib : mcspi_v0.obj (.rodata.str1.144400815220210358851)
                  70050533    0000001e     board.o (.rodata.str1.6418571003999367838.1)
                  70050551    0000001e     board.o (.rodata.str1.6840234256597642108.1)
                  7005056f    0000001e     board.o (.rodata.str1.9453984286452795027.1)
                  7005058d    0000001d     nortos.am263px.r5f.ti-arm-clang.release.lib : TimerP_rti_priv.obj (.rodata.str1.114219152040444562951)
                  700505aa    0000001d                                                 : TimerP_rti_priv.obj (.rodata.str1.125174968193178473681)
                  700505c7    0000001d     ti_drivers_open_close.o (.rodata.str1.13083909648175487149.1)
                  700505e4    0000001d     drivers.am263px.r5f.ti-arm-clang.release.lib : uart_v0.obj (.rodata.str1.142814395268246240721)
                  70050601    0000001d                                                  : mcspi_v0.obj (.rodata.str1.171925388543524077211)
                  7005061e    0000001d     nortos.am263px.r5f.ti-arm-clang.release.lib : TimerP_rti_priv.obj (.rodata.str1.27974953896521033811)
                  7005063b    00000001     --HOLE-- [fill = 0]
                  7005063c    0000001c     BQ25751.o (.rodata..Lswitch.table.BQ25751_read_faults)
                  70050658    0000001c     logger.o (.rodata.str1.10253156068257962407.1)
                  70050674    0000001c     logger.o (.rodata.str1.12893940535876439382.1)
                  70050690    0000001c     logger.o (.rodata.str1.16946937258229686214.1)
                  700506ac    0000001b     logger.o (.rodata.str1.10289081750774512625.1)
                  700506c7    0000001b     drivers.am263px.r5f.ti-arm-clang.release.lib : edma.obj (.rodata.str1.16266241636797238661)
                  700506e2    0000001b     nortos.am263px.r5f.ti-arm-clang.release.lib : ClockP_nortos.obj (.rodata.str1.47646432807403639741)
                  700506fd    0000001b     ti_drivers_open_close.o (.rodata.str1.5509699957385355460.1)
                  70050718    0000001b     logger.o (.rodata.str1.6452265960373237926.1)
                  70050733    0000001a     drivers.am263px.r5f.ti-arm-clang.release.lib : edma.obj (.rodata.str1.124702968117785801901)
                  7005074d    0000001a     nortos.am263px.r5f.ti-arm-clang.release.lib : ClockP_nortos_r5.obj (.rodata.str1.133203246495064227641)
                  70050767    0000001a     BQ25751.o (.rodata.str1.1444569211857942851.1)
                  70050781    0000001a     drivers.am263px.r5f.ti-arm-clang.release.lib : soc_rcm.obj (.rodata.str1.153801437654618082741)
                  7005079b    0000001a                                                  : mcspi_v0.obj (.rodata.str1.169212516063846095031)
                  700507b5    0000001a     board.o (.rodata.str1.281563586358661291.1)
                  700507cf    0000001a     drivers.am263px.r5f.ti-arm-clang.release.lib : i2c_v1.obj (.rodata.str1.65627606760091541251)
                  700507e9    0000001a                                                  : mcspi_v0.obj (.rodata.str1.99640994410596514241)
                  70050803    00000019     ti_drivers_open_close.o (.rodata.str1.14059614886583751700.1)
                  7005081c    00000019     nortos.am263px.r5f.ti-arm-clang.release.lib : TimerP_rti_priv.obj (.rodata.str1.160914699991520874261)
                  70050835    00000019     ti_drivers_open_close.o (.rodata.str1.7332975063418302059.1)
                  7005084e    00000002     --HOLE-- [fill = 0]
                  70050850    00000018     drivers.am263px.r5f.ti-arm-clang.release.lib : soc.obj (.rodata..Lswitch.table.SOC_getAdcReferenceStatus)
                  70050868    00000018                                                  : i2c_v1_lld.obj (.rodata.I2C_lld_defaultMessage)
                  70050880    00000018                                                  : soc_rcm.obj (.rodata.gControlssPllClkSrcValMap)
                  70050898    00000018                                                  : soc_rcm.obj (.rodata.gCptsClkSrcValMap)
                  700508b0    00000018                                                  : soc_rcm.obj (.rodata.gI2cClkSrcValMap)
                  700508c8    00000018                                                  : soc_rcm.obj (.rodata.gLinUartClkSrcValMap)
                  700508e0    00000018                                                  : soc_rcm.obj (.rodata.gPeripheralClkSrcInfoMap)
                  700508f8    00000018                                                  : soc_rcm.obj (.rodata.gRtiClkSrcValMap)
                  70050910    00000018                                                  : soc_rcm.obj (.rodata.gWdtClkSrcValMap)
                  70050928    00000018                                                  : i2c_v1.obj (.rodata.str1.10394555129776590081)
                  70050940    00000018                                                  : i2c_v1.obj (.rodata.str1.145046381417982596211)
                  70050958    00000018                                                  : i2c_v1.obj (.rodata.str1.146157486204483244751)
                  70050970    00000018     logger.o (.rodata.str1.516959638814628545.1)
                  70050988    00000018     logger.o (.rodata.str1.5671237403414969566.1)
                  700509a0    00000018     BQ25751.o (.rodata.str1.7886701266418031715.1)
                  700509b8    00000018     logger.o (.rodata.str1.887488774559121338.1)
                  700509d0    00000018     drivers.am263px.r5f.ti-arm-clang.release.lib : uart_v0.obj (.rodata.str1.9069738176458784971)
                  700509e8    00000018     logger.o (.rodata.str1.998270875404085501.1)
                  70050a00    00000017     ADS_adc.o (.rodata.str1.10043506777178288082.1)
                  70050a17    00000017     logger.o (.rodata.str1.10127394157737690499.1)
                  70050a2e    00000017     drivers.am263px.r5f.ti-arm-clang.release.lib : soc_rcm.obj (.rodata.str1.141251745167226470741)
                  70050a45    00000017     ti_drivers_open_close.o (.rodata.str1.1628183244885117158.1)
                  70050a5c    00000017     BQ25751.o (.rodata.str1.2479029312867807955.1)
                  70050a73    00000017     logger.o (.rodata.str1.9485715002722841782.1)
                  70050a8a    00000016     PDMtesting.o (.rodata.str1.10577412323663350067.1)
                  70050aa0    00000016     drivers.am263px.r5f.ti-arm-clang.release.lib : soc_rcm.obj (.rodata.str1.107645048611228328791)
                  70050ab6    00000016     PDMtesting.o (.rodata.str1.12143205621091433229.1)
                  70050acc    00000016     logger.o (.rodata.str1.1246197995540081341.1)
                  70050ae2    00000016     logger.o (.rodata.str1.14246187852812087945.1)
                  70050af8    00000016     drivers.am263px.r5f.ti-arm-clang.release.lib : soc_rcm.obj (.rodata.str1.177369307189295936511)
                  70050b0e    00000016                                                  : soc_rcm.obj (.rodata.str1.63555232926284281011)
                  70050b24    00000016                                                  : mcspi_v0.obj (.rodata.str1.85423015064808713541)
                  70050b3a    00000015     ti_drivers_open_close.o (.rodata.str1.11521962449680083383.1)
                  70050b4f    00000015     BQ25751.o (.rodata.str1.1275194715022805712.1)
                  70050b64    00000015     drivers.am263px.r5f.ti-arm-clang.release.lib : edma.obj (.rodata.str1.149652404363315708211)
                  70050b79    00000015     ti_drivers_open_close.o (.rodata.str1.17912154466570466874.1)
                  70050b8e    00000015     drivers.am263px.r5f.ti-arm-clang.release.lib : adc.obj (.rodata.str1.20431844208594508061)
                  70050ba3    00000015     nortos.am263px.r5f.ti-arm-clang.release.lib : SemaphoreP_nortos.obj (.rodata.str1.30861210816963497001)
                  70050bb8    00000015     logger.o (.rodata.str1.8545315102583907144.1)
                  70050bcd    00000014     drivers.am263px.r5f.ti-arm-clang.release.lib : mcspi_v0_lld.obj (.rodata.str1.147988882001261723701)
                  70050be1    00000014                                                  : edma.obj (.rodata.str1.176595599180530855901)
                  70050bf5    00000014                                                  : mcspi_v0.obj (.rodata.str1.34611452835214624521)
                  70050c09    00000014     ti_drivers_open_close.o (.rodata.str1.3622116258035701796.1)
                  70050c1d    00000014     drivers.am263px.r5f.ti-arm-clang.release.lib : edma.obj (.rodata.str1.41785049815304208531)
                  70050c31    00000014                                                  : edma.obj (.rodata.str1.93700429500326477781)
                  70050c45    00000013                                                  : soc_rcm.obj (.rodata.str1.30734103837947208761)
                  70050c58    00000013     testing.o (.rodata.str1.761491514650110821.1)
                  70050c6b    00000013     testing.o (.rodata.str1.8954517940817656586.1)
                  70050c7e    00000013     drivers.am263px.r5f.ti-arm-clang.release.lib : uart_v0.obj (.rodata.str1.9980655952161290391)
                  70050c91    00000012     BQ25751.o (.rodata.str1.15351948885430041794.1)
                  70050ca3    00000012     drivers.am263px.r5f.ti-arm-clang.release.lib : uart_v0.obj (.rodata.str1.166492982902436568231)
                  70050cb5    00000012                                                  : uart_v0.obj (.rodata.str1.171120843061886446841)
                  70050cc7    00000012                                                  : edma.obj (.rodata.str1.41579851849113419871)
                  70050cd9    00000012     ti_drivers_open_close.o (.rodata.str1.6538372684047993024.1)
                  70050ceb    00000012     drivers.am263px.r5f.ti-arm-clang.release.lib : soc_rcm.obj (.rodata.str1.67217821191364965911)
                  70050cfd    00000011                                                  : edma.obj (.rodata.str1.117215064595961288031)
                  70050d0e    00000011     ti_drivers_open_close.o (.rodata.str1.12213835641041270557.1)
                  70050d1f    00000011     logger.o (.rodata.str1.13406532556922755089.1)
                  70050d30    00000011     drivers.am263px.r5f.ti-arm-clang.release.lib : uart_v0.obj (.rodata.str1.16967668833904919061)
                  70050d41    00000011                                                  : edma.obj (.rodata.str1.28692048193800818901)
                  70050d52    00000011     nortos.am263px.r5f.ti-arm-clang.release.lib : ClockP_nortos.obj (.rodata.str1.37923443167824241621)
                  70050d63    00000011                                                 : TimerP_rti_priv.obj (.rodata.str1.44101942245516082551)
                  70050d74    00000011     logger.o (.rodata.str1.4633242734696342979.1)
                  70050d85    00000011     ti_drivers_open_close.o (.rodata.str1.6292539624901818759.1)
                  70050d96    00000011     BQ25751.o (.rodata.str1.9017280232647772979.1)
                  70050da7    00000001     --HOLE-- [fill = 0]
                  70050da8    00000010     drivers.am263px.r5f.ti-arm-clang.release.lib : soc.obj (.rodata.cst16)
                  70050db8    00000010                                                  : mcspi_v0.obj (.rodata.str1.153145657127816401141)
                  70050dc8    00000010     ti_drivers_open_close.o (.rodata.str1.15574074207268991336.1)
                  70050dd8    00000010     drivers.am263px.r5f.ti-arm-clang.release.lib : edma.obj (.rodata.str1.18778444954996405781)
                  70050de8    00000010                                                  : i2c_v1.obj (.rodata.str1.55879311564180241041)
                  70050df8    00000010     ti_drivers_open_close.o (.rodata.str1.6437641722977580707.1)
                  70050e08    0000000f     drivers.am263px.r5f.ti-arm-clang.release.lib : edma.obj (.rodata.str1.111354322338949310841)
                  70050e17    0000000f                                                  : edma.obj (.rodata.str1.144551280152329776181)
                  70050e26    0000000f                                                  : i2c_v1.obj (.rodata.str1.20248951868514646131)
                  70050e35    0000000f                                                  : edma.obj (.rodata.str1.2759273541325923811)
                  70050e44    0000000f                                                  : mcspi_v0.obj (.rodata.str1.43973954253821070511)
                  70050e53    0000000f     board.o (.rodata.str1.834004997606947946.1)
                  70050e62    0000000f     drivers.am263px.r5f.ti-arm-clang.release.lib : edma.obj (.rodata.str1.92547749779646142691)
                  70050e71    0000000e                                                  : edma.obj (.rodata.str1.19244332700943948511)
                  70050e7f    0000000e                                                  : edma.obj (.rodata.str1.46057082369026546831)
                  70050e8d    0000000e                                                  : edma.obj (.rodata.str1.46782315602798139861)
                  70050e9b    0000000e     ti_drivers_open_close.o (.rodata.str1.5205884736402799790.1)
                  70050ea9    0000000d     ti_drivers_open_close.o (.rodata.str1.10450075619424269387.1)
                  70050eb6    0000000d     drivers.am263px.r5f.ti-arm-clang.release.lib : edma.obj (.rodata.str1.121775923823351643201)
                  70050ec3    0000000d     ti_drivers_open_close.o (.rodata.str1.16905510790704221133.1)
                  70050ed0    0000000d     nortos.am263px.r5f.ti-arm-clang.release.lib : TimerP_rti_priv.obj (.rodata.str1.31870447354226168941)
                  70050edd    0000000d     drivers.am263px.r5f.ti-arm-clang.release.lib : adc.obj (.rodata.str1.70150695697723348971)
                  70050eea    0000000d     testing.o (.rodata.str1.9119961215068324276.1)
                  70050ef7    00000001     --HOLE-- [fill = 0]
                  70050ef8    0000000c     drivers.am263px.r5f.ti-arm-clang.release.lib : mcspi_v0_lld.obj (.rodata..Lswitch.table.MCSPI_lld_controllerIsr.1)
                  70050f04    0000000c                                                  : mcspi_v0_lld.obj (.rodata..Lswitch.table.MCSPI_lld_controllerIsr)
                  70050f10    0000000c                                                  : soc.obj (.rodata..Lswitch.table.SOC_enableAdcReferenceMonitor)
                  70050f1c    0000000c     logger.o (.rodata..Lswitch.table.print_log)
                  70050f28    0000000c     nortos.am263px.r5f.ti-arm-clang.release.lib : ClockP_nortos_r5.obj (.rodata.str1.177642182983587376931)
                  70050f34    0000000c     BQ25751.o (.rodata.str1.2018570541276964866.1)
                  70050f40    0000000c     drivers.am263px.r5f.ti-arm-clang.release.lib : mcspi_v0.obj (.rodata.str1.69169362540279301091)
                  70050f4c    0000000c                                                  : edma.obj (.rodata.str1.73371482538137472541)
                  70050f58    0000000c     logger.o (.rodata.str1.7498274428696469886.1)
                  70050f64    0000000b     drivers.am263px.r5f.ti-arm-clang.release.lib : mcspi_v0.obj (.rodata.str1.169287378047891341191)
                  70050f6f    0000000b                                                  : uart_v0.obj (.rodata.str1.174466331461201984741)
                  70050f7a    0000000b                                                  : uart_v0.obj (.rodata.str1.23952661867579505821)
                  70050f85    0000000b                                                  : mcspi_v0.obj (.rodata.str1.248655060218483491)
                  70050f90    0000000b                                                  : edma.obj (.rodata.str1.8716574913843167321)
                  70050f9b    0000000b     board.o (.rodata.str1.9440741161207462191.1)
                  70050fa6    0000000a     drivers.am263px.r5f.ti-arm-clang.release.lib : soc_rcm.obj (.rodata.str1.102656642322745120751)
                  70050fb0    0000000a                                                  : edma.obj (.rodata.str1.11281620503267214511)
                  70050fba    0000000a     logger.o (.rodata.str1.13114922096505101489.1)
                  70050fc4    0000000a     drivers.am263px.r5f.ti-arm-clang.release.lib : uart_v0.obj (.rodata.str1.4680544719311723101)
                  70050fce    0000000a                                                  : uart_v0.obj (.rodata.str1.62285611621840673441)
                  70050fd8    0000000a                                                  : edma.obj (.rodata.str1.94390198658697638781)
                  70050fe2    0000000a                                                  : i2c_v1.obj (.rodata.str1.97456980245303321621)
                  70050fec    0000000a                                                  : uart_v0.obj (.rodata.str1.98976386761529848021)
                  70050ff6    00000009     libc.a : _scanfi.c.obj (.rodata.str1.12964984209033246150.1)
                  70050fff    00000009     drivers.am263px.r5f.ti-arm-clang.release.lib : i2c_v1.obj (.rodata.str1.60490558749180274121)
                  70051008    00000008     libc.a : _scanfi.c.obj (.rodata..L__const._sproc_float.special)
                  70051010    00000008     logger.o (.rodata.str1.11411971380641413352.1)
                  70051018    00000008     logger.o (.rodata.str1.3193577328096652195.1)
                  70051020    00000006     libc.a : _scanfi.c.obj (.rodata._sproc_int.barr)
                  70051026    00000006     drivers.am263px.r5f.ti-arm-clang.release.lib : soc_rcm.obj (.rodata.str1.53743240983164125611)
                  7005102c    00000006     logger.o (.rodata.str1.9978879681667430888.1)
                  70051032    00000005     BQ25751.o (.rodata.str1.13909236871274729330.1)
                  70051037    00000005     nortos.am263px.r5f.ti-arm-clang.release.lib : printf.obj (.rodata.str1.143852280595428356391)
                  7005103c    00000005                                                 : printf.obj (.rodata.str1.23318557076440195721)
                  70051041    00000005     logger.o (.rodata.str1.5950550609978457137.1)
                  70051046    00000002     --HOLE-- [fill = 0]
                  70051048    00000004     nortos.am263px.r5f.ti-arm-clang.release.lib : CacheP_armv7r.obj (.rodata.gCacheL1dCacheLineSize)
                  7005104c    00000004                                                 : CacheP_armv7r.obj (.rodata.gCacheL1pCacheLineSize)
                  70051050    00000004     logger.o (.rodata.str1.11268383079938446260.1)
                  70051054    00000004     nortos.am263px.r5f.ti-arm-clang.release.lib : printf.obj (.rodata.str1.122320159353749299121)
                  70051058    00000004     BQ25751.o (.rodata.str1.13505117214245943287.1)
                  7005105c    00000004     logger.o (.rodata.str1.14780196379335289893.1)
                  70051060    00000004     libc.a : _scanfi.c.obj (.rodata.str1.3403580589742030990.1)
                  70051064    00000004     nortos.am263px.r5f.ti-arm-clang.release.lib : printf.obj (.rodata.str1.81101573233442303481)
                  70051068    00000003     PDMtesting.o (.rodata.str1.1094412632907578887.1)
                  7005106b    00000005     --HOLE-- [fill = 0]

.bss       0    70051070    000028c0     UNINITIALIZED
                  70051070    00000c80     (.common:logs)
                  70051cf0    00000808     (.common:gHwiCtrl)
                  700524f8    00000770     ti_drivers_config.o (.bss.gMcspiObjects)
                  70052c68    00000428     ti_drivers_config.o (.bss.gI2cObjects)
                  70053090    00000368     ti_drivers_config.o (.bss.gUartObjects)
                  700533f8    00000120     libsysbm.a : trgmsg.c.obj (.bss:_CIOBUF_)
                  70053518    000000e8     ti_drivers_config.o (.bss.gEdmaObjects)
                  70053600    000000e0     (.common:intr_objects)
                  700536e0    000000ac     ti_board_open_close.o (.bss.Board_ioexpOpen.gTCA6424_Config)
                  7005378c    000000a0     libc.a : defs.c.obj (.bss.__TI_tmpnams)
                  7005382c    00000090     (.common:gDebugShmLogReaderCtrl)
                  700538bc    00000004     nortos.am263px.r5f.ti-arm-clang.release.lib : HwiP_armv7r_vim.obj (.bss.gdummy)
                  700538c0    00000038     (.common:gClockCtrl)
                  700538f8    00000010     (.common:virtToPhymap)
                  70053908    00000008     libsysbm.a : hostopen.c.obj (.bss.parmbuf)
                  70053910    00000008     (.common:gI2cHandle)
                  70053918    00000008     (.common:gMcspiHandle)
[...]
70048deb  ClockP_init                        
70048eef  Dpl_deinit                         
70048ef1  UART_lld_dmaWrite                  
70048ff5  GPIO_bankIsrFxn                    
700490f5  MCSPI_close                        
700491f5  UART_write                         
700492f1  MCSPI_lld_initDma                  
700493e5  GPIO_deinit                        
700494d7  SemaphoreP_destruct                
700494d8  fputc                              
700496af  MCSPI_lld_readWriteDma             
70049869  print_log                          
7004993b  TaskP_yield                        
7004993d  EDMA_unregisterIntr                
70049a0d  UART_lld_initDma                   
70049ad8  getdevice                          
70049ba1  I2C_lld_mem_write                  
70049d29  MCSPI_lld_init                     
70049ded  BQ25751_read_reg                   
70049ead  I2C_lld_mem_read                   
70049f6d  UART_lld_init                      
7004a02d  init_global_interrupts             
7004a0ed  TCA6424_config                     
7004a1ab  TCA6424_setOutput                  
7004a269  EDMA_registerIntr                  
7004a324  fseeko                             
7004a3d8  __TI_closefile                     
7004a691  DebugP_readLine                    
7004a739  BQ25751_run_test_mode              
7004a885  UART_lld_read                      
7004a9d1  I2C_close                          
7004aa75  I2C_lld_mem_readIntr               
7004ab19  I2C_lld_mem_writeIntr              
7004ac61  EDMA_freeDmaChannel                
7004ad01  EDMA_freeParam                     
7004ada1  EDMA_freeTcc                       
7004ae40  HOSTrename                         
7004aee1  UART_lld_dmaRead                   
7004af81  UART_lld_readIntr                  
7004b01c  __TI_wrt_ok                        
7004b0b9  Board_ioexpOpen                    
7004b154  HOSTlseek                          
7004b285  BQ25751_write_reg                  
7004b31b  SemaphoreP_pend                    
7004b3b1  EDMA_configureChannelRegion        
7004b444  HOSTopen                           
7004b4d9  I2C_lld_init                       
7004b56d  SPI_ReadWrite                      
7004b601  UART_lld_readWithCounter           
7004b695  Drivers_open                       
7004b843  MCSPI_lld_peripheralIsr            
7004b8d0  close                              
7004b95d  i2c_read_error_handler             
7004b9e9  ADC_setPPBTripLimits               
7004ba71  UART_init                          
7004baf9  UART_procLineStatusErr             
7004bb80  __TI_doflush                       
7004bc08  HOSTread                           
7004bc8c  HOSTwrite                          
7004bd95  EDMA_close                         
7004be15  UART_flushTxFifo                   
7004be95  Drivers_mcspiOpen                  
7004c00f  Drivers_i2cOpen                    
7004c08b  MCSPI_initiateLastChunkTransfer    
7004c105  MCSPI_init                         
7004c265  MCSPI_stop                         
7004c2d7  MCSPI_lld_dmaStop                  
7004c347  BQ25751_read_faults                
7004c3b5  EDMA_disableTransferRegion         
7004c423  EDMA_enableTransferRegion          
7004c490  HOSTunlink                         
7004c4fd  UART_lld_writeDma                  
7004c569  UART_lld_readDma                   
7004c5d1  UART_lld_writeIntr                 
7004c638  atoi                               
7004c6a1  digitalWrite                       
7004c709  CycleCounterP_init                 
7004c719  CycleCounterP_reset                
7004c73d  CycleCounterP_nsToTicks            
7004c769  CycleCounterP_enableUserAccess     
7004c771  SOC_controlModuleUnlockMMR         
7004c7d5  add_log                            
7004c839  init_interrupt                     
7004c89c  HOSTclose                          
7004c8fd  ClockP_timerTickIsr                
7004c95b  MCSPI_setChDataSize                
7004c9b9  GPIO_setTrigType                   
7004ca71  SOC_controlModuleLockMMR           
7004cacd  _DebugP_assert                     
7004cb80  __TI_cleanup                       
7004cbd8  __TI_readmsg                       
7004cc30  __TI_writemsg                      
7004cc7c  C$$IO$$                            
7004cc89  print_pending_logs                 
7004cce1  ClockP_getTimeUsec                 
7004cd37  UART_intrDisable                   
7004cd8d  UART_readCancelNoCB                
7004cde3  UART_writeCancelNoCB               
7004ce39  Dpl_init                           
7004ce8c  exit                               
7004cee0  finddevice                         
7004cf34  __TI_auto_init_nobinit_nopinit     
7004cf89  AddrTranslateP_getLocalAddr        
7004d02d  MCSPI_lld_deInitDma                
7004d07f  BQ25751_print_register_dump        
7004d0cf  ClockP_construct                   
7004d121  EDMA_allocDmaChannel               
7004d171  EDMA_allocParam                    
7004d1c1  EDMA_allocTcc                      
7004d25f  Drivers_edmaOpen                   
7004d2ad  Drivers_uartOpen                   
7004d2fb  EDMA_disableChInShadowRegRegion    
7004d349  MCSPI_transferCallback             
7004d3e1  SOC_enableAdcReferenceMonitor      
7004d42d  SOC_enableAdcGlobalForce           
7004d475  SOC_enableAdcInternalReference     
7004d504  unlink                             
7004d5d9  SOC_getAdcReferenceStatus          
7004d61d  UART_Params_init                   
7004d661  UART_lld_deInitDma                 
7004d6a5  ClockP_stop                        
7004d6e5  EDMA_mapChToEvtQ                   
7004d725  Pinmux_config                      
7004d765  SemaphoreP_constructBinary         
7004d7a5  UART_lld_deInit                    
7004d863  SemaphoreP_constructMutex          
7004d8a1  EDMA_getBaseAddr                   
7004d919  ClockP_destruct                    
7004d953  DebugP_uartLogWriterPutChar        
7004d98d  Module_clockSetFrequency           
7004d9c7  TCA6424_open                       
7004da01  UART_lld_flushTxFifo               
7004da75  _DebugP_logZone                    
7004daac  CycleCounterP_getCount32           
7004dab4  PmuP_setup                         
7004dabc  PmuP_enableCounters                
7004dac4  PmuP_disableCounters               
7004dacc  PmuP_getOverflowStatus             
7004dad4  PmuP_clearOverflowStatus           
7004dadc  PmuP_setUserEnable                 
7004dae5  EDMA_clrMissEvtRegion              
7004db1b  ClockP_start                       
7004db51  I2C_init                           
7004db85  MCSPI_errorCallback                
7004dbb9  Module_clockDisable                
7004dbed  Module_clockEnable                 
7004dc21  SOC_enableAdcDacLoopback           
7004dcbc  lseek                              
7004dcf0  write                              
7004dd25  ClockP_usleep                      
7004dd57  EDMA_unmapChToEvtQ                 
7004dd89  SemaphoreP_post                    
7004ddbb  DebugP_scanf                       
7004de4d  adc_to_current_LM74930             
7004de7d  EDMA_enableChInShadowRegRegion     
7004deab  I2C_lld_deInit                     
7004ded9  System_init                        
7004df35  DebugP_shmLogReaderInit            
7004df61  I2C_getHandle                      
7004df8d  SOC_rcmGetR5Clock                  
7004dfb9  UART_getHandle                     
7004dfe5  adc_to_current_HSS_MB              
7004e011  adc_to_current_TPS                 
7004e03c  vsscanf                            
7004e091  GPIO_setDirMode                    
7004e0e1  SOC_moduleSetClockFrequency        
7004e109  read_ext_ADC                       
7004e131  ClockP_sleep                       
7004e157  EDMA_setPaRAM                      
7004e17d  I2C_lld_transferIntr               
7004e1a3  I2C_lld_transferPoll               
7004e1c9  UART_lld_dmaDisableChannel         
7004e280  __aeabi_uldivmod                   
7004e2a5  int_adc_to_voltage                 
7004e2c9  vprintf_                           
7004e2ed  EDMA_linkChannel                   
7004e331  System_deinit                      
7004e353  print_logs                         
7004e375  DebugP_logZoneEnable               
7004e395  I2C_lld_Message_init               
7004e3d5  TimerP_Params_initPriv             
7004e3f5  UART_getChar                       
7004e415  Board_driversOpen                  
7004e433  TCA6424_close                      
7004e451  UART_spaceAvail                    
7004e4e1  MCSPI_lld_deInit                   
7004e4fd  SOC_rcmIsR5FInLockStepMode         
7004e535  main                               
7004e588  TI_memcpy_small                    
7004e5a5  CSL_armR5GetCpuID                  
7004e5bf  EDMA_readEventStatusRegion         
7004e5f5  I2C_deinit                         
7004e60d  MCSPI_deinit                       
7004e625  MCSPI_lld_dmaInit                  
7004e63d  TimerP_getCountPriv                
7004e655  UART_deinit                        
7004e66d  clear_logs                         
7004e684  TI_memset_small                    
7004e69d  I2C_lld_Transaction_init           
7004e6b3  MCSPI_reset                        
7004e6c9  UART_IsTxRxFifoEmpty               
7004e6df  UART_getIntrIdentityStatus         
7004e70b  ClockP_usecToTicks                 
7004e71f  EDMA_getRegionId                   
7004e733  UART_Transaction_init              
7004e75b  ADC_setMode                        
7004e791  UART_operatingModeSelect           
7004e7a3  UART_readLineStatus                
7004e7b5  putchar_                           
7004e7c7  GPIO_bankIntrDisable               
7004e7d7  UART_intr2Disable                  
7004e7e8  __aeabi_memset                     
7004e7e8  __aeabi_memset4                    
7004e7e8  __aeabi_memset8                    
7004e808  putchar                            
7004e819  EDMA_ccPaRAMEntry_init             
7004e827  GPIO_bankIntrEnable                
7004e843  Pinmux_init                        
7004e851  PowerClock_init                    
7004e85f  ClockP_getTicks                    
7004e86b  DebugP_uartSetDrvIndex             
7004e877  EDMA_isInitialized                 
7004e885  I2C_Transaction_init               
7004e891  SOC_getSelfCpuClk                  
7004e89d  TCA6424_Params_init                
7004e8a8  __aeabi_errno_addr                 
7004e8b4  __aeabi_memclr                     
7004e8b4  __aeabi_memclr4                    
7004e8b4  __aeabi_memclr8                    
7004e8c0  malloc                             
7004e8cc  CSL_armR5ReadMpidrReg              
7004e8d8  C$$EXIT                            
7004e8d8  HOSTexit                           
7004e8ed  ClockP_Params_init                 
7004e8f7  ClockP_isActive                    
7004e901  TimerP_getReloadCountPriv          
7004e90b  TimerP_startPriv                   
7004e915  UART_lld_Transaction_deInit        
7004e91f  TimerP_clearOverflowIntPriv        
7004e92f  EDMA_isInterruptEnabled            
7004e935  SOC_moduleClockEnable              
7004e941  PowerClock_deinit                  
7004e945  TimerP_Params_init                 
7004e949  TimerP_clearOverflowInt            
7004e94d  TimerP_getCount                    
7004e951  TimerP_getReloadCount              
7004e955  TimerP_setup                       
7004e959  TimerP_start                       
7004e95c  __aeabi_idiv0                      
7004e960  __aeabi_ldiv0                      
7004e964  __aeabi_memcpy                     
7004e964  __aeabi_memcpy4                    
7004e964  __aeabi_memcpy8                    
7004e968  _nop                               
7004e96c  fseek                              
7004e970  remove                             
7004e9a0  test_results                       
7004ee50  bq25751_registers                  
7004efb0  __aeabi_ctype_table_               
7004efb0  __aeabi_ctype_table_C              
7004f0b1  test_cases                         
7004f244  gCacheConfig                       
7004f24c  gMpuConfig                         
7004f258  gMpuRegionConfig                   
7004f360  gADPLLJConfigTbl                   
7004fe10  I2C_defaultTransaction             
70050868  I2C_lld_defaultMessage             
700508e0  gPeripheralClkSrcInfoMap           
70051048  gCacheL1dCacheLineSize             
7005104c  gCacheL1pCacheLineSize             
70051070  __BSS_START                        
70051070  logs                               
70051cf0  gHwiCtrl                           
700533f8  _CIOBUF_                           
700533f8  __CIOBUF_                          
70053600  intr_objects                       
7005378c  __TI_tmpnams                       
7005382c  gDebugShmLogReaderCtrl             
700538c0  gClockCtrl                         
700538f8  virtToPhymap                       
70053908  parmbuf                            
70053910  gI2cHandle                         
70053918  gMcspiHandle                       
70053924  gEdmaHandle                        
70053928  gUartHandle                        
7005392e  BQ25751_timer_en                   
70053930  __BSS_END                          
70053930  _sys_memory                        
7005b930  __stack                            
7005f930  __STACK_END                        
7005f931  HwiP_enableInt                     
7005f959  HwiP_disableInt                    
7005f98b  HwiP_restoreInt                    
7005f9e1  HwiP_clearInt                      
7005fa01  HwiP_post                          
7005fa29  HwiP_Params_init                   
7005fa3b  HwiP_construct                     
7005fb83  HwiP_destruct                      
7005fc55  HwiP_init                          
7005fd17  HwiP_inISR                         
7005fd33  HwiP_irq_handler_c                 
7005fdb7  HwiP_fiq_handler                   
7005fe67  HwiP_reserved_handler              
7005fe95  HwiP_undefined_handler_c           
7005feb3  HwiP_user_undefined_handler_c      
7005fec7  HwiP_svc_handler                   
7005fef5  HwiP_prefetch_abort_handler_c      
7005ff6f  HwiP_user_prefetch_abort_handler_c 
7005ff7f  HwiP_data_abort_handler_c          
7005ffff  HwiP_user_data_abort_handler_c     
70060010  HwiP_irq_handler                   
70060084  HwiP_data_abort_handler            
700600c8  HwiP_prefetch_abort_handler        
70060114  HwiP_undefined_handler             
70060144  GET_DFSR                           
7006014c  GET_ADFSR                          
70060154  GET_DFAR                           
7006015c  GET_IFSR                           
70060164  GET_AIFSR                          
7006016c  GET_IFAR                           
70060174  GET_SPSR                           
7006018c  HwiP_disable                       
7006019c  HwiP_disableFIQ                    
700601ac  HwiP_enable                        
700601bc  HwiP_enableFIQ                     
700601cc  HwiP_restore                       
700601d4  HwiP_enableVIC                     
700601e4  HwiP_disableVIC                    
700601f4  HwiP_getCPSR                       
70060208  CacheP_disableL1d                  
70060230  CacheP_disableL1p                  
70060248  CacheP_enableL1d                   
70060260  CacheP_enableL1p                   
70060278  CacheP_invL1d                      
700602b0  CacheP_invL1p                      
700602ec  CacheP_invL1dAll                   
700602f4  CacheP_invL1pAll                   
700602fc  CacheP_wb                          
70060338  CacheP_wbInv                       
70060374  CacheP_wbAll                       
7006041c  CacheP_wbInvAll                    
70060434  CacheP_wbInvAllAsm                 
700604d4  CacheP_getEnabled                  
7006050c  CacheP_getCacheLevelInfo           
70060518  CacheP_configForceWrThru           
70060538  CacheP_setDLFO                     
70060549  CacheP_init                        
700605a1  CacheP_disable                     
700605db  CacheP_enable                      
700605fb  CacheP_inv                         
70060639  MpuP_getAttrs                      
70060679  MpuP_RegionAttrs_init              
70060687  MpuP_setRegion                     
70060701  MpuP_isEnable                      
70060705  MpuP_disable                       
70060737  MpuP_enable                        
70060773  MpuP_init                          
700607d5  MpuP_isUserAuthorizedToAccessMemory
7006083c  MpuP_disableAsm                    
70060854  MpuP_disableBRAsm                  
70060864  MpuP_enableAsm                     
7006087c  MpuP_enableBRAsm                   
7006088c  MpuP_isEnableAsm                   
700608a0  MpuP_setRegionAsm                  
700608c8  _c_int00_sbl                       
700608ec  _c_int00                           
70060a0d  _DebugP_assertNoLog                
70060a2b  _system_pre_init                   
70060a47  __mpu_init                         
70060a58  abort                              
70060a60  _ftable                            
70060a60  gMcspiDmaHandle                    
70060a60  gUartDmaHandle                     
70060e9c  _device                            
70060f14  intr_pins                          
70060f84  gUartParams                        
70060fdc  _stream                            
70061074  gSpi0ChCfg                         
700610b4  gSpi1ChCfg                         
700610f4  gSocModulesClockFrequency          
70061160  gMcspiOpenParams                   
70061188  ext_adc0                           
700611a4  ext_adc1                           
700611c0  gClockConfig                       
700611d8  gI2cParams                         
700611f0  gSocModules                        
70061204  gI2cConfig                         
70061214  gMcspiConfig                       
70061224  __TI_ft_end                        
70061228  gAddrTranslateConfig               
70061234  __TI_cleanup_ptr                   
70061238  __TI_dtors_ptr                     
7006123c  __aeabi_errno                      
70061240  BQ25751_timer                      
70061248  gConfigMcspiChCfg                  
70061250  gEdmaConfig                        
70061258  gEdmaParams                        
70061260  gMcspiDmaChConfig                  
70061268  gMcspiNumCh                        
70061278  gUartConfig                        
70061288  _lock                              
7006128c  _unlock                            
70061290  gDebugLogZone                      
70061294  gDebugP_uartDrvIndex               
70061298  gEdmaConfigNum                     
7006129c  gHwiConfig                         
700612a0  gI2cConfigNum                      
700612a4  gMcspiConfigNum                    
700612a8  gUartConfigNum                     
700612ac  gUartDmaChConfig                   
700612b0  test                               
700612b6  logs_length                        
700612b8  isMapAvailable                     
700612c0  __IRQ_STACK_START                  
700613c0  __FIQ_STACK_START                  
700613c0  __IRQ_STACK_END                    
700614c0  __FIQ_STACK_END                    
700614c0  __SVC_STACK_START                  
700624c0  __ABORT_STACK_START                
700624c0  __SVC_STACK_END                    
700625c0  __ABORT_STACK_END                  
700625c0  __UNDEFINED_STACK_START            
700626c0  __UNDEFINED_STACK_END              
701d4000  gDebugShmLog                       
ffffffff  __TI_pprof_out_hndl                
ffffffff  __TI_prof_data_size                
ffffffff  __TI_prof_data_start               
ffffffff  __binit__                          
ffffffff  binit                              
UNDEFED   __TI_CINIT_Base                    
UNDEFED   __TI_CINIT_Limit                   
UNDEFED   __TI_Handler_Table_Base            
UNDEFED   __TI_Handler_Table_Limit           
UNDEFED   _system_post_cinit                 

[512 symbols]
