******************************************************************************
            TI ARM Clang Linker PC v4.0.2                      
******************************************************************************
>> Linked Tue Jul 22 17:43:45 2025

OUTPUT FILE NAME:   <second_stage_PDM_testing.out>
ENTRY POINT SYMBOL: "_vectors"  address: 00000000


MEMORY CONFIGURATION

         name            origin    length      used     unused   attr    fill
----------------------  --------  ---------  --------  --------  ----  --------
  R5F_VECS              00000000   00000040  00000040  00000000  RWIX
  R5F_TCMA              00000040   00007fc0  00000000  00007fc0  RWIX
  R5F_TCMB              00080000   00008000  00000000  00008000  RWIX
  MAILBOX_HSM           44000000   000003ce  00000000  000003ce  RWIX
  MAILBOX_R5F           44000400   000003ce  00000000  000003ce  RWIX
  FLASH                 60100000   00080000  00000000  00080000  RWIX
  SBL                   70000000   00040000  00000000  00040000  RWIX
  OCRAM                 70040000   00040000  000236e0  0001c920  RWIX
  USER_SHM_MEM          701d0000   00004000  00000000  00004000  RWIX
  LOG_SHM_MEM           701d4000   00004000  00002000  00002000  RWIX
  RTOS_NORTOS_IPC_SHM_M 72000000   00003e80  00000000  00003e80  RWIX


SEGMENT ALLOCATION MAP

run origin  load origin   length   init length attrs members
----------  ----------- ---------- ----------- ----- -------
00000000    00000000    00000040   00000040    r-x
  00000000    00000000    00000040   00000040    r-x .vectors
70040000    70040000    00011df0   00011df0    r-x
  70040000    70040000    0000f040   0000f040    r-x .text
  7004f040    7004f040    00002db0   00002db0    r-- .rodata
70051df0    70051df0    0000eb00   00000000    rw-
  70051df0    70051df0    00002b00   00000000    rw- .bss
  700548f0    700548f0    00008000   00000000    rw- .sysmem
  7005c8f0    7005c8f0    00004000   00000000    rw- .stack
700608f0    700608f0    00001130   00001130    r-x
  700608f0    700608f0    000008d8   000008d8    r-x .text.hwi
  700611c8    700611c8    00000430   00000430    r-x .text.cache
  700615f8    700615f8    00000290   00000290    r-x .text.mpu
  70061888    70061888    00000190   00000190    r-x .text.boot
  70061a18    70061a18    00000008   00000008    r-x .text:abort
70061a20    70061a20    00001cc0   000008c0    rw-
  70061a20    70061a20    000008c0   000008c0    rw- .data
  700622e0    700622e0    00000100   00000000    rw- .irqstack
  700623e0    700623e0    00000100   00000000    rw- .fiqstack
  700624e0    700624e0    00001000   00000000    rw- .svcstack
  700634e0    700634e0    00000100   00000000    rw- .abortstack
  700635e0    700635e0    00000100   00000000    rw- .undefinedstack


SECTION ALLOCATION MAP

 output                                  attributes/
section   page    origin      length       input sections
--------  ----  ----------  ----------   ----------------
.vectors   0    00000000    00000040     
                  00000000    00000040     nortos.am263px.r5f.ti-arm-clang.release.lib : HwiP_armv7r_vectors_nortos_asm.obj (.vectors)

.text      0    70040000    0000f040     
                  70040000    00001328     libc.a : _scanfi.c.obj (.text.__TI_scanfi)
                  70041328    00000756     ti_drivers_open_close.o (.text.Drivers_adcOpen)
                  70041a7e    00000002     ti_board_config.o (.text.Board_deinit)
                  70041a80    00000580     nortos.am263px.r5f.ti-arm-clang.release.lib : printf.obj (.text._vsnprintf)
                  70042000    000004d4     libc.a : strtod.c.obj (.text.strtod)
                  700424d4    000004cc     drivers.am263px.r5f.ti-arm-clang.release.lib : soc_rcm.obj (.text.SOC_rcmEnablePeripheralClock)
                  700429a0    00000444                                                  : i2c_v1_lld.obj (.text.I2C_lld_primeTransferPoll)
                  70042de4    00000004     nortos.am263px.r5f.ti-arm-clang.release.lib : ClockP_nortos_r5.obj (.text.ClockP_getTimerCount)
                  70042de8    00000400                                                 : printf.obj (.text._ftoa)
                  700431e8    000003b8     testing.o (.text.conduct_test)
                  700435a0    00000390     libc.a : strcmp32.S.obj (.text:strcmp)
                  70043930    00000310     nortos.am263px.r5f.ti-arm-clang.release.lib : printf.obj (.text._etoa)
                  70043c40    000002a8     drivers.am263px.r5f.ti-arm-clang.release.lib : uart_v0.obj (.text.UART_open)
                  70043ee8    00000298                                                  : mcspi_v0.obj (.text.MCSPI_open)
                  70044180    0000027c                                                  : edma.obj (.text.EDMA_init)
                  700443fc    0000027c     libc.a : strtoll.c.obj (.text.strtoll)
                  70044678    00000250     drivers.am263px.r5f.ti-arm-clang.release.lib : soc_rcm.obj (.text.SOC_rcmSetPeripheralClock)
                  700448c8    00000248     libc.a : strtoull.c.obj (.text.strtoull)
                  70044b10    0000023c     drivers.am263px.r5f.ti-arm-clang.release.lib : uart_v0_lld.obj (.text.UART_configInstance)
                  70044d4c    00000230                                                  : mcspi_dma_edma.obj (.text.MCSPI_lld_dmaTransfer)
                  70044f7c    00000212     ti_drivers_config.o (.text.GPIO_init)
                  7004518e    00000002     ti_board_config.o (.text.Board_init)
                  70045190    00000210     drivers.am263px.r5f.ti-arm-clang.release.lib : i2c_v1.obj (.text.I2C_open)
                  700453a0    0000020c                                                  : edma.obj (.text.EDMA_errorIsrFxn)
                  700455ac    0000020c                                                  : mcspi_v0_lld.obj (.text.MCSPI_transferControllerPoll)
                  700457b8    00000204                                                  : edma.obj (.text.EDMA_freeChannelRegion)
                  700459bc    000001f8     libc.a : strtol.c.obj (.text.strtol)
                  70045bb4    000001ec            : strtoul.c.obj (.text.strtoul)
                  70045da0    000001e8     drivers.am263px.r5f.ti-arm-clang.release.lib : mcspi_v0_lld.obj (.text.MCSPI_lld_controllerIsr)
                  70045f88    000001d0     libclang_rt.builtins.a : udivsi3.S.obj (.text.__udivsi3)
                  70046158    000001c0     drivers.am263px.r5f.ti-arm-clang.release.lib : mcspi_dma_edma.obj (.text.MCSPI_lld_dmaChInit)
                  70046318    000001b4                                                  : i2c_v1_lld.obj (.text.I2C_lld_targetIsr)
                  700464cc    000001ae                                                  : i2c_v1_lld.obj (.text.I2C_lld_controllerIsr)
                  7004667a    00000002     nortos.am263px.r5f.ti-arm-clang.release.lib : DebugP_nortos.obj (.text.DebugP_shmLogReaderTaskCreate)
                  7004667c    000001a8     drivers.am263px.r5f.ti-arm-clang.release.lib : mcspi_v0_lld.obj (.text.MCSPI_lld_chConfig)
                  70046824    000001a8     libc.a : memory.c.obj (.text.free)
                  700469cc    000001a4            : memory.c.obj (.text.aligned_alloc)
                  70046b70    00000194     drivers.am263px.r5f.ti-arm-clang.release.lib : uart_dma_edma.obj (.text.UART_lld_dmaInit)
                  70046d04    00000190                                                  : mcspi_v0.obj (.text.MCSPI_transfer)
                  70046e94    00000188     BQ25751.o (.text.BQ25751_manual_register_write)
                  7004701c    00000188     BQ25856.o (.text.BQ25856_manual_register_write)
                  700471a4    00000188     drivers.am263px.r5f.ti-arm-clang.release.lib : i2c_v1.obj (.text.I2C_transfer)
                  7004732c    00000164                                                  : edma.obj (.text.EDMA_open)
                  70047490    00000160                                                  : edma.obj (.text.EDMA_deinit)
                  700475f0    00000150     libc.a : s_scalbn.c.obj (.text.scalbn)
                  70047740    0000014e     drivers.am263px.r5f.ti-arm-clang.release.lib : uart_dma_edma.obj (.text.UART_lld_dmaDeInit)
                  7004788e    0000014c                                                  : mcspi_dma_edma.obj (.text.MCSPI_lld_dmaDeInit)
                  700479da    00000002     ti_dpl_config.o (.text.Dpl_deinit)
                  700479dc    00000148     PDMtesting.o (.text.PDM_testing)
                  70047b24    00000144     libc.a : setvbuf.c.obj (.text.setvbuf)
                  70047c68    00000140     nortos.am263px.r5f.ti-arm-clang.release.lib : TimerP_rti_priv.obj (.text.TimerP_setupPriv)
                  70047da8    0000013c     drivers.am263px.r5f.ti-arm-clang.release.lib : soc.obj (.text.SOC_virtToPhy)
                  70047ee4    00000138                                                  : uart_v0.obj (.text.UART_close)
                  7004801c    00000134                                                  : mcspi_v0_lld.obj (.text.MCSPI_lld_readWrite)
                  70048150    00000132     BQ25751.o (.text.BQ25751_manual_register_read)
                  70048282    00000132     BQ25856.o (.text.BQ25856_manual_register_read)
                  700483b4    00000132     nortos.am263px.r5f.ti-arm-clang.release.lib : printf.obj (.text._ntoa_format)
                  700484e6    00000002                                                 : SemaphoreP_nortos.obj (.text.SemaphoreP_destruct)
                  700484e8    00000126     int_adc.o (.text.read_int_ADC)
                  7004860e    00000120     board.o (.text.GPIO_bankIsrFxn)
                  7004872e    0000011c     drivers.am263px.r5f.ti-arm-clang.release.lib : mcspi_v0_lld.obj (.text.MCSPI_lld_readWriteIntr)
                  7004884a    0000011a                                                  : uart_v0_lld.obj (.text.UART_lld_controllerIsr)
                  70048964    00000118                                                  : edma.obj (.text.Alloc_resource)
                  70048a7c    00000118     libclang_rt.builtins.a : udivmoddi4.S.obj (.text)
                  70048b94    00000114     BQ25751.o (.text.BQ25751_run_test_mode)
                  70048ca8    00000114     ti_drivers_config.o (.text.GPIO_deinit)
                  70048dbc    00000114     drivers.am263px.r5f.ti-arm-clang.release.lib : soc_rcm.obj (.text.SOC_rcmGetPeripheralClockFrequency)
                  70048ed0    0000010e                                                  : uart_v0_lld.obj (.text.UART_lld_write)
                  70048fde    00000002     nortos.am263px.r5f.ti-arm-clang.release.lib : TaskP_nortos.obj (.text.TaskP_yield)
                  70048fe0    00000108     drivers.am263px.r5f.ti-arm-clang.release.lib : edma.obj (.text.EDMA_transferCompletionMasterIsrFxn)
                  700490e8    00000108                                                  : uart_v0.obj (.text.UART_read)
                  700491f0    00000106                                                  : mcspi_v0_lld.obj (.text.MCSPI_continuePeripheralTxRx)
                  700492f6    00000104     nortos.am263px.r5f.ti-arm-clang.release.lib : ClockP_nortos_r5.obj (.text.ClockP_init)
                  700493fa    00000002     drivers.am263px.r5f.ti-arm-clang.release.lib : uart_dma_edma.obj (.text.UART_edmaDoNothing)
                  700493fc    00000104                                                  : uart_dma_edma.obj (.text.UART_lld_dmaWrite)
                  70049500    00000100                                                  : mcspi_v0.obj (.text.MCSPI_close)
                  70049600    000000fc                                                  : uart_v0.obj (.text.UART_write)
                  700496fc    000000f4                                                  : mcspi_v0_lld.obj (.text.MCSPI_lld_initDma)
                  700497f0    000000f0     libc.a : fputc.c.obj (.text.fputc)
                  700498e0    000000f0     board.o (.text.init_gpio)
                  700499d0    000000e6     drivers.am263px.r5f.ti-arm-clang.release.lib : mcspi_dma_edma.obj (.text.MCSPI_edmaIsrTx)
                  70049ab6    000000e6                                                  : mcspi_v0_lld.obj (.text.MCSPI_lld_readWriteDma)
                  70049b9c    000000d6     board.o (.text.init_global_interrupts)
                  70049c72    00000002     drivers.am263px.r5f.ti-arm-clang.release.lib : uart_v0.obj (.text.UART_lld_errorCallback)
                  70049c74    000000d4     libc.a : sscanf.c.obj (.text._chkmbc)
                  70049d48    000000d4     logger.o (.text.print_log)
                  70049e1c    000000d0     drivers.am263px.r5f.ti-arm-clang.release.lib : edma.obj (.text.EDMA_unregisterIntr)
                  70049eec    000000cc                                                  : uart_v0_lld.obj (.text.UART_lld_initDma)
                  70049fb8    000000c8     libc.a : getdevice.c.obj (.text.getdevice)
                  7004a080    000000c4     drivers.am263px.r5f.ti-arm-clang.release.lib : i2c_v1_lld.obj (.text.I2C_lld_mem_write)
                  7004a144    000000c4                                                  : i2c_v1_lld.obj (.text.I2C_lld_primeTransferIntr)
                  7004a208    000000c4                                                  : mcspi_v0_lld.obj (.text.MCSPI_lld_init)
                  7004a2cc    000000c0     BQ25751.o (.text.BQ25751_read_reg)
                  7004a38c    000000c0     BQ25856.o (.text.BQ25856_read_reg)
                  7004a44c    000000c0     drivers.am263px.r5f.ti-arm-clang.release.lib : i2c_v1_lld.obj (.text.I2C_lld_mem_read)
                  7004a50c    000000c0                                                  : uart_v0_lld.obj (.text.UART_lld_init)
                  7004a5cc    000000be     ioexp_tca6424.o (.text.TCA6424_config)
                  7004a68a    000000be     ioexp_tca6424.o (.text.TCA6424_setOutput)
                  7004a748    000000bc     drivers.am263px.r5f.ti-arm-clang.release.lib : edma.obj (.text.EDMA_registerIntr)
                  7004a804    000000b4     libc.a : fseek.c.obj (.text.fseeko)
                  7004a8b8    000000b0            : fclose.c.obj (.text.__TI_closefile)
                  7004a968    000000b0     nortos.am263px.r5f.ti-arm-clang.release.lib : printf.obj (.text._ntoa_long_long)
                  7004aa18    000000ac     drivers.am263px.r5f.ti-arm-clang.release.lib : soc_rcm.obj (.text.SOC_rcmGetCoreHSDivOut)
                  7004aac4    000000ac                                                  : uart_v0_lld.obj (.text.UART_divisorLatchWrite)
                  7004ab70    000000a8     nortos.am263px.r5f.ti-arm-clang.release.lib : DebugP_uartScanf.obj (.text.DebugP_readLine)
                  7004ac18    000000a6     drivers.am263px.r5f.ti-arm-clang.release.lib : mcspi_dma_edma.obj (.text.MCSPI_edmaIsrRx)
                  7004acbe    000000a6                                                  : uart_v0_lld.obj (.text.UART_lld_read)
                  7004ad64    000000a6     nortos.am263px.r5f.ti-arm-clang.release.lib : printf.obj (.text._out_rev)
                  7004ae0a    00000002                                                 : printf.obj (.text._out_null)
                  7004ae0c    000000a4     drivers.am263px.r5f.ti-arm-clang.release.lib : i2c_v1.obj (.text.I2C_close)
                  7004aeb0    000000a4                                                  : i2c_v1_lld.obj (.text.I2C_lld_mem_readIntr)
                  7004af54    000000a4                                                  : i2c_v1_lld.obj (.text.I2C_lld_mem_writeIntr)
                  7004aff8    000000a4     libc.a : memory.c.obj (.text.split)
                  7004b09c    000000a0     drivers.am263px.r5f.ti-arm-clang.release.lib : edma.obj (.text.EDMA_freeDmaChannel)
                  7004b13c    000000a0                                                  : edma.obj (.text.EDMA_freeParam)
                  7004b1dc    000000a0                                                  : edma.obj (.text.EDMA_freeTcc)
                  7004b27c    000000a0     libsysbm.a : hostrename.c.obj (.text.HOSTrename)
                  7004b31c    000000a0     drivers.am263px.r5f.ti-arm-clang.release.lib : uart_dma_edma.obj (.text.UART_lld_dmaRead)
                  7004b3bc    0000009c                                                  : uart_v0_lld.obj (.text.UART_lld_readIntr)
                  7004b458    0000009c     libc.a : _io_perm.c.obj (.text.__TI_wrt_ok)
                  7004b4f4    0000009a     ti_board_open_close.o (.text.Board_ioexpOpen)
                  7004b58e    00000002     --HOLE-- [fill = 0]
                  7004b590    00000098     libsysbm.a : hostlseek.c.obj (.text.HOSTlseek)
                  7004b628    00000098     drivers.am263px.r5f.ti-arm-clang.release.lib : i2c_v1.obj (.text.I2C_primeTransfer)
                  7004b6c0    00000096     BQ25751.o (.text.BQ25751_write_reg)
                  7004b756    00000096     BQ25856.o (.text.BQ25856_write_reg)
                  7004b7ec    00000096     nortos.am263px.r5f.ti-arm-clang.release.lib : SemaphoreP_nortos.obj (.text.SemaphoreP_pend)
                  7004b882    00000094     ti_drivers_open_close.o (.text.Drivers_open)
                  7004b916    00000094     drivers.am263px.r5f.ti-arm-clang.release.lib : edma.obj (.text.EDMA_configureChannelRegion)
                  7004b9aa    00000002     --HOLE-- [fill = 0]
                  7004b9ac    00000094     libsysbm.a : hostopen.c.obj (.text.HOSTopen)
                  7004ba40    00000094     drivers.am263px.r5f.ti-arm-clang.release.lib : i2c_v1_lld.obj (.text.I2C_lld_init)
                  7004bad4    00000094     ADS_adc.o (.text.SPI_ReadWrite)
                  7004bb68    00000094     drivers.am263px.r5f.ti-arm-clang.release.lib : uart_v0_lld.obj (.text.UART_lld_readWithCounter)
                  7004bbfc    00000090                                                  : mcspi_v0_lld.obj (.text.MCSPI_setFifoConfig)
                  7004bc8c    0000008e     nortos.am263px.r5f.ti-arm-clang.release.lib : printf.obj (.text._ntoa_long)
                  7004bd1a    0000008c     drivers.am263px.r5f.ti-arm-clang.release.lib : mcspi_v0_lld.obj (.text.MCSPI_lld_peripheralIsr)
                  7004bda6    00000002     --HOLE-- [fill = 0]
                  7004bda8    0000008c     libsysbm.a : close.c.obj (.text.close)
                  7004be34    0000008c     i2c_helper.o (.text.i2c_read_error_handler)
                  7004bec0    00000088     drivers.am263px.r5f.ti-arm-clang.release.lib : adc.obj (.text.ADC_setPPBTripLimits)
                  7004bf48    00000088                                                  : uart_v0.obj (.text.UART_init)
                  7004bfd0    00000088                                                  : uart_v0_lld.obj (.text.UART_procLineStatusErr)
                  7004c058    00000088     libc.a : fflush.c.obj (.text.__TI_doflush)
                  7004c0e0    00000084     libsysbm.a : hostread.c.obj (.text.HOSTread)
                  7004c164    00000084                : hostwrite.c.obj (.text.HOSTwrite)
                  7004c1e8    00000084     drivers.am263px.r5f.ti-arm-clang.release.lib : mcspi_v0_lld.obj (.text.MCSPI_setPeripheralFifoConfig)
                  7004c26c    00000080                                                  : edma.obj (.text.EDMA_close)
                  7004c2ec    00000080                                                  : uart_v0.obj (.text.UART_flushTxFifo)
                  7004c36c    0000007e     ti_drivers_open_close.o (.text.Drivers_mcspiOpen)
                  7004c3ea    0000007e     drivers.am263px.r5f.ti-arm-clang.release.lib : mcspi_v0_lld.obj (.text.MCSPI_fifoRead)
                  7004c468    0000007e                                                  : mcspi_v0_lld.obj (.text.MCSPI_transferPeripheralPoll)
                  7004c4e6    0000007a                                                  : mcspi_v0_lld.obj (.text.MCSPI_initiateLastChunkTransfer)
                  7004c560    00000078                                                  : mcspi_v0.obj (.text.MCSPI_init)
                  7004c5d8    00000076     ti_board_open_close.o (.text.Board_pmicOpen)
                  7004c64e    00000076     drivers.am263px.r5f.ti-arm-clang.release.lib : uart_v0_lld.obj (.text.UART_readDataPolling)
                  7004c6c4    00000072                                                  : mcspi_v0_lld.obj (.text.MCSPI_fifoWrite)
                  7004c736    00000072                                                  : mcspi_v0_lld.obj (.text.MCSPI_stop)
                  7004c7a8    00000070                                                  : mcspi_dma_edma.obj (.text.MCSPI_lld_dmaStop)
                  7004c818    0000006e     BQ25751.o (.text.BQ25751_read_faults)
                  7004c886    0000006e     drivers.am263px.r5f.ti-arm-clang.release.lib : edma.obj (.text.EDMA_disableTransferRegion)
                  7004c8f4    0000006e                                                  : edma.obj (.text.EDMA_enableTransferRegion)
                  7004c962    00000002     --HOLE-- [fill = 0]
                  7004c964    0000006c     libsysbm.a : hostunlink.c.obj (.text.HOSTunlink)
                  7004c9d0    0000006c     drivers.am263px.r5f.ti-arm-clang.release.lib : uart_v0_lld.obj (.text.UART_lld_writeDma)
                  7004ca3c    0000006a     ti_drivers_open_close.o (.text.Drivers_i2cOpen)
                  7004caa6    00000068     drivers.am263px.r5f.ti-arm-clang.release.lib : uart_v0_lld.obj (.text.UART_lld_readDma)
                  7004cb0e    00000068                                                  : uart_v0_lld.obj (.text.UART_lld_writeIntr)
                  7004cb76    00000002     --HOLE-- [fill = 0]
                  7004cb78    00000068     libc.a : atoi.c.obj (.text.atoi)
                  7004cbe0    00000068     board.o (.text.digitalWrite)
                  7004cc48    00000066     nortos.am263px.r5f.ti-arm-clang.release.lib : PmuP_armv7r.obj (.text.pmu)
                  7004ccae    00000002     --HOLE-- [fill = 0]
                  7004ccb0    00000064     drivers.am263px.r5f.ti-arm-clang.release.lib : soc.obj (.text.SOC_controlModuleUnlockMMR)
                  7004cd14    00000064     logger.o (.text.add_log)
                  7004cd78    00000064     board.o (.text.init_interrupt)
                  7004cddc    00000062     BQ25856.o (.text.BQ25856_init)
                  7004ce3e    00000002     --HOLE-- [fill = 0]
                  7004ce40    00000060     libsysbm.a : hostclose.c.obj (.text.HOSTclose)
                  7004cea0    0000005e     nortos.am263px.r5f.ti-arm-clang.release.lib : ClockP_nortos.obj (.text.ClockP_timerTickIsr)
                  7004cefe    0000005e     drivers.am263px.r5f.ti-arm-clang.release.lib : mcspi_v0_lld.obj (.text.MCSPI_setChDataSize)
                  7004cf5c    0000005c                                                  : gpio.obj (.text.GPIO_setTrigType)
                  7004cfb8    0000005c                                                  : mcspi_v0_lld.obj (.text.MCSPI_configInstance)
                  7004d014    0000005c                                                  : soc.obj (.text.SOC_controlModuleLockMMR)
                  7004d070    0000005c     nortos.am263px.r5f.ti-arm-clang.release.lib : DebugP_log.obj (.text._DebugP_assert)
                  7004d0cc    00000058     drivers.am263px.r5f.ti-arm-clang.release.lib : mcspi_dma_edma.obj (.text.MCSPI_edmaUpdateTransferParams)
                  7004d124    00000058     libc.a : fopen.c.obj (.text.__TI_cleanup)
                  7004d17c    00000058     libsysbm.a : trgmsg.c.obj (.text.__TI_readmsg)
                  7004d1d4    00000058                : trgmsg.c.obj (.text.__TI_writemsg)
                  7004d22c    00000058     logger.o (.text.print_pending_logs)
                  7004d284    00000056     nortos.am263px.r5f.ti-arm-clang.release.lib : ClockP_nortos.obj (.text.ClockP_getTimeUsec)
                  7004d2da    00000056     drivers.am263px.r5f.ti-arm-clang.release.lib : uart_v0_lld.obj (.text.UART_intrDisable)
                  7004d330    00000056                                                  : uart_v0_lld.obj (.text.UART_readCancelNoCB)
                  7004d386    00000056                                                  : uart_v0_lld.obj (.text.UART_writeCancelNoCB)
                  7004d3dc    00000054     ti_dpl_config.o (.text.Dpl_init)
                  7004d430    00000054     libc.a : exit.c.obj (.text.exit)
                  7004d484    00000054            : getdevice.c.obj (.text.finddevice)
                  7004d4d8    00000054            : autoinit.c.obj (.text:__TI_auto_init_nobinit_nopinit)
                  7004d52c    00000052     nortos.am263px.r5f.ti-arm-clang.release.lib : AddrTranslateP_32bit.obj (.text.AddrTranslateP_getLocalAddr)
                  7004d57e    00000052     drivers.am263px.r5f.ti-arm-clang.release.lib : i2c_v1.obj (.text.I2C_LLD_targetTransferCompleteCallback)
                  7004d5d0    00000052                                                  : mcspi_v0_lld.obj (.text.MCSPI_lld_deInitDma)
                  7004d622    00000050     BQ25751.o (.text.BQ25751_print_register_dump)
                  7004d672    00000050     BQ25856.o (.text.BQ25856_print_register_dump)
                  7004d6c2    00000050     nortos.am263px.r5f.ti-arm-clang.release.lib : ClockP_nortos.obj (.text.ClockP_construct)
                  7004d712    00000002     --HOLE-- [fill = 0]
                  7004d714    00000050     drivers.am263px.r5f.ti-arm-clang.release.lib : edma.obj (.text.EDMA_allocDmaChannel)
                  7004d764    00000050                                                  : edma.obj (.text.EDMA_allocParam)
                  7004d7b4    00000050                                                  : edma.obj (.text.EDMA_allocTcc)
                  7004d804    0000004e     nortos.am263px.r5f.ti-arm-clang.release.lib : ClockP_nortos.obj (.text.ClockP_addToList)
                  7004d852    0000004e     ti_drivers_open_close.o (.text.Drivers_edmaOpen)
                  7004d8a0    0000004e     ti_drivers_open_close.o (.text.Drivers_uartOpen)
                  7004d8ee    0000004e     drivers.am263px.r5f.ti-arm-clang.release.lib : edma.obj (.text.EDMA_disableChInShadowRegRegion)
                  7004d93c    0000004c                                                  : mcspi_v0.obj (.text.MCSPI_transferCallback)
                  7004d988    0000004c                                                  : mcspi_v0_lld.obj (.text.MCSPI_transferControllerIntr)
                  7004d9d4    0000004c                                                  : soc.obj (.text.SOC_enableAdcReferenceMonitor)
                  7004da20    00000048                                                  : soc.obj (.text.SOC_enableAdcGlobalForce)
                  7004da68    00000048                                                  : soc.obj (.text.SOC_enableAdcInternalReference)
                  7004dab0    00000048                                                  : uart_dma_edma.obj (.text.UART_edmaIsrRx)
                  7004daf8    00000048     libsysbm.a : unlink.c.obj (.text.unlink)
                  7004db40    00000046     drivers.am263px.r5f.ti-arm-clang.release.lib : uart_dma_edma.obj (.text.UART_edmaIsrTx)
                  7004db86    00000044                                                  : i2c_v1.obj (.text.I2C_completeCurrTransfer)
                  7004dbca    00000002     --HOLE-- [fill = 0]
                  7004dbcc    00000044                                                  : soc.obj (.text.SOC_getAdcReferenceStatus)
                  7004dc10    00000044                                                  : uart_v0.obj (.text.UART_Params_init)
                  7004dc54    00000044                                                  : uart_v0_lld.obj (.text.UART_lld_deInitDma)
                  7004dc98    00000040     nortos.am263px.r5f.ti-arm-clang.release.lib : ClockP_nortos.obj (.text.ClockP_stop)
                  7004dcd8    00000040     drivers.am263px.r5f.ti-arm-clang.release.lib : edma.obj (.text.EDMA_mapChToEvtQ)
                  7004dd18    00000040                                                  : pinmux.obj (.text.Pinmux_config)
                  7004dd58    00000040     nortos.am263px.r5f.ti-arm-clang.release.lib : SemaphoreP_nortos.obj (.text.SemaphoreP_constructBinary)
                  7004dd98    00000040     drivers.am263px.r5f.ti-arm-clang.release.lib : uart_v0_lld.obj (.text.UART_lld_deInit)
                  7004ddd8    00000040     libc.a : memory.c.obj (.text.free_list_insert)
                  7004de18    0000003e     drivers.am263px.r5f.ti-arm-clang.release.lib : i2c_v1_lld.obj (.text.I2C_lld_transferInit)
                  7004de56    0000003e     nortos.am263px.r5f.ti-arm-clang.release.lib : SemaphoreP_nortos.obj (.text.SemaphoreP_constructMutex)
                  7004de94    0000003c     drivers.am263px.r5f.ti-arm-clang.release.lib : edma.obj (.text.EDMA_getBaseAddr)
                  7004ded0    0000003c                                                  : uart_v0_lld.obj (.text.UART_readData)
                  7004df0c    0000003a     BQ25751.o (.text.BQ25751_init)
                  7004df46    0000003a     nortos.am263px.r5f.ti-arm-clang.release.lib : ClockP_nortos.obj (.text.ClockP_destruct)
                  7004df80    0000003a                                                 : DebugP_uartLogWriter.obj (.text.DebugP_uartLogWriterPutChar)
                  7004dfba    0000003a     ti_power_clock_config.o (.text.Module_clockSetFrequency)
                  7004dff4    0000003a     ioexp_tca6424.o (.text.TCA6424_open)
                  7004e02e    0000003a     drivers.am263px.r5f.ti-arm-clang.release.lib : uart_v0_lld.obj (.text.UART_lld_flushTxFifo)
                  7004e068    00000038                                                  : soc_rcm.obj (.text.SOC_rcmADPLLJGetFOut)
                  7004e0a0    00000038     nortos.am263px.r5f.ti-arm-clang.release.lib : DebugP_nortos.obj (.text._DebugP_logZone)
                  7004e0d8    00000038                                                 : PmuP_armv7r_asm.obj (.text.pmu)
                  7004e110    00000036     drivers.am263px.r5f.ti-arm-clang.release.lib : edma.obj (.text.EDMA_clrMissEvtRegion)
                  7004e146    00000034     nortos.am263px.r5f.ti-arm-clang.release.lib : ClockP_nortos.obj (.text.ClockP_start)
                  7004e17a    00000002     --HOLE-- [fill = 0]
                  7004e17c    00000034     drivers.am263px.r5f.ti-arm-clang.release.lib : i2c_v1.obj (.text.I2C_init)
                  7004e1b0    00000034                                                  : mcspi_v0.obj (.text.MCSPI_errorCallback)
                  7004e1e4    00000034     ti_power_clock_config.o (.text.Module_clockDisable)
                  7004e218    00000034     ti_power_clock_config.o (.text.Module_clockEnable)
                  7004e24c    00000034     drivers.am263px.r5f.ti-arm-clang.release.lib : soc.obj (.text.SOC_enableAdcDacLoopback)
                  7004e280    00000034                                                  : soc_rcm.obj (.text.SOC_rcmGetModuleClkDivVal)
                  7004e2b4    00000034     libc.a : memory.c.obj (.text.free_list_remove)
                  7004e2e8    00000034     libsysbm.a : lseek.c.obj (.text.lseek)
                  7004e31c    00000034                : write.c.obj (.text.write)
                  7004e350    00000032     nortos.am263px.r5f.ti-arm-clang.release.lib : ClockP_nortos.obj (.text.ClockP_usleep)
                  7004e382    00000032     drivers.am263px.r5f.ti-arm-clang.release.lib : edma.obj (.text.EDMA_unmapChToEvtQ)
                  7004e3b4    00000032     nortos.am263px.r5f.ti-arm-clang.release.lib : SemaphoreP_nortos.obj (.text.SemaphoreP_post)
                  7004e3e6    00000030                                                 : DebugP_uartScanf.obj (.text.DebugP_scanf)
                  7004e416    00000030     ti_drivers_open_close.o (.text.Drivers_mcspiClose)
                  7004e446    00000030     drivers.am263px.r5f.ti-arm-clang.release.lib : i2c_v1_lld.obj (.text.I2CControllerInitExpClk)
                  7004e476    00000030                                                  : uart_v0.obj (.text.UART_lld_writeCompleteCallback)
                  7004e4a6    00000002     --HOLE-- [fill = 0]
                  7004e4a8    00000030     int_adc.o (.text.adc_to_current_LM74930)
                  7004e4d8    0000002e     drivers.am263px.r5f.ti-arm-clang.release.lib : edma.obj (.text.EDMA_enableChInShadowRegRegion)
                  7004e506    0000002e                                                  : i2c_v1_lld.obj (.text.I2C_lld_deInit)
                  7004e534    0000002e     ti_drivers_config.o (.text.System_init)
                  7004e562    0000002e     drivers.am263px.r5f.ti-arm-clang.release.lib : uart_v0.obj (.text.UART_lld_readCompleteCallback)
                  7004e590    0000002c     nortos.am263px.r5f.ti-arm-clang.release.lib : DebugP_shmLogReader.obj (.text.DebugP_shmLogReaderInit)
                  7004e5bc    0000002c     drivers.am263px.r5f.ti-arm-clang.release.lib : i2c_v1.obj (.text.I2C_getHandle)
                  7004e5e8    0000002c                                                  : soc_rcm.obj (.text.SOC_rcmGetR5Clock)
                  7004e614    0000002c                                                  : uart_v0.obj (.text.UART_getHandle)
                  7004e640    0000002c     ADS_adc.o (.text.adc_to_current_HSS_MB)
                  7004e66c    0000002c     ADS_adc.o (.text.adc_to_current_TPS)
                  7004e698    0000002c     libc.a : sscanf.c.obj (.text.vsscanf)
                  7004e6c4    0000002a     pmic.o (.text.pmic_write_reg)
                  7004e6ee    00000028     nortos.am263px.r5f.ti-arm-clang.release.lib : ClockP_nortos.obj (.text.ClockP_sleepTicks)
                  7004e716    00000028     drivers.am263px.r5f.ti-arm-clang.release.lib : gpio.obj (.text.GPIO_setDirMode)
                  7004e73e    00000028                                                  : mcspi_v0_lld.obj (.text.MCSPI_fifoReadMultiWord)
                  7004e766    00000002     --HOLE-- [fill = 0]
                  7004e768    00000028                                                  : soc.obj (.text.SOC_moduleSetClockFrequency)
                  7004e790    00000028     ADS_adc.o (.text.read_ext_ADC)
                  7004e7b8    00000026     nortos.am263px.r5f.ti-arm-clang.release.lib : ClockP_nortos.obj (.text.ClockP_sleep)
                  7004e7de    00000026     drivers.am263px.r5f.ti-arm-clang.release.lib : edma.obj (.text.EDMA_setPaRAM)
                  7004e804    00000026                                                  : i2c_v1_lld.obj (.text.I2C_lld_transferIntr)
                  7004e82a    00000026                                                  : i2c_v1_lld.obj (.text.I2C_lld_transferPoll)
                  7004e850    00000026                                                  : uart_dma_edma.obj (.text.UART_lld_dmaDisableChannel)
                  7004e876    00000024                                                  : mcspi_v0_lld.obj (.text.MCSPI_fifoWriteMultiWord)
                  7004e89a    00000002     --HOLE-- [fill = 0]
                  7004e89c    00000024                                                  : uart_v0_lld.obj (.text.UART_IsHWFlowCtrlValid)
                  7004e8c0    00000024                                                  : uart_v0_lld.obj (.text.UART_IsRxTrigLvlValid)
                  7004e8e4    00000024                                                  : uart_v0_lld.obj (.text.UART_IsTxTrigLvlValid)
                  7004e908    00000024     libclang_rt.builtins.a : aeabi_uldivmod.S.obj (.text.__aeabi_uldivmod)
                  7004e92c    00000024     int_adc.o (.text.int_adc_to_voltage)
                  7004e950    00000024     nortos.am263px.r5f.ti-arm-clang.release.lib : printf.obj (.text.vprintf_)
                  7004e974    00000022     drivers.am263px.r5f.ti-arm-clang.release.lib : edma.obj (.text.EDMA_linkChannel)
                  7004e996    00000022                                                  : mcspi_v0_lld.obj (.text.MCSPI_transferPeripheralIntr)
                  7004e9b8    00000022     ti_drivers_config.o (.text.System_deinit)
                  7004e9da    00000022     logger.o (.text.print_logs)
                  7004e9fc    00000020     nortos.am263px.r5f.ti-arm-clang.release.lib : DebugP_log.obj (.text.DebugP_logZoneEnable)
                  7004ea1c    00000020     drivers.am263px.r5f.ti-arm-clang.release.lib : i2c_v1_lld.obj (.text.I2C_lld_Message_init)
                  7004ea3c    00000020                                                  : mcspi_v0_lld.obj (.text.MCSPI_fifoRead32)
                  7004ea5c    00000020     nortos.am263px.r5f.ti-arm-clang.release.lib : TimerP_rti_priv.obj (.text.TimerP_Params_initPriv)
                  7004ea7c    00000020     drivers.am263px.r5f.ti-arm-clang.release.lib : uart_v0_lld.obj (.text.UART_getChar)
                  7004ea9c    0000001e     ti_board_open_close.o (.text.Board_driversOpen)
                  7004eaba    0000001e     ioexp_tca6424.o (.text.TCA6424_close)
                  7004ead8    0000001e     drivers.am263px.r5f.ti-arm-clang.release.lib : uart_v0_lld.obj (.text.UART_spaceAvail)
                  7004eaf6    0000001e                                                  : uart_v0_lld.obj (.text.UART_statusIsDataReady)
                  7004eb14    0000001c                                                  : i2c_v1.obj (.text.I2C_hwiFxn)
                  7004eb30    0000001c                                                  : mcspi_v0_lld.obj (.text.MCSPI_fifoWrite32)
                  7004eb4c    0000001c                                                  : mcspi_v0_lld.obj (.text.MCSPI_getFifoTrigLvl)
                  7004eb68    0000001c                                                  : mcspi_v0_lld.obj (.text.MCSPI_lld_deInit)
                  7004eb84    0000001c                                                  : soc_rcm.obj (.text.SOC_rcmIsR5FInLockStepMode)
                  7004eba0    0000001c     libc.a : sscanf.c.obj (.text._inpchar)
                  7004ebbc    0000001c     main.o (.text.main)
                  7004ebd8    0000001c     libsysbm.a : hostrename.c.obj (.text.strcpy)
                  7004ebf4    0000001c                : hostrename.c.obj (.text.strlen)
                  7004ec10    0000001c     libc.a : memcpy32.S.obj (.text:TI_memcpy_small)
                  7004ec2c    0000001a     nortos.am263px.r5f.ti-arm-clang.release.lib : CpuId_armv7r.obj (.text.CSL_armR5GetCpuID)
                  7004ec46    0000001a     ti_board_open_close.o (.text.Drivers_pmicOpen)
                  7004ec60    0000001a     drivers.am263px.r5f.ti-arm-clang.release.lib : edma.obj (.text.EDMA_readEventStatusRegion)
                  7004ec7a    0000001a                                                  : uart_v0_lld.obj (.text.UART_enhanFuncEnable)
                  7004ec94    00000018                                                  : i2c_v1.obj (.text.I2C_deinit)
                  7004ecac    00000018                                                  : mcspi_v0.obj (.text.MCSPI_deinit)
                  7004ecc4    00000018                                                  : mcspi_dma_edma.obj (.text.MCSPI_lld_dmaInit)
                  7004ecdc    00000018     nortos.am263px.r5f.ti-arm-clang.release.lib : TimerP_rti_priv.obj (.text.TimerP_getCountPriv)
                  7004ecf4    00000018     drivers.am263px.r5f.ti-arm-clang.release.lib : uart_v0.obj (.text.UART_deinit)
                  7004ed0c    00000018     logger.o (.text.clear_logs)
                  7004ed24    00000018     libc.a : memset32.S.obj (.text:TI_memset_small)
                  7004ed3c    00000016     drivers.am263px.r5f.ti-arm-clang.release.lib : i2c_v1_lld.obj (.text.I2C_lld_Transaction_init)
                  7004ed52    00000016                                                  : mcspi_v0_lld.obj (.text.MCSPI_reset)
                  7004ed68    00000016                                                  : uart_v0_lld.obj (.text.UART_IsTxRxFifoEmpty)
                  7004ed7e    00000016                                                  : uart_v0_lld.obj (.text.UART_getIntrIdentityStatus)
                  7004ed94    00000016                                                  : uart_v0_lld.obj (.text.UART_getRxError)
                  7004edaa    00000014     nortos.am263px.r5f.ti-arm-clang.release.lib : ClockP_nortos.obj (.text.ClockP_usecToTicks)
                  7004edbe    00000014     drivers.am263px.r5f.ti-arm-clang.release.lib : edma.obj (.text.EDMA_getRegionId)
                  7004edd2    00000014                                                  : uart_v0.obj (.text.UART_Transaction_init)
                  7004ede6    00000014                                                  : uart_v0_lld.obj (.text.UART_enhanFuncBitValRestore)
                  7004edfa    00000012                                                  : adc.obj (.text.ADC_setMode)
                  7004ee0c    00000012                                                  : i2c_v1.obj (.text.I2C_LLD_transferCompleteCallback)
                  7004ee1e    00000012                                                  : uart_v0_lld.obj (.text.UART_hardwareFlowCtrlOptSet)
                  7004ee30    00000012                                                  : uart_v0_lld.obj (.text.UART_operatingModeSelect)
                  7004ee42    00000012                                                  : uart_v0_lld.obj (.text.UART_readLineStatus)
                  7004ee54    00000012     ti_dpl_config.o (.text.putchar_)
                  7004ee66    00000010     drivers.am263px.r5f.ti-arm-clang.release.lib : gpio.obj (.text.GPIO_bankIntrDisable)
                  7004ee76    00000010                                                  : uart_v0_lld.obj (.text.UART_intr2Disable)
                  7004ee86    00000002     --HOLE-- [fill = 0]
                  7004ee88    00000010     libclang_rt.builtins.a : aeabi_memset.S.obj (.text.__aeabi_memset)
                  7004ee98    00000010     libc.a : sscanf.c.obj (.text._uninpchar)
                  7004eea8    00000010            : fputc.c.obj (.text.putchar)
                  7004eeb8    0000000e     drivers.am263px.r5f.ti-arm-clang.release.lib : edma.obj (.text.EDMA_ccPaRAMEntry_init)
                  7004eec6    0000000e                                                  : gpio.obj (.text.GPIO_bankIntrEnable)
                  7004eed4    0000000e                                                  : i2c_v1.obj (.text.I2C_transferCallback)
                  7004eee2    0000000e     ti_pinmux_config.o (.text.Pinmux_init)
                  7004eef0    0000000e     ti_power_clock_config.o (.text.PowerClock_init)
                  7004eefe    0000000c     nortos.am263px.r5f.ti-arm-clang.release.lib : ClockP_nortos.obj (.text.ClockP_getTicks)
                  7004ef0a    0000000c                                                 : DebugP_uartLogWriter.obj (.text.DebugP_uartSetDrvIndex)
                  7004ef16    0000000c     drivers.am263px.r5f.ti-arm-clang.release.lib : edma.obj (.text.EDMA_isInitialized)
                  7004ef22    00000002     --HOLE-- [fill = 0]
                  7004ef24    0000000c                                                  : i2c_v1.obj (.text.I2C_Transaction_init)
                  7004ef30    0000000c                                                  : soc.obj (.text.SOC_getSelfCpuClk)
                  7004ef3c    0000000c     ioexp_tca6424.o (.text.TCA6424_Params_init)
                  7004ef48    0000000c     libc.a : aeabi_portable.c.obj (.text.__aeabi_errno_addr)
                  7004ef54    0000000c     libclang_rt.builtins.a : aeabi_memset.S.obj (.text.__aeabi_memclr)
                  7004ef60    0000000c     libc.a : memory.c.obj (.text.malloc)
                  7004ef6c    0000000c     nortos.am263px.r5f.ti-arm-clang.release.lib : CpuId_armv7r_asm.obj (.text)
                  7004ef78    00000008     libsysbm.a : hostexit.c.obj (.text.HOSTexit)
                  7004ef80    0000000c     libc.a : strcmp32.S.obj (.text)
                  7004ef8c    0000000a     nortos.am263px.r5f.ti-arm-clang.release.lib : ClockP_nortos.obj (.text.ClockP_Params_init)
                  7004ef96    0000000a                                                 : ClockP_nortos.obj (.text.ClockP_isActive)
                  7004efa0    0000000a                                                 : TimerP_rti_priv.obj (.text.TimerP_getReloadCountPriv)
                  7004efaa    0000000a                                                 : TimerP_rti_priv.obj (.text.TimerP_startPriv)
                  7004efb4    0000000a     drivers.am263px.r5f.ti-arm-clang.release.lib : uart_v0_lld.obj (.text.UART_lld_Transaction_deInit)
                  7004efbe    00000008     nortos.am263px.r5f.ti-arm-clang.release.lib : TimerP_rti_priv.obj (.text.TimerP_clearOverflowIntPriv)
                  7004efc6    00000008                                                 : printf.obj (.text._out_char)
                  7004efce    00000006     drivers.am263px.r5f.ti-arm-clang.release.lib : edma.obj (.text.EDMA_isInterruptEnabled)
                  7004efd4    00000006                                                  : soc.obj (.text.SOC_moduleClockEnable)
                  7004efda    00000006                                                  : soc_rcm.obj (.text.SOC_rcmGetCR5SysclkInFrequency)
                  7004efe0    00000004     nortos.am263px.r5f.ti-arm-clang.release.lib : ClockP_nortos_r5.obj (.text.ClockP_timerClearOverflowInt)
                  7004efe4    00000004     ti_power_clock_config.o (.text.PowerClock_deinit)
                  7004efe8    00000004     nortos.am263px.r5f.ti-arm-clang.release.lib : TimerP_rti_nortos.obj (.text.TimerP_Params_init)
                  7004efec    00000004                                                 : TimerP_rti_nortos.obj (.text.TimerP_clearOverflowInt)
                  7004eff0    00000004                                                 : TimerP_rti_nortos.obj (.text.TimerP_getCount)
                  7004eff4    00000004                                                 : TimerP_rti_nortos.obj (.text.TimerP_getReloadCount)
                  7004eff8    00000004                                                 : TimerP_rti_nortos.obj (.text.TimerP_setup)
                  7004effc    00000004                                                 : TimerP_rti_nortos.obj (.text.TimerP_start)
                  7004f000    00000004     libclang_rt.builtins.a : aeabi_div0.c.obj (.text.__aeabi_idiv0)
                  7004f004    00000004                            : aeabi_div0.c.obj (.text.__aeabi_ldiv0)
                  7004f008    00000004                            : aeabi_memcpy.S.obj (.text.__aeabi_memcpy)
                  7004f00c    00000004     libc.a : _lock.c.obj (.text._nop)
                  7004f010    00000004            : fseek.c.obj (.text.fseek)
                  7004f014    00000004     libsysbm.a : remove.c.obj (.text.remove)
                  7004f018    00000008     libclang_rt.builtins.a : aeabi_memcpy.S.obj (.tramp.__aeabi_memcpy.1)
                  7004f020    00000008     nortos.am263px.r5f.ti-arm-clang.release.lib : HwiP_armv7r_asm.obj (.tramp.HwiP_restore.1)
                  7004f028    00000008                                                 : HwiP_armv7r_asm.obj (.tramp.HwiP_enable.1)
                  7004f030    00000008                                                 : PmuP_armv7r_asm.obj (.tramp.PmuP_setUserEnable.1)
                  7004f038    00000008                                                 : PmuP_armv7r_asm.obj (.tramp.PmuP_enableCounters.1)

.rodata    0    7004f040    00002db0     
                  7004f040    000004b0     testing.o (.rodata.test_results)
                  7004f4f0    00000160     BQ25751.o (.rodata.bq25751_registers)
                  7004f650    00000140     BQ25856.o (.rodata.bq25856_registers)
                  7004f790    00000101     libc.a : aeabi_ctype.S.obj (.rodata:__aeabi_ctype_table_)
                  7004f891    00000096     testing.o (.rodata.test_cases)
                  7004f927    00000001     logger.o (.rodata.str1.11170080405929493601.1)
                  7004f928    00000080     libc.a : strtod.c.obj (.rodata.digits)
                  7004f9a8    0000007a     ti_drivers_open_close.o (.rodata.str1.14200658025495415368.1)
                  7004fa22    00000002     --HOLE-- [fill = 0]
                  7004fa24    00000074     ti_dpl_config.o (.rodata.cfg)
                  7004fa98    00000051     drivers.am263px.r5f.ti-arm-clang.release.lib : mcspi_v0.obj (.rodata.str1.26396439823528435241)
                  7004fae9    00000007     libc.a : _scanfi.c.obj (.rodata._sproc_int.flit)
                  7004faf0    00000050     nortos.am263px.r5f.ti-arm-clang.release.lib : printf.obj (.rodata._ftoa.pow10)
                  7004fb40    00000048     drivers.am263px.r5f.ti-arm-clang.release.lib : soc_rcm.obj (.rodata.gADPLLJConfigTbl)
                  7004fb88    00000048     libc.a : strtod.c.obj (.rodata.powerof10)
                  7004fbd0    00000048     BQ25751.o (.rodata.str1.14774090551701140490.1)
                  7004fc18    00000048     BQ25856.o (.rodata.str1.792225484636118899.1)
                  7004fc60    00000048     drivers.am263px.r5f.ti-arm-clang.release.lib : mcspi_v0_lld.obj (.rodata.str1.97363132707188488161)
                  7004fca8    00000047     BQ25751.o (.rodata.str1.12706072285533335359.1)
                  7004fcef    00000047     BQ25856.o (.rodata.str1.17452830622121482975.1)
                  7004fd36    0000003d     nortos.am263px.r5f.ti-arm-clang.release.lib : TimerP_rti_priv.obj (.rodata.str1.72163963154704191671)
                  7004fd73    0000003b     testing.o (.rodata.str1.13902908763734703229.1)
                  7004fdae    0000003b     BQ25751.o (.rodata.str1.15351948885430041794.1)
                  7004fde9    0000003b     logger.o (.rodata.str1.15765208293925770228.1)
                  7004fe24    0000003b     testing.o (.rodata.str1.17746360623054601515.1)
                  7004fe5f    0000003b     BQ25856.o (.rodata.str1.6498109007845748154.1)
                  7004fe9a    0000003b     testing.o (.rodata.str1.9663668549545128397.1)
                  7004fed5    0000003a     BQ25856.o (.rodata.str1.1125723703244764118.1)
                  7004ff0f    0000003a     testing.o (.rodata.str1.13404232100597892824.1)
                  7004ff49    0000003a     testing.o (.rodata.str1.14475428689845802839.1)
                  7004ff83    0000003a     BQ25751.o (.rodata.str1.3951025446691905541.1)
                  7004ffbd    0000003a     testing.o (.rodata.str1.5333103860067079182.1)
                  7004fff7    0000003a     ti_board_open_close.o (.rodata.str1.5570045560695979883.1)
                  70050031    00000039     testing.o (.rodata.str1.12712981990626671882.1)
                  7005006a    00000002     --HOLE-- [fill = 0]
                  7005006c    00000038     logger.o (.rodata..Lswitch.table.print_log.27)
                  700500a4    00000038     testing.o (.rodata.str1.13271957185734089466.1)
                  700500dc    00000038     testing.o (.rodata.str1.1809024094263384077.1)
                  70050114    00000038     ti_drivers_open_close.o (.rodata.str1.2554706296470369595.1)
                  7005014c    00000038     testing.o (.rodata.str1.9646216584914662902.1)
                  70050184    00000037     testing.o (.rodata.str1.12934025152450101698.1)
                  700501bb    00000037     testing.o (.rodata.str1.13753495736459524521.1)
                  700501f2    00000037     nortos.am263px.r5f.ti-arm-clang.release.lib : SemaphoreP_nortos.obj (.rodata.str1.52751030918495836841)
                  70050229    00000037     testing.o (.rodata.str1.912323090116748061.1)
                  70050260    00000036     ti_drivers_open_close.o (.rodata.str1.10252002122772422448.1)
                  70050296    00000036     testing.o (.rodata.str1.1765844212525536965.1)
                  700502cc    00000036     testing.o (.rodata.str1.9310835370192816021.1)
                  70050302    00000035     BQ25856.o (.rodata.str1.13289053766905887436.1)
                  70050337    00000035     BQ25751.o (.rodata.str1.13909236871274729330.1)
                  7005036c    00000035     ti_drivers_open_close.o (.rodata.str1.17551203406305493380.1)
                  700503a1    00000035     ti_drivers_open_close.o (.rodata.str1.17665391694225509261.1)
                  700503d6    00000035     BQ25751.o (.rodata.str1.2730883272908071265.1)
                  7005040b    00000035     ti_board_open_close.o (.rodata.str1.6201324418384543622.1)
                  70050440    00000035     BQ25856.o (.rodata.str1.7995244721850945903.1)
                  70050475    00000033     testing.o (.rodata.str1.8696649377706721793.1)
                  700504a8    00000032     BQ25856.o (.rodata.str1.10414671138414579745.1)
                  700504da    00000032     drivers.am263px.r5f.ti-arm-clang.release.lib : adc.obj (.rodata.str1.104222482920253680151)
                  7005050c    00000032                                                  : adc.obj (.rodata.str1.137023953294967812531)
                  7005053e    00000032     BQ25751.o (.rodata.str1.8312350936966051270.1)
                  70050570    00000031     BQ25751.o (.rodata.str1.1249517775944244852.1)
                  700505a1    00000031     BQ25856.o (.rodata.str1.15489050132451458266.1)
                  700505d2    00000031     i2c_helper.o (.rodata.str1.6590778483916000382.1)
                  70050603    00000030     BQ25751.o (.rodata.str1.10106629780682049060.1)
                  70050633    00000030     BQ25856.o (.rodata.str1.10243731268799205829.1)
                  70050663    00000030     BQ25856.o (.rodata.str1.17962396073544272735.1)
                  70050693    00000030     BQ25751.o (.rodata.str1.1820889172356602547.1)
                  700506c3    00000030     BQ25856.o (.rodata.str1.5082595652625867718.1)
                  700506f3    00000030     ti_drivers_open_close.o (.rodata.str1.5293217666052239616.1)
                  70050723    00000030     BQ25751.o (.rodata.str1.8003800691019726735.1)
                  70050753    0000002e     BQ25856.o (.rodata.str1.11154569111547305432.1)
                  70050781    0000002e     BQ25751.o (.rodata.str1.12958517175328886002.1)
                  700507af    0000002e     BQ25856.o (.rodata.str1.14338968568037909906.1)
                  700507dd    0000002e     BQ25751.o (.rodata.str1.16455321582865690357.1)
                  7005080b    0000002e     BQ25856.o (.rodata.str1.2207094062492082686.1)
                  70050839    0000002e     nortos.am263px.r5f.ti-arm-clang.release.lib : ClockP_nortos.obj (.rodata.str1.39419159632632580371)
                  70050867    0000002e     BQ25751.o (.rodata.str1.8443781089576892544.1)
                  70050895    0000002d     BQ25751.o (.rodata.str1.1275194715022805712.1)
                  700508c2    0000002d     BQ25751.o (.rodata.str1.13143656991489871118.1)
                  700508ef    0000002d     i2c_helper.o (.rodata.str1.13339857155982739385.1)
                  7005091c    0000002d     BQ25856.o (.rodata.str1.3292642858858668380.1)
                  70050949    0000002d     BQ25856.o (.rodata.str1.7239366430763322147.1)
                  70050976    0000002d     BQ25751.o (.rodata.str1.7430776718305622844.1)
                  700509a3    00000005     BQ25751.o (.rodata.str1.1229531588138316555.1)
                  700509a8    0000002c     drivers.am263px.r5f.ti-arm-clang.release.lib : i2c_v1.obj (.rodata.I2C_defaultTransaction)
                  700509d4    0000002c     i2c_helper.o (.rodata.str1.1142222398543706323.1)
                  70050a00    0000002c     BQ25751.o (.rodata.str1.12868114523665019615.1)
                  70050a2c    0000002c     BQ25856.o (.rodata.str1.1365095078110829190.1)
                  70050a58    0000002c     BQ25751.o (.rodata.str1.14581448127847459194.1)
                  70050a84    0000002c     i2c_helper.o (.rodata.str1.5541145730006603107.1)
                  70050ab0    0000002c     BQ25751.o (.rodata.str1.7886701266418031715.1)
                  70050adc    0000002c     BQ25751.o (.rodata.str1.9017280232647772979.1)
                  70050b08    0000002c     BQ25856.o (.rodata.str1.9042339658583023608.1)
                  70050b34    0000002b     BQ25856.o (.rodata.str1.11094402880587398397.1)
                  70050b5f    0000002b     BQ25751.o (.rodata.str1.15589734765688486271.1)
                  70050b8a    0000002b     BQ25856.o (.rodata.str1.16112850348045815110.1)
                  70050bb5    0000002b     BQ25751.o (.rodata.str1.5160441401641532227.1)
                  70050be0    0000002a     logger.o (.rodata.str1.6697840596852582545.1)
                  70050c0a    0000002a     BQ25751.o (.rodata.str1.7897313143695813649.1)
                  70050c34    0000002a     nortos.am263px.r5f.ti-arm-clang.release.lib : DebugP_log.obj (.rodata.str1.8882360920750446361)
                  70050c5e    00000028     BQ25751.o (.rodata.str1.1444569211857942851.1)
                  70050c86    00000028     ti_drivers_open_close.o (.rodata.str1.1596297266130340916.1)
                  70050cae    00000028     ti_drivers_open_close.o (.rodata.str1.16112177131852734107.1)
                  70050cd6    00000028     BQ25751.o (.rodata.str1.17894075944801656883.1)
                  70050cfe    00000027     nortos.am263px.r5f.ti-arm-clang.release.lib : ClockP_nortos_r5.obj (.rodata.str1.91622226613999981811)
                  70050d25    00000026     i2c_helper.o (.rodata.str1.8566739563610922213.1)
                  70050d4b    00000025     ti_board_open_close.o (.rodata.str1.12245025114167949655.1)
                  70050d70    00000025     BQ25751.o (.rodata.str1.3974748969067114375.1)
                  70050d95    00000025     ti_drivers_open_close.o (.rodata.str1.7750254725308216577.1)
                  70050dba    00000024     BQ25751.o (.rodata.str1.13505117214245943287.1)
                  70050dde    00000024     testing.o (.rodata.str1.1448113453728135492.1)
                  70050e02    00000024     drivers.am263px.r5f.ti-arm-clang.release.lib : edma.obj (.rodata.str1.164918382464449145851)
                  70050e26    00000024     BQ25856.o (.rodata.str1.17151883366456074681.1)
                  70050e4a    00000023     ti_drivers_open_close.o (.rodata.str1.10490786615736436564.1)
                  70050e6d    00000023     BQ25751.o (.rodata.str1.12421258905385577217.1)
                  70050e90    00000023     nortos.am263px.r5f.ti-arm-clang.release.lib : ClockP_nortos_r5.obj (.rodata.str1.136646522816104227591)
                  70050eb3    00000023     drivers.am263px.r5f.ti-arm-clang.release.lib : soc_rcm.obj (.rodata.str1.15813086600912413471)
                  70050ed6    00000023     BQ25856.o (.rodata.str1.4767447193301463323.1)
                  70050ef9    00000023     ti_board_open_close.o (.rodata.str1.760704006985994805.1)
                  70050f1c    00000022     drivers.am263px.r5f.ti-arm-clang.release.lib : edma.obj (.rodata.str1.6611792697437713481)
                  70050f3e    00000021     nortos.am263px.r5f.ti-arm-clang.release.lib : ClockP_nortos_r5.obj (.rodata.str1.99041146818411950391)
                  70050f5f    00000001     --HOLE-- [fill = 0]
                  70050f60    00000020     drivers.am263px.r5f.ti-arm-clang.release.lib : uart_v0_lld.obj (.rodata.cst32)
                  70050f80    00000020     PDMtesting.o (.rodata.str1.10015848951539402881.1)
                  70050fa0    00000020     drivers.am263px.r5f.ti-arm-clang.release.lib : uart_v0.obj (.rodata.str1.150767988884773108331)
                  70050fc0    00000020     BQ25751.o (.rodata.str1.17511979226281833584.1)
                  70050fe0    0000001f     board.o (.rodata.str1.10881007155619371109.1)
                  70050fff    0000001f     board.o (.rodata.str1.123550804358397101.1)
                  7005101e    0000001f     board.o (.rodata.str1.13738757807042593414.1)
                  7005103d    0000001f     board.o (.rodata.str1.14465880841147386111.1)
                  7005105c    0000001f     logger.o (.rodata.str1.14867204177169952558.1)
                  7005107b    0000001f     board.o (.rodata.str1.1510811462892085231.1)
                  7005109a    0000001f     board.o (.rodata.str1.16077883977509950417.1)
                  700510b9    0000001f     board.o (.rodata.str1.1696272589420159480.1)
                  700510d8    0000001f     board.o (.rodata.str1.18250802514644841805.1)
                  700510f7    0000001f     nortos.am263px.r5f.ti-arm-clang.release.lib : SemaphoreP_nortos.obj (.rodata.str1.25281168886080794691)
                  70051116    0000001f                                                 : ClockP_nortos_r5.obj (.rodata.str1.25349503636762439021)
                  70051135    0000001f     board.o (.rodata.str1.5436337271421848948.1)
                  70051154    0000001f     board.o (.rodata.str1.6418571003999367838.1)
                  70051173    0000001f     board.o (.rodata.str1.673658226405435322.1)
                  70051192    0000001f     board.o (.rodata.str1.6840234256597642108.1)
                  700511b1    0000001f     ti_drivers_open_close.o (.rodata.str1.871795152488895636.1)
                  700511d0    0000001f     board.o (.rodata.str1.9045895231722895584.1)
                  700511ef    0000001e     board.o (.rodata.str1.10345935079445805060.1)
                  7005120d    0000001e     drivers.am263px.r5f.ti-arm-clang.release.lib : mcspi_v0.obj (.rodata.str1.144400815220210358851)
                  7005122b    0000001e     board.o (.rodata.str1.9453984286452795027.1)
                  70051249    0000001e     board.o (.rodata.str1.9461189164499355904.1)
                  70051267    0000001d     nortos.am263px.r5f.ti-arm-clang.release.lib : TimerP_rti_priv.obj (.rodata.str1.114219152040444562951)
                  70051284    0000001d                                                 : TimerP_rti_priv.obj (.rodata.str1.125174968193178473681)
                  700512a1    0000001d     ti_drivers_open_close.o (.rodata.str1.13083909648175487149.1)
                  700512be    0000001d     drivers.am263px.r5f.ti-arm-clang.release.lib : uart_v0.obj (.rodata.str1.142814395268246240721)
                  700512db    0000001d                                                  : mcspi_v0.obj (.rodata.str1.171925388543524077211)
                  700512f8    0000001d     nortos.am263px.r5f.ti-arm-clang.release.lib : TimerP_rti_priv.obj (.rodata.str1.27974953896521033811)
                  70051315    00000003     PDMtesting.o (.rodata.str1.1094412632907578887.1)
                  70051318    0000001c     BQ25751.o (.rodata..Lswitch.table.BQ25751_read_faults)
                  70051334    0000001c     logger.o (.rodata.str1.10253156068257962407.1)
                  70051350    0000001c     logger.o (.rodata.str1.12893940535876439382.1)
                  7005136c    0000001c     logger.o (.rodata.str1.16946937258229686214.1)
                  70051388    0000001b     logger.o (.rodata.str1.10289081750774512625.1)
                  700513a3    0000001b     drivers.am263px.r5f.ti-arm-clang.release.lib : edma.obj (.rodata.str1.16266241636797238661)
                  700513be    0000001b     nortos.am263px.r5f.ti-arm-clang.release.lib : ClockP_nortos.obj (.rodata.str1.47646432807403639741)
                  700513d9    0000001b     ti_drivers_open_close.o (.rodata.str1.5509699957385355460.1)
                  700513f4    0000001b     logger.o (.rodata.str1.6452265960373237926.1)
                  7005140f    0000001a     drivers.am263px.r5f.ti-arm-clang.release.lib : edma.obj (.rodata.str1.124702968117785801901)
                  70051429    0000001a     nortos.am263px.r5f.ti-arm-clang.release.lib : ClockP_nortos_r5.obj (.rodata.str1.133203246495064227641)
                  70051443    0000001a     BQ25751.o (.rodata.str1.15227057180538999327.1)
                  7005145d    0000001a     drivers.am263px.r5f.ti-arm-clang.release.lib : soc_rcm.obj (.rodata.str1.153801437654618082741)
                  70051477    0000001a                                                  : mcspi_v0.obj (.rodata.str1.169212516063846095031)
                  70051491    0000001a                                                  : i2c_v1.obj (.rodata.str1.65627606760091541251)
                  700514ab    0000001a     BQ25856.o (.rodata.str1.9144871496803497570.1)
                  700514c5    0000001a     board.o (.rodata.str1.9440741161207462191.1)
                  700514df    0000001a     drivers.am263px.r5f.ti-arm-clang.release.lib : mcspi_v0.obj (.rodata.str1.99640994410596514241)
                  700514f9    00000019     ti_drivers_open_close.o (.rodata.str1.14059614886583751700.1)
                  70051512    00000019     nortos.am263px.r5f.ti-arm-clang.release.lib : TimerP_rti_priv.obj (.rodata.str1.160914699991520874261)
                  7005152b    00000019     ti_drivers_open_close.o (.rodata.str1.7332975063418302059.1)
                  70051544    00000018     drivers.am263px.r5f.ti-arm-clang.release.lib : soc.obj (.rodata..Lswitch.table.SOC_getAdcReferenceStatus)
                  7005155c    00000004     nortos.am263px.r5f.ti-arm-clang.release.lib : CacheP_armv7r.obj (.rodata.gCacheL1dCacheLineSize)
                  70051560    00000018     drivers.am263px.r5f.ti-arm-clang.release.lib : i2c_v1_lld.obj (.rodata.I2C_lld_defaultMessage)
                  70051578    00000018                                                  : soc_rcm.obj (.rodata.gControlssPllClkSrcValMap)
                  70051590    00000018                                                  : soc_rcm.obj (.rodata.gCptsClkSrcValMap)
                  700515a8    00000018                                                  : soc_rcm.obj (.rodata.gI2cClkSrcValMap)
                  700515c0    00000018                                                  : soc_rcm.obj (.rodata.gLinUartClkSrcValMap)
                  700515d8    00000018                                                  : soc_rcm.obj (.rodata.gPeripheralClkSrcInfoMap)
                  700515f0    00000018                                                  : soc_rcm.obj (.rodata.gRtiClkSrcValMap)
                  70051608    00000018                                                  : soc_rcm.obj (.rodata.gWdtClkSrcValMap)
                  70051620    00000018     BQ25751.o (.rodata.str1.10095525046290625685.1)
                  70051638    00000018     drivers.am263px.r5f.ti-arm-clang.release.lib : i2c_v1.obj (.rodata.str1.10394555129776590081)
                  70051650    00000018                                                  : i2c_v1.obj (.rodata.str1.145046381417982596211)
                  70051668    00000018                                                  : i2c_v1.obj (.rodata.str1.146157486204483244751)
                  70051680    00000018     BQ25856.o (.rodata.str1.18403151905249693661.1)
                  70051698    00000018     logger.o (.rodata.str1.516959638814628545.1)
                  700516b0    00000018     logger.o (.rodata.str1.5671237403414969566.1)
                  700516c8    00000018     logger.o (.rodata.str1.887488774559121338.1)
                  700516e0    00000018     drivers.am263px.r5f.ti-arm-clang.release.lib : uart_v0.obj (.rodata.str1.9069738176458784971)
                  700516f8    00000018     BQ25751.o (.rodata.str1.9421605849956869534.1)
                  70051710    00000018     logger.o (.rodata.str1.998270875404085501.1)
                  70051728    00000017     ADS_adc.o (.rodata.str1.10043506777178288082.1)
                  7005173f    00000017     logger.o (.rodata.str1.10127394157737690499.1)
                  70051756    00000017     i2c_helper.o (.rodata.str1.11017991858036563943.1)
                  7005176d    00000017     drivers.am263px.r5f.ti-arm-clang.release.lib : soc_rcm.obj (.rodata.str1.141251745167226470741)
                  70051784    00000017     ti_drivers_open_close.o (.rodata.str1.1628183244885117158.1)
                  7005179b    00000017     logger.o (.rodata.str1.9485715002722841782.1)
                  700517b2    00000016     PDMtesting.o (.rodata.str1.10577412323663350067.1)
                  700517c8    00000016     drivers.am263px.r5f.ti-arm-clang.release.lib : soc_rcm.obj (.rodata.str1.107645048611228328791)
                  700517de    00000016     PDMtesting.o (.rodata.str1.12143205621091433229.1)
                  700517f4    00000016     logger.o (.rodata.str1.1246197995540081341.1)
                  7005180a    00000016     BQ25751.o (.rodata.str1.1271360048684525176.1)
                  70051820    00000016     logger.o (.rodata.str1.14246187852812087945.1)
                  70051836    00000016     drivers.am263px.r5f.ti-arm-clang.release.lib : soc_rcm.obj (.rodata.str1.177369307189295936511)
                  7005184c    00000016                                                  : soc_rcm.obj (.rodata.str1.63555232926284281011)
                  70051862    00000016                                                  : mcspi_v0.obj (.rodata.str1.85423015064808713541)
                  70051878    00000015     ti_drivers_open_close.o (.rodata.str1.11521962449680083383.1)
                  7005188d    00000015     drivers.am263px.r5f.ti-arm-clang.release.lib : edma.obj (.rodata.str1.149652404363315708211)
                  700518a2    00000015     ti_drivers_open_close.o (.rodata.str1.17912154466570466874.1)
                  700518b7    00000015     drivers.am263px.r5f.ti-arm-clang.release.lib : adc.obj (.rodata.str1.20431844208594508061)
                  700518cc    00000015     nortos.am263px.r5f.ti-arm-clang.release.lib : SemaphoreP_nortos.obj (.rodata.str1.30861210816963497001)
                  700518e1    00000015     BQ25751.o (.rodata.str1.453300746779397769.1)
                  700518f6    00000015     logger.o (.rodata.str1.8545315102583907144.1)
                  7005190b    00000014     drivers.am263px.r5f.ti-arm-clang.release.lib : mcspi_v0_lld.obj (.rodata.str1.147988882001261723701)
                  7005191f    00000014                                                  : edma.obj (.rodata.str1.176595599180530855901)
                  70051933    00000014                                                  : mcspi_v0.obj (.rodata.str1.34611452835214624521)
                  70051947    00000014     ti_drivers_open_close.o (.rodata.str1.3622116258035701796.1)
                  7005195b    00000014     drivers.am263px.r5f.ti-arm-clang.release.lib : edma.obj (.rodata.str1.41785049815304208531)
                  7005196f    00000014                                                  : edma.obj (.rodata.str1.93700429500326477781)
                  70051983    00000013                                                  : soc_rcm.obj (.rodata.str1.30734103837947208761)
                  70051996    00000013     testing.o (.rodata.str1.761491514650110821.1)
                  700519a9    00000013     testing.o (.rodata.str1.8954517940817656586.1)
                  700519bc    00000013     drivers.am263px.r5f.ti-arm-clang.release.lib : uart_v0.obj (.rodata.str1.9980655952161290391)
                  700519cf    00000012                                                  : uart_v0.obj (.rodata.str1.166492982902436568231)
                  700519e1    00000012                                                  : uart_v0.obj (.rodata.str1.171120843061886446841)
                  700519f3    00000012                                                  : edma.obj (.rodata.str1.41579851849113419871)
                  70051a05    00000012     BQ25856.o (.rodata.str1.5451804751329502844.1)
                  70051a17    00000012     BQ25751.o (.rodata.str1.5958878973536578819.1)
                  70051a29    00000012     ti_drivers_open_close.o (.rodata.str1.6538372684047993024.1)
                  70051a3b    00000012     drivers.am263px.r5f.ti-arm-clang.release.lib : soc_rcm.obj (.rodata.str1.67217821191364965911)
                  70051a4d    00000011     BQ25856.o (.rodata.str1.11534990111546798960.1)
                  70051a5e    00000011     drivers.am263px.r5f.ti-arm-clang.release.lib : edma.obj (.rodata.str1.117215064595961288031)
                  70051a6f    00000011     ti_drivers_open_close.o (.rodata.str1.12213835641041270557.1)
                  70051a80    00000011     logger.o (.rodata.str1.13406532556922755089.1)
                  70051a91    00000011     drivers.am263px.r5f.ti-arm-clang.release.lib : uart_v0.obj (.rodata.str1.16967668833904919061)
                  70051aa2    00000011     BQ25751.o (.rodata.str1.17099517407219647408.1)
                  70051ab3    00000011     drivers.am263px.r5f.ti-arm-clang.release.lib : edma.obj (.rodata.str1.28692048193800818901)
                  70051ac4    00000011     nortos.am263px.r5f.ti-arm-clang.release.lib : ClockP_nortos.obj (.rodata.str1.37923443167824241621)
                  70051ad5    00000011                                                 : TimerP_rti_priv.obj (.rodata.str1.44101942245516082551)
                  70051ae6    00000011     logger.o (.rodata.str1.4633242734696342979.1)
                  70051af7    00000011     ti_drivers_open_close.o (.rodata.str1.6292539624901818759.1)
                  70051b08    00000010     drivers.am263px.r5f.ti-arm-clang.release.lib : soc.obj (.rodata.cst16)
                  70051b18    00000010                                                  : mcspi_v0.obj (.rodata.str1.153145657127816401141)
                  70051b28    00000010     ti_drivers_open_close.o (.rodata.str1.15574074207268991336.1)
                  70051b38    00000010     drivers.am263px.r5f.ti-arm-clang.release.lib : edma.obj (.rodata.str1.18778444954996405781)
                  70051b48    00000010                                                  : i2c_v1.obj (.rodata.str1.55879311564180241041)
                  70051b58    00000010     ti_drivers_open_close.o (.rodata.str1.6437641722977580707.1)
                  70051b68    0000000f     drivers.am263px.r5f.ti-arm-clang.release.lib : edma.obj (.rodata.str1.111354322338949310841)
                  70051b77    0000000f                                                  : edma.obj (.rodata.str1.144551280152329776181)
                  70051b86    0000000f     ti_board_open_close.o (.rodata.str1.1917411163332026764.1)
                  70051b95    0000000f     drivers.am263px.r5f.ti-arm-clang.release.lib : i2c_v1.obj (.rodata.str1.20248951868514646131)
                  70051ba4    0000000f                                                  : edma.obj (.rodata.str1.2759273541325923811)
                  70051bb3    0000000f                                                  : mcspi_v0.obj (.rodata.str1.43973954253821070511)
                  70051bc2    0000000f     board.o (.rodata.str1.834004997606947946.1)
                  70051bd1    0000000f     drivers.am263px.r5f.ti-arm-clang.release.lib : edma.obj (.rodata.str1.92547749779646142691)
                  70051be0    0000000e                                                  : edma.obj (.rodata.str1.19244332700943948511)
                  70051bee    0000000e                                                  : edma.obj (.rodata.str1.46057082369026546831)
                  70051bfc    0000000e                                                  : edma.obj (.rodata.str1.46782315602798139861)
                  70051c0a    0000000e     ti_drivers_open_close.o (.rodata.str1.5205884736402799790.1)
                  70051c18    0000000d     ti_drivers_open_close.o (.rodata.str1.10450075619424269387.1)
                  70051c25    0000000d     drivers.am263px.r5f.ti-arm-clang.release.lib : edma.obj (.rodata.str1.121775923823351643201)
                  70051c32    0000000d     ti_drivers_open_close.o (.rodata.str1.16905510790704221133.1)
                  70051c3f    0000000d     nortos.am263px.r5f.ti-arm-clang.release.lib : TimerP_rti_priv.obj (.rodata.str1.31870447354226168941)
                  70051c4c    0000000d     drivers.am263px.r5f.ti-arm-clang.release.lib : adc.obj (.rodata.str1.70150695697723348971)
                  70051c59    0000000d     testing.o (.rodata.str1.9119961215068324276.1)
                  70051c66    00000002     --HOLE-- [fill = 0]
                  70051c68    0000000c     drivers.am263px.r5f.ti-arm-clang.release.lib : mcspi_v0_lld.obj (.rodata..Lswitch.table.MCSPI_lld_controllerIsr.1)
                  70051c74    0000000c                                                  : mcspi_v0_lld.obj (.rodata..Lswitch.table.MCSPI_lld_controllerIsr)
                  70051c80    0000000c                                                  : soc.obj (.rodata..Lswitch.table.SOC_enableAdcReferenceMonitor)
                  70051c8c    0000000c     logger.o (.rodata..Lswitch.table.print_log)
                  70051c98    0000000c     nortos.am263px.r5f.ti-arm-clang.release.lib : ClockP_nortos_r5.obj (.rodata.str1.177642182983587376931)
                  70051ca4    0000000c     BQ25751.o (.rodata.str1.2018570541276964866.1)
                  70051cb0    0000000c     drivers.am263px.r5f.ti-arm-clang.release.lib : mcspi_v0.obj (.rodata.str1.69169362540279301091)
                  70051cbc    0000000c                                                  : edma.obj (.rodata.str1.73371482538137472541)
                  70051cc8    0000000c     logger.o (.rodata.str1.7498274428696469886.1)
                  70051cd4    0000000b     board.o (.rodata.str1.15102135329570516791.1)
                  70051cdf    0000000b     drivers.am263px.r5f.ti-arm-clang.release.lib : mcspi_v0.obj (.rodata.str1.169287378047891341191)
                  70051cea    0000000b                                                  : uart_v0.obj (.rodata.str1.174466331461201984741)
                  70051cf5    0000000b                                                  : uart_v0.obj (.rodata.str1.23952661867579505821)
                  70051d00    0000000b                                                  : mcspi_v0.obj (.rodata.str1.248655060218483491)
                  70051d0b    0000000b                                                  : edma.obj (.rodata.str1.8716574913843167321)
                  70051d16    0000000a                                                  : soc_rcm.obj (.rodata.str1.102656642322745120751)
                  70051d20    0000000a                                                  : edma.obj (.rodata.str1.11281620503267214511)
                  70051d2a    0000000a     logger.o (.rodata.str1.13114922096505101489.1)
                  70051d34    0000000a     drivers.am263px.r5f.ti-arm-clang.release.lib : uart_v0.obj (.rodata.str1.4680544719311723101)
[...]
7004a081  I2C_lld_mem_write                  
7004a209  MCSPI_lld_init                     
7004a2cd  BQ25751_read_reg                   
7004a38d  BQ25856_read_reg                   
7004a44d  I2C_lld_mem_read                   
7004a50d  UART_lld_init                      
7004a5cd  TCA6424_config                     
7004a68b  TCA6424_setOutput                  
7004a749  EDMA_registerIntr                  
7004a804  fseeko                             
7004a8b8  __TI_closefile                     
7004ab71  DebugP_readLine                    
7004acbf  UART_lld_read                      
7004ae0d  I2C_close                          
7004aeb1  I2C_lld_mem_readIntr               
7004af55  I2C_lld_mem_writeIntr              
7004b09d  EDMA_freeDmaChannel                
7004b13d  EDMA_freeParam                     
7004b1dd  EDMA_freeTcc                       
7004b27c  HOSTrename                         
7004b31d  UART_lld_dmaRead                   
7004b3bd  UART_lld_readIntr                  
7004b458  __TI_wrt_ok                        
7004b4f5  Board_ioexpOpen                    
7004b590  HOSTlseek                          
7004b6c1  BQ25751_write_reg                  
7004b757  BQ25856_write_reg                  
7004b7ed  SemaphoreP_pend                    
7004b883  Drivers_open                       
7004b917  EDMA_configureChannelRegion        
7004b9ac  HOSTopen                           
7004ba41  I2C_lld_init                       
7004bad5  SPI_ReadWrite                      
7004bb69  UART_lld_readWithCounter           
7004bd1b  MCSPI_lld_peripheralIsr            
7004bda8  close                              
7004be35  i2c_read_error_handler             
7004bec1  ADC_setPPBTripLimits               
7004bf49  UART_init                          
7004bfd1  UART_procLineStatusErr             
7004c058  __TI_doflush                       
7004c0e0  HOSTread                           
7004c164  HOSTwrite                          
7004c26d  EDMA_close                         
7004c2ed  UART_flushTxFifo                   
7004c36d  Drivers_mcspiOpen                  
7004c4e7  MCSPI_initiateLastChunkTransfer    
7004c561  MCSPI_init                         
7004c5d9  Board_pmicOpen                     
7004c737  MCSPI_stop                         
7004c7a9  MCSPI_lld_dmaStop                  
7004c819  BQ25751_read_faults                
7004c887  EDMA_disableTransferRegion         
7004c8f5  EDMA_enableTransferRegion          
7004c964  HOSTunlink                         
7004c9d1  UART_lld_writeDma                  
7004ca3d  Drivers_i2cOpen                    
7004caa7  UART_lld_readDma                   
7004cb0f  UART_lld_writeIntr                 
7004cb78  atoi                               
7004cbe1  digitalWrite                       
7004cc49  CycleCounterP_init                 
7004cc59  CycleCounterP_reset                
7004cc7d  CycleCounterP_nsToTicks            
7004cca9  CycleCounterP_enableUserAccess     
7004ccb1  SOC_controlModuleUnlockMMR         
7004cd15  add_log                            
7004cd79  init_interrupt                     
7004cddd  BQ25856_init                       
7004ce40  HOSTclose                          
7004cea1  ClockP_timerTickIsr                
7004ceff  MCSPI_setChDataSize                
7004cf5d  GPIO_setTrigType                   
7004d015  SOC_controlModuleLockMMR           
7004d071  _DebugP_assert                     
7004d124  __TI_cleanup                       
7004d17c  __TI_readmsg                       
7004d1d4  __TI_writemsg                      
7004d220  C$$IO$$                            
7004d22d  print_pending_logs                 
7004d285  ClockP_getTimeUsec                 
7004d2db  UART_intrDisable                   
7004d331  UART_readCancelNoCB                
7004d387  UART_writeCancelNoCB               
7004d3dd  Dpl_init                           
7004d430  exit                               
7004d484  finddevice                         
7004d4d8  __TI_auto_init_nobinit_nopinit     
7004d52d  AddrTranslateP_getLocalAddr        
7004d5d1  MCSPI_lld_deInitDma                
7004d623  BQ25751_print_register_dump        
7004d673  BQ25856_print_register_dump        
7004d6c3  ClockP_construct                   
7004d715  EDMA_allocDmaChannel               
7004d765  EDMA_allocParam                    
7004d7b5  EDMA_allocTcc                      
7004d853  Drivers_edmaOpen                   
7004d8a1  Drivers_uartOpen                   
7004d8ef  EDMA_disableChInShadowRegRegion    
7004d93d  MCSPI_transferCallback             
7004d9d5  SOC_enableAdcReferenceMonitor      
7004da21  SOC_enableAdcGlobalForce           
7004da69  SOC_enableAdcInternalReference     
7004daf8  unlink                             
7004dbcd  SOC_getAdcReferenceStatus          
7004dc11  UART_Params_init                   
7004dc55  UART_lld_deInitDma                 
7004dc99  ClockP_stop                        
7004dcd9  EDMA_mapChToEvtQ                   
7004dd19  Pinmux_config                      
7004dd59  SemaphoreP_constructBinary         
7004dd99  UART_lld_deInit                    
7004de57  SemaphoreP_constructMutex          
7004de95  EDMA_getBaseAddr                   
7004df0d  BQ25751_init                       
7004df47  ClockP_destruct                    
7004df81  DebugP_uartLogWriterPutChar        
7004dfbb  Module_clockSetFrequency           
7004dff5  TCA6424_open                       
7004e02f  UART_lld_flushTxFifo               
7004e0a1  _DebugP_logZone                    
7004e0d8  CycleCounterP_getCount32           
7004e0e0  PmuP_setup                         
7004e0e8  PmuP_enableCounters                
7004e0f0  PmuP_disableCounters               
7004e0f8  PmuP_getOverflowStatus             
7004e100  PmuP_clearOverflowStatus           
7004e108  PmuP_setUserEnable                 
7004e111  EDMA_clrMissEvtRegion              
7004e147  ClockP_start                       
7004e17d  I2C_init                           
7004e1b1  MCSPI_errorCallback                
7004e1e5  Module_clockDisable                
7004e219  Module_clockEnable                 
7004e24d  SOC_enableAdcDacLoopback           
7004e2e8  lseek                              
7004e31c  write                              
7004e351  ClockP_usleep                      
7004e383  EDMA_unmapChToEvtQ                 
7004e3b5  SemaphoreP_post                    
7004e3e7  DebugP_scanf                       
7004e417  Drivers_mcspiClose                 
7004e4a9  adc_to_current_LM74930             
7004e4d9  EDMA_enableChInShadowRegRegion     
7004e507  I2C_lld_deInit                     
7004e535  System_init                        
7004e591  DebugP_shmLogReaderInit            
7004e5bd  I2C_getHandle                      
7004e5e9  SOC_rcmGetR5Clock                  
7004e615  UART_getHandle                     
7004e641  adc_to_current_HSS_MB              
7004e66d  adc_to_current_TPS                 
7004e698  vsscanf                            
7004e6c5  pmic_write_reg                     
7004e717  GPIO_setDirMode                    
7004e769  SOC_moduleSetClockFrequency        
7004e791  read_ext_ADC                       
7004e7b9  ClockP_sleep                       
7004e7df  EDMA_setPaRAM                      
7004e805  I2C_lld_transferIntr               
7004e82b  I2C_lld_transferPoll               
7004e851  UART_lld_dmaDisableChannel         
7004e908  __aeabi_uldivmod                   
7004e92d  int_adc_to_voltage                 
7004e951  vprintf_                           
7004e975  EDMA_linkChannel                   
7004e9b9  System_deinit                      
7004e9db  print_logs                         
7004e9fd  DebugP_logZoneEnable               
7004ea1d  I2C_lld_Message_init               
7004ea5d  TimerP_Params_initPriv             
7004ea7d  UART_getChar                       
7004ea9d  Board_driversOpen                  
7004eabb  TCA6424_close                      
7004ead9  UART_spaceAvail                    
7004eb69  MCSPI_lld_deInit                   
7004eb85  SOC_rcmIsR5FInLockStepMode         
7004ebbd  main                               
7004ec10  TI_memcpy_small                    
7004ec2d  CSL_armR5GetCpuID                  
7004ec47  Drivers_pmicOpen                   
7004ec61  EDMA_readEventStatusRegion         
7004ec95  I2C_deinit                         
7004ecad  MCSPI_deinit                       
7004ecc5  MCSPI_lld_dmaInit                  
7004ecdd  TimerP_getCountPriv                
7004ecf5  UART_deinit                        
7004ed0d  clear_logs                         
7004ed24  TI_memset_small                    
7004ed3d  I2C_lld_Transaction_init           
7004ed53  MCSPI_reset                        
7004ed69  UART_IsTxRxFifoEmpty               
7004ed7f  UART_getIntrIdentityStatus         
7004edab  ClockP_usecToTicks                 
7004edbf  EDMA_getRegionId                   
7004edd3  UART_Transaction_init              
7004edfb  ADC_setMode                        
7004ee31  UART_operatingModeSelect           
7004ee43  UART_readLineStatus                
7004ee55  putchar_                           
7004ee67  GPIO_bankIntrDisable               
7004ee77  UART_intr2Disable                  
7004ee88  __aeabi_memset                     
7004ee88  __aeabi_memset4                    
7004ee88  __aeabi_memset8                    
7004eea8  putchar                            
7004eeb9  EDMA_ccPaRAMEntry_init             
7004eec7  GPIO_bankIntrEnable                
7004eee3  Pinmux_init                        
7004eef1  PowerClock_init                    
7004eeff  ClockP_getTicks                    
7004ef0b  DebugP_uartSetDrvIndex             
7004ef17  EDMA_isInitialized                 
7004ef25  I2C_Transaction_init               
7004ef31  SOC_getSelfCpuClk                  
7004ef3d  TCA6424_Params_init                
7004ef48  __aeabi_errno_addr                 
7004ef54  __aeabi_memclr                     
7004ef54  __aeabi_memclr4                    
7004ef54  __aeabi_memclr8                    
7004ef60  malloc                             
7004ef6c  CSL_armR5ReadMpidrReg              
7004ef78  C$$EXIT                            
7004ef78  HOSTexit                           
7004ef8d  ClockP_Params_init                 
7004ef97  ClockP_isActive                    
7004efa1  TimerP_getReloadCountPriv          
7004efab  TimerP_startPriv                   
7004efb5  UART_lld_Transaction_deInit        
7004efbf  TimerP_clearOverflowIntPriv        
7004efcf  EDMA_isInterruptEnabled            
7004efd5  SOC_moduleClockEnable              
7004efe1  ClockP_timerClearOverflowInt       
7004efe5  PowerClock_deinit                  
7004efe9  TimerP_Params_init                 
7004efed  TimerP_clearOverflowInt            
7004eff1  TimerP_getCount                    
7004eff5  TimerP_getReloadCount              
7004eff9  TimerP_setup                       
7004effd  TimerP_start                       
7004f000  __aeabi_idiv0                      
7004f004  __aeabi_ldiv0                      
7004f008  __aeabi_memcpy                     
7004f008  __aeabi_memcpy4                    
7004f008  __aeabi_memcpy8                    
7004f00c  _nop                               
7004f010  fseek                              
7004f014  remove                             
7004f040  test_results                       
7004f4f0  bq25751_registers                  
7004f650  bq25856_registers                  
7004f790  __aeabi_ctype_table_               
7004f790  __aeabi_ctype_table_C              
7004f891  test_cases                         
7004fa24  gCacheConfig                       
7004fa2c  gMpuConfig                         
7004fa38  gMpuRegionConfig                   
7004fb40  gADPLLJConfigTbl                   
700509a8  I2C_defaultTransaction             
7005155c  gCacheL1dCacheLineSize             
70051560  I2C_lld_defaultMessage             
700515d8  gPeripheralClkSrcInfoMap           
70051dc0  gCacheL1pCacheLineSize             
70051df0  __BSS_START                        
70051df0  logs                               
70052a70  gHwiCtrl                           
70054390  _CIOBUF_                           
70054390  __CIOBUF_                          
700544b0  intr_objects                       
70054744  __TI_tmpnams                       
700547e4  gDebugShmLogReaderCtrl             
70054878  gClockCtrl                         
700548b0  virtToPhymap                       
700548c0  gI2cHandle                         
700548cc  parmbuf                            
700548d4  gMcspiHandle                       
700548dc  gEdmaHandle                        
700548e0  gPmicHandle                        
700548e4  gUartHandle                        
700548e8  handle                             
700548ee  BQ25751_timer_en                   
700548f0  __BSS_END                          
700548f0  _sys_memory                        
7005c8f0  __stack                            
700608f0  __STACK_END                        
700608f1  HwiP_enableInt                     
70060919  HwiP_disableInt                    
7006094b  HwiP_restoreInt                    
700609a1  HwiP_clearInt                      
700609c1  HwiP_post                          
700609e9  HwiP_Params_init                   
700609fb  HwiP_construct                     
70060b43  HwiP_destruct                      
70060c15  HwiP_init                          
70060cd7  HwiP_inISR                         
70060cf3  HwiP_irq_handler_c                 
70060d77  HwiP_fiq_handler                   
70060e27  HwiP_reserved_handler              
70060e55  HwiP_undefined_handler_c           
70060e73  HwiP_user_undefined_handler_c      
70060e87  HwiP_svc_handler                   
70060eb5  HwiP_prefetch_abort_handler_c      
70060f2f  HwiP_user_prefetch_abort_handler_c 
70060f3f  HwiP_data_abort_handler_c          
70060fbf  HwiP_user_data_abort_handler_c     
70060fd0  HwiP_irq_handler                   
70061044  HwiP_data_abort_handler            
70061088  HwiP_prefetch_abort_handler        
700610d4  HwiP_undefined_handler             
70061104  GET_DFSR                           
7006110c  GET_ADFSR                          
70061114  GET_DFAR                           
7006111c  GET_IFSR                           
70061124  GET_AIFSR                          
7006112c  GET_IFAR                           
70061134  GET_SPSR                           
7006114c  HwiP_disable                       
7006115c  HwiP_disableFIQ                    
7006116c  HwiP_enable                        
7006117c  HwiP_enableFIQ                     
7006118c  HwiP_restore                       
70061194  HwiP_enableVIC                     
700611a4  HwiP_disableVIC                    
700611b4  HwiP_getCPSR                       
700611c8  CacheP_disableL1d                  
700611f0  CacheP_disableL1p                  
70061208  CacheP_enableL1d                   
70061220  CacheP_enableL1p                   
70061238  CacheP_invL1d                      
70061270  CacheP_invL1p                      
700612ac  CacheP_invL1dAll                   
700612b4  CacheP_invL1pAll                   
700612bc  CacheP_wb                          
700612f8  CacheP_wbInv                       
70061334  CacheP_wbAll                       
700613dc  CacheP_wbInvAll                    
700613f4  CacheP_wbInvAllAsm                 
70061494  CacheP_getEnabled                  
700614cc  CacheP_getCacheLevelInfo           
700614d8  CacheP_configForceWrThru           
700614f8  CacheP_setDLFO                     
70061509  CacheP_init                        
70061561  CacheP_disable                     
7006159b  CacheP_enable                      
700615bb  CacheP_inv                         
700615f9  MpuP_getAttrs                      
70061639  MpuP_RegionAttrs_init              
70061647  MpuP_setRegion                     
700616c1  MpuP_isEnable                      
700616c5  MpuP_disable                       
700616f7  MpuP_enable                        
70061733  MpuP_init                          
70061795  MpuP_isUserAuthorizedToAccessMemory
700617fc  MpuP_disableAsm                    
70061814  MpuP_disableBRAsm                  
70061824  MpuP_enableAsm                     
7006183c  MpuP_enableBRAsm                   
7006184c  MpuP_isEnableAsm                   
70061860  MpuP_setRegionAsm                  
70061888  _c_int00_sbl                       
700618ac  _c_int00                           
700619cd  _DebugP_assertNoLog                
700619eb  _system_pre_init                   
70061a07  __mpu_init                         
70061a18  abort                              
70061a20  gMcspiDmaHandle                    
70061a20  gUartDmaHandle                     
70061b20  _ftable                            
70061e6c  intr_pins                          
70061eec  _device                            
70061f64  gUartParams                        
70061fbc  _stream                            
7006209c  gSpi0ChCfg                         
700620dc  gSpi1ChCfg                         
7006211c  gSocModulesClockFrequency          
70062158  gMcspiOpenParams                   
70062180  gI2cParams                         
700621a4  ext_adc0                           
700621c0  ext_adc1                           
700621dc  gClockConfig                       
700621f4  gI2cConfig                         
7006220c  gPmicParams                        
70062220  gSocModules                        
70062234  gMcspiConfig                       
70062244  __TI_ft_end                        
70062248  gAddrTranslateConfig               
70062254  __TI_cleanup_ptr                   
70062258  __TI_dtors_ptr                     
7006225c  __aeabi_errno                      
70062260  BQ25751_timer                      
70062268  gConfigMcspiChCfg                  
70062270  gEdmaConfig                        
70062278  gEdmaParams                        
70062280  gMcspiDmaChConfig                  
70062288  gMcspiNumCh                        
70062298  gUartConfig                        
700622a8  _lock                              
700622ac  _unlock                            
700622b0  gDebugLogZone                      
700622b4  gDebugP_uartDrvIndex               
700622b8  gEdmaConfigNum                     
700622bc  gHwiConfig                         
700622c0  gI2cConfigNum                      
700622c4  gMcspiConfigNum                    
700622c8  gUartConfigNum                     
700622cc  gUartDmaChConfig                   
700622d0  test                               
700622d6  logs_length                        
700622d9  isMapAvailable                     
700622e0  __IRQ_STACK_START                  
700623e0  __FIQ_STACK_START                  
700623e0  __IRQ_STACK_END                    
700624e0  __FIQ_STACK_END                    
700624e0  __SVC_STACK_START                  
700634e0  __ABORT_STACK_START                
700634e0  __SVC_STACK_END                    
700635e0  __ABORT_STACK_END                  
700635e0  __UNDEFINED_STACK_START            
700636e0  __UNDEFINED_STACK_END              
701d4000  gDebugShmLog                       
ffffffff  __TI_pprof_out_hndl                
ffffffff  __TI_prof_data_size                
ffffffff  __TI_prof_data_start               
ffffffff  __binit__                          
ffffffff  binit                              
UNDEFED   PMIC_close                         
UNDEFED   PMIC_configure                     
UNDEFED   PMIC_open                          
UNDEFED   Pmic_ioTxByte                      
UNDEFED   __TI_CINIT_Base                    
UNDEFED   __TI_CINIT_Limit                   
UNDEFED   __TI_Handler_Table_Base            
UNDEFED   __TI_Handler_Table_Limit           
UNDEFED   _system_post_cinit                 

[531 symbols]
