******************************************************************************
            TI ARM Clang Linker PC v4.0.2                      
******************************************************************************
>> Linked Tue Jun 10 16:38:16 2025

OUTPUT FILE NAME:   <second_stage_PDM_testing.out>
ENTRY POINT SYMBOL: "_vectors"  address: 00000000


MEMORY CONFIGURATION

         name            origin    length      used     unused   attr    fill
----------------------  --------  ---------  --------  --------  ----  --------
  R5F_VECS              00000000   00000040  00000040  00000000  RWIX
  R5F_TCMA              00000040   00007fc0  00000000  00007fc0  RWIX
  R5F_TCMB              00080000   00008000  00000000  00008000  RWIX
  MAILBOX_HSM           44000000   000003ce  00000000  000003ce  RWIX
  MAILBOX_R5F           44000400   000003ce  00000000  000003ce  RWIX
  FLASH                 60100000   00080000  00000000  00080000  RWIX
  SBL                   70000000   00040000  00000000  00040000  RWIX
  OCRAM                 70040000   00040000  0001b150  00024eb0  RWIX
  USER_SHM_MEM          701d0000   00004000  00000000  00004000  RWIX
  LOG_SHM_MEM           701d4000   00004000  00002000  00002000  RWIX
  RTOS_NORTOS_IPC_SHM_M 72000000   00003e80  00000000  00003e80  RWIX


SEGMENT ALLOCATION MAP

run origin  load origin   length   init length attrs members
----------  ----------- ---------- ----------- ----- -------
00000000    00000000    00000040   00000040    r-x
  00000000    00000000    00000040   00000040    r-x .vectors
70040000    70040000    0000e3c0   00000000    rw-
  70040000    70040000    000023c0   00000000    rw- .bss
  700423c0    700423c0    00008000   00000000    rw- .sysmem
  7004a3c0    7004a3c0    00004000   00000000    rw- .stack
7004e3c0    7004e3c0    0000b278   0000b278    r-x
  7004e3c0    7004e3c0    000091a0   000091a0    r-x .text
  70057560    70057560    00000fa8   00000fa8    r-- .rodata
  70058508    70058508    000008d8   000008d8    r-x .text.hwi
  70058de0    70058de0    00000430   00000430    r-x .text.cache
  70059210    70059210    00000290   00000290    r-x .text.mpu
  700594a0    700594a0    00000190   00000190    r-x .text.boot
  70059630    70059630    00000008   00000008    r-x .text:abort
70059638    70059638    00001b18   00000718    rw-
  70059638    70059638    00000718   00000718    rw- .data
  70059d50    70059d50    00000100   00000000    rw- .irqstack
  70059e50    70059e50    00000100   00000000    rw- .fiqstack
  70059f50    70059f50    00001000   00000000    rw- .svcstack
  7005af50    7005af50    00000100   00000000    rw- .abortstack
  7005b050    7005b050    00000100   00000000    rw- .undefinedstack


SECTION ALLOCATION MAP

 output                                  attributes/
section   page    origin      length       input sections
--------  ----  ----------  ----------   ----------------
.vectors   0    00000000    00000040     
                  00000000    00000040     nortos.am263px.r5f.ti-arm-clang.release.lib : HwiP_armv7r_vectors_nortos_asm.obj (.vectors)

.bss       0    70040000    000023c0     UNINITIALIZED
                  70040000    00000c80     (.common:logs)
                  70040c80    00000808     (.common:gHwiCtrl)
                  70041488    00000770     ti_drivers_config.o (.bss.gMcspiObjects)
                  70041bf8    00000368     ti_drivers_config.o (.bss.gUartObjects)
                  70041f60    00000120     libsysbm.a : trgmsg.c.obj (.bss:_CIOBUF_)
                  70042080    000000e8     ti_drivers_config.o (.bss.gEdmaObjects)
                  70042168    000000c0     (.common:intr_objects)
                  70042228    000000a0     libc.a : defs.c.obj (.bss.__TI_tmpnams)
                  700422c8    00000090     (.common:gDebugShmLogReaderCtrl)
                  70042358    00000038     (.common:gClockCtrl)
                  70042390    00000010     (.common:virtToPhymap)
                  700423a0    00000008     libsysbm.a : hostopen.c.obj (.bss.parmbuf)
                  700423a8    00000008     (.common:gMcspiHandle)
                  700423b0    00000004     nortos.am263px.r5f.ti-arm-clang.release.lib : HwiP_armv7r_vim.obj (.bss.gdummy)
                  700423b4    00000004     libc.a : memory.c.obj (.bss.sys_free)
                  700423b8    00000004     (.common:gEdmaHandle)
                  700423bc    00000004     (.common:gUartHandle)

.sysmem    0    700423c0    00008000     UNINITIALIZED
                  700423c0    00000010     libc.a : memory.c.obj (.sysmem)
                  700423d0    00007ff0     --HOLE--

.stack     0    7004a3c0    00004000     UNINITIALIZED
                  7004a3c0    00000004     nortos.am263px.r5f.ti-arm-clang.release.lib : boot_armv7r_asm.obj (.stack)
                  7004a3c4    00003ffc     --HOLE--

.text      0    7004e3c0    000091a0     
                  7004e3c0    0000075a     ti_drivers_open_close.o (.text.Drivers_adcOpen)
                  7004eb1a    00000002     ti_board_config.o (.text.Board_deinit)
                  7004eb1c    00000580     nortos.am263px.r5f.ti-arm-clang.release.lib : printf.obj (.text._vsnprintf)
                  7004f09c    000004cc     drivers.am263px.r5f.ti-arm-clang.release.lib : soc_rcm.obj (.text.SOC_rcmEnablePeripheralClock)
                  7004f568    00000400     nortos.am263px.r5f.ti-arm-clang.release.lib : printf.obj (.text._ftoa)
                  7004f968    00000018     drivers.am263px.r5f.ti-arm-clang.release.lib : mcspi_v0.obj (.text.MCSPI_deinit)
                  7004f980    00000390     libc.a : strcmp32.S.obj (.text:strcmp)
                  7004fd10    00000310     nortos.am263px.r5f.ti-arm-clang.release.lib : printf.obj (.text._etoa)
                  70050020    000002a8     drivers.am263px.r5f.ti-arm-clang.release.lib : uart_v0.obj (.text.UART_open)
                  700502c8    00000298                                                  : mcspi_v0.obj (.text.MCSPI_open)
                  70050560    0000027c                                                  : edma.obj (.text.EDMA_init)
                  700507dc    00000250                                                  : soc_rcm.obj (.text.SOC_rcmSetPeripheralClock)
                  70050a2c    0000023c                                                  : uart_v0_lld.obj (.text.UART_configInstance)
                  70050c68    00000230                                                  : mcspi_dma_edma.obj (.text.MCSPI_lld_dmaTransfer)
                  70050e98    0000020c                                                  : edma.obj (.text.EDMA_errorIsrFxn)
                  700510a4    00000204                                                  : edma.obj (.text.EDMA_freeChannelRegion)
                  700512a8    000001e8                                                  : mcspi_v0_lld.obj (.text.MCSPI_lld_controllerIsr)
                  70051490    000001e2     ti_drivers_config.o (.text.GPIO_init)
                  70051672    00000002     ti_board_config.o (.text.Board_init)
                  70051674    000001c0     drivers.am263px.r5f.ti-arm-clang.release.lib : mcspi_dma_edma.obj (.text.MCSPI_lld_dmaChInit)
                  70051834    000001a8                                                  : mcspi_v0_lld.obj (.text.MCSPI_lld_chConfig)
                  700519dc    000001a8     libc.a : memory.c.obj (.text.free)
                  70051b84    000001a4            : memory.c.obj (.text.aligned_alloc)
                  70051d28    00000194     drivers.am263px.r5f.ti-arm-clang.release.lib : uart_dma_edma.obj (.text.UART_lld_dmaInit)
                  70051ebc    00000164                                                  : edma.obj (.text.EDMA_open)
                  70052020    00000160                                                  : edma.obj (.text.EDMA_deinit)
                  70052180    0000014e                                                  : uart_dma_edma.obj (.text.UART_lld_dmaDeInit)
                  700522ce    0000014c                                                  : mcspi_dma_edma.obj (.text.MCSPI_lld_dmaDeInit)
                  7005241a    00000002     nortos.am263px.r5f.ti-arm-clang.release.lib : DebugP_nortos.obj (.text.DebugP_shmLogReaderTaskCreate)
                  7005241c    00000144     libc.a : setvbuf.c.obj (.text.setvbuf)
                  70052560    00000140     nortos.am263px.r5f.ti-arm-clang.release.lib : TimerP_rti_priv.obj (.text.TimerP_setupPriv)
                  700526a0    0000013c     drivers.am263px.r5f.ti-arm-clang.release.lib : soc.obj (.text.SOC_virtToPhy)
                  700527dc    00000138                                                  : uart_v0.obj (.text.UART_close)
                  70052914    00000132     nortos.am263px.r5f.ti-arm-clang.release.lib : printf.obj (.text._ntoa_format)
                  70052a46    0000011a     drivers.am263px.r5f.ti-arm-clang.release.lib : uart_v0_lld.obj (.text.UART_lld_controllerIsr)
                  70052b60    00000118                                                  : edma.obj (.text.Alloc_resource)
                  70052c78    00000118     libclang_rt.builtins.a : udivmoddi4.S.obj (.text)
                  70052d90    00000114     drivers.am263px.r5f.ti-arm-clang.release.lib : soc_rcm.obj (.text.SOC_rcmGetPeripheralClockFrequency)
                  70052ea4    0000010e                                                  : uart_v0_lld.obj (.text.UART_lld_write)
                  70052fb2    0000010a     board.o (.text.init_gpio)
                  700530bc    00000108     drivers.am263px.r5f.ti-arm-clang.release.lib : edma.obj (.text.EDMA_transferCompletionMasterIsrFxn)
                  700531c4    00000106                                                  : mcspi_v0_lld.obj (.text.MCSPI_continuePeripheralTxRx)
                  700532ca    00000104     nortos.am263px.r5f.ti-arm-clang.release.lib : ClockP_nortos_r5.obj (.text.ClockP_init)
                  700533ce    00000002     ti_dpl_config.o (.text.Dpl_deinit)
                  700533d0    00000104     drivers.am263px.r5f.ti-arm-clang.release.lib : uart_dma_edma.obj (.text.UART_lld_dmaWrite)
                  700534d4    00000100                                                  : mcspi_v0.obj (.text.MCSPI_close)
                  700535d4    00000100     PDMtesting.o (.text.PDM_testing)
                  700536d4    000000fc     drivers.am263px.r5f.ti-arm-clang.release.lib : uart_v0.obj (.text.UART_write)
                  700537d0    000000f4                                                  : mcspi_v0_lld.obj (.text.MCSPI_lld_initDma)
                  700538c4    000000f0     libc.a : fputc.c.obj (.text.fputc)
                  700539b4    000000ea     int_adc.o (.text.read_int_ADC)
                  70053a9e    000000e6     drivers.am263px.r5f.ti-arm-clang.release.lib : mcspi_dma_edma.obj (.text.MCSPI_edmaIsrTx)
                  70053b84    000000d6     board.o (.text.GPIO_bankIsrFxn)
                  70053c5a    00000002     nortos.am263px.r5f.ti-arm-clang.release.lib : SemaphoreP_nortos.obj (.text.SemaphoreP_destruct)
                  70053c5c    000000d0     drivers.am263px.r5f.ti-arm-clang.release.lib : edma.obj (.text.EDMA_unregisterIntr)
                  70053d2c    000000d0     ti_drivers_config.o (.text.GPIO_deinit)
                  70053dfc    000000cc     drivers.am263px.r5f.ti-arm-clang.release.lib : uart_v0_lld.obj (.text.UART_lld_initDma)
                  70053ec8    000000c8     libc.a : getdevice.c.obj (.text.getdevice)
                  70053f90    000000c4     drivers.am263px.r5f.ti-arm-clang.release.lib : mcspi_v0_lld.obj (.text.MCSPI_lld_init)
                  70054054    000000c0                                                  : uart_v0_lld.obj (.text.UART_lld_init)
                  70054114    000000bc                                                  : edma.obj (.text.EDMA_registerIntr)
                  700541d0    000000b4     libc.a : fseek.c.obj (.text.fseeko)
                  70054284    000000b0            : fclose.c.obj (.text.__TI_closefile)
                  70054334    000000b0     nortos.am263px.r5f.ti-arm-clang.release.lib : printf.obj (.text._ntoa_long_long)
                  700543e4    000000ac     drivers.am263px.r5f.ti-arm-clang.release.lib : soc_rcm.obj (.text.SOC_rcmGetCoreHSDivOut)
                  70054490    000000ac                                                  : uart_v0_lld.obj (.text.UART_divisorLatchWrite)
                  7005453c    000000a6                                                  : mcspi_dma_edma.obj (.text.MCSPI_edmaIsrRx)
                  700545e2    000000a6     nortos.am263px.r5f.ti-arm-clang.release.lib : printf.obj (.text._out_rev)
                  70054688    000000a6     board.o (.text.init_global_interrupts)
                  7005472e    00000002     nortos.am263px.r5f.ti-arm-clang.release.lib : TaskP_nortos.obj (.text.TaskP_yield)
                  70054730    000000a4     libc.a : memory.c.obj (.text.split)
                  700547d4    000000a0     drivers.am263px.r5f.ti-arm-clang.release.lib : edma.obj (.text.EDMA_freeDmaChannel)
                  70054874    000000a0                                                  : edma.obj (.text.EDMA_freeParam)
                  70054914    000000a0                                                  : edma.obj (.text.EDMA_freeTcc)
                  700549b4    000000a0     libsysbm.a : hostrename.c.obj (.text.HOSTrename)
                  70054a54    000000a0     drivers.am263px.r5f.ti-arm-clang.release.lib : uart_dma_edma.obj (.text.UART_lld_dmaRead)
                  70054af4    0000009c     libc.a : _io_perm.c.obj (.text.__TI_wrt_ok)
                  70054b90    00000098     libsysbm.a : hostlseek.c.obj (.text.HOSTlseek)
                  70054c28    00000096     nortos.am263px.r5f.ti-arm-clang.release.lib : SemaphoreP_nortos.obj (.text.SemaphoreP_pend)
                  70054cbe    00000094     drivers.am263px.r5f.ti-arm-clang.release.lib : edma.obj (.text.EDMA_configureChannelRegion)
                  70054d52    00000002                                                  : uart_dma_edma.obj (.text.UART_edmaDoNothing)
                  70054d54    00000094     libsysbm.a : hostopen.c.obj (.text.HOSTopen)
                  70054de8    0000008e     nortos.am263px.r5f.ti-arm-clang.release.lib : printf.obj (.text._ntoa_long)
                  70054e76    0000008c     ti_drivers_open_close.o (.text.Drivers_open)
                  70054f02    0000008c     drivers.am263px.r5f.ti-arm-clang.release.lib : mcspi_v0_lld.obj (.text.MCSPI_lld_peripheralIsr)
                  70054f8e    00000002                                                  : uart_v0.obj (.text.UART_lld_errorCallback)
                  70054f90    0000008c     libsysbm.a : close.c.obj (.text.close)
                  7005501c    00000088     drivers.am263px.r5f.ti-arm-clang.release.lib : adc.obj (.text.ADC_setPPBTripLimits)
                  700550a4    00000088                                                  : uart_v0.obj (.text.UART_init)
                  7005512c    00000088                                                  : uart_v0_lld.obj (.text.UART_procLineStatusErr)
                  700551b4    00000088     libc.a : fflush.c.obj (.text.__TI_doflush)
                  7005523c    00000084     libsysbm.a : hostread.c.obj (.text.HOSTread)
                  700552c0    00000084                : hostwrite.c.obj (.text.HOSTwrite)
                  70055344    00000080     drivers.am263px.r5f.ti-arm-clang.release.lib : edma.obj (.text.EDMA_close)
                  700553c4    00000080                                                  : uart_v0.obj (.text.UART_flushTxFifo)
                  70055444    0000007e     ti_drivers_open_close.o (.text.Drivers_mcspiOpen)
                  700554c2    0000007e     drivers.am263px.r5f.ti-arm-clang.release.lib : mcspi_v0_lld.obj (.text.MCSPI_fifoRead)
                  70055540    0000007a                                                  : mcspi_v0_lld.obj (.text.MCSPI_initiateLastChunkTransfer)
                  700555ba    00000002     nortos.am263px.r5f.ti-arm-clang.release.lib : printf.obj (.text._out_null)
                  700555bc    00000078     drivers.am263px.r5f.ti-arm-clang.release.lib : mcspi_v0.obj (.text.MCSPI_init)
                  70055634    00000072                                                  : mcspi_v0_lld.obj (.text.MCSPI_fifoWrite)
                  700556a6    00000072                                                  : mcspi_v0_lld.obj (.text.MCSPI_stop)
                  70055718    00000070                                                  : mcspi_dma_edma.obj (.text.MCSPI_lld_dmaStop)
                  70055788    0000006e                                                  : edma.obj (.text.EDMA_disableTransferRegion)
                  700557f6    0000006e                                                  : edma.obj (.text.EDMA_enableTransferRegion)
                  70055864    0000006c     libsysbm.a : hostunlink.c.obj (.text.HOSTunlink)
                  700558d0    0000006c     drivers.am263px.r5f.ti-arm-clang.release.lib : uart_v0_lld.obj (.text.UART_lld_writeDma)
                  7005593c    00000068                                                  : uart_v0_lld.obj (.text.UART_lld_writeIntr)
                  700559a4    00000066     nortos.am263px.r5f.ti-arm-clang.release.lib : PmuP_armv7r.obj (.text.pmu)
                  70055a0a    00000002     --HOLE-- [fill = 0]
                  70055a0c    00000064     drivers.am263px.r5f.ti-arm-clang.release.lib : soc.obj (.text.SOC_controlModuleUnlockMMR)
                  70055a70    00000064     logger.o (.text.add_log)
                  70055ad4    00000060     libsysbm.a : hostclose.c.obj (.text.HOSTclose)
                  70055b34    0000005e     nortos.am263px.r5f.ti-arm-clang.release.lib : ClockP_nortos.obj (.text.ClockP_timerTickIsr)
                  70055b92    00000002     --HOLE-- [fill = 0]
                  70055b94    0000005c     drivers.am263px.r5f.ti-arm-clang.release.lib : gpio.obj (.text.GPIO_setTrigType)
                  70055bf0    0000005c                                                  : mcspi_v0_lld.obj (.text.MCSPI_configInstance)
                  70055c4c    0000005c                                                  : soc.obj (.text.SOC_controlModuleLockMMR)
                  70055ca8    0000005c     nortos.am263px.r5f.ti-arm-clang.release.lib : DebugP_log.obj (.text._DebugP_assert)
                  70055d04    00000058     drivers.am263px.r5f.ti-arm-clang.release.lib : mcspi_dma_edma.obj (.text.MCSPI_edmaUpdateTransferParams)
                  70055d5c    00000058     libc.a : fopen.c.obj (.text.__TI_cleanup)
                  70055db4    00000058     libsysbm.a : trgmsg.c.obj (.text.__TI_readmsg)
                  70055e0c    00000058                : trgmsg.c.obj (.text.__TI_writemsg)
                  70055e64    00000058     board.o (.text.init_interrupt)
                  70055ebc    00000056     nortos.am263px.r5f.ti-arm-clang.release.lib : ClockP_nortos.obj (.text.ClockP_getTimeUsec)
                  70055f12    00000056     drivers.am263px.r5f.ti-arm-clang.release.lib : uart_v0_lld.obj (.text.UART_intrDisable)
                  70055f68    00000056                                                  : uart_v0_lld.obj (.text.UART_writeCancelNoCB)
                  70055fbe    00000054     ti_dpl_config.o (.text.Dpl_init)
                  70056012    00000002     --HOLE-- [fill = 0]
                  70056014    00000054     libc.a : exit.c.obj (.text.exit)
                  70056068    00000054            : getdevice.c.obj (.text.finddevice)
                  700560bc    00000054            : autoinit.c.obj (.text:__TI_auto_init_nobinit_nopinit)
                  70056110    00000052     nortos.am263px.r5f.ti-arm-clang.release.lib : AddrTranslateP_32bit.obj (.text.AddrTranslateP_getLocalAddr)
                  70056162    00000052     drivers.am263px.r5f.ti-arm-clang.release.lib : mcspi_v0_lld.obj (.text.MCSPI_lld_deInitDma)
                  700561b4    00000050     nortos.am263px.r5f.ti-arm-clang.release.lib : ClockP_nortos.obj (.text.ClockP_construct)
                  70056204    00000050     drivers.am263px.r5f.ti-arm-clang.release.lib : edma.obj (.text.EDMA_allocDmaChannel)
                  70056254    00000050                                                  : edma.obj (.text.EDMA_allocParam)
                  700562a4    00000050                                                  : edma.obj (.text.EDMA_allocTcc)
                  700562f4    0000004e     nortos.am263px.r5f.ti-arm-clang.release.lib : ClockP_nortos.obj (.text.ClockP_addToList)
                  70056342    0000004e     ti_drivers_open_close.o (.text.Drivers_edmaOpen)
                  70056390    0000004e     ti_drivers_open_close.o (.text.Drivers_uartOpen)
                  700563de    0000004e     drivers.am263px.r5f.ti-arm-clang.release.lib : edma.obj (.text.EDMA_disableChInShadowRegRegion)
                  7005642c    0000004c                                                  : mcspi_v0.obj (.text.MCSPI_transferCallback)
                  70056478    0000004c                                                  : soc.obj (.text.SOC_enableAdcReferenceMonitor)
                  700564c4    00000048                                                  : soc.obj (.text.SOC_enableAdcGlobalForce)
                  7005650c    00000048                                                  : soc.obj (.text.SOC_enableAdcInternalReference)
                  70056554    00000048                                                  : uart_dma_edma.obj (.text.UART_edmaIsrRx)
                  7005659c    00000048     libsysbm.a : unlink.c.obj (.text.unlink)
                  700565e4    00000046     drivers.am263px.r5f.ti-arm-clang.release.lib : uart_dma_edma.obj (.text.UART_edmaIsrTx)
                  7005662a    00000002     --HOLE-- [fill = 0]
                  7005662c    00000044                                                  : soc.obj (.text.SOC_getAdcReferenceStatus)
                  70056670    00000044                                                  : uart_v0.obj (.text.UART_Params_init)
                  700566b4    00000044                                                  : uart_v0_lld.obj (.text.UART_lld_deInitDma)
                  700566f8    00000040     nortos.am263px.r5f.ti-arm-clang.release.lib : ClockP_nortos.obj (.text.ClockP_stop)
                  70056738    00000040     drivers.am263px.r5f.ti-arm-clang.release.lib : edma.obj (.text.EDMA_mapChToEvtQ)
                  70056778    00000040                                                  : pinmux.obj (.text.Pinmux_config)
                  700567b8    00000040     nortos.am263px.r5f.ti-arm-clang.release.lib : SemaphoreP_nortos.obj (.text.SemaphoreP_constructBinary)
                  700567f8    00000040     drivers.am263px.r5f.ti-arm-clang.release.lib : uart_v0_lld.obj (.text.UART_lld_deInit)
                  70056838    00000040     libc.a : memory.c.obj (.text.free_list_insert)
                  70056878    0000003e     nortos.am263px.r5f.ti-arm-clang.release.lib : SemaphoreP_nortos.obj (.text.SemaphoreP_constructMutex)
                  700568b6    00000002     --HOLE-- [fill = 0]
                  700568b8    0000003c     drivers.am263px.r5f.ti-arm-clang.release.lib : edma.obj (.text.EDMA_getBaseAddr)
                  700568f4    0000003c                                                  : uart_v0_lld.obj (.text.UART_readData)
                  70056930    0000003a     nortos.am263px.r5f.ti-arm-clang.release.lib : ClockP_nortos.obj (.text.ClockP_destruct)
                  7005696a    0000003a                                                 : DebugP_uartLogWriter.obj (.text.DebugP_uartLogWriterPutChar)
                  700569a4    0000003a     ti_power_clock_config.o (.text.Module_clockSetFrequency)
                  700569de    0000003a     drivers.am263px.r5f.ti-arm-clang.release.lib : uart_v0_lld.obj (.text.UART_lld_flushTxFifo)
                  70056a18    00000038                                                  : soc_rcm.obj (.text.SOC_rcmADPLLJGetFOut)
                  70056a50    00000038     nortos.am263px.r5f.ti-arm-clang.release.lib : DebugP_nortos.obj (.text._DebugP_logZone)
                  70056a88    00000038                                                 : PmuP_armv7r_asm.obj (.text.pmu)
                  70056ac0    00000036     drivers.am263px.r5f.ti-arm-clang.release.lib : edma.obj (.text.EDMA_clrMissEvtRegion)
                  70056af6    00000034     nortos.am263px.r5f.ti-arm-clang.release.lib : ClockP_nortos.obj (.text.ClockP_start)
                  70056b2a    00000034     drivers.am263px.r5f.ti-arm-clang.release.lib : mcspi_v0.obj (.text.MCSPI_errorCallback)
                  70056b5e    00000034     ti_power_clock_config.o (.text.Module_clockDisable)
                  70056b92    00000034     ti_power_clock_config.o (.text.Module_clockEnable)
                  70056bc6    00000002     --HOLE-- [fill = 0]
                  70056bc8    00000034     drivers.am263px.r5f.ti-arm-clang.release.lib : soc.obj (.text.SOC_enableAdcDacLoopback)
                  70056bfc    00000034                                                  : soc_rcm.obj (.text.SOC_rcmGetModuleClkDivVal)
                  70056c30    00000034     libc.a : memory.c.obj (.text.free_list_remove)
                  70056c64    00000034     libsysbm.a : lseek.c.obj (.text.lseek)
                  70056c98    00000034                : write.c.obj (.text.write)
                  70056ccc    00000032     nortos.am263px.r5f.ti-arm-clang.release.lib : ClockP_nortos.obj (.text.ClockP_usleep)
                  70056cfe    00000032     drivers.am263px.r5f.ti-arm-clang.release.lib : edma.obj (.text.EDMA_unmapChToEvtQ)
                  70056d30    00000032     nortos.am263px.r5f.ti-arm-clang.release.lib : SemaphoreP_nortos.obj (.text.SemaphoreP_post)
                  70056d62    00000030     drivers.am263px.r5f.ti-arm-clang.release.lib : uart_v0.obj (.text.UART_lld_writeCompleteCallback)
                  70056d92    0000002e                                                  : edma.obj (.text.EDMA_enableChInShadowRegRegion)
                  70056dc0    0000002e                                                  : uart_v0.obj (.text.UART_lld_readCompleteCallback)
                  70056dee    0000002c     nortos.am263px.r5f.ti-arm-clang.release.lib : DebugP_shmLogReader.obj (.text.DebugP_shmLogReaderInit)
                  70056e1a    00000002     --HOLE-- [fill = 0]
                  70056e1c    0000002c     drivers.am263px.r5f.ti-arm-clang.release.lib : soc_rcm.obj (.text.SOC_rcmGetR5Clock)
                  70056e48    0000002c                                                  : uart_v0.obj (.text.UART_getHandle)
                  70056e74    0000002a     ti_drivers_config.o (.text.System_init)
                  70056e9e    00000028     nortos.am263px.r5f.ti-arm-clang.release.lib : ClockP_nortos.obj (.text.ClockP_sleepTicks)
                  70056ec6    00000028     drivers.am263px.r5f.ti-arm-clang.release.lib : gpio.obj (.text.GPIO_setDirMode)
                  70056eee    00000028                                                  : mcspi_v0_lld.obj (.text.MCSPI_fifoReadMultiWord)
                  70056f16    00000002     --HOLE-- [fill = 0]
                  70056f18    00000028                                                  : soc.obj (.text.SOC_moduleSetClockFrequency)
                  70056f40    00000026     nortos.am263px.r5f.ti-arm-clang.release.lib : ClockP_nortos.obj (.text.ClockP_sleep)
                  70056f66    00000026     drivers.am263px.r5f.ti-arm-clang.release.lib : edma.obj (.text.EDMA_setPaRAM)
                  70056f8c    00000026                                                  : uart_dma_edma.obj (.text.UART_lld_dmaDisableChannel)
                  70056fb2    00000024                                                  : mcspi_v0_lld.obj (.text.MCSPI_fifoWriteMultiWord)
                  70056fd6    00000002     --HOLE-- [fill = 0]
                  70056fd8    00000024                                                  : uart_v0_lld.obj (.text.UART_IsHWFlowCtrlValid)
                  70056ffc    00000024                                                  : uart_v0_lld.obj (.text.UART_IsRxTrigLvlValid)
                  70057020    00000024                                                  : uart_v0_lld.obj (.text.UART_IsTxTrigLvlValid)
                  70057044    00000024     libclang_rt.builtins.a : aeabi_uldivmod.S.obj (.text.__aeabi_uldivmod)
                  70057068    00000024     nortos.am263px.r5f.ti-arm-clang.release.lib : printf.obj (.text.vprintf_)
                  7005708c    00000022     drivers.am263px.r5f.ti-arm-clang.release.lib : edma.obj (.text.EDMA_linkChannel)
                  700570ae    00000020     nortos.am263px.r5f.ti-arm-clang.release.lib : DebugP_log.obj (.text.DebugP_logZoneEnable)
                  700570ce    00000020     drivers.am263px.r5f.ti-arm-clang.release.lib : mcspi_v0_lld.obj (.text.MCSPI_fifoRead32)
                  700570ee    00000020     nortos.am263px.r5f.ti-arm-clang.release.lib : TimerP_rti_priv.obj (.text.TimerP_Params_initPriv)
                  7005710e    00000020     drivers.am263px.r5f.ti-arm-clang.release.lib : uart_v0_lld.obj (.text.UART_getChar)
                  7005712e    0000001e     ti_drivers_config.o (.text.System_deinit)
                  7005714c    0000001e     drivers.am263px.r5f.ti-arm-clang.release.lib : uart_v0_lld.obj (.text.UART_spaceAvail)
                  7005716a    0000001c                                                  : mcspi_v0_lld.obj (.text.MCSPI_fifoWrite32)
                  70057186    0000001c                                                  : mcspi_v0_lld.obj (.text.MCSPI_lld_deInit)
                  700571a2    00000002     --HOLE-- [fill = 0]
                  700571a4    0000001c                                                  : soc_rcm.obj (.text.SOC_rcmIsR5FInLockStepMode)
                  700571c0    0000001c     main.o (.text.main)
                  700571dc    0000001c     libsysbm.a : hostrename.c.obj (.text.strcpy)
                  700571f8    0000001c                : hostrename.c.obj (.text.strlen)
                  70057214    0000001c     libc.a : memcpy32.S.obj (.text:TI_memcpy_small)
                  70057230    0000001a     nortos.am263px.r5f.ti-arm-clang.release.lib : CpuId_armv7r.obj (.text.CSL_armR5GetCpuID)
                  7005724a    0000001a     drivers.am263px.r5f.ti-arm-clang.release.lib : edma.obj (.text.EDMA_readEventStatusRegion)
                  70057264    0000001a                                                  : uart_v0_lld.obj (.text.UART_enhanFuncEnable)
                  7005727e    00000018                                                  : mcspi_dma_edma.obj (.text.MCSPI_lld_dmaInit)
                  70057296    00000018     nortos.am263px.r5f.ti-arm-clang.release.lib : TimerP_rti_priv.obj (.text.TimerP_getCountPriv)
                  700572ae    00000002     --HOLE-- [fill = 0]
                  700572b0    00000018     drivers.am263px.r5f.ti-arm-clang.release.lib : uart_v0.obj (.text.UART_deinit)
                  700572c8    00000018     libc.a : memset32.S.obj (.text:TI_memset_small)
                  700572e0    00000016     drivers.am263px.r5f.ti-arm-clang.release.lib : mcspi_v0_lld.obj (.text.MCSPI_reset)
                  700572f6    00000016                                                  : uart_v0_lld.obj (.text.UART_IsTxRxFifoEmpty)
                  7005730c    00000016                                                  : uart_v0_lld.obj (.text.UART_getIntrIdentityStatus)
                  70057322    00000014     nortos.am263px.r5f.ti-arm-clang.release.lib : ClockP_nortos.obj (.text.ClockP_usecToTicks)
                  70057336    00000014     drivers.am263px.r5f.ti-arm-clang.release.lib : edma.obj (.text.EDMA_getRegionId)
                  7005734a    00000014                                                  : uart_v0.obj (.text.UART_Transaction_init)
                  7005735e    00000014                                                  : uart_v0_lld.obj (.text.UART_enhanFuncBitValRestore)
                  70057372    00000012                                                  : adc.obj (.text.ADC_setMode)
                  70057384    00000012                                                  : uart_v0_lld.obj (.text.UART_hardwareFlowCtrlOptSet)
                  70057396    00000012                                                  : uart_v0_lld.obj (.text.UART_operatingModeSelect)
                  700573a8    00000012                                                  : uart_v0_lld.obj (.text.UART_readLineStatus)
                  700573ba    00000012     ti_dpl_config.o (.text.putchar_)
                  700573cc    00000010     drivers.am263px.r5f.ti-arm-clang.release.lib : gpio.obj (.text.GPIO_bankIntrDisable)
                  700573dc    00000010                                                  : uart_v0_lld.obj (.text.UART_intr2Disable)
                  700573ec    00000010     libclang_rt.builtins.a : aeabi_memset.S.obj (.text.__aeabi_memset)
                  700573fc    00000010     libc.a : fputc.c.obj (.text.putchar)
                  7005740c    0000000e     drivers.am263px.r5f.ti-arm-clang.release.lib : edma.obj (.text.EDMA_ccPaRAMEntry_init)
                  7005741a    0000000e                                                  : gpio.obj (.text.GPIO_bankIntrEnable)
                  70057428    0000000e     ti_pinmux_config.o (.text.Pinmux_init)
                  70057436    0000000e     ti_power_clock_config.o (.text.PowerClock_init)
                  70057444    0000000c     nortos.am263px.r5f.ti-arm-clang.release.lib : ClockP_nortos.obj (.text.ClockP_getTicks)
                  70057450    0000000c                                                 : DebugP_uartLogWriter.obj (.text.DebugP_uartSetDrvIndex)
                  7005745c    0000000c     drivers.am263px.r5f.ti-arm-clang.release.lib : edma.obj (.text.EDMA_isInitialized)
                  70057468    0000000c                                                  : soc.obj (.text.SOC_getSelfCpuClk)
                  70057474    0000000c     libclang_rt.builtins.a : aeabi_memset.S.obj (.text.__aeabi_memclr)
                  70057480    0000000c     libc.a : memory.c.obj (.text.malloc)
                  7005748c    0000000c     nortos.am263px.r5f.ti-arm-clang.release.lib : CpuId_armv7r_asm.obj (.text)
                  70057498    00000008     libsysbm.a : hostexit.c.obj (.text.HOSTexit)
                  700574a0    0000000c     libc.a : strcmp32.S.obj (.text)
                  700574ac    0000000a     nortos.am263px.r5f.ti-arm-clang.release.lib : ClockP_nortos.obj (.text.ClockP_Params_init)
                  700574b6    0000000a                                                 : ClockP_nortos.obj (.text.ClockP_isActive)
                  700574c0    0000000a                                                 : TimerP_rti_priv.obj (.text.TimerP_getReloadCountPriv)
                  700574ca    0000000a                                                 : TimerP_rti_priv.obj (.text.TimerP_startPriv)
                  700574d4    0000000a     drivers.am263px.r5f.ti-arm-clang.release.lib : uart_v0_lld.obj (.text.UART_lld_Transaction_deInit)
                  700574de    00000008     nortos.am263px.r5f.ti-arm-clang.release.lib : TimerP_rti_priv.obj (.text.TimerP_clearOverflowIntPriv)
                  700574e6    00000008                                                 : printf.obj (.text._out_char)
                  700574ee    00000006     drivers.am263px.r5f.ti-arm-clang.release.lib : edma.obj (.text.EDMA_isInterruptEnabled)
                  700574f4    00000006                                                  : soc.obj (.text.SOC_moduleClockEnable)
                  700574fa    00000006                                                  : soc_rcm.obj (.text.SOC_rcmGetCR5SysclkInFrequency)
                  70057500    00000004     ti_board_open_close.o (.text.Board_driversOpen)
                  70057504    00000004     nortos.am263px.r5f.ti-arm-clang.release.lib : ClockP_nortos_r5.obj (.text.ClockP_getTimerCount)
                  70057508    00000004                                                 : ClockP_nortos_r5.obj (.text.ClockP_timerClearOverflowInt)
                  7005750c    00000004     ti_power_clock_config.o (.text.PowerClock_deinit)
                  70057510    00000004     nortos.am263px.r5f.ti-arm-clang.release.lib : TimerP_rti_nortos.obj (.text.TimerP_Params_init)
                  70057514    00000004                                                 : TimerP_rti_nortos.obj (.text.TimerP_clearOverflowInt)
                  70057518    00000004                                                 : TimerP_rti_nortos.obj (.text.TimerP_getCount)
                  7005751c    00000004                                                 : TimerP_rti_nortos.obj (.text.TimerP_getReloadCount)
                  70057520    00000004                                                 : TimerP_rti_nortos.obj (.text.TimerP_setup)
                  70057524    00000004                                                 : TimerP_rti_nortos.obj (.text.TimerP_start)
                  70057528    00000004     libclang_rt.builtins.a : aeabi_div0.c.obj (.text.__aeabi_ldiv0)
                  7005752c    00000004                            : aeabi_memcpy.S.obj (.text.__aeabi_memcpy)
                  70057530    00000004     libc.a : _lock.c.obj (.text._nop)
                  70057534    00000004            : fseek.c.obj (.text.fseek)
                  70057538    00000004     libsysbm.a : remove.c.obj (.text.remove)
                  7005753c    00000008     nortos.am263px.r5f.ti-arm-clang.release.lib : HwiP_armv7r_asm.obj (.tramp.HwiP_restore.1)
                  70057544    00000008                                                 : HwiP_armv7r_asm.obj (.tramp.HwiP_enable.1)
                  7005754c    00000008                                                 : PmuP_armv7r_asm.obj (.tramp.PmuP_setUserEnable.1)
                  70057554    00000008                                                 : PmuP_armv7r_asm.obj (.tramp.PmuP_enableCounters.1)
                  7005755c    00000004     --HOLE-- [fill = 0]

.rodata    0    70057560    00000fa8     
                  70057560    0000007a     ti_drivers_open_close.o (.rodata.str1.17665391694225509261.1)
                  700575da    00000002     --HOLE-- [fill = 0]
                  700575dc    00000074     ti_dpl_config.o (.rodata.cfg)
                  70057650    00000051     drivers.am263px.r5f.ti-arm-clang.release.lib : mcspi_v0.obj (.rodata.str1.26396439823528435241)
                  700576a1    00000006                                                  : soc_rcm.obj (.rodata.str1.53743240983164125611)
                  700576a7    00000001     --HOLE-- [fill = 0]
                  700576a8    00000050     nortos.am263px.r5f.ti-arm-clang.release.lib : printf.obj (.rodata._ftoa.pow10)
                  700576f8    00000048     drivers.am263px.r5f.ti-arm-clang.release.lib : soc_rcm.obj (.rodata.gADPLLJConfigTbl)
                  70057740    00000048                                                  : mcspi_v0_lld.obj (.rodata.str1.97363132707188488161)
                  70057788    0000003d     nortos.am263px.r5f.ti-arm-clang.release.lib : TimerP_rti_priv.obj (.rodata.str1.72163963154704191671)
                  700577c5    0000003b     logger.o (.rodata.str1.15765208293925770228.1)
                  70057800    00000037     nortos.am263px.r5f.ti-arm-clang.release.lib : SemaphoreP_nortos.obj (.rodata.str1.52751030918495836841)
                  70057837    00000036     ti_drivers_open_close.o (.rodata.str1.2554706296470369595.1)
                  7005786d    00000035     ti_drivers_open_close.o (.rodata.str1.10252002122772422448.1)
                  700578a2    00000035     ti_drivers_open_close.o (.rodata.str1.17551203406305493380.1)
                  700578d7    00000032     drivers.am263px.r5f.ti-arm-clang.release.lib : adc.obj (.rodata.str1.104222482920253680151)
                  70057909    00000032                                                  : adc.obj (.rodata.str1.137023953294967812531)
                  7005793b    00000030     ti_drivers_open_close.o (.rodata.str1.14200658025495415368.1)
                  7005796b    0000002e     nortos.am263px.r5f.ti-arm-clang.release.lib : ClockP_nortos.obj (.rodata.str1.39419159632632580371)
                  70057999    0000002a                                                 : DebugP_log.obj (.rodata.str1.8882360920750446361)
                  700579c3    00000028     ti_drivers_open_close.o (.rodata.str1.10490786615736436564.1)
                  700579eb    00000028     ti_drivers_open_close.o (.rodata.str1.7332975063418302059.1)
                  70057a13    00000027     nortos.am263px.r5f.ti-arm-clang.release.lib : ClockP_nortos_r5.obj (.rodata.str1.91622226613999981811)
                  70057a3a    00000025     ti_drivers_open_close.o (.rodata.str1.7750254725308216577.1)
                  70057a5f    00000024     drivers.am263px.r5f.ti-arm-clang.release.lib : edma.obj (.rodata.str1.164918382464449145851)
                  70057a83    00000023     nortos.am263px.r5f.ti-arm-clang.release.lib : ClockP_nortos_r5.obj (.rodata.str1.136646522816104227591)
                  70057aa6    00000023     ti_drivers_open_close.o (.rodata.str1.15574074207268991336.1)
                  70057ac9    00000023     drivers.am263px.r5f.ti-arm-clang.release.lib : soc_rcm.obj (.rodata.str1.15813086600912413471)
                  70057aec    00000022                                                  : edma.obj (.rodata.str1.6611792697437713481)
                  70057b0e    00000021     nortos.am263px.r5f.ti-arm-clang.release.lib : ClockP_nortos_r5.obj (.rodata.str1.99041146818411950391)
                  70057b2f    00000001     --HOLE-- [fill = 0]
                  70057b30    00000020     drivers.am263px.r5f.ti-arm-clang.release.lib : uart_v0_lld.obj (.rodata.cst32)
                  70057b50    00000020                                                  : uart_v0.obj (.rodata.str1.150767988884773108331)
                  70057b70    0000001f     board.o (.rodata.str1.10881007155619371109.1)
                  70057b8f    0000001f     board.o (.rodata.str1.123550804358397101.1)
                  70057bae    0000001f     board.o (.rodata.str1.13738757807042593414.1)
                  70057bcd    0000001f     board.o (.rodata.str1.14465880841147386111.1)
                  70057bec    0000001f     board.o (.rodata.str1.1510811462892085231.1)
                  70057c0b    0000001f     board.o (.rodata.str1.16077883977509950417.1)
                  70057c2a    0000001f     board.o (.rodata.str1.1696272589420159480.1)
                  70057c49    0000001f     board.o (.rodata.str1.18250802514644841805.1)
                  70057c68    0000001f     nortos.am263px.r5f.ti-arm-clang.release.lib : SemaphoreP_nortos.obj (.rodata.str1.25281168886080794691)
                  70057c87    0000001f                                                 : ClockP_nortos_r5.obj (.rodata.str1.25349503636762439021)
                  70057ca6    0000001f     board.o (.rodata.str1.5436337271421848948.1)
                  70057cc5    0000001f     board.o (.rodata.str1.673658226405435322.1)
                  70057ce4    0000001f     ti_drivers_open_close.o (.rodata.str1.871795152488895636.1)
                  70057d03    0000001f     board.o (.rodata.str1.9045895231722895584.1)
                  70057d22    0000001f     board.o (.rodata.str1.9461189164499355904.1)
                  70057d41    0000001e     board.o (.rodata.str1.10345935079445805060.1)
                  70057d5f    0000001e     drivers.am263px.r5f.ti-arm-clang.release.lib : mcspi_v0.obj (.rodata.str1.144400815220210358851)
                  70057d7d    0000001e     board.o (.rodata.str1.6418571003999367838.1)
                  70057d9b    0000001e     board.o (.rodata.str1.6840234256597642108.1)
                  70057db9    0000001e     board.o (.rodata.str1.9453984286452795027.1)
                  70057dd7    0000001d     nortos.am263px.r5f.ti-arm-clang.release.lib : TimerP_rti_priv.obj (.rodata.str1.114219152040444562951)
                  70057df4    0000001d                                                 : TimerP_rti_priv.obj (.rodata.str1.125174968193178473681)
                  70057e11    0000001d     ti_drivers_open_close.o (.rodata.str1.13083909648175487149.1)
                  70057e2e    0000001d     drivers.am263px.r5f.ti-arm-clang.release.lib : uart_v0.obj (.rodata.str1.142814395268246240721)
                  70057e4b    0000001d     nortos.am263px.r5f.ti-arm-clang.release.lib : TimerP_rti_priv.obj (.rodata.str1.27974953896521033811)
                  70057e68    0000001b     drivers.am263px.r5f.ti-arm-clang.release.lib : edma.obj (.rodata.str1.16266241636797238661)
                  70057e83    0000001b     nortos.am263px.r5f.ti-arm-clang.release.lib : ClockP_nortos.obj (.rodata.str1.47646432807403639741)
                  70057e9e    0000001b     ti_drivers_open_close.o (.rodata.str1.5509699957385355460.1)
                  70057eb9    0000001a     drivers.am263px.r5f.ti-arm-clang.release.lib : edma.obj (.rodata.str1.124702968117785801901)
                  70057ed3    0000001a     nortos.am263px.r5f.ti-arm-clang.release.lib : ClockP_nortos_r5.obj (.rodata.str1.133203246495064227641)
                  70057eed    0000001a     drivers.am263px.r5f.ti-arm-clang.release.lib : soc_rcm.obj (.rodata.str1.153801437654618082741)
                  70057f07    0000001a                                                  : mcspi_v0.obj (.rodata.str1.169212516063846095031)
                  70057f21    0000001a     board.o (.rodata.str1.9440741161207462191.1)
                  70057f3b    0000001a     drivers.am263px.r5f.ti-arm-clang.release.lib : mcspi_v0.obj (.rodata.str1.99640994410596514241)
                  70057f55    00000019     ti_drivers_open_close.o (.rodata.str1.14059614886583751700.1)
                  70057f6e    00000019     nortos.am263px.r5f.ti-arm-clang.release.lib : TimerP_rti_priv.obj (.rodata.str1.160914699991520874261)
                  70057f87    00000019     ti_drivers_open_close.o (.rodata.str1.5293217666052239616.1)
                  70057fa0    00000018     drivers.am263px.r5f.ti-arm-clang.release.lib : soc.obj (.rodata..Lswitch.table.SOC_getAdcReferenceStatus)
                  70057fb8    00000018                                                  : soc_rcm.obj (.rodata.gControlssPllClkSrcValMap)
                  70057fd0    00000018                                                  : soc_rcm.obj (.rodata.gCptsClkSrcValMap)
                  70057fe8    00000018                                                  : soc_rcm.obj (.rodata.gI2cClkSrcValMap)
                  70058000    00000018                                                  : soc_rcm.obj (.rodata.gLinUartClkSrcValMap)
                  70058018    00000018                                                  : soc_rcm.obj (.rodata.gPeripheralClkSrcInfoMap)
                  70058030    00000018                                                  : soc_rcm.obj (.rodata.gRtiClkSrcValMap)
                  70058048    00000018                                                  : soc_rcm.obj (.rodata.gWdtClkSrcValMap)
                  70058060    00000018                                                  : uart_v0.obj (.rodata.str1.9069738176458784971)
                  70058078    00000017                                                  : soc_rcm.obj (.rodata.str1.141251745167226470741)
                  7005808f    00000017     ti_drivers_open_close.o (.rodata.str1.1628183244885117158.1)
                  700580a6    00000016     drivers.am263px.r5f.ti-arm-clang.release.lib : soc_rcm.obj (.rodata.str1.107645048611228328791)
                  700580bc    00000016                                                  : soc_rcm.obj (.rodata.str1.177369307189295936511)
                  700580d2    00000016                                                  : soc_rcm.obj (.rodata.str1.63555232926284281011)
                  700580e8    00000016                                                  : mcspi_v0.obj (.rodata.str1.85423015064808713541)
                  700580fe    00000015     ti_drivers_open_close.o (.rodata.str1.11521962449680083383.1)
                  70058113    00000015     drivers.am263px.r5f.ti-arm-clang.release.lib : edma.obj (.rodata.str1.149652404363315708211)
                  70058128    00000015     ti_drivers_open_close.o (.rodata.str1.17912154466570466874.1)
                  7005813d    00000015     drivers.am263px.r5f.ti-arm-clang.release.lib : adc.obj (.rodata.str1.20431844208594508061)
                  70058152    00000015     nortos.am263px.r5f.ti-arm-clang.release.lib : SemaphoreP_nortos.obj (.rodata.str1.30861210816963497001)
                  70058167    00000014     drivers.am263px.r5f.ti-arm-clang.release.lib : mcspi_v0_lld.obj (.rodata.str1.147988882001261723701)
                  7005817b    00000014                                                  : edma.obj (.rodata.str1.176595599180530855901)
                  7005818f    00000014                                                  : mcspi_v0.obj (.rodata.str1.34611452835214624521)
                  700581a3    00000014     ti_drivers_open_close.o (.rodata.str1.3622116258035701796.1)
                  700581b7    00000014     drivers.am263px.r5f.ti-arm-clang.release.lib : edma.obj (.rodata.str1.41785049815304208531)
                  700581cb    00000014                                                  : edma.obj (.rodata.str1.93700429500326477781)
                  700581df    00000013                                                  : soc_rcm.obj (.rodata.str1.30734103837947208761)
                  700581f2    00000013                                                  : uart_v0.obj (.rodata.str1.9980655952161290391)
                  70058205    00000012                                                  : uart_v0.obj (.rodata.str1.166492982902436568231)
                  70058217    00000012                                                  : uart_v0.obj (.rodata.str1.171120843061886446841)
                  70058229    00000012                                                  : edma.obj (.rodata.str1.41579851849113419871)
                  7005823b    00000012     ti_drivers_open_close.o (.rodata.str1.6538372684047993024.1)
                  7005824d    00000012     drivers.am263px.r5f.ti-arm-clang.release.lib : soc_rcm.obj (.rodata.str1.67217821191364965911)
                  7005825f    00000011                                                  : edma.obj (.rodata.str1.117215064595961288031)
                  70058270    00000011     ti_drivers_open_close.o (.rodata.str1.12213835641041270557.1)
                  70058281    00000011     drivers.am263px.r5f.ti-arm-clang.release.lib : uart_v0.obj (.rodata.str1.16967668833904919061)
                  70058292    00000011                                                  : edma.obj (.rodata.str1.28692048193800818901)
                  700582a3    00000011     nortos.am263px.r5f.ti-arm-clang.release.lib : ClockP_nortos.obj (.rodata.str1.37923443167824241621)
                  700582b4    00000011                                                 : TimerP_rti_priv.obj (.rodata.str1.44101942245516082551)
                  700582c5    00000011     ti_drivers_open_close.o (.rodata.str1.6292539624901818759.1)
                  700582d6    00000002     --HOLE-- [fill = 0]
                  700582d8    00000010     drivers.am263px.r5f.ti-arm-clang.release.lib : soc.obj (.rodata.cst16)
                  700582e8    00000010                                                  : mcspi_v0.obj (.rodata.str1.153145657127816401141)
                  700582f8    00000010                                                  : edma.obj (.rodata.str1.18778444954996405781)
                  70058308    00000010     ti_drivers_open_close.o (.rodata.str1.5205884736402799790.1)
                  70058318    0000000f     drivers.am263px.r5f.ti-arm-clang.release.lib : edma.obj (.rodata.str1.111354322338949310841)
                  70058327    0000000f                                                  : edma.obj (.rodata.str1.144551280152329776181)
                  70058336    0000000f                                                  : edma.obj (.rodata.str1.2759273541325923811)
                  70058345    0000000f     board.o (.rodata.str1.834004997606947946.1)
                  70058354    0000000f     drivers.am263px.r5f.ti-arm-clang.release.lib : edma.obj (.rodata.str1.92547749779646142691)
                  70058363    0000000e     ti_drivers_open_close.o (.rodata.str1.16112177131852734107.1)
                  70058371    0000000e     drivers.am263px.r5f.ti-arm-clang.release.lib : edma.obj (.rodata.str1.19244332700943948511)
                  7005837f    0000000e                                                  : edma.obj (.rodata.str1.46057082369026546831)
                  7005838d    0000000e                                                  : edma.obj (.rodata.str1.46782315602798139861)
                  7005839b    0000000d     ti_drivers_open_close.o (.rodata.str1.10450075619424269387.1)
                  700583a8    0000000d     drivers.am263px.r5f.ti-arm-clang.release.lib : edma.obj (.rodata.str1.121775923823351643201)
                  700583b5    0000000d     ti_drivers_open_close.o (.rodata.str1.16905510790704221133.1)
                  700583c2    0000000d     nortos.am263px.r5f.ti-arm-clang.release.lib : TimerP_rti_priv.obj (.rodata.str1.31870447354226168941)
                  700583cf    0000000d     drivers.am263px.r5f.ti-arm-clang.release.lib : adc.obj (.rodata.str1.70150695697723348971)
                  700583dc    0000000c                                                  : mcspi_v0_lld.obj (.rodata..Lswitch.table.MCSPI_lld_controllerIsr.1)
                  700583e8    0000000c                                                  : mcspi_v0_lld.obj (.rodata..Lswitch.table.MCSPI_lld_controllerIsr)
                  700583f4    0000000c                                                  : soc.obj (.rodata..Lswitch.table.SOC_enableAdcReferenceMonitor)
                  70058400    0000000c     PDMtesting.o (.rodata.str1.10015848951539402881.1)
                  7005840c    0000000c     PDMtesting.o (.rodata.str1.10577412323663350067.1)
                  70058418    0000000c     PDMtesting.o (.rodata.str1.1094412632907578887.1)
                  70058424    0000000c     PDMtesting.o (.rodata.str1.12143205621091433229.1)
                  70058430    0000000c     PDMtesting.o (.rodata.str1.14859406020263788332.1)
                  7005843c    0000000c     nortos.am263px.r5f.ti-arm-clang.release.lib : ClockP_nortos_r5.obj (.rodata.str1.177642182983587376931)
                  70058448    0000000c     PDMtesting.o (.rodata.str1.5813496317156725502.1)
                  70058454    0000000c     drivers.am263px.r5f.ti-arm-clang.release.lib : mcspi_v0.obj (.rodata.str1.69169362540279301091)
                  70058460    0000000c                                                  : edma.obj (.rodata.str1.73371482538137472541)
                  7005846c    0000000b     board.o (.rodata.str1.15102135329570516791.1)
                  70058477    0000000b     drivers.am263px.r5f.ti-arm-clang.release.lib : mcspi_v0.obj (.rodata.str1.169287378047891341191)
                  70058482    0000000b                                                  : uart_v0.obj (.rodata.str1.174466331461201984741)
                  7005848d    0000000b                                                  : uart_v0.obj (.rodata.str1.23952661867579505821)
                  70058498    0000000b                                                  : mcspi_v0.obj (.rodata.str1.248655060218483491)
                  700584a3    0000000b                                                  : edma.obj (.rodata.str1.8716574913843167321)
                  700584ae    0000000a                                                  : soc_rcm.obj (.rodata.str1.102656642322745120751)
                  700584b8    0000000a                                                  : edma.obj (.rodata.str1.11281620503267214511)
                  700584c2    0000000a                                                  : uart_v0.obj (.rodata.str1.4680544719311723101)
                  700584cc    0000000a                                                  : edma.obj (.rodata.str1.94390198658697638781)
                  700584d6    0000000a                                                  : uart_v0.obj (.rodata.str1.98976386761529848021)
                  700584e0    00000008     logger.o (.rodata.str1.11411971380641413352.1)
                  700584e8    00000005     nortos.am263px.r5f.ti-arm-clang.release.lib : printf.obj (.rodata.str1.143852280595428356391)
                  700584ed    00000005                                                 : printf.obj (.rodata.str1.23318557076440195721)
                  700584f2    00000002     --HOLE-- [fill = 0]
                  700584f4    00000004                                                 : CacheP_armv7r.obj (.rodata.gCacheL1dCacheLineSize)
                  700584f8    00000004                                                 : CacheP_armv7r.obj (.rodata.gCacheL1pCacheLineSize)
                  700584fc    00000004                                                 : printf.obj (.rodata.str1.122320159353749299121)
                  70058500    00000004                                                 : printf.obj (.rodata.str1.81101573233442303481)
                  70058504    00000004     --HOLE-- [fill = 0]

.text.hwi 
*          0    70058508    000008d8     
                  70058508    00000402     nortos.am263px.r5f.ti-arm-clang.release.lib : HwiP_armv7r_vim.obj (.text.hwi)
                  7005890a    000002dc                                                 : HwiP_armv7r_handlers_nortos.obj (.text.hwi)
                  70058be6    00000002     --HOLE-- [fill = 0]
                  70058be8    0000017c                                                 : HwiP_armv7r_handlers_nortos_asm.obj (.text.hwi)
                  70058d64    00000070                                                 : HwiP_armv7r_asm.obj (.text.hwi)
                  70058dd4    00000008                                                 : HwiP_armv7r_asm.obj (.tramp.HwiP_enableFIQ.1)
                  70058ddc    00000004     --HOLE-- [fill = 0]

.text.cache 
*          0    70058de0    00000430     
                  70058de0    00000340     nortos.am263px.r5f.ti-arm-clang.release.lib : CacheP_armv7r_asm.obj (.text.cache)
                  70059120    000000d8                                                 : CacheP_armv7r.obj (.text.cache)
                  700591f8    00000008                                                 : CacheP_armv7r_asm.obj (.tramp.CacheP_invL1d.1)
                  70059200    00000008                                                 : CacheP_armv7r_asm.obj (.tramp.CacheP_enableL1p.1)
                  70059208    00000008                                                 : HwiP_armv7r_asm.obj (.tramp.HwiP_restore.2)

.text.mpu 
*          0    70059210    00000290     
                  70059210    00000202     nortos.am263px.r5f.ti-arm-clang.release.lib : MpuP_armv7r.obj (.text.mpu)
                  70059412    00000002     --HOLE-- [fill = 0]
                  70059414    00000078                                                 : MpuP_armv7r_asm.obj (.text.mpu)
                  7005948c    00000008                                                 : HwiP_armv7r_asm.obj (.tramp.HwiP_restore.3)
                  70059494    00000008                                                 : MpuP_armv7r_asm.obj (.tramp.MpuP_isEnableAsm.1)
                  7005949c    00000004     --HOLE-- [fill = 0]

.text.boot 
*          0    700594a0    00000190     
                  700594a0    00000144     nortos.am263px.r5f.ti-arm-clang.release.lib : boot_armv7r_asm.obj (.text.boot)
                  700595e4    0000001e                                                 : DebugP_log.obj (.text.boot)
                  70059602    0000001c                                                 : boot_armv7r.obj (.text.boot)
                  7005961e    0000000e     ti_dpl_config.o (.text.boot)
                  7005962c    00000004     --HOLE-- [fill = 0]

.text:abort 
*          0    70059630    00000008     
                  70059630    00000008     libc.a : exit.c.obj (.text:abort)

.data      0    70059638    00000718     
                  70059638    000000f0     libc.a : defs.c.obj (.data._ftable)
                  70059728    000000c8     ti_pinmux_config.o (.data.gPinMuxMainDomainCfg)
                  700597f0    0000009c     drivers.am263px.r5f.ti-arm-clang.release.lib : mcspi_v0.obj (.data.gMcspiDrvObj)
                  7005988c    0000009c                                                  : uart_v0.obj (.data.gUartDrvObj)
                  70059928    00000088     ti_drivers_config.o (.data.gEdmaAttrs)
                  700599b0    00000078     libsysbm.a : host_device.c.obj (.data._device)
                  70059a28    00000060     board.o (.data.intr_pins)
                  70059a88    00000058     ti_drivers_open_close.o (.data.gUartParams)
                  70059ae0    00000050     libsysbm.a : host_device.c.obj (.data._stream)
                  70059b30    00000048     ti_drivers_config.o (.data.gMcspiAttrs)
                  70059b78    00000040     ti_drivers_open_close.o (.data.gSpi0ChCfg)
                  70059bb8    00000040     ti_drivers_open_close.o (.data.gSpi1ChCfg)
                  70059bf8    00000030     ti_power_clock_config.o (.data.gSocModulesClockFrequency)
                  70059c28    00000028     ti_drivers_open_close.o (.data.gMcspiOpenParams)
                  70059c50    0000001c     ADS_adc.o (.data.ext_adc0)
                  70059c6c    0000001c     ADS_adc.o (.data.ext_adc1)
                  70059c88    00000018     ti_dpl_config.o (.data.gClockConfig)
                  70059ca0    00000010     ti_drivers_config.o (.data.gMcspiConfig)
                  70059cb0    00000010     ti_power_clock_config.o (.data.gSocModules)
                  70059cc0    0000000c     nortos.am263px.r5f.ti-arm-clang.release.lib : AddrTranslateP_32bit.obj (.data.gAddrTranslateConfig)
                  70059ccc    00000008     libc.a : exit.c.obj (.data..L_MergedGlobals)
                  70059cd4    00000008     ti_drivers_open_close.o (.data.gConfigMcspiChCfg)
                  70059cdc    00000008     ti_drivers_config.o (.data.gEdmaConfig)
                  70059ce4    00000008     ti_drivers_open_close.o (.data.gEdmaParams)
                  70059cec    00000008     ti_drivers_open_close.o (.data.gMcspiDmaChConfig)
                  70059cf4    00000008     ti_drivers_config.o (.data.gMcspiNumCh)
                  70059cfc    00000008     ti_drivers_config.o (.data.gUartAttrs)
                  70059d04    00000008     ti_drivers_config.o (.data.gUartConfig)
                  70059d0c    00000004     libc.a : defs.c.obj (.data.__TI_ft_end)
                  70059d10    00000008     nortos.am263px.r5f.ti-arm-clang.release.lib : PmuP_armv7r.obj (.data.pmu)
                  70059d18    00000004     libc.a : _lock.c.obj (.data._lock)
                  70059d1c    00000004            : _lock.c.obj (.data._unlock)
                  70059d20    00000004     nortos.am263px.r5f.ti-arm-clang.release.lib : DebugP_log.obj (.data.gDebugLogZone)
                  70059d24    00000004                                                 : DebugP_uartLogWriter.obj (.data.gDebugP_uartDrvIndex)
                  70059d28    00000004     ti_drivers_config.o (.data.gEdmaConfigNum)
                  70059d2c    00000004     ti_dpl_config.o (.data.gHwiConfig)
                  70059d30    00000004     ti_drivers_config.o (.data.gMcspiConfigNum)
                  70059d34    00000004     ti_drivers_config.o (.data.gUartConfigNum)
                  70059d38    00000004     ti_drivers_open_close.o (.data.gUartDmaChConfig)
                  70059d3c    00000004     board.o (.data.test)
                  70059d40    00000002     logger.o (.data.last_printed_index)
                  70059d42    00000002     logger.o (.data.logs_length)
                  70059d44    00000001     drivers.am263px.r5f.ti-arm-clang.release.lib : soc.obj (.data.isMapAvailable)
                  70059d45    00000003     --HOLE-- [fill = 0]
                  70059d48    00000001     libc.a : memory.c.obj (.data.memory_is_initialized)
                  70059d49    00000007     --HOLE-- [fill = 0]

.irqstack 
*          0    70059d50    00000100     UNINITIALIZED
                  70059d50    00000100     --HOLE--

.fiqstack 
*          0    70059e50    00000100     UNINITIALIZED
                  70059e50    00000100     --HOLE--

.svcstack 
*          0    70059f50    00001000     UNINITIALIZED
                  70059f50    00001000     --HOLE--

.abortstack 
*          0    7005af50    00000100     UNINITIALIZED
                  7005af50    00000100     --HOLE--

.undefinedstack 
*          0    7005b050    00000100     UNINITIALIZED
                  7005b050    00000100     --HOLE--

.init_array 
*          0    70040000    00000000     UNINITIALIZED

.bss.log_shared_mem 
*          0    701d4000    00002000     NOLOAD SECTION
                  701d4000    00002000     ti_dpl_config.o (.bss.log_shared_mem)

MODULE SUMMARY

       Module                                code    ro data   rw data
       ------                                ----    -------   -------
    .\
       PDMtesting.o                          256     72        3200   
       board.o                               734     544       292    
       int_adc.o                             234     0         0      
       logger.o                              100     67        4      
       ADS_adc.o                             0       0         56     
       main.o                                28      0         0      
    +--+-------------------------------------+-------+---------+---------+
       Total:                                1352    683       3552   
                                                                      
    .\syscfg\
       ti_dpl_config.o                       118     116       8220   
       ti_drivers_config.o                   762     0         3276   
       ti_drivers_open_close.o               2304    812       300    
       ti_power_clock_config.o               180     0         64     
       ti_pinmux_config.o                    14      0         200    
       ti_board_config.o                     4       0         0      
       ti_board_open_close.o                 4       0         0      
    +--+-------------------------------------+-------+---------+---------+
       Total:                                3386    928       12060  
                                                                      
    C:/Users/carim/Desktop/mcu_plus_sdk_am263px_10_02_00_15__all/mcu_plus_sdk_am263px_10_02_00_15/source/drivers/lib/drivers.am263px.r5f.ti-arm-clang.release.lib
       edma.obj                              5042    430       0      
       soc_rcm.obj                           2454    443       0      
       uart_v0_lld.obj                       2802    32        0      
       mcspi_v0_lld.obj                      2590    116       0      
       uart_v0.obj                           1760    199       156    
       mcspi_dma_edma.obj                    1960    0         0      
       mcspi_v0.obj                          1192    255       156    
       uart_dma_edma.obj                     1340    0         0      
       soc.obj                               906     52        17     
       adc.obj                               154     134       0      
       gpio.obj                              162     0         0      
       pinmux.obj                            64      0         0      
    +--+-------------------------------------+-------+---------+---------+
       Total:                                20426   1661      329    
                                                                      
    C:/Users/carim/Desktop/mcu_plus_sdk_am263px_10_02_00_15__all/mcu_plus_sdk_am263px_10_02_00_15/source/kernel/nortos/lib/nortos.am263px.r5f.ti-arm-clang.release.lib
       printf.obj                            4052    98        0      
       HwiP_armv7r_vim.obj                   1026    0         2060   
       CacheP_armv7r_asm.obj                 848     0         0      
       ClockP_nortos.obj                     692     90        56     
       HwiP_armv7r_handlers_nortos.obj       732     0         0      
       TimerP_rti_priv.obj                   404     203       0      
       MpuP_armv7r.obj                       514     0         0      
       ClockP_nortos_r5.obj                  268     176       0      
       SemaphoreP_nortos.obj                 328     107       0      
       HwiP_armv7r_handlers_nortos_asm.obj   380     0         0      
       boot_armv7r_asm.obj                   324     0         0      
       CacheP_armv7r.obj                     216     8         0      
       DebugP_log.obj                        154     42        4      
       DebugP_shmLogReader.obj               44      0         144    
       HwiP_armv7r_asm.obj                   152     0         0      
       MpuP_armv7r_asm.obj                   128     0         0      
       PmuP_armv7r.obj                       102     0         8      
       AddrTranslateP_32bit.obj              82      0         12     
       DebugP_uartLogWriter.obj              70      0         4      
       PmuP_armv7r_asm.obj                   72      0         0      
       HwiP_armv7r_vectors_nortos_asm.obj    64      0         0      
       DebugP_nortos.obj                     58      0         0      
       boot_armv7r.obj                       28      0         0      
       CpuId_armv7r.obj                      26      0         0      
       TimerP_rti_nortos.obj                 24      0         0      
       CpuId_armv7r_asm.obj                  12      0         0      
       TaskP_nortos.obj                      2       0         0      
    +--+-------------------------------------+-------+---------+---------+
       Total:                                10802   724       2288   
                                                                      
    C:\ti\ccs2011\ccs\tools\compiler\ti-cgt-armllvm_4.0.2.LTS\lib\armv7r-ti-none-eabihf/c/libc.a
       memory.c.obj                          1136    0         5      
       strcmp32.S.obj                        924     0         0      
       defs.c.obj                            0       0         404    
       setvbuf.c.obj                         324     0         0      
       getdevice.c.obj                       284     0         0      
       fputc.c.obj                           256     0         0      
       fseek.c.obj                           184     0         0      
       fclose.c.obj                          176     0         0      
       _io_perm.c.obj                        156     0         0      
       fflush.c.obj                          136     0         0      
       exit.c.obj                            92      0         8      
       fopen.c.obj                           88      0         0      
       autoinit.c.obj                        84      0         0      
       memcpy32.S.obj                        28      0         0      
       memset32.S.obj                        24      0         0      
       _lock.c.obj                           4       0         8      
    +--+-------------------------------------+-------+---------+---------+
       Total:                                3896    0         425    
                                                                      
    C:\ti\ccs2011\ccs\tools\compiler\ti-cgt-armllvm_4.0.2.LTS\lib\armv7r-ti-none-eabihf/c/libsysbm.a
       trgmsg.c.obj                          176     0         288    
       hostrename.c.obj                      216     0         0      
       host_device.c.obj                     0       0         200    
       hostopen.c.obj                        148     0         8      
       hostlseek.c.obj                       152     0         0      
       close.c.obj                           140     0         0      
       hostread.c.obj                        132     0         0      
       hostwrite.c.obj                       132     0         0      
       hostunlink.c.obj                      108     0         0      
       hostclose.c.obj                       96      0         0      
       unlink.c.obj                          72      0         0      
       lseek.c.obj                           52      0         0      
       write.c.obj                           52      0         0      
       hostexit.c.obj                        8       0         0      
       remove.c.obj                          4       0         0      
    +--+-------------------------------------+-------+---------+---------+
       Total:                                1488    0         496    
                                                                      
    C:\ti\ccs2011\ccs\tools\compiler\ti-cgt-armllvm_4.0.2.LTS\lib\armv7r-ti-none-eabihf/libclang_rt.builtins.a
       udivmoddi4.S.obj                      280     0         0      
       aeabi_uldivmod.S.obj                  36      0         0      
       aeabi_memset.S.obj                    28      0         0      
       aeabi_div0.c.obj                      4       0         0      
       aeabi_memcpy.S.obj                    4       0         0      
    +--+-------------------------------------+-------+---------+---------+
       Total:                                352     0         0      
                                                                      
       Heap:                                 0       0         32768  
       Stack:                                0       0         16384  
    +--+-------------------------------------+-------+---------+---------+
       Grand Total:                          41702   3996      68302  

VENEERS

callee name               veneer name
   callee addr  veneer addr  call addr  call info
--------------  -----------  ---------  ----------------
HwiP_enableFIQ            $Ven$TA$L$PI$$HwiP_enableFIQ
   70058d94     70058dd4     700588ea   nortos.am263px.r5f.ti-arm-clang.release.lib : HwiP_armv7r_vim.obj (.text.hwi)
CacheP_invL1d             $Ven$TA$L$PI$$CacheP_invL1d
   70058e50     700591f8     700591f4   nortos.am263px.r5f.ti-arm-clang.release.lib : CacheP_armv7r.obj (.text.cache)
CacheP_enableL1p          $Ven$TA$L$PI$$CacheP_enableL1p
   70058e38     70059200     700591ce   nortos.am263px.r5f.ti-arm-clang.release.lib : CacheP_armv7r.obj (.text.cache)
HwiP_restore              $Ven$TA$L$PI$$HwiP_restore
   70058da4     70059208     700591ae   nortos.am263px.r5f.ti-arm-clang.release.lib : CacheP_armv7r.obj (.text.cache)
HwiP_restore              $Ven$TA$L$PI$$HwiP_restore
   70058da4     7005948c     70059308   nortos.am263px.r5f.ti-arm-clang.release.lib : MpuP_armv7r.obj (.text.mpu)
                             70059346                                               : MpuP_armv7r.obj (.text.mpu)
MpuP_isEnableAsm          $Ven$TA$L$PI$$MpuP_isEnableAsm
   70059464     70059494     700592d8   nortos.am263px.r5f.ti-arm-clang.release.lib : MpuP_armv7r.obj (.text.mpu)
HwiP_restore              $Ven$TA$L$PI$$HwiP_restore
   70058da4     7005753c     70056734   nortos.am263px.r5f.ti-arm-clang.release.lib : ClockP_nortos.obj (.text.ClockP_stop)
                             70056966                                               : ClockP_nortos.obj (.text.ClockP_destruct)
                             70056b26                                               : ClockP_nortos.obj (.text.ClockP_start)
                             70056d5e                                               : SemaphoreP_nortos.obj (.text.SemaphoreP_post)
HwiP_enable               $Ven$TA$L$PI$$HwiP_enable
   70058d84     70057544     7005600e   ti_dpl_config.o (.text.Dpl_init)
PmuP_setUserEnable        $Ven$TA$L$PI$$PmuP_setUserEnable
   70056ab8     7005754c     70055a06   nortos.am263px.r5f.ti-arm-clang.release.lib : PmuP_armv7r.obj (.text.pmu)
PmuP_enableCounters       $Ven$TA$L$PI$$PmuP_enableCounters
   70056a98     70057554     700559d4   nortos.am263px.r5f.ti-arm-clang.release.lib : PmuP_armv7r.obj (.text.pmu)

[10 trampolines]
[14 trampoline calls]


GLOBAL SYMBOLS: SORTED ALPHABETICALLY BY Name 

address   name                               
-------   ----                               
70057373  ADC_setMode                        
7005501d  ADC_setPPBTripLimits               
70056111  AddrTranslateP_getLocalAddr        
7004eb1b  Board_deinit                       
70057501  Board_driversOpen                  
70051673  Board_init                         
70057498  C$$EXIT                            
70055e58  C$$IO$$                            
70057231  CSL_armR5GetCpuID                  
7005748c  CSL_armR5ReadMpidrReg              
700590f0  CacheP_configForceWrThru           
70059179  CacheP_disable                     
70058de0  CacheP_disableL1d                  
70058e08  CacheP_disableL1p                  
700591b3  CacheP_enable                      
70058e20  CacheP_enableL1d                   
70058e38  CacheP_enableL1p                   
700590e4  CacheP_getCacheLevelInfo           
700590ac  CacheP_getEnabled                  
70059121  CacheP_init                        
700591d3  CacheP_inv                         
70058e50  CacheP_invL1d                      
70058ec4  CacheP_invL1dAll                   
70058e88  CacheP_invL1p                      
70058ecc  CacheP_invL1pAll                   
70059110  CacheP_setDLFO                     
70058ed4  CacheP_wb                          
70058f4c  CacheP_wbAll                       
70058f10  CacheP_wbInv                       
70058ff4  CacheP_wbInvAll                    
7005900c  CacheP_wbInvAllAsm                 
700574ad  ClockP_Params_init                 
700561b5  ClockP_construct                   
70056931  ClockP_destruct                    
70057445  ClockP_getTicks                    
70055ebd  ClockP_getTimeUsec                 
70057505  ClockP_getTimerCount               
700532cb  ClockP_init                        
700574b7  ClockP_isActive                    
70056f41  ClockP_sleep                       
70056af7  ClockP_start                       
700566f9  ClockP_stop                        
70057509  ClockP_timerClearOverflowInt       
70055b35  ClockP_timerTickIsr                
70057323  ClockP_usecToTicks                 
70056ccd  ClockP_usleep                      
70055a05  CycleCounterP_enableUserAccess     
70056a88  CycleCounterP_getCount32           
700559a5  CycleCounterP_init                 
700559d9  CycleCounterP_nsToTicks            
700559b5  CycleCounterP_reset                
700570af  DebugP_logZoneEnable               
[...]
700539b5  read_int_ADC                       
70057538  remove                             
7005241c  setvbuf                            
7004f980  strcmp                             
70059d3c  test                               
7005659c  unlink                             
70042390  virtToPhymap                       
70057069  vprintf_                           
70056c98  write                              


GLOBAL SYMBOLS: SORTED BY Symbol Address 

address   name                               
-------   ----                               
00000000  __TI_ATRegion0_region_sz           
00000000  __TI_ATRegion0_src_addr            
00000000  __TI_ATRegion0_trg_addr            
00000000  __TI_ATRegion1_region_sz           
00000000  __TI_ATRegion1_src_addr            
00000000  __TI_ATRegion1_trg_addr            
00000000  __TI_ATRegion2_region_sz           
00000000  __TI_ATRegion2_src_addr            
00000000  __TI_ATRegion2_trg_addr            
00000000  __TI_static_base__                 
00000000  _vectors                           
00000100  __ABORT_STACK_SIZE                 
00000100  __FIQ_STACK_SIZE                   
00000100  __IRQ_STACK_SIZE                   
00000100  __UNDEFINED_STACK_SIZE             
00001000  __SVC_STACK_SIZE                   
00004000  __STACK_SIZE                       
00008000  __SYSMEM_SIZE                      
70040000  __BSS_START                        
70040000  logs                               
70040c80  gHwiCtrl                           
70041f60  _CIOBUF_                           
70041f60  __CIOBUF_                          
70042168  intr_objects                       
70042228  __TI_tmpnams                       
700422c8  gDebugShmLogReaderCtrl             
70042358  gClockCtrl                         
70042390  virtToPhymap                       
700423a0  parmbuf                            
700423a8  gMcspiHandle                       
700423b8  gEdmaHandle                        
700423bc  gUartHandle                        
700423c0  __BSS_END                          
700423c0  _sys_memory                        
7004a3c0  __stack                            
7004e3c0  __STACK_END                        
7004e3c1  Drivers_adcOpen                    
7004eb1b  Board_deinit                       
7004f09d  SOC_rcmEnablePeripheralClock       
7004f969  MCSPI_deinit                       
7004f980  strcmp                             
70050021  UART_open                          
700502c9  MCSPI_open                         
70050561  EDMA_init                          
700507dd  SOC_rcmSetPeripheralClock          
70050c69  MCSPI_lld_dmaTransfer              
700510a5  EDMA_freeChannelRegion             
700512a9  MCSPI_lld_controllerIsr            
70051491  GPIO_init                          
70051673  Board_init                         
70051675  MCSPI_lld_dmaChInit                
700519dc  free                               
70051b84  aligned_alloc                      
70051b84  memalign                           
70051d29  UART_lld_dmaInit                   
70051ebd  EDMA_open                          
70052021  EDMA_deinit                        
70052181  UART_lld_dmaDeInit                 
700522cf  MCSPI_lld_dmaDeInit                
7005241b  DebugP_shmLogReaderTaskCreate      
7005241c  setvbuf                            
70052561  TimerP_setupPriv                   
700526a1  SOC_virtToPhy                      
700527dd  UART_close                         
70052a47  UART_lld_controllerIsr             
70052c78  __udivmoddi4                       
70052d91  SOC_rcmGetPeripheralClockFrequency 
70052ea5  UART_lld_write                     
70052fb3  init_gpio                          
700532cb  ClockP_init                        
700533cf  Dpl_deinit                         
700533d1  UART_lld_dmaWrite                  
700534d5  MCSPI_close                        
700535d5  PDM_testing                        
700536d5  UART_write                         
700537d1  MCSPI_lld_initDma                  
700538c4  fputc                              
700539b5  read_int_ADC                       
70053b85  GPIO_bankIsrFxn                    
70053c5b  SemaphoreP_destruct                
70053c5d  EDMA_unregisterIntr                
70053d2d  GPIO_deinit                        
70053dfd  UART_lld_initDma                   
70053ec8  getdevice                          
70053f91  MCSPI_lld_init                     
70054055  UART_lld_init                      
70054115  EDMA_registerIntr                  
700541d0  fseeko                             
70054284  __TI_closefile                     
70054689  init_global_interrupts             
7005472f  TaskP_yield                        
700547d5  EDMA_freeDmaChannel                
70054875  EDMA_freeParam                     
70054915  EDMA_freeTcc                       
700549b4  HOSTrename                         
70054a55  UART_lld_dmaRead                   
70054af4  __TI_wrt_ok                        
70054b90  HOSTlseek                          
70054c29  SemaphoreP_pend                    
70054cbf  EDMA_configureChannelRegion        
70054d54  HOSTopen                           
70054e77  Drivers_open                       
70054f03  MCSPI_lld_peripheralIsr            
70054f90  close                              
7005501d  ADC_setPPBTripLimits               
700550a5  UART_init                          
7005512d  UART_procLineStatusErr             
700551b4  __TI_doflush                       
7005523c  HOSTread                           
700552c0  HOSTwrite                          
70055345  EDMA_close                         
700553c5  UART_flushTxFifo                   
70055445  Drivers_mcspiOpen                  
70055541  MCSPI_initiateLastChunkTransfer    
700555bd  MCSPI_init                         
700556a7  MCSPI_stop                         
70055719  MCSPI_lld_dmaStop                  
70055789  EDMA_disableTransferRegion         
700557f7  EDMA_enableTransferRegion          
70055864  HOSTunlink                         
700558d1  UART_lld_writeDma                  
7005593d  UART_lld_writeIntr                 
700559a5  CycleCounterP_init                 
700559b5  CycleCounterP_reset                
700559d9  CycleCounterP_nsToTicks            
70055a05  CycleCounterP_enableUserAccess     
70055a0d  SOC_controlModuleUnlockMMR         
70055a71  add_log                            
70055ad4  HOSTclose                          
70055b35  ClockP_timerTickIsr                
70055b95  GPIO_setTrigType                   
70055c4d  SOC_controlModuleLockMMR           
70055ca9  _DebugP_assert                     
70055d5c  __TI_cleanup                       
70055db4  __TI_readmsg                       
70055e0c  __TI_writemsg                      
70055e58  C$$IO$$                            
70055e65  init_interrupt                     
70055ebd  ClockP_getTimeUsec                 
70055f13  UART_intrDisable                   
70055f69  UART_writeCancelNoCB               
70055fbf  Dpl_init                           
70056014  exit                               
70056068  finddevice                         
700560bc  __TI_auto_init_nobinit_nopinit     
70056111  AddrTranslateP_getLocalAddr        
70056163  MCSPI_lld_deInitDma                
700561b5  ClockP_construct                   
70056205  EDMA_allocDmaChannel               
70056255  EDMA_allocParam                    
700562a5  EDMA_allocTcc                      
70056343  Drivers_edmaOpen                   
70056391  Drivers_uartOpen                   
700563df  EDMA_disableChInShadowRegRegion    
7005642d  MCSPI_transferCallback             
70056479  SOC_enableAdcReferenceMonitor      
700564c5  SOC_enableAdcGlobalForce           
7005650d  SOC_enableAdcInternalReference     
7005659c  unlink                             
7005662d  SOC_getAdcReferenceStatus          
70056671  UART_Params_init                   
700566b5  UART_lld_deInitDma                 
700566f9  ClockP_stop                        
70056739  EDMA_mapChToEvtQ                   
70056779  Pinmux_config                      
700567b9  SemaphoreP_constructBinary         
700567f9  UART_lld_deInit                    
70056879  SemaphoreP_constructMutex          
700568b9  EDMA_getBaseAddr                   
70056931  ClockP_destruct                    
7005696b  DebugP_uartLogWriterPutChar        
700569a5  Module_clockSetFrequency           
700569df  UART_lld_flushTxFifo               
70056a51  _DebugP_logZone                    
70056a88  CycleCounterP_getCount32           
70056a90  PmuP_setup                         
70056a98  PmuP_enableCounters                
70056aa0  PmuP_disableCounters               
70056aa8  PmuP_getOverflowStatus             
70056ab0  PmuP_clearOverflowStatus           
70056ab8  PmuP_setUserEnable                 
70056ac1  EDMA_clrMissEvtRegion              
70056af7  ClockP_start                       
70056b2b  MCSPI_errorCallback                
70056b5f  Module_clockDisable                
70056b93  Module_clockEnable                 
70056bc9  SOC_enableAdcDacLoopback           
70056c64  lseek                              
70056c98  write                              
70056ccd  ClockP_usleep                      
70056cff  EDMA_unmapChToEvtQ                 
70056d31  SemaphoreP_post                    
70056d93  EDMA_enableChInShadowRegRegion     
70056def  DebugP_shmLogReaderInit            
70056e1d  SOC_rcmGetR5Clock                  
70056e49  UART_getHandle                     
70056e75  System_init                        
70056ec7  GPIO_setDirMode                    
70056f19  SOC_moduleSetClockFrequency        
70056f41  ClockP_sleep                       
70056f67  EDMA_setPaRAM                      
70056f8d  UART_lld_dmaDisableChannel         
70057044  __aeabi_uldivmod                   
70057069  vprintf_                           
7005708d  EDMA_linkChannel                   
700570af  DebugP_logZoneEnable               
700570ef  TimerP_Params_initPriv             
7005710f  UART_getChar                       
7005712f  System_deinit                      
7005714d  UART_spaceAvail                    
70057187  MCSPI_lld_deInit                   
700571a5  SOC_rcmIsR5FInLockStepMode         
700571c1  main                               
70057214  TI_memcpy_small                    
70057231  CSL_armR5GetCpuID                  
7005724b  EDMA_readEventStatusRegion         
7005727f  MCSPI_lld_dmaInit                  
70057297  TimerP_getCountPriv                
700572b1  UART_deinit                        
700572c8  TI_memset_small                    
700572e1  MCSPI_reset                        
700572f7  UART_IsTxRxFifoEmpty               
7005730d  UART_getIntrIdentityStatus         
70057323  ClockP_usecToTicks                 
70057337  EDMA_getRegionId                   
7005734b  UART_Transaction_init              
70057373  ADC_setMode                        
70057397  UART_operatingModeSelect           
700573a9  UART_readLineStatus                
700573bb  putchar_                           
700573cd  GPIO_bankIntrDisable               
700573dd  UART_intr2Disable                  
700573ec  __aeabi_memset                     
700573ec  __aeabi_memset4                    
700573ec  __aeabi_memset8                    
700573fc  putchar                            
7005740d  EDMA_ccPaRAMEntry_init             
7005741b  GPIO_bankIntrEnable                
70057429  Pinmux_init                        
70057437  PowerClock_init                    
70057445  ClockP_getTicks                    
70057451  DebugP_uartSetDrvIndex             
7005745d  EDMA_isInitialized                 
70057469  SOC_getSelfCpuClk                  
70057474  __aeabi_memclr                     
70057474  __aeabi_memclr4                    
70057474  __aeabi_memclr8                    
70057480  malloc                             
7005748c  CSL_armR5ReadMpidrReg              
70057498  C$$EXIT                            
70057498  HOSTexit                           
700574ad  ClockP_Params_init                 
700574b7  ClockP_isActive                    
700574c1  TimerP_getReloadCountPriv          
700574cb  TimerP_startPriv                   
700574d5  UART_lld_Transaction_deInit        
700574df  TimerP_clearOverflowIntPriv        
700574ef  EDMA_isInterruptEnabled            
700574f5  SOC_moduleClockEnable              
70057501  Board_driversOpen                  
70057505  ClockP_getTimerCount               
70057509  ClockP_timerClearOverflowInt       
7005750d  PowerClock_deinit                  
70057511  TimerP_Params_init                 
70057515  TimerP_clearOverflowInt            
70057519  TimerP_getCount                    
7005751d  TimerP_getReloadCount              
70057521  TimerP_setup                       
70057525  TimerP_start                       
70057528  __aeabi_ldiv0                      
7005752c  __aeabi_memcpy                     
7005752c  __aeabi_memcpy4                    
7005752c  __aeabi_memcpy8                    
70057530  _nop                               
70057534  fseek                              
70057538  remove                             
700575dc  gCacheConfig                       
700575e4  gMpuConfig                         
700575f0  gMpuRegionConfig                   
700576f8  gADPLLJConfigTbl                   
70058018  gPeripheralClkSrcInfoMap           
700584f4  gCacheL1dCacheLineSize             
700584f8  gCacheL1pCacheLineSize             
70058509  HwiP_enableInt                     
70058531  HwiP_disableInt                    
70058563  HwiP_restoreInt                    
700585b9  HwiP_clearInt                      
700585d9  HwiP_post                          
70058601  HwiP_Params_init                   
70058613  HwiP_construct                     
7005875b  HwiP_destruct                      
7005882d  HwiP_init                          
700588ef  HwiP_inISR                         
7005890b  HwiP_irq_handler_c                 
7005898f  HwiP_fiq_handler                   
70058a3f  HwiP_reserved_handler              
70058a6d  HwiP_undefined_handler_c           
70058a8b  HwiP_user_undefined_handler_c      
70058a9f  HwiP_svc_handler                   
70058acd  HwiP_prefetch_abort_handler_c      
70058b47  HwiP_user_prefetch_abort_handler_c 
70058b57  HwiP_data_abort_handler_c          
70058bd7  HwiP_user_data_abort_handler_c     
70058be8  HwiP_irq_handler                   
70058c5c  HwiP_data_abort_handler            
70058ca0  HwiP_prefetch_abort_handler        
70058cec  HwiP_undefined_handler             
70058d1c  GET_DFSR                           
70058d24  GET_ADFSR                          
70058d2c  GET_DFAR                           
70058d34  GET_IFSR                           
70058d3c  GET_AIFSR                          
70058d44  GET_IFAR                           
70058d4c  GET_SPSR                           
70058d64  HwiP_disable                       
70058d74  HwiP_disableFIQ                    
70058d84  HwiP_enable                        
70058d94  HwiP_enableFIQ                     
70058da4  HwiP_restore                       
70058dac  HwiP_enableVIC                     
70058dbc  HwiP_disableVIC                    
70058dcc  HwiP_getCPSR                       
70058de0  CacheP_disableL1d                  
70058e08  CacheP_disableL1p                  
70058e20  CacheP_enableL1d                   
70058e38  CacheP_enableL1p                   
70058e50  CacheP_invL1d                      
70058e88  CacheP_invL1p                      
70058ec4  CacheP_invL1dAll                   
70058ecc  CacheP_invL1pAll                   
70058ed4  CacheP_wb                          
70058f10  CacheP_wbInv                       
70058f4c  CacheP_wbAll                       
70058ff4  CacheP_wbInvAll                    
7005900c  CacheP_wbInvAllAsm                 
700590ac  CacheP_getEnabled                  
700590e4  CacheP_getCacheLevelInfo           
700590f0  CacheP_configForceWrThru           
70059110  CacheP_setDLFO                     
70059121  CacheP_init                        
70059179  CacheP_disable                     
700591b3  CacheP_enable                      
700591d3  CacheP_inv                         
70059211  MpuP_getAttrs                      
70059251  MpuP_RegionAttrs_init              
7005925f  MpuP_setRegion                     
700592d9  MpuP_isEnable                      
700592dd  MpuP_disable                       
7005930f  MpuP_enable                        
7005934b  MpuP_init                          
700593ad  MpuP_isUserAuthorizedToAccessMemory
70059414  MpuP_disableAsm                    
7005942c  MpuP_disableBRAsm                  
7005943c  MpuP_enableAsm                     
70059454  MpuP_enableBRAsm                   
70059464  MpuP_isEnableAsm                   
70059478  MpuP_setRegionAsm                  
700594a0  _c_int00_sbl                       
700594c4  _c_int00                           
700595e5  _DebugP_assertNoLog                
70059603  _system_pre_init                   
7005961f  __mpu_init                         
70059630  abort                              
70059638  _ftable                            
70059638  gMcspiDmaHandle                    
70059638  gUartDmaHandle                     
700599b0  _device                            
70059a28  intr_pins                          
70059a88  gUartParams                        
70059ae0  _stream                            
70059b78  gSpi0ChCfg                         
70059bb8  gSpi1ChCfg                         
70059bf8  gSocModulesClockFrequency          
70059c28  gMcspiOpenParams                   
70059c50  ext_adc0                           
70059c6c  ext_adc1                           
70059c88  gClockConfig                       
70059ca0  gMcspiConfig                       
70059cb0  gSocModules                        
70059cc0  gAddrTranslateConfig               
70059ccc  __TI_cleanup_ptr                   
70059cd0  __TI_dtors_ptr                     
70059cd4  gConfigMcspiChCfg                  
70059cdc  gEdmaConfig                        
70059ce4  gEdmaParams                        
70059cec  gMcspiDmaChConfig                  
70059cf4  gMcspiNumCh                        
70059d04  gUartConfig                        
70059d0c  __TI_ft_end                        
70059d18  _lock                              
70059d1c  _unlock                            
70059d20  gDebugLogZone                      
70059d24  gDebugP_uartDrvIndex               
70059d28  gEdmaConfigNum                     
70059d2c  gHwiConfig                         
70059d30  gMcspiConfigNum                    
70059d34  gUartConfigNum                     
70059d38  gUartDmaChConfig                   
70059d3c  test                               
70059d42  logs_length                        
70059d44  isMapAvailable                     
70059d50  __IRQ_STACK_START                  
70059e50  __FIQ_STACK_START                  
70059e50  __IRQ_STACK_END                    
70059f50  __FIQ_STACK_END                    
70059f50  __SVC_STACK_START                  
7005af50  __ABORT_STACK_START                
7005af50  __SVC_STACK_END                    
7005b050  __ABORT_STACK_END                  
7005b050  __UNDEFINED_STACK_START            
7005b150  __UNDEFINED_STACK_END              
701d4000  gDebugShmLog                       
ffffffff  __TI_pprof_out_hndl                
ffffffff  __TI_prof_data_size                
ffffffff  __TI_prof_data_start               
ffffffff  __binit__                          
ffffffff  binit                              
UNDEFED   __TI_CINIT_Base                    
UNDEFED   __TI_CINIT_Limit                   
UNDEFED   __TI_Handler_Table_Base            
UNDEFED   __TI_Handler_Table_Limit           
UNDEFED   _system_post_cinit                 

[422 symbols]
