******************************************************************************
            TI ARM Clang Linker PC v4.0.2                      
******************************************************************************
>> Linked Thu Jul  3 17:42:35 2025

OUTPUT FILE NAME:   <second_stage_PDM_testing.out>
ENTRY POINT SYMBOL: "_vectors"  address: 00000000


MEMORY CONFIGURATION

         name            origin    length      used     unused   attr    fill
----------------------  --------  ---------  --------  --------  ----  --------
  R5F_VECS              00000000   00000040  00000040  00000000  RWIX
  R5F_TCMA              00000040   00007fc0  00000000  00007fc0  RWIX
  R5F_TCMB              00080000   00008000  00000000  00008000  RWIX
  MAILBOX_HSM           44000000   000003ce  00000000  000003ce  RWIX
  MAILBOX_R5F           44000400   000003ce  00000000  000003ce  RWIX
  FLASH                 60100000   00080000  00000000  00080000  RWIX
  SBL                   70000000   00040000  00000000  00040000  RWIX
  OCRAM                 70040000   00040000  00023350  0001ccb0  RWIX
  USER_SHM_MEM          701d0000   00004000  00000000  00004000  RWIX
  LOG_SHM_MEM           701d4000   00004000  00002000  00002000  RWIX
  RTOS_NORTOS_IPC_SHM_M 72000000   00003e80  00000000  00003e80  RWIX


SEGMENT ALLOCATION MAP

run origin  load origin   length   init length attrs members
----------  ----------- ---------- ----------- ----- -------
00000000    00000000    00000040   00000040    r-x
  00000000    00000000    00000040   00000040    r-x .vectors
70040000    70040000    00011a80   00011a80    r-x
  70040000    70040000    0000eec0   0000eec0    r-x .text
  7004eec0    7004eec0    00002bc0   00002bc0    r-- .rodata
70051a80    70051a80    0000eaf8   00000000    rw-
  70051a80    70051a80    00002af8   00000000    rw- .bss
  70054578    70054578    00008000   00000000    rw- .sysmem
  7005c578    7005c578    00004000   00000000    rw- .stack
70060578    70060578    00001130   00001130    r-x
  70060578    70060578    000008d8   000008d8    r-x .text.hwi
  70060e50    70060e50    00000430   00000430    r-x .text.cache
  70061280    70061280    00000290   00000290    r-x .text.mpu
  70061510    70061510    00000190   00000190    r-x .text.boot
  700616a0    700616a0    00000008   00000008    r-x .text:abort
700616a8    700616a8    00001ca8   000008a8    rw-
  700616a8    700616a8    000008a8   000008a8    rw- .data
  70061f50    70061f50    00000100   00000000    rw- .irqstack
  70062050    70062050    00000100   00000000    rw- .fiqstack
  70062150    70062150    00001000   00000000    rw- .svcstack
  70063150    70063150    00000100   00000000    rw- .abortstack
  70063250    70063250    00000100   00000000    rw- .undefinedstack


SECTION ALLOCATION MAP

 output                                  attributes/
section   page    origin      length       input sections
--------  ----  ----------  ----------   ----------------
.vectors   0    00000000    00000040     
                  00000000    00000040     nortos.am263px.r5f.ti-arm-clang.release.lib : HwiP_armv7r_vectors_nortos_asm.obj (.vectors)

.text      0    70040000    0000eec0     
                  70040000    00001328     libc.a : _scanfi.c.obj (.text.__TI_scanfi)
                  70041328    00000756     ti_drivers_open_close.o (.text.Drivers_adcOpen)
                  70041a7e    00000002     ti_board_config.o (.text.Board_deinit)
                  70041a80    00000580     nortos.am263px.r5f.ti-arm-clang.release.lib : printf.obj (.text._vsnprintf)
                  70042000    000004d4     libc.a : strtod.c.obj (.text.strtod)
                  700424d4    000004cc     drivers.am263px.r5f.ti-arm-clang.release.lib : soc_rcm.obj (.text.SOC_rcmEnablePeripheralClock)
                  700429a0    00000444                                                  : i2c_v1_lld.obj (.text.I2C_lld_primeTransferPoll)
                  70042de4    00000004     nortos.am263px.r5f.ti-arm-clang.release.lib : ClockP_nortos_r5.obj (.text.ClockP_getTimerCount)
                  70042de8    00000400                                                 : printf.obj (.text._ftoa)
                  700431e8    000003b8     testing.o (.text.conduct_test)
                  700435a0    00000390     libc.a : strcmp32.S.obj (.text:strcmp)
                  70043930    00000310     nortos.am263px.r5f.ti-arm-clang.release.lib : printf.obj (.text._etoa)
                  70043c40    000002a8     drivers.am263px.r5f.ti-arm-clang.release.lib : uart_v0.obj (.text.UART_open)
                  70043ee8    00000298                                                  : mcspi_v0.obj (.text.MCSPI_open)
                  70044180    0000027c                                                  : edma.obj (.text.EDMA_init)
                  700443fc    0000027c     libc.a : strtoll.c.obj (.text.strtoll)
                  70044678    00000250     drivers.am263px.r5f.ti-arm-clang.release.lib : soc_rcm.obj (.text.SOC_rcmSetPeripheralClock)
                  700448c8    00000248     libc.a : strtoull.c.obj (.text.strtoull)
                  70044b10    0000023c     drivers.am263px.r5f.ti-arm-clang.release.lib : uart_v0_lld.obj (.text.UART_configInstance)
                  70044d4c    00000230                                                  : mcspi_dma_edma.obj (.text.MCSPI_lld_dmaTransfer)
                  70044f7c    00000210                                                  : i2c_v1.obj (.text.I2C_open)
                  7004518c    0000020c                                                  : edma.obj (.text.EDMA_errorIsrFxn)
                  70045398    0000020c                                                  : mcspi_v0_lld.obj (.text.MCSPI_transferControllerPoll)
                  700455a4    00000204                                                  : edma.obj (.text.EDMA_freeChannelRegion)
                  700457a8    000001fe     ti_drivers_config.o (.text.GPIO_init)
                  700459a6    00000002     ti_board_config.o (.text.Board_init)
                  700459a8    000001f8     libc.a : strtol.c.obj (.text.strtol)
                  70045ba0    000001ec            : strtoul.c.obj (.text.strtoul)
                  70045d8c    000001e8     drivers.am263px.r5f.ti-arm-clang.release.lib : mcspi_v0_lld.obj (.text.MCSPI_lld_controllerIsr)
                  70045f74    000001d0     libclang_rt.builtins.a : udivsi3.S.obj (.text.__udivsi3)
                  70046144    000001c0     drivers.am263px.r5f.ti-arm-clang.release.lib : mcspi_dma_edma.obj (.text.MCSPI_lld_dmaChInit)
                  70046304    000001b4                                                  : i2c_v1_lld.obj (.text.I2C_lld_targetIsr)
                  700464b8    000001ae                                                  : i2c_v1_lld.obj (.text.I2C_lld_controllerIsr)
                  70046666    00000002     nortos.am263px.r5f.ti-arm-clang.release.lib : DebugP_nortos.obj (.text.DebugP_shmLogReaderTaskCreate)
                  70046668    000001a8     drivers.am263px.r5f.ti-arm-clang.release.lib : mcspi_v0_lld.obj (.text.MCSPI_lld_chConfig)
                  70046810    000001a8     libc.a : memory.c.obj (.text.free)
                  700469b8    000001a4            : memory.c.obj (.text.aligned_alloc)
                  70046b5c    00000194     drivers.am263px.r5f.ti-arm-clang.release.lib : uart_dma_edma.obj (.text.UART_lld_dmaInit)
                  70046cf0    00000190                                                  : mcspi_v0.obj (.text.MCSPI_transfer)
                  70046e80    00000188     BQ25751.o (.text.BQ25751_manual_register_write)
                  70047008    00000188     BQ25856.o (.text.BQ25856_manual_register_write)
                  70047190    00000188     drivers.am263px.r5f.ti-arm-clang.release.lib : i2c_v1.obj (.text.I2C_transfer)
                  70047318    00000164                                                  : edma.obj (.text.EDMA_open)
                  7004747c    00000160                                                  : edma.obj (.text.EDMA_deinit)
                  700475dc    00000004     nortos.am263px.r5f.ti-arm-clang.release.lib : ClockP_nortos_r5.obj (.text.ClockP_timerClearOverflowInt)
                  700475e0    00000150     libc.a : s_scalbn.c.obj (.text.scalbn)
                  70047730    0000014e     drivers.am263px.r5f.ti-arm-clang.release.lib : uart_dma_edma.obj (.text.UART_lld_dmaDeInit)
                  7004787e    0000014c                                                  : mcspi_dma_edma.obj (.text.MCSPI_lld_dmaDeInit)
                  700479ca    00000002     ti_dpl_config.o (.text.Dpl_deinit)
                  700479cc    00000144     libc.a : setvbuf.c.obj (.text.setvbuf)
                  70047b10    00000140     nortos.am263px.r5f.ti-arm-clang.release.lib : TimerP_rti_priv.obj (.text.TimerP_setupPriv)
                  70047c50    0000013c     drivers.am263px.r5f.ti-arm-clang.release.lib : soc.obj (.text.SOC_virtToPhy)
                  70047d8c    00000138                                                  : uart_v0.obj (.text.UART_close)
                  70047ec4    00000134                                                  : mcspi_v0_lld.obj (.text.MCSPI_lld_readWrite)
                  70047ff8    00000132     BQ25751.o (.text.BQ25751_manual_register_read)
                  7004812a    00000132     BQ25856.o (.text.BQ25856_manual_register_read)
                  7004825c    00000132     nortos.am263px.r5f.ti-arm-clang.release.lib : printf.obj (.text._ntoa_format)
                  7004838e    00000002                                                 : SemaphoreP_nortos.obj (.text.SemaphoreP_destruct)
                  70048390    00000126     int_adc.o (.text.read_int_ADC)
                  700484b6    00000002     nortos.am263px.r5f.ti-arm-clang.release.lib : TaskP_nortos.obj (.text.TaskP_yield)
                  700484b8    00000122     PDMtesting.o (.text.PDM_testing)
                  700485da    00000120     BQ25751.o (.text.BQ25751_run_test_mode)
                  700486fa    00000120     board.o (.text.GPIO_bankIsrFxn)
                  7004881a    0000011c     drivers.am263px.r5f.ti-arm-clang.release.lib : mcspi_v0_lld.obj (.text.MCSPI_lld_readWriteIntr)
                  70048936    0000011a                                                  : uart_v0_lld.obj (.text.UART_lld_controllerIsr)
                  70048a50    00000118                                                  : edma.obj (.text.Alloc_resource)
                  70048b68    00000118     libclang_rt.builtins.a : udivmoddi4.S.obj (.text)
                  70048c80    00000114     ti_drivers_config.o (.text.GPIO_deinit)
                  70048d94    00000114     drivers.am263px.r5f.ti-arm-clang.release.lib : soc_rcm.obj (.text.SOC_rcmGetPeripheralClockFrequency)
                  70048ea8    0000010e                                                  : uart_v0_lld.obj (.text.UART_lld_write)
                  70048fb6    00000002                                                  : uart_dma_edma.obj (.text.UART_edmaDoNothing)
                  70048fb8    00000108                                                  : edma.obj (.text.EDMA_transferCompletionMasterIsrFxn)
                  700490c0    00000108                                                  : uart_v0.obj (.text.UART_read)
                  700491c8    00000106                                                  : mcspi_v0_lld.obj (.text.MCSPI_continuePeripheralTxRx)
                  700492ce    00000104     nortos.am263px.r5f.ti-arm-clang.release.lib : ClockP_nortos_r5.obj (.text.ClockP_init)
                  700493d2    00000002     drivers.am263px.r5f.ti-arm-clang.release.lib : uart_v0.obj (.text.UART_lld_errorCallback)
                  700493d4    00000104                                                  : uart_dma_edma.obj (.text.UART_lld_dmaWrite)
                  700494d8    00000100                                                  : mcspi_v0.obj (.text.MCSPI_close)
                  700495d8    000000fc                                                  : uart_v0.obj (.text.UART_write)
                  700496d4    000000f4                                                  : mcspi_v0_lld.obj (.text.MCSPI_lld_initDma)
                  700497c8    000000f0     libc.a : fputc.c.obj (.text.fputc)
                  700498b8    000000e6     drivers.am263px.r5f.ti-arm-clang.release.lib : mcspi_dma_edma.obj (.text.MCSPI_edmaIsrTx)
                  7004999e    000000e6                                                  : mcspi_v0_lld.obj (.text.MCSPI_lld_readWriteDma)
                  70049a84    000000d6     board.o (.text.init_global_interrupts)
                  70049b5a    000000d6     board.o (.text.init_gpio)
                  70049c30    000000d4     libc.a : sscanf.c.obj (.text._chkmbc)
                  70049d04    000000d4     logger.o (.text.print_log)
                  70049dd8    000000d0     drivers.am263px.r5f.ti-arm-clang.release.lib : edma.obj (.text.EDMA_unregisterIntr)
                  70049ea8    000000cc                                                  : uart_v0_lld.obj (.text.UART_lld_initDma)
                  70049f74    000000c8     libc.a : getdevice.c.obj (.text.getdevice)
                  7004a03c    000000c4     drivers.am263px.r5f.ti-arm-clang.release.lib : i2c_v1_lld.obj (.text.I2C_lld_mem_write)
                  7004a100    000000c4                                                  : i2c_v1_lld.obj (.text.I2C_lld_primeTransferIntr)
                  7004a1c4    000000c4                                                  : mcspi_v0_lld.obj (.text.MCSPI_lld_init)
                  7004a288    000000c0     BQ25751.o (.text.BQ25751_read_reg)
                  7004a348    000000c0     BQ25856.o (.text.BQ25856_read_reg)
                  7004a408    000000c0     drivers.am263px.r5f.ti-arm-clang.release.lib : i2c_v1_lld.obj (.text.I2C_lld_mem_read)
                  7004a4c8    000000c0                                                  : uart_v0_lld.obj (.text.UART_lld_init)
                  7004a588    000000be     ioexp_tca6424.o (.text.TCA6424_config)
                  7004a646    000000be     ioexp_tca6424.o (.text.TCA6424_setOutput)
                  7004a704    000000bc     drivers.am263px.r5f.ti-arm-clang.release.lib : edma.obj (.text.EDMA_registerIntr)
                  7004a7c0    000000b4     libc.a : fseek.c.obj (.text.fseeko)
                  7004a874    000000b0            : fclose.c.obj (.text.__TI_closefile)
                  7004a924    000000b0     nortos.am263px.r5f.ti-arm-clang.release.lib : printf.obj (.text._ntoa_long_long)
                  7004a9d4    000000ac     drivers.am263px.r5f.ti-arm-clang.release.lib : soc_rcm.obj (.text.SOC_rcmGetCoreHSDivOut)
                  7004aa80    000000ac                                                  : uart_v0_lld.obj (.text.UART_divisorLatchWrite)
                  7004ab2c    000000a8     nortos.am263px.r5f.ti-arm-clang.release.lib : DebugP_uartScanf.obj (.text.DebugP_readLine)
                  7004abd4    000000a6     drivers.am263px.r5f.ti-arm-clang.release.lib : mcspi_dma_edma.obj (.text.MCSPI_edmaIsrRx)
                  7004ac7a    000000a6                                                  : uart_v0_lld.obj (.text.UART_lld_read)
                  7004ad20    000000a6     nortos.am263px.r5f.ti-arm-clang.release.lib : printf.obj (.text._out_rev)
                  7004adc6    00000002                                                 : printf.obj (.text._out_null)
                  7004adc8    000000a4     drivers.am263px.r5f.ti-arm-clang.release.lib : i2c_v1.obj (.text.I2C_close)
                  7004ae6c    000000a4                                                  : i2c_v1_lld.obj (.text.I2C_lld_mem_readIntr)
                  7004af10    000000a4                                                  : i2c_v1_lld.obj (.text.I2C_lld_mem_writeIntr)
                  7004afb4    000000a4     libc.a : memory.c.obj (.text.split)
                  7004b058    000000a0     drivers.am263px.r5f.ti-arm-clang.release.lib : edma.obj (.text.EDMA_freeDmaChannel)
                  7004b0f8    000000a0                                                  : edma.obj (.text.EDMA_freeParam)
                  7004b198    000000a0                                                  : edma.obj (.text.EDMA_freeTcc)
                  7004b238    000000a0     libsysbm.a : hostrename.c.obj (.text.HOSTrename)
                  7004b2d8    000000a0     drivers.am263px.r5f.ti-arm-clang.release.lib : uart_dma_edma.obj (.text.UART_lld_dmaRead)
                  7004b378    0000009c                                                  : uart_v0_lld.obj (.text.UART_lld_readIntr)
                  7004b414    0000009c     libc.a : _io_perm.c.obj (.text.__TI_wrt_ok)
                  7004b4b0    0000009a     ti_board_open_close.o (.text.Board_ioexpOpen)
                  7004b54a    00000002     --HOLE-- [fill = 0]
                  7004b54c    00000098     libsysbm.a : hostlseek.c.obj (.text.HOSTlseek)
                  7004b5e4    00000098     drivers.am263px.r5f.ti-arm-clang.release.lib : i2c_v1.obj (.text.I2C_primeTransfer)
                  7004b67c    00000096     BQ25751.o (.text.BQ25751_write_reg)
                  7004b712    00000096     BQ25856.o (.text.BQ25856_write_reg)
                  7004b7a8    00000096     nortos.am263px.r5f.ti-arm-clang.release.lib : SemaphoreP_nortos.obj (.text.SemaphoreP_pend)
                  7004b83e    00000094     drivers.am263px.r5f.ti-arm-clang.release.lib : edma.obj (.text.EDMA_configureChannelRegion)
                  7004b8d2    00000002     --HOLE-- [fill = 0]
                  7004b8d4    00000094     libsysbm.a : hostopen.c.obj (.text.HOSTopen)
                  7004b968    00000094     drivers.am263px.r5f.ti-arm-clang.release.lib : i2c_v1_lld.obj (.text.I2C_lld_init)
                  7004b9fc    00000094     ADS_adc.o (.text.SPI_ReadWrite)
                  7004ba90    00000094     drivers.am263px.r5f.ti-arm-clang.release.lib : uart_v0_lld.obj (.text.UART_lld_readWithCounter)
                  7004bb24    00000090     ti_drivers_open_close.o (.text.Drivers_open)
                  7004bbb4    00000090     drivers.am263px.r5f.ti-arm-clang.release.lib : mcspi_v0_lld.obj (.text.MCSPI_setFifoConfig)
                  7004bc44    0000008e     nortos.am263px.r5f.ti-arm-clang.release.lib : printf.obj (.text._ntoa_long)
                  7004bcd2    0000008c     drivers.am263px.r5f.ti-arm-clang.release.lib : mcspi_v0_lld.obj (.text.MCSPI_lld_peripheralIsr)
                  7004bd5e    00000002     --HOLE-- [fill = 0]
                  7004bd60    0000008c     libsysbm.a : close.c.obj (.text.close)
                  7004bdec    0000008c     i2c_helper.o (.text.i2c_read_error_handler)
                  7004be78    00000088     drivers.am263px.r5f.ti-arm-clang.release.lib : adc.obj (.text.ADC_setPPBTripLimits)
                  7004bf00    00000088                                                  : uart_v0.obj (.text.UART_init)
                  7004bf88    00000088                                                  : uart_v0_lld.obj (.text.UART_procLineStatusErr)
                  7004c010    00000088     libc.a : fflush.c.obj (.text.__TI_doflush)
                  7004c098    00000084     libsysbm.a : hostread.c.obj (.text.HOSTread)
                  7004c11c    00000084                : hostwrite.c.obj (.text.HOSTwrite)
                  7004c1a0    00000084     drivers.am263px.r5f.ti-arm-clang.release.lib : mcspi_v0_lld.obj (.text.MCSPI_setPeripheralFifoConfig)
                  7004c224    00000080                                                  : edma.obj (.text.EDMA_close)
                  7004c2a4    00000080                                                  : uart_v0.obj (.text.UART_flushTxFifo)
                  7004c324    0000007e     ti_drivers_open_close.o (.text.Drivers_mcspiOpen)
                  7004c3a2    0000007e     drivers.am263px.r5f.ti-arm-clang.release.lib : mcspi_v0_lld.obj (.text.MCSPI_fifoRead)
                  7004c420    0000007e                                                  : mcspi_v0_lld.obj (.text.MCSPI_transferPeripheralPoll)
                  7004c49e    0000007a                                                  : mcspi_v0_lld.obj (.text.MCSPI_initiateLastChunkTransfer)
                  7004c518    00000078                                                  : mcspi_v0.obj (.text.MCSPI_init)
                  7004c590    00000076                                                  : uart_v0_lld.obj (.text.UART_readDataPolling)
                  7004c606    00000072                                                  : mcspi_v0_lld.obj (.text.MCSPI_fifoWrite)
                  7004c678    00000072                                                  : mcspi_v0_lld.obj (.text.MCSPI_stop)
                  7004c6ea    00000070                                                  : mcspi_dma_edma.obj (.text.MCSPI_lld_dmaStop)
                  7004c75a    0000006e     BQ25751.o (.text.BQ25751_read_faults)
                  7004c7c8    0000006e     drivers.am263px.r5f.ti-arm-clang.release.lib : edma.obj (.text.EDMA_disableTransferRegion)
                  7004c836    0000006e                                                  : edma.obj (.text.EDMA_enableTransferRegion)
                  7004c8a4    0000006c     libsysbm.a : hostunlink.c.obj (.text.HOSTunlink)
                  7004c910    0000006c     drivers.am263px.r5f.ti-arm-clang.release.lib : uart_v0_lld.obj (.text.UART_lld_writeDma)
                  7004c97c    0000006a     ti_drivers_open_close.o (.text.Drivers_i2cOpen)
                  7004c9e6    00000068     drivers.am263px.r5f.ti-arm-clang.release.lib : uart_v0_lld.obj (.text.UART_lld_readDma)
                  7004ca4e    00000068                                                  : uart_v0_lld.obj (.text.UART_lld_writeIntr)
                  7004cab6    00000002     --HOLE-- [fill = 0]
                  7004cab8    00000068     libc.a : atoi.c.obj (.text.atoi)
                  7004cb20    00000068     board.o (.text.digitalWrite)
                  7004cb88    00000066     nortos.am263px.r5f.ti-arm-clang.release.lib : PmuP_armv7r.obj (.text.pmu)
                  7004cbee    00000002     --HOLE-- [fill = 0]
                  7004cbf0    00000064     drivers.am263px.r5f.ti-arm-clang.release.lib : soc.obj (.text.SOC_controlModuleUnlockMMR)
                  7004cc54    00000064     logger.o (.text.add_log)
                  7004ccb8    00000064     board.o (.text.init_interrupt)
                  7004cd1c    00000062     BQ25856.o (.text.BQ25856_init)
                  7004cd7e    00000002     --HOLE-- [fill = 0]
                  7004cd80    00000060     libsysbm.a : hostclose.c.obj (.text.HOSTclose)
                  7004cde0    0000005e     nortos.am263px.r5f.ti-arm-clang.release.lib : ClockP_nortos.obj (.text.ClockP_timerTickIsr)
                  7004ce3e    0000005e     drivers.am263px.r5f.ti-arm-clang.release.lib : mcspi_v0_lld.obj (.text.MCSPI_setChDataSize)
                  7004ce9c    0000005c                                                  : gpio.obj (.text.GPIO_setTrigType)
                  7004cef8    0000005c                                                  : mcspi_v0_lld.obj (.text.MCSPI_configInstance)
                  7004cf54    0000005c                                                  : soc.obj (.text.SOC_controlModuleLockMMR)
                  7004cfb0    0000005c     nortos.am263px.r5f.ti-arm-clang.release.lib : DebugP_log.obj (.text._DebugP_assert)
                  7004d00c    00000058     drivers.am263px.r5f.ti-arm-clang.release.lib : mcspi_dma_edma.obj (.text.MCSPI_edmaUpdateTransferParams)
                  7004d064    00000058     libc.a : fopen.c.obj (.text.__TI_cleanup)
                  7004d0bc    00000058     libsysbm.a : trgmsg.c.obj (.text.__TI_readmsg)
                  7004d114    00000058                : trgmsg.c.obj (.text.__TI_writemsg)
                  7004d16c    00000058     logger.o (.text.print_pending_logs)
                  7004d1c4    00000056     nortos.am263px.r5f.ti-arm-clang.release.lib : ClockP_nortos.obj (.text.ClockP_getTimeUsec)
                  7004d21a    00000056     drivers.am263px.r5f.ti-arm-clang.release.lib : uart_v0_lld.obj (.text.UART_intrDisable)
                  7004d270    00000056                                                  : uart_v0_lld.obj (.text.UART_readCancelNoCB)
                  7004d2c6    00000056                                                  : uart_v0_lld.obj (.text.UART_writeCancelNoCB)
                  7004d31c    00000054     ti_dpl_config.o (.text.Dpl_init)
                  7004d370    00000054     libc.a : exit.c.obj (.text.exit)
                  7004d3c4    00000054            : getdevice.c.obj (.text.finddevice)
                  7004d418    00000054            : autoinit.c.obj (.text:__TI_auto_init_nobinit_nopinit)
                  7004d46c    00000052     nortos.am263px.r5f.ti-arm-clang.release.lib : AddrTranslateP_32bit.obj (.text.AddrTranslateP_getLocalAddr)
                  7004d4be    00000052     drivers.am263px.r5f.ti-arm-clang.release.lib : i2c_v1.obj (.text.I2C_LLD_targetTransferCompleteCallback)
                  7004d510    00000052                                                  : mcspi_v0_lld.obj (.text.MCSPI_lld_deInitDma)
                  7004d562    00000050     BQ25751.o (.text.BQ25751_print_register_dump)
                  7004d5b2    00000050     nortos.am263px.r5f.ti-arm-clang.release.lib : ClockP_nortos.obj (.text.ClockP_construct)
                  7004d602    00000002     --HOLE-- [fill = 0]
                  7004d604    00000050     drivers.am263px.r5f.ti-arm-clang.release.lib : edma.obj (.text.EDMA_allocDmaChannel)
                  7004d654    00000050                                                  : edma.obj (.text.EDMA_allocParam)
                  7004d6a4    00000050                                                  : edma.obj (.text.EDMA_allocTcc)
                  7004d6f4    0000004e     nortos.am263px.r5f.ti-arm-clang.release.lib : ClockP_nortos.obj (.text.ClockP_addToList)
                  7004d742    0000004e     ti_drivers_open_close.o (.text.Drivers_edmaOpen)
                  7004d790    0000004e     ti_drivers_open_close.o (.text.Drivers_uartOpen)
                  7004d7de    0000004e     drivers.am263px.r5f.ti-arm-clang.release.lib : edma.obj (.text.EDMA_disableChInShadowRegRegion)
                  7004d82c    0000004c                                                  : mcspi_v0.obj (.text.MCSPI_transferCallback)
                  7004d878    0000004c                                                  : mcspi_v0_lld.obj (.text.MCSPI_transferControllerIntr)
                  7004d8c4    0000004c                                                  : soc.obj (.text.SOC_enableAdcReferenceMonitor)
                  7004d910    00000048                                                  : soc.obj (.text.SOC_enableAdcGlobalForce)
                  7004d958    00000048                                                  : soc.obj (.text.SOC_enableAdcInternalReference)
                  7004d9a0    00000048                                                  : uart_dma_edma.obj (.text.UART_edmaIsrRx)
                  7004d9e8    00000048     libsysbm.a : unlink.c.obj (.text.unlink)
                  7004da30    00000046     drivers.am263px.r5f.ti-arm-clang.release.lib : uart_dma_edma.obj (.text.UART_edmaIsrTx)
                  7004da76    00000044                                                  : i2c_v1.obj (.text.I2C_completeCurrTransfer)
                  7004daba    00000002     --HOLE-- [fill = 0]
                  7004dabc    00000044                                                  : soc.obj (.text.SOC_getAdcReferenceStatus)
                  7004db00    00000044                                                  : uart_v0.obj (.text.UART_Params_init)
                  7004db44    00000044                                                  : uart_v0_lld.obj (.text.UART_lld_deInitDma)
                  7004db88    00000040     nortos.am263px.r5f.ti-arm-clang.release.lib : ClockP_nortos.obj (.text.ClockP_stop)
                  7004dbc8    00000040     drivers.am263px.r5f.ti-arm-clang.release.lib : edma.obj (.text.EDMA_mapChToEvtQ)
                  7004dc08    00000040                                                  : pinmux.obj (.text.Pinmux_config)
                  7004dc48    00000040     nortos.am263px.r5f.ti-arm-clang.release.lib : SemaphoreP_nortos.obj (.text.SemaphoreP_constructBinary)
                  7004dc88    00000040     drivers.am263px.r5f.ti-arm-clang.release.lib : uart_v0_lld.obj (.text.UART_lld_deInit)
                  7004dcc8    00000040     libc.a : memory.c.obj (.text.free_list_insert)
                  7004dd08    0000003e     drivers.am263px.r5f.ti-arm-clang.release.lib : i2c_v1_lld.obj (.text.I2C_lld_transferInit)
                  7004dd46    0000003e     nortos.am263px.r5f.ti-arm-clang.release.lib : SemaphoreP_nortos.obj (.text.SemaphoreP_constructMutex)
                  7004dd84    0000003c     drivers.am263px.r5f.ti-arm-clang.release.lib : edma.obj (.text.EDMA_getBaseAddr)
                  7004ddc0    0000003c                                                  : uart_v0_lld.obj (.text.UART_readData)
                  7004ddfc    0000003a     nortos.am263px.r5f.ti-arm-clang.release.lib : ClockP_nortos.obj (.text.ClockP_destruct)
                  7004de36    0000003a                                                 : DebugP_uartLogWriter.obj (.text.DebugP_uartLogWriterPutChar)
                  7004de70    0000003a     ti_power_clock_config.o (.text.Module_clockSetFrequency)
                  7004deaa    0000003a     ioexp_tca6424.o (.text.TCA6424_open)
                  7004dee4    0000003a     drivers.am263px.r5f.ti-arm-clang.release.lib : uart_v0_lld.obj (.text.UART_lld_flushTxFifo)
                  7004df1e    00000038     BQ25751.o (.text.BQ25751_init)
                  7004df56    00000002     --HOLE-- [fill = 0]
                  7004df58    00000038     drivers.am263px.r5f.ti-arm-clang.release.lib : soc_rcm.obj (.text.SOC_rcmADPLLJGetFOut)
                  7004df90    00000038     nortos.am263px.r5f.ti-arm-clang.release.lib : DebugP_nortos.obj (.text._DebugP_logZone)
                  7004dfc8    00000038                                                 : PmuP_armv7r_asm.obj (.text.pmu)
                  7004e000    00000036     drivers.am263px.r5f.ti-arm-clang.release.lib : edma.obj (.text.EDMA_clrMissEvtRegion)
                  7004e036    00000034     nortos.am263px.r5f.ti-arm-clang.release.lib : ClockP_nortos.obj (.text.ClockP_start)
                  7004e06a    00000002     --HOLE-- [fill = 0]
                  7004e06c    00000034     drivers.am263px.r5f.ti-arm-clang.release.lib : i2c_v1.obj (.text.I2C_init)
                  7004e0a0    00000034                                                  : mcspi_v0.obj (.text.MCSPI_errorCallback)
                  7004e0d4    00000034     ti_power_clock_config.o (.text.Module_clockDisable)
                  7004e108    00000034     ti_power_clock_config.o (.text.Module_clockEnable)
                  7004e13c    00000034     drivers.am263px.r5f.ti-arm-clang.release.lib : soc.obj (.text.SOC_enableAdcDacLoopback)
                  7004e170    00000034                                                  : soc_rcm.obj (.text.SOC_rcmGetModuleClkDivVal)
                  7004e1a4    00000034     libc.a : memory.c.obj (.text.free_list_remove)
                  7004e1d8    00000034     libsysbm.a : lseek.c.obj (.text.lseek)
                  7004e20c    00000034                : write.c.obj (.text.write)
                  7004e240    00000032     nortos.am263px.r5f.ti-arm-clang.release.lib : ClockP_nortos.obj (.text.ClockP_usleep)
                  7004e272    00000032     drivers.am263px.r5f.ti-arm-clang.release.lib : edma.obj (.text.EDMA_unmapChToEvtQ)
                  7004e2a4    00000032     nortos.am263px.r5f.ti-arm-clang.release.lib : SemaphoreP_nortos.obj (.text.SemaphoreP_post)
                  7004e2d6    00000030                                                 : DebugP_uartScanf.obj (.text.DebugP_scanf)
                  7004e306    00000030     drivers.am263px.r5f.ti-arm-clang.release.lib : i2c_v1_lld.obj (.text.I2CControllerInitExpClk)
                  7004e336    00000030                                                  : uart_v0.obj (.text.UART_lld_writeCompleteCallback)
                  7004e366    00000002     --HOLE-- [fill = 0]
                  7004e368    00000030     int_adc.o (.text.adc_to_current_LM74930)
                  7004e398    0000002e     drivers.am263px.r5f.ti-arm-clang.release.lib : edma.obj (.text.EDMA_enableChInShadowRegRegion)
                  7004e3c6    0000002e                                                  : i2c_v1_lld.obj (.text.I2C_lld_deInit)
                  7004e3f4    0000002e     ti_drivers_config.o (.text.System_init)
                  7004e422    0000002e     drivers.am263px.r5f.ti-arm-clang.release.lib : uart_v0.obj (.text.UART_lld_readCompleteCallback)
                  7004e450    0000002c     nortos.am263px.r5f.ti-arm-clang.release.lib : DebugP_shmLogReader.obj (.text.DebugP_shmLogReaderInit)
                  7004e47c    0000002c     drivers.am263px.r5f.ti-arm-clang.release.lib : i2c_v1.obj (.text.I2C_getHandle)
                  7004e4a8    0000002c                                                  : soc_rcm.obj (.text.SOC_rcmGetR5Clock)
                  7004e4d4    0000002c                                                  : uart_v0.obj (.text.UART_getHandle)
                  7004e500    0000002c     ADS_adc.o (.text.adc_to_current_HSS_MB)
                  7004e52c    0000002c     ADS_adc.o (.text.adc_to_current_TPS)
                  7004e558    0000002c     libc.a : sscanf.c.obj (.text.vsscanf)
                  7004e584    00000028     nortos.am263px.r5f.ti-arm-clang.release.lib : ClockP_nortos.obj (.text.ClockP_sleepTicks)
                  7004e5ac    00000028     drivers.am263px.r5f.ti-arm-clang.release.lib : gpio.obj (.text.GPIO_setDirMode)
                  7004e5d4    00000028                                                  : mcspi_v0_lld.obj (.text.MCSPI_fifoReadMultiWord)
                  7004e5fc    00000028                                                  : soc.obj (.text.SOC_moduleSetClockFrequency)
                  7004e624    00000028     ADS_adc.o (.text.read_ext_ADC)
                  7004e64c    00000026     nortos.am263px.r5f.ti-arm-clang.release.lib : ClockP_nortos.obj (.text.ClockP_sleep)
                  7004e672    00000026     drivers.am263px.r5f.ti-arm-clang.release.lib : edma.obj (.text.EDMA_setPaRAM)
                  7004e698    00000026                                                  : i2c_v1_lld.obj (.text.I2C_lld_transferIntr)
                  7004e6be    00000026                                                  : i2c_v1_lld.obj (.text.I2C_lld_transferPoll)
                  7004e6e4    00000026                                                  : uart_dma_edma.obj (.text.UART_lld_dmaDisableChannel)
                  7004e70a    00000024                                                  : mcspi_v0_lld.obj (.text.MCSPI_fifoWriteMultiWord)
                  7004e72e    00000002     --HOLE-- [fill = 0]
                  7004e730    00000024                                                  : uart_v0_lld.obj (.text.UART_IsHWFlowCtrlValid)
                  7004e754    00000024                                                  : uart_v0_lld.obj (.text.UART_IsRxTrigLvlValid)
                  7004e778    00000024                                                  : uart_v0_lld.obj (.text.UART_IsTxTrigLvlValid)
                  7004e79c    00000024     libclang_rt.builtins.a : aeabi_uldivmod.S.obj (.text.__aeabi_uldivmod)
                  7004e7c0    00000024     int_adc.o (.text.int_adc_to_voltage)
                  7004e7e4    00000024     nortos.am263px.r5f.ti-arm-clang.release.lib : printf.obj (.text.vprintf_)
                  7004e808    00000022     drivers.am263px.r5f.ti-arm-clang.release.lib : edma.obj (.text.EDMA_linkChannel)
                  7004e82a    00000022                                                  : mcspi_v0_lld.obj (.text.MCSPI_transferPeripheralIntr)
                  7004e84c    00000022     ti_drivers_config.o (.text.System_deinit)
                  7004e86e    00000022     logger.o (.text.print_logs)
                  7004e890    00000020     nortos.am263px.r5f.ti-arm-clang.release.lib : DebugP_log.obj (.text.DebugP_logZoneEnable)
                  7004e8b0    00000020     drivers.am263px.r5f.ti-arm-clang.release.lib : i2c_v1_lld.obj (.text.I2C_lld_Message_init)
                  7004e8d0    00000020                                                  : mcspi_v0_lld.obj (.text.MCSPI_fifoRead32)
                  7004e8f0    00000020     nortos.am263px.r5f.ti-arm-clang.release.lib : TimerP_rti_priv.obj (.text.TimerP_Params_initPriv)
                  7004e910    00000020     drivers.am263px.r5f.ti-arm-clang.release.lib : uart_v0_lld.obj (.text.UART_getChar)
                  7004e930    0000001e     ti_board_open_close.o (.text.Board_driversOpen)
                  7004e94e    0000001e     ioexp_tca6424.o (.text.TCA6424_close)
                  7004e96c    0000001e     drivers.am263px.r5f.ti-arm-clang.release.lib : uart_v0_lld.obj (.text.UART_spaceAvail)
                  7004e98a    0000001e                                                  : uart_v0_lld.obj (.text.UART_statusIsDataReady)
                  7004e9a8    0000001c                                                  : i2c_v1.obj (.text.I2C_hwiFxn)
                  7004e9c4    0000001c                                                  : mcspi_v0_lld.obj (.text.MCSPI_fifoWrite32)
                  7004e9e0    0000001c                                                  : mcspi_v0_lld.obj (.text.MCSPI_getFifoTrigLvl)
                  7004e9fc    0000001c                                                  : mcspi_v0_lld.obj (.text.MCSPI_lld_deInit)
                  7004ea18    0000001c                                                  : soc_rcm.obj (.text.SOC_rcmIsR5FInLockStepMode)
                  7004ea34    0000001c     libc.a : sscanf.c.obj (.text._inpchar)
                  7004ea50    0000001c     main.o (.text.main)
                  7004ea6c    0000001c     libsysbm.a : hostrename.c.obj (.text.strcpy)
                  7004ea88    0000001c                : hostrename.c.obj (.text.strlen)
                  7004eaa4    0000001c     libc.a : memcpy32.S.obj (.text:TI_memcpy_small)
                  7004eac0    0000001a     nortos.am263px.r5f.ti-arm-clang.release.lib : CpuId_armv7r.obj (.text.CSL_armR5GetCpuID)
                  7004eada    0000001a     drivers.am263px.r5f.ti-arm-clang.release.lib : edma.obj (.text.EDMA_readEventStatusRegion)
                  7004eaf4    0000001a                                                  : uart_v0_lld.obj (.text.UART_enhanFuncEnable)
                  7004eb0e    00000002     --HOLE-- [fill = 0]
                  7004eb10    00000018                                                  : i2c_v1.obj (.text.I2C_deinit)
                  7004eb28    00000018                                                  : mcspi_v0.obj (.text.MCSPI_deinit)
                  7004eb40    00000018                                                  : mcspi_dma_edma.obj (.text.MCSPI_lld_dmaInit)
                  7004eb58    00000018     nortos.am263px.r5f.ti-arm-clang.release.lib : TimerP_rti_priv.obj (.text.TimerP_getCountPriv)
                  7004eb70    00000018     drivers.am263px.r5f.ti-arm-clang.release.lib : uart_v0.obj (.text.UART_deinit)
                  7004eb88    00000018     logger.o (.text.clear_logs)
                  7004eba0    00000018     libc.a : memset32.S.obj (.text:TI_memset_small)
                  7004ebb8    00000016     drivers.am263px.r5f.ti-arm-clang.release.lib : i2c_v1_lld.obj (.text.I2C_lld_Transaction_init)
                  7004ebce    00000016                                                  : mcspi_v0_lld.obj (.text.MCSPI_reset)
                  7004ebe4    00000016                                                  : uart_v0_lld.obj (.text.UART_IsTxRxFifoEmpty)
                  7004ebfa    00000016                                                  : uart_v0_lld.obj (.text.UART_getIntrIdentityStatus)
                  7004ec10    00000016                                                  : uart_v0_lld.obj (.text.UART_getRxError)
                  7004ec26    00000014     nortos.am263px.r5f.ti-arm-clang.release.lib : ClockP_nortos.obj (.text.ClockP_usecToTicks)
                  7004ec3a    00000014     drivers.am263px.r5f.ti-arm-clang.release.lib : edma.obj (.text.EDMA_getRegionId)
                  7004ec4e    00000014                                                  : uart_v0.obj (.text.UART_Transaction_init)
                  7004ec62    00000014                                                  : uart_v0_lld.obj (.text.UART_enhanFuncBitValRestore)
                  7004ec76    00000012                                                  : adc.obj (.text.ADC_setMode)
                  7004ec88    00000012                                                  : i2c_v1.obj (.text.I2C_LLD_transferCompleteCallback)
                  7004ec9a    00000012                                                  : uart_v0_lld.obj (.text.UART_hardwareFlowCtrlOptSet)
                  7004ecac    00000012                                                  : uart_v0_lld.obj (.text.UART_operatingModeSelect)
                  7004ecbe    00000012                                                  : uart_v0_lld.obj (.text.UART_readLineStatus)
                  7004ecd0    00000012     ti_dpl_config.o (.text.putchar_)
                  7004ece2    00000010     drivers.am263px.r5f.ti-arm-clang.release.lib : gpio.obj (.text.GPIO_bankIntrDisable)
                  7004ecf2    00000010                                                  : uart_v0_lld.obj (.text.UART_intr2Disable)
                  7004ed02    00000002     --HOLE-- [fill = 0]
                  7004ed04    00000010     libclang_rt.builtins.a : aeabi_memset.S.obj (.text.__aeabi_memset)
                  7004ed14    00000010     libc.a : sscanf.c.obj (.text._uninpchar)
                  7004ed24    00000010            : fputc.c.obj (.text.putchar)
                  7004ed34    0000000e     drivers.am263px.r5f.ti-arm-clang.release.lib : edma.obj (.text.EDMA_ccPaRAMEntry_init)
                  7004ed42    0000000e                                                  : gpio.obj (.text.GPIO_bankIntrEnable)
                  7004ed50    0000000e                                                  : i2c_v1.obj (.text.I2C_transferCallback)
                  7004ed5e    0000000e     ti_pinmux_config.o (.text.Pinmux_init)
                  7004ed6c    0000000e     ti_power_clock_config.o (.text.PowerClock_init)
                  7004ed7a    0000000c     nortos.am263px.r5f.ti-arm-clang.release.lib : ClockP_nortos.obj (.text.ClockP_getTicks)
                  7004ed86    0000000c                                                 : DebugP_uartLogWriter.obj (.text.DebugP_uartSetDrvIndex)
                  7004ed92    0000000c     drivers.am263px.r5f.ti-arm-clang.release.lib : edma.obj (.text.EDMA_isInitialized)
                  7004ed9e    00000002     --HOLE-- [fill = 0]
                  7004eda0    0000000c                                                  : i2c_v1.obj (.text.I2C_Transaction_init)
                  7004edac    0000000c                                                  : soc.obj (.text.SOC_getSelfCpuClk)
                  7004edb8    0000000c     ioexp_tca6424.o (.text.TCA6424_Params_init)
                  7004edc4    0000000c     libc.a : aeabi_portable.c.obj (.text.__aeabi_errno_addr)
                  7004edd0    0000000c     libclang_rt.builtins.a : aeabi_memset.S.obj (.text.__aeabi_memclr)
                  7004eddc    0000000c     libc.a : memory.c.obj (.text.malloc)
                  7004ede8    0000000c     nortos.am263px.r5f.ti-arm-clang.release.lib : CpuId_armv7r_asm.obj (.text)
                  7004edf4    0000000a                                                 : ClockP_nortos.obj (.text.ClockP_Params_init)
                  7004edfe    00000002     --HOLE-- [fill = 0]
                  7004ee00    0000000c     libc.a : strcmp32.S.obj (.text)
                  7004ee0c    0000000a     nortos.am263px.r5f.ti-arm-clang.release.lib : ClockP_nortos.obj (.text.ClockP_isActive)
                  7004ee16    0000000a                                                 : TimerP_rti_priv.obj (.text.TimerP_getReloadCountPriv)
                  7004ee20    0000000a                                                 : TimerP_rti_priv.obj (.text.TimerP_startPriv)
                  7004ee2a    0000000a     drivers.am263px.r5f.ti-arm-clang.release.lib : uart_v0_lld.obj (.text.UART_lld_Transaction_deInit)
                  7004ee34    00000008     libsysbm.a : hostexit.c.obj (.text.HOSTexit)
                  7004ee3c    00000008     nortos.am263px.r5f.ti-arm-clang.release.lib : TimerP_rti_priv.obj (.text.TimerP_clearOverflowIntPriv)
                  7004ee44    00000008                                                 : printf.obj (.text._out_char)
                  7004ee4c    00000006     drivers.am263px.r5f.ti-arm-clang.release.lib : edma.obj (.text.EDMA_isInterruptEnabled)
                  7004ee52    00000006                                                  : soc.obj (.text.SOC_moduleClockEnable)
                  7004ee58    00000006                                                  : soc_rcm.obj (.text.SOC_rcmGetCR5SysclkInFrequency)
                  7004ee5e    00000004     ti_power_clock_config.o (.text.PowerClock_deinit)
                  7004ee62    00000004     nortos.am263px.r5f.ti-arm-clang.release.lib : TimerP_rti_nortos.obj (.text.TimerP_Params_init)
                  7004ee66    00000004                                                 : TimerP_rti_nortos.obj (.text.TimerP_clearOverflowInt)
                  7004ee6a    00000004                                                 : TimerP_rti_nortos.obj (.text.TimerP_getCount)
                  7004ee6e    00000004                                                 : TimerP_rti_nortos.obj (.text.TimerP_getReloadCount)
                  7004ee72    00000004                                                 : TimerP_rti_nortos.obj (.text.TimerP_setup)
                  7004ee76    00000004                                                 : TimerP_rti_nortos.obj (.text.TimerP_start)
                  7004ee7a    00000002     --HOLE-- [fill = 0]
                  7004ee7c    00000004     libclang_rt.builtins.a : aeabi_div0.c.obj (.text.__aeabi_idiv0)
                  7004ee80    00000004                            : aeabi_div0.c.obj (.text.__aeabi_ldiv0)
                  7004ee84    00000004                            : aeabi_memcpy.S.obj (.text.__aeabi_memcpy)
                  7004ee88    00000004     libc.a : _lock.c.obj (.text._nop)
                  7004ee8c    00000004            : fseek.c.obj (.text.fseek)
                  7004ee90    00000004     libsysbm.a : remove.c.obj (.text.remove)
                  7004ee94    00000008     libclang_rt.builtins.a : aeabi_memcpy.S.obj (.tramp.__aeabi_memcpy.1)
                  7004ee9c    00000008     nortos.am263px.r5f.ti-arm-clang.release.lib : HwiP_armv7r_asm.obj (.tramp.HwiP_restore.1)
                  7004eea4    00000008                                                 : HwiP_armv7r_asm.obj (.tramp.HwiP_enable.1)
                  7004eeac    00000008                                                 : PmuP_armv7r_asm.obj (.tramp.PmuP_setUserEnable.1)
                  7004eeb4    00000008                                                 : PmuP_armv7r_asm.obj (.tramp.PmuP_enableCounters.1)
                  7004eebc    00000004     --HOLE-- [fill = 0]

.rodata    0    7004eec0    00002bc0     
                  7004eec0    000004b0     testing.o (.rodata.test_results)
                  7004f370    00000160     BQ25751.o (.rodata.bq25751_registers)
                  7004f4d0    00000101     libc.a : aeabi_ctype.S.obj (.rodata:__aeabi_ctype_table_)
                  7004f5d1    00000096     testing.o (.rodata.test_cases)
                  7004f667    00000001     logger.o (.rodata.str1.11170080405929493601.1)
                  7004f668    00000080     libc.a : strtod.c.obj (.rodata.digits)
                  7004f6e8    0000007a     ti_drivers_open_close.o (.rodata.str1.14200658025495415368.1)
                  7004f762    00000002     --HOLE-- [fill = 0]
                  7004f764    00000074     ti_dpl_config.o (.rodata.cfg)
                  7004f7d8    00000051     drivers.am263px.r5f.ti-arm-clang.release.lib : mcspi_v0.obj (.rodata.str1.26396439823528435241)
                  7004f829    00000007     libc.a : _scanfi.c.obj (.rodata._sproc_int.flit)
                  7004f830    00000050     nortos.am263px.r5f.ti-arm-clang.release.lib : printf.obj (.rodata._ftoa.pow10)
                  7004f880    00000048     drivers.am263px.r5f.ti-arm-clang.release.lib : soc_rcm.obj (.rodata.gADPLLJConfigTbl)
                  7004f8c8    00000048     libc.a : strtod.c.obj (.rodata.powerof10)
                  7004f910    00000048     BQ25751.o (.rodata.str1.14774090551701140490.1)
                  7004f958    00000048     BQ25856.o (.rodata.str1.792225484636118899.1)
                  7004f9a0    00000048     drivers.am263px.r5f.ti-arm-clang.release.lib : mcspi_v0_lld.obj (.rodata.str1.97363132707188488161)
                  7004f9e8    00000047     BQ25751.o (.rodata.str1.12706072285533335359.1)
                  7004fa2f    00000047     BQ25856.o (.rodata.str1.17452830622121482975.1)
                  7004fa76    0000003d     nortos.am263px.r5f.ti-arm-clang.release.lib : TimerP_rti_priv.obj (.rodata.str1.72163963154704191671)
                  7004fab3    0000003b     testing.o (.rodata.str1.13902908763734703229.1)
                  7004faee    0000003b     BQ25751.o (.rodata.str1.15351948885430041794.1)
                  7004fb29    0000003b     logger.o (.rodata.str1.15765208293925770228.1)
                  7004fb64    0000003b     testing.o (.rodata.str1.17746360623054601515.1)
                  7004fb9f    0000003b     BQ25856.o (.rodata.str1.6498109007845748154.1)
                  7004fbda    0000003b     testing.o (.rodata.str1.9663668549545128397.1)
                  7004fc15    0000003a     BQ25856.o (.rodata.str1.1125723703244764118.1)
                  7004fc4f    0000003a     testing.o (.rodata.str1.13404232100597892824.1)
                  7004fc89    0000003a     testing.o (.rodata.str1.14475428689845802839.1)
                  7004fcc3    0000003a     BQ25751.o (.rodata.str1.3951025446691905541.1)
                  7004fcfd    0000003a     testing.o (.rodata.str1.5333103860067079182.1)
                  7004fd37    00000039     testing.o (.rodata.str1.12712981990626671882.1)
                  7004fd70    00000038     logger.o (.rodata..Lswitch.table.print_log.27)
                  7004fda8    00000038     testing.o (.rodata.str1.13271957185734089466.1)
                  7004fde0    00000038     testing.o (.rodata.str1.1809024094263384077.1)
                  7004fe18    00000038     ti_drivers_open_close.o (.rodata.str1.2554706296470369595.1)
                  7004fe50    00000038     testing.o (.rodata.str1.9646216584914662902.1)
                  7004fe88    00000037     testing.o (.rodata.str1.12934025152450101698.1)
                  7004febf    00000037     testing.o (.rodata.str1.13753495736459524521.1)
                  7004fef6    00000037     nortos.am263px.r5f.ti-arm-clang.release.lib : SemaphoreP_nortos.obj (.rodata.str1.52751030918495836841)
                  7004ff2d    00000037     testing.o (.rodata.str1.912323090116748061.1)
                  7004ff64    00000036     ti_drivers_open_close.o (.rodata.str1.10252002122772422448.1)
                  7004ff9a    00000036     testing.o (.rodata.str1.1765844212525536965.1)
                  7004ffd0    00000036     testing.o (.rodata.str1.9310835370192816021.1)
                  70050006    00000035     BQ25856.o (.rodata.str1.13289053766905887436.1)
                  7005003b    00000035     BQ25751.o (.rodata.str1.13909236871274729330.1)
                  70050070    00000035     ti_drivers_open_close.o (.rodata.str1.17551203406305493380.1)
                  700500a5    00000035     ti_drivers_open_close.o (.rodata.str1.17665391694225509261.1)
                  700500da    00000035     BQ25751.o (.rodata.str1.2730883272908071265.1)
                  7005010f    00000035     BQ25856.o (.rodata.str1.7995244721850945903.1)
                  70050144    00000033     testing.o (.rodata.str1.8696649377706721793.1)
                  70050177    00000032     BQ25856.o (.rodata.str1.10414671138414579745.1)
                  700501a9    00000032     drivers.am263px.r5f.ti-arm-clang.release.lib : adc.obj (.rodata.str1.104222482920253680151)
                  700501db    00000032                                                  : adc.obj (.rodata.str1.137023953294967812531)
                  7005020d    00000032     BQ25751.o (.rodata.str1.8312350936966051270.1)
                  7005023f    00000031     BQ25751.o (.rodata.str1.1249517775944244852.1)
                  70050270    00000031     BQ25856.o (.rodata.str1.15489050132451458266.1)
                  700502a1    00000031     i2c_helper.o (.rodata.str1.6590778483916000382.1)
                  700502d2    00000030     BQ25751.o (.rodata.str1.10106629780682049060.1)
                  70050302    00000030     BQ25856.o (.rodata.str1.10243731268799205829.1)
                  70050332    00000030     BQ25856.o (.rodata.str1.17962396073544272735.1)
                  70050362    00000030     BQ25751.o (.rodata.str1.1820889172356602547.1)
                  70050392    00000030     BQ25856.o (.rodata.str1.5082595652625867718.1)
                  700503c2    00000030     ti_drivers_open_close.o (.rodata.str1.5293217666052239616.1)
                  700503f2    00000030     BQ25751.o (.rodata.str1.8003800691019726735.1)
                  70050422    0000002e     BQ25856.o (.rodata.str1.11154569111547305432.1)
                  70050450    0000002e     BQ25751.o (.rodata.str1.12958517175328886002.1)
                  7005047e    0000002e     BQ25856.o (.rodata.str1.14338968568037909906.1)
                  700504ac    0000002e     BQ25751.o (.rodata.str1.16455321582865690357.1)
                  700504da    0000002e     BQ25856.o (.rodata.str1.2207094062492082686.1)
                  70050508    0000002e     nortos.am263px.r5f.ti-arm-clang.release.lib : ClockP_nortos.obj (.rodata.str1.39419159632632580371)
                  70050536    0000002e     BQ25751.o (.rodata.str1.8443781089576892544.1)
                  70050564    0000002d     BQ25751.o (.rodata.str1.1275194715022805712.1)
                  70050591    0000002d     BQ25751.o (.rodata.str1.13143656991489871118.1)
                  700505be    0000002d     i2c_helper.o (.rodata.str1.13339857155982739385.1)
                  700505eb    0000002d     BQ25856.o (.rodata.str1.3292642858858668380.1)
                  70050618    0000002d     BQ25856.o (.rodata.str1.7239366430763322147.1)
                  70050645    0000002d     BQ25751.o (.rodata.str1.7430776718305622844.1)
                  70050672    00000006     libc.a : _scanfi.c.obj (.rodata._sproc_int.barr)
                  70050678    0000002c     drivers.am263px.r5f.ti-arm-clang.release.lib : i2c_v1.obj (.rodata.I2C_defaultTransaction)
                  700506a4    0000002c     i2c_helper.o (.rodata.str1.1142222398543706323.1)
                  700506d0    0000002c     BQ25751.o (.rodata.str1.12868114523665019615.1)
                  700506fc    0000002c     BQ25856.o (.rodata.str1.1365095078110829190.1)
                  70050728    0000002c     BQ25751.o (.rodata.str1.14581448127847459194.1)
                  70050754    0000002c     i2c_helper.o (.rodata.str1.5541145730006603107.1)
                  70050780    0000002c     BQ25751.o (.rodata.str1.7886701266418031715.1)
                  700507ac    0000002c     BQ25751.o (.rodata.str1.9017280232647772979.1)
                  700507d8    0000002c     BQ25856.o (.rodata.str1.9042339658583023608.1)
                  70050804    0000002b     BQ25856.o (.rodata.str1.11094402880587398397.1)
                  7005082f    0000002b     BQ25751.o (.rodata.str1.15589734765688486271.1)
                  7005085a    0000002b     BQ25856.o (.rodata.str1.16112850348045815110.1)
                  70050885    0000002b     BQ25751.o (.rodata.str1.5160441401641532227.1)
                  700508b0    0000002a     logger.o (.rodata.str1.6697840596852582545.1)
                  700508da    0000002a     BQ25751.o (.rodata.str1.7897313143695813649.1)
                  70050904    0000002a     nortos.am263px.r5f.ti-arm-clang.release.lib : DebugP_log.obj (.rodata.str1.8882360920750446361)
                  7005092e    00000028     BQ25751.o (.rodata.str1.1444569211857942851.1)
                  70050956    00000028     ti_drivers_open_close.o (.rodata.str1.1596297266130340916.1)
                  7005097e    00000028     ti_drivers_open_close.o (.rodata.str1.16112177131852734107.1)
                  700509a6    00000028     BQ25751.o (.rodata.str1.17894075944801656883.1)
                  700509ce    00000027     nortos.am263px.r5f.ti-arm-clang.release.lib : ClockP_nortos_r5.obj (.rodata.str1.91622226613999981811)
                  700509f5    00000026     i2c_helper.o (.rodata.str1.8566739563610922213.1)
                  70050a1b    00000025     ti_board_open_close.o (.rodata.str1.12245025114167949655.1)
                  70050a40    00000025     BQ25751.o (.rodata.str1.3974748969067114375.1)
                  70050a65    00000025     ti_drivers_open_close.o (.rodata.str1.7750254725308216577.1)
                  70050a8a    00000024     BQ25751.o (.rodata.str1.13505117214245943287.1)
                  70050aae    00000024     testing.o (.rodata.str1.1448113453728135492.1)
                  70050ad2    00000024     drivers.am263px.r5f.ti-arm-clang.release.lib : edma.obj (.rodata.str1.164918382464449145851)
                  70050af6    00000024     BQ25856.o (.rodata.str1.17151883366456074681.1)
                  70050b1a    00000023     ti_drivers_open_close.o (.rodata.str1.10490786615736436564.1)
                  70050b3d    00000023     BQ25751.o (.rodata.str1.12421258905385577217.1)
                  70050b60    00000023     nortos.am263px.r5f.ti-arm-clang.release.lib : ClockP_nortos_r5.obj (.rodata.str1.136646522816104227591)
                  70050b83    00000023     drivers.am263px.r5f.ti-arm-clang.release.lib : soc_rcm.obj (.rodata.str1.15813086600912413471)
                  70050ba6    00000023     BQ25856.o (.rodata.str1.4767447193301463323.1)
                  70050bc9    00000023     ti_board_open_close.o (.rodata.str1.760704006985994805.1)
                  70050bec    00000022     drivers.am263px.r5f.ti-arm-clang.release.lib : edma.obj (.rodata.str1.6611792697437713481)
                  70050c0e    00000021     nortos.am263px.r5f.ti-arm-clang.release.lib : ClockP_nortos_r5.obj (.rodata.str1.99041146818411950391)
                  70050c2f    00000001     --HOLE-- [fill = 0]
                  70050c30    00000020     drivers.am263px.r5f.ti-arm-clang.release.lib : uart_v0_lld.obj (.rodata.cst32)
                  70050c50    00000020     PDMtesting.o (.rodata.str1.10015848951539402881.1)
                  70050c70    00000020     drivers.am263px.r5f.ti-arm-clang.release.lib : uart_v0.obj (.rodata.str1.150767988884773108331)
                  70050c90    00000020     BQ25751.o (.rodata.str1.17511979226281833584.1)
                  70050cb0    0000001f     board.o (.rodata.str1.10881007155619371109.1)
                  70050ccf    0000001f     board.o (.rodata.str1.123550804358397101.1)
                  70050cee    0000001f     board.o (.rodata.str1.13738757807042593414.1)
                  70050d0d    0000001f     board.o (.rodata.str1.14465880841147386111.1)
                  70050d2c    0000001f     logger.o (.rodata.str1.14867204177169952558.1)
                  70050d4b    0000001f     board.o (.rodata.str1.1510811462892085231.1)
                  70050d6a    0000001f     board.o (.rodata.str1.16077883977509950417.1)
                  70050d89    0000001f     board.o (.rodata.str1.1696272589420159480.1)
                  70050da8    0000001f     board.o (.rodata.str1.18250802514644841805.1)
                  70050dc7    0000001f     nortos.am263px.r5f.ti-arm-clang.release.lib : SemaphoreP_nortos.obj (.rodata.str1.25281168886080794691)
                  70050de6    0000001f                                                 : ClockP_nortos_r5.obj (.rodata.str1.25349503636762439021)
                  70050e05    0000001f     board.o (.rodata.str1.5436337271421848948.1)
                  70050e24    0000001f     board.o (.rodata.str1.6418571003999367838.1)
                  70050e43    0000001f     board.o (.rodata.str1.6840234256597642108.1)
                  70050e62    0000001f     ti_drivers_open_close.o (.rodata.str1.871795152488895636.1)
                  70050e81    0000001f     board.o (.rodata.str1.9045895231722895584.1)
                  70050ea0    0000001f     board.o (.rodata.str1.9461189164499355904.1)
                  70050ebf    0000001e     board.o (.rodata.str1.10345935079445805060.1)
                  70050edd    0000001e     drivers.am263px.r5f.ti-arm-clang.release.lib : mcspi_v0.obj (.rodata.str1.144400815220210358851)
                  70050efb    0000001e     board.o (.rodata.str1.9453984286452795027.1)
                  70050f19    0000001d     nortos.am263px.r5f.ti-arm-clang.release.lib : TimerP_rti_priv.obj (.rodata.str1.114219152040444562951)
                  70050f36    0000001d                                                 : TimerP_rti_priv.obj (.rodata.str1.125174968193178473681)
                  70050f53    0000001d     ti_drivers_open_close.o (.rodata.str1.13083909648175487149.1)
                  70050f70    0000001d     drivers.am263px.r5f.ti-arm-clang.release.lib : uart_v0.obj (.rodata.str1.142814395268246240721)
                  70050f8d    0000001d                                                  : mcspi_v0.obj (.rodata.str1.171925388543524077211)
                  70050faa    0000001d     nortos.am263px.r5f.ti-arm-clang.release.lib : TimerP_rti_priv.obj (.rodata.str1.27974953896521033811)
                  70050fc7    00000001     --HOLE-- [fill = 0]
                  70050fc8    0000001c     BQ25751.o (.rodata..Lswitch.table.BQ25751_read_faults)
                  70050fe4    0000001c     logger.o (.rodata.str1.10253156068257962407.1)
                  70051000    0000001c     logger.o (.rodata.str1.12893940535876439382.1)
                  7005101c    0000001c     logger.o (.rodata.str1.16946937258229686214.1)
                  70051038    0000001b     logger.o (.rodata.str1.10289081750774512625.1)
                  70051053    0000001b     drivers.am263px.r5f.ti-arm-clang.release.lib : edma.obj (.rodata.str1.16266241636797238661)
                  7005106e    0000001b     nortos.am263px.r5f.ti-arm-clang.release.lib : ClockP_nortos.obj (.rodata.str1.47646432807403639741)
                  70051089    0000001b     ti_drivers_open_close.o (.rodata.str1.5509699957385355460.1)
                  700510a4    0000001b     logger.o (.rodata.str1.6452265960373237926.1)
                  700510bf    0000001a     drivers.am263px.r5f.ti-arm-clang.release.lib : edma.obj (.rodata.str1.124702968117785801901)
                  700510d9    0000001a     nortos.am263px.r5f.ti-arm-clang.release.lib : ClockP_nortos_r5.obj (.rodata.str1.133203246495064227641)
                  700510f3    0000001a     board.o (.rodata.str1.15102135329570516791.1)
                  7005110d    0000001a     BQ25751.o (.rodata.str1.15227057180538999327.1)
                  70051127    0000001a     drivers.am263px.r5f.ti-arm-clang.release.lib : soc_rcm.obj (.rodata.str1.153801437654618082741)
                  70051141    0000001a                                                  : mcspi_v0.obj (.rodata.str1.169212516063846095031)
                  7005115b    0000001a                                                  : i2c_v1.obj (.rodata.str1.65627606760091541251)
                  70051175    0000001a                                                  : mcspi_v0.obj (.rodata.str1.99640994410596514241)
                  7005118f    00000019     ti_drivers_open_close.o (.rodata.str1.14059614886583751700.1)
                  700511a8    00000019     nortos.am263px.r5f.ti-arm-clang.release.lib : TimerP_rti_priv.obj (.rodata.str1.160914699991520874261)
                  700511c1    00000019     ti_drivers_open_close.o (.rodata.str1.7332975063418302059.1)
                  700511da    00000002     --HOLE-- [fill = 0]
                  700511dc    00000018     drivers.am263px.r5f.ti-arm-clang.release.lib : soc.obj (.rodata..Lswitch.table.SOC_getAdcReferenceStatus)
                  700511f4    00000004     nortos.am263px.r5f.ti-arm-clang.release.lib : CacheP_armv7r.obj (.rodata.gCacheL1dCacheLineSize)
                  700511f8    00000018     drivers.am263px.r5f.ti-arm-clang.release.lib : i2c_v1_lld.obj (.rodata.I2C_lld_defaultMessage)
                  70051210    00000018                                                  : soc_rcm.obj (.rodata.gControlssPllClkSrcValMap)
                  70051228    00000018                                                  : soc_rcm.obj (.rodata.gCptsClkSrcValMap)
                  70051240    00000018                                                  : soc_rcm.obj (.rodata.gI2cClkSrcValMap)
                  70051258    00000018                                                  : soc_rcm.obj (.rodata.gLinUartClkSrcValMap)
                  70051270    00000018                                                  : soc_rcm.obj (.rodata.gPeripheralClkSrcInfoMap)
                  70051288    00000018                                                  : soc_rcm.obj (.rodata.gRtiClkSrcValMap)
                  700512a0    00000018                                                  : soc_rcm.obj (.rodata.gWdtClkSrcValMap)
                  700512b8    00000018     BQ25751.o (.rodata.str1.10095525046290625685.1)
                  700512d0    00000018     drivers.am263px.r5f.ti-arm-clang.release.lib : i2c_v1.obj (.rodata.str1.10394555129776590081)
                  700512e8    00000018                                                  : i2c_v1.obj (.rodata.str1.145046381417982596211)
                  70051300    00000018                                                  : i2c_v1.obj (.rodata.str1.146157486204483244751)
                  70051318    00000018     BQ25856.o (.rodata.str1.18403151905249693661.1)
                  70051330    00000018     logger.o (.rodata.str1.516959638814628545.1)
                  70051348    00000018     logger.o (.rodata.str1.5671237403414969566.1)
                  70051360    00000018     logger.o (.rodata.str1.887488774559121338.1)
                  70051378    00000018     drivers.am263px.r5f.ti-arm-clang.release.lib : uart_v0.obj (.rodata.str1.9069738176458784971)
                  70051390    00000018     BQ25751.o (.rodata.str1.9421605849956869534.1)
                  700513a8    00000018     logger.o (.rodata.str1.998270875404085501.1)
                  700513c0    00000017     ADS_adc.o (.rodata.str1.10043506777178288082.1)
                  700513d7    00000017     logger.o (.rodata.str1.10127394157737690499.1)
                  700513ee    00000017     i2c_helper.o (.rodata.str1.11017991858036563943.1)
                  70051405    00000017     drivers.am263px.r5f.ti-arm-clang.release.lib : soc_rcm.obj (.rodata.str1.141251745167226470741)
                  7005141c    00000017     ti_drivers_open_close.o (.rodata.str1.1628183244885117158.1)
                  70051433    00000017     logger.o (.rodata.str1.9485715002722841782.1)
                  7005144a    00000016     PDMtesting.o (.rodata.str1.10577412323663350067.1)
                  70051460    00000016     drivers.am263px.r5f.ti-arm-clang.release.lib : soc_rcm.obj (.rodata.str1.107645048611228328791)
                  70051476    00000016     PDMtesting.o (.rodata.str1.12143205621091433229.1)
                  7005148c    00000016     logger.o (.rodata.str1.1246197995540081341.1)
                  700514a2    00000016     BQ25751.o (.rodata.str1.1271360048684525176.1)
                  700514b8    00000016     logger.o (.rodata.str1.14246187852812087945.1)
                  700514ce    00000016     drivers.am263px.r5f.ti-arm-clang.release.lib : soc_rcm.obj (.rodata.str1.177369307189295936511)
                  700514e4    00000016                                                  : soc_rcm.obj (.rodata.str1.63555232926284281011)
                  700514fa    00000016                                                  : mcspi_v0.obj (.rodata.str1.85423015064808713541)
                  70051510    00000015     ti_drivers_open_close.o (.rodata.str1.11521962449680083383.1)
                  70051525    00000015     drivers.am263px.r5f.ti-arm-clang.release.lib : edma.obj (.rodata.str1.149652404363315708211)
                  7005153a    00000015     ti_drivers_open_close.o (.rodata.str1.17912154466570466874.1)
                  7005154f    00000015     drivers.am263px.r5f.ti-arm-clang.release.lib : adc.obj (.rodata.str1.20431844208594508061)
                  70051564    00000015     nortos.am263px.r5f.ti-arm-clang.release.lib : SemaphoreP_nortos.obj (.rodata.str1.30861210816963497001)
                  70051579    00000015     BQ25751.o (.rodata.str1.453300746779397769.1)
                  7005158e    00000015     logger.o (.rodata.str1.8545315102583907144.1)
                  700515a3    00000014     drivers.am263px.r5f.ti-arm-clang.release.lib : mcspi_v0_lld.obj (.rodata.str1.147988882001261723701)
                  700515b7    00000014                                                  : edma.obj (.rodata.str1.176595599180530855901)
                  700515cb    00000014                                                  : mcspi_v0.obj (.rodata.str1.34611452835214624521)
                  700515df    00000014     ti_drivers_open_close.o (.rodata.str1.3622116258035701796.1)
                  700515f3    00000014     drivers.am263px.r5f.ti-arm-clang.release.lib : edma.obj (.rodata.str1.41785049815304208531)
                  70051607    00000014                                                  : edma.obj (.rodata.str1.93700429500326477781)
                  7005161b    00000013                                                  : soc_rcm.obj (.rodata.str1.30734103837947208761)
                  7005162e    00000013     testing.o (.rodata.str1.761491514650110821.1)
                  70051641    00000013     testing.o (.rodata.str1.8954517940817656586.1)
                  70051654    00000013     drivers.am263px.r5f.ti-arm-clang.release.lib : uart_v0.obj (.rodata.str1.9980655952161290391)
                  70051667    00000012                                                  : uart_v0.obj (.rodata.str1.166492982902436568231)
                  70051679    00000012                                                  : uart_v0.obj (.rodata.str1.171120843061886446841)
                  7005168b    00000012                                                  : edma.obj (.rodata.str1.41579851849113419871)
                  7005169d    00000012     BQ25856.o (.rodata.str1.5451804751329502844.1)
                  700516af    00000012     BQ25751.o (.rodata.str1.5958878973536578819.1)
                  700516c1    00000012     ti_drivers_open_close.o (.rodata.str1.6538372684047993024.1)
                  700516d3    00000012     drivers.am263px.r5f.ti-arm-clang.release.lib : soc_rcm.obj (.rodata.str1.67217821191364965911)
                  700516e5    00000011     BQ25856.o (.rodata.str1.11534990111546798960.1)
                  700516f6    00000011     drivers.am263px.r5f.ti-arm-clang.release.lib : edma.obj (.rodata.str1.117215064595961288031)
                  70051707    00000011     ti_drivers_open_close.o (.rodata.str1.12213835641041270557.1)
                  70051718    00000011     logger.o (.rodata.str1.13406532556922755089.1)
                  70051729    00000011     drivers.am263px.r5f.ti-arm-clang.release.lib : uart_v0.obj (.rodata.str1.16967668833904919061)
                  7005173a    00000011     BQ25751.o (.rodata.str1.17099517407219647408.1)
                  7005174b    00000011     drivers.am263px.r5f.ti-arm-clang.release.lib : edma.obj (.rodata.str1.28692048193800818901)
                  7005175c    00000011     nortos.am263px.r5f.ti-arm-clang.release.lib : ClockP_nortos.obj (.rodata.str1.37923443167824241621)
                  7005176d    00000011                                                 : TimerP_rti_priv.obj (.rodata.str1.44101942245516082551)
                  7005177e    00000011     logger.o (.rodata.str1.4633242734696342979.1)
                  7005178f    00000011     ti_drivers_open_close.o (.rodata.str1.6292539624901818759.1)
                  700517a0    00000010     drivers.am263px.r5f.ti-arm-clang.release.lib : soc.obj (.rodata.cst16)
                  700517b0    00000010                                                  : mcspi_v0.obj (.rodata.str1.153145657127816401141)
                  700517c0    00000010     ti_drivers_open_close.o (.rodata.str1.15574074207268991336.1)
                  700517d0    00000010     drivers.am263px.r5f.ti-arm-clang.release.lib : edma.obj (.rodata.str1.18778444954996405781)
                  700517e0    00000010                                                  : i2c_v1.obj (.rodata.str1.55879311564180241041)
                  700517f0    00000010     ti_drivers_open_close.o (.rodata.str1.6437641722977580707.1)
                  70051800    0000000f     drivers.am263px.r5f.ti-arm-clang.release.lib : edma.obj (.rodata.str1.111354322338949310841)
                  7005180f    0000000f                                                  : edma.obj (.rodata.str1.144551280152329776181)
                  7005181e    0000000f                                                  : i2c_v1.obj (.rodata.str1.20248951868514646131)
                  7005182d    0000000f                                                  : edma.obj (.rodata.str1.2759273541325923811)
                  7005183c    0000000f                                                  : mcspi_v0.obj (.rodata.str1.43973954253821070511)
                  7005184b    0000000f     board.o (.rodata.str1.834004997606947946.1)
                  7005185a    0000000f     drivers.am263px.r5f.ti-arm-clang.release.lib : edma.obj (.rodata.str1.92547749779646142691)
                  70051869    0000000e                                                  : edma.obj (.rodata.str1.19244332700943948511)
                  70051877    0000000e                                                  : edma.obj (.rodata.str1.46057082369026546831)
                  70051885    0000000e                                                  : edma.obj (.rodata.str1.46782315602798139861)
                  70051893    0000000e     ti_drivers_open_close.o (.rodata.str1.5205884736402799790.1)
                  700518a1    0000000d     ti_drivers_open_close.o (.rodata.str1.10450075619424269387.1)
                  700518ae    0000000d     drivers.am263px.r5f.ti-arm-clang.release.lib : edma.obj (.rodata.str1.121775923823351643201)
                  700518bb    0000000d     ti_drivers_open_close.o (.rodata.str1.16905510790704221133.1)
                  700518c8    0000000d     nortos.am263px.r5f.ti-arm-clang.release.lib : TimerP_rti_priv.obj (.rodata.str1.31870447354226168941)
                  700518d5    0000000d     drivers.am263px.r5f.ti-arm-clang.release.lib : adc.obj (.rodata.str1.70150695697723348971)
                  700518e2    0000000d     testing.o (.rodata.str1.9119961215068324276.1)
                  700518ef    00000001     --HOLE-- [fill = 0]
                  700518f0    0000000c     drivers.am263px.r5f.ti-arm-clang.release.lib : mcspi_v0_lld.obj (.rodata..Lswitch.table.MCSPI_lld_controllerIsr.1)
                  700518fc    0000000c                                                  : mcspi_v0_lld.obj (.rodata..Lswitch.table.MCSPI_lld_controllerIsr)
                  70051908    0000000c                                                  : soc.obj (.rodata..Lswitch.table.SOC_enableAdcReferenceMonitor)
                  70051914    0000000c     logger.o (.rodata..Lswitch.table.print_log)
                  70051920    0000000c     nortos.am263px.r5f.ti-arm-clang.release.lib : ClockP_nortos_r5.obj (.rodata.str1.177642182983587376931)
                  7005192c    0000000c     BQ25751.o (.rodata.str1.2018570541276964866.1)
                  70051938    0000000c     drivers.am263px.r5f.ti-arm-clang.release.lib : mcspi_v0.obj (.rodata.str1.69169362540279301091)
                  70051944    0000000c                                                  : edma.obj (.rodata.str1.73371482538137472541)
                  70051950    0000000c     logger.o (.rodata.str1.7498274428696469886.1)
                  7005195c    0000000b     drivers.am263px.r5f.ti-arm-clang.release.lib : mcspi_v0.obj (.rodata.str1.169287378047891341191)
                  70051967    0000000b                                                  : uart_v0.obj (.rodata.str1.174466331461201984741)
                  70051972    0000000b                                                  : uart_v0.obj (.rodata.str1.23952661867579505821)
                  7005197d    0000000b                                                  : mcspi_v0.obj (.rodata.str1.248655060218483491)
                  70051988    0000000b     board.o (.rodata.str1.673658226405435322.1)
                  70051993    0000000b     drivers.am263px.r5f.ti-arm-clang.release.lib : edma.obj (.rodata.str1.8716574913843167321)
                  7005199e    0000000a                                                  : soc_rcm.obj (.rodata.str1.102656642322745120751)
                  700519a8    0000000a                                                  : edma.obj (.rodata.str1.11281620503267214511)
                  700519b2    0000000a     logger.o (.rodata.str1.13114922096505101489.1)
                  700519bc    0000000a     drivers.am263px.r5f.ti-arm-clang.release.lib : uart_v0.obj (.rodata.str1.4680544719311723101)
                  700519c6    0000000a                                                  : uart_v0.obj (.rodata.str1.62285611621840673441)
                  700519d0    0000000a                                                  : edma.obj (.rodata.str1.94390198658697638781)
                  700519da    0000000a                                                  : i2c_v1.obj (.rodata.str1.97456980245303321621)
                  700519e4    0000000a                                                  : uart_v0.obj (.rodata.str1.98976386761529848021)
                  700519ee    00000009     libc.a : _scanfi.c.obj (.rodata.str1.12964984209033246150.1)
                  700519f7    00000009     drivers.am263px.r5f.ti-arm-clang.release.lib : i2c_v1.obj (.rodata.str1.60490558749180274121)
[...]
700490c1  UART_read                          
700492cf  ClockP_init                        
700493d5  UART_lld_dmaWrite                  
700494d9  MCSPI_close                        
700495d9  UART_write                         
700496d5  MCSPI_lld_initDma                  
700497c8  fputc                              
7004999f  MCSPI_lld_readWriteDma             
70049a85  init_global_interrupts             
70049b5b  init_gpio                          
70049d05  print_log                          
70049dd9  EDMA_unregisterIntr                
70049ea9  UART_lld_initDma                   
70049f74  getdevice                          
7004a03d  I2C_lld_mem_write                  
7004a1c5  MCSPI_lld_init                     
7004a289  BQ25751_read_reg                   
7004a349  BQ25856_read_reg                   
7004a409  I2C_lld_mem_read                   
7004a4c9  UART_lld_init                      
7004a589  TCA6424_config                     
7004a647  TCA6424_setOutput                  
7004a705  EDMA_registerIntr                  
7004a7c0  fseeko                             
7004a874  __TI_closefile                     
7004ab2d  DebugP_readLine                    
7004ac7b  UART_lld_read                      
7004adc9  I2C_close                          
7004ae6d  I2C_lld_mem_readIntr               
7004af11  I2C_lld_mem_writeIntr              
7004b059  EDMA_freeDmaChannel                
7004b0f9  EDMA_freeParam                     
7004b199  EDMA_freeTcc                       
7004b238  HOSTrename                         
7004b2d9  UART_lld_dmaRead                   
7004b379  UART_lld_readIntr                  
7004b414  __TI_wrt_ok                        
7004b4b1  Board_ioexpOpen                    
7004b54c  HOSTlseek                          
7004b67d  BQ25751_write_reg                  
7004b713  BQ25856_write_reg                  
7004b7a9  SemaphoreP_pend                    
7004b83f  EDMA_configureChannelRegion        
7004b8d4  HOSTopen                           
7004b969  I2C_lld_init                       
7004b9fd  SPI_ReadWrite                      
7004ba91  UART_lld_readWithCounter           
7004bb25  Drivers_open                       
7004bcd3  MCSPI_lld_peripheralIsr            
7004bd60  close                              
7004bded  i2c_read_error_handler             
7004be79  ADC_setPPBTripLimits               
7004bf01  UART_init                          
7004bf89  UART_procLineStatusErr             
7004c010  __TI_doflush                       
7004c098  HOSTread                           
7004c11c  HOSTwrite                          
7004c225  EDMA_close                         
7004c2a5  UART_flushTxFifo                   
7004c325  Drivers_mcspiOpen                  
7004c49f  MCSPI_initiateLastChunkTransfer    
7004c519  MCSPI_init                         
7004c679  MCSPI_stop                         
7004c6eb  MCSPI_lld_dmaStop                  
7004c75b  BQ25751_read_faults                
7004c7c9  EDMA_disableTransferRegion         
7004c837  EDMA_enableTransferRegion          
7004c8a4  HOSTunlink                         
7004c911  UART_lld_writeDma                  
7004c97d  Drivers_i2cOpen                    
7004c9e7  UART_lld_readDma                   
7004ca4f  UART_lld_writeIntr                 
7004cab8  atoi                               
7004cb21  digitalWrite                       
7004cb89  CycleCounterP_init                 
7004cb99  CycleCounterP_reset                
7004cbbd  CycleCounterP_nsToTicks            
7004cbe9  CycleCounterP_enableUserAccess     
7004cbf1  SOC_controlModuleUnlockMMR         
7004cc55  add_log                            
7004ccb9  init_interrupt                     
7004cd1d  BQ25856_init                       
7004cd80  HOSTclose                          
7004cde1  ClockP_timerTickIsr                
7004ce3f  MCSPI_setChDataSize                
7004ce9d  GPIO_setTrigType                   
7004cf55  SOC_controlModuleLockMMR           
7004cfb1  _DebugP_assert                     
7004d064  __TI_cleanup                       
7004d0bc  __TI_readmsg                       
7004d114  __TI_writemsg                      
7004d160  C$$IO$$                            
7004d16d  print_pending_logs                 
7004d1c5  ClockP_getTimeUsec                 
7004d21b  UART_intrDisable                   
7004d271  UART_readCancelNoCB                
7004d2c7  UART_writeCancelNoCB               
7004d31d  Dpl_init                           
7004d370  exit                               
7004d3c4  finddevice                         
7004d418  __TI_auto_init_nobinit_nopinit     
7004d46d  AddrTranslateP_getLocalAddr        
7004d511  MCSPI_lld_deInitDma                
7004d563  BQ25751_print_register_dump        
7004d5b3  ClockP_construct                   
7004d605  EDMA_allocDmaChannel               
7004d655  EDMA_allocParam                    
7004d6a5  EDMA_allocTcc                      
7004d743  Drivers_edmaOpen                   
7004d791  Drivers_uartOpen                   
7004d7df  EDMA_disableChInShadowRegRegion    
7004d82d  MCSPI_transferCallback             
7004d8c5  SOC_enableAdcReferenceMonitor      
7004d911  SOC_enableAdcGlobalForce           
7004d959  SOC_enableAdcInternalReference     
7004d9e8  unlink                             
7004dabd  SOC_getAdcReferenceStatus          
7004db01  UART_Params_init                   
7004db45  UART_lld_deInitDma                 
7004db89  ClockP_stop                        
7004dbc9  EDMA_mapChToEvtQ                   
7004dc09  Pinmux_config                      
7004dc49  SemaphoreP_constructBinary         
7004dc89  UART_lld_deInit                    
7004dd47  SemaphoreP_constructMutex          
7004dd85  EDMA_getBaseAddr                   
7004ddfd  ClockP_destruct                    
7004de37  DebugP_uartLogWriterPutChar        
7004de71  Module_clockSetFrequency           
7004deab  TCA6424_open                       
7004dee5  UART_lld_flushTxFifo               
7004df1f  BQ25751_init                       
7004df91  _DebugP_logZone                    
7004dfc8  CycleCounterP_getCount32           
7004dfd0  PmuP_setup                         
7004dfd8  PmuP_enableCounters                
7004dfe0  PmuP_disableCounters               
7004dfe8  PmuP_getOverflowStatus             
7004dff0  PmuP_clearOverflowStatus           
7004dff8  PmuP_setUserEnable                 
7004e001  EDMA_clrMissEvtRegion              
7004e037  ClockP_start                       
7004e06d  I2C_init                           
7004e0a1  MCSPI_errorCallback                
7004e0d5  Module_clockDisable                
7004e109  Module_clockEnable                 
7004e13d  SOC_enableAdcDacLoopback           
7004e1d8  lseek                              
7004e20c  write                              
7004e241  ClockP_usleep                      
7004e273  EDMA_unmapChToEvtQ                 
7004e2a5  SemaphoreP_post                    
7004e2d7  DebugP_scanf                       
7004e369  adc_to_current_LM74930             
7004e399  EDMA_enableChInShadowRegRegion     
7004e3c7  I2C_lld_deInit                     
7004e3f5  System_init                        
7004e451  DebugP_shmLogReaderInit            
7004e47d  I2C_getHandle                      
7004e4a9  SOC_rcmGetR5Clock                  
7004e4d5  UART_getHandle                     
7004e501  adc_to_current_HSS_MB              
7004e52d  adc_to_current_TPS                 
7004e558  vsscanf                            
7004e5ad  GPIO_setDirMode                    
7004e5fd  SOC_moduleSetClockFrequency        
7004e625  read_ext_ADC                       
7004e64d  ClockP_sleep                       
7004e673  EDMA_setPaRAM                      
7004e699  I2C_lld_transferIntr               
7004e6bf  I2C_lld_transferPoll               
7004e6e5  UART_lld_dmaDisableChannel         
7004e79c  __aeabi_uldivmod                   
7004e7c1  int_adc_to_voltage                 
7004e7e5  vprintf_                           
7004e809  EDMA_linkChannel                   
7004e84d  System_deinit                      
7004e86f  print_logs                         
7004e891  DebugP_logZoneEnable               
7004e8b1  I2C_lld_Message_init               
7004e8f1  TimerP_Params_initPriv             
7004e911  UART_getChar                       
7004e931  Board_driversOpen                  
7004e94f  TCA6424_close                      
7004e96d  UART_spaceAvail                    
7004e9fd  MCSPI_lld_deInit                   
7004ea19  SOC_rcmIsR5FInLockStepMode         
7004ea51  main                               
7004eaa4  TI_memcpy_small                    
7004eac1  CSL_armR5GetCpuID                  
7004eadb  EDMA_readEventStatusRegion         
7004eb11  I2C_deinit                         
7004eb29  MCSPI_deinit                       
7004eb41  MCSPI_lld_dmaInit                  
7004eb59  TimerP_getCountPriv                
7004eb71  UART_deinit                        
7004eb89  clear_logs                         
7004eba0  TI_memset_small                    
7004ebb9  I2C_lld_Transaction_init           
7004ebcf  MCSPI_reset                        
7004ebe5  UART_IsTxRxFifoEmpty               
7004ebfb  UART_getIntrIdentityStatus         
7004ec27  ClockP_usecToTicks                 
7004ec3b  EDMA_getRegionId                   
7004ec4f  UART_Transaction_init              
7004ec77  ADC_setMode                        
7004ecad  UART_operatingModeSelect           
7004ecbf  UART_readLineStatus                
7004ecd1  putchar_                           
7004ece3  GPIO_bankIntrDisable               
7004ecf3  UART_intr2Disable                  
7004ed04  __aeabi_memset                     
7004ed04  __aeabi_memset4                    
7004ed04  __aeabi_memset8                    
7004ed24  putchar                            
7004ed35  EDMA_ccPaRAMEntry_init             
7004ed43  GPIO_bankIntrEnable                
7004ed5f  Pinmux_init                        
7004ed6d  PowerClock_init                    
7004ed7b  ClockP_getTicks                    
7004ed87  DebugP_uartSetDrvIndex             
7004ed93  EDMA_isInitialized                 
7004eda1  I2C_Transaction_init               
7004edad  SOC_getSelfCpuClk                  
7004edb9  TCA6424_Params_init                
7004edc4  __aeabi_errno_addr                 
7004edd0  __aeabi_memclr                     
7004edd0  __aeabi_memclr4                    
7004edd0  __aeabi_memclr8                    
7004eddc  malloc                             
7004ede8  CSL_armR5ReadMpidrReg              
7004edf5  ClockP_Params_init                 
7004ee0d  ClockP_isActive                    
7004ee17  TimerP_getReloadCountPriv          
7004ee21  TimerP_startPriv                   
7004ee2b  UART_lld_Transaction_deInit        
7004ee34  C$$EXIT                            
7004ee34  HOSTexit                           
7004ee3d  TimerP_clearOverflowIntPriv        
7004ee4d  EDMA_isInterruptEnabled            
7004ee53  SOC_moduleClockEnable              
7004ee5f  PowerClock_deinit                  
7004ee63  TimerP_Params_init                 
7004ee67  TimerP_clearOverflowInt            
7004ee6b  TimerP_getCount                    
7004ee6f  TimerP_getReloadCount              
7004ee73  TimerP_setup                       
7004ee77  TimerP_start                       
7004ee7c  __aeabi_idiv0                      
7004ee80  __aeabi_ldiv0                      
7004ee84  __aeabi_memcpy                     
7004ee84  __aeabi_memcpy4                    
7004ee84  __aeabi_memcpy8                    
7004ee88  _nop                               
7004ee8c  fseek                              
7004ee90  remove                             
7004eec0  test_results                       
7004f370  bq25751_registers                  
7004f4d0  __aeabi_ctype_table_               
7004f4d0  __aeabi_ctype_table_C              
7004f5d1  test_cases                         
7004f764  gCacheConfig                       
7004f76c  gMpuConfig                         
7004f778  gMpuRegionConfig                   
7004f880  gADPLLJConfigTbl                   
70050678  I2C_defaultTransaction             
700511f4  gCacheL1dCacheLineSize             
700511f8  I2C_lld_defaultMessage             
70051270  gPeripheralClkSrcInfoMap           
70051a48  gCacheL1pCacheLineSize             
70051a80  __BSS_START                        
70051a80  logs                               
70052700  gHwiCtrl                           
70054020  _CIOBUF_                           
70054020  __CIOBUF_                          
70054140  intr_objects                       
700543d4  __TI_tmpnams                       
70054474  gDebugShmLogReaderCtrl             
70054508  gClockCtrl                         
70054540  virtToPhymap                       
70054550  gI2cHandle                         
7005455c  parmbuf                            
70054564  gMcspiHandle                       
7005456c  gEdmaHandle                        
70054570  gUartHandle                        
70054576  BQ25751_timer_en                   
70054578  __BSS_END                          
70054578  _sys_memory                        
7005c578  __stack                            
70060578  __STACK_END                        
70060579  HwiP_enableInt                     
700605a1  HwiP_disableInt                    
700605d3  HwiP_restoreInt                    
70060629  HwiP_clearInt                      
70060649  HwiP_post                          
70060671  HwiP_Params_init                   
70060683  HwiP_construct                     
700607cb  HwiP_destruct                      
7006089d  HwiP_init                          
7006095f  HwiP_inISR                         
7006097b  HwiP_irq_handler_c                 
700609ff  HwiP_fiq_handler                   
70060aaf  HwiP_reserved_handler              
70060add  HwiP_undefined_handler_c           
70060afb  HwiP_user_undefined_handler_c      
70060b0f  HwiP_svc_handler                   
70060b3d  HwiP_prefetch_abort_handler_c      
70060bb7  HwiP_user_prefetch_abort_handler_c 
70060bc7  HwiP_data_abort_handler_c          
70060c47  HwiP_user_data_abort_handler_c     
70060c58  HwiP_irq_handler                   
70060ccc  HwiP_data_abort_handler            
70060d10  HwiP_prefetch_abort_handler        
70060d5c  HwiP_undefined_handler             
70060d8c  GET_DFSR                           
70060d94  GET_ADFSR                          
70060d9c  GET_DFAR                           
70060da4  GET_IFSR                           
70060dac  GET_AIFSR                          
70060db4  GET_IFAR                           
70060dbc  GET_SPSR                           
70060dd4  HwiP_disable                       
70060de4  HwiP_disableFIQ                    
70060df4  HwiP_enable                        
70060e04  HwiP_enableFIQ                     
70060e14  HwiP_restore                       
70060e1c  HwiP_enableVIC                     
70060e2c  HwiP_disableVIC                    
70060e3c  HwiP_getCPSR                       
70060e50  CacheP_disableL1d                  
70060e78  CacheP_disableL1p                  
70060e90  CacheP_enableL1d                   
70060ea8  CacheP_enableL1p                   
70060ec0  CacheP_invL1d                      
70060ef8  CacheP_invL1p                      
70060f34  CacheP_invL1dAll                   
70060f3c  CacheP_invL1pAll                   
70060f44  CacheP_wb                          
70060f80  CacheP_wbInv                       
70060fbc  CacheP_wbAll                       
70061064  CacheP_wbInvAll                    
7006107c  CacheP_wbInvAllAsm                 
7006111c  CacheP_getEnabled                  
70061154  CacheP_getCacheLevelInfo           
70061160  CacheP_configForceWrThru           
70061180  CacheP_setDLFO                     
70061191  CacheP_init                        
700611e9  CacheP_disable                     
70061223  CacheP_enable                      
70061243  CacheP_inv                         
70061281  MpuP_getAttrs                      
700612c1  MpuP_RegionAttrs_init              
700612cf  MpuP_setRegion                     
70061349  MpuP_isEnable                      
7006134d  MpuP_disable                       
7006137f  MpuP_enable                        
700613bb  MpuP_init                          
7006141d  MpuP_isUserAuthorizedToAccessMemory
70061484  MpuP_disableAsm                    
7006149c  MpuP_disableBRAsm                  
700614ac  MpuP_enableAsm                     
700614c4  MpuP_enableBRAsm                   
700614d4  MpuP_isEnableAsm                   
700614e8  MpuP_setRegionAsm                  
70061510  _c_int00_sbl                       
70061534  _c_int00                           
70061655  _DebugP_assertNoLog                
70061673  _system_pre_init                   
7006168f  __mpu_init                         
700616a0  abort                              
700616a8  gMcspiDmaHandle                    
700616a8  gUartDmaHandle                     
700617a0  _ftable                            
70061aec  intr_pins                          
70061b6c  _device                            
70061be4  gUartParams                        
70061c3c  _stream                            
70061d1c  gSpi0ChCfg                         
70061d5c  gSpi1ChCfg                         
70061d9c  gSocModulesClockFrequency          
70061dd8  gMcspiOpenParams                   
70061e00  gI2cParams                         
70061e24  ext_adc0                           
70061e40  ext_adc1                           
70061e5c  gClockConfig                       
70061e74  gI2cConfig                         
70061e8c  gSocModules                        
70061ea0  gMcspiConfig                       
70061eb0  gAddrTranslateConfig               
70061ebc  __TI_cleanup_ptr                   
70061ec0  __TI_dtors_ptr                     
70061ec4  __TI_ft_end                        
70061ec8  BQ25751_timer                      
70061ed0  gConfigMcspiChCfg                  
70061ed8  gEdmaConfig                        
70061ee0  gEdmaParams                        
70061ee8  gMcspiDmaChConfig                  
70061ef0  gMcspiNumCh                        
70061f00  gUartConfig                        
70061f10  __aeabi_errno                      
70061f14  _lock                              
70061f18  _unlock                            
70061f1c  gDebugLogZone                      
70061f20  gDebugP_uartDrvIndex               
70061f24  gEdmaConfigNum                     
70061f28  gHwiConfig                         
70061f2c  gI2cConfigNum                      
70061f30  gMcspiConfigNum                    
70061f34  gUartConfigNum                     
70061f38  gUartDmaChConfig                   
70061f3c  test                               
70061f42  logs_length                        
70061f45  isMapAvailable                     
70061f50  __IRQ_STACK_START                  
70062050  __FIQ_STACK_START                  
70062050  __IRQ_STACK_END                    
70062150  __FIQ_STACK_END                    
70062150  __SVC_STACK_START                  
70063150  __ABORT_STACK_START                
70063150  __SVC_STACK_END                    
70063250  __ABORT_STACK_END                  
70063250  __UNDEFINED_STACK_START            
70063350  __UNDEFINED_STACK_END              
701d4000  gDebugShmLog                       
ffffffff  __TI_pprof_out_hndl                
ffffffff  __TI_prof_data_size                
ffffffff  __TI_prof_data_start               
ffffffff  __binit__                          
ffffffff  binit                              
UNDEFED   __TI_CINIT_Base                    
UNDEFED   __TI_CINIT_Limit                   
UNDEFED   __TI_Handler_Table_Base            
UNDEFED   __TI_Handler_Table_Limit           
UNDEFED   _system_post_cinit                 

[518 symbols]
