******************************************************************************
            TI ARM Clang Linker PC v4.0.2                      
******************************************************************************
>> Linked Fri Jun  6 09:54:39 2025

OUTPUT FILE NAME:   <second_stage_PDM_testing.out>
ENTRY POINT SYMBOL: "_vectors"  address: 00000000


MEMORY CONFIGURATION

         name            origin    length      used     unused   attr    fill
----------------------  --------  ---------  --------  --------  ----  --------
  R5F_VECS              00000000   00000040  00000040  00000000  RWIX
  R5F_TCMA              00000040   00007fc0  00000000  00007fc0  RWIX
  R5F_TCMB              00080000   00008000  00000000  00008000  RWIX
  MAILBOX_HSM           44000000   000003ce  00000000  000003ce  RWIX
  MAILBOX_R5F           44000400   000003ce  00000000  000003ce  RWIX
  FLASH                 60100000   00080000  00000000  00080000  RWIX
  SBL                   70000000   00040000  00000000  00040000  RWIX
  OCRAM                 70040000   00040000  00016060  00029fa0  RWIX
  USER_SHM_MEM          701d0000   00004000  00000000  00004000  RWIX
  LOG_SHM_MEM           701d4000   00004000  00000000  00004000  RWIX
  RTOS_NORTOS_IPC_SHM_M 72000000   00003e80  00000000  00003e80  RWIX


SEGMENT ALLOCATION MAP

run origin  load origin   length   init length attrs members
----------  ----------- ---------- ----------- ----- -------
00000000    00000000    00000040   00000040    r-x
  00000000    00000000    00000040   00000040    r-x .vectors
70040000    70040000    0000cd90   00000000    rw-
  70040000    70040000    00000d90   00000000    rw- .bss
  70040d90    70040d90    00008000   00000000    rw- .sysmem
  70048d90    70048d90    00004000   00000000    rw- .stack
7004cda0    7004cda0    00007b40   00007b40    r-x
  7004cda0    7004cda0    000061a0   000061a0    r-x .text
  70052f40    70052f40    00000870   00000870    r-- .rodata
  700537b0    700537b0    000008d8   000008d8    r-x .text.hwi
  70054088    70054088    00000430   00000430    r-x .text.cache
  700544b8    700544b8    00000290   00000290    r-x .text.mpu
  70054748    70054748    00000190   00000190    r-x .text.boot
  700548d8    700548d8    00000008   00000008    r-x .text:abort
700548e0    700548e0    00001790   00000390    rw-
  700548e0    700548e0    00000390   00000390    rw- .data
  70054c70    70054c70    00000100   00000000    rw- .irqstack
  70054d70    70054d70    00000100   00000000    rw- .fiqstack
  70054e70    70054e70    00001000   00000000    rw- .svcstack
  70055e70    70055e70    00000100   00000000    rw- .abortstack
  70055f70    70055f70    00000100   00000000    rw- .undefinedstack


SECTION ALLOCATION MAP

 output                                  attributes/
section   page    origin      length       input sections
--------  ----  ----------  ----------   ----------------
.vectors   0    00000000    00000040     
                  00000000    00000040     nortos.am263px.r5f.ti-arm-clang.release.lib : HwiP_armv7r_vectors_nortos_asm.obj (.vectors)

.bss       0    70040000    00000d90     UNINITIALIZED
                  70040000    00000808     (.common:gHwiCtrl)
                  70040808    00000368     ti_drivers_config.o (.bss.gUartObjects)
                  70040b70    00000120     libsysbm.a : trgmsg.c.obj (.bss:_CIOBUF_)
                  70040c90    000000a0     libc.a : defs.c.obj (.bss.__TI_tmpnams)
                  70040d30    00000038     (.common:gClockCtrl)
                  70040d68    00000010     (.common:virtToPhymap)
                  70040d78    00000008     libsysbm.a : hostopen.c.obj (.bss.parmbuf)
                  70040d80    00000004     nortos.am263px.r5f.ti-arm-clang.release.lib : HwiP_armv7r_vim.obj (.bss.gdummy)
                  70040d84    00000004     libc.a : memory.c.obj (.bss.sys_free)
                  70040d88    00000004     (.common:gUartHandle)
                  70040d8c    00000004     --HOLE--

.sysmem    0    70040d90    00008000     UNINITIALIZED
                  70040d90    00000010     libc.a : memory.c.obj (.sysmem)
                  70040da0    00007ff0     --HOLE--

.stack     0    70048d90    00004000     UNINITIALIZED
                  70048d90    00000004     nortos.am263px.r5f.ti-arm-clang.release.lib : boot_armv7r_asm.obj (.stack)
                  70048d94    00003ffc     --HOLE--

.text      0    7004cda0    000061a0     
                  7004cda0    00000580     nortos.am263px.r5f.ti-arm-clang.release.lib : printf.obj (.text._vsnprintf)
                  7004d320    000004cc     drivers.am263px.r5f.ti-arm-clang.release.lib : soc_rcm.obj (.text.SOC_rcmEnablePeripheralClock)
                  7004d7ec    00000004     ti_board_open_close.o (.text.Board_driversOpen)
                  7004d7f0    00000400     nortos.am263px.r5f.ti-arm-clang.release.lib : printf.obj (.text._ftoa)
                  7004dbf0    00000010     drivers.am263px.r5f.ti-arm-clang.release.lib : gpio.obj (.text.GPIO_bankIntrDisable)
                  7004dc00    00000390     libc.a : strcmp32.S.obj (.text:strcmp)
                  7004df90    00000310     nortos.am263px.r5f.ti-arm-clang.release.lib : printf.obj (.text._etoa)
                  7004e2a0    000002a8     drivers.am263px.r5f.ti-arm-clang.release.lib : uart_v0.obj (.text.UART_open)
                  7004e548    00000250                                                  : soc_rcm.obj (.text.SOC_rcmSetPeripheralClock)
                  7004e798    0000023c                                                  : uart_v0_lld.obj (.text.UART_configInstance)
                  7004e9d4    00000204                                                  : edma.obj (.text.EDMA_freeChannelRegion)
                  7004ebd8    000001a8     libc.a : memory.c.obj (.text.free)
                  7004ed80    000001a4            : memory.c.obj (.text.aligned_alloc)
                  7004ef24    00000194     drivers.am263px.r5f.ti-arm-clang.release.lib : uart_dma_edma.obj (.text.UART_lld_dmaInit)
                  7004f0b8    0000014e                                                  : uart_dma_edma.obj (.text.UART_lld_dmaDeInit)
                  7004f206    00000002     ti_board_config.o (.text.Board_deinit)
                  7004f208    00000144     libc.a : setvbuf.c.obj (.text.setvbuf)
                  7004f34c    00000140     nortos.am263px.r5f.ti-arm-clang.release.lib : TimerP_rti_priv.obj (.text.TimerP_setupPriv)
                  7004f48c    0000013c     drivers.am263px.r5f.ti-arm-clang.release.lib : soc.obj (.text.SOC_virtToPhy)
                  7004f5c8    00000138                                                  : uart_v0.obj (.text.UART_close)
                  7004f700    00000132     nortos.am263px.r5f.ti-arm-clang.release.lib : printf.obj (.text._ntoa_format)
                  7004f832    0000011a     drivers.am263px.r5f.ti-arm-clang.release.lib : uart_v0_lld.obj (.text.UART_lld_controllerIsr)
                  7004f94c    00000118                                                  : edma.obj (.text.Alloc_resource)
                  7004fa64    00000118     libclang_rt.builtins.a : udivmoddi4.S.obj (.text)
                  7004fb7c    00000114     drivers.am263px.r5f.ti-arm-clang.release.lib : soc_rcm.obj (.text.SOC_rcmGetPeripheralClockFrequency)
                  7004fc90    0000010e                                                  : uart_v0_lld.obj (.text.UART_lld_write)
                  7004fd9e    00000104     nortos.am263px.r5f.ti-arm-clang.release.lib : ClockP_nortos_r5.obj (.text.ClockP_init)
                  7004fea2    00000002     ti_board_config.o (.text.Board_init)
                  7004fea4    00000104     drivers.am263px.r5f.ti-arm-clang.release.lib : uart_dma_edma.obj (.text.UART_lld_dmaWrite)
                  7004ffa8    000000fc                                                  : uart_v0.obj (.text.UART_write)
                  700500a4    000000f0     libc.a : fputc.c.obj (.text.fputc)
                  70050194    000000d0     drivers.am263px.r5f.ti-arm-clang.release.lib : edma.obj (.text.EDMA_unregisterIntr)
                  70050264    000000cc                                                  : uart_v0_lld.obj (.text.UART_lld_initDma)
                  70050330    000000c8     libc.a : getdevice.c.obj (.text.getdevice)
                  700503f8    000000c0     drivers.am263px.r5f.ti-arm-clang.release.lib : uart_v0_lld.obj (.text.UART_lld_init)
                  700504b8    000000bc                                                  : edma.obj (.text.EDMA_registerIntr)
                  70050574    000000bc     ti_drivers_config.o (.text.GPIO_init)
                  70050630    000000b4     libc.a : fseek.c.obj (.text.fseeko)
                  700506e4    000000b0            : fclose.c.obj (.text.__TI_closefile)
                  70050794    000000b0     nortos.am263px.r5f.ti-arm-clang.release.lib : printf.obj (.text._ntoa_long_long)
                  70050844    000000ac     drivers.am263px.r5f.ti-arm-clang.release.lib : soc_rcm.obj (.text.SOC_rcmGetCoreHSDivOut)
                  700508f0    000000ac                                                  : uart_v0_lld.obj (.text.UART_divisorLatchWrite)
                  7005099c    000000a6     nortos.am263px.r5f.ti-arm-clang.release.lib : printf.obj (.text._out_rev)
                  70050a42    00000002     ti_dpl_config.o (.text.Dpl_deinit)
                  70050a44    000000a4     libc.a : memory.c.obj (.text.split)
                  70050ae8    000000a2     empty.o (.text.init_gpio)
                  70050b8a    00000002     nortos.am263px.r5f.ti-arm-clang.release.lib : SemaphoreP_nortos.obj (.text.SemaphoreP_destruct)
                  70050b8c    000000a0     drivers.am263px.r5f.ti-arm-clang.release.lib : edma.obj (.text.EDMA_freeDmaChannel)
                  70050c2c    000000a0                                                  : edma.obj (.text.EDMA_freeParam)
                  70050ccc    000000a0                                                  : edma.obj (.text.EDMA_freeTcc)
                  70050d6c    000000a0     libsysbm.a : hostrename.c.obj (.text.HOSTrename)
                  70050e0c    000000a0     drivers.am263px.r5f.ti-arm-clang.release.lib : uart_dma_edma.obj (.text.UART_lld_dmaRead)
                  70050eac    0000009c     libc.a : _io_perm.c.obj (.text.__TI_wrt_ok)
                  70050f48    00000098     libsysbm.a : hostlseek.c.obj (.text.HOSTlseek)
                  70050fe0    00000096     nortos.am263px.r5f.ti-arm-clang.release.lib : SemaphoreP_nortos.obj (.text.SemaphoreP_pend)
                  70051076    00000094     drivers.am263px.r5f.ti-arm-clang.release.lib : edma.obj (.text.EDMA_configureChannelRegion)
                  7005110a    00000002     nortos.am263px.r5f.ti-arm-clang.release.lib : TaskP_nortos.obj (.text.TaskP_yield)
                  7005110c    00000094     libsysbm.a : hostopen.c.obj (.text.HOSTopen)
                  700511a0    0000008e     nortos.am263px.r5f.ti-arm-clang.release.lib : printf.obj (.text._ntoa_long)
                  7005122e    00000002     drivers.am263px.r5f.ti-arm-clang.release.lib : uart_dma_edma.obj (.text.UART_edmaDoNothing)
                  70051230    0000008c     libsysbm.a : close.c.obj (.text.close)
                  700512bc    00000088     drivers.am263px.r5f.ti-arm-clang.release.lib : uart_v0.obj (.text.UART_init)
                  70051344    00000088                                                  : uart_v0_lld.obj (.text.UART_procLineStatusErr)
                  700513cc    00000088     libc.a : fflush.c.obj (.text.__TI_doflush)
                  70051454    00000084     libsysbm.a : hostread.c.obj (.text.HOSTread)
                  700514d8    00000084                : hostwrite.c.obj (.text.HOSTwrite)
                  7005155c    00000080     drivers.am263px.r5f.ti-arm-clang.release.lib : uart_v0.obj (.text.UART_flushTxFifo)
                  700515dc    0000006e                                                  : edma.obj (.text.EDMA_disableTransferRegion)
                  7005164a    0000006e                                                  : edma.obj (.text.EDMA_enableTransferRegion)
                  700516b8    0000006c     libsysbm.a : hostunlink.c.obj (.text.HOSTunlink)
                  70051724    0000006c     drivers.am263px.r5f.ti-arm-clang.release.lib : uart_v0_lld.obj (.text.UART_lld_writeDma)
                  70051790    00000068                                                  : uart_v0_lld.obj (.text.UART_lld_writeIntr)
                  700517f8    00000066     nortos.am263px.r5f.ti-arm-clang.release.lib : PmuP_armv7r.obj (.text.pmu)
                  7005185e    00000002     drivers.am263px.r5f.ti-arm-clang.release.lib : uart_v0.obj (.text.UART_lld_errorCallback)
                  70051860    00000064                                                  : soc.obj (.text.SOC_controlModuleUnlockMMR)
                  700518c4    00000060     libsysbm.a : hostclose.c.obj (.text.HOSTclose)
                  70051924    0000005e     nortos.am263px.r5f.ti-arm-clang.release.lib : ClockP_nortos.obj (.text.ClockP_timerTickIsr)
                  70051982    00000002                                                 : printf.obj (.text._out_null)
                  70051984    0000005c     drivers.am263px.r5f.ti-arm-clang.release.lib : gpio.obj (.text.GPIO_setTrigType)
                  700519e0    0000005c                                                  : soc.obj (.text.SOC_controlModuleLockMMR)
                  70051a3c    0000005c     nortos.am263px.r5f.ti-arm-clang.release.lib : DebugP_log.obj (.text._DebugP_assert)
                  70051a98    00000058     libc.a : fopen.c.obj (.text.__TI_cleanup)
                  70051af0    00000058     libsysbm.a : trgmsg.c.obj (.text.__TI_readmsg)
                  70051b48    00000058                : trgmsg.c.obj (.text.__TI_writemsg)
                  70051ba0    00000056     nortos.am263px.r5f.ti-arm-clang.release.lib : ClockP_nortos.obj (.text.ClockP_getTimeUsec)
                  70051bf6    00000056     drivers.am263px.r5f.ti-arm-clang.release.lib : uart_v0_lld.obj (.text.UART_intrDisable)
                  70051c4c    00000056                                                  : uart_v0_lld.obj (.text.UART_writeCancelNoCB)
                  70051ca2    00000002     --HOLE-- [fill = 0]
                  70051ca4    00000054     libc.a : exit.c.obj (.text.exit)
                  70051cf8    00000054            : getdevice.c.obj (.text.finddevice)
                  70051d4c    00000054            : autoinit.c.obj (.text:__TI_auto_init_nobinit_nopinit)
                  70051da0    00000052     nortos.am263px.r5f.ti-arm-clang.release.lib : AddrTranslateP_32bit.obj (.text.AddrTranslateP_getLocalAddr)
                  70051df2    00000052     empty.o (.text.init_interrupts)
                  70051e44    00000050     nortos.am263px.r5f.ti-arm-clang.release.lib : ClockP_nortos.obj (.text.ClockP_construct)
                  70051e94    00000050     drivers.am263px.r5f.ti-arm-clang.release.lib : edma.obj (.text.EDMA_allocDmaChannel)
                  70051ee4    00000050                                                  : edma.obj (.text.EDMA_allocParam)
                  70051f34    00000050                                                  : edma.obj (.text.EDMA_allocTcc)
                  70051f84    0000004e     nortos.am263px.r5f.ti-arm-clang.release.lib : ClockP_nortos.obj (.text.ClockP_addToList)
                  70051fd2    0000004e     drivers.am263px.r5f.ti-arm-clang.release.lib : edma.obj (.text.EDMA_disableChInShadowRegRegion)
                  70052020    0000004c     ti_drivers_open_close.o (.text.Drivers_uartOpen)
                  7005206c    00000048     drivers.am263px.r5f.ti-arm-clang.release.lib : uart_dma_edma.obj (.text.UART_edmaIsrRx)
                  700520b4    00000048     libsysbm.a : unlink.c.obj (.text.unlink)
                  700520fc    00000046     drivers.am263px.r5f.ti-arm-clang.release.lib : uart_dma_edma.obj (.text.UART_edmaIsrTx)
                  70052142    00000044                                                  : uart_v0.obj (.text.UART_Params_init)
                  70052186    00000044                                                  : uart_v0_lld.obj (.text.UART_lld_deInitDma)
                  700521ca    00000040     nortos.am263px.r5f.ti-arm-clang.release.lib : ClockP_nortos.obj (.text.ClockP_stop)
                  7005220a    00000040     ti_dpl_config.o (.text.Dpl_init)
                  7005224a    00000040     drivers.am263px.r5f.ti-arm-clang.release.lib : edma.obj (.text.EDMA_mapChToEvtQ)
                  7005228a    00000002     --HOLE-- [fill = 0]
                  7005228c    00000040                                                  : pinmux.obj (.text.Pinmux_config)
                  700522cc    00000040     nortos.am263px.r5f.ti-arm-clang.release.lib : SemaphoreP_nortos.obj (.text.SemaphoreP_constructBinary)
                  7005230c    00000040     drivers.am263px.r5f.ti-arm-clang.release.lib : uart_v0_lld.obj (.text.UART_lld_deInit)
                  7005234c    00000040     libc.a : memory.c.obj (.text.free_list_insert)
                  7005238c    0000003e     nortos.am263px.r5f.ti-arm-clang.release.lib : SemaphoreP_nortos.obj (.text.SemaphoreP_constructMutex)
                  700523ca    00000002     --HOLE-- [fill = 0]
                  700523cc    0000003c     drivers.am263px.r5f.ti-arm-clang.release.lib : edma.obj (.text.EDMA_getBaseAddr)
                  70052408    0000003c                                                  : uart_v0_lld.obj (.text.UART_readData)
                  70052444    0000003a     nortos.am263px.r5f.ti-arm-clang.release.lib : ClockP_nortos.obj (.text.ClockP_destruct)
                  7005247e    0000003a                                                 : DebugP_uartLogWriter.obj (.text.DebugP_uartLogWriterPutChar)
                  700524b8    0000003a     ti_power_clock_config.o (.text.Module_clockSetFrequency)
                  700524f2    0000003a     drivers.am263px.r5f.ti-arm-clang.release.lib : uart_v0_lld.obj (.text.UART_lld_flushTxFifo)
                  7005252c    00000038                                                  : soc_rcm.obj (.text.SOC_rcmADPLLJGetFOut)
                  70052564    00000038     nortos.am263px.r5f.ti-arm-clang.release.lib : DebugP_nortos.obj (.text._DebugP_logZone)
                  7005259c    00000038                                                 : PmuP_armv7r_asm.obj (.text.pmu)
                  700525d4    00000036     drivers.am263px.r5f.ti-arm-clang.release.lib : edma.obj (.text.EDMA_clrMissEvtRegion)
                  7005260a    00000034     nortos.am263px.r5f.ti-arm-clang.release.lib : ClockP_nortos.obj (.text.ClockP_start)
                  7005263e    00000034     ti_power_clock_config.o (.text.Module_clockDisable)
                  70052672    00000034     ti_power_clock_config.o (.text.Module_clockEnable)
                  700526a6    00000002     --HOLE-- [fill = 0]
                  700526a8    00000034     drivers.am263px.r5f.ti-arm-clang.release.lib : soc_rcm.obj (.text.SOC_rcmGetModuleClkDivVal)
                  700526dc    00000034     empty.o (.text.empty_main)
                  70052710    00000034     libc.a : memory.c.obj (.text.free_list_remove)
                  70052744    00000034     libsysbm.a : lseek.c.obj (.text.lseek)
                  70052778    00000034                : write.c.obj (.text.write)
                  700527ac    00000032     drivers.am263px.r5f.ti-arm-clang.release.lib : edma.obj (.text.EDMA_unmapChToEvtQ)
                  700527de    00000032     nortos.am263px.r5f.ti-arm-clang.release.lib : SemaphoreP_nortos.obj (.text.SemaphoreP_post)
                  70052810    00000030     drivers.am263px.r5f.ti-arm-clang.release.lib : uart_v0.obj (.text.UART_lld_writeCompleteCallback)
                  70052840    0000002e                                                  : edma.obj (.text.EDMA_enableChInShadowRegRegion)
                  7005286e    0000002e                                                  : uart_v0.obj (.text.UART_lld_readCompleteCallback)
                  7005289c    0000002c                                                  : soc_rcm.obj (.text.SOC_rcmGetR5Clock)
                  700528c8    0000002c                                                  : uart_v0.obj (.text.UART_getHandle)
                  700528f4    00000028     nortos.am263px.r5f.ti-arm-clang.release.lib : ClockP_nortos.obj (.text.ClockP_sleepTicks)
                  7005291c    00000028     drivers.am263px.r5f.ti-arm-clang.release.lib : gpio.obj (.text.GPIO_setDirMode)
                  70052944    00000028                                                  : soc.obj (.text.SOC_moduleSetClockFrequency)
                  7005296c    00000026     nortos.am263px.r5f.ti-arm-clang.release.lib : ClockP_nortos.obj (.text.ClockP_sleep)
                  70052992    00000026     drivers.am263px.r5f.ti-arm-clang.release.lib : edma.obj (.text.EDMA_setPaRAM)
                  700529b8    00000026     ti_drivers_config.o (.text.GPIO_deinit)
                  700529de    00000026     drivers.am263px.r5f.ti-arm-clang.release.lib : uart_dma_edma.obj (.text.UART_lld_dmaDisableChannel)
                  70052a04    00000024     empty.o (.text.GPIO_bankIsrFxn)
                  70052a28    00000024     drivers.am263px.r5f.ti-arm-clang.release.lib : uart_v0_lld.obj (.text.UART_IsHWFlowCtrlValid)
                  70052a4c    00000024                                                  : uart_v0_lld.obj (.text.UART_IsRxTrigLvlValid)
                  70052a70    00000024                                                  : uart_v0_lld.obj (.text.UART_IsTxTrigLvlValid)
                  70052a94    00000024     libclang_rt.builtins.a : aeabi_uldivmod.S.obj (.text.__aeabi_uldivmod)
                  70052ab8    00000024     nortos.am263px.r5f.ti-arm-clang.release.lib : printf.obj (.text.vprintf_)
                  70052adc    00000022     drivers.am263px.r5f.ti-arm-clang.release.lib : edma.obj (.text.EDMA_linkChannel)
                  70052afe    00000022     ti_drivers_config.o (.text.System_init)
                  70052b20    00000020     nortos.am263px.r5f.ti-arm-clang.release.lib : DebugP_log.obj (.text.DebugP_logZoneEnable)
                  70052b40    00000020                                                 : TimerP_rti_priv.obj (.text.TimerP_Params_initPriv)
                  70052b60    00000020     drivers.am263px.r5f.ti-arm-clang.release.lib : uart_v0_lld.obj (.text.UART_getChar)
                  70052b80    0000001e                                                  : uart_v0_lld.obj (.text.UART_spaceAvail)
                  70052b9e    00000002     --HOLE-- [fill = 0]
                  70052ba0    0000001c                                                  : soc_rcm.obj (.text.SOC_rcmIsR5FInLockStepMode)
                  70052bbc    0000001c     main.o (.text.main)
                  70052bd8    0000001c     libsysbm.a : hostrename.c.obj (.text.strcpy)
                  70052bf4    0000001c                : hostrename.c.obj (.text.strlen)
                  70052c10    0000001c     libc.a : memcpy32.S.obj (.text:TI_memcpy_small)
                  70052c2c    0000001a     nortos.am263px.r5f.ti-arm-clang.release.lib : CpuId_armv7r.obj (.text.CSL_armR5GetCpuID)
                  70052c46    0000001a     drivers.am263px.r5f.ti-arm-clang.release.lib : edma.obj (.text.EDMA_readEventStatusRegion)
                  70052c60    0000001a                                                  : uart_v0_lld.obj (.text.UART_enhanFuncEnable)
                  70052c7a    00000018     nortos.am263px.r5f.ti-arm-clang.release.lib : TimerP_rti_priv.obj (.text.TimerP_getCountPriv)
                  70052c92    00000002     --HOLE-- [fill = 0]
                  70052c94    00000018     drivers.am263px.r5f.ti-arm-clang.release.lib : uart_v0.obj (.text.UART_deinit)
                  70052cac    00000018     libc.a : memset32.S.obj (.text:TI_memset_small)
                  70052cc4    00000016     ti_drivers_config.o (.text.System_deinit)
                  70052cda    00000016     drivers.am263px.r5f.ti-arm-clang.release.lib : uart_v0_lld.obj (.text.UART_IsTxRxFifoEmpty)
                  70052cf0    00000016                                                  : uart_v0_lld.obj (.text.UART_getIntrIdentityStatus)
                  70052d06    00000014     nortos.am263px.r5f.ti-arm-clang.release.lib : ClockP_nortos.obj (.text.ClockP_usecToTicks)
                  70052d1a    00000014     ti_drivers_open_close.o (.text.Drivers_open)
                  70052d2e    00000014     drivers.am263px.r5f.ti-arm-clang.release.lib : edma.obj (.text.EDMA_getRegionId)
                  70052d42    00000014                                                  : uart_v0.obj (.text.UART_Transaction_init)
                  70052d56    00000014                                                  : uart_v0_lld.obj (.text.UART_enhanFuncBitValRestore)
                  70052d6a    00000012                                                  : uart_v0_lld.obj (.text.UART_hardwareFlowCtrlOptSet)
                  70052d7c    00000012                                                  : uart_v0_lld.obj (.text.UART_operatingModeSelect)
                  70052d8e    00000012                                                  : uart_v0_lld.obj (.text.UART_readLineStatus)
                  70052da0    00000012     ti_dpl_config.o (.text.putchar_)
                  70052db2    00000010     drivers.am263px.r5f.ti-arm-clang.release.lib : uart_v0_lld.obj (.text.UART_intr2Disable)
                  70052dc2    00000002     --HOLE-- [fill = 0]
                  70052dc4    00000010     libclang_rt.builtins.a : aeabi_memset.S.obj (.text.__aeabi_memset)
                  70052dd4    00000010     libc.a : fputc.c.obj (.text.putchar)
                  70052de4    0000000e     drivers.am263px.r5f.ti-arm-clang.release.lib : edma.obj (.text.EDMA_ccPaRAMEntry_init)
                  70052df2    0000000e                                                  : gpio.obj (.text.GPIO_bankIntrEnable)
                  70052e00    0000000e     ti_pinmux_config.o (.text.Pinmux_init)
                  70052e0e    0000000e     ti_power_clock_config.o (.text.PowerClock_init)
                  70052e1c    0000000c     nortos.am263px.r5f.ti-arm-clang.release.lib : ClockP_nortos.obj (.text.ClockP_getTicks)
                  70052e28    0000000c                                                 : DebugP_uartLogWriter.obj (.text.DebugP_uartSetDrvIndex)
                  70052e34    0000000c     drivers.am263px.r5f.ti-arm-clang.release.lib : soc.obj (.text.SOC_getSelfCpuClk)
                  70052e40    0000000c     libclang_rt.builtins.a : aeabi_memset.S.obj (.text.__aeabi_memclr)
                  70052e4c    0000000c     libc.a : memory.c.obj (.text.malloc)
                  70052e58    00000008     libsysbm.a : hostexit.c.obj (.text.HOSTexit)
                  70052e60    0000000c     libc.a : strcmp32.S.obj (.text)
                  70052e6c    0000000c     nortos.am263px.r5f.ti-arm-clang.release.lib : CpuId_armv7r_asm.obj (.text)
                  70052e78    0000000a                                                 : ClockP_nortos.obj (.text.ClockP_Params_init)
                  70052e82    0000000a                                                 : ClockP_nortos.obj (.text.ClockP_isActive)
                  70052e8c    0000000a                                                 : TimerP_rti_priv.obj (.text.TimerP_getReloadCountPriv)
                  70052e96    0000000a                                                 : TimerP_rti_priv.obj (.text.TimerP_startPriv)
                  70052ea0    0000000a     drivers.am263px.r5f.ti-arm-clang.release.lib : uart_v0_lld.obj (.text.UART_lld_Transaction_deInit)
                  70052eaa    00000008     nortos.am263px.r5f.ti-arm-clang.release.lib : TimerP_rti_priv.obj (.text.TimerP_clearOverflowIntPriv)
                  70052eb2    00000008                                                 : printf.obj (.text._out_char)
                  70052eba    00000006     drivers.am263px.r5f.ti-arm-clang.release.lib : edma.obj (.text.EDMA_isInterruptEnabled)
                  70052ec0    00000006                                                  : soc.obj (.text.SOC_moduleClockEnable)
                  70052ec6    00000006                                                  : soc_rcm.obj (.text.SOC_rcmGetCR5SysclkInFrequency)
                  70052ecc    00000004     nortos.am263px.r5f.ti-arm-clang.release.lib : ClockP_nortos_r5.obj (.text.ClockP_getTimerCount)
                  70052ed0    00000004                                                 : ClockP_nortos_r5.obj (.text.ClockP_timerClearOverflowInt)
                  70052ed4    00000004     ti_power_clock_config.o (.text.PowerClock_deinit)
                  70052ed8    00000004     nortos.am263px.r5f.ti-arm-clang.release.lib : TimerP_rti_nortos.obj (.text.TimerP_Params_init)
                  70052edc    00000004                                                 : TimerP_rti_nortos.obj (.text.TimerP_clearOverflowInt)
                  70052ee0    00000004                                                 : TimerP_rti_nortos.obj (.text.TimerP_getCount)
                  70052ee4    00000004                                                 : TimerP_rti_nortos.obj (.text.TimerP_getReloadCount)
                  70052ee8    00000004                                                 : TimerP_rti_nortos.obj (.text.TimerP_setup)
                  70052eec    00000004                                                 : TimerP_rti_nortos.obj (.text.TimerP_start)
                  70052ef0    00000004     libclang_rt.builtins.a : aeabi_div0.c.obj (.text.__aeabi_ldiv0)
                  70052ef4    00000004                            : aeabi_memcpy.S.obj (.text.__aeabi_memcpy)
                  70052ef8    00000004     libc.a : _lock.c.obj (.text._nop)
                  70052efc    00000004            : fseek.c.obj (.text.fseek)
                  70052f00    00000004     libsysbm.a : remove.c.obj (.text.remove)
                  70052f04    00000008     nortos.am263px.r5f.ti-arm-clang.release.lib : HwiP_armv7r_asm.obj (.tramp.HwiP_enable.1)
                  70052f0c    00000008                                                 : HwiP_armv7r_asm.obj (.tramp.HwiP_restore.1)
                  70052f14    00000008                                                 : PmuP_armv7r_asm.obj (.tramp.PmuP_setUserEnable.1)
                  70052f1c    00000008                                                 : PmuP_armv7r_asm.obj (.tramp.PmuP_enableCounters.1)
                  70052f24    0000001c     --HOLE-- [fill = 0]

.rodata    0    70052f40    00000870     
                  70052f40    00000074     ti_dpl_config.o (.rodata.cfg)
                  70052fb4    00000004     nortos.am263px.r5f.ti-arm-clang.release.lib : CacheP_armv7r.obj (.rodata.gCacheL1dCacheLineSize)
                  70052fb8    00000050                                                 : printf.obj (.rodata._ftoa.pow10)
                  70053008    00000048     drivers.am263px.r5f.ti-arm-clang.release.lib : soc_rcm.obj (.rodata.gADPLLJConfigTbl)
                  70053050    0000003d     nortos.am263px.r5f.ti-arm-clang.release.lib : TimerP_rti_priv.obj (.rodata.str1.72163963154704191671)
                  7005308d    00000037                                                 : SemaphoreP_nortos.obj (.rodata.str1.52751030918495836841)
                  700530c4    00000035     ti_drivers_open_close.o (.rodata.str1.871795152488895636.1)
                  700530f9    0000002e     nortos.am263px.r5f.ti-arm-clang.release.lib : ClockP_nortos.obj (.rodata.str1.39419159632632580371)
                  70053127    0000002a                                                 : DebugP_log.obj (.rodata.str1.8882360920750446361)
                  70053151    00000027                                                 : ClockP_nortos_r5.obj (.rodata.str1.91622226613999981811)
                  70053178    00000023                                                 : ClockP_nortos_r5.obj (.rodata.str1.136646522816104227591)
                  7005319b    00000023     drivers.am263px.r5f.ti-arm-clang.release.lib : soc_rcm.obj (.rodata.str1.15813086600912413471)
                  700531be    00000022                                                  : edma.obj (.rodata.str1.6611792697437713481)
                  700531e0    00000021     nortos.am263px.r5f.ti-arm-clang.release.lib : ClockP_nortos_r5.obj (.rodata.str1.99041146818411950391)
                  70053201    00000003     --HOLE-- [fill = 0]
                  70053204    00000020     drivers.am263px.r5f.ti-arm-clang.release.lib : uart_v0_lld.obj (.rodata.cst32)
                  70053224    00000020                                                  : uart_v0.obj (.rodata.str1.150767988884773108331)
                  70053244    0000001f     nortos.am263px.r5f.ti-arm-clang.release.lib : SemaphoreP_nortos.obj (.rodata.str1.25281168886080794691)
                  70053263    0000001f                                                 : ClockP_nortos_r5.obj (.rodata.str1.25349503636762439021)
                  70053282    0000001e     empty.o (.rodata.str1.11898133897667081452.1)
                  700532a0    0000001e     empty.o (.rodata.str1.14685083708502177989.1)
                  700532be    0000001e     empty.o (.rodata.str1.16704889451495720520.1)
                  700532dc    0000001e     empty.o (.rodata.str1.17669528882079347314.1)
                  700532fa    0000001e     empty.o (.rodata.str1.254342170260855183.1)
                  70053318    0000001e     empty.o (.rodata.str1.7401042497206923953.1)
                  70053336    0000001d     nortos.am263px.r5f.ti-arm-clang.release.lib : TimerP_rti_priv.obj (.rodata.str1.114219152040444562951)
                  70053353    0000001d                                                 : TimerP_rti_priv.obj (.rodata.str1.125174968193178473681)
                  70053370    0000001d     drivers.am263px.r5f.ti-arm-clang.release.lib : uart_v0.obj (.rodata.str1.142814395268246240721)
                  7005338d    0000001d     nortos.am263px.r5f.ti-arm-clang.release.lib : TimerP_rti_priv.obj (.rodata.str1.27974953896521033811)
                  700533aa    0000001b     drivers.am263px.r5f.ti-arm-clang.release.lib : edma.obj (.rodata.str1.16266241636797238661)
                  700533c5    0000001b     nortos.am263px.r5f.ti-arm-clang.release.lib : ClockP_nortos.obj (.rodata.str1.47646432807403639741)
                  700533e0    0000001a                                                 : ClockP_nortos_r5.obj (.rodata.str1.133203246495064227641)
                  700533fa    0000001a     drivers.am263px.r5f.ti-arm-clang.release.lib : soc_rcm.obj (.rodata.str1.153801437654618082741)
                  70053414    0000001a     empty.o (.rodata.str1.15706828512682300538.1)
                  7005342e    00000019     nortos.am263px.r5f.ti-arm-clang.release.lib : TimerP_rti_priv.obj (.rodata.str1.160914699991520874261)
                  70053447    00000001     --HOLE-- [fill = 0]
                  70053448    00000018     drivers.am263px.r5f.ti-arm-clang.release.lib : soc_rcm.obj (.rodata.gControlssPllClkSrcValMap)
                  70053460    00000018                                                  : soc_rcm.obj (.rodata.gCptsClkSrcValMap)
                  70053478    00000018                                                  : soc_rcm.obj (.rodata.gI2cClkSrcValMap)
                  70053490    00000018                                                  : soc_rcm.obj (.rodata.gLinUartClkSrcValMap)
                  700534a8    00000018                                                  : soc_rcm.obj (.rodata.gPeripheralClkSrcInfoMap)
                  700534c0    00000018                                                  : soc_rcm.obj (.rodata.gRtiClkSrcValMap)
                  700534d8    00000018                                                  : soc_rcm.obj (.rodata.gWdtClkSrcValMap)
                  700534f0    00000018                                                  : uart_v0.obj (.rodata.str1.9069738176458784971)
                  70053508    00000017                                                  : soc_rcm.obj (.rodata.str1.141251745167226470741)
                  7005351f    00000016                                                  : soc_rcm.obj (.rodata.str1.107645048611228328791)
                  70053535    00000016                                                  : soc_rcm.obj (.rodata.str1.177369307189295936511)
                  7005354b    00000016                                                  : soc_rcm.obj (.rodata.str1.63555232926284281011)
                  70053561    00000015                                                  : edma.obj (.rodata.str1.149652404363315708211)
                  70053576    00000015     nortos.am263px.r5f.ti-arm-clang.release.lib : SemaphoreP_nortos.obj (.rodata.str1.30861210816963497001)
                  7005358b    00000014     drivers.am263px.r5f.ti-arm-clang.release.lib : edma.obj (.rodata.str1.176595599180530855901)
                  7005359f    00000014                                                  : edma.obj (.rodata.str1.41785049815304208531)
                  700535b3    00000014                                                  : edma.obj (.rodata.str1.93700429500326477781)
                  700535c7    00000013                                                  : soc_rcm.obj (.rodata.str1.30734103837947208761)
                  700535da    00000013                                                  : uart_v0.obj (.rodata.str1.9980655952161290391)
                  700535ed    00000012                                                  : uart_v0.obj (.rodata.str1.166492982902436568231)
                  700535ff    00000012                                                  : uart_v0.obj (.rodata.str1.171120843061886446841)
                  70053611    00000012                                                  : edma.obj (.rodata.str1.41579851849113419871)
                  70053623    00000012                                                  : soc_rcm.obj (.rodata.str1.67217821191364965911)
                  70053635    00000011                                                  : uart_v0.obj (.rodata.str1.16967668833904919061)
                  70053646    00000011                                                  : edma.obj (.rodata.str1.28692048193800818901)
                  70053657    00000011     nortos.am263px.r5f.ti-arm-clang.release.lib : ClockP_nortos.obj (.rodata.str1.37923443167824241621)
                  70053668    00000011                                                 : TimerP_rti_priv.obj (.rodata.str1.44101942245516082551)
                  70053679    00000011     ti_drivers_open_close.o (.rodata.str1.6292539624901818759.1)
                  7005368a    00000010     empty.o (.rodata.str1.16019580555137295303.1)
                  7005369a    00000010     drivers.am263px.r5f.ti-arm-clang.release.lib : edma.obj (.rodata.str1.18778444954996405781)
                  700536aa    0000000f                                                  : edma.obj (.rodata.str1.111354322338949310841)
                  700536b9    0000000f                                                  : edma.obj (.rodata.str1.144551280152329776181)
                  700536c8    0000000f                                                  : edma.obj (.rodata.str1.2759273541325923811)
                  700536d7    0000000f                                                  : edma.obj (.rodata.str1.92547749779646142691)
                  700536e6    0000000f     empty.o (.rodata.str1.9517790425240694019.1)
                  700536f5    0000000e     drivers.am263px.r5f.ti-arm-clang.release.lib : edma.obj (.rodata.str1.19244332700943948511)
                  70053703    0000000e                                                  : edma.obj (.rodata.str1.46057082369026546831)
                  70053711    0000000e                                                  : edma.obj (.rodata.str1.46782315602798139861)
                  7005371f    0000000d                                                  : edma.obj (.rodata.str1.121775923823351643201)
                  7005372c    0000000d     nortos.am263px.r5f.ti-arm-clang.release.lib : TimerP_rti_priv.obj (.rodata.str1.31870447354226168941)
                  70053739    0000000c                                                 : ClockP_nortos_r5.obj (.rodata.str1.177642182983587376931)
                  70053745    0000000c     drivers.am263px.r5f.ti-arm-clang.release.lib : edma.obj (.rodata.str1.73371482538137472541)
                  70053751    0000000b     empty.o (.rodata.str1.150872071346279890.1)
                  7005375c    0000000b     drivers.am263px.r5f.ti-arm-clang.release.lib : uart_v0.obj (.rodata.str1.174466331461201984741)
                  70053767    0000000b                                                  : uart_v0.obj (.rodata.str1.23952661867579505821)
                  70053772    0000000a                                                  : soc_rcm.obj (.rodata.str1.102656642322745120751)
                  7005377c    0000000a                                                  : uart_v0.obj (.rodata.str1.4680544719311723101)
                  70053786    0000000a                                                  : uart_v0.obj (.rodata.str1.98976386761529848021)
                  70053790    00000006                                                  : soc_rcm.obj (.rodata.str1.53743240983164125611)
                  70053796    00000005     nortos.am263px.r5f.ti-arm-clang.release.lib : printf.obj (.rodata.str1.143852280595428356391)
                  7005379b    00000005                                                 : printf.obj (.rodata.str1.23318557076440195721)
                  700537a0    00000004                                                 : CacheP_armv7r.obj (.rodata.gCacheL1pCacheLineSize)
                  700537a4    00000004                                                 : printf.obj (.rodata.str1.122320159353749299121)
                  700537a8    00000004                                                 : printf.obj (.rodata.str1.81101573233442303481)
                  700537ac    00000004     --HOLE-- [fill = 0]

.text.hwi 
*          0    700537b0    000008d8     
                  700537b0    00000402     nortos.am263px.r5f.ti-arm-clang.release.lib : HwiP_armv7r_vim.obj (.text.hwi)
                  70053bb2    000002dc                                                 : HwiP_armv7r_handlers_nortos.obj (.text.hwi)
                  70053e8e    00000002     --HOLE-- [fill = 0]
                  70053e90    0000017c                                                 : HwiP_armv7r_handlers_nortos_asm.obj (.text.hwi)
                  7005400c    00000070                                                 : HwiP_armv7r_asm.obj (.text.hwi)
                  7005407c    00000008                                                 : HwiP_armv7r_asm.obj (.tramp.HwiP_enableFIQ.1)
                  70054084    00000004     --HOLE-- [fill = 0]

.text.cache 
*          0    70054088    00000430     
                  70054088    00000340     nortos.am263px.r5f.ti-arm-clang.release.lib : CacheP_armv7r_asm.obj (.text.cache)
                  700543c8    000000d8                                                 : CacheP_armv7r.obj (.text.cache)
                  700544a0    00000008                                                 : CacheP_armv7r_asm.obj (.tramp.CacheP_invL1d.1)
                  700544a8    00000008                                                 : CacheP_armv7r_asm.obj (.tramp.CacheP_enableL1p.1)
                  700544b0    00000008                                                 : HwiP_armv7r_asm.obj (.tramp.HwiP_restore.2)

.text.mpu 
*          0    700544b8    00000290     
                  700544b8    00000202     nortos.am263px.r5f.ti-arm-clang.release.lib : MpuP_armv7r.obj (.text.mpu)
                  700546ba    00000002     --HOLE-- [fill = 0]
                  700546bc    00000078                                                 : MpuP_armv7r_asm.obj (.text.mpu)
                  70054734    00000008                                                 : HwiP_armv7r_asm.obj (.tramp.HwiP_restore.3)
                  7005473c    00000008                                                 : MpuP_armv7r_asm.obj (.tramp.MpuP_isEnableAsm.1)
                  70054744    00000004     --HOLE-- [fill = 0]

.text.boot 
*          0    70054748    00000190     
                  70054748    00000144     nortos.am263px.r5f.ti-arm-clang.release.lib : boot_armv7r_asm.obj (.text.boot)
                  7005488c    0000001e                                                 : DebugP_log.obj (.text.boot)
                  700548aa    0000001c                                                 : boot_armv7r.obj (.text.boot)
                  700548c6    0000000e     ti_dpl_config.o (.text.boot)
                  700548d4    00000004     --HOLE-- [fill = 0]

.text:abort 
*          0    700548d8    00000008     
                  700548d8    00000008     libc.a : exit.c.obj (.text:abort)

.data      0    700548e0    00000390     
                  700548e0    000000f0     libc.a : defs.c.obj (.data._ftable)
                  700549d0    0000009c     drivers.am263px.r5f.ti-arm-clang.release.lib : uart_v0.obj (.data.gUartDrvObj)
                  70054a6c    00000078     libsysbm.a : host_device.c.obj (.data._device)
                  70054ae4    00000058     ti_drivers_open_close.o (.data.gUartParams)
                  70054b3c    00000050     libsysbm.a : host_device.c.obj (.data._stream)
                  70054b8c    00000050     ti_pinmux_config.o (.data.gPinMuxMainDomainCfg)
                  70054bdc    00000018     ti_dpl_config.o (.data.gClockConfig)
                  70054bf4    00000018     ti_power_clock_config.o (.data.gSocModulesClockFrequency)
                  70054c0c    00000004     libc.a : defs.c.obj (.data.__TI_ft_end)
                  70054c10    0000000c     nortos.am263px.r5f.ti-arm-clang.release.lib : AddrTranslateP_32bit.obj (.data.gAddrTranslateConfig)
                  70054c1c    00000008     libc.a : exit.c.obj (.data..L_MergedGlobals)
                  70054c24    00000008     ti_power_clock_config.o (.data.gSocModules)
                  70054c2c    00000008     ti_drivers_config.o (.data.gUartAttrs)
                  70054c34    00000008     ti_drivers_config.o (.data.gUartConfig)
                  70054c3c    00000004     libc.a : _lock.c.obj (.data._lock)
                  70054c40    00000008     nortos.am263px.r5f.ti-arm-clang.release.lib : PmuP_armv7r.obj (.data.pmu)
                  70054c48    00000004     libc.a : _lock.c.obj (.data._unlock)
                  70054c4c    00000004     nortos.am263px.r5f.ti-arm-clang.release.lib : DebugP_log.obj (.data.gDebugLogZone)
                  70054c50    00000004                                                 : DebugP_uartLogWriter.obj (.data.gDebugP_uartDrvIndex)
                  70054c54    00000004     ti_drivers_open_close.o (.data.gEdmaConfigNum)
                  70054c58    00000004     ti_dpl_config.o (.data.gHwiConfig)
                  70054c5c    00000004     ti_drivers_config.o (.data.gUartConfigNum)
                  70054c60    00000004     ti_drivers_open_close.o (.data.gUartDmaChConfig)
                  70054c64    00000004     empty.o (.data.test)
                  70054c68    00000001     drivers.am263px.r5f.ti-arm-clang.release.lib : soc.obj (.data.isMapAvailable)
                  70054c69    00000003     --HOLE-- [fill = 0]
                  70054c6c    00000001     libc.a : memory.c.obj (.data.memory_is_initialized)
                  70054c6d    00000003     --HOLE-- [fill = 0]

.irqstack 
*          0    70054c70    00000100     UNINITIALIZED
                  70054c70    00000100     --HOLE--

.fiqstack 
*          0    70054d70    00000100     UNINITIALIZED
                  70054d70    00000100     --HOLE--

.svcstack 
*          0    70054e70    00001000     UNINITIALIZED
                  70054e70    00001000     --HOLE--

.abortstack 
*          0    70055e70    00000100     UNINITIALIZED
                  70055e70    00000100     --HOLE--

.undefinedstack 
*          0    70055f70    00000100     UNINITIALIZED
                  70055f70    00000100     --HOLE--

.init_array 
*          0    70040000    00000000     UNINITIALIZED

MODULE SUMMARY

       Module                                code    ro data   rw data
       ------                                ----    -------   -------
    .\
       empty.o                               332     248       4      
       main.o                                28      0         0      
    +--+-------------------------------------+-------+---------+---------+
       Total:                                360     248       4      
                                                                      
    .\syscfg\
       ti_drivers_config.o                   282     0         892    
       ti_drivers_open_close.o               96      70        100    
       ti_dpl_config.o                       98      116       28     
       ti_power_clock_config.o               180     0         32     
       ti_pinmux_config.o                    14      0         80     
       ti_board_config.o                     4       0         0      
       ti_board_open_close.o                 4       0         0      
    +--+-------------------------------------+-------+---------+---------+
       Total:                                678     186       1132   
                                                                      
    C:/Users/carim/Desktop/mcu_plus_sdk_am263px_10_02_00_15__all/mcu_plus_sdk_am263px_10_02_00_15/source/drivers/lib/drivers.am263px.r5f.ti-arm-clang.release.lib
       edma.obj                              2770    320       0      
       soc_rcm.obj                           2454    443       0      
       uart_v0_lld.obj                       2802    32        0      
       uart_v0.obj                           1760    199       156    
       uart_dma_edma.obj                     1340    0         0      
       soc.obj                               566     0         17     
       gpio.obj                              162     0         0      
       pinmux.obj                            64      0         0      
    +--+-------------------------------------+-------+---------+---------+
       Total:                                11918   994       173    
                                                                      
    C:/Users/carim/Desktop/mcu_plus_sdk_am263px_10_02_00_15__all/mcu_plus_sdk_am263px_10_02_00_15/source/kernel/nortos/lib/nortos.am263px.r5f.ti-arm-clang.release.lib
       printf.obj                            4052    98        0      
       HwiP_armv7r_vim.obj                   1026    0         2060   
       CacheP_armv7r_asm.obj                 848     0         0      
       ClockP_nortos.obj                     642     90        56     
       HwiP_armv7r_handlers_nortos.obj       732     0         0      
       TimerP_rti_priv.obj                   404     203       0      
       MpuP_armv7r.obj                       514     0         0      
       ClockP_nortos_r5.obj                  268     176       0      
       SemaphoreP_nortos.obj                 328     107       0      
       HwiP_armv7r_handlers_nortos_asm.obj   380     0         0      
       boot_armv7r_asm.obj                   324     0         0      
       CacheP_armv7r.obj                     216     8         0      
       DebugP_log.obj                        154     42        4      
       HwiP_armv7r_asm.obj                   152     0         0      
       MpuP_armv7r_asm.obj                   128     0         0      
       PmuP_armv7r.obj                       102     0         8      
       AddrTranslateP_32bit.obj              82      0         12     
       DebugP_uartLogWriter.obj              70      0         4      
       PmuP_armv7r_asm.obj                   72      0         0      
       HwiP_armv7r_vectors_nortos_asm.obj    64      0         0      
       DebugP_nortos.obj                     56      0         0      
       boot_armv7r.obj                       28      0         0      
       CpuId_armv7r.obj                      26      0         0      
       TimerP_rti_nortos.obj                 24      0         0      
       CpuId_armv7r_asm.obj                  12      0         0      
       TaskP_nortos.obj                      2       0         0      
    +--+-------------------------------------+-------+---------+---------+
       Total:                                10706   724       2144   
                                                                      
    C:\ti\ccs2011\ccs\tools\compiler\ti-cgt-armllvm_4.0.2.LTS\lib\armv7r-ti-none-eabihf/c/libc.a
       memory.c.obj                          1136    0         5      
       strcmp32.S.obj                        924     0         0      
       defs.c.obj                            0       0         404    
       setvbuf.c.obj                         324     0         0      
       getdevice.c.obj                       284     0         0      
       fputc.c.obj                           256     0         0      
       fseek.c.obj                           184     0         0      
       fclose.c.obj                          176     0         0      
       _io_perm.c.obj                        156     0         0      
       fflush.c.obj                          136     0         0      
       exit.c.obj                            92      0         8      
       fopen.c.obj                           88      0         0      
       autoinit.c.obj                        84      0         0      
       memcpy32.S.obj                        28      0         0      
       memset32.S.obj                        24      0         0      
       _lock.c.obj                           4       0         8      
    +--+-------------------------------------+-------+---------+---------+
       Total:                                3896    0         425    
                                                                      
    C:\ti\ccs2011\ccs\tools\compiler\ti-cgt-armllvm_4.0.2.LTS\lib\armv7r-ti-none-eabihf/c/libsysbm.a
       trgmsg.c.obj                          176     0         288    
       hostrename.c.obj                      216     0         0      
       host_device.c.obj                     0       0         200    
       hostopen.c.obj                        148     0         8      
       hostlseek.c.obj                       152     0         0      
       close.c.obj                           140     0         0      
       hostread.c.obj                        132     0         0      
       hostwrite.c.obj                       132     0         0      
       hostunlink.c.obj                      108     0         0      
       hostclose.c.obj                       96      0         0      
       unlink.c.obj                          72      0         0      
       lseek.c.obj                           52      0         0      
       write.c.obj                           52      0         0      
       hostexit.c.obj                        8       0         0      
       remove.c.obj                          4       0         0      
    +--+-------------------------------------+-------+---------+---------+
       Total:                                1488    0         496    
                                                                      
    C:\ti\ccs2011\ccs\tools\compiler\ti-cgt-armllvm_4.0.2.LTS\lib\armv7r-ti-none-eabihf/libclang_rt.builtins.a
       udivmoddi4.S.obj                      280     0         0      
       aeabi_uldivmod.S.obj                  36      0         0      
       aeabi_memset.S.obj                    28      0         0      
       aeabi_div0.c.obj                      4       0         0      
       aeabi_memcpy.S.obj                    4       0         0      
    +--+-------------------------------------+-------+---------+---------+
       Total:                                352     0         0      
                                                                      
       Heap:                                 0       0         32768  
       Stack:                                0       0         16384  
    +--+-------------------------------------+-------+---------+---------+
       Grand Total:                          29398   2152      53526  

VENEERS

callee name               veneer name
   callee addr  veneer addr  call addr  call info
--------------  -----------  ---------  ----------------
HwiP_enableFIQ            $Ven$TA$L$PI$$HwiP_enableFIQ
   7005403c     7005407c     70053b92   nortos.am263px.r5f.ti-arm-clang.release.lib : HwiP_armv7r_vim.obj (.text.hwi)
CacheP_invL1d             $Ven$TA$L$PI$$CacheP_invL1d
   700540f8     700544a0     7005449c   nortos.am263px.r5f.ti-arm-clang.release.lib : CacheP_armv7r.obj (.text.cache)
CacheP_enableL1p          $Ven$TA$L$PI$$CacheP_enableL1p
   700540e0     700544a8     70054476   nortos.am263px.r5f.ti-arm-clang.release.lib : CacheP_armv7r.obj (.text.cache)
HwiP_restore              $Ven$TA$L$PI$$HwiP_restore
   7005404c     700544b0     70054456   nortos.am263px.r5f.ti-arm-clang.release.lib : CacheP_armv7r.obj (.text.cache)
HwiP_restore              $Ven$TA$L$PI$$HwiP_restore
   7005404c     70054734     700545b0   nortos.am263px.r5f.ti-arm-clang.release.lib : MpuP_armv7r.obj (.text.mpu)
                             700545ee                                               : MpuP_armv7r.obj (.text.mpu)
MpuP_isEnableAsm          $Ven$TA$L$PI$$MpuP_isEnableAsm
   7005470c     7005473c     70054580   nortos.am263px.r5f.ti-arm-clang.release.lib : MpuP_armv7r.obj (.text.mpu)
HwiP_enable               $Ven$TA$L$PI$$HwiP_enable
   7005402c     70052f04     70052246   ti_dpl_config.o (.text.Dpl_init)
HwiP_restore              $Ven$TA$L$PI$$HwiP_restore
   7005404c     70052f0c     70052206   nortos.am263px.r5f.ti-arm-clang.release.lib : ClockP_nortos.obj (.text.ClockP_stop)
                             7005247a                                               : ClockP_nortos.obj (.text.ClockP_destruct)
                             7005263a                                               : ClockP_nortos.obj (.text.ClockP_start)
                             7005280c                                               : SemaphoreP_nortos.obj (.text.SemaphoreP_post)
PmuP_setUserEnable        $Ven$TA$L$PI$$PmuP_setUserEnable
   700525cc     70052f14     7005185a   nortos.am263px.r5f.ti-arm-clang.release.lib : PmuP_armv7r.obj (.text.pmu)
PmuP_enableCounters       $Ven$TA$L$PI$$PmuP_enableCounters
   700525ac     70052f1c     70051828   nortos.am263px.r5f.ti-arm-clang.release.lib : PmuP_armv7r.obj (.text.pmu)

[10 trampolines]
[14 trampoline calls]


GLOBAL SYMBOLS: SORTED ALPHABETICALLY BY Name 

address   name                               
-------   ----                               
70051da1  AddrTranslateP_getLocalAddr        
7004f207  Board_deinit                       
7004d7ed  Board_driversOpen                  
7004fea3  Board_init                         
70052e58  C$$EXIT                            
70051b94  C$$IO$$                            
70052c2d  CSL_armR5GetCpuID                  
70052e6c  CSL_armR5ReadMpidrReg              
70054398  CacheP_configForceWrThru           
70054421  CacheP_disable                     
70054088  CacheP_disableL1d                  
700540b0  CacheP_disableL1p                  
7005445b  CacheP_enable                      
700540c8  CacheP_enableL1d                   
700540e0  CacheP_enableL1p                   
7005438c  CacheP_getCacheLevelInfo           
70054354  CacheP_getEnabled                  
700543c9  CacheP_init                        
7005447b  CacheP_inv                         
700540f8  CacheP_invL1d                      
7005416c  CacheP_invL1dAll                   
70054130  CacheP_invL1p                      
70054174  CacheP_invL1pAll                   
700543b8  CacheP_setDLFO                     
7005417c  CacheP_wb                          
700541f4  CacheP_wbAll                       
700541b8  CacheP_wbInv                       
7005429c  CacheP_wbInvAll                    
700542b4  CacheP_wbInvAllAsm                 
70052e79  ClockP_Params_init                 
70051e45  ClockP_construct                   
70052445  ClockP_destruct                    
70052e1d  ClockP_getTicks                    
70051ba1  ClockP_getTimeUsec                 
70052ecd  ClockP_getTimerCount               
7004fd9f  ClockP_init                        
70052e83  ClockP_isActive                    
7005296d  ClockP_sleep                       
7005260b  ClockP_start                       
700521cb  ClockP_stop                        
70052ed1  ClockP_timerClearOverflowInt       
70051925  ClockP_timerTickIsr                
70052d07  ClockP_usecToTicks                 
70051859  CycleCounterP_enableUserAccess     
7005259c  CycleCounterP_getCount32           
700517f9  CycleCounterP_init                 
7005182d  CycleCounterP_nsToTicks            
70051809  CycleCounterP_reset                
70052b21  DebugP_logZoneEnable               
7005247f  DebugP_uartLogWriterPutChar        
70052e29  DebugP_uartSetDrvIndex             
70050a43  Dpl_deinit                         
7005220b  Dpl_init                           
70052d1b  Drivers_open                       
70052021  Drivers_uartOpen                   
70051e95  EDMA_allocDmaChannel               
70051ee5  EDMA_allocParam                    
70051f35  EDMA_allocTcc                      
70052de5  EDMA_ccPaRAMEntry_init             
700525d5  EDMA_clrMissEvtRegion              
70051077  EDMA_configureChannelRegion        
70051fd3  EDMA_disableChInShadowRegRegion    
700515dd  EDMA_disableTransferRegion         
70052841  EDMA_enableChInShadowRegRegion     
7005164b  EDMA_enableTransferRegion          
7004e9d5  EDMA_freeChannelRegion             
70050b8d  EDMA_freeDmaChannel                
70050c2d  EDMA_freeParam                     
70050ccd  EDMA_freeTcc                       
700523cd  EDMA_getBaseAddr                   
70052d2f  EDMA_getRegionId                   
70052ebb  EDMA_isInterruptEnabled            
70052add  EDMA_linkChannel                   
7005224b  EDMA_mapChToEvtQ                   
70052c47  EDMA_readEventStatusRegion         
700504b9  EDMA_registerIntr                  
70052993  EDMA_setPaRAM                      
700527ad  EDMA_unmapChToEvtQ                 
70050195  EDMA_unregisterIntr                
70053fcc  GET_ADFSR                          
70053fe4  GET_AIFSR                          
70053fd4  GET_DFAR                           
70053fc4  GET_DFSR                           
70053fec  GET_IFAR                           
70053fdc  GET_IFSR                           
70053ff4  GET_SPSR                           
7004dbf1  GPIO_bankIntrDisable               
70052df3  GPIO_bankIntrEnable                
700529b9  GPIO_deinit                        
70050575  GPIO_init                          
7005291d  GPIO_setDirMode                    
70051985  GPIO_setTrigType                   
700518c4  HOSTclose                          
70052e58  HOSTexit                           
70050f48  HOSTlseek                          
7005110c  HOSTopen                           
70051454  HOSTread                           
70050d6c  HOSTrename                         
700516b8  HOSTunlink                         
700514d8  HOSTwrite                          
700538a9  HwiP_Params_init                   
70053861  HwiP_clearInt                      
700538bb  HwiP_construct                     
70053f04  HwiP_data_abort_handler            
70053dff  HwiP_data_abort_handler_c          
70053a03  HwiP_destruct                      
7005400c  HwiP_disable                       
7005401c  HwiP_disableFIQ                    
700537d9  HwiP_disableInt                    
70054064  HwiP_disableVIC                    
7005402c  HwiP_enable                        
7005403c  HwiP_enableFIQ                     
700537b1  HwiP_enableInt                     
70054054  HwiP_enableVIC                     
70053c37  HwiP_fiq_handler                   
70054074  HwiP_getCPSR                       
70053b97  HwiP_inISR                         
70053ad5  HwiP_init                          
70053e90  HwiP_irq_handler                   
70053bb3  HwiP_irq_handler_c                 
70053881  HwiP_post                          
70053f48  HwiP_prefetch_abort_handler        
70053d75  HwiP_prefetch_abort_handler_c      
70053ce7  HwiP_reserved_handler              
7005404c  HwiP_restore                       
7005380b  HwiP_restoreInt                    
70053d47  HwiP_svc_handler                   
70053f94  HwiP_undefined_handler             
70053d15  HwiP_undefined_handler_c           
70053e7f  HwiP_user_data_abort_handler_c     
70053def  HwiP_user_prefetch_abort_handler_c 
70053d33  HwiP_user_undefined_handler_c      
7005263f  Module_clockDisable                
70052673  Module_clockEnable                 
700524b9  Module_clockSetFrequency           
700544f9  MpuP_RegionAttrs_init              
70054585  MpuP_disable                       
700546bc  MpuP_disableAsm                    
700546d4  MpuP_disableBRAsm                  
700545b7  MpuP_enable                        
700546e4  MpuP_enableAsm                     
700546fc  MpuP_enableBRAsm                   
700544b9  MpuP_getAttrs                      
700545f3  MpuP_init                          
70054581  MpuP_isEnable                      
7005470c  MpuP_isEnableAsm                   
70054655  MpuP_isUserAuthorizedToAccessMemory
70054507  MpuP_setRegion                     
70054720  MpuP_setRegionAsm                  
7005228d  Pinmux_config                      
70052e01  Pinmux_init                        
700525c4  PmuP_clearOverflowStatus           
700525b4  PmuP_disableCounters               
700525ac  PmuP_enableCounters                
700525bc  PmuP_getOverflowStatus             
700525cc  PmuP_setUserEnable                 
700525a4  PmuP_setup                         
70052ed5  PowerClock_deinit                  
70052e0f  PowerClock_init                    
700519e1  SOC_controlModuleLockMMR           
70051861  SOC_controlModuleUnlockMMR         
70052e35  SOC_getSelfCpuClk                  
70052ec1  SOC_moduleClockEnable              
70052945  SOC_moduleSetClockFrequency        
7004d321  SOC_rcmEnablePeripheralClock       
7004fb7d  SOC_rcmGetPeripheralClockFrequency 
7005289d  SOC_rcmGetR5Clock                  
70052ba1  SOC_rcmIsR5FInLockStepMode         
7004e549  SOC_rcmSetPeripheralClock          
7004f48d  SOC_virtToPhy                      
700522cd  SemaphoreP_constructBinary         
7005238d  SemaphoreP_constructMutex          
70050b8b  SemaphoreP_destruct                
70050fe1  SemaphoreP_pend                    
700527df  SemaphoreP_post                    
70052cc5  System_deinit                      
70052aff  System_init                        
70052c10  TI_memcpy_small                    
70052cac  TI_memset_small                    
7005110b  TaskP_yield                        
70052ed9  TimerP_Params_init                 
70052b41  TimerP_Params_initPriv             
70052edd  TimerP_clearOverflowInt            
70052eab  TimerP_clearOverflowIntPriv        
70052ee1  TimerP_getCount                    
70052c7b  TimerP_getCountPriv                
70052ee5  TimerP_getReloadCount              
70052e8d  TimerP_getReloadCountPriv          
70052ee9  TimerP_setup                       
7004f34d  TimerP_setupPriv                   
70052eed  TimerP_start                       
70052e97  TimerP_startPriv                   
70052cdb  UART_IsTxRxFifoEmpty               
70052143  UART_Params_init                   
70052d43  UART_Transaction_init              
7004f5c9  UART_close                         
70052c95  UART_deinit                        
7005155d  UART_flushTxFifo                   
70052b61  UART_getChar                       
700528c9  UART_getHandle                     
70052cf1  UART_getIntrIdentityStatus         
700512bd  UART_init                          
70052db3  UART_intr2Disable                  
70051bf7  UART_intrDisable                   
70052ea1  UART_lld_Transaction_deInit        
7004f833  UART_lld_controllerIsr             
7005230d  UART_lld_deInit                    
70052187  UART_lld_deInitDma                 
7004f0b9  UART_lld_dmaDeInit                 
700529df  UART_lld_dmaDisableChannel         
7004ef25  UART_lld_dmaInit                   
70050e0d  UART_lld_dmaRead                   
7004fea5  UART_lld_dmaWrite                  
700524f3  UART_lld_flushTxFifo               
700503f9  UART_lld_init                      
70050265  UART_lld_initDma                   
7004fc91  UART_lld_write                     
70051725  UART_lld_writeDma                  
70051791  UART_lld_writeIntr                 
7004e2a1  UART_open                          
70052d7d  UART_operatingModeSelect           
70051345  UART_procLineStatusErr             
70052d8f  UART_readLineStatus                
70052b81  UART_spaceAvail                    
7004ffa9  UART_write                         
70051c4d  UART_writeCancelNoCB               
70040b70  _CIOBUF_                           
70051a3d  _DebugP_assert                     
7005488d  _DebugP_assertNoLog                
70052565  _DebugP_logZone                    
70055f70  __ABORT_STACK_END                  
00000100  __ABORT_STACK_SIZE                 
70055e70  __ABORT_STACK_START                
70040d90  __BSS_END                          
70040000  __BSS_START                        
70040b70  __CIOBUF_                          
70054e70  __FIQ_STACK_END                    
00000100  __FIQ_STACK_SIZE                   
70054d70  __FIQ_STACK_START                  
70054d70  __IRQ_STACK_END                    
00000100  __IRQ_STACK_SIZE                   
70054c70  __IRQ_STACK_START                  
7004cd90  __STACK_END                        
00004000  __STACK_SIZE                       
70055e70  __SVC_STACK_END                    
00001000  __SVC_STACK_SIZE                   
70054e70  __SVC_STACK_START                  
00008000  __SYSMEM_SIZE                      
00000000  __TI_ATRegion0_region_sz           
00000000  __TI_ATRegion0_src_addr            
00000000  __TI_ATRegion0_trg_addr            
00000000  __TI_ATRegion1_region_sz           
00000000  __TI_ATRegion1_src_addr            
00000000  __TI_ATRegion1_trg_addr            
00000000  __TI_ATRegion2_region_sz           
00000000  __TI_ATRegion2_src_addr            
00000000  __TI_ATRegion2_trg_addr            
UNDEFED   __TI_CINIT_Base                    
UNDEFED   __TI_CINIT_Limit                   
UNDEFED   __TI_Handler_Table_Base            
UNDEFED   __TI_Handler_Table_Limit           
70051d4c  __TI_auto_init_nobinit_nopinit     
70051a98  __TI_cleanup                       
70054c1c  __TI_cleanup_ptr                   
700506e4  __TI_closefile                     
700513cc  __TI_doflush                       
70054c20  __TI_dtors_ptr                     
70054c0c  __TI_ft_end                        
ffffffff  __TI_pprof_out_hndl                
ffffffff  __TI_prof_data_size                
ffffffff  __TI_prof_data_start               
70051af0  __TI_readmsg                       
00000000  __TI_static_base__                 
70040c90  __TI_tmpnams                       
70051b48  __TI_writemsg                      
70050eac  __TI_wrt_ok                        
70056070  __UNDEFINED_STACK_END              
00000100  __UNDEFINED_STACK_SIZE             
70055f70  __UNDEFINED_STACK_START            
70052ef0  __aeabi_ldiv0                      
70052e40  __aeabi_memclr                     
70052e40  __aeabi_memclr4                    
70052e40  __aeabi_memclr8                    
70052ef4  __aeabi_memcpy                     
70052ef4  __aeabi_memcpy4                    
70052ef4  __aeabi_memcpy8                    
70052dc4  __aeabi_memset                     
70052dc4  __aeabi_memset4                    
70052dc4  __aeabi_memset8                    
70052a94  __aeabi_uldivmod                   
ffffffff  __binit__                          
700548c7  __mpu_init                         
70048d90  __stack                            
7004fa64  __udivmoddi4                       
7005476c  _c_int00                           
70054748  _c_int00_sbl                       
70054a6c  _device                            
700548e0  _ftable                            
70054c3c  _lock                              
70052ef8  _nop                               
70054b3c  _stream                            
70040d90  _sys_memory                        
UNDEFED   _system_post_cinit                 
700548ab  _system_pre_init                   
70054c48  _unlock                            
00000000  _vectors                           
700548d8  abort                              
7004ed80  aligned_alloc                      
ffffffff  binit                              
70051230  close                              
700526dd  empty_main                         
70051ca4  exit                               
70051cf8  finddevice                         
700500a4  fputc                              
7004ebd8  free                               
70052efc  fseek                              
70050630  fseeko                             
70053008  gADPLLJConfigTbl                   
70054c10  gAddrTranslateConfig               
70052f40  gCacheConfig                       
70052fb4  gCacheL1dCacheLineSize             
700537a0  gCacheL1pCacheLineSize             
70054bdc  gClockConfig                       
70040d30  gClockCtrl                         
70054c4c  gDebugLogZone                      
70054c50  gDebugP_uartDrvIndex               
700548e0  gEdmaConfig                        
70054c54  gEdmaConfigNum                     
70054c58  gHwiConfig                         
70040000  gHwiCtrl                           
70052f48  gMpuConfig                         
70052f54  gMpuRegionConfig                   
700534a8  gPeripheralClkSrcInfoMap           
70054c24  gSocModules                        
70054bf4  gSocModulesClockFrequency          
70054c34  gUartConfig                        
70054c5c  gUartConfigNum                     
70054c60  gUartDmaChConfig                   
700548e0  gUartDmaHandle                     
70040d88  gUartHandle                        
70054ae4  gUartParams                        
70050330  getdevice                          
70050ae9  init_gpio                          
70051df3  init_interrupts                    
70054c68  isMapAvailable                     
70052744  lseek                              
70052bbd  main                               
70052e4c  malloc                             
7004ed80  memalign                           
70040d78  parmbuf                            
70052dd4  putchar                            
70052da1  putchar_                           
70052f00  remove                             
7004f208  setvbuf                            
7004dc00  strcmp                             
70054c64  test                               
700520b4  unlink                             
70040d68  virtToPhymap                       
70052ab9  vprintf_                           
70052778  write                              


GLOBAL SYMBOLS: SORTED BY Symbol Address 

address   name                               
-------   ----                               
00000000  __TI_ATRegion0_region_sz           
00000000  __TI_ATRegion0_src_addr            
00000000  __TI_ATRegion0_trg_addr            
00000000  __TI_ATRegion1_region_sz           
00000000  __TI_ATRegion1_src_addr            
00000000  __TI_ATRegion1_trg_addr            
00000000  __TI_ATRegion2_region_sz           
00000000  __TI_ATRegion2_src_addr            
00000000  __TI_ATRegion2_trg_addr            
00000000  __TI_static_base__                 
00000000  _vectors                           
00000100  __ABORT_STACK_SIZE                 
00000100  __FIQ_STACK_SIZE                   
00000100  __IRQ_STACK_SIZE                   
00000100  __UNDEFINED_STACK_SIZE             
00001000  __SVC_STACK_SIZE                   
00004000  __STACK_SIZE                       
00008000  __SYSMEM_SIZE                      
70040000  __BSS_START                        
70040000  gHwiCtrl                           
70040b70  _CIOBUF_                           
70040b70  __CIOBUF_                          
70040c90  __TI_tmpnams                       
70040d30  gClockCtrl                         
70040d68  virtToPhymap                       
70040d78  parmbuf                            
70040d88  gUartHandle                        
70040d90  __BSS_END                          
70040d90  _sys_memory                        
70048d90  __stack                            
7004cd90  __STACK_END                        
7004d321  SOC_rcmEnablePeripheralClock       
7004d7ed  Board_driversOpen                  
7004dbf1  GPIO_bankIntrDisable               
7004dc00  strcmp                             
7004e2a1  UART_open                          
7004e549  SOC_rcmSetPeripheralClock          
7004e9d5  EDMA_freeChannelRegion             
7004ebd8  free                               
7004ed80  aligned_alloc                      
7004ed80  memalign                           
7004ef25  UART_lld_dmaInit                   
7004f0b9  UART_lld_dmaDeInit                 
7004f207  Board_deinit                       
7004f208  setvbuf                            
7004f34d  TimerP_setupPriv                   
7004f48d  SOC_virtToPhy                      
7004f5c9  UART_close                         
7004f833  UART_lld_controllerIsr             
7004fa64  __udivmoddi4                       
7004fb7d  SOC_rcmGetPeripheralClockFrequency 
7004fc91  UART_lld_write                     
7004fd9f  ClockP_init                        
7004fea3  Board_init                         
7004fea5  UART_lld_dmaWrite                  
7004ffa9  UART_write                         
700500a4  fputc                              
70050195  EDMA_unregisterIntr                
70050265  UART_lld_initDma                   
70050330  getdevice                          
700503f9  UART_lld_init                      
700504b9  EDMA_registerIntr                  
70050575  GPIO_init                          
70050630  fseeko                             
700506e4  __TI_closefile                     
70050a43  Dpl_deinit                         
70050ae9  init_gpio                          
70050b8b  SemaphoreP_destruct                
70050b8d  EDMA_freeDmaChannel                
70050c2d  EDMA_freeParam                     
70050ccd  EDMA_freeTcc                       
70050d6c  HOSTrename                         
70050e0d  UART_lld_dmaRead                   
70050eac  __TI_wrt_ok                        
70050f48  HOSTlseek                          
70050fe1  SemaphoreP_pend                    
70051077  EDMA_configureChannelRegion        
7005110b  TaskP_yield                        
7005110c  HOSTopen                           
70051230  close                              
700512bd  UART_init                          
70051345  UART_procLineStatusErr             
700513cc  __TI_doflush                       
70051454  HOSTread                           
700514d8  HOSTwrite                          
7005155d  UART_flushTxFifo                   
700515dd  EDMA_disableTransferRegion         
7005164b  EDMA_enableTransferRegion          
700516b8  HOSTunlink                         
70051725  UART_lld_writeDma                  
70051791  UART_lld_writeIntr                 
700517f9  CycleCounterP_init                 
70051809  CycleCounterP_reset                
7005182d  CycleCounterP_nsToTicks            
70051859  CycleCounterP_enableUserAccess     
70051861  SOC_controlModuleUnlockMMR         
700518c4  HOSTclose                          
70051925  ClockP_timerTickIsr                
70051985  GPIO_setTrigType                   
700519e1  SOC_controlModuleLockMMR           
70051a3d  _DebugP_assert                     
70051a98  __TI_cleanup                       
70051af0  __TI_readmsg                       
70051b48  __TI_writemsg                      
70051b94  C$$IO$$                            
70051ba1  ClockP_getTimeUsec                 
70051bf7  UART_intrDisable                   
70051c4d  UART_writeCancelNoCB               
70051ca4  exit                               
70051cf8  finddevice                         
70051d4c  __TI_auto_init_nobinit_nopinit     
70051da1  AddrTranslateP_getLocalAddr        
70051df3  init_interrupts                    
70051e45  ClockP_construct                   
70051e95  EDMA_allocDmaChannel               
70051ee5  EDMA_allocParam                    
70051f35  EDMA_allocTcc                      
70051fd3  EDMA_disableChInShadowRegRegion    
70052021  Drivers_uartOpen                   
700520b4  unlink                             
70052143  UART_Params_init                   
70052187  UART_lld_deInitDma                 
700521cb  ClockP_stop                        
7005220b  Dpl_init                           
7005224b  EDMA_mapChToEvtQ                   
7005228d  Pinmux_config                      
700522cd  SemaphoreP_constructBinary         
7005230d  UART_lld_deInit                    
7005238d  SemaphoreP_constructMutex          
700523cd  EDMA_getBaseAddr                   
70052445  ClockP_destruct                    
7005247f  DebugP_uartLogWriterPutChar        
700524b9  Module_clockSetFrequency           
700524f3  UART_lld_flushTxFifo               
70052565  _DebugP_logZone                    
7005259c  CycleCounterP_getCount32           
700525a4  PmuP_setup                         
700525ac  PmuP_enableCounters                
700525b4  PmuP_disableCounters               
700525bc  PmuP_getOverflowStatus             
700525c4  PmuP_clearOverflowStatus           
700525cc  PmuP_setUserEnable                 
700525d5  EDMA_clrMissEvtRegion              
7005260b  ClockP_start                       
7005263f  Module_clockDisable                
70052673  Module_clockEnable                 
700526dd  empty_main                         
70052744  lseek                              
70052778  write                              
700527ad  EDMA_unmapChToEvtQ                 
700527df  SemaphoreP_post                    
70052841  EDMA_enableChInShadowRegRegion     
7005289d  SOC_rcmGetR5Clock                  
700528c9  UART_getHandle                     
7005291d  GPIO_setDirMode                    
70052945  SOC_moduleSetClockFrequency        
7005296d  ClockP_sleep                       
70052993  EDMA_setPaRAM                      
700529b9  GPIO_deinit                        
700529df  UART_lld_dmaDisableChannel         
70052a94  __aeabi_uldivmod                   
70052ab9  vprintf_                           
70052add  EDMA_linkChannel                   
70052aff  System_init                        
70052b21  DebugP_logZoneEnable               
70052b41  TimerP_Params_initPriv             
70052b61  UART_getChar                       
70052b81  UART_spaceAvail                    
70052ba1  SOC_rcmIsR5FInLockStepMode         
70052bbd  main                               
70052c10  TI_memcpy_small                    
70052c2d  CSL_armR5GetCpuID                  
70052c47  EDMA_readEventStatusRegion         
70052c7b  TimerP_getCountPriv                
70052c95  UART_deinit                        
70052cac  TI_memset_small                    
70052cc5  System_deinit                      
70052cdb  UART_IsTxRxFifoEmpty               
70052cf1  UART_getIntrIdentityStatus         
70052d07  ClockP_usecToTicks                 
70052d1b  Drivers_open                       
70052d2f  EDMA_getRegionId                   
70052d43  UART_Transaction_init              
70052d7d  UART_operatingModeSelect           
70052d8f  UART_readLineStatus                
70052da1  putchar_                           
70052db3  UART_intr2Disable                  
70052dc4  __aeabi_memset                     
70052dc4  __aeabi_memset4                    
70052dc4  __aeabi_memset8                    
70052dd4  putchar                            
70052de5  EDMA_ccPaRAMEntry_init             
70052df3  GPIO_bankIntrEnable                
70052e01  Pinmux_init                        
70052e0f  PowerClock_init                    
70052e1d  ClockP_getTicks                    
70052e29  DebugP_uartSetDrvIndex             
70052e35  SOC_getSelfCpuClk                  
70052e40  __aeabi_memclr                     
70052e40  __aeabi_memclr4                    
70052e40  __aeabi_memclr8                    
70052e4c  malloc                             
70052e58  C$$EXIT                            
70052e58  HOSTexit                           
70052e6c  CSL_armR5ReadMpidrReg              
70052e79  ClockP_Params_init                 
70052e83  ClockP_isActive                    
70052e8d  TimerP_getReloadCountPriv          
70052e97  TimerP_startPriv                   
70052ea1  UART_lld_Transaction_deInit        
70052eab  TimerP_clearOverflowIntPriv        
70052ebb  EDMA_isInterruptEnabled            
70052ec1  SOC_moduleClockEnable              
70052ecd  ClockP_getTimerCount               
70052ed1  ClockP_timerClearOverflowInt       
70052ed5  PowerClock_deinit                  
70052ed9  TimerP_Params_init                 
70052edd  TimerP_clearOverflowInt            
70052ee1  TimerP_getCount                    
70052ee5  TimerP_getReloadCount              
70052ee9  TimerP_setup                       
70052eed  TimerP_start                       
70052ef0  __aeabi_ldiv0                      
70052ef4  __aeabi_memcpy                     
70052ef4  __aeabi_memcpy4                    
70052ef4  __aeabi_memcpy8                    
70052ef8  _nop                               
70052efc  fseek                              
70052f00  remove                             
70052f40  gCacheConfig                       
70052f48  gMpuConfig                         
70052f54  gMpuRegionConfig                   
70052fb4  gCacheL1dCacheLineSize             
70053008  gADPLLJConfigTbl                   
700534a8  gPeripheralClkSrcInfoMap           
700537a0  gCacheL1pCacheLineSize             
700537b1  HwiP_enableInt                     
700537d9  HwiP_disableInt                    
7005380b  HwiP_restoreInt                    
70053861  HwiP_clearInt                      
70053881  HwiP_post                          
700538a9  HwiP_Params_init                   
700538bb  HwiP_construct                     
70053a03  HwiP_destruct                      
70053ad5  HwiP_init                          
70053b97  HwiP_inISR                         
70053bb3  HwiP_irq_handler_c                 
70053c37  HwiP_fiq_handler                   
70053ce7  HwiP_reserved_handler              
70053d15  HwiP_undefined_handler_c           
70053d33  HwiP_user_undefined_handler_c      
70053d47  HwiP_svc_handler                   
70053d75  HwiP_prefetch_abort_handler_c      
70053def  HwiP_user_prefetch_abort_handler_c 
70053dff  HwiP_data_abort_handler_c          
70053e7f  HwiP_user_data_abort_handler_c     
70053e90  HwiP_irq_handler                   
70053f04  HwiP_data_abort_handler            
70053f48  HwiP_prefetch_abort_handler        
70053f94  HwiP_undefined_handler             
70053fc4  GET_DFSR                           
70053fcc  GET_ADFSR                          
70053fd4  GET_DFAR                           
70053fdc  GET_IFSR                           
70053fe4  GET_AIFSR                          
70053fec  GET_IFAR                           
70053ff4  GET_SPSR                           
7005400c  HwiP_disable                       
7005401c  HwiP_disableFIQ                    
7005402c  HwiP_enable                        
7005403c  HwiP_enableFIQ                     
7005404c  HwiP_restore                       
70054054  HwiP_enableVIC                     
70054064  HwiP_disableVIC                    
70054074  HwiP_getCPSR                       
70054088  CacheP_disableL1d                  
700540b0  CacheP_disableL1p                  
700540c8  CacheP_enableL1d                   
700540e0  CacheP_enableL1p                   
700540f8  CacheP_invL1d                      
70054130  CacheP_invL1p                      
7005416c  CacheP_invL1dAll                   
70054174  CacheP_invL1pAll                   
7005417c  CacheP_wb                          
700541b8  CacheP_wbInv                       
700541f4  CacheP_wbAll                       
7005429c  CacheP_wbInvAll                    
700542b4  CacheP_wbInvAllAsm                 
70054354  CacheP_getEnabled                  
7005438c  CacheP_getCacheLevelInfo           
70054398  CacheP_configForceWrThru           
700543b8  CacheP_setDLFO                     
700543c9  CacheP_init                        
70054421  CacheP_disable                     
7005445b  CacheP_enable                      
7005447b  CacheP_inv                         
700544b9  MpuP_getAttrs                      
700544f9  MpuP_RegionAttrs_init              
70054507  MpuP_setRegion                     
70054581  MpuP_isEnable                      
70054585  MpuP_disable                       
700545b7  MpuP_enable                        
700545f3  MpuP_init                          
70054655  MpuP_isUserAuthorizedToAccessMemory
700546bc  MpuP_disableAsm                    
700546d4  MpuP_disableBRAsm                  
700546e4  MpuP_enableAsm                     
700546fc  MpuP_enableBRAsm                   
7005470c  MpuP_isEnableAsm                   
70054720  MpuP_setRegionAsm                  
70054748  _c_int00_sbl                       
7005476c  _c_int00                           
7005488d  _DebugP_assertNoLog                
700548ab  _system_pre_init                   
700548c7  __mpu_init                         
700548d8  abort                              
700548e0  _ftable                            
700548e0  gEdmaConfig                        
700548e0  gUartDmaHandle                     
70054a6c  _device                            
70054ae4  gUartParams                        
70054b3c  _stream                            
70054bdc  gClockConfig                       
70054bf4  gSocModulesClockFrequency          
70054c0c  __TI_ft_end                        
70054c10  gAddrTranslateConfig               
70054c1c  __TI_cleanup_ptr                   
70054c20  __TI_dtors_ptr                     
70054c24  gSocModules                        
70054c34  gUartConfig                        
70054c3c  _lock                              
70054c48  _unlock                            
70054c4c  gDebugLogZone                      
70054c50  gDebugP_uartDrvIndex               
70054c54  gEdmaConfigNum                     
70054c58  gHwiConfig                         
70054c5c  gUartConfigNum                     
70054c60  gUartDmaChConfig                   
70054c64  test                               
70054c68  isMapAvailable                     
70054c70  __IRQ_STACK_START                  
70054d70  __FIQ_STACK_START                  
70054d70  __IRQ_STACK_END                    
70054e70  __FIQ_STACK_END                    
70054e70  __SVC_STACK_START                  
70055e70  __ABORT_STACK_START                
70055e70  __SVC_STACK_END                    
70055f70  __ABORT_STACK_END                  
70055f70  __UNDEFINED_STACK_START            
70056070  __UNDEFINED_STACK_END              
ffffffff  __TI_pprof_out_hndl                
ffffffff  __TI_prof_data_size                
ffffffff  __TI_prof_data_start               
ffffffff  __binit__                          
ffffffff  binit                              
UNDEFED   __TI_CINIT_Base                    
UNDEFED   __TI_CINIT_Limit                   
UNDEFED   __TI_Handler_Table_Base            
UNDEFED   __TI_Handler_Table_Limit           
UNDEFED   _system_post_cinit                 

[360 symbols]
