******************************************************************************
            TI ARM Clang Linker PC v4.0.2                      
******************************************************************************
>> Linked Tue Jun 10 10:23:53 2025

OUTPUT FILE NAME:   <second_stage_PDM_testing.out>
ENTRY POINT SYMBOL: "_vectors"  address: 00000000


MEMORY CONFIGURATION

         name            origin    length      used     unused   attr    fill
----------------------  --------  ---------  --------  --------  ----  --------
  R5F_VECS              00000000   00000040  00000040  00000000  RWIX
  R5F_TCMA              00000040   00007fc0  00000000  00007fc0  RWIX
  R5F_TCMB              00080000   00008000  00000000  00008000  RWIX
  MAILBOX_HSM           44000000   000003ce  00000000  000003ce  RWIX
  MAILBOX_R5F           44000400   000003ce  00000000  000003ce  RWIX
  FLASH                 60100000   00080000  00000000  00080000  RWIX
  SBL                   70000000   00040000  00000000  00040000  RWIX
  OCRAM                 70040000   00040000  0001aff8  00025008  RWIX
  USER_SHM_MEM          701d0000   00004000  00000000  00004000  RWIX
  LOG_SHM_MEM           701d4000   00004000  00000000  00004000  RWIX
  RTOS_NORTOS_IPC_SHM_M 72000000   00003e80  00000000  00003e80  RWIX


SEGMENT ALLOCATION MAP

run origin  load origin   length   init length attrs members
----------  ----------- ---------- ----------- ----- -------
00000000    00000000    00000040   00000040    r-x
  00000000    00000000    00000040   00000040    r-x .vectors
70040000    70040000    0000e330   00000000    rw-
  70040000    70040000    00002330   00000000    rw- .bss
  70042330    70042330    00008000   00000000    rw- .sysmem
  7004a330    7004a330    00004000   00000000    rw- .stack
7004e340    7004e340    0000b1f0   0000b1f0    r-x
  7004e340    7004e340    00009080   00009080    r-x .text
  700573c0    700573c0    00001040   00001040    r-- .rodata
  70058400    70058400    000008d8   000008d8    r-x .text.hwi
  70058cd8    70058cd8    00000430   00000430    r-x .text.cache
  70059108    70059108    00000290   00000290    r-x .text.mpu
  70059398    70059398    00000190   00000190    r-x .text.boot
  70059528    70059528    00000008   00000008    r-x .text:abort
70059530    70059530    00001ad8   000006d8    rw-
  70059530    70059530    000006d8   000006d8    rw- .data
  70059c08    70059c08    00000100   00000000    rw- .irqstack
  70059d08    70059d08    00000100   00000000    rw- .fiqstack
  70059e08    70059e08    00001000   00000000    rw- .svcstack
  7005ae08    7005ae08    00000100   00000000    rw- .abortstack
  7005af08    7005af08    00000100   00000000    rw- .undefinedstack


SECTION ALLOCATION MAP

 output                                  attributes/
section   page    origin      length       input sections
--------  ----  ----------  ----------   ----------------
.vectors   0    00000000    00000040     
                  00000000    00000040     nortos.am263px.r5f.ti-arm-clang.release.lib : HwiP_armv7r_vectors_nortos_asm.obj (.vectors)

.bss       0    70040000    00002330     UNINITIALIZED
                  70040000    00000c80     (.common:logs)
                  70040c80    00000808     (.common:gHwiCtrl)
                  70041488    00000770     ti_drivers_config.o (.bss.gMcspiObjects)
                  70041bf8    00000368     ti_drivers_config.o (.bss.gUartObjects)
                  70041f60    00000120     libsysbm.a : trgmsg.c.obj (.bss:_CIOBUF_)
                  70042080    000000e8     ti_drivers_config.o (.bss.gEdmaObjects)
                  70042168    000000c0     (.common:intr_objects)
                  70042228    000000a0     libc.a : defs.c.obj (.bss.__TI_tmpnams)
                  700422c8    00000038     (.common:gClockCtrl)
                  70042300    00000010     (.common:virtToPhymap)
                  70042310    00000008     libsysbm.a : hostopen.c.obj (.bss.parmbuf)
                  70042318    00000008     (.common:gMcspiHandle)
                  70042320    00000004     nortos.am263px.r5f.ti-arm-clang.release.lib : HwiP_armv7r_vim.obj (.bss.gdummy)
                  70042324    00000004     libc.a : memory.c.obj (.bss.sys_free)
                  70042328    00000004     (.common:gEdmaHandle)
                  7004232c    00000004     (.common:gUartHandle)

.sysmem    0    70042330    00008000     UNINITIALIZED
                  70042330    00000010     libc.a : memory.c.obj (.sysmem)
                  70042340    00007ff0     --HOLE--

.stack     0    7004a330    00004000     UNINITIALIZED
                  7004a330    00000004     nortos.am263px.r5f.ti-arm-clang.release.lib : boot_armv7r_asm.obj (.stack)
                  7004a334    00003ffc     --HOLE--

.text      0    7004e340    00009080     
                  7004e340    00000758     ti_drivers_open_close.o (.text.Drivers_adcOpen)
                  7004ea98    00000580     nortos.am263px.r5f.ti-arm-clang.release.lib : printf.obj (.text._vsnprintf)
                  7004f018    000004cc     drivers.am263px.r5f.ti-arm-clang.release.lib : soc_rcm.obj (.text.SOC_rcmEnablePeripheralClock)
                  7004f4e4    00000004     ti_board_open_close.o (.text.Board_driversOpen)
                  7004f4e8    00000400     nortos.am263px.r5f.ti-arm-clang.release.lib : printf.obj (.text._ftoa)
                  7004f8e8    00000018     drivers.am263px.r5f.ti-arm-clang.release.lib : mcspi_v0.obj (.text.MCSPI_deinit)
                  7004f900    00000390     libc.a : strcmp32.S.obj (.text:strcmp)
                  7004fc90    00000310     nortos.am263px.r5f.ti-arm-clang.release.lib : printf.obj (.text._etoa)
                  7004ffa0    000002a8     drivers.am263px.r5f.ti-arm-clang.release.lib : uart_v0.obj (.text.UART_open)
                  70050248    00000298                                                  : mcspi_v0.obj (.text.MCSPI_open)
                  700504e0    0000027c                                                  : edma.obj (.text.EDMA_init)
                  7005075c    00000250                                                  : soc_rcm.obj (.text.SOC_rcmSetPeripheralClock)
                  700509ac    0000023c                                                  : uart_v0_lld.obj (.text.UART_configInstance)
                  70050be8    00000230                                                  : mcspi_dma_edma.obj (.text.MCSPI_lld_dmaTransfer)
                  70050e18    0000020c                                                  : edma.obj (.text.EDMA_errorIsrFxn)
                  70051024    00000204                                                  : edma.obj (.text.EDMA_freeChannelRegion)
                  70051228    000001e8                                                  : mcspi_v0_lld.obj (.text.MCSPI_lld_controllerIsr)
                  70051410    000001e2     ti_drivers_config.o (.text.GPIO_init)
                  700515f2    00000002     ti_board_config.o (.text.Board_deinit)
                  700515f4    000001c0     drivers.am263px.r5f.ti-arm-clang.release.lib : mcspi_dma_edma.obj (.text.MCSPI_lld_dmaChInit)
                  700517b4    000001a8                                                  : mcspi_v0_lld.obj (.text.MCSPI_lld_chConfig)
                  7005195c    000001a8     libc.a : memory.c.obj (.text.free)
                  70051b04    000001a4            : memory.c.obj (.text.aligned_alloc)
                  70051ca8    00000194     drivers.am263px.r5f.ti-arm-clang.release.lib : uart_dma_edma.obj (.text.UART_lld_dmaInit)
                  70051e3c    00000164                                                  : edma.obj (.text.EDMA_open)
                  70051fa0    00000160                                                  : edma.obj (.text.EDMA_deinit)
                  70052100    0000014e                                                  : uart_dma_edma.obj (.text.UART_lld_dmaDeInit)
                  7005224e    0000014c                                                  : mcspi_dma_edma.obj (.text.MCSPI_lld_dmaDeInit)
                  7005239a    00000002     ti_board_config.o (.text.Board_init)
                  7005239c    00000144     libc.a : setvbuf.c.obj (.text.setvbuf)
                  700524e0    00000140     nortos.am263px.r5f.ti-arm-clang.release.lib : TimerP_rti_priv.obj (.text.TimerP_setupPriv)
                  70052620    0000013c     drivers.am263px.r5f.ti-arm-clang.release.lib : soc.obj (.text.SOC_virtToPhy)
                  7005275c    00000138                                                  : uart_v0.obj (.text.UART_close)
                  70052894    00000132     nortos.am263px.r5f.ti-arm-clang.release.lib : printf.obj (.text._ntoa_format)
                  700529c6    0000011a     drivers.am263px.r5f.ti-arm-clang.release.lib : uart_v0_lld.obj (.text.UART_lld_controllerIsr)
                  70052ae0    00000118                                                  : edma.obj (.text.Alloc_resource)
                  70052bf8    00000118     libclang_rt.builtins.a : udivmoddi4.S.obj (.text)
                  70052d10    00000114     drivers.am263px.r5f.ti-arm-clang.release.lib : soc_rcm.obj (.text.SOC_rcmGetPeripheralClockFrequency)
                  70052e24    0000010e                                                  : uart_v0_lld.obj (.text.UART_lld_write)
                  70052f32    0000010a     board.o (.text.init_gpio)
                  7005303c    00000108     drivers.am263px.r5f.ti-arm-clang.release.lib : edma.obj (.text.EDMA_transferCompletionMasterIsrFxn)
                  70053144    00000106                                                  : mcspi_v0_lld.obj (.text.MCSPI_continuePeripheralTxRx)
                  7005324a    00000104     nortos.am263px.r5f.ti-arm-clang.release.lib : ClockP_nortos_r5.obj (.text.ClockP_init)
                  7005334e    00000002     ti_dpl_config.o (.text.Dpl_deinit)
                  70053350    00000104     drivers.am263px.r5f.ti-arm-clang.release.lib : uart_dma_edma.obj (.text.UART_lld_dmaWrite)
                  70053454    00000100                                                  : mcspi_v0.obj (.text.MCSPI_close)
                  70053554    000000fc                                                  : uart_v0.obj (.text.UART_write)
                  70053650    000000f4                                                  : mcspi_v0_lld.obj (.text.MCSPI_lld_initDma)
                  70053744    000000f0     libc.a : fputc.c.obj (.text.fputc)
                  70053834    000000e6     drivers.am263px.r5f.ti-arm-clang.release.lib : mcspi_dma_edma.obj (.text.MCSPI_edmaIsrTx)
                  7005391a    00000002     nortos.am263px.r5f.ti-arm-clang.release.lib : SemaphoreP_nortos.obj (.text.SemaphoreP_destruct)
                  7005391c    000000d0     drivers.am263px.r5f.ti-arm-clang.release.lib : edma.obj (.text.EDMA_unregisterIntr)
                  700539ec    000000d0     ti_drivers_config.o (.text.GPIO_deinit)
                  70053abc    000000ce     logger.o (.text.print_log)
                  70053b8a    00000002     nortos.am263px.r5f.ti-arm-clang.release.lib : TaskP_nortos.obj (.text.TaskP_yield)
                  70053b8c    000000cc     drivers.am263px.r5f.ti-arm-clang.release.lib : uart_v0_lld.obj (.text.UART_lld_initDma)
                  70053c58    000000c8     libc.a : getdevice.c.obj (.text.getdevice)
                  70053d20    000000c4     drivers.am263px.r5f.ti-arm-clang.release.lib : mcspi_v0_lld.obj (.text.MCSPI_lld_init)
                  70053de4    000000c2     board.o (.text.GPIO_bankIsrFxn)
                  70053ea6    00000002     drivers.am263px.r5f.ti-arm-clang.release.lib : uart_dma_edma.obj (.text.UART_edmaDoNothing)
                  70053ea8    000000c0                                                  : uart_v0_lld.obj (.text.UART_lld_init)
                  70053f68    000000bc                                                  : edma.obj (.text.EDMA_registerIntr)
                  70054024    000000b4     libc.a : fseek.c.obj (.text.fseeko)
                  700540d8    000000b0            : fclose.c.obj (.text.__TI_closefile)
                  70054188    000000b0     nortos.am263px.r5f.ti-arm-clang.release.lib : printf.obj (.text._ntoa_long_long)
                  70054238    000000ac     drivers.am263px.r5f.ti-arm-clang.release.lib : soc_rcm.obj (.text.SOC_rcmGetCoreHSDivOut)
                  700542e4    000000ac                                                  : uart_v0_lld.obj (.text.UART_divisorLatchWrite)
                  70054390    000000a6                                                  : mcspi_dma_edma.obj (.text.MCSPI_edmaIsrRx)
                  70054436    000000a6     nortos.am263px.r5f.ti-arm-clang.release.lib : printf.obj (.text._out_rev)
                  700544dc    000000a6     board.o (.text.init_global_interrupts)
                  70054582    00000002     drivers.am263px.r5f.ti-arm-clang.release.lib : uart_v0.obj (.text.UART_lld_errorCallback)
                  70054584    000000a4     libc.a : memory.c.obj (.text.split)
                  70054628    000000a0     drivers.am263px.r5f.ti-arm-clang.release.lib : edma.obj (.text.EDMA_freeDmaChannel)
                  700546c8    000000a0                                                  : edma.obj (.text.EDMA_freeParam)
                  70054768    000000a0                                                  : edma.obj (.text.EDMA_freeTcc)
                  70054808    000000a0     libsysbm.a : hostrename.c.obj (.text.HOSTrename)
                  700548a8    000000a0     drivers.am263px.r5f.ti-arm-clang.release.lib : uart_dma_edma.obj (.text.UART_lld_dmaRead)
                  70054948    0000009c     libc.a : _io_perm.c.obj (.text.__TI_wrt_ok)
                  700549e4    00000098     libsysbm.a : hostlseek.c.obj (.text.HOSTlseek)
                  70054a7c    00000096     nortos.am263px.r5f.ti-arm-clang.release.lib : SemaphoreP_nortos.obj (.text.SemaphoreP_pend)
                  70054b12    00000094     drivers.am263px.r5f.ti-arm-clang.release.lib : edma.obj (.text.EDMA_configureChannelRegion)
                  70054ba6    00000002     nortos.am263px.r5f.ti-arm-clang.release.lib : printf.obj (.text._out_null)
                  70054ba8    00000094     libsysbm.a : hostopen.c.obj (.text.HOSTopen)
                  70054c3c    0000008e     nortos.am263px.r5f.ti-arm-clang.release.lib : printf.obj (.text._ntoa_long)
                  70054cca    0000008c     ti_drivers_open_close.o (.text.Drivers_open)
                  70054d56    0000008c     drivers.am263px.r5f.ti-arm-clang.release.lib : mcspi_v0_lld.obj (.text.MCSPI_lld_peripheralIsr)
                  70054de2    00000002     --HOLE-- [fill = 0]
                  70054de4    0000008c     libsysbm.a : close.c.obj (.text.close)
                  70054e70    00000088     drivers.am263px.r5f.ti-arm-clang.release.lib : adc.obj (.text.ADC_setPPBTripLimits)
                  70054ef8    00000088                                                  : uart_v0.obj (.text.UART_init)
                  70054f80    00000088                                                  : uart_v0_lld.obj (.text.UART_procLineStatusErr)
                  70055008    00000088     libc.a : fflush.c.obj (.text.__TI_doflush)
                  70055090    00000084     libsysbm.a : hostread.c.obj (.text.HOSTread)
                  70055114    00000084                : hostwrite.c.obj (.text.HOSTwrite)
                  70055198    00000080     drivers.am263px.r5f.ti-arm-clang.release.lib : edma.obj (.text.EDMA_close)
                  70055218    00000080                                                  : uart_v0.obj (.text.UART_flushTxFifo)
                  70055298    0000007e     ti_drivers_open_close.o (.text.Drivers_mcspiOpen)
                  70055316    0000007e     drivers.am263px.r5f.ti-arm-clang.release.lib : mcspi_v0_lld.obj (.text.MCSPI_fifoRead)
                  70055394    0000007a                                                  : mcspi_v0_lld.obj (.text.MCSPI_initiateLastChunkTransfer)
                  7005540e    00000002     --HOLE-- [fill = 0]
                  70055410    00000078                                                  : mcspi_v0.obj (.text.MCSPI_init)
                  70055488    00000072                                                  : mcspi_v0_lld.obj (.text.MCSPI_fifoWrite)
                  700554fa    00000072                                                  : mcspi_v0_lld.obj (.text.MCSPI_stop)
                  7005556c    00000070                                                  : mcspi_dma_edma.obj (.text.MCSPI_lld_dmaStop)
                  700555dc    0000006e                                                  : edma.obj (.text.EDMA_disableTransferRegion)
                  7005564a    0000006e                                                  : edma.obj (.text.EDMA_enableTransferRegion)
                  700556b8    0000006c     libsysbm.a : hostunlink.c.obj (.text.HOSTunlink)
                  70055724    0000006c     drivers.am263px.r5f.ti-arm-clang.release.lib : uart_v0_lld.obj (.text.UART_lld_writeDma)
                  70055790    00000068                                                  : uart_v0_lld.obj (.text.UART_lld_writeIntr)
                  700557f8    00000066     nortos.am263px.r5f.ti-arm-clang.release.lib : PmuP_armv7r.obj (.text.pmu)
                  7005585e    00000002     --HOLE-- [fill = 0]
                  70055860    00000064     drivers.am263px.r5f.ti-arm-clang.release.lib : soc.obj (.text.SOC_controlModuleUnlockMMR)
                  700558c4    00000060     libsysbm.a : hostclose.c.obj (.text.HOSTclose)
                  70055924    0000005e     nortos.am263px.r5f.ti-arm-clang.release.lib : ClockP_nortos.obj (.text.ClockP_timerTickIsr)
                  70055982    00000002     --HOLE-- [fill = 0]
                  70055984    0000005c     drivers.am263px.r5f.ti-arm-clang.release.lib : gpio.obj (.text.GPIO_setTrigType)
                  700559e0    0000005c                                                  : mcspi_v0_lld.obj (.text.MCSPI_configInstance)
                  70055a3c    0000005c                                                  : soc.obj (.text.SOC_controlModuleLockMMR)
                  70055a98    0000005c     nortos.am263px.r5f.ti-arm-clang.release.lib : DebugP_log.obj (.text._DebugP_assert)
                  70055af4    00000058     drivers.am263px.r5f.ti-arm-clang.release.lib : mcspi_dma_edma.obj (.text.MCSPI_edmaUpdateTransferParams)
                  70055b4c    00000058     libc.a : fopen.c.obj (.text.__TI_cleanup)
                  70055ba4    00000058     libsysbm.a : trgmsg.c.obj (.text.__TI_readmsg)
                  70055bfc    00000058                : trgmsg.c.obj (.text.__TI_writemsg)
                  70055c54    00000058     board.o (.text.init_interrupt)
                  70055cac    00000056     nortos.am263px.r5f.ti-arm-clang.release.lib : ClockP_nortos.obj (.text.ClockP_getTimeUsec)
                  70055d02    00000056     drivers.am263px.r5f.ti-arm-clang.release.lib : uart_v0_lld.obj (.text.UART_intrDisable)
                  70055d58    00000056                                                  : uart_v0_lld.obj (.text.UART_writeCancelNoCB)
                  70055dae    00000002     --HOLE-- [fill = 0]
                  70055db0    00000054     libc.a : exit.c.obj (.text.exit)
                  70055e04    00000054            : getdevice.c.obj (.text.finddevice)
                  70055e58    00000054            : autoinit.c.obj (.text:__TI_auto_init_nobinit_nopinit)
                  70055eac    00000052     nortos.am263px.r5f.ti-arm-clang.release.lib : AddrTranslateP_32bit.obj (.text.AddrTranslateP_getLocalAddr)
                  70055efe    00000052     drivers.am263px.r5f.ti-arm-clang.release.lib : mcspi_v0_lld.obj (.text.MCSPI_lld_deInitDma)
                  70055f50    00000050     nortos.am263px.r5f.ti-arm-clang.release.lib : ClockP_nortos.obj (.text.ClockP_construct)
                  70055fa0    00000050     drivers.am263px.r5f.ti-arm-clang.release.lib : edma.obj (.text.EDMA_allocDmaChannel)
                  70055ff0    00000050                                                  : edma.obj (.text.EDMA_allocParam)
                  70056040    00000050                                                  : edma.obj (.text.EDMA_allocTcc)
                  70056090    0000004e     nortos.am263px.r5f.ti-arm-clang.release.lib : ClockP_nortos.obj (.text.ClockP_addToList)
                  700560de    0000004e     ti_drivers_open_close.o (.text.Drivers_edmaOpen)
                  7005612c    0000004e     ti_drivers_open_close.o (.text.Drivers_uartOpen)
                  7005617a    0000004e     drivers.am263px.r5f.ti-arm-clang.release.lib : edma.obj (.text.EDMA_disableChInShadowRegRegion)
                  700561c8    0000004c                                                  : mcspi_v0.obj (.text.MCSPI_transferCallback)
                  70056214    0000004c     PDMtesting.o (.text.PDM_testing)
                  70056260    0000004c     drivers.am263px.r5f.ti-arm-clang.release.lib : soc.obj (.text.SOC_enableAdcReferenceMonitor)
                  700562ac    00000048                                                  : soc.obj (.text.SOC_enableAdcGlobalForce)
                  700562f4    00000048                                                  : soc.obj (.text.SOC_enableAdcInternalReference)
                  7005633c    00000048                                                  : uart_dma_edma.obj (.text.UART_edmaIsrRx)
                  70056384    00000048     libsysbm.a : unlink.c.obj (.text.unlink)
                  700563cc    00000046     drivers.am263px.r5f.ti-arm-clang.release.lib : uart_dma_edma.obj (.text.UART_edmaIsrTx)
                  70056412    00000002     --HOLE-- [fill = 0]
                  70056414    00000044                                                  : soc.obj (.text.SOC_getAdcReferenceStatus)
                  70056458    00000044                                                  : uart_v0.obj (.text.UART_Params_init)
                  7005649c    00000044                                                  : uart_v0_lld.obj (.text.UART_lld_deInitDma)
                  700564e0    00000040     nortos.am263px.r5f.ti-arm-clang.release.lib : ClockP_nortos.obj (.text.ClockP_stop)
                  70056520    00000040     ti_dpl_config.o (.text.Dpl_init)
                  70056560    00000040     drivers.am263px.r5f.ti-arm-clang.release.lib : edma.obj (.text.EDMA_mapChToEvtQ)
                  700565a0    00000040                                                  : pinmux.obj (.text.Pinmux_config)
                  700565e0    00000040     nortos.am263px.r5f.ti-arm-clang.release.lib : SemaphoreP_nortos.obj (.text.SemaphoreP_constructBinary)
                  70056620    00000040     drivers.am263px.r5f.ti-arm-clang.release.lib : uart_v0_lld.obj (.text.UART_lld_deInit)
                  70056660    00000040     libc.a : memory.c.obj (.text.free_list_insert)
                  700566a0    0000003e     nortos.am263px.r5f.ti-arm-clang.release.lib : SemaphoreP_nortos.obj (.text.SemaphoreP_constructMutex)
                  700566de    00000002     --HOLE-- [fill = 0]
                  700566e0    0000003c     drivers.am263px.r5f.ti-arm-clang.release.lib : edma.obj (.text.EDMA_getBaseAddr)
                  7005671c    0000003c                                                  : uart_v0_lld.obj (.text.UART_readData)
                  70056758    0000003a     nortos.am263px.r5f.ti-arm-clang.release.lib : ClockP_nortos.obj (.text.ClockP_destruct)
                  70056792    0000003a                                                 : DebugP_uartLogWriter.obj (.text.DebugP_uartLogWriterPutChar)
                  700567cc    0000003a     ti_power_clock_config.o (.text.Module_clockSetFrequency)
                  70056806    0000003a     drivers.am263px.r5f.ti-arm-clang.release.lib : uart_v0_lld.obj (.text.UART_lld_flushTxFifo)
                  70056840    0000003a     logger.o (.text.add_log)
                  7005687a    00000002     --HOLE-- [fill = 0]
                  7005687c    00000038     drivers.am263px.r5f.ti-arm-clang.release.lib : soc_rcm.obj (.text.SOC_rcmADPLLJGetFOut)
                  700568b4    00000038     nortos.am263px.r5f.ti-arm-clang.release.lib : DebugP_nortos.obj (.text._DebugP_logZone)
                  700568ec    00000038                                                 : PmuP_armv7r_asm.obj (.text.pmu)
                  70056924    00000036     drivers.am263px.r5f.ti-arm-clang.release.lib : edma.obj (.text.EDMA_clrMissEvtRegion)
                  7005695a    00000034     nortos.am263px.r5f.ti-arm-clang.release.lib : ClockP_nortos.obj (.text.ClockP_start)
                  7005698e    00000034     drivers.am263px.r5f.ti-arm-clang.release.lib : mcspi_v0.obj (.text.MCSPI_errorCallback)
                  700569c2    00000034     ti_power_clock_config.o (.text.Module_clockDisable)
                  700569f6    00000034     ti_power_clock_config.o (.text.Module_clockEnable)
                  70056a2a    00000002     --HOLE-- [fill = 0]
                  70056a2c    00000034     drivers.am263px.r5f.ti-arm-clang.release.lib : soc.obj (.text.SOC_enableAdcDacLoopback)
                  70056a60    00000034                                                  : soc_rcm.obj (.text.SOC_rcmGetModuleClkDivVal)
                  70056a94    00000034     libc.a : memory.c.obj (.text.free_list_remove)
                  70056ac8    00000034     libsysbm.a : lseek.c.obj (.text.lseek)
                  70056afc    00000034                : write.c.obj (.text.write)
                  70056b30    00000032     nortos.am263px.r5f.ti-arm-clang.release.lib : ClockP_nortos.obj (.text.ClockP_usleep)
                  70056b62    00000032     drivers.am263px.r5f.ti-arm-clang.release.lib : edma.obj (.text.EDMA_unmapChToEvtQ)
                  70056b94    00000032     nortos.am263px.r5f.ti-arm-clang.release.lib : SemaphoreP_nortos.obj (.text.SemaphoreP_post)
                  70056bc6    00000030     drivers.am263px.r5f.ti-arm-clang.release.lib : uart_v0.obj (.text.UART_lld_writeCompleteCallback)
                  70056bf6    0000002e                                                  : edma.obj (.text.EDMA_enableChInShadowRegRegion)
                  70056c24    0000002e                                                  : uart_v0.obj (.text.UART_lld_readCompleteCallback)
                  70056c52    00000002     --HOLE-- [fill = 0]
                  70056c54    0000002c                                                  : soc_rcm.obj (.text.SOC_rcmGetR5Clock)
                  70056c80    0000002c                                                  : uart_v0.obj (.text.UART_getHandle)
                  70056cac    0000002a     ti_drivers_config.o (.text.System_init)
                  70056cd6    00000028     nortos.am263px.r5f.ti-arm-clang.release.lib : ClockP_nortos.obj (.text.ClockP_sleepTicks)
                  70056cfe    00000028     drivers.am263px.r5f.ti-arm-clang.release.lib : gpio.obj (.text.GPIO_setDirMode)
                  70056d26    00000028                                                  : mcspi_v0_lld.obj (.text.MCSPI_fifoReadMultiWord)
                  70056d4e    00000002     --HOLE-- [fill = 0]
                  70056d50    00000028                                                  : soc.obj (.text.SOC_moduleSetClockFrequency)
                  70056d78    00000026     nortos.am263px.r5f.ti-arm-clang.release.lib : ClockP_nortos.obj (.text.ClockP_sleep)
                  70056d9e    00000026     drivers.am263px.r5f.ti-arm-clang.release.lib : edma.obj (.text.EDMA_setPaRAM)
                  70056dc4    00000026                                                  : uart_dma_edma.obj (.text.UART_lld_dmaDisableChannel)
                  70056dea    00000024                                                  : mcspi_v0_lld.obj (.text.MCSPI_fifoWriteMultiWord)
                  70056e0e    00000002     --HOLE-- [fill = 0]
                  70056e10    00000024                                                  : uart_v0_lld.obj (.text.UART_IsHWFlowCtrlValid)
                  70056e34    00000024                                                  : uart_v0_lld.obj (.text.UART_IsRxTrigLvlValid)
                  70056e58    00000024                                                  : uart_v0_lld.obj (.text.UART_IsTxTrigLvlValid)
                  70056e7c    00000024     libclang_rt.builtins.a : aeabi_uldivmod.S.obj (.text.__aeabi_uldivmod)
                  70056ea0    00000024     nortos.am263px.r5f.ti-arm-clang.release.lib : printf.obj (.text.vprintf_)
                  70056ec4    00000022     drivers.am263px.r5f.ti-arm-clang.release.lib : edma.obj (.text.EDMA_linkChannel)
                  70056ee6    00000022     logger.o (.text.print_logs)
                  70056f08    00000020     nortos.am263px.r5f.ti-arm-clang.release.lib : DebugP_log.obj (.text.DebugP_logZoneEnable)
                  70056f28    00000020     drivers.am263px.r5f.ti-arm-clang.release.lib : mcspi_v0_lld.obj (.text.MCSPI_fifoRead32)
                  70056f48    00000020     nortos.am263px.r5f.ti-arm-clang.release.lib : TimerP_rti_priv.obj (.text.TimerP_Params_initPriv)
                  70056f68    00000020     drivers.am263px.r5f.ti-arm-clang.release.lib : uart_v0_lld.obj (.text.UART_getChar)
                  70056f88    0000001e     ti_drivers_config.o (.text.System_deinit)
                  70056fa6    0000001e     drivers.am263px.r5f.ti-arm-clang.release.lib : uart_v0_lld.obj (.text.UART_spaceAvail)
                  70056fc4    0000001c                                                  : mcspi_v0_lld.obj (.text.MCSPI_fifoWrite32)
                  70056fe0    0000001c                                                  : mcspi_v0_lld.obj (.text.MCSPI_lld_deInit)
                  70056ffc    0000001c                                                  : soc_rcm.obj (.text.SOC_rcmIsR5FInLockStepMode)
                  70057018    0000001c     main.o (.text.main)
                  70057034    0000001c     libsysbm.a : hostrename.c.obj (.text.strcpy)
                  70057050    0000001c                : hostrename.c.obj (.text.strlen)
                  7005706c    0000001c     libc.a : memcpy32.S.obj (.text:TI_memcpy_small)
                  70057088    0000001a     nortos.am263px.r5f.ti-arm-clang.release.lib : CpuId_armv7r.obj (.text.CSL_armR5GetCpuID)
                  700570a2    0000001a     drivers.am263px.r5f.ti-arm-clang.release.lib : edma.obj (.text.EDMA_readEventStatusRegion)
                  700570bc    0000001a                                                  : uart_v0_lld.obj (.text.UART_enhanFuncEnable)
                  700570d6    00000018                                                  : mcspi_dma_edma.obj (.text.MCSPI_lld_dmaInit)
                  700570ee    00000018     nortos.am263px.r5f.ti-arm-clang.release.lib : TimerP_rti_priv.obj (.text.TimerP_getCountPriv)
                  70057106    00000002     --HOLE-- [fill = 0]
                  70057108    00000018     drivers.am263px.r5f.ti-arm-clang.release.lib : uart_v0.obj (.text.UART_deinit)
                  70057120    00000018     libc.a : memset32.S.obj (.text:TI_memset_small)
                  70057138    00000016     drivers.am263px.r5f.ti-arm-clang.release.lib : mcspi_v0_lld.obj (.text.MCSPI_reset)
                  7005714e    00000016                                                  : uart_v0_lld.obj (.text.UART_IsTxRxFifoEmpty)
                  70057164    00000016                                                  : uart_v0_lld.obj (.text.UART_getIntrIdentityStatus)
                  7005717a    00000014     nortos.am263px.r5f.ti-arm-clang.release.lib : ClockP_nortos.obj (.text.ClockP_usecToTicks)
                  7005718e    00000014     drivers.am263px.r5f.ti-arm-clang.release.lib : edma.obj (.text.EDMA_getRegionId)
                  700571a2    00000014                                                  : uart_v0.obj (.text.UART_Transaction_init)
                  700571b6    00000014                                                  : uart_v0_lld.obj (.text.UART_enhanFuncBitValRestore)
                  700571ca    00000012                                                  : adc.obj (.text.ADC_setMode)
                  700571dc    00000012                                                  : uart_v0_lld.obj (.text.UART_hardwareFlowCtrlOptSet)
                  700571ee    00000012                                                  : uart_v0_lld.obj (.text.UART_operatingModeSelect)
                  70057200    00000012                                                  : uart_v0_lld.obj (.text.UART_readLineStatus)
                  70057212    00000012     ti_dpl_config.o (.text.putchar_)
                  70057224    00000010     drivers.am263px.r5f.ti-arm-clang.release.lib : gpio.obj (.text.GPIO_bankIntrDisable)
                  70057234    00000010                                                  : uart_v0_lld.obj (.text.UART_intr2Disable)
                  70057244    00000010     libclang_rt.builtins.a : aeabi_memset.S.obj (.text.__aeabi_memset)
                  70057254    00000010     libc.a : fputc.c.obj (.text.putchar)
                  70057264    0000000e     drivers.am263px.r5f.ti-arm-clang.release.lib : edma.obj (.text.EDMA_ccPaRAMEntry_init)
                  70057272    0000000e                                                  : gpio.obj (.text.GPIO_bankIntrEnable)
                  70057280    0000000e     ti_pinmux_config.o (.text.Pinmux_init)
                  7005728e    0000000e     ti_power_clock_config.o (.text.PowerClock_init)
                  7005729c    0000000c     nortos.am263px.r5f.ti-arm-clang.release.lib : ClockP_nortos.obj (.text.ClockP_getTicks)
                  700572a8    0000000c                                                 : DebugP_uartLogWriter.obj (.text.DebugP_uartSetDrvIndex)
                  700572b4    0000000c     drivers.am263px.r5f.ti-arm-clang.release.lib : edma.obj (.text.EDMA_isInitialized)
                  700572c0    0000000c                                                  : soc.obj (.text.SOC_getSelfCpuClk)
                  700572cc    0000000c     libclang_rt.builtins.a : aeabi_memset.S.obj (.text.__aeabi_memclr)
                  700572d8    0000000c     libc.a : memory.c.obj (.text.malloc)
                  700572e4    0000000c     nortos.am263px.r5f.ti-arm-clang.release.lib : CpuId_armv7r_asm.obj (.text)
                  700572f0    0000000a                                                 : ClockP_nortos.obj (.text.ClockP_Params_init)
                  700572fa    00000006     drivers.am263px.r5f.ti-arm-clang.release.lib : edma.obj (.text.EDMA_isInterruptEnabled)
                  70057300    0000000c     libc.a : strcmp32.S.obj (.text)
                  7005730c    0000000a     nortos.am263px.r5f.ti-arm-clang.release.lib : ClockP_nortos.obj (.text.ClockP_isActive)
                  70057316    0000000a                                                 : TimerP_rti_priv.obj (.text.TimerP_getReloadCountPriv)
                  70057320    0000000a                                                 : TimerP_rti_priv.obj (.text.TimerP_startPriv)
                  7005732a    0000000a     drivers.am263px.r5f.ti-arm-clang.release.lib : uart_v0_lld.obj (.text.UART_lld_Transaction_deInit)
                  70057334    00000008     libsysbm.a : hostexit.c.obj (.text.HOSTexit)
                  7005733c    00000008     nortos.am263px.r5f.ti-arm-clang.release.lib : TimerP_rti_priv.obj (.text.TimerP_clearOverflowIntPriv)
                  70057344    00000008                                                 : printf.obj (.text._out_char)
                  7005734c    00000006     drivers.am263px.r5f.ti-arm-clang.release.lib : soc.obj (.text.SOC_moduleClockEnable)
                  70057352    00000006                                                  : soc_rcm.obj (.text.SOC_rcmGetCR5SysclkInFrequency)
                  70057358    00000004     nortos.am263px.r5f.ti-arm-clang.release.lib : ClockP_nortos_r5.obj (.text.ClockP_getTimerCount)
                  7005735c    00000004                                                 : ClockP_nortos_r5.obj (.text.ClockP_timerClearOverflowInt)
                  70057360    00000004     ti_power_clock_config.o (.text.PowerClock_deinit)
                  70057364    00000004     nortos.am263px.r5f.ti-arm-clang.release.lib : TimerP_rti_nortos.obj (.text.TimerP_Params_init)
                  70057368    00000004                                                 : TimerP_rti_nortos.obj (.text.TimerP_clearOverflowInt)
                  7005736c    00000004                                                 : TimerP_rti_nortos.obj (.text.TimerP_getCount)
                  70057370    00000004                                                 : TimerP_rti_nortos.obj (.text.TimerP_getReloadCount)
                  70057374    00000004                                                 : TimerP_rti_nortos.obj (.text.TimerP_setup)
                  70057378    00000004                                                 : TimerP_rti_nortos.obj (.text.TimerP_start)
                  7005737c    00000004     libclang_rt.builtins.a : aeabi_div0.c.obj (.text.__aeabi_ldiv0)
                  70057380    00000004                            : aeabi_memcpy.S.obj (.text.__aeabi_memcpy)
                  70057384    00000004     libc.a : _lock.c.obj (.text._nop)
                  70057388    00000004            : fseek.c.obj (.text.fseek)
                  7005738c    00000004     libsysbm.a : remove.c.obj (.text.remove)
                  70057390    00000008     nortos.am263px.r5f.ti-arm-clang.release.lib : HwiP_armv7r_asm.obj (.tramp.HwiP_enable.1)
                  70057398    00000008                                                 : HwiP_armv7r_asm.obj (.tramp.HwiP_restore.1)
                  700573a0    00000008                                                 : PmuP_armv7r_asm.obj (.tramp.PmuP_setUserEnable.1)
                  700573a8    00000008                                                 : PmuP_armv7r_asm.obj (.tramp.PmuP_enableCounters.1)
                  700573b0    00000010     --HOLE-- [fill = 0]

.rodata    0    700573c0    00001040     
                  700573c0    0000007a     ti_drivers_open_close.o (.rodata.str1.17665391694225509261.1)
                  7005743a    00000001     logger.o (.rodata.str1.5671237403414969566.1)
                  7005743b    00000001     --HOLE-- [fill = 0]
                  7005743c    00000074     ti_dpl_config.o (.rodata.cfg)
                  700574b0    00000051     drivers.am263px.r5f.ti-arm-clang.release.lib : mcspi_v0.obj (.rodata.str1.26396439823528435241)
                  70057501    00000007     logger.o (.rodata.str1.10127394157737690499.1)
                  70057508    00000050     nortos.am263px.r5f.ti-arm-clang.release.lib : printf.obj (.rodata._ftoa.pow10)
                  70057558    00000048     drivers.am263px.r5f.ti-arm-clang.release.lib : soc_rcm.obj (.rodata.gADPLLJConfigTbl)
                  700575a0    00000048                                                  : mcspi_v0_lld.obj (.rodata.str1.97363132707188488161)
                  700575e8    0000003d     nortos.am263px.r5f.ti-arm-clang.release.lib : TimerP_rti_priv.obj (.rodata.str1.72163963154704191671)
                  70057625    00000037                                                 : SemaphoreP_nortos.obj (.rodata.str1.52751030918495836841)
                  7005765c    00000036     ti_drivers_open_close.o (.rodata.str1.2554706296470369595.1)
                  70057692    00000035     ti_drivers_open_close.o (.rodata.str1.10252002122772422448.1)
                  700576c7    00000035     ti_drivers_open_close.o (.rodata.str1.17551203406305493380.1)
                  700576fc    00000032     drivers.am263px.r5f.ti-arm-clang.release.lib : adc.obj (.rodata.str1.104222482920253680151)
                  7005772e    00000032                                                  : adc.obj (.rodata.str1.137023953294967812531)
                  70057760    00000030     logger.o (.rodata..Lswitch.table.print_log.24)
                  70057790    00000030     ti_drivers_open_close.o (.rodata.str1.14200658025495415368.1)
                  700577c0    0000002e     nortos.am263px.r5f.ti-arm-clang.release.lib : ClockP_nortos.obj (.rodata.str1.39419159632632580371)
                  700577ee    0000002a                                                 : DebugP_log.obj (.rodata.str1.8882360920750446361)
                  70057818    00000028     ti_drivers_open_close.o (.rodata.str1.10490786615736436564.1)
                  70057840    00000028     ti_drivers_open_close.o (.rodata.str1.7332975063418302059.1)
                  70057868    00000027     nortos.am263px.r5f.ti-arm-clang.release.lib : ClockP_nortos_r5.obj (.rodata.str1.91622226613999981811)
                  7005788f    00000025     ti_drivers_open_close.o (.rodata.str1.7750254725308216577.1)
                  700578b4    00000024     drivers.am263px.r5f.ti-arm-clang.release.lib : edma.obj (.rodata.str1.164918382464449145851)
                  700578d8    00000023     nortos.am263px.r5f.ti-arm-clang.release.lib : ClockP_nortos_r5.obj (.rodata.str1.136646522816104227591)
                  700578fb    00000023     ti_drivers_open_close.o (.rodata.str1.15574074207268991336.1)
                  7005791e    00000023     drivers.am263px.r5f.ti-arm-clang.release.lib : soc_rcm.obj (.rodata.str1.15813086600912413471)
                  70057941    00000022                                                  : edma.obj (.rodata.str1.6611792697437713481)
                  70057963    00000021     nortos.am263px.r5f.ti-arm-clang.release.lib : ClockP_nortos_r5.obj (.rodata.str1.99041146818411950391)
                  70057984    00000020     drivers.am263px.r5f.ti-arm-clang.release.lib : uart_v0_lld.obj (.rodata.cst32)
                  700579a4    00000020                                                  : uart_v0.obj (.rodata.str1.150767988884773108331)
                  700579c4    0000001f     board.o (.rodata.str1.10881007155619371109.1)
                  700579e3    0000001f     board.o (.rodata.str1.123550804358397101.1)
                  70057a02    0000001f     board.o (.rodata.str1.13738757807042593414.1)
                  70057a21    0000001f     board.o (.rodata.str1.14465880841147386111.1)
                  70057a40    0000001f     logger.o (.rodata.str1.14780196379335289893.1)
                  70057a5f    0000001f     board.o (.rodata.str1.1510811462892085231.1)
                  70057a7e    0000001f     board.o (.rodata.str1.16077883977509950417.1)
                  70057a9d    0000001f     board.o (.rodata.str1.1696272589420159480.1)
                  70057abc    0000001f     board.o (.rodata.str1.18250802514644841805.1)
                  70057adb    0000001f     nortos.am263px.r5f.ti-arm-clang.release.lib : SemaphoreP_nortos.obj (.rodata.str1.25281168886080794691)
                  70057afa    0000001f                                                 : ClockP_nortos_r5.obj (.rodata.str1.25349503636762439021)
                  70057b19    0000001f     board.o (.rodata.str1.5436337271421848948.1)
                  70057b38    0000001f     board.o (.rodata.str1.673658226405435322.1)
                  70057b57    0000001f     ti_drivers_open_close.o (.rodata.str1.871795152488895636.1)
                  70057b76    0000001f     board.o (.rodata.str1.9045895231722895584.1)
                  70057b95    0000001f     board.o (.rodata.str1.9461189164499355904.1)
                  70057bb4    0000001e     board.o (.rodata.str1.10345935079445805060.1)
                  70057bd2    0000001e     drivers.am263px.r5f.ti-arm-clang.release.lib : mcspi_v0.obj (.rodata.str1.144400815220210358851)
                  70057bf0    0000001e     board.o (.rodata.str1.6418571003999367838.1)
                  70057c0e    0000001e     board.o (.rodata.str1.6840234256597642108.1)
                  70057c2c    0000001e     board.o (.rodata.str1.9453984286452795027.1)
                  70057c4a    0000001d     nortos.am263px.r5f.ti-arm-clang.release.lib : TimerP_rti_priv.obj (.rodata.str1.114219152040444562951)
                  70057c67    0000001d                                                 : TimerP_rti_priv.obj (.rodata.str1.125174968193178473681)
                  70057c84    0000001d     ti_drivers_open_close.o (.rodata.str1.13083909648175487149.1)
                  70057ca1    0000001d     drivers.am263px.r5f.ti-arm-clang.release.lib : uart_v0.obj (.rodata.str1.142814395268246240721)
                  70057cbe    0000001d     nortos.am263px.r5f.ti-arm-clang.release.lib : TimerP_rti_priv.obj (.rodata.str1.27974953896521033811)
                  70057cdb    0000001b     drivers.am263px.r5f.ti-arm-clang.release.lib : edma.obj (.rodata.str1.16266241636797238661)
                  70057cf6    0000001b     nortos.am263px.r5f.ti-arm-clang.release.lib : ClockP_nortos.obj (.rodata.str1.47646432807403639741)
                  70057d11    0000001b     ti_drivers_open_close.o (.rodata.str1.5509699957385355460.1)
                  70057d2c    0000001a     drivers.am263px.r5f.ti-arm-clang.release.lib : edma.obj (.rodata.str1.124702968117785801901)
                  70057d46    0000001a     nortos.am263px.r5f.ti-arm-clang.release.lib : ClockP_nortos_r5.obj (.rodata.str1.133203246495064227641)
                  70057d60    0000001a     drivers.am263px.r5f.ti-arm-clang.release.lib : soc_rcm.obj (.rodata.str1.153801437654618082741)
                  70057d7a    0000001a                                                  : mcspi_v0.obj (.rodata.str1.169212516063846095031)
                  70057d94    0000001a     board.o (.rodata.str1.9440741161207462191.1)
                  70057dae    0000001a     drivers.am263px.r5f.ti-arm-clang.release.lib : mcspi_v0.obj (.rodata.str1.99640994410596514241)
                  70057dc8    00000019     ti_drivers_open_close.o (.rodata.str1.14059614886583751700.1)
                  70057de1    00000019     nortos.am263px.r5f.ti-arm-clang.release.lib : TimerP_rti_priv.obj (.rodata.str1.160914699991520874261)
                  70057dfa    00000019     ti_drivers_open_close.o (.rodata.str1.5293217666052239616.1)
                  70057e13    00000001     --HOLE-- [fill = 0]
                  70057e14    00000018     drivers.am263px.r5f.ti-arm-clang.release.lib : soc.obj (.rodata..Lswitch.table.SOC_getAdcReferenceStatus)
                  70057e2c    00000018                                                  : soc_rcm.obj (.rodata.gControlssPllClkSrcValMap)
                  70057e44    00000018                                                  : soc_rcm.obj (.rodata.gCptsClkSrcValMap)
                  70057e5c    00000018                                                  : soc_rcm.obj (.rodata.gI2cClkSrcValMap)
                  70057e74    00000018                                                  : soc_rcm.obj (.rodata.gLinUartClkSrcValMap)
                  70057e8c    00000018                                                  : soc_rcm.obj (.rodata.gPeripheralClkSrcInfoMap)
                  70057ea4    00000018                                                  : soc_rcm.obj (.rodata.gRtiClkSrcValMap)
                  70057ebc    00000018                                                  : soc_rcm.obj (.rodata.gWdtClkSrcValMap)
                  70057ed4    00000018     logger.o (.rodata.str1.15765208293925770228.1)
                  70057eec    00000018     drivers.am263px.r5f.ti-arm-clang.release.lib : uart_v0.obj (.rodata.str1.9069738176458784971)
                  70057f04    00000018     logger.o (.rodata.str1.998270875404085501.1)
                  70057f1c    00000017     drivers.am263px.r5f.ti-arm-clang.release.lib : soc_rcm.obj (.rodata.str1.141251745167226470741)
                  70057f33    00000017     ti_drivers_open_close.o (.rodata.str1.1628183244885117158.1)
                  70057f4a    00000016     drivers.am263px.r5f.ti-arm-clang.release.lib : soc_rcm.obj (.rodata.str1.107645048611228328791)
                  70057f60    00000016                                                  : soc_rcm.obj (.rodata.str1.177369307189295936511)
                  70057f76    00000016                                                  : soc_rcm.obj (.rodata.str1.63555232926284281011)
                  70057f8c    00000016                                                  : mcspi_v0.obj (.rodata.str1.85423015064808713541)
                  70057fa2    00000015     ti_drivers_open_close.o (.rodata.str1.11521962449680083383.1)
                  70057fb7    00000015     drivers.am263px.r5f.ti-arm-clang.release.lib : edma.obj (.rodata.str1.149652404363315708211)
                  70057fcc    00000015     ti_drivers_open_close.o (.rodata.str1.17912154466570466874.1)
                  70057fe1    00000015     drivers.am263px.r5f.ti-arm-clang.release.lib : adc.obj (.rodata.str1.20431844208594508061)
                  70057ff6    00000015     nortos.am263px.r5f.ti-arm-clang.release.lib : SemaphoreP_nortos.obj (.rodata.str1.30861210816963497001)
                  7005800b    00000014     drivers.am263px.r5f.ti-arm-clang.release.lib : mcspi_v0_lld.obj (.rodata.str1.147988882001261723701)
                  7005801f    00000014                                                  : edma.obj (.rodata.str1.176595599180530855901)
                  70058033    00000014                                                  : mcspi_v0.obj (.rodata.str1.34611452835214624521)
                  70058047    00000014     ti_drivers_open_close.o (.rodata.str1.3622116258035701796.1)
                  7005805b    00000014     drivers.am263px.r5f.ti-arm-clang.release.lib : edma.obj (.rodata.str1.41785049815304208531)
                  7005806f    00000014                                                  : edma.obj (.rodata.str1.93700429500326477781)
                  70058083    00000013                                                  : soc_rcm.obj (.rodata.str1.30734103837947208761)
                  70058096    00000013                                                  : uart_v0.obj (.rodata.str1.9980655952161290391)
                  700580a9    00000012                                                  : uart_v0.obj (.rodata.str1.166492982902436568231)
                  700580bb    00000012                                                  : uart_v0.obj (.rodata.str1.171120843061886446841)
                  700580cd    00000012                                                  : edma.obj (.rodata.str1.41579851849113419871)
                  700580df    00000012     ti_drivers_open_close.o (.rodata.str1.6538372684047993024.1)
                  700580f1    00000012     drivers.am263px.r5f.ti-arm-clang.release.lib : soc_rcm.obj (.rodata.str1.67217821191364965911)
                  70058103    00000011                                                  : edma.obj (.rodata.str1.117215064595961288031)
                  70058114    00000011     ti_drivers_open_close.o (.rodata.str1.12213835641041270557.1)
                  70058125    00000011     drivers.am263px.r5f.ti-arm-clang.release.lib : uart_v0.obj (.rodata.str1.16967668833904919061)
                  70058136    00000011                                                  : edma.obj (.rodata.str1.28692048193800818901)
                  70058147    00000011     logger.o (.rodata.str1.3193577328096652195.1)
                  70058158    00000011     nortos.am263px.r5f.ti-arm-clang.release.lib : ClockP_nortos.obj (.rodata.str1.37923443167824241621)
                  70058169    00000011                                                 : TimerP_rti_priv.obj (.rodata.str1.44101942245516082551)
                  7005817a    00000011     ti_drivers_open_close.o (.rodata.str1.6292539624901818759.1)
                  7005818b    00000001     --HOLE-- [fill = 0]
                  7005818c    00000010     drivers.am263px.r5f.ti-arm-clang.release.lib : soc.obj (.rodata.cst16)
                  7005819c    00000010                                                  : mcspi_v0.obj (.rodata.str1.153145657127816401141)
                  700581ac    00000010                                                  : edma.obj (.rodata.str1.18778444954996405781)
                  700581bc    00000010     ti_drivers_open_close.o (.rodata.str1.5205884736402799790.1)
                  700581cc    0000000f     drivers.am263px.r5f.ti-arm-clang.release.lib : edma.obj (.rodata.str1.111354322338949310841)
                  700581db    0000000f                                                  : edma.obj (.rodata.str1.144551280152329776181)
                  700581ea    0000000f                                                  : edma.obj (.rodata.str1.2759273541325923811)
                  700581f9    0000000f     board.o (.rodata.str1.834004997606947946.1)
                  70058208    0000000f     drivers.am263px.r5f.ti-arm-clang.release.lib : edma.obj (.rodata.str1.92547749779646142691)
                  70058217    0000000e     ti_drivers_open_close.o (.rodata.str1.16112177131852734107.1)
                  70058225    0000000e     drivers.am263px.r5f.ti-arm-clang.release.lib : edma.obj (.rodata.str1.19244332700943948511)
                  70058233    0000000e                                                  : edma.obj (.rodata.str1.46057082369026546831)
                  70058241    0000000e                                                  : edma.obj (.rodata.str1.46782315602798139861)
                  7005824f    0000000d     ti_drivers_open_close.o (.rodata.str1.10450075619424269387.1)
                  7005825c    0000000d     drivers.am263px.r5f.ti-arm-clang.release.lib : edma.obj (.rodata.str1.121775923823351643201)
                  70058269    0000000d     ti_drivers_open_close.o (.rodata.str1.16905510790704221133.1)
                  70058276    0000000d     nortos.am263px.r5f.ti-arm-clang.release.lib : TimerP_rti_priv.obj (.rodata.str1.31870447354226168941)
                  70058283    0000000d     drivers.am263px.r5f.ti-arm-clang.release.lib : adc.obj (.rodata.str1.70150695697723348971)
                  70058290    0000000c                                                  : mcspi_v0_lld.obj (.rodata..Lswitch.table.MCSPI_lld_controllerIsr.1)
                  7005829c    0000000c                                                  : mcspi_v0_lld.obj (.rodata..Lswitch.table.MCSPI_lld_controllerIsr)
                  700582a8    0000000c                                                  : soc.obj (.rodata..Lswitch.table.SOC_enableAdcReferenceMonitor)
                  700582b4    0000000c     logger.o (.rodata..Lswitch.table.print_log)
                  700582c0    0000000c     logger.o (.rodata.str1.13406532556922755089.1)
                  700582cc    0000000c     nortos.am263px.r5f.ti-arm-clang.release.lib : ClockP_nortos_r5.obj (.rodata.str1.177642182983587376931)
                  700582d8    0000000c     drivers.am263px.r5f.ti-arm-clang.release.lib : mcspi_v0.obj (.rodata.str1.69169362540279301091)
                  700582e4    0000000c                                                  : edma.obj (.rodata.str1.73371482538137472541)
                  700582f0    0000000b     board.o (.rodata.str1.15102135329570516791.1)
                  700582fb    0000000b     drivers.am263px.r5f.ti-arm-clang.release.lib : mcspi_v0.obj (.rodata.str1.169287378047891341191)
                  70058306    0000000b                                                  : uart_v0.obj (.rodata.str1.174466331461201984741)
                  70058311    0000000b                                                  : uart_v0.obj (.rodata.str1.23952661867579505821)
                  7005831c    0000000b                                                  : mcspi_v0.obj (.rodata.str1.248655060218483491)
                  70058327    0000000b                                                  : edma.obj (.rodata.str1.8716574913843167321)
                  70058332    0000000a                                                  : soc_rcm.obj (.rodata.str1.102656642322745120751)
                  7005833c    0000000a                                                  : edma.obj (.rodata.str1.11281620503267214511)
                  70058346    0000000a                                                  : uart_v0.obj (.rodata.str1.4680544719311723101)
                  70058350    0000000a     logger.o (.rodata.str1.887488774559121338.1)
                  7005835a    0000000a     drivers.am263px.r5f.ti-arm-clang.release.lib : edma.obj (.rodata.str1.94390198658697638781)
                  70058364    0000000a                                                  : uart_v0.obj (.rodata.str1.98976386761529848021)
                  7005836e    00000008     logger.o (.rodata.str1.11268383079938446260.1)
                  70058376    00000008     logger.o (.rodata.str1.1246197995540081341.1)
                  7005837e    00000008     logger.o (.rodata.str1.4633242734696342979.1)
                  70058386    00000008     logger.o (.rodata.str1.8545315102583907144.1)
                  7005838e    00000008     logger.o (.rodata.str1.9485715002722841782.1)
                  70058396    00000007     logger.o (.rodata.str1.10253156068257962407.1)
                  7005839d    00000007     logger.o (.rodata.str1.10289081750774512625.1)
                  700583a4    00000007     logger.o (.rodata.str1.12893940535876439382.1)
                  700583ab    00000007     logger.o (.rodata.str1.13114922096505101489.1)
                  700583b2    00000007     logger.o (.rodata.str1.14246187852812087945.1)
                  700583b9    00000007     logger.o (.rodata.str1.16946937258229686214.1)
                  700583c0    00000007     logger.o (.rodata.str1.6452265960373237926.1)
                  700583c7    00000007     logger.o (.rodata.str1.7498274428696469886.1)
                  700583ce    00000006     logger.o (.rodata.str1.11170080405929493601.1)
                  700583d4    00000006     drivers.am263px.r5f.ti-arm-clang.release.lib : soc_rcm.obj (.rodata.str1.53743240983164125611)
                  700583da    00000005     nortos.am263px.r5f.ti-arm-clang.release.lib : printf.obj (.rodata.str1.143852280595428356391)
                  700583df    00000005                                                 : printf.obj (.rodata.str1.23318557076440195721)
                  700583e4    00000005     logger.o (.rodata.str1.9978879681667430888.1)
                  700583e9    00000003     --HOLE-- [fill = 0]
                  700583ec    00000004     nortos.am263px.r5f.ti-arm-clang.release.lib : CacheP_armv7r.obj (.rodata.gCacheL1dCacheLineSize)
                  700583f0    00000004                                                 : CacheP_armv7r.obj (.rodata.gCacheL1pCacheLineSize)
                  700583f4    00000004                                                 : printf.obj (.rodata.str1.122320159353749299121)
                  700583f8    00000004     logger.o (.rodata.str1.5950550609978457137.1)
                  700583fc    00000004     nortos.am263px.r5f.ti-arm-clang.release.lib : printf.obj (.rodata.str1.81101573233442303481)

.text.hwi 
*          0    70058400    000008d8     
                  70058400    00000402     nortos.am263px.r5f.ti-arm-clang.release.lib : HwiP_armv7r_vim.obj (.text.hwi)
                  70058802    000002dc                                                 : HwiP_armv7r_handlers_nortos.obj (.text.hwi)
                  70058ade    00000002     --HOLE-- [fill = 0]
                  70058ae0    0000017c                                                 : HwiP_armv7r_handlers_nortos_asm.obj (.text.hwi)
                  70058c5c    00000070                                                 : HwiP_armv7r_asm.obj (.text.hwi)
                  70058ccc    00000008                                                 : HwiP_armv7r_asm.obj (.tramp.HwiP_enableFIQ.1)
                  70058cd4    00000004     --HOLE-- [fill = 0]

.text.cache 
*          0    70058cd8    00000430     
                  70058cd8    00000340     nortos.am263px.r5f.ti-arm-clang.release.lib : CacheP_armv7r_asm.obj (.text.cache)
                  70059018    000000d8                                                 : CacheP_armv7r.obj (.text.cache)
                  700590f0    00000008                                                 : CacheP_armv7r_asm.obj (.tramp.CacheP_invL1d.1)
                  700590f8    00000008                                                 : CacheP_armv7r_asm.obj (.tramp.CacheP_enableL1p.1)
                  70059100    00000008                                                 : HwiP_armv7r_asm.obj (.tramp.HwiP_restore.2)

.text.mpu 
*          0    70059108    00000290     
                  70059108    00000202     nortos.am263px.r5f.ti-arm-clang.release.lib : MpuP_armv7r.obj (.text.mpu)
                  7005930a    00000002     --HOLE-- [fill = 0]
                  7005930c    00000078                                                 : MpuP_armv7r_asm.obj (.text.mpu)
                  70059384    00000008                                                 : HwiP_armv7r_asm.obj (.tramp.HwiP_restore.3)
                  7005938c    00000008                                                 : MpuP_armv7r_asm.obj (.tramp.MpuP_isEnableAsm.1)
                  70059394    00000004     --HOLE-- [fill = 0]

.text.boot 
*          0    70059398    00000190     
                  70059398    00000144     nortos.am263px.r5f.ti-arm-clang.release.lib : boot_armv7r_asm.obj (.text.boot)
                  700594dc    0000001e                                                 : DebugP_log.obj (.text.boot)
                  700594fa    0000001c                                                 : boot_armv7r.obj (.text.boot)
                  70059516    0000000e     ti_dpl_config.o (.text.boot)
                  70059524    00000004     --HOLE-- [fill = 0]

.text:abort 
*          0    70059528    00000008     
                  70059528    00000008     libc.a : exit.c.obj (.text:abort)

.data      0    70059530    000006d8     
                  70059530    000000f0     libc.a : defs.c.obj (.data._ftable)
                  70059620    000000c8     ti_pinmux_config.o (.data.gPinMuxMainDomainCfg)
                  700596e8    0000009c     drivers.am263px.r5f.ti-arm-clang.release.lib : mcspi_v0.obj (.data.gMcspiDrvObj)
                  70059784    0000009c                                                  : uart_v0.obj (.data.gUartDrvObj)
                  70059820    00000088     ti_drivers_config.o (.data.gEdmaAttrs)
                  700598a8    00000078     libsysbm.a : host_device.c.obj (.data._device)
                  70059920    00000060     board.o (.data.intr_pins)
                  70059980    00000058     ti_drivers_open_close.o (.data.gUartParams)
                  700599d8    00000050     libsysbm.a : host_device.c.obj (.data._stream)
                  70059a28    00000048     ti_drivers_config.o (.data.gMcspiAttrs)
                  70059a70    00000040     ti_drivers_open_close.o (.data.gSpi0ChCfg)
                  70059ab0    00000040     ti_drivers_open_close.o (.data.gSpi1ChCfg)
                  70059af0    00000030     ti_power_clock_config.o (.data.gSocModulesClockFrequency)
                  70059b20    00000028     ti_drivers_open_close.o (.data.gMcspiOpenParams)
                  70059b48    00000018     ti_dpl_config.o (.data.gClockConfig)
                  70059b60    00000010     ti_drivers_config.o (.data.gMcspiConfig)
                  70059b70    00000010     ti_power_clock_config.o (.data.gSocModules)
                  70059b80    0000000c     nortos.am263px.r5f.ti-arm-clang.release.lib : AddrTranslateP_32bit.obj (.data.gAddrTranslateConfig)
                  70059b8c    00000008     libc.a : exit.c.obj (.data..L_MergedGlobals)
                  70059b94    00000008     ti_drivers_open_close.o (.data.gConfigMcspiChCfg)
                  70059b9c    00000008     ti_drivers_config.o (.data.gEdmaConfig)
                  70059ba4    00000008     ti_drivers_open_close.o (.data.gEdmaParams)
                  70059bac    00000008     ti_drivers_open_close.o (.data.gMcspiDmaChConfig)
                  70059bb4    00000008     ti_drivers_config.o (.data.gMcspiNumCh)
                  70059bbc    00000008     ti_drivers_config.o (.data.gUartAttrs)
                  70059bc4    00000008     ti_drivers_config.o (.data.gUartConfig)
                  70059bcc    00000004     libc.a : defs.c.obj (.data.__TI_ft_end)
                  70059bd0    00000008     nortos.am263px.r5f.ti-arm-clang.release.lib : PmuP_armv7r.obj (.data.pmu)
                  70059bd8    00000004     libc.a : _lock.c.obj (.data._lock)
                  70059bdc    00000004            : _lock.c.obj (.data._unlock)
                  70059be0    00000004     nortos.am263px.r5f.ti-arm-clang.release.lib : DebugP_log.obj (.data.gDebugLogZone)
                  70059be4    00000004                                                 : DebugP_uartLogWriter.obj (.data.gDebugP_uartDrvIndex)
                  70059be8    00000004     ti_drivers_config.o (.data.gEdmaConfigNum)
                  70059bec    00000004     ti_dpl_config.o (.data.gHwiConfig)
                  70059bf0    00000004     ti_drivers_config.o (.data.gMcspiConfigNum)
                  70059bf4    00000004     ti_drivers_config.o (.data.gUartConfigNum)
                  70059bf8    00000004     ti_drivers_open_close.o (.data.gUartDmaChConfig)
                  70059bfc    00000004     board.o (.data.test)
                  70059c00    00000002     logger.o (.data.logs_length)
                  70059c02    00000001     drivers.am263px.r5f.ti-arm-clang.release.lib : soc.obj (.data.isMapAvailable)
                  70059c03    00000001     --HOLE-- [fill = 0]
                  70059c04    00000001     libc.a : memory.c.obj (.data.memory_is_initialized)
                  70059c05    00000003     --HOLE-- [fill = 0]

.irqstack 
*          0    70059c08    00000100     UNINITIALIZED
                  70059c08    00000100     --HOLE--

.fiqstack 
*          0    70059d08    00000100     UNINITIALIZED
                  70059d08    00000100     --HOLE--

.svcstack 
*          0    70059e08    00001000     UNINITIALIZED
                  70059e08    00001000     --HOLE--

.abortstack 
*          0    7005ae08    00000100     UNINITIALIZED
                  7005ae08    00000100     --HOLE--

.undefinedstack 
*          0    7005af08    00000100     UNINITIALIZED
                  7005af08    00000100     --HOLE--

.init_array 
*          0    70040000    00000000     UNINITIALIZED

MODULE SUMMARY

       Module                                code    ro data   rw data
       ------                                ----    -------   -------
    .\
       PDMtesting.o                          76      0         3200   
       board.o                               714     544       292    
       logger.o                              298     297       2      
       main.o                                28      0         0      
    +--+-------------------------------------+-------+---------+---------+
       Total:                                1116    841       3494   
                                                                      
    .\syscfg\
       ti_drivers_config.o                   762     0         3276   
       ti_drivers_open_close.o               2302    812       300    
       ti_power_clock_config.o               180     0         64     
       ti_dpl_config.o                       98      116       28     
       ti_pinmux_config.o                    14      0         200    
       ti_board_config.o                     4       0         0      
       ti_board_open_close.o                 4       0         0      
    +--+-------------------------------------+-------+---------+---------+
       Total:                                3364    928       3868   
                                                                      
    C:/Users/carim/Desktop/mcu_plus_sdk_am263px_10_02_00_15__all/mcu_plus_sdk_am263px_10_02_00_15/source/drivers/lib/drivers.am263px.r5f.ti-arm-clang.release.lib
       edma.obj                              5042    430       0      
       soc_rcm.obj                           2454    443       0      
       uart_v0_lld.obj                       2802    32        0      
       mcspi_v0_lld.obj                      2590    116       0      
       uart_v0.obj                           1760    199       156    
       mcspi_dma_edma.obj                    1960    0         0      
       mcspi_v0.obj                          1192    255       156    
       uart_dma_edma.obj                     1340    0         0      
       soc.obj                               906     52        17     
       adc.obj                               154     134       0      
       gpio.obj                              162     0         0      
       pinmux.obj                            64      0         0      
    +--+-------------------------------------+-------+---------+---------+
       Total:                                20426   1661      329    
                                                                      
    C:/Users/carim/Desktop/mcu_plus_sdk_am263px_10_02_00_15__all/mcu_plus_sdk_am263px_10_02_00_15/source/kernel/nortos/lib/nortos.am263px.r5f.ti-arm-clang.release.lib
       printf.obj                            4052    98        0      
       HwiP_armv7r_vim.obj                   1026    0         2060   
       CacheP_armv7r_asm.obj                 848     0         0      
       ClockP_nortos.obj                     692     90        56     
       HwiP_armv7r_handlers_nortos.obj       732     0         0      
       TimerP_rti_priv.obj                   404     203       0      
       MpuP_armv7r.obj                       514     0         0      
       ClockP_nortos_r5.obj                  268     176       0      
       SemaphoreP_nortos.obj                 328     107       0      
       HwiP_armv7r_handlers_nortos_asm.obj   380     0         0      
       boot_armv7r_asm.obj                   324     0         0      
       CacheP_armv7r.obj                     216     8         0      
       DebugP_log.obj                        154     42        4      
       HwiP_armv7r_asm.obj                   152     0         0      
       MpuP_armv7r_asm.obj                   128     0         0      
       PmuP_armv7r.obj                       102     0         8      
       AddrTranslateP_32bit.obj              82      0         12     
       DebugP_uartLogWriter.obj              70      0         4      
       PmuP_armv7r_asm.obj                   72      0         0      
       HwiP_armv7r_vectors_nortos_asm.obj    64      0         0      
       DebugP_nortos.obj                     56      0         0      
       boot_armv7r.obj                       28      0         0      
       CpuId_armv7r.obj                      26      0         0      
       TimerP_rti_nortos.obj                 24      0         0      
       CpuId_armv7r_asm.obj                  12      0         0      
       TaskP_nortos.obj                      2       0         0      
    +--+-------------------------------------+-------+---------+---------+
       Total:                                10756   724       2144   
                                                                      
    C:\ti\ccs2011\ccs\tools\compiler\ti-cgt-armllvm_4.0.2.LTS\lib\armv7r-ti-none-eabihf/c/libc.a
       memory.c.obj                          1136    0         5      
       strcmp32.S.obj                        924     0         0      
       defs.c.obj                            0       0         404    
       setvbuf.c.obj                         324     0         0      
       getdevice.c.obj                       284     0         0      
       fputc.c.obj                           256     0         0      
       fseek.c.obj                           184     0         0      
       fclose.c.obj                          176     0         0      
       _io_perm.c.obj                        156     0         0      
       fflush.c.obj                          136     0         0      
       exit.c.obj                            92      0         8      
       fopen.c.obj                           88      0         0      
       autoinit.c.obj                        84      0         0      
       memcpy32.S.obj                        28      0         0      
       memset32.S.obj                        24      0         0      
       _lock.c.obj                           4       0         8      
    +--+-------------------------------------+-------+---------+---------+
       Total:                                3896    0         425    
                                                                      
    C:\ti\ccs2011\ccs\tools\compiler\ti-cgt-armllvm_4.0.2.LTS\lib\armv7r-ti-none-eabihf/c/libsysbm.a
       trgmsg.c.obj                          176     0         288    
       hostrename.c.obj                      216     0         0      
       host_device.c.obj                     0       0         200    
       hostopen.c.obj                        148     0         8      
       hostlseek.c.obj                       152     0         0      
       close.c.obj                           140     0         0      
       hostread.c.obj                        132     0         0      
       hostwrite.c.obj                       132     0         0      
       hostunlink.c.obj                      108     0         0      
       hostclose.c.obj                       96      0         0      
       unlink.c.obj                          72      0         0      
       lseek.c.obj                           52      0         0      
       write.c.obj                           52      0         0      
       hostexit.c.obj                        8       0         0      
       remove.c.obj                          4       0         0      
    +--+-------------------------------------+-------+---------+---------+
       Total:                                1488    0         496    
                                                                      
    C:\ti\ccs2011\ccs\tools\compiler\ti-cgt-armllvm_4.0.2.LTS\lib\armv7r-ti-none-eabihf/libclang_rt.builtins.a
       udivmoddi4.S.obj                      280     0         0      
       aeabi_uldivmod.S.obj                  36      0         0      
       aeabi_memset.S.obj                    28      0         0      
       aeabi_div0.c.obj                      4       0         0      
       aeabi_memcpy.S.obj                    4       0         0      
    +--+-------------------------------------+-------+---------+---------+
       Total:                                352     0         0      
                                                                      
       Heap:                                 0       0         32768  
       Stack:                                0       0         16384  
    +--+-------------------------------------+-------+---------+---------+
       Grand Total:                          41398   4154      59908  

VENEERS

callee name               veneer name
   callee addr  veneer addr  call addr  call info
--------------  -----------  ---------  ----------------
HwiP_enableFIQ            $Ven$TA$L$PI$$HwiP_enableFIQ
   70058c8c     70058ccc     700587e2   nortos.am263px.r5f.ti-arm-clang.release.lib : HwiP_armv7r_vim.obj (.text.hwi)
CacheP_invL1d             $Ven$TA$L$PI$$CacheP_invL1d
   70058d48     700590f0     700590ec   nortos.am263px.r5f.ti-arm-clang.release.lib : CacheP_armv7r.obj (.text.cache)
CacheP_enableL1p          $Ven$TA$L$PI$$CacheP_enableL1p
   70058d30     700590f8     700590c6   nortos.am263px.r5f.ti-arm-clang.release.lib : CacheP_armv7r.obj (.text.cache)
HwiP_restore              $Ven$TA$L$PI$$HwiP_restore
   70058c9c     70059100     700590a6   nortos.am263px.r5f.ti-arm-clang.release.lib : CacheP_armv7r.obj (.text.cache)
HwiP_restore              $Ven$TA$L$PI$$HwiP_restore
   70058c9c     70059384     70059200   nortos.am263px.r5f.ti-arm-clang.release.lib : MpuP_armv7r.obj (.text.mpu)
                             7005923e                                               : MpuP_armv7r.obj (.text.mpu)
MpuP_isEnableAsm          $Ven$TA$L$PI$$MpuP_isEnableAsm
   7005935c     7005938c     700591d0   nortos.am263px.r5f.ti-arm-clang.release.lib : MpuP_armv7r.obj (.text.mpu)
HwiP_enable               $Ven$TA$L$PI$$HwiP_enable
   70058c7c     70057390     7005655c   ti_dpl_config.o (.text.Dpl_init)
HwiP_restore              $Ven$TA$L$PI$$HwiP_restore
   70058c9c     70057398     7005651c   nortos.am263px.r5f.ti-arm-clang.release.lib : ClockP_nortos.obj (.text.ClockP_stop)
                             7005678e                                               : ClockP_nortos.obj (.text.ClockP_destruct)
                             7005698a                                               : ClockP_nortos.obj (.text.ClockP_start)
                             70056bc2                                               : SemaphoreP_nortos.obj (.text.SemaphoreP_post)
PmuP_setUserEnable        $Ven$TA$L$PI$$PmuP_setUserEnable
   7005691c     700573a0     7005585a   nortos.am263px.r5f.ti-arm-clang.release.lib : PmuP_armv7r.obj (.text.pmu)
PmuP_enableCounters       $Ven$TA$L$PI$$PmuP_enableCounters
   700568fc     700573a8     70055828   nortos.am263px.r5f.ti-arm-clang.release.lib : PmuP_armv7r.obj (.text.pmu)

[10 trampolines]
[14 trampoline calls]


GLOBAL SYMBOLS: SORTED ALPHABETICALLY BY Name 

address   name                               
-------   ----                               
700571cb  ADC_setMode                        
70054e71  ADC_setPPBTripLimits               
70055ead  AddrTranslateP_getLocalAddr        
700515f3  Board_deinit                       
7004f4e5  Board_driversOpen                  
7005239b  Board_init                         
70057334  C$$EXIT                            
70055c48  C$$IO$$                            
70057089  CSL_armR5GetCpuID                  
700572e4  CSL_armR5ReadMpidrReg              
70058fe8  CacheP_configForceWrThru           
70059071  CacheP_disable                     
70058cd8  CacheP_disableL1d                  
70058d00  CacheP_disableL1p                  
700590ab  CacheP_enable                      
70058d18  CacheP_enableL1d                   
70058d30  CacheP_enableL1p                   
70058fdc  CacheP_getCacheLevelInfo           
70058fa4  CacheP_getEnabled                  
70059019  CacheP_init                        
700590cb  CacheP_inv                         
70058d48  CacheP_invL1d                      
70058dbc  CacheP_invL1dAll                   
70058d80  CacheP_invL1p                      
70058dc4  CacheP_invL1pAll                   
70059008  CacheP_setDLFO                     
70058dcc  CacheP_wb                          
70058e44  CacheP_wbAll                       
70058e08  CacheP_wbInv                       
70058eec  CacheP_wbInvAll                    
70058f04  CacheP_wbInvAllAsm                 
700572f1  ClockP_Params_init                 
70055f51  ClockP_construct                   
70056759  ClockP_destruct                    
7005729d  ClockP_getTicks                    
70055cad  ClockP_getTimeUsec                 
70057359  ClockP_getTimerCount               
[...]
70051b04  memalign                           
70042310  parmbuf                            
70053abd  print_log                          
70056ee7  print_logs                         
70057254  putchar                            
70057213  putchar_                           
7005738c  remove                             
7005239c  setvbuf                            
7004f900  strcmp                             
70059bfc  test                               
70056384  unlink                             
70042300  virtToPhymap                       
70056ea1  vprintf_                           
70056afc  write                              


GLOBAL SYMBOLS: SORTED BY Symbol Address 

address   name                               
-------   ----                               
00000000  __TI_ATRegion0_region_sz           
00000000  __TI_ATRegion0_src_addr            
00000000  __TI_ATRegion0_trg_addr            
00000000  __TI_ATRegion1_region_sz           
00000000  __TI_ATRegion1_src_addr            
00000000  __TI_ATRegion1_trg_addr            
00000000  __TI_ATRegion2_region_sz           
00000000  __TI_ATRegion2_src_addr            
00000000  __TI_ATRegion2_trg_addr            
00000000  __TI_static_base__                 
00000000  _vectors                           
00000100  __ABORT_STACK_SIZE                 
00000100  __FIQ_STACK_SIZE                   
00000100  __IRQ_STACK_SIZE                   
00000100  __UNDEFINED_STACK_SIZE             
00001000  __SVC_STACK_SIZE                   
00004000  __STACK_SIZE                       
00008000  __SYSMEM_SIZE                      
70040000  __BSS_START                        
70040000  logs                               
70040c80  gHwiCtrl                           
70041f60  _CIOBUF_                           
70041f60  __CIOBUF_                          
70042168  intr_objects                       
70042228  __TI_tmpnams                       
700422c8  gClockCtrl                         
70042300  virtToPhymap                       
70042310  parmbuf                            
70042318  gMcspiHandle                       
70042328  gEdmaHandle                        
7004232c  gUartHandle                        
70042330  __BSS_END                          
70042330  _sys_memory                        
7004a330  __stack                            
7004e330  __STACK_END                        
7004e341  Drivers_adcOpen                    
7004f019  SOC_rcmEnablePeripheralClock       
7004f4e5  Board_driversOpen                  
7004f8e9  MCSPI_deinit                       
7004f900  strcmp                             
7004ffa1  UART_open                          
70050249  MCSPI_open                         
700504e1  EDMA_init                          
7005075d  SOC_rcmSetPeripheralClock          
70050be9  MCSPI_lld_dmaTransfer              
70051025  EDMA_freeChannelRegion             
70051229  MCSPI_lld_controllerIsr            
70051411  GPIO_init                          
700515f3  Board_deinit                       
700515f5  MCSPI_lld_dmaChInit                
7005195c  free                               
70051b04  aligned_alloc                      
70051b04  memalign                           
70051ca9  UART_lld_dmaInit                   
70051e3d  EDMA_open                          
70051fa1  EDMA_deinit                        
70052101  UART_lld_dmaDeInit                 
7005224f  MCSPI_lld_dmaDeInit                
7005239b  Board_init                         
7005239c  setvbuf                            
700524e1  TimerP_setupPriv                   
70052621  SOC_virtToPhy                      
7005275d  UART_close                         
700529c7  UART_lld_controllerIsr             
70052bf8  __udivmoddi4                       
70052d11  SOC_rcmGetPeripheralClockFrequency 
70052e25  UART_lld_write                     
70052f33  init_gpio                          
7005324b  ClockP_init                        
7005334f  Dpl_deinit                         
70053351  UART_lld_dmaWrite                  
70053455  MCSPI_close                        
70053555  UART_write                         
70053651  MCSPI_lld_initDma                  
70053744  fputc                              
7005391b  SemaphoreP_destruct                
7005391d  EDMA_unregisterIntr                
700539ed  GPIO_deinit                        
70053abd  print_log                          
70053b8b  TaskP_yield                        
70053b8d  UART_lld_initDma                   
70053c58  getdevice                          
70053d21  MCSPI_lld_init                     
70053de5  GPIO_bankIsrFxn                    
70053ea9  UART_lld_init                      
70053f69  EDMA_registerIntr                  
70054024  fseeko                             
700540d8  __TI_closefile                     
700544dd  init_global_interrupts             
70054629  EDMA_freeDmaChannel                
700546c9  EDMA_freeParam                     
70054769  EDMA_freeTcc                       
70054808  HOSTrename                         
700548a9  UART_lld_dmaRead                   
70054948  __TI_wrt_ok                        
700549e4  HOSTlseek                          
70054a7d  SemaphoreP_pend                    
70054b13  EDMA_configureChannelRegion        
70054ba8  HOSTopen                           
70054ccb  Drivers_open                       
70054d57  MCSPI_lld_peripheralIsr            
70054de4  close                              
70054e71  ADC_setPPBTripLimits               
70054ef9  UART_init                          
70054f81  UART_procLineStatusErr             
70055008  __TI_doflush                       
70055090  HOSTread                           
70055114  HOSTwrite                          
70055199  EDMA_close                         
70055219  UART_flushTxFifo                   
70055299  Drivers_mcspiOpen                  
70055395  MCSPI_initiateLastChunkTransfer    
70055411  MCSPI_init                         
700554fb  MCSPI_stop                         
7005556d  MCSPI_lld_dmaStop                  
700555dd  EDMA_disableTransferRegion         
7005564b  EDMA_enableTransferRegion          
700556b8  HOSTunlink                         
70055725  UART_lld_writeDma                  
70055791  UART_lld_writeIntr                 
700557f9  CycleCounterP_init                 
70055809  CycleCounterP_reset                
7005582d  CycleCounterP_nsToTicks            
70055859  CycleCounterP_enableUserAccess     
70055861  SOC_controlModuleUnlockMMR         
700558c4  HOSTclose                          
70055925  ClockP_timerTickIsr                
70055985  GPIO_setTrigType                   
70055a3d  SOC_controlModuleLockMMR           
70055a99  _DebugP_assert                     
70055b4c  __TI_cleanup                       
70055ba4  __TI_readmsg                       
70055bfc  __TI_writemsg                      
70055c48  C$$IO$$                            
70055c55  init_interrupt                     
70055cad  ClockP_getTimeUsec                 
70055d03  UART_intrDisable                   
70055d59  UART_writeCancelNoCB               
70055db0  exit                               
70055e04  finddevice                         
70055e58  __TI_auto_init_nobinit_nopinit     
70055ead  AddrTranslateP_getLocalAddr        
70055eff  MCSPI_lld_deInitDma                
70055f51  ClockP_construct                   
70055fa1  EDMA_allocDmaChannel               
70055ff1  EDMA_allocParam                    
70056041  EDMA_allocTcc                      
700560df  Drivers_edmaOpen                   
7005612d  Drivers_uartOpen                   
7005617b  EDMA_disableChInShadowRegRegion    
700561c9  MCSPI_transferCallback             
70056215  PDM_testing                        
70056261  SOC_enableAdcReferenceMonitor      
700562ad  SOC_enableAdcGlobalForce           
700562f5  SOC_enableAdcInternalReference     
70056384  unlink                             
70056415  SOC_getAdcReferenceStatus          
70056459  UART_Params_init                   
7005649d  UART_lld_deInitDma                 
700564e1  ClockP_stop                        
70056521  Dpl_init                           
70056561  EDMA_mapChToEvtQ                   
700565a1  Pinmux_config                      
700565e1  SemaphoreP_constructBinary         
70056621  UART_lld_deInit                    
700566a1  SemaphoreP_constructMutex          
700566e1  EDMA_getBaseAddr                   
70056759  ClockP_destruct                    
70056793  DebugP_uartLogWriterPutChar        
700567cd  Module_clockSetFrequency           
70056807  UART_lld_flushTxFifo               
70056841  add_log                            
700568b5  _DebugP_logZone                    
700568ec  CycleCounterP_getCount32           
700568f4  PmuP_setup                         
700568fc  PmuP_enableCounters                
70056904  PmuP_disableCounters               
7005690c  PmuP_getOverflowStatus             
70056914  PmuP_clearOverflowStatus           
7005691c  PmuP_setUserEnable                 
70056925  EDMA_clrMissEvtRegion              
7005695b  ClockP_start                       
7005698f  MCSPI_errorCallback                
700569c3  Module_clockDisable                
700569f7  Module_clockEnable                 
70056a2d  SOC_enableAdcDacLoopback           
70056ac8  lseek                              
70056afc  write                              
70056b31  ClockP_usleep                      
70056b63  EDMA_unmapChToEvtQ                 
70056b95  SemaphoreP_post                    
70056bf7  EDMA_enableChInShadowRegRegion     
70056c55  SOC_rcmGetR5Clock                  
70056c81  UART_getHandle                     
70056cad  System_init                        
70056cff  GPIO_setDirMode                    
70056d51  SOC_moduleSetClockFrequency        
70056d79  ClockP_sleep                       
70056d9f  EDMA_setPaRAM                      
70056dc5  UART_lld_dmaDisableChannel         
70056e7c  __aeabi_uldivmod                   
70056ea1  vprintf_                           
70056ec5  EDMA_linkChannel                   
70056ee7  print_logs                         
70056f09  DebugP_logZoneEnable               
70056f49  TimerP_Params_initPriv             
70056f69  UART_getChar                       
70056f89  System_deinit                      
70056fa7  UART_spaceAvail                    
70056fe1  MCSPI_lld_deInit                   
70056ffd  SOC_rcmIsR5FInLockStepMode         
70057019  main                               
7005706c  TI_memcpy_small                    
70057089  CSL_armR5GetCpuID                  
700570a3  EDMA_readEventStatusRegion         
700570d7  MCSPI_lld_dmaInit                  
700570ef  TimerP_getCountPriv                
70057109  UART_deinit                        
70057120  TI_memset_small                    
70057139  MCSPI_reset                        
7005714f  UART_IsTxRxFifoEmpty               
70057165  UART_getIntrIdentityStatus         
7005717b  ClockP_usecToTicks                 
7005718f  EDMA_getRegionId                   
700571a3  UART_Transaction_init              
700571cb  ADC_setMode                        
700571ef  UART_operatingModeSelect           
70057201  UART_readLineStatus                
70057213  putchar_                           
70057225  GPIO_bankIntrDisable               
70057235  UART_intr2Disable                  
70057244  __aeabi_memset                     
70057244  __aeabi_memset4                    
70057244  __aeabi_memset8                    
70057254  putchar                            
70057265  EDMA_ccPaRAMEntry_init             
70057273  GPIO_bankIntrEnable                
70057281  Pinmux_init                        
7005728f  PowerClock_init                    
7005729d  ClockP_getTicks                    
700572a9  DebugP_uartSetDrvIndex             
700572b5  EDMA_isInitialized                 
700572c1  SOC_getSelfCpuClk                  
700572cc  __aeabi_memclr                     
700572cc  __aeabi_memclr4                    
700572cc  __aeabi_memclr8                    
700572d8  malloc                             
700572e4  CSL_armR5ReadMpidrReg              
700572f1  ClockP_Params_init                 
700572fb  EDMA_isInterruptEnabled            
7005730d  ClockP_isActive                    
70057317  TimerP_getReloadCountPriv          
70057321  TimerP_startPriv                   
7005732b  UART_lld_Transaction_deInit        
70057334  C$$EXIT                            
70057334  HOSTexit                           
7005733d  TimerP_clearOverflowIntPriv        
7005734d  SOC_moduleClockEnable              
70057359  ClockP_getTimerCount               
7005735d  ClockP_timerClearOverflowInt       
70057361  PowerClock_deinit                  
70057365  TimerP_Params_init                 
70057369  TimerP_clearOverflowInt            
7005736d  TimerP_getCount                    
70057371  TimerP_getReloadCount              
70057375  TimerP_setup                       
70057379  TimerP_start                       
7005737c  __aeabi_ldiv0                      
70057380  __aeabi_memcpy                     
70057380  __aeabi_memcpy4                    
70057380  __aeabi_memcpy8                    
70057384  _nop                               
70057388  fseek                              
7005738c  remove                             
7005743c  gCacheConfig                       
70057444  gMpuConfig                         
70057450  gMpuRegionConfig                   
70057558  gADPLLJConfigTbl                   
70057e8c  gPeripheralClkSrcInfoMap           
700583ec  gCacheL1dCacheLineSize             
700583f0  gCacheL1pCacheLineSize             
70058401  HwiP_enableInt                     
70058429  HwiP_disableInt                    
7005845b  HwiP_restoreInt                    
700584b1  HwiP_clearInt                      
700584d1  HwiP_post                          
700584f9  HwiP_Params_init                   
7005850b  HwiP_construct                     
70058653  HwiP_destruct                      
70058725  HwiP_init                          
700587e7  HwiP_inISR                         
70058803  HwiP_irq_handler_c                 
70058887  HwiP_fiq_handler                   
70058937  HwiP_reserved_handler              
70058965  HwiP_undefined_handler_c           
70058983  HwiP_user_undefined_handler_c      
70058997  HwiP_svc_handler                   
700589c5  HwiP_prefetch_abort_handler_c      
70058a3f  HwiP_user_prefetch_abort_handler_c 
70058a4f  HwiP_data_abort_handler_c          
70058acf  HwiP_user_data_abort_handler_c     
70058ae0  HwiP_irq_handler                   
70058b54  HwiP_data_abort_handler            
70058b98  HwiP_prefetch_abort_handler        
70058be4  HwiP_undefined_handler             
70058c14  GET_DFSR                           
70058c1c  GET_ADFSR                          
70058c24  GET_DFAR                           
70058c2c  GET_IFSR                           
70058c34  GET_AIFSR                          
70058c3c  GET_IFAR                           
70058c44  GET_SPSR                           
70058c5c  HwiP_disable                       
70058c6c  HwiP_disableFIQ                    
70058c7c  HwiP_enable                        
70058c8c  HwiP_enableFIQ                     
70058c9c  HwiP_restore                       
70058ca4  HwiP_enableVIC                     
70058cb4  HwiP_disableVIC                    
70058cc4  HwiP_getCPSR                       
70058cd8  CacheP_disableL1d                  
70058d00  CacheP_disableL1p                  
70058d18  CacheP_enableL1d                   
70058d30  CacheP_enableL1p                   
70058d48  CacheP_invL1d                      
70058d80  CacheP_invL1p                      
70058dbc  CacheP_invL1dAll                   
70058dc4  CacheP_invL1pAll                   
70058dcc  CacheP_wb                          
70058e08  CacheP_wbInv                       
70058e44  CacheP_wbAll                       
70058eec  CacheP_wbInvAll                    
70058f04  CacheP_wbInvAllAsm                 
70058fa4  CacheP_getEnabled                  
70058fdc  CacheP_getCacheLevelInfo           
70058fe8  CacheP_configForceWrThru           
70059008  CacheP_setDLFO                     
70059019  CacheP_init                        
70059071  CacheP_disable                     
700590ab  CacheP_enable                      
700590cb  CacheP_inv                         
70059109  MpuP_getAttrs                      
70059149  MpuP_RegionAttrs_init              
70059157  MpuP_setRegion                     
700591d1  MpuP_isEnable                      
700591d5  MpuP_disable                       
70059207  MpuP_enable                        
70059243  MpuP_init                          
700592a5  MpuP_isUserAuthorizedToAccessMemory
7005930c  MpuP_disableAsm                    
70059324  MpuP_disableBRAsm                  
70059334  MpuP_enableAsm                     
7005934c  MpuP_enableBRAsm                   
7005935c  MpuP_isEnableAsm                   
70059370  MpuP_setRegionAsm                  
70059398  _c_int00_sbl                       
700593bc  _c_int00                           
700594dd  _DebugP_assertNoLog                
700594fb  _system_pre_init                   
70059517  __mpu_init                         
70059528  abort                              
70059530  _ftable                            
70059530  gMcspiDmaHandle                    
70059530  gUartDmaHandle                     
700598a8  _device                            
70059920  intr_pins                          
70059980  gUartParams                        
700599d8  _stream                            
70059a70  gSpi0ChCfg                         
70059ab0  gSpi1ChCfg                         
70059af0  gSocModulesClockFrequency          
70059b20  gMcspiOpenParams                   
70059b48  gClockConfig                       
70059b60  gMcspiConfig                       
70059b70  gSocModules                        
70059b80  gAddrTranslateConfig               
70059b8c  __TI_cleanup_ptr                   
70059b90  __TI_dtors_ptr                     
70059b94  gConfigMcspiChCfg                  
70059b9c  gEdmaConfig                        
70059ba4  gEdmaParams                        
70059bac  gMcspiDmaChConfig                  
70059bb4  gMcspiNumCh                        
70059bc4  gUartConfig                        
70059bcc  __TI_ft_end                        
70059bd8  _lock                              
70059bdc  _unlock                            
70059be0  gDebugLogZone                      
70059be4  gDebugP_uartDrvIndex               
70059be8  gEdmaConfigNum                     
70059bec  gHwiConfig                         
70059bf0  gMcspiConfigNum                    
70059bf4  gUartConfigNum                     
70059bf8  gUartDmaChConfig                   
70059bfc  test                               
70059c00  logs_length                        
70059c02  isMapAvailable                     
70059c08  __IRQ_STACK_START                  
70059d08  __FIQ_STACK_START                  
70059d08  __IRQ_STACK_END                    
70059e08  __FIQ_STACK_END                    
70059e08  __SVC_STACK_START                  
7005ae08  __ABORT_STACK_START                
7005ae08  __SVC_STACK_END                    
7005af08  __ABORT_STACK_END                  
7005af08  __UNDEFINED_STACK_START            
7005b008  __UNDEFINED_STACK_END              
ffffffff  __TI_pprof_out_hndl                
ffffffff  __TI_prof_data_size                
ffffffff  __TI_prof_data_start               
ffffffff  __binit__                          
ffffffff  binit                              
UNDEFED   __TI_CINIT_Base                    
UNDEFED   __TI_CINIT_Limit                   
UNDEFED   __TI_Handler_Table_Base            
UNDEFED   __TI_Handler_Table_Limit           
UNDEFED   _system_post_cinit                 

[417 symbols]
