******************************************************************************
            TI ARM Clang Linker PC v4.0.2                      
******************************************************************************
>> Linked Wed Jul  2 13:21:10 2025

OUTPUT FILE NAME:   <second_stage_PDM_testing.out>
ENTRY POINT SYMBOL: "_vectors"  address: 00000000


MEMORY CONFIGURATION

         name            origin    length      used     unused   attr    fill
----------------------  --------  ---------  --------  --------  ----  --------
  R5F_VECS              00000000   00000040  00000040  00000000  RWIX
  R5F_TCMA              00000040   00007fc0  00000000  00007fc0  RWIX
  R5F_TCMB              00080000   00008000  00000000  00008000  RWIX
  MAILBOX_HSM           44000000   000003ce  00000000  000003ce  RWIX
  MAILBOX_R5F           44000400   000003ce  00000000  000003ce  RWIX
  FLASH                 60100000   00080000  00000000  00080000  RWIX
  SBL                   70000000   00040000  00000000  00040000  RWIX
  OCRAM                 70040000   00040000  00022790  0001d870  RWIX
  USER_SHM_MEM          701d0000   00004000  00000000  00004000  RWIX
  LOG_SHM_MEM           701d4000   00004000  00002000  00002000  RWIX
  RTOS_NORTOS_IPC_SHM_M 72000000   00003e80  00000000  00003e80  RWIX


SEGMENT ALLOCATION MAP

run origin  load origin   length   init length attrs members
----------  ----------- ---------- ----------- ----- -------
00000000    00000000    00000040   00000040    r-x
  00000000    00000000    00000040   00000040    r-x .vectors
70040000    70040000    00011140   00011140    r-x
  70040000    70040000    0000ea20   0000ea20    r-x .text
  7004ea20    7004ea20    00002720   00002720    r-- .rodata
70051140    70051140    0000e8c0   00000000    rw-
  70051140    70051140    000028c0   00000000    rw- .bss
  70053a00    70053a00    00008000   00000000    rw- .sysmem
  7005ba00    7005ba00    00004000   00000000    rw- .stack
7005fa00    7005fa00    00001130   00001130    r-x
  7005fa00    7005fa00    000008d8   000008d8    r-x .text.hwi
  700602d8    700602d8    00000430   00000430    r-x .text.cache
  70060708    70060708    00000290   00000290    r-x .text.mpu
  70060998    70060998    00000190   00000190    r-x .text.boot
  70060b28    70060b28    00000008   00000008    r-x .text:abort
70060b30    70060b30    00001c60   00000860    rw-
  70060b30    70060b30    00000860   00000860    rw- .data
  70061390    70061390    00000100   00000000    rw- .irqstack
  70061490    70061490    00000100   00000000    rw- .fiqstack
  70061590    70061590    00001000   00000000    rw- .svcstack
  70062590    70062590    00000100   00000000    rw- .abortstack
  70062690    70062690    00000100   00000000    rw- .undefinedstack


SECTION ALLOCATION MAP

 output                                  attributes/
section   page    origin      length       input sections
--------  ----  ----------  ----------   ----------------
.vectors   0    00000000    00000040     
                  00000000    00000040     nortos.am263px.r5f.ti-arm-clang.release.lib : HwiP_armv7r_vectors_nortos_asm.obj (.vectors)

.text      0    70040000    0000ea20     
                  70040000    00001328     libc.a : _scanfi.c.obj (.text.__TI_scanfi)
                  70041328    00000756     ti_drivers_open_close.o (.text.Drivers_adcOpen)
                  70041a7e    00000002     ti_board_config.o (.text.Board_deinit)
                  70041a80    00000580     nortos.am263px.r5f.ti-arm-clang.release.lib : printf.obj (.text._vsnprintf)
                  70042000    000004d4     libc.a : strtod.c.obj (.text.strtod)
                  700424d4    000004cc     drivers.am263px.r5f.ti-arm-clang.release.lib : soc_rcm.obj (.text.SOC_rcmEnablePeripheralClock)
                  700429a0    00000444                                                  : i2c_v1_lld.obj (.text.I2C_lld_primeTransferPoll)
                  70042de4    00000004     nortos.am263px.r5f.ti-arm-clang.release.lib : ClockP_nortos_r5.obj (.text.ClockP_getTimerCount)
                  70042de8    00000400                                                 : printf.obj (.text._ftoa)
                  700431e8    000003b8     testing.o (.text.conduct_test)
                  700435a0    00000390     libc.a : strcmp32.S.obj (.text:strcmp)
                  70043930    00000310     nortos.am263px.r5f.ti-arm-clang.release.lib : printf.obj (.text._etoa)
                  70043c40    000002a8     drivers.am263px.r5f.ti-arm-clang.release.lib : uart_v0.obj (.text.UART_open)
                  70043ee8    00000298                                                  : mcspi_v0.obj (.text.MCSPI_open)
                  70044180    0000027c                                                  : edma.obj (.text.EDMA_init)
                  700443fc    0000027c     libc.a : strtoll.c.obj (.text.strtoll)
                  70044678    00000250     drivers.am263px.r5f.ti-arm-clang.release.lib : soc_rcm.obj (.text.SOC_rcmSetPeripheralClock)
                  700448c8    00000248     libc.a : strtoull.c.obj (.text.strtoull)
                  70044b10    0000023c     drivers.am263px.r5f.ti-arm-clang.release.lib : uart_v0_lld.obj (.text.UART_configInstance)
                  70044d4c    00000230                                                  : mcspi_dma_edma.obj (.text.MCSPI_lld_dmaTransfer)
                  70044f7c    00000210                                                  : i2c_v1.obj (.text.I2C_open)
                  7004518c    0000020c                                                  : edma.obj (.text.EDMA_errorIsrFxn)
                  70045398    0000020c                                                  : mcspi_v0_lld.obj (.text.MCSPI_transferControllerPoll)
                  700455a4    00000208     ti_drivers_config.o (.text.GPIO_init)
                  700457ac    00000204     drivers.am263px.r5f.ti-arm-clang.release.lib : edma.obj (.text.EDMA_freeChannelRegion)
                  700459b0    000001f8     libc.a : strtol.c.obj (.text.strtol)
                  70045ba8    000001ec            : strtoul.c.obj (.text.strtoul)
                  70045d94    000001e8     drivers.am263px.r5f.ti-arm-clang.release.lib : mcspi_v0_lld.obj (.text.MCSPI_lld_controllerIsr)
                  70045f7c    000001d0     libclang_rt.builtins.a : udivsi3.S.obj (.text.__udivsi3)
                  7004614c    000001c0     drivers.am263px.r5f.ti-arm-clang.release.lib : mcspi_dma_edma.obj (.text.MCSPI_lld_dmaChInit)
                  7004630c    000001b4                                                  : i2c_v1_lld.obj (.text.I2C_lld_targetIsr)
                  700464c0    000001ae                                                  : i2c_v1_lld.obj (.text.I2C_lld_controllerIsr)
                  7004666e    00000002     ti_board_config.o (.text.Board_init)
                  70046670    000001a8     drivers.am263px.r5f.ti-arm-clang.release.lib : mcspi_v0_lld.obj (.text.MCSPI_lld_chConfig)
                  70046818    000001a8     libc.a : memory.c.obj (.text.free)
                  700469c0    000001a4            : memory.c.obj (.text.aligned_alloc)
                  70046b64    00000194     drivers.am263px.r5f.ti-arm-clang.release.lib : uart_dma_edma.obj (.text.UART_lld_dmaInit)
                  70046cf8    00000190                                                  : mcspi_v0.obj (.text.MCSPI_transfer)
                  70046e88    00000188     BQ25751.o (.text.BQ25751_manual_register_write)
                  70047010    00000188     drivers.am263px.r5f.ti-arm-clang.release.lib : i2c_v1.obj (.text.I2C_transfer)
                  70047198    00000164                                                  : edma.obj (.text.EDMA_open)
                  700472fc    00000160                                                  : edma.obj (.text.EDMA_deinit)
                  7004745c    00000004     nortos.am263px.r5f.ti-arm-clang.release.lib : ClockP_nortos_r5.obj (.text.ClockP_timerClearOverflowInt)
                  70047460    00000150     libc.a : s_scalbn.c.obj (.text.scalbn)
                  700475b0    0000014e     drivers.am263px.r5f.ti-arm-clang.release.lib : uart_dma_edma.obj (.text.UART_lld_dmaDeInit)
                  700476fe    0000014c                                                  : mcspi_dma_edma.obj (.text.MCSPI_lld_dmaDeInit)
                  7004784a    00000002     nortos.am263px.r5f.ti-arm-clang.release.lib : DebugP_nortos.obj (.text.DebugP_shmLogReaderTaskCreate)
                  7004784c    0000014c     PDMtesting.o (.text.PDM_testing)
                  70047998    00000144     libc.a : setvbuf.c.obj (.text.setvbuf)
                  70047adc    00000140     nortos.am263px.r5f.ti-arm-clang.release.lib : TimerP_rti_priv.obj (.text.TimerP_setupPriv)
                  70047c1c    0000013c     drivers.am263px.r5f.ti-arm-clang.release.lib : soc.obj (.text.SOC_virtToPhy)
                  70047d58    00000138                                                  : uart_v0.obj (.text.UART_close)
                  70047e90    00000134                                                  : mcspi_v0_lld.obj (.text.MCSPI_lld_readWrite)
                  70047fc4    00000132     BQ25751.o (.text.BQ25751_manual_register_read)
                  700480f6    00000132     nortos.am263px.r5f.ti-arm-clang.release.lib : printf.obj (.text._ntoa_format)
                  70048228    00000126     int_adc.o (.text.read_int_ADC)
                  7004834e    0000011c     drivers.am263px.r5f.ti-arm-clang.release.lib : mcspi_v0_lld.obj (.text.MCSPI_lld_readWriteIntr)
                  7004846a    0000011a                                                  : uart_v0_lld.obj (.text.UART_lld_controllerIsr)
                  70048584    00000118                                                  : edma.obj (.text.Alloc_resource)
                  7004869c    00000118     libclang_rt.builtins.a : udivmoddi4.S.obj (.text)
                  700487b4    00000114     drivers.am263px.r5f.ti-arm-clang.release.lib : soc_rcm.obj (.text.SOC_rcmGetPeripheralClockFrequency)
                  700488c8    0000010e                                                  : uart_v0_lld.obj (.text.UART_lld_write)
                  700489d6    0000010a     BQ25751.o (.text.BQ25751_run_test_mode)
                  70048ae0    0000010a     board.o (.text.GPIO_bankIsrFxn)
                  70048bea    0000010a     board.o (.text.init_gpio)
                  70048cf4    00000108     drivers.am263px.r5f.ti-arm-clang.release.lib : edma.obj (.text.EDMA_transferCompletionMasterIsrFxn)
                  70048dfc    00000108                                                  : uart_v0.obj (.text.UART_read)
                  70048f04    00000106                                                  : mcspi_v0_lld.obj (.text.MCSPI_continuePeripheralTxRx)
                  7004900a    00000104     nortos.am263px.r5f.ti-arm-clang.release.lib : ClockP_nortos_r5.obj (.text.ClockP_init)
                  7004910e    00000002     ti_dpl_config.o (.text.Dpl_deinit)
                  70049110    00000104     drivers.am263px.r5f.ti-arm-clang.release.lib : uart_dma_edma.obj (.text.UART_lld_dmaWrite)
                  70049214    00000100                                                  : mcspi_v0.obj (.text.MCSPI_close)
                  70049314    000000fc                                                  : uart_v0.obj (.text.UART_write)
                  70049410    000000f4                                                  : mcspi_v0_lld.obj (.text.MCSPI_lld_initDma)
                  70049504    000000f2     ti_drivers_config.o (.text.GPIO_deinit)
                  700495f6    00000002     nortos.am263px.r5f.ti-arm-clang.release.lib : SemaphoreP_nortos.obj (.text.SemaphoreP_destruct)
                  700495f8    000000f0     libc.a : fputc.c.obj (.text.fputc)
                  700496e8    000000e6     drivers.am263px.r5f.ti-arm-clang.release.lib : mcspi_dma_edma.obj (.text.MCSPI_edmaIsrTx)
                  700497ce    000000e6                                                  : mcspi_v0_lld.obj (.text.MCSPI_lld_readWriteDma)
                  700498b4    000000d4     libc.a : sscanf.c.obj (.text._chkmbc)
                  70049988    000000d2     logger.o (.text.print_log)
                  70049a5a    00000002     nortos.am263px.r5f.ti-arm-clang.release.lib : TaskP_nortos.obj (.text.TaskP_yield)
                  70049a5c    000000d0     drivers.am263px.r5f.ti-arm-clang.release.lib : edma.obj (.text.EDMA_unregisterIntr)
                  70049b2c    000000cc                                                  : uart_v0_lld.obj (.text.UART_lld_initDma)
                  70049bf8    000000c8     libc.a : getdevice.c.obj (.text.getdevice)
                  70049cc0    000000c4     drivers.am263px.r5f.ti-arm-clang.release.lib : i2c_v1_lld.obj (.text.I2C_lld_mem_write)
                  70049d84    000000c4                                                  : i2c_v1_lld.obj (.text.I2C_lld_primeTransferIntr)
                  70049e48    000000c4                                                  : mcspi_v0_lld.obj (.text.MCSPI_lld_init)
                  70049f0c    000000c0     BQ25751.o (.text.BQ25751_read_reg)
                  70049fcc    000000c0     drivers.am263px.r5f.ti-arm-clang.release.lib : i2c_v1_lld.obj (.text.I2C_lld_mem_read)
                  7004a08c    000000c0                                                  : uart_v0_lld.obj (.text.UART_lld_init)
                  7004a14c    000000c0     board.o (.text.init_global_interrupts)
                  7004a20c    000000be     ioexp_tca6424.o (.text.TCA6424_config)
                  7004a2ca    000000be     ioexp_tca6424.o (.text.TCA6424_setOutput)
                  7004a388    000000bc     drivers.am263px.r5f.ti-arm-clang.release.lib : edma.obj (.text.EDMA_registerIntr)
                  7004a444    000000b4     libc.a : fseek.c.obj (.text.fseeko)
                  7004a4f8    000000b0            : fclose.c.obj (.text.__TI_closefile)
                  7004a5a8    000000b0     nortos.am263px.r5f.ti-arm-clang.release.lib : printf.obj (.text._ntoa_long_long)
                  7004a658    000000ac     drivers.am263px.r5f.ti-arm-clang.release.lib : soc_rcm.obj (.text.SOC_rcmGetCoreHSDivOut)
                  7004a704    000000ac                                                  : uart_v0_lld.obj (.text.UART_divisorLatchWrite)
                  7004a7b0    000000a8     nortos.am263px.r5f.ti-arm-clang.release.lib : DebugP_uartScanf.obj (.text.DebugP_readLine)
                  7004a858    000000a6     drivers.am263px.r5f.ti-arm-clang.release.lib : mcspi_dma_edma.obj (.text.MCSPI_edmaIsrRx)
                  7004a8fe    000000a6                                                  : uart_v0_lld.obj (.text.UART_lld_read)
                  7004a9a4    000000a6     nortos.am263px.r5f.ti-arm-clang.release.lib : printf.obj (.text._out_rev)
                  7004aa4a    00000002     drivers.am263px.r5f.ti-arm-clang.release.lib : uart_dma_edma.obj (.text.UART_edmaDoNothing)
                  7004aa4c    000000a4                                                  : i2c_v1.obj (.text.I2C_close)
                  7004aaf0    000000a4                                                  : i2c_v1_lld.obj (.text.I2C_lld_mem_readIntr)
                  7004ab94    000000a4                                                  : i2c_v1_lld.obj (.text.I2C_lld_mem_writeIntr)
                  7004ac38    000000a4     libc.a : memory.c.obj (.text.split)
                  7004acdc    000000a0     drivers.am263px.r5f.ti-arm-clang.release.lib : edma.obj (.text.EDMA_freeDmaChannel)
                  7004ad7c    000000a0                                                  : edma.obj (.text.EDMA_freeParam)
                  7004ae1c    000000a0                                                  : edma.obj (.text.EDMA_freeTcc)
                  7004aebc    000000a0     libsysbm.a : hostrename.c.obj (.text.HOSTrename)
                  7004af5c    000000a0     drivers.am263px.r5f.ti-arm-clang.release.lib : uart_dma_edma.obj (.text.UART_lld_dmaRead)
                  7004affc    0000009c                                                  : uart_v0_lld.obj (.text.UART_lld_readIntr)
                  7004b098    0000009c     libc.a : _io_perm.c.obj (.text.__TI_wrt_ok)
                  7004b134    0000009a     ti_board_open_close.o (.text.Board_ioexpOpen)
                  7004b1ce    00000002     drivers.am263px.r5f.ti-arm-clang.release.lib : uart_v0.obj (.text.UART_lld_errorCallback)
                  7004b1d0    00000098     libsysbm.a : hostlseek.c.obj (.text.HOSTlseek)
                  7004b268    00000098     drivers.am263px.r5f.ti-arm-clang.release.lib : i2c_v1.obj (.text.I2C_primeTransfer)
                  7004b300    00000096     BQ25751.o (.text.BQ25751_write_reg)
                  7004b396    00000096     nortos.am263px.r5f.ti-arm-clang.release.lib : SemaphoreP_nortos.obj (.text.SemaphoreP_pend)
                  7004b42c    00000094     drivers.am263px.r5f.ti-arm-clang.release.lib : edma.obj (.text.EDMA_configureChannelRegion)
                  7004b4c0    00000094     libsysbm.a : hostopen.c.obj (.text.HOSTopen)
                  7004b554    00000094     drivers.am263px.r5f.ti-arm-clang.release.lib : i2c_v1_lld.obj (.text.I2C_lld_init)
                  7004b5e8    00000094     ADS_adc.o (.text.SPI_ReadWrite)
                  7004b67c    00000094     drivers.am263px.r5f.ti-arm-clang.release.lib : uart_v0_lld.obj (.text.UART_lld_readWithCounter)
                  7004b710    00000090     ti_drivers_open_close.o (.text.Drivers_open)
                  7004b7a0    00000090     drivers.am263px.r5f.ti-arm-clang.release.lib : mcspi_v0_lld.obj (.text.MCSPI_setFifoConfig)
                  7004b830    0000008e     nortos.am263px.r5f.ti-arm-clang.release.lib : printf.obj (.text._ntoa_long)
                  7004b8be    0000008c     drivers.am263px.r5f.ti-arm-clang.release.lib : mcspi_v0_lld.obj (.text.MCSPI_lld_peripheralIsr)
                  7004b94a    00000002     nortos.am263px.r5f.ti-arm-clang.release.lib : printf.obj (.text._out_null)
                  7004b94c    0000008c     libsysbm.a : close.c.obj (.text.close)
                  7004b9d8    0000008c     BQ25751.o (.text.i2c_read_error_handler)
                  7004ba64    00000088     drivers.am263px.r5f.ti-arm-clang.release.lib : adc.obj (.text.ADC_setPPBTripLimits)
                  7004baec    00000088                                                  : uart_v0.obj (.text.UART_init)
                  7004bb74    00000088                                                  : uart_v0_lld.obj (.text.UART_procLineStatusErr)
                  7004bbfc    00000088     libc.a : fflush.c.obj (.text.__TI_doflush)
                  7004bc84    00000084     libsysbm.a : hostread.c.obj (.text.HOSTread)
                  7004bd08    00000084                : hostwrite.c.obj (.text.HOSTwrite)
                  7004bd8c    00000084     drivers.am263px.r5f.ti-arm-clang.release.lib : mcspi_v0_lld.obj (.text.MCSPI_setPeripheralFifoConfig)
                  7004be10    00000080                                                  : edma.obj (.text.EDMA_close)
                  7004be90    00000080                                                  : uart_v0.obj (.text.UART_flushTxFifo)
                  7004bf10    0000007e     ti_drivers_open_close.o (.text.Drivers_mcspiOpen)
                  7004bf8e    0000007e     drivers.am263px.r5f.ti-arm-clang.release.lib : mcspi_v0_lld.obj (.text.MCSPI_fifoRead)
                  7004c00c    0000007e                                                  : mcspi_v0_lld.obj (.text.MCSPI_transferPeripheralPoll)
                  7004c08a    0000007c     ti_drivers_open_close.o (.text.Drivers_i2cOpen)
                  7004c106    0000007a     drivers.am263px.r5f.ti-arm-clang.release.lib : mcspi_v0_lld.obj (.text.MCSPI_initiateLastChunkTransfer)
                  7004c180    00000078                                                  : mcspi_v0.obj (.text.MCSPI_init)
                  7004c1f8    00000076                                                  : uart_v0_lld.obj (.text.UART_readDataPolling)
                  7004c26e    00000072                                                  : mcspi_v0_lld.obj (.text.MCSPI_fifoWrite)
                  7004c2e0    00000072                                                  : mcspi_v0_lld.obj (.text.MCSPI_stop)
                  7004c352    00000070                                                  : mcspi_dma_edma.obj (.text.MCSPI_lld_dmaStop)
                  7004c3c2    0000006e     BQ25751.o (.text.BQ25751_read_faults)
                  7004c430    0000006e     drivers.am263px.r5f.ti-arm-clang.release.lib : edma.obj (.text.EDMA_disableTransferRegion)
                  7004c49e    0000006e                                                  : edma.obj (.text.EDMA_enableTransferRegion)
                  7004c50c    0000006c     libsysbm.a : hostunlink.c.obj (.text.HOSTunlink)
                  7004c578    0000006c     drivers.am263px.r5f.ti-arm-clang.release.lib : uart_v0_lld.obj (.text.UART_lld_writeDma)
                  7004c5e4    00000068                                                  : uart_v0_lld.obj (.text.UART_lld_readDma)
                  7004c64c    00000068                                                  : uart_v0_lld.obj (.text.UART_lld_writeIntr)
                  7004c6b4    00000068     libc.a : atoi.c.obj (.text.atoi)
                  7004c71c    00000068     board.o (.text.digitalWrite)
                  7004c784    00000066     nortos.am263px.r5f.ti-arm-clang.release.lib : PmuP_armv7r.obj (.text.pmu)
                  7004c7ea    00000002     --HOLE-- [fill = 0]
                  7004c7ec    00000064     drivers.am263px.r5f.ti-arm-clang.release.lib : soc.obj (.text.SOC_controlModuleUnlockMMR)
                  7004c850    00000064     logger.o (.text.add_log)
                  7004c8b4    00000064     board.o (.text.init_interrupt)
                  7004c918    00000060     libsysbm.a : hostclose.c.obj (.text.HOSTclose)
                  7004c978    0000005e     nortos.am263px.r5f.ti-arm-clang.release.lib : ClockP_nortos.obj (.text.ClockP_timerTickIsr)
                  7004c9d6    0000005e     drivers.am263px.r5f.ti-arm-clang.release.lib : mcspi_v0_lld.obj (.text.MCSPI_setChDataSize)
                  7004ca34    0000005c                                                  : gpio.obj (.text.GPIO_setTrigType)
                  7004ca90    0000005c                                                  : mcspi_v0_lld.obj (.text.MCSPI_configInstance)
                  7004caec    0000005c                                                  : soc.obj (.text.SOC_controlModuleLockMMR)
                  7004cb48    0000005c     nortos.am263px.r5f.ti-arm-clang.release.lib : DebugP_log.obj (.text._DebugP_assert)
                  7004cba4    00000058     drivers.am263px.r5f.ti-arm-clang.release.lib : mcspi_dma_edma.obj (.text.MCSPI_edmaUpdateTransferParams)
                  7004cbfc    00000058     libc.a : fopen.c.obj (.text.__TI_cleanup)
                  7004cc54    00000058     libsysbm.a : trgmsg.c.obj (.text.__TI_readmsg)
                  7004ccac    00000058                : trgmsg.c.obj (.text.__TI_writemsg)
                  7004cd04    00000058     logger.o (.text.print_pending_logs)
                  7004cd5c    00000056     nortos.am263px.r5f.ti-arm-clang.release.lib : ClockP_nortos.obj (.text.ClockP_getTimeUsec)
                  7004cdb2    00000056     drivers.am263px.r5f.ti-arm-clang.release.lib : uart_v0_lld.obj (.text.UART_intrDisable)
                  7004ce08    00000056                                                  : uart_v0_lld.obj (.text.UART_readCancelNoCB)
                  7004ce5e    00000056                                                  : uart_v0_lld.obj (.text.UART_writeCancelNoCB)
                  7004ceb4    00000054     ti_dpl_config.o (.text.Dpl_init)
                  7004cf08    00000054     libc.a : exit.c.obj (.text.exit)
                  7004cf5c    00000054            : getdevice.c.obj (.text.finddevice)
                  7004cfb0    00000054            : autoinit.c.obj (.text:__TI_auto_init_nobinit_nopinit)
                  7004d004    00000052     nortos.am263px.r5f.ti-arm-clang.release.lib : AddrTranslateP_32bit.obj (.text.AddrTranslateP_getLocalAddr)
                  7004d056    00000052     drivers.am263px.r5f.ti-arm-clang.release.lib : i2c_v1.obj (.text.I2C_LLD_targetTransferCompleteCallback)
                  7004d0a8    00000052                                                  : mcspi_v0_lld.obj (.text.MCSPI_lld_deInitDma)
                  7004d0fa    00000050     BQ25751.o (.text.BQ25751_print_register_dump)
                  7004d14a    00000050     nortos.am263px.r5f.ti-arm-clang.release.lib : ClockP_nortos.obj (.text.ClockP_construct)
                  7004d19a    00000002     --HOLE-- [fill = 0]
                  7004d19c    00000050     drivers.am263px.r5f.ti-arm-clang.release.lib : edma.obj (.text.EDMA_allocDmaChannel)
                  7004d1ec    00000050                                                  : edma.obj (.text.EDMA_allocParam)
                  7004d23c    00000050                                                  : edma.obj (.text.EDMA_allocTcc)
                  7004d28c    0000004e     nortos.am263px.r5f.ti-arm-clang.release.lib : ClockP_nortos.obj (.text.ClockP_addToList)
                  7004d2da    0000004e     ti_drivers_open_close.o (.text.Drivers_edmaOpen)
                  7004d328    0000004e     ti_drivers_open_close.o (.text.Drivers_uartOpen)
                  7004d376    0000004e     drivers.am263px.r5f.ti-arm-clang.release.lib : edma.obj (.text.EDMA_disableChInShadowRegRegion)
                  7004d3c4    0000004c                                                  : mcspi_v0.obj (.text.MCSPI_transferCallback)
                  7004d410    0000004c                                                  : mcspi_v0_lld.obj (.text.MCSPI_transferControllerIntr)
                  7004d45c    0000004c                                                  : soc.obj (.text.SOC_enableAdcReferenceMonitor)
                  7004d4a8    00000048                                                  : soc.obj (.text.SOC_enableAdcGlobalForce)
                  7004d4f0    00000048                                                  : soc.obj (.text.SOC_enableAdcInternalReference)
                  7004d538    00000048                                                  : uart_dma_edma.obj (.text.UART_edmaIsrRx)
                  7004d580    00000048     libsysbm.a : unlink.c.obj (.text.unlink)
                  7004d5c8    00000046     drivers.am263px.r5f.ti-arm-clang.release.lib : uart_dma_edma.obj (.text.UART_edmaIsrTx)
                  7004d60e    00000044                                                  : i2c_v1.obj (.text.I2C_completeCurrTransfer)
                  7004d652    00000002     --HOLE-- [fill = 0]
                  7004d654    00000044                                                  : soc.obj (.text.SOC_getAdcReferenceStatus)
                  7004d698    00000044                                                  : uart_v0.obj (.text.UART_Params_init)
                  7004d6dc    00000044                                                  : uart_v0_lld.obj (.text.UART_lld_deInitDma)
                  7004d720    00000040     nortos.am263px.r5f.ti-arm-clang.release.lib : ClockP_nortos.obj (.text.ClockP_stop)
                  7004d760    00000040     drivers.am263px.r5f.ti-arm-clang.release.lib : edma.obj (.text.EDMA_mapChToEvtQ)
                  7004d7a0    00000040                                                  : pinmux.obj (.text.Pinmux_config)
                  7004d7e0    00000040     nortos.am263px.r5f.ti-arm-clang.release.lib : SemaphoreP_nortos.obj (.text.SemaphoreP_constructBinary)
                  7004d820    00000040     drivers.am263px.r5f.ti-arm-clang.release.lib : uart_v0_lld.obj (.text.UART_lld_deInit)
                  7004d860    00000040     libc.a : memory.c.obj (.text.free_list_insert)
                  7004d8a0    0000003e     drivers.am263px.r5f.ti-arm-clang.release.lib : i2c_v1_lld.obj (.text.I2C_lld_transferInit)
                  7004d8de    0000003e     nortos.am263px.r5f.ti-arm-clang.release.lib : SemaphoreP_nortos.obj (.text.SemaphoreP_constructMutex)
                  7004d91c    0000003c     drivers.am263px.r5f.ti-arm-clang.release.lib : edma.obj (.text.EDMA_getBaseAddr)
                  7004d958    0000003c                                                  : uart_v0_lld.obj (.text.UART_readData)
                  7004d994    0000003a     nortos.am263px.r5f.ti-arm-clang.release.lib : ClockP_nortos.obj (.text.ClockP_destruct)
                  7004d9ce    0000003a                                                 : DebugP_uartLogWriter.obj (.text.DebugP_uartLogWriterPutChar)
                  7004da08    0000003a     ti_power_clock_config.o (.text.Module_clockSetFrequency)
                  7004da42    0000003a     ioexp_tca6424.o (.text.TCA6424_open)
                  7004da7c    0000003a     drivers.am263px.r5f.ti-arm-clang.release.lib : uart_v0_lld.obj (.text.UART_lld_flushTxFifo)
                  7004dab6    00000002     --HOLE-- [fill = 0]
                  7004dab8    00000038                                                  : soc_rcm.obj (.text.SOC_rcmADPLLJGetFOut)
                  7004daf0    00000038     nortos.am263px.r5f.ti-arm-clang.release.lib : DebugP_nortos.obj (.text._DebugP_logZone)
                  7004db28    00000038                                                 : PmuP_armv7r_asm.obj (.text.pmu)
                  7004db60    00000036     drivers.am263px.r5f.ti-arm-clang.release.lib : edma.obj (.text.EDMA_clrMissEvtRegion)
                  7004db96    00000034     nortos.am263px.r5f.ti-arm-clang.release.lib : ClockP_nortos.obj (.text.ClockP_start)
                  7004dbca    00000002     --HOLE-- [fill = 0]
                  7004dbcc    00000034     drivers.am263px.r5f.ti-arm-clang.release.lib : i2c_v1.obj (.text.I2C_init)
                  7004dc00    00000034                                                  : mcspi_v0.obj (.text.MCSPI_errorCallback)
                  7004dc34    00000034     ti_power_clock_config.o (.text.Module_clockDisable)
                  7004dc68    00000034     ti_power_clock_config.o (.text.Module_clockEnable)
                  7004dc9c    00000034     drivers.am263px.r5f.ti-arm-clang.release.lib : soc.obj (.text.SOC_enableAdcDacLoopback)
                  7004dcd0    00000034                                                  : soc_rcm.obj (.text.SOC_rcmGetModuleClkDivVal)
                  7004dd04    00000034     libc.a : memory.c.obj (.text.free_list_remove)
                  7004dd38    00000034     libsysbm.a : lseek.c.obj (.text.lseek)
                  7004dd6c    00000034                : write.c.obj (.text.write)
                  7004dda0    00000032     nortos.am263px.r5f.ti-arm-clang.release.lib : ClockP_nortos.obj (.text.ClockP_usleep)
                  7004ddd2    00000032     drivers.am263px.r5f.ti-arm-clang.release.lib : edma.obj (.text.EDMA_unmapChToEvtQ)
                  7004de04    00000032     nortos.am263px.r5f.ti-arm-clang.release.lib : SemaphoreP_nortos.obj (.text.SemaphoreP_post)
                  7004de36    00000030                                                 : DebugP_uartScanf.obj (.text.DebugP_scanf)
                  7004de66    00000030     drivers.am263px.r5f.ti-arm-clang.release.lib : i2c_v1_lld.obj (.text.I2CControllerInitExpClk)
                  7004de96    00000030                                                  : uart_v0.obj (.text.UART_lld_writeCompleteCallback)
                  7004dec6    00000002     --HOLE-- [fill = 0]
                  7004dec8    00000030     int_adc.o (.text.adc_to_current_LM74930)
                  7004def8    0000002e     drivers.am263px.r5f.ti-arm-clang.release.lib : edma.obj (.text.EDMA_enableChInShadowRegRegion)
                  7004df26    0000002e                                                  : i2c_v1_lld.obj (.text.I2C_lld_deInit)
                  7004df54    0000002e     ti_drivers_config.o (.text.System_init)
                  7004df82    0000002e     drivers.am263px.r5f.ti-arm-clang.release.lib : uart_v0.obj (.text.UART_lld_readCompleteCallback)
                  7004dfb0    0000002c     nortos.am263px.r5f.ti-arm-clang.release.lib : DebugP_shmLogReader.obj (.text.DebugP_shmLogReaderInit)
                  7004dfdc    0000002c     drivers.am263px.r5f.ti-arm-clang.release.lib : i2c_v1.obj (.text.I2C_getHandle)
                  7004e008    0000002c                                                  : soc_rcm.obj (.text.SOC_rcmGetR5Clock)
                  7004e034    0000002c                                                  : uart_v0.obj (.text.UART_getHandle)
                  7004e060    0000002c     ADS_adc.o (.text.adc_to_current_HSS_MB)
                  7004e08c    0000002c     ADS_adc.o (.text.adc_to_current_TPS)
                  7004e0b8    0000002c     libc.a : sscanf.c.obj (.text.vsscanf)
                  7004e0e4    00000028     nortos.am263px.r5f.ti-arm-clang.release.lib : ClockP_nortos.obj (.text.ClockP_sleepTicks)
                  7004e10c    00000028     drivers.am263px.r5f.ti-arm-clang.release.lib : gpio.obj (.text.GPIO_setDirMode)
                  7004e134    00000028                                                  : mcspi_v0_lld.obj (.text.MCSPI_fifoReadMultiWord)
                  7004e15c    00000028                                                  : soc.obj (.text.SOC_moduleSetClockFrequency)
                  7004e184    00000028     ADS_adc.o (.text.read_ext_ADC)
                  7004e1ac    00000026     nortos.am263px.r5f.ti-arm-clang.release.lib : ClockP_nortos.obj (.text.ClockP_sleep)
                  7004e1d2    00000026     drivers.am263px.r5f.ti-arm-clang.release.lib : edma.obj (.text.EDMA_setPaRAM)
                  7004e1f8    00000026                                                  : i2c_v1_lld.obj (.text.I2C_lld_transferIntr)
                  7004e21e    00000026                                                  : i2c_v1_lld.obj (.text.I2C_lld_transferPoll)
                  7004e244    00000026                                                  : uart_dma_edma.obj (.text.UART_lld_dmaDisableChannel)
                  7004e26a    00000024                                                  : mcspi_v0_lld.obj (.text.MCSPI_fifoWriteMultiWord)
                  7004e28e    00000002     --HOLE-- [fill = 0]
                  7004e290    00000024                                                  : uart_v0_lld.obj (.text.UART_IsHWFlowCtrlValid)
                  7004e2b4    00000024                                                  : uart_v0_lld.obj (.text.UART_IsRxTrigLvlValid)
                  7004e2d8    00000024                                                  : uart_v0_lld.obj (.text.UART_IsTxTrigLvlValid)
                  7004e2fc    00000024     libclang_rt.builtins.a : aeabi_uldivmod.S.obj (.text.__aeabi_uldivmod)
                  7004e320    00000024     int_adc.o (.text.int_adc_to_voltage)
                  7004e344    00000024     nortos.am263px.r5f.ti-arm-clang.release.lib : printf.obj (.text.vprintf_)
                  7004e368    00000022     drivers.am263px.r5f.ti-arm-clang.release.lib : edma.obj (.text.EDMA_linkChannel)
                  7004e38a    00000022                                                  : mcspi_v0_lld.obj (.text.MCSPI_transferPeripheralIntr)
                  7004e3ac    00000022     ti_drivers_config.o (.text.System_deinit)
                  7004e3ce    00000022     logger.o (.text.print_logs)
                  7004e3f0    00000020     nortos.am263px.r5f.ti-arm-clang.release.lib : DebugP_log.obj (.text.DebugP_logZoneEnable)
                  7004e410    00000020     drivers.am263px.r5f.ti-arm-clang.release.lib : i2c_v1_lld.obj (.text.I2C_lld_Message_init)
                  7004e430    00000020                                                  : mcspi_v0_lld.obj (.text.MCSPI_fifoRead32)
                  7004e450    00000020     nortos.am263px.r5f.ti-arm-clang.release.lib : TimerP_rti_priv.obj (.text.TimerP_Params_initPriv)
                  7004e470    00000020     drivers.am263px.r5f.ti-arm-clang.release.lib : uart_v0_lld.obj (.text.UART_getChar)
                  7004e490    0000001e     ti_board_open_close.o (.text.Board_driversOpen)
                  7004e4ae    0000001e     ioexp_tca6424.o (.text.TCA6424_close)
                  7004e4cc    0000001e     drivers.am263px.r5f.ti-arm-clang.release.lib : uart_v0_lld.obj (.text.UART_spaceAvail)
                  7004e4ea    0000001e                                                  : uart_v0_lld.obj (.text.UART_statusIsDataReady)
                  7004e508    0000001c                                                  : i2c_v1.obj (.text.I2C_hwiFxn)
                  7004e524    0000001c                                                  : mcspi_v0_lld.obj (.text.MCSPI_fifoWrite32)
                  7004e540    0000001c                                                  : mcspi_v0_lld.obj (.text.MCSPI_getFifoTrigLvl)
                  7004e55c    0000001c                                                  : mcspi_v0_lld.obj (.text.MCSPI_lld_deInit)
                  7004e578    0000001c                                                  : soc_rcm.obj (.text.SOC_rcmIsR5FInLockStepMode)
                  7004e594    0000001c     libc.a : sscanf.c.obj (.text._inpchar)
                  7004e5b0    0000001c     main.o (.text.main)
                  7004e5cc    0000001c     libsysbm.a : hostrename.c.obj (.text.strcpy)
                  7004e5e8    0000001c                : hostrename.c.obj (.text.strlen)
                  7004e604    0000001c     libc.a : memcpy32.S.obj (.text:TI_memcpy_small)
                  7004e620    0000001a     nortos.am263px.r5f.ti-arm-clang.release.lib : CpuId_armv7r.obj (.text.CSL_armR5GetCpuID)
                  7004e63a    0000001a     drivers.am263px.r5f.ti-arm-clang.release.lib : edma.obj (.text.EDMA_readEventStatusRegion)
                  7004e654    0000001a                                                  : uart_v0_lld.obj (.text.UART_enhanFuncEnable)
                  7004e66e    00000002     --HOLE-- [fill = 0]
                  7004e670    00000018                                                  : i2c_v1.obj (.text.I2C_deinit)
                  7004e688    00000018                                                  : mcspi_v0.obj (.text.MCSPI_deinit)
                  7004e6a0    00000018                                                  : mcspi_dma_edma.obj (.text.MCSPI_lld_dmaInit)
                  7004e6b8    00000018     nortos.am263px.r5f.ti-arm-clang.release.lib : TimerP_rti_priv.obj (.text.TimerP_getCountPriv)
                  7004e6d0    00000018     drivers.am263px.r5f.ti-arm-clang.release.lib : uart_v0.obj (.text.UART_deinit)
                  7004e6e8    00000018     logger.o (.text.clear_logs)
                  7004e700    00000018     libc.a : memset32.S.obj (.text:TI_memset_small)
                  7004e718    00000016     drivers.am263px.r5f.ti-arm-clang.release.lib : i2c_v1_lld.obj (.text.I2C_lld_Transaction_init)
                  7004e72e    00000016                                                  : mcspi_v0_lld.obj (.text.MCSPI_reset)
                  7004e744    00000016                                                  : uart_v0_lld.obj (.text.UART_IsTxRxFifoEmpty)
                  7004e75a    00000016                                                  : uart_v0_lld.obj (.text.UART_getIntrIdentityStatus)
                  7004e770    00000016                                                  : uart_v0_lld.obj (.text.UART_getRxError)
                  7004e786    00000014     nortos.am263px.r5f.ti-arm-clang.release.lib : ClockP_nortos.obj (.text.ClockP_usecToTicks)
                  7004e79a    00000014     drivers.am263px.r5f.ti-arm-clang.release.lib : edma.obj (.text.EDMA_getRegionId)
                  7004e7ae    00000014                                                  : uart_v0.obj (.text.UART_Transaction_init)
                  7004e7c2    00000014                                                  : uart_v0_lld.obj (.text.UART_enhanFuncBitValRestore)
                  7004e7d6    00000012                                                  : adc.obj (.text.ADC_setMode)
                  7004e7e8    00000012                                                  : i2c_v1.obj (.text.I2C_LLD_transferCompleteCallback)
                  7004e7fa    00000012                                                  : uart_v0_lld.obj (.text.UART_hardwareFlowCtrlOptSet)
                  7004e80c    00000012                                                  : uart_v0_lld.obj (.text.UART_operatingModeSelect)
                  7004e81e    00000012                                                  : uart_v0_lld.obj (.text.UART_readLineStatus)
                  7004e830    00000012     ti_dpl_config.o (.text.putchar_)
                  7004e842    00000010     drivers.am263px.r5f.ti-arm-clang.release.lib : gpio.obj (.text.GPIO_bankIntrDisable)
                  7004e852    00000010                                                  : uart_v0_lld.obj (.text.UART_intr2Disable)
                  7004e862    00000002     --HOLE-- [fill = 0]
                  7004e864    00000010     libclang_rt.builtins.a : aeabi_memset.S.obj (.text.__aeabi_memset)
                  7004e874    00000010     libc.a : sscanf.c.obj (.text._uninpchar)
                  7004e884    00000010            : fputc.c.obj (.text.putchar)
                  7004e894    0000000e     drivers.am263px.r5f.ti-arm-clang.release.lib : edma.obj (.text.EDMA_ccPaRAMEntry_init)
                  7004e8a2    0000000e                                                  : gpio.obj (.text.GPIO_bankIntrEnable)
                  7004e8b0    0000000e                                                  : i2c_v1.obj (.text.I2C_transferCallback)
                  7004e8be    0000000e     ti_pinmux_config.o (.text.Pinmux_init)
                  7004e8cc    0000000e     ti_power_clock_config.o (.text.PowerClock_init)
                  7004e8da    0000000c     nortos.am263px.r5f.ti-arm-clang.release.lib : ClockP_nortos.obj (.text.ClockP_getTicks)
                  7004e8e6    0000000c                                                 : DebugP_uartLogWriter.obj (.text.DebugP_uartSetDrvIndex)
                  7004e8f2    0000000c     drivers.am263px.r5f.ti-arm-clang.release.lib : edma.obj (.text.EDMA_isInitialized)
                  7004e8fe    00000002     --HOLE-- [fill = 0]
                  7004e900    0000000c                                                  : i2c_v1.obj (.text.I2C_Transaction_init)
                  7004e90c    0000000c                                                  : soc.obj (.text.SOC_getSelfCpuClk)
                  7004e918    0000000c     ioexp_tca6424.o (.text.TCA6424_Params_init)
                  7004e924    0000000c     libc.a : aeabi_portable.c.obj (.text.__aeabi_errno_addr)
                  7004e930    0000000c     libclang_rt.builtins.a : aeabi_memset.S.obj (.text.__aeabi_memclr)
                  7004e93c    0000000c     libc.a : memory.c.obj (.text.malloc)
                  7004e948    0000000c     nortos.am263px.r5f.ti-arm-clang.release.lib : CpuId_armv7r_asm.obj (.text)
                  7004e954    0000000a                                                 : ClockP_nortos.obj (.text.ClockP_Params_init)
                  7004e95e    00000002     --HOLE-- [fill = 0]
                  7004e960    0000000c     libc.a : strcmp32.S.obj (.text)
                  7004e96c    0000000a     nortos.am263px.r5f.ti-arm-clang.release.lib : ClockP_nortos.obj (.text.ClockP_isActive)
                  7004e976    0000000a                                                 : TimerP_rti_priv.obj (.text.TimerP_getReloadCountPriv)
                  7004e980    0000000a                                                 : TimerP_rti_priv.obj (.text.TimerP_startPriv)
                  7004e98a    0000000a     drivers.am263px.r5f.ti-arm-clang.release.lib : uart_v0_lld.obj (.text.UART_lld_Transaction_deInit)
                  7004e994    00000008     libsysbm.a : hostexit.c.obj (.text.HOSTexit)
                  7004e99c    00000008     nortos.am263px.r5f.ti-arm-clang.release.lib : TimerP_rti_priv.obj (.text.TimerP_clearOverflowIntPriv)
                  7004e9a4    00000008                                                 : printf.obj (.text._out_char)
                  7004e9ac    00000006     drivers.am263px.r5f.ti-arm-clang.release.lib : edma.obj (.text.EDMA_isInterruptEnabled)
                  7004e9b2    00000006                                                  : soc.obj (.text.SOC_moduleClockEnable)
                  7004e9b8    00000006                                                  : soc_rcm.obj (.text.SOC_rcmGetCR5SysclkInFrequency)
                  7004e9be    00000004     ti_power_clock_config.o (.text.PowerClock_deinit)
                  7004e9c2    00000004     nortos.am263px.r5f.ti-arm-clang.release.lib : TimerP_rti_nortos.obj (.text.TimerP_Params_init)
                  7004e9c6    00000004                                                 : TimerP_rti_nortos.obj (.text.TimerP_clearOverflowInt)
                  7004e9ca    00000004                                                 : TimerP_rti_nortos.obj (.text.TimerP_getCount)
                  7004e9ce    00000004                                                 : TimerP_rti_nortos.obj (.text.TimerP_getReloadCount)
                  7004e9d2    00000004                                                 : TimerP_rti_nortos.obj (.text.TimerP_setup)
                  7004e9d6    00000004                                                 : TimerP_rti_nortos.obj (.text.TimerP_start)
                  7004e9da    00000002     --HOLE-- [fill = 0]
                  7004e9dc    00000004     libclang_rt.builtins.a : aeabi_div0.c.obj (.text.__aeabi_idiv0)
                  7004e9e0    00000004                            : aeabi_div0.c.obj (.text.__aeabi_ldiv0)
                  7004e9e4    00000004                            : aeabi_memcpy.S.obj (.text.__aeabi_memcpy)
                  7004e9e8    00000004     libc.a : _lock.c.obj (.text._nop)
                  7004e9ec    00000004            : fseek.c.obj (.text.fseek)
                  7004e9f0    00000004     libsysbm.a : remove.c.obj (.text.remove)
                  7004e9f4    00000008     libclang_rt.builtins.a : aeabi_memcpy.S.obj (.tramp.__aeabi_memcpy.1)
                  7004e9fc    00000008     nortos.am263px.r5f.ti-arm-clang.release.lib : HwiP_armv7r_asm.obj (.tramp.HwiP_restore.1)
                  7004ea04    00000008                                                 : HwiP_armv7r_asm.obj (.tramp.HwiP_enable.1)
                  7004ea0c    00000008                                                 : PmuP_armv7r_asm.obj (.tramp.PmuP_setUserEnable.1)
                  7004ea14    00000008                                                 : PmuP_armv7r_asm.obj (.tramp.PmuP_enableCounters.1)
                  7004ea1c    00000004     --HOLE-- [fill = 0]

.rodata    0    7004ea20    00002720     
                  7004ea20    000004b0     testing.o (.rodata.test_results)
                  7004eed0    00000160     BQ25751.o (.rodata.bq25751_registers)
                  7004f030    00000101     libc.a : aeabi_ctype.S.obj (.rodata:__aeabi_ctype_table_)
                  7004f131    00000096     testing.o (.rodata.test_cases)
                  7004f1c7    00000001     logger.o (.rodata.str1.11170080405929493601.1)
                  7004f1c8    00000080     libc.a : strtod.c.obj (.rodata.digits)
                  7004f248    0000007a     ti_drivers_open_close.o (.rodata.str1.14200658025495415368.1)
                  7004f2c2    00000002     --HOLE-- [fill = 0]
                  7004f2c4    00000074     ti_dpl_config.o (.rodata.cfg)
                  7004f338    00000051     drivers.am263px.r5f.ti-arm-clang.release.lib : mcspi_v0.obj (.rodata.str1.26396439823528435241)
                  7004f389    00000007     libc.a : _scanfi.c.obj (.rodata._sproc_int.flit)
                  7004f390    00000050     nortos.am263px.r5f.ti-arm-clang.release.lib : printf.obj (.rodata._ftoa.pow10)
                  7004f3e0    00000048     drivers.am263px.r5f.ti-arm-clang.release.lib : soc_rcm.obj (.rodata.gADPLLJConfigTbl)
                  7004f428    00000048     libc.a : strtod.c.obj (.rodata.powerof10)
                  7004f470    00000048     BQ25751.o (.rodata.str1.15227057180538999327.1)
                  7004f4b8    00000048     drivers.am263px.r5f.ti-arm-clang.release.lib : mcspi_v0_lld.obj (.rodata.str1.97363132707188488161)
                  7004f500    00000047     BQ25751.o (.rodata.str1.10095525046290625685.1)
                  7004f547    0000003d     nortos.am263px.r5f.ti-arm-clang.release.lib : TimerP_rti_priv.obj (.rodata.str1.72163963154704191671)
                  7004f584    0000003b     testing.o (.rodata.str1.13902908763734703229.1)
                  7004f5bf    0000003b     logger.o (.rodata.str1.15765208293925770228.1)
                  7004f5fa    0000003b     testing.o (.rodata.str1.17746360623054601515.1)
                  7004f635    0000003b     BQ25751.o (.rodata.str1.2730883272908071265.1)
                  7004f670    0000003b     testing.o (.rodata.str1.9663668549545128397.1)
                  7004f6ab    0000003a     testing.o (.rodata.str1.13404232100597892824.1)
                  7004f6e5    0000003a     testing.o (.rodata.str1.14475428689845802839.1)
                  7004f71f    0000003a     BQ25751.o (.rodata.str1.5160441401641532227.1)
                  7004f759    0000003a     testing.o (.rodata.str1.5333103860067079182.1)
                  7004f793    00000039     testing.o (.rodata.str1.12712981990626671882.1)
                  7004f7cc    00000038     testing.o (.rodata.str1.13271957185734089466.1)
                  7004f804    00000038     testing.o (.rodata.str1.1809024094263384077.1)
                  7004f83c    00000038     ti_drivers_open_close.o (.rodata.str1.2554706296470369595.1)
                  7004f874    00000038     testing.o (.rodata.str1.9646216584914662902.1)
                  7004f8ac    00000037     testing.o (.rodata.str1.12934025152450101698.1)
                  7004f8e3    00000037     testing.o (.rodata.str1.13753495736459524521.1)
                  7004f91a    00000037     nortos.am263px.r5f.ti-arm-clang.release.lib : SemaphoreP_nortos.obj (.rodata.str1.52751030918495836841)
                  7004f951    00000037     testing.o (.rodata.str1.912323090116748061.1)
                  7004f988    00000036     ti_drivers_open_close.o (.rodata.str1.10252002122772422448.1)
                  7004f9be    00000036     testing.o (.rodata.str1.1765844212525536965.1)
                  7004f9f4    00000036     testing.o (.rodata.str1.9310835370192816021.1)
                  7004fa2a    00000035     BQ25751.o (.rodata.str1.17099517407219647408.1)
                  7004fa5f    00000035     ti_drivers_open_close.o (.rodata.str1.17551203406305493380.1)
                  7004fa94    00000035     ti_drivers_open_close.o (.rodata.str1.17665391694225509261.1)
                  7004fac9    00000035     BQ25751.o (.rodata.str1.8443781089576892544.1)
                  7004fafe    00000002     --HOLE-- [fill = 0]
                  7004fb00    00000034     logger.o (.rodata..Lswitch.table.print_log.27)
                  7004fb34    00000033     testing.o (.rodata.str1.8696649377706721793.1)
                  7004fb67    00000032     drivers.am263px.r5f.ti-arm-clang.release.lib : adc.obj (.rodata.str1.104222482920253680151)
                  7004fb99    00000032     BQ25751.o (.rodata.str1.1249517775944244852.1)
                  7004fbcb    00000032     drivers.am263px.r5f.ti-arm-clang.release.lib : adc.obj (.rodata.str1.137023953294967812531)
                  7004fbfd    00000031     BQ25751.o (.rodata.str1.17894075944801656883.1)
                  7004fc2e    00000031     BQ25751.o (.rodata.str1.3974748969067114375.1)
                  7004fc5f    00000030     BQ25751.o (.rodata.str1.12706072285533335359.1)
                  7004fc8f    00000030     BQ25751.o (.rodata.str1.13143656991489871118.1)
                  7004fcbf    00000030     ti_drivers_open_close.o (.rodata.str1.5293217666052239616.1)
                  7004fcef    00000030     BQ25751.o (.rodata.str1.8003800691019726735.1)
                  7004fd1f    0000002e     BQ25751.o (.rodata.str1.17500317544630551396.1)
                  7004fd4d    0000002e     BQ25751.o (.rodata.str1.17511979226281833584.1)
                  7004fd7b    0000002e     nortos.am263px.r5f.ti-arm-clang.release.lib : ClockP_nortos.obj (.rodata.str1.39419159632632580371)
                  7004fda9    0000002e     BQ25751.o (.rodata.str1.9421605849956869534.1)
                  7004fdd7    0000002d     BQ25751.o (.rodata.str1.1229531588138316555.1)
                  7004fe04    0000002d     BQ25751.o (.rodata.str1.2732527716459040101.1)
                  7004fe31    0000002d     BQ25751.o (.rodata.str1.7897313143695813649.1)
                  7004fe5e    0000002d     BQ25751.o (.rodata.str1.8312350936966051270.1)
                  7004fe8b    00000005     BQ25751.o (.rodata.str1.12421258905385577217.1)
                  7004fe90    0000002c     drivers.am263px.r5f.ti-arm-clang.release.lib : i2c_v1.obj (.rodata.I2C_defaultTransaction)
                  7004febc    0000002c     BQ25751.o (.rodata.str1.12868114523665019615.1)
                  7004fee8    0000002c     BQ25751.o (.rodata.str1.14774090551701140490.1)
                  7004ff14    0000002c     BQ25751.o (.rodata.str1.15589734765688486271.1)
                  7004ff40    0000002c     BQ25751.o (.rodata.str1.1820889172356602547.1)
                  7004ff6c    0000002c     BQ25751.o (.rodata.str1.453300746779397769.1)
                  7004ff98    0000002c     BQ25751.o (.rodata.str1.7152872178121443324.1)
                  7004ffc4    0000002b     BQ25751.o (.rodata.str1.16455321582865690357.1)
                  7004ffef    0000002b     BQ25751.o (.rodata.str1.5958878973536578819.1)
                  7005001a    0000002a     BQ25751.o (.rodata.str1.3951025446691905541.1)
                  70050044    0000002a     logger.o (.rodata.str1.6697840596852582545.1)
                  7005006e    0000002a     nortos.am263px.r5f.ti-arm-clang.release.lib : DebugP_log.obj (.rodata.str1.8882360920750446361)
                  70050098    00000028     BQ25751.o (.rodata.str1.1034164676324971345.1)
                  700500c0    00000028     ti_drivers_open_close.o (.rodata.str1.1596297266130340916.1)
                  700500e8    00000028     ti_drivers_open_close.o (.rodata.str1.16112177131852734107.1)
                  70050110    00000028     BQ25751.o (.rodata.str1.7430776718305622844.1)
                  70050138    00000027     nortos.am263px.r5f.ti-arm-clang.release.lib : ClockP_nortos_r5.obj (.rodata.str1.91622226613999981811)
                  7005015f    00000026     BQ25751.o (.rodata.str1.14581448127847459194.1)
                  70050185    00000025     ti_board_open_close.o (.rodata.str1.12245025114167949655.1)
                  700501aa    00000025     ti_drivers_open_close.o (.rodata.str1.7750254725308216577.1)
                  700501cf    00000024     BQ25751.o (.rodata.str1.1271360048684525176.1)
                  700501f3    00000024     testing.o (.rodata.str1.1448113453728135492.1)
                  70050217    00000024     drivers.am263px.r5f.ti-arm-clang.release.lib : edma.obj (.rodata.str1.164918382464449145851)
                  7005023b    00000023     ti_drivers_open_close.o (.rodata.str1.10490786615736436564.1)
                  7005025e    00000023     BQ25751.o (.rodata.str1.12958517175328886002.1)
                  70050281    00000023     nortos.am263px.r5f.ti-arm-clang.release.lib : ClockP_nortos_r5.obj (.rodata.str1.136646522816104227591)
                  700502a4    00000023     drivers.am263px.r5f.ti-arm-clang.release.lib : soc_rcm.obj (.rodata.str1.15813086600912413471)
                  700502c7    00000023     ti_board_open_close.o (.rodata.str1.760704006985994805.1)
                  700502ea    00000022     drivers.am263px.r5f.ti-arm-clang.release.lib : edma.obj (.rodata.str1.6611792697437713481)
                  7005030c    00000021     nortos.am263px.r5f.ti-arm-clang.release.lib : ClockP_nortos_r5.obj (.rodata.str1.99041146818411950391)
                  7005032d    00000003     BQ25751.o (.rodata.str1.10106629780682049060.1)
                  70050330    00000020     drivers.am263px.r5f.ti-arm-clang.release.lib : uart_v0_lld.obj (.rodata.cst32)
                  70050350    00000020     PDMtesting.o (.rodata.str1.10015848951539402881.1)
                  70050370    00000020     drivers.am263px.r5f.ti-arm-clang.release.lib : uart_v0.obj (.rodata.str1.150767988884773108331)
                  70050390    0000001f     board.o (.rodata.str1.10881007155619371109.1)
                  700503af    0000001f     board.o (.rodata.str1.123550804358397101.1)
                  700503ce    0000001f     board.o (.rodata.str1.13738757807042593414.1)
                  700503ed    0000001f     board.o (.rodata.str1.14465880841147386111.1)
                  7005040c    0000001f     logger.o (.rodata.str1.14867204177169952558.1)
                  7005042b    0000001f     board.o (.rodata.str1.15102135329570516791.1)
                  7005044a    0000001f     board.o (.rodata.str1.1510811462892085231.1)
                  70050469    0000001f     board.o (.rodata.str1.16077883977509950417.1)
                  70050488    0000001f     board.o (.rodata.str1.1696272589420159480.1)
                  700504a7    0000001f     board.o (.rodata.str1.18250802514644841805.1)
                  700504c6    0000001f     nortos.am263px.r5f.ti-arm-clang.release.lib : SemaphoreP_nortos.obj (.rodata.str1.25281168886080794691)
                  700504e5    0000001f                                                 : ClockP_nortos_r5.obj (.rodata.str1.25349503636762439021)
                  70050504    0000001f     board.o (.rodata.str1.5436337271421848948.1)
                  70050523    0000001f     board.o (.rodata.str1.673658226405435322.1)
                  70050542    0000001f     ti_drivers_open_close.o (.rodata.str1.871795152488895636.1)
                  70050561    0000001f     board.o (.rodata.str1.9045895231722895584.1)
                  70050580    0000001f     board.o (.rodata.str1.9461189164499355904.1)
                  7005059f    0000001e     board.o (.rodata.str1.10345935079445805060.1)
                  700505bd    0000001e     drivers.am263px.r5f.ti-arm-clang.release.lib : mcspi_v0.obj (.rodata.str1.144400815220210358851)
                  700505db    0000001e     board.o (.rodata.str1.6418571003999367838.1)
                  700505f9    0000001e     board.o (.rodata.str1.6840234256597642108.1)
                  70050617    0000001e     board.o (.rodata.str1.9453984286452795027.1)
                  70050635    0000001d     nortos.am263px.r5f.ti-arm-clang.release.lib : TimerP_rti_priv.obj (.rodata.str1.114219152040444562951)
                  70050652    0000001d                                                 : TimerP_rti_priv.obj (.rodata.str1.125174968193178473681)
                  7005066f    0000001d     ti_drivers_open_close.o (.rodata.str1.13083909648175487149.1)
                  7005068c    0000001d     drivers.am263px.r5f.ti-arm-clang.release.lib : uart_v0.obj (.rodata.str1.142814395268246240721)
                  700506a9    0000001d                                                  : mcspi_v0.obj (.rodata.str1.171925388543524077211)
                  700506c6    0000001d     nortos.am263px.r5f.ti-arm-clang.release.lib : TimerP_rti_priv.obj (.rodata.str1.27974953896521033811)
                  700506e3    00000001     --HOLE-- [fill = 0]
                  700506e4    0000001c     BQ25751.o (.rodata..Lswitch.table.BQ25751_read_faults)
                  70050700    0000001c     logger.o (.rodata.str1.10253156068257962407.1)
                  7005071c    0000001c     logger.o (.rodata.str1.12893940535876439382.1)
                  70050738    0000001c     logger.o (.rodata.str1.16946937258229686214.1)
                  70050754    0000001b     logger.o (.rodata.str1.10289081750774512625.1)
                  7005076f    0000001b     drivers.am263px.r5f.ti-arm-clang.release.lib : edma.obj (.rodata.str1.16266241636797238661)
                  7005078a    0000001b     nortos.am263px.r5f.ti-arm-clang.release.lib : ClockP_nortos.obj (.rodata.str1.47646432807403639741)
                  700507a5    0000001b     ti_drivers_open_close.o (.rodata.str1.5509699957385355460.1)
                  700507c0    0000001b     logger.o (.rodata.str1.6452265960373237926.1)
                  700507db    0000001a     drivers.am263px.r5f.ti-arm-clang.release.lib : edma.obj (.rodata.str1.124702968117785801901)
                  700507f5    0000001a     nortos.am263px.r5f.ti-arm-clang.release.lib : ClockP_nortos_r5.obj (.rodata.str1.133203246495064227641)
                  7005080f    0000001a     BQ25751.o (.rodata.str1.1444569211857942851.1)
                  70050829    0000001a     drivers.am263px.r5f.ti-arm-clang.release.lib : soc_rcm.obj (.rodata.str1.153801437654618082741)
                  70050843    0000001a                                                  : mcspi_v0.obj (.rodata.str1.169212516063846095031)
                  7005085d    0000001a     board.o (.rodata.str1.281563586358661291.1)
                  70050877    0000001a     drivers.am263px.r5f.ti-arm-clang.release.lib : i2c_v1.obj (.rodata.str1.65627606760091541251)
                  70050891    0000001a                                                  : mcspi_v0.obj (.rodata.str1.99640994410596514241)
                  700508ab    00000019     ti_drivers_open_close.o (.rodata.str1.14059614886583751700.1)
                  700508c4    00000019     nortos.am263px.r5f.ti-arm-clang.release.lib : TimerP_rti_priv.obj (.rodata.str1.160914699991520874261)
                  700508dd    00000019     ti_drivers_open_close.o (.rodata.str1.7332975063418302059.1)
                  700508f6    00000002     --HOLE-- [fill = 0]
                  700508f8    00000018     drivers.am263px.r5f.ti-arm-clang.release.lib : soc.obj (.rodata..Lswitch.table.SOC_getAdcReferenceStatus)
                  70050910    00000018                                                  : i2c_v1_lld.obj (.rodata.I2C_lld_defaultMessage)
                  70050928    00000018                                                  : soc_rcm.obj (.rodata.gControlssPllClkSrcValMap)
                  70050940    00000018                                                  : soc_rcm.obj (.rodata.gCptsClkSrcValMap)
                  70050958    00000018                                                  : soc_rcm.obj (.rodata.gI2cClkSrcValMap)
                  70050970    00000018                                                  : soc_rcm.obj (.rodata.gLinUartClkSrcValMap)
                  70050988    00000018                                                  : soc_rcm.obj (.rodata.gPeripheralClkSrcInfoMap)
                  700509a0    00000018                                                  : soc_rcm.obj (.rodata.gRtiClkSrcValMap)
                  700509b8    00000018                                                  : soc_rcm.obj (.rodata.gWdtClkSrcValMap)
                  700509d0    00000018                                                  : i2c_v1.obj (.rodata.str1.10394555129776590081)
                  700509e8    00000018                                                  : i2c_v1.obj (.rodata.str1.145046381417982596211)
                  70050a00    00000018                                                  : i2c_v1.obj (.rodata.str1.146157486204483244751)
                  70050a18    00000018     BQ25751.o (.rodata.str1.4786080710137951638.1)
                  70050a30    00000018     logger.o (.rodata.str1.516959638814628545.1)
                  70050a48    00000018     logger.o (.rodata.str1.5671237403414969566.1)
                  70050a60    00000018     BQ25751.o (.rodata.str1.7886701266418031715.1)
                  70050a78    00000018     logger.o (.rodata.str1.887488774559121338.1)
                  70050a90    00000018     drivers.am263px.r5f.ti-arm-clang.release.lib : uart_v0.obj (.rodata.str1.9069738176458784971)
                  70050aa8    00000018     logger.o (.rodata.str1.998270875404085501.1)
                  70050ac0    00000017     ADS_adc.o (.rodata.str1.10043506777178288082.1)
                  70050ad7    00000017     logger.o (.rodata.str1.10127394157737690499.1)
                  70050aee    00000017     drivers.am263px.r5f.ti-arm-clang.release.lib : soc_rcm.obj (.rodata.str1.141251745167226470741)
                  70050b05    00000017     ti_drivers_open_close.o (.rodata.str1.1628183244885117158.1)
                  70050b1c    00000017     BQ25751.o (.rodata.str1.2479029312867807955.1)
                  70050b33    00000017     logger.o (.rodata.str1.9485715002722841782.1)
                  70050b4a    00000016     PDMtesting.o (.rodata.str1.10577412323663350067.1)
                  70050b60    00000016     drivers.am263px.r5f.ti-arm-clang.release.lib : soc_rcm.obj (.rodata.str1.107645048611228328791)
                  70050b76    00000016     PDMtesting.o (.rodata.str1.12143205621091433229.1)
                  70050b8c    00000016     logger.o (.rodata.str1.1246197995540081341.1)
                  70050ba2    00000016     logger.o (.rodata.str1.14246187852812087945.1)
                  70050bb8    00000016     drivers.am263px.r5f.ti-arm-clang.release.lib : soc_rcm.obj (.rodata.str1.177369307189295936511)
                  70050bce    00000016     BQ25751.o (.rodata.str1.2018570541276964866.1)
                  70050be4    00000016     drivers.am263px.r5f.ti-arm-clang.release.lib : soc_rcm.obj (.rodata.str1.63555232926284281011)
                  70050bfa    00000016                                                  : mcspi_v0.obj (.rodata.str1.85423015064808713541)
                  70050c10    00000015     ti_drivers_open_close.o (.rodata.str1.11521962449680083383.1)
                  70050c25    00000015     BQ25751.o (.rodata.str1.1275194715022805712.1)
                  70050c3a    00000015     drivers.am263px.r5f.ti-arm-clang.release.lib : edma.obj (.rodata.str1.149652404363315708211)
                  70050c4f    00000015     ti_drivers_open_close.o (.rodata.str1.17912154466570466874.1)
                  70050c64    00000015     drivers.am263px.r5f.ti-arm-clang.release.lib : adc.obj (.rodata.str1.20431844208594508061)
                  70050c79    00000015     nortos.am263px.r5f.ti-arm-clang.release.lib : SemaphoreP_nortos.obj (.rodata.str1.30861210816963497001)
                  70050c8e    00000015     logger.o (.rodata.str1.8545315102583907144.1)
                  70050ca3    00000014     drivers.am263px.r5f.ti-arm-clang.release.lib : mcspi_v0_lld.obj (.rodata.str1.147988882001261723701)
                  70050cb7    00000014                                                  : edma.obj (.rodata.str1.176595599180530855901)
                  70050ccb    00000014                                                  : mcspi_v0.obj (.rodata.str1.34611452835214624521)
                  70050cdf    00000014     ti_drivers_open_close.o (.rodata.str1.3622116258035701796.1)
                  70050cf3    00000014     drivers.am263px.r5f.ti-arm-clang.release.lib : edma.obj (.rodata.str1.41785049815304208531)
                  70050d07    00000014                                                  : edma.obj (.rodata.str1.93700429500326477781)
                  70050d1b    00000013                                                  : soc_rcm.obj (.rodata.str1.30734103837947208761)
                  70050d2e    00000013     testing.o (.rodata.str1.761491514650110821.1)
                  70050d41    00000013     testing.o (.rodata.str1.8954517940817656586.1)
                  70050d54    00000013     drivers.am263px.r5f.ti-arm-clang.release.lib : uart_v0.obj (.rodata.str1.9980655952161290391)
                  70050d67    00000012     BQ25751.o (.rodata.str1.15351948885430041794.1)
                  70050d79    00000012     drivers.am263px.r5f.ti-arm-clang.release.lib : uart_v0.obj (.rodata.str1.166492982902436568231)
                  70050d8b    00000012                                                  : uart_v0.obj (.rodata.str1.171120843061886446841)
                  70050d9d    00000012                                                  : edma.obj (.rodata.str1.41579851849113419871)
                  70050daf    00000012     ti_drivers_open_close.o (.rodata.str1.6538372684047993024.1)
                  70050dc1    00000012     drivers.am263px.r5f.ti-arm-clang.release.lib : soc_rcm.obj (.rodata.str1.67217821191364965911)
                  70050dd3    00000011                                                  : edma.obj (.rodata.str1.117215064595961288031)
                  70050de4    00000011     ti_drivers_open_close.o (.rodata.str1.12213835641041270557.1)
                  70050df5    00000011     logger.o (.rodata.str1.13406532556922755089.1)
                  70050e06    00000011     drivers.am263px.r5f.ti-arm-clang.release.lib : uart_v0.obj (.rodata.str1.16967668833904919061)
                  70050e17    00000011                                                  : edma.obj (.rodata.str1.28692048193800818901)
                  70050e28    00000011     nortos.am263px.r5f.ti-arm-clang.release.lib : ClockP_nortos.obj (.rodata.str1.37923443167824241621)
                  70050e39    00000011                                                 : TimerP_rti_priv.obj (.rodata.str1.44101942245516082551)
                  70050e4a    00000011     logger.o (.rodata.str1.4633242734696342979.1)
                  70050e5b    00000011     ti_drivers_open_close.o (.rodata.str1.6292539624901818759.1)
                  70050e6c    00000011     BQ25751.o (.rodata.str1.9017280232647772979.1)
                  70050e7d    00000003     PDMtesting.o (.rodata.str1.1094412632907578887.1)
                  70050e80    00000010     drivers.am263px.r5f.ti-arm-clang.release.lib : soc.obj (.rodata.cst16)
                  70050e90    00000010                                                  : mcspi_v0.obj (.rodata.str1.153145657127816401141)
                  70050ea0    00000010     ti_drivers_open_close.o (.rodata.str1.15574074207268991336.1)
                  70050eb0    00000010     drivers.am263px.r5f.ti-arm-clang.release.lib : edma.obj (.rodata.str1.18778444954996405781)
                  70050ec0    00000010                                                  : i2c_v1.obj (.rodata.str1.55879311564180241041)
                  70050ed0    00000010     ti_drivers_open_close.o (.rodata.str1.6437641722977580707.1)
                  70050ee0    0000000f     drivers.am263px.r5f.ti-arm-clang.release.lib : edma.obj (.rodata.str1.111354322338949310841)
                  70050eef    0000000f                                                  : edma.obj (.rodata.str1.144551280152329776181)
                  70050efe    0000000f                                                  : i2c_v1.obj (.rodata.str1.20248951868514646131)
                  70050f0d    0000000f                                                  : edma.obj (.rodata.str1.2759273541325923811)
                  70050f1c    0000000f                                                  : mcspi_v0.obj (.rodata.str1.43973954253821070511)
                  70050f2b    0000000f     board.o (.rodata.str1.834004997606947946.1)
                  70050f3a    0000000f     drivers.am263px.r5f.ti-arm-clang.release.lib : edma.obj (.rodata.str1.92547749779646142691)
                  70050f49    0000000e                                                  : edma.obj (.rodata.str1.19244332700943948511)
                  70050f57    0000000e                                                  : edma.obj (.rodata.str1.46057082369026546831)
                  70050f65    0000000e                                                  : edma.obj (.rodata.str1.46782315602798139861)
                  70050f73    0000000e     ti_drivers_open_close.o (.rodata.str1.5205884736402799790.1)
                  70050f81    0000000d     ti_drivers_open_close.o (.rodata.str1.10450075619424269387.1)
                  70050f8e    0000000d     drivers.am263px.r5f.ti-arm-clang.release.lib : edma.obj (.rodata.str1.121775923823351643201)
                  70050f9b    0000000d     ti_drivers_open_close.o (.rodata.str1.16905510790704221133.1)
                  70050fa8    0000000d     nortos.am263px.r5f.ti-arm-clang.release.lib : TimerP_rti_priv.obj (.rodata.str1.31870447354226168941)
                  70050fb5    0000000d     drivers.am263px.r5f.ti-arm-clang.release.lib : adc.obj (.rodata.str1.70150695697723348971)
                  70050fc2    0000000d     testing.o (.rodata.str1.9119961215068324276.1)
                  70050fcf    00000001     --HOLE-- [fill = 0]
                  70050fd0    0000000c     drivers.am263px.r5f.ti-arm-clang.release.lib : mcspi_v0_lld.obj (.rodata..Lswitch.table.MCSPI_lld_controllerIsr.1)
                  70050fdc    0000000c                                                  : mcspi_v0_lld.obj (.rodata..Lswitch.table.MCSPI_lld_controllerIsr)
                  70050fe8    0000000c                                                  : soc.obj (.rodata..Lswitch.table.SOC_enableAdcReferenceMonitor)
                  70050ff4    0000000c     logger.o (.rodata..Lswitch.table.print_log)
                  70051000    0000000c     nortos.am263px.r5f.ti-arm-clang.release.lib : ClockP_nortos_r5.obj (.rodata.str1.177642182983587376931)
                  7005100c    0000000c     BQ25751.o (.rodata.str1.6034965626274151873.1)
                  70051018    0000000c     drivers.am263px.r5f.ti-arm-clang.release.lib : mcspi_v0.obj (.rodata.str1.69169362540279301091)
                  70051024    0000000c                                                  : edma.obj (.rodata.str1.73371482538137472541)
                  70051030    0000000c     logger.o (.rodata.str1.7498274428696469886.1)
                  7005103c    0000000b     drivers.am263px.r5f.ti-arm-clang.release.lib : mcspi_v0.obj (.rodata.str1.169287378047891341191)
                  70051047    0000000b                                                  : uart_v0.obj (.rodata.str1.174466331461201984741)
                  70051052    0000000b                                                  : uart_v0.obj (.rodata.str1.23952661867579505821)
                  7005105d    0000000b                                                  : mcspi_v0.obj (.rodata.str1.248655060218483491)
                  70051068    0000000b                                                  : edma.obj (.rodata.str1.8716574913843167321)
                  70051073    0000000b     board.o (.rodata.str1.9440741161207462191.1)
                  7005107e    0000000a     drivers.am263px.r5f.ti-arm-clang.release.lib : soc_rcm.obj (.rodata.str1.102656642322745120751)
                  70051088    0000000a                                                  : edma.obj (.rodata.str1.11281620503267214511)
                  70051092    0000000a     logger.o (.rodata.str1.13114922096505101489.1)
                  7005109c    0000000a     drivers.am263px.r5f.ti-arm-clang.release.lib : uart_v0.obj (.rodata.str1.4680544719311723101)
                  700510a6    0000000a                                                  : uart_v0.obj (.rodata.str1.62285611621840673441)
                  700510b0    0000000a                                                  : edma.obj (.rodata.str1.94390198658697638781)
                  700510ba    0000000a                                                  : i2c_v1.obj (.rodata.str1.97456980245303321621)
                  700510c4    0000000a                                                  : uart_v0.obj (.rodata.str1.98976386761529848021)
                  700510ce    00000009     libc.a : _scanfi.c.obj (.rodata.str1.12964984209033246150.1)
                  700510d7    00000009     drivers.am263px.r5f.ti-arm-clang.release.lib : i2c_v1.obj (.rodata.str1.60490558749180274121)
                  700510e0    00000008     libc.a : _scanfi.c.obj (.rodata..L__const._sproc_float.special)
                  700510e8    00000008     logger.o (.rodata.str1.11411971380641413352.1)
                  700510f0    00000008     logger.o (.rodata.str1.3193577328096652195.1)
                  700510f8    00000006     libc.a : _scanfi.c.obj (.rodata._sproc_int.barr)
                  700510fe    00000006     drivers.am263px.r5f.ti-arm-clang.release.lib : soc_rcm.obj (.rodata.str1.53743240983164125611)
                  70051104    00000006     logger.o (.rodata.str1.9978879681667430888.1)
                  7005110a    00000005     BQ25751.o (.rodata.str1.13909236871274729330.1)
                  7005110f    00000005     nortos.am263px.r5f.ti-arm-clang.release.lib : printf.obj (.rodata.str1.143852280595428356391)
                  70051114    00000005                                                 : printf.obj (.rodata.str1.23318557076440195721)
                  70051119    00000005     logger.o (.rodata.str1.5950550609978457137.1)
                  7005111e    00000002     --HOLE-- [fill = 0]
                  70051120    00000004     nortos.am263px.r5f.ti-arm-clang.release.lib : CacheP_armv7r.obj (.rodata.gCacheL1dCacheLineSize)
                  70051124    00000004                                                 : CacheP_armv7r.obj (.rodata.gCacheL1pCacheLineSize)
                  70051128    00000004     logger.o (.rodata.str1.11268383079938446260.1)
                  7005112c    00000004     nortos.am263px.r5f.ti-arm-clang.release.lib : printf.obj (.rodata.str1.122320159353749299121)
                  70051130    00000004     BQ25751.o (.rodata.str1.13505117214245943287.1)
                  70051134    00000004     logger.o (.rodata.str1.14780196379335289893.1)
                  70051138    00000004     libc.a : _scanfi.c.obj (.rodata.str1.3403580589742030990.1)
                  7005113c    00000004     nortos.am263px.r5f.ti-arm-clang.release.lib : printf.obj (.rodata.str1.81101573233442303481)

.bss       0    70051140    000028c0     UNINITIALIZED
                  70051140    00000c80     (.common:logs)
                  70051dc0    00000808     (.common:gHwiCtrl)
                  700525c8    00000770     ti_drivers_config.o (.bss.gMcspiObjects)
                  70052d38    00000428     ti_drivers_config.o (.bss.gI2cObjects)
                  70053160    00000368     ti_drivers_config.o (.bss.gUartObjects)
                  700534c8    00000120     libsysbm.a : trgmsg.c.obj (.bss:_CIOBUF_)
                  700535e8    000000e8     ti_drivers_config.o (.bss.gEdmaObjects)
                  700536d0    000000e0     (.common:intr_objects)
                  700537b0    000000ac     ti_board_open_close.o (.bss.Board_ioexpOpen.gTCA6424_Config)
                  7005385c    000000a0     libc.a : defs.c.obj (.bss.__TI_tmpnams)
                  700538fc    00000090     (.common:gDebugShmLogReaderCtrl)
                  7005398c    00000004     nortos.am263px.r5f.ti-arm-clang.release.lib : HwiP_armv7r_vim.obj (.bss.gdummy)
[...]
70048beb  init_gpio                          
70048dfd  UART_read                          
7004900b  ClockP_init                        
7004910f  Dpl_deinit                         
70049111  UART_lld_dmaWrite                  
70049215  MCSPI_close                        
70049315  UART_write                         
70049411  MCSPI_lld_initDma                  
70049505  GPIO_deinit                        
700495f7  SemaphoreP_destruct                
700495f8  fputc                              
700497cf  MCSPI_lld_readWriteDma             
70049989  print_log                          
70049a5b  TaskP_yield                        
70049a5d  EDMA_unregisterIntr                
70049b2d  UART_lld_initDma                   
70049bf8  getdevice                          
70049cc1  I2C_lld_mem_write                  
70049e49  MCSPI_lld_init                     
70049f0d  BQ25751_read_reg                   
70049fcd  I2C_lld_mem_read                   
7004a08d  UART_lld_init                      
7004a14d  init_global_interrupts             
7004a20d  TCA6424_config                     
7004a2cb  TCA6424_setOutput                  
7004a389  EDMA_registerIntr                  
7004a444  fseeko                             
7004a4f8  __TI_closefile                     
7004a7b1  DebugP_readLine                    
7004a8ff  UART_lld_read                      
7004aa4d  I2C_close                          
7004aaf1  I2C_lld_mem_readIntr               
7004ab95  I2C_lld_mem_writeIntr              
7004acdd  EDMA_freeDmaChannel                
7004ad7d  EDMA_freeParam                     
7004ae1d  EDMA_freeTcc                       
7004aebc  HOSTrename                         
7004af5d  UART_lld_dmaRead                   
7004affd  UART_lld_readIntr                  
7004b098  __TI_wrt_ok                        
7004b135  Board_ioexpOpen                    
7004b1d0  HOSTlseek                          
7004b301  BQ25751_write_reg                  
7004b397  SemaphoreP_pend                    
7004b42d  EDMA_configureChannelRegion        
7004b4c0  HOSTopen                           
7004b555  I2C_lld_init                       
7004b5e9  SPI_ReadWrite                      
7004b67d  UART_lld_readWithCounter           
7004b711  Drivers_open                       
7004b8bf  MCSPI_lld_peripheralIsr            
7004b94c  close                              
7004b9d9  i2c_read_error_handler             
7004ba65  ADC_setPPBTripLimits               
7004baed  UART_init                          
7004bb75  UART_procLineStatusErr             
7004bbfc  __TI_doflush                       
7004bc84  HOSTread                           
7004bd08  HOSTwrite                          
7004be11  EDMA_close                         
7004be91  UART_flushTxFifo                   
7004bf11  Drivers_mcspiOpen                  
7004c08b  Drivers_i2cOpen                    
7004c107  MCSPI_initiateLastChunkTransfer    
7004c181  MCSPI_init                         
7004c2e1  MCSPI_stop                         
7004c353  MCSPI_lld_dmaStop                  
7004c3c3  BQ25751_read_faults                
7004c431  EDMA_disableTransferRegion         
7004c49f  EDMA_enableTransferRegion          
7004c50c  HOSTunlink                         
7004c579  UART_lld_writeDma                  
7004c5e5  UART_lld_readDma                   
7004c64d  UART_lld_writeIntr                 
7004c6b4  atoi                               
7004c71d  digitalWrite                       
7004c785  CycleCounterP_init                 
7004c795  CycleCounterP_reset                
7004c7b9  CycleCounterP_nsToTicks            
7004c7e5  CycleCounterP_enableUserAccess     
7004c7ed  SOC_controlModuleUnlockMMR         
7004c851  add_log                            
7004c8b5  init_interrupt                     
7004c918  HOSTclose                          
7004c979  ClockP_timerTickIsr                
7004c9d7  MCSPI_setChDataSize                
7004ca35  GPIO_setTrigType                   
7004caed  SOC_controlModuleLockMMR           
7004cb49  _DebugP_assert                     
7004cbfc  __TI_cleanup                       
7004cc54  __TI_readmsg                       
7004ccac  __TI_writemsg                      
7004ccf8  C$$IO$$                            
7004cd05  print_pending_logs                 
7004cd5d  ClockP_getTimeUsec                 
7004cdb3  UART_intrDisable                   
7004ce09  UART_readCancelNoCB                
7004ce5f  UART_writeCancelNoCB               
7004ceb5  Dpl_init                           
7004cf08  exit                               
7004cf5c  finddevice                         
7004cfb0  __TI_auto_init_nobinit_nopinit     
7004d005  AddrTranslateP_getLocalAddr        
7004d0a9  MCSPI_lld_deInitDma                
7004d0fb  BQ25751_print_register_dump        
7004d14b  ClockP_construct                   
7004d19d  EDMA_allocDmaChannel               
7004d1ed  EDMA_allocParam                    
7004d23d  EDMA_allocTcc                      
7004d2db  Drivers_edmaOpen                   
7004d329  Drivers_uartOpen                   
7004d377  EDMA_disableChInShadowRegRegion    
7004d3c5  MCSPI_transferCallback             
7004d45d  SOC_enableAdcReferenceMonitor      
7004d4a9  SOC_enableAdcGlobalForce           
7004d4f1  SOC_enableAdcInternalReference     
7004d580  unlink                             
7004d655  SOC_getAdcReferenceStatus          
7004d699  UART_Params_init                   
7004d6dd  UART_lld_deInitDma                 
7004d721  ClockP_stop                        
7004d761  EDMA_mapChToEvtQ                   
7004d7a1  Pinmux_config                      
7004d7e1  SemaphoreP_constructBinary         
7004d821  UART_lld_deInit                    
7004d8df  SemaphoreP_constructMutex          
7004d91d  EDMA_getBaseAddr                   
7004d995  ClockP_destruct                    
7004d9cf  DebugP_uartLogWriterPutChar        
7004da09  Module_clockSetFrequency           
7004da43  TCA6424_open                       
7004da7d  UART_lld_flushTxFifo               
7004daf1  _DebugP_logZone                    
7004db28  CycleCounterP_getCount32           
7004db30  PmuP_setup                         
7004db38  PmuP_enableCounters                
7004db40  PmuP_disableCounters               
7004db48  PmuP_getOverflowStatus             
7004db50  PmuP_clearOverflowStatus           
7004db58  PmuP_setUserEnable                 
7004db61  EDMA_clrMissEvtRegion              
7004db97  ClockP_start                       
7004dbcd  I2C_init                           
7004dc01  MCSPI_errorCallback                
7004dc35  Module_clockDisable                
7004dc69  Module_clockEnable                 
7004dc9d  SOC_enableAdcDacLoopback           
7004dd38  lseek                              
7004dd6c  write                              
7004dda1  ClockP_usleep                      
7004ddd3  EDMA_unmapChToEvtQ                 
7004de05  SemaphoreP_post                    
7004de37  DebugP_scanf                       
7004dec9  adc_to_current_LM74930             
7004def9  EDMA_enableChInShadowRegRegion     
7004df27  I2C_lld_deInit                     
7004df55  System_init                        
7004dfb1  DebugP_shmLogReaderInit            
7004dfdd  I2C_getHandle                      
7004e009  SOC_rcmGetR5Clock                  
7004e035  UART_getHandle                     
7004e061  adc_to_current_HSS_MB              
7004e08d  adc_to_current_TPS                 
7004e0b8  vsscanf                            
7004e10d  GPIO_setDirMode                    
7004e15d  SOC_moduleSetClockFrequency        
7004e185  read_ext_ADC                       
7004e1ad  ClockP_sleep                       
7004e1d3  EDMA_setPaRAM                      
7004e1f9  I2C_lld_transferIntr               
7004e21f  I2C_lld_transferPoll               
7004e245  UART_lld_dmaDisableChannel         
7004e2fc  __aeabi_uldivmod                   
7004e321  int_adc_to_voltage                 
7004e345  vprintf_                           
7004e369  EDMA_linkChannel                   
7004e3ad  System_deinit                      
7004e3cf  print_logs                         
7004e3f1  DebugP_logZoneEnable               
7004e411  I2C_lld_Message_init               
7004e451  TimerP_Params_initPriv             
7004e471  UART_getChar                       
7004e491  Board_driversOpen                  
7004e4af  TCA6424_close                      
7004e4cd  UART_spaceAvail                    
7004e55d  MCSPI_lld_deInit                   
7004e579  SOC_rcmIsR5FInLockStepMode         
7004e5b1  main                               
7004e604  TI_memcpy_small                    
7004e621  CSL_armR5GetCpuID                  
7004e63b  EDMA_readEventStatusRegion         
7004e671  I2C_deinit                         
7004e689  MCSPI_deinit                       
7004e6a1  MCSPI_lld_dmaInit                  
7004e6b9  TimerP_getCountPriv                
7004e6d1  UART_deinit                        
7004e6e9  clear_logs                         
7004e700  TI_memset_small                    
7004e719  I2C_lld_Transaction_init           
7004e72f  MCSPI_reset                        
7004e745  UART_IsTxRxFifoEmpty               
7004e75b  UART_getIntrIdentityStatus         
7004e787  ClockP_usecToTicks                 
7004e79b  EDMA_getRegionId                   
7004e7af  UART_Transaction_init              
7004e7d7  ADC_setMode                        
7004e80d  UART_operatingModeSelect           
7004e81f  UART_readLineStatus                
7004e831  putchar_                           
7004e843  GPIO_bankIntrDisable               
7004e853  UART_intr2Disable                  
7004e864  __aeabi_memset                     
7004e864  __aeabi_memset4                    
7004e864  __aeabi_memset8                    
7004e884  putchar                            
7004e895  EDMA_ccPaRAMEntry_init             
7004e8a3  GPIO_bankIntrEnable                
7004e8bf  Pinmux_init                        
7004e8cd  PowerClock_init                    
7004e8db  ClockP_getTicks                    
7004e8e7  DebugP_uartSetDrvIndex             
7004e8f3  EDMA_isInitialized                 
7004e901  I2C_Transaction_init               
7004e90d  SOC_getSelfCpuClk                  
7004e919  TCA6424_Params_init                
7004e924  __aeabi_errno_addr                 
7004e930  __aeabi_memclr                     
7004e930  __aeabi_memclr4                    
7004e930  __aeabi_memclr8                    
7004e93c  malloc                             
7004e948  CSL_armR5ReadMpidrReg              
7004e955  ClockP_Params_init                 
7004e96d  ClockP_isActive                    
7004e977  TimerP_getReloadCountPriv          
7004e981  TimerP_startPriv                   
7004e98b  UART_lld_Transaction_deInit        
7004e994  C$$EXIT                            
7004e994  HOSTexit                           
7004e99d  TimerP_clearOverflowIntPriv        
7004e9ad  EDMA_isInterruptEnabled            
7004e9b3  SOC_moduleClockEnable              
7004e9bf  PowerClock_deinit                  
7004e9c3  TimerP_Params_init                 
7004e9c7  TimerP_clearOverflowInt            
7004e9cb  TimerP_getCount                    
7004e9cf  TimerP_getReloadCount              
7004e9d3  TimerP_setup                       
7004e9d7  TimerP_start                       
7004e9dc  __aeabi_idiv0                      
7004e9e0  __aeabi_ldiv0                      
7004e9e4  __aeabi_memcpy                     
7004e9e4  __aeabi_memcpy4                    
7004e9e4  __aeabi_memcpy8                    
7004e9e8  _nop                               
7004e9ec  fseek                              
7004e9f0  remove                             
7004ea20  test_results                       
7004eed0  bq25751_registers                  
7004f030  __aeabi_ctype_table_               
7004f030  __aeabi_ctype_table_C              
7004f131  test_cases                         
7004f2c4  gCacheConfig                       
7004f2cc  gMpuConfig                         
7004f2d8  gMpuRegionConfig                   
7004f3e0  gADPLLJConfigTbl                   
7004fe90  I2C_defaultTransaction             
70050910  I2C_lld_defaultMessage             
70050988  gPeripheralClkSrcInfoMap           
70051120  gCacheL1dCacheLineSize             
70051124  gCacheL1pCacheLineSize             
70051140  __BSS_START                        
70051140  logs                               
70051dc0  gHwiCtrl                           
700534c8  _CIOBUF_                           
700534c8  __CIOBUF_                          
700536d0  intr_objects                       
7005385c  __TI_tmpnams                       
700538fc  gDebugShmLogReaderCtrl             
70053990  gClockCtrl                         
700539c8  virtToPhymap                       
700539d8  parmbuf                            
700539e0  gI2cHandle                         
700539e8  gMcspiHandle                       
700539f4  gEdmaHandle                        
700539f8  gUartHandle                        
700539fe  BQ25751_timer_en                   
70053a00  __BSS_END                          
70053a00  _sys_memory                        
7005ba00  __stack                            
7005fa00  __STACK_END                        
7005fa01  HwiP_enableInt                     
7005fa29  HwiP_disableInt                    
7005fa5b  HwiP_restoreInt                    
7005fab1  HwiP_clearInt                      
7005fad1  HwiP_post                          
7005faf9  HwiP_Params_init                   
7005fb0b  HwiP_construct                     
7005fc53  HwiP_destruct                      
7005fd25  HwiP_init                          
7005fde7  HwiP_inISR                         
7005fe03  HwiP_irq_handler_c                 
7005fe87  HwiP_fiq_handler                   
7005ff37  HwiP_reserved_handler              
7005ff65  HwiP_undefined_handler_c           
7005ff83  HwiP_user_undefined_handler_c      
7005ff97  HwiP_svc_handler                   
7005ffc5  HwiP_prefetch_abort_handler_c      
7006003f  HwiP_user_prefetch_abort_handler_c 
7006004f  HwiP_data_abort_handler_c          
700600cf  HwiP_user_data_abort_handler_c     
700600e0  HwiP_irq_handler                   
70060154  HwiP_data_abort_handler            
70060198  HwiP_prefetch_abort_handler        
700601e4  HwiP_undefined_handler             
70060214  GET_DFSR                           
7006021c  GET_ADFSR                          
70060224  GET_DFAR                           
7006022c  GET_IFSR                           
70060234  GET_AIFSR                          
7006023c  GET_IFAR                           
70060244  GET_SPSR                           
7006025c  HwiP_disable                       
7006026c  HwiP_disableFIQ                    
7006027c  HwiP_enable                        
7006028c  HwiP_enableFIQ                     
7006029c  HwiP_restore                       
700602a4  HwiP_enableVIC                     
700602b4  HwiP_disableVIC                    
700602c4  HwiP_getCPSR                       
700602d8  CacheP_disableL1d                  
70060300  CacheP_disableL1p                  
70060318  CacheP_enableL1d                   
70060330  CacheP_enableL1p                   
70060348  CacheP_invL1d                      
70060380  CacheP_invL1p                      
700603bc  CacheP_invL1dAll                   
700603c4  CacheP_invL1pAll                   
700603cc  CacheP_wb                          
70060408  CacheP_wbInv                       
70060444  CacheP_wbAll                       
700604ec  CacheP_wbInvAll                    
70060504  CacheP_wbInvAllAsm                 
700605a4  CacheP_getEnabled                  
700605dc  CacheP_getCacheLevelInfo           
700605e8  CacheP_configForceWrThru           
70060608  CacheP_setDLFO                     
70060619  CacheP_init                        
70060671  CacheP_disable                     
700606ab  CacheP_enable                      
700606cb  CacheP_inv                         
70060709  MpuP_getAttrs                      
70060749  MpuP_RegionAttrs_init              
70060757  MpuP_setRegion                     
700607d1  MpuP_isEnable                      
700607d5  MpuP_disable                       
70060807  MpuP_enable                        
70060843  MpuP_init                          
700608a5  MpuP_isUserAuthorizedToAccessMemory
7006090c  MpuP_disableAsm                    
70060924  MpuP_disableBRAsm                  
70060934  MpuP_enableAsm                     
7006094c  MpuP_enableBRAsm                   
7006095c  MpuP_isEnableAsm                   
70060970  MpuP_setRegionAsm                  
70060998  _c_int00_sbl                       
700609bc  _c_int00                           
70060add  _DebugP_assertNoLog                
70060afb  _system_pre_init                   
70060b17  __mpu_init                         
70060b28  abort                              
70060b30  _ftable                            
70060b30  gMcspiDmaHandle                    
70060b30  gUartDmaHandle                     
70060f6c  _device                            
70060fe4  intr_pins                          
70061054  gUartParams                        
700610ac  _stream                            
70061144  gSpi0ChCfg                         
70061184  gSpi1ChCfg                         
700611c4  gSocModulesClockFrequency          
70061230  gMcspiOpenParams                   
70061258  ext_adc0                           
70061274  ext_adc1                           
70061290  gClockConfig                       
700612a8  gI2cParams                         
700612c0  gSocModules                        
700612d4  gI2cConfig                         
700612e4  gMcspiConfig                       
700612f4  __TI_ft_end                        
700612f8  gAddrTranslateConfig               
70061304  __TI_cleanup_ptr                   
70061308  __TI_dtors_ptr                     
7006130c  __aeabi_errno                      
70061310  BQ25751_timer                      
70061318  gConfigMcspiChCfg                  
70061320  gEdmaConfig                        
70061328  gEdmaParams                        
70061330  gMcspiDmaChConfig                  
70061338  gMcspiNumCh                        
70061348  gUartConfig                        
70061358  _lock                              
7006135c  _unlock                            
70061360  gDebugLogZone                      
70061364  gDebugP_uartDrvIndex               
70061368  gEdmaConfigNum                     
7006136c  gHwiConfig                         
70061370  gI2cConfigNum                      
70061374  gMcspiConfigNum                    
70061378  gUartConfigNum                     
7006137c  gUartDmaChConfig                   
70061380  test                               
70061386  logs_length                        
70061389  isMapAvailable                     
70061390  __IRQ_STACK_START                  
70061490  __FIQ_STACK_START                  
70061490  __IRQ_STACK_END                    
70061590  __FIQ_STACK_END                    
70061590  __SVC_STACK_START                  
70062590  __ABORT_STACK_START                
70062590  __SVC_STACK_END                    
70062690  __ABORT_STACK_END                  
70062690  __UNDEFINED_STACK_START            
70062790  __UNDEFINED_STACK_END              
701d4000  gDebugShmLog                       
ffffffff  __TI_pprof_out_hndl                
ffffffff  __TI_prof_data_size                
ffffffff  __TI_prof_data_start               
ffffffff  __binit__                          
ffffffff  binit                              
UNDEFED   __TI_CINIT_Base                    
UNDEFED   __TI_CINIT_Limit                   
UNDEFED   __TI_Handler_Table_Base            
UNDEFED   __TI_Handler_Table_Limit           
UNDEFED   _system_post_cinit                 

[512 symbols]
