******************************************************************************
            TI ARM Clang Linker PC v4.0.2                      
******************************************************************************
>> Linked Wed Jun 25 15:50:44 2025

OUTPUT FILE NAME:   <second_stage_PDM_testing.out>
ENTRY POINT SYMBOL: "_vectors"  address: 00000000


MEMORY CONFIGURATION

         name            origin    length      used     unused   attr    fill
----------------------  --------  ---------  --------  --------  ----  --------
  R5F_VECS              00000000   00000040  00000040  00000000  RWIX
  R5F_TCMA              00000040   00007fc0  00000000  00007fc0  RWIX
  R5F_TCMB              00080000   00008000  00000000  00008000  RWIX
  MAILBOX_HSM           44000000   000003ce  00000000  000003ce  RWIX
  MAILBOX_R5F           44000400   000003ce  00000000  000003ce  RWIX
  FLASH                 60100000   00080000  00000000  00080000  RWIX
  SBL                   70000000   00040000  00000000  00040000  RWIX
  OCRAM                 70040000   00040000  00022290  0001dd70  RWIX
  USER_SHM_MEM          701d0000   00004000  00000000  00004000  RWIX
  LOG_SHM_MEM           701d4000   00004000  00002000  00002000  RWIX
  RTOS_NORTOS_IPC_SHM_M 72000000   00003e80  00000000  00003e80  RWIX


SEGMENT ALLOCATION MAP

run origin  load origin   length   init length attrs members
----------  ----------- ---------- ----------- ----- -------
00000000    00000000    00000040   00000040    r-x
  00000000    00000000    00000040   00000040    r-x .vectors
70040000    70040000    00010c80   00010c80    r-x
  70040000    70040000    0000e7a0   0000e7a0    r-x .text
  7004e7a0    7004e7a0    000024e0   000024e0    r-- .rodata
70050c80    70050c80    0000e8a0   00000000    rw-
  70050c80    70050c80    000028a0   00000000    rw- .bss
  70053520    70053520    00008000   00000000    rw- .sysmem
  7005b520    7005b520    00004000   00000000    rw- .stack
7005f520    7005f520    00001130   00001130    r-x
  7005f520    7005f520    000008d8   000008d8    r-x .text.hwi
  7005fdf8    7005fdf8    00000430   00000430    r-x .text.cache
  70060228    70060228    00000290   00000290    r-x .text.mpu
  700604b8    700604b8    00000190   00000190    r-x .text.boot
  70060648    70060648    00000008   00000008    r-x .text:abort
70060650    70060650    00001c40   00000840    rw-
  70060650    70060650    00000840   00000840    rw- .data
  70060e90    70060e90    00000100   00000000    rw- .irqstack
  70060f90    70060f90    00000100   00000000    rw- .fiqstack
  70061090    70061090    00001000   00000000    rw- .svcstack
  70062090    70062090    00000100   00000000    rw- .abortstack
  70062190    70062190    00000100   00000000    rw- .undefinedstack


SECTION ALLOCATION MAP

 output                                  attributes/
section   page    origin      length       input sections
--------  ----  ----------  ----------   ----------------
.vectors   0    00000000    00000040     
                  00000000    00000040     nortos.am263px.r5f.ti-arm-clang.release.lib : HwiP_armv7r_vectors_nortos_asm.obj (.vectors)

.text      0    70040000    0000e7a0     
                  70040000    00001328     libc.a : _scanfi.c.obj (.text.__TI_scanfi)
                  70041328    00000756     ti_drivers_open_close.o (.text.Drivers_adcOpen)
                  70041a7e    00000002     ti_board_config.o (.text.Board_deinit)
                  70041a80    00000580     nortos.am263px.r5f.ti-arm-clang.release.lib : printf.obj (.text._vsnprintf)
                  70042000    000004d4     libc.a : strtod.c.obj (.text.strtod)
                  700424d4    000004cc     drivers.am263px.r5f.ti-arm-clang.release.lib : soc_rcm.obj (.text.SOC_rcmEnablePeripheralClock)
                  700429a0    00000444                                                  : i2c_v1_lld.obj (.text.I2C_lld_primeTransferPoll)
                  70042de4    00000004     nortos.am263px.r5f.ti-arm-clang.release.lib : ClockP_nortos_r5.obj (.text.ClockP_getTimerCount)
                  70042de8    00000400                                                 : printf.obj (.text._ftoa)
                  700431e8    000003b8     testing.o (.text.conduct_test)
                  700435a0    00000390     libc.a : strcmp32.S.obj (.text:strcmp)
                  70043930    00000310     nortos.am263px.r5f.ti-arm-clang.release.lib : printf.obj (.text._etoa)
                  70043c40    000002a8     drivers.am263px.r5f.ti-arm-clang.release.lib : uart_v0.obj (.text.UART_open)
                  70043ee8    00000298                                                  : mcspi_v0.obj (.text.MCSPI_open)
                  70044180    0000027c                                                  : edma.obj (.text.EDMA_init)
                  700443fc    0000027c     libc.a : strtoll.c.obj (.text.strtoll)
                  70044678    00000250     drivers.am263px.r5f.ti-arm-clang.release.lib : soc_rcm.obj (.text.SOC_rcmSetPeripheralClock)
                  700448c8    00000248     libc.a : strtoull.c.obj (.text.strtoull)
                  70044b10    0000023c     drivers.am263px.r5f.ti-arm-clang.release.lib : uart_v0_lld.obj (.text.UART_configInstance)
                  70044d4c    00000230                                                  : mcspi_dma_edma.obj (.text.MCSPI_lld_dmaTransfer)
                  70044f7c    00000210                                                  : i2c_v1.obj (.text.I2C_open)
                  7004518c    0000020c                                                  : edma.obj (.text.EDMA_errorIsrFxn)
                  70045398    0000020c                                                  : mcspi_v0_lld.obj (.text.MCSPI_transferControllerPoll)
                  700455a4    00000204                                                  : edma.obj (.text.EDMA_freeChannelRegion)
                  700457a8    000001f8     libc.a : strtol.c.obj (.text.strtol)
                  700459a0    000001ec            : strtoul.c.obj (.text.strtoul)
                  70045b8c    000001e8     drivers.am263px.r5f.ti-arm-clang.release.lib : mcspi_v0_lld.obj (.text.MCSPI_lld_controllerIsr)
                  70045d74    000001e2     ti_drivers_config.o (.text.GPIO_init)
                  70045f56    00000002     ti_board_config.o (.text.Board_init)
                  70045f58    000001d0     libclang_rt.builtins.a : udivsi3.S.obj (.text.__udivsi3)
                  70046128    000001c0     drivers.am263px.r5f.ti-arm-clang.release.lib : mcspi_dma_edma.obj (.text.MCSPI_lld_dmaChInit)
                  700462e8    000001b4                                                  : i2c_v1_lld.obj (.text.I2C_lld_targetIsr)
                  7004649c    000001ae                                                  : i2c_v1_lld.obj (.text.I2C_lld_controllerIsr)
                  7004664a    00000002     nortos.am263px.r5f.ti-arm-clang.release.lib : DebugP_nortos.obj (.text.DebugP_shmLogReaderTaskCreate)
                  7004664c    000001a8     drivers.am263px.r5f.ti-arm-clang.release.lib : mcspi_v0_lld.obj (.text.MCSPI_lld_chConfig)
                  700467f4    000001a8     libc.a : memory.c.obj (.text.free)
                  7004699c    000001a4            : memory.c.obj (.text.aligned_alloc)
                  70046b40    00000194     drivers.am263px.r5f.ti-arm-clang.release.lib : uart_dma_edma.obj (.text.UART_lld_dmaInit)
                  70046cd4    00000190                                                  : mcspi_v0.obj (.text.MCSPI_transfer)
                  70046e64    00000188                                                  : i2c_v1.obj (.text.I2C_transfer)
                  70046fec    00000164                                                  : edma.obj (.text.EDMA_open)
                  70047150    00000160                                                  : edma.obj (.text.EDMA_deinit)
                  700472b0    0000015e     BQ25751.o (.text.BQ25751_manual_register_write)
                  7004740e    00000002     ti_dpl_config.o (.text.Dpl_deinit)
                  70047410    00000150     libc.a : s_scalbn.c.obj (.text.scalbn)
                  70047560    0000014e     drivers.am263px.r5f.ti-arm-clang.release.lib : uart_dma_edma.obj (.text.UART_lld_dmaDeInit)
                  700476ae    0000014c                                                  : mcspi_dma_edma.obj (.text.MCSPI_lld_dmaDeInit)
                  700477fa    00000002     nortos.am263px.r5f.ti-arm-clang.release.lib : SemaphoreP_nortos.obj (.text.SemaphoreP_destruct)
                  700477fc    00000144     libc.a : setvbuf.c.obj (.text.setvbuf)
                  70047940    00000140     nortos.am263px.r5f.ti-arm-clang.release.lib : TimerP_rti_priv.obj (.text.TimerP_setupPriv)
                  70047a80    0000013c     drivers.am263px.r5f.ti-arm-clang.release.lib : soc.obj (.text.SOC_virtToPhy)
                  70047bbc    00000138                                                  : uart_v0.obj (.text.UART_close)
                  70047cf4    00000134                                                  : mcspi_v0_lld.obj (.text.MCSPI_lld_readWrite)
                  70047e28    00000132     BQ25751.o (.text.BQ25751_manual_register_read)
                  70047f5a    00000132     nortos.am263px.r5f.ti-arm-clang.release.lib : printf.obj (.text._ntoa_format)
                  7004808c    00000126     int_adc.o (.text.read_int_ADC)
                  700481b2    0000011c     drivers.am263px.r5f.ti-arm-clang.release.lib : mcspi_v0_lld.obj (.text.MCSPI_lld_readWriteIntr)
                  700482ce    0000011a                                                  : uart_v0_lld.obj (.text.UART_lld_controllerIsr)
                  700483e8    00000118                                                  : edma.obj (.text.Alloc_resource)
                  70048500    00000118     libclang_rt.builtins.a : udivmoddi4.S.obj (.text)
                  70048618    00000114     drivers.am263px.r5f.ti-arm-clang.release.lib : soc_rcm.obj (.text.SOC_rcmGetPeripheralClockFrequency)
                  7004872c    0000010e                                                  : uart_v0_lld.obj (.text.UART_lld_write)
                  7004883a    0000010a     board.o (.text.init_gpio)
                  70048944    00000108     drivers.am263px.r5f.ti-arm-clang.release.lib : edma.obj (.text.EDMA_transferCompletionMasterIsrFxn)
                  70048a4c    00000108                                                  : uart_v0.obj (.text.UART_read)
                  70048b54    00000106                                                  : mcspi_v0_lld.obj (.text.MCSPI_continuePeripheralTxRx)
                  70048c5a    00000104     nortos.am263px.r5f.ti-arm-clang.release.lib : ClockP_nortos_r5.obj (.text.ClockP_init)
                  70048d5e    00000002                                                 : TaskP_nortos.obj (.text.TaskP_yield)
                  70048d60    00000104     drivers.am263px.r5f.ti-arm-clang.release.lib : uart_dma_edma.obj (.text.UART_lld_dmaWrite)
                  70048e64    00000100                                                  : mcspi_v0.obj (.text.MCSPI_close)
                  70048f64    00000100     PDMtesting.o (.text.PDM_testing)
                  70049064    000000fc     drivers.am263px.r5f.ti-arm-clang.release.lib : uart_v0.obj (.text.UART_write)
                  70049160    000000f4                                                  : mcspi_v0_lld.obj (.text.MCSPI_lld_initDma)
                  70049254    000000f0     libc.a : fputc.c.obj (.text.fputc)
                  70049344    000000e6     drivers.am263px.r5f.ti-arm-clang.release.lib : mcspi_dma_edma.obj (.text.MCSPI_edmaIsrTx)
                  7004942a    000000e6                                                  : mcspi_v0_lld.obj (.text.MCSPI_lld_readWriteDma)
                  70049510    000000d6     board.o (.text.GPIO_bankIsrFxn)
                  700495e6    00000002     drivers.am263px.r5f.ti-arm-clang.release.lib : uart_dma_edma.obj (.text.UART_edmaDoNothing)
                  700495e8    000000d4     libc.a : sscanf.c.obj (.text._chkmbc)
                  700496bc    000000d2     logger.o (.text.print_log)
                  7004978e    00000002     drivers.am263px.r5f.ti-arm-clang.release.lib : uart_v0.obj (.text.UART_lld_errorCallback)
                  70049790    000000d0                                                  : edma.obj (.text.EDMA_unregisterIntr)
                  70049860    000000d0     ti_drivers_config.o (.text.GPIO_deinit)
                  70049930    000000cc     drivers.am263px.r5f.ti-arm-clang.release.lib : uart_v0_lld.obj (.text.UART_lld_initDma)
                  700499fc    000000c8     libc.a : getdevice.c.obj (.text.getdevice)
                  70049ac4    000000c4     drivers.am263px.r5f.ti-arm-clang.release.lib : i2c_v1_lld.obj (.text.I2C_lld_mem_write)
                  70049b88    000000c4                                                  : i2c_v1_lld.obj (.text.I2C_lld_primeTransferIntr)
                  70049c4c    000000c4                                                  : mcspi_v0_lld.obj (.text.MCSPI_lld_init)
                  70049d10    000000c0                                                  : i2c_v1_lld.obj (.text.I2C_lld_mem_read)
                  70049dd0    000000c0                                                  : uart_v0_lld.obj (.text.UART_lld_init)
                  70049e90    000000be     ioexp_tca6424.o (.text.TCA6424_config)
                  70049f4e    000000be     ioexp_tca6424.o (.text.TCA6424_setOutput)
                  7004a00c    000000bc     drivers.am263px.r5f.ti-arm-clang.release.lib : edma.obj (.text.EDMA_registerIntr)
                  7004a0c8    000000b4     libc.a : fseek.c.obj (.text.fseeko)
                  7004a17c    000000b2     BQ25751.o (.text.BQ25751_read_reg)
                  7004a22e    00000002     nortos.am263px.r5f.ti-arm-clang.release.lib : printf.obj (.text._out_null)
                  7004a230    000000b0     libc.a : fclose.c.obj (.text.__TI_closefile)
                  7004a2e0    000000b0     nortos.am263px.r5f.ti-arm-clang.release.lib : printf.obj (.text._ntoa_long_long)
                  7004a390    000000ac     drivers.am263px.r5f.ti-arm-clang.release.lib : soc_rcm.obj (.text.SOC_rcmGetCoreHSDivOut)
                  7004a43c    000000ac                                                  : uart_v0_lld.obj (.text.UART_divisorLatchWrite)
                  7004a4e8    000000a8     nortos.am263px.r5f.ti-arm-clang.release.lib : DebugP_uartScanf.obj (.text.DebugP_readLine)
                  7004a590    000000a6     drivers.am263px.r5f.ti-arm-clang.release.lib : mcspi_dma_edma.obj (.text.MCSPI_edmaIsrRx)
                  7004a636    000000a6                                                  : uart_v0_lld.obj (.text.UART_lld_read)
                  7004a6dc    000000a6     nortos.am263px.r5f.ti-arm-clang.release.lib : printf.obj (.text._out_rev)
                  7004a782    000000a6     board.o (.text.init_global_interrupts)
                  7004a828    000000a4     drivers.am263px.r5f.ti-arm-clang.release.lib : i2c_v1.obj (.text.I2C_close)
                  7004a8cc    000000a4                                                  : i2c_v1_lld.obj (.text.I2C_lld_mem_readIntr)
                  7004a970    000000a4                                                  : i2c_v1_lld.obj (.text.I2C_lld_mem_writeIntr)
                  7004aa14    000000a4     libc.a : memory.c.obj (.text.split)
                  7004aab8    000000a0     drivers.am263px.r5f.ti-arm-clang.release.lib : edma.obj (.text.EDMA_freeDmaChannel)
                  7004ab58    000000a0                                                  : edma.obj (.text.EDMA_freeParam)
                  7004abf8    000000a0                                                  : edma.obj (.text.EDMA_freeTcc)
                  7004ac98    000000a0     libsysbm.a : hostrename.c.obj (.text.HOSTrename)
                  7004ad38    000000a0     drivers.am263px.r5f.ti-arm-clang.release.lib : uart_dma_edma.obj (.text.UART_lld_dmaRead)
                  7004add8    0000009c                                                  : uart_v0_lld.obj (.text.UART_lld_readIntr)
                  7004ae74    0000009c     libc.a : _io_perm.c.obj (.text.__TI_wrt_ok)
                  7004af10    0000009a     ti_board_open_close.o (.text.Board_ioexpOpen)
                  7004afaa    00000002     --HOLE-- [fill = 0]
                  7004afac    00000098     libsysbm.a : hostlseek.c.obj (.text.HOSTlseek)
                  7004b044    00000098     drivers.am263px.r5f.ti-arm-clang.release.lib : i2c_v1.obj (.text.I2C_primeTransfer)
                  7004b0dc    00000096     nortos.am263px.r5f.ti-arm-clang.release.lib : SemaphoreP_nortos.obj (.text.SemaphoreP_pend)
                  7004b172    00000094     drivers.am263px.r5f.ti-arm-clang.release.lib : edma.obj (.text.EDMA_configureChannelRegion)
                  7004b206    00000002     --HOLE-- [fill = 0]
                  7004b208    00000094     libsysbm.a : hostopen.c.obj (.text.HOSTopen)
                  7004b29c    00000094     drivers.am263px.r5f.ti-arm-clang.release.lib : i2c_v1_lld.obj (.text.I2C_lld_init)
                  7004b330    00000094     ADS_adc.o (.text.SPI_ReadWrite)
                  7004b3c4    00000094     drivers.am263px.r5f.ti-arm-clang.release.lib : uart_v0_lld.obj (.text.UART_lld_readWithCounter)
                  7004b458    00000090     ti_drivers_open_close.o (.text.Drivers_open)
                  7004b4e8    00000090     drivers.am263px.r5f.ti-arm-clang.release.lib : mcspi_v0_lld.obj (.text.MCSPI_setFifoConfig)
                  7004b578    0000008e     nortos.am263px.r5f.ti-arm-clang.release.lib : printf.obj (.text._ntoa_long)
                  7004b606    0000008c     drivers.am263px.r5f.ti-arm-clang.release.lib : mcspi_v0_lld.obj (.text.MCSPI_lld_peripheralIsr)
                  7004b692    00000002     --HOLE-- [fill = 0]
                  7004b694    0000008c     libsysbm.a : close.c.obj (.text.close)
                  7004b720    0000008c     BQ25751.o (.text.i2c_read_error_handler)
                  7004b7ac    00000088     drivers.am263px.r5f.ti-arm-clang.release.lib : adc.obj (.text.ADC_setPPBTripLimits)
                  7004b834    00000088     BQ25751.o (.text.BQ25751_write_reg)
                  7004b8bc    00000088     drivers.am263px.r5f.ti-arm-clang.release.lib : uart_v0.obj (.text.UART_init)
                  7004b944    00000088                                                  : uart_v0_lld.obj (.text.UART_procLineStatusErr)
                  7004b9cc    00000088     libc.a : fflush.c.obj (.text.__TI_doflush)
                  7004ba54    00000084     libsysbm.a : hostread.c.obj (.text.HOSTread)
                  7004bad8    00000084                : hostwrite.c.obj (.text.HOSTwrite)
                  7004bb5c    00000084     drivers.am263px.r5f.ti-arm-clang.release.lib : mcspi_v0_lld.obj (.text.MCSPI_setPeripheralFifoConfig)
                  7004bbe0    00000080                                                  : edma.obj (.text.EDMA_close)
                  7004bc60    00000080                                                  : uart_v0.obj (.text.UART_flushTxFifo)
                  7004bce0    0000007e     ti_drivers_open_close.o (.text.Drivers_mcspiOpen)
                  7004bd5e    0000007e     drivers.am263px.r5f.ti-arm-clang.release.lib : mcspi_v0_lld.obj (.text.MCSPI_fifoRead)
                  7004bddc    0000007e                                                  : mcspi_v0_lld.obj (.text.MCSPI_transferPeripheralPoll)
                  7004be5a    0000007c     ti_drivers_open_close.o (.text.Drivers_i2cOpen)
                  7004bed6    0000007a     drivers.am263px.r5f.ti-arm-clang.release.lib : mcspi_v0_lld.obj (.text.MCSPI_initiateLastChunkTransfer)
                  7004bf50    00000078                                                  : mcspi_v0.obj (.text.MCSPI_init)
                  7004bfc8    00000076                                                  : uart_v0_lld.obj (.text.UART_readDataPolling)
                  7004c03e    00000072     BQ25751.o (.text.BQ25751_read_faults)
                  7004c0b0    00000072     drivers.am263px.r5f.ti-arm-clang.release.lib : mcspi_v0_lld.obj (.text.MCSPI_fifoWrite)
                  7004c122    00000072                                                  : mcspi_v0_lld.obj (.text.MCSPI_stop)
                  7004c194    00000070                                                  : mcspi_dma_edma.obj (.text.MCSPI_lld_dmaStop)
                  7004c204    0000006e                                                  : edma.obj (.text.EDMA_disableTransferRegion)
                  7004c272    0000006e                                                  : edma.obj (.text.EDMA_enableTransferRegion)
                  7004c2e0    0000006c     libsysbm.a : hostunlink.c.obj (.text.HOSTunlink)
                  7004c34c    0000006c     drivers.am263px.r5f.ti-arm-clang.release.lib : uart_v0_lld.obj (.text.UART_lld_writeDma)
                  7004c3b8    00000068                                                  : uart_v0_lld.obj (.text.UART_lld_readDma)
                  7004c420    00000068                                                  : uart_v0_lld.obj (.text.UART_lld_writeIntr)
                  7004c488    00000068     libc.a : atoi.c.obj (.text.atoi)
                  7004c4f0    00000068     board.o (.text.digitalWrite)
                  7004c558    00000066     nortos.am263px.r5f.ti-arm-clang.release.lib : PmuP_armv7r.obj (.text.pmu)
                  7004c5be    00000002     --HOLE-- [fill = 0]
                  7004c5c0    00000064     drivers.am263px.r5f.ti-arm-clang.release.lib : soc.obj (.text.SOC_controlModuleUnlockMMR)
                  7004c624    00000064     logger.o (.text.add_log)
                  7004c688    00000064     board.o (.text.init_interrupt)
                  7004c6ec    00000060     libsysbm.a : hostclose.c.obj (.text.HOSTclose)
                  7004c74c    0000005e     nortos.am263px.r5f.ti-arm-clang.release.lib : ClockP_nortos.obj (.text.ClockP_timerTickIsr)
                  7004c7aa    0000005e     drivers.am263px.r5f.ti-arm-clang.release.lib : mcspi_v0_lld.obj (.text.MCSPI_setChDataSize)
                  7004c808    0000005c                                                  : gpio.obj (.text.GPIO_setTrigType)
                  7004c864    0000005c                                                  : mcspi_v0_lld.obj (.text.MCSPI_configInstance)
                  7004c8c0    0000005c                                                  : soc.obj (.text.SOC_controlModuleLockMMR)
                  7004c91c    0000005c     nortos.am263px.r5f.ti-arm-clang.release.lib : DebugP_log.obj (.text._DebugP_assert)
                  7004c978    00000058     drivers.am263px.r5f.ti-arm-clang.release.lib : mcspi_dma_edma.obj (.text.MCSPI_edmaUpdateTransferParams)
                  7004c9d0    00000058     libc.a : fopen.c.obj (.text.__TI_cleanup)
                  7004ca28    00000058     libsysbm.a : trgmsg.c.obj (.text.__TI_readmsg)
                  7004ca80    00000058                : trgmsg.c.obj (.text.__TI_writemsg)
                  7004cad8    00000058     logger.o (.text.print_pending_logs)
                  7004cb30    00000056     nortos.am263px.r5f.ti-arm-clang.release.lib : ClockP_nortos.obj (.text.ClockP_getTimeUsec)
                  7004cb86    00000056     drivers.am263px.r5f.ti-arm-clang.release.lib : uart_v0_lld.obj (.text.UART_intrDisable)
                  7004cbdc    00000056                                                  : uart_v0_lld.obj (.text.UART_readCancelNoCB)
                  7004cc32    00000056                                                  : uart_v0_lld.obj (.text.UART_writeCancelNoCB)
                  7004cc88    00000054     ti_dpl_config.o (.text.Dpl_init)
                  7004ccdc    00000054     libc.a : exit.c.obj (.text.exit)
                  7004cd30    00000054            : getdevice.c.obj (.text.finddevice)
                  7004cd84    00000054            : autoinit.c.obj (.text:__TI_auto_init_nobinit_nopinit)
                  7004cdd8    00000052     nortos.am263px.r5f.ti-arm-clang.release.lib : AddrTranslateP_32bit.obj (.text.AddrTranslateP_getLocalAddr)
                  7004ce2a    00000052     drivers.am263px.r5f.ti-arm-clang.release.lib : i2c_v1.obj (.text.I2C_LLD_targetTransferCompleteCallback)
                  7004ce7c    00000052                                                  : mcspi_v0_lld.obj (.text.MCSPI_lld_deInitDma)
                  7004cece    00000050     nortos.am263px.r5f.ti-arm-clang.release.lib : ClockP_nortos.obj (.text.ClockP_construct)
                  7004cf1e    00000002     --HOLE-- [fill = 0]
                  7004cf20    00000050     drivers.am263px.r5f.ti-arm-clang.release.lib : edma.obj (.text.EDMA_allocDmaChannel)
                  7004cf70    00000050                                                  : edma.obj (.text.EDMA_allocParam)
                  7004cfc0    00000050                                                  : edma.obj (.text.EDMA_allocTcc)
                  7004d010    0000004e     nortos.am263px.r5f.ti-arm-clang.release.lib : ClockP_nortos.obj (.text.ClockP_addToList)
                  7004d05e    0000004e     ti_drivers_open_close.o (.text.Drivers_edmaOpen)
                  7004d0ac    0000004e     ti_drivers_open_close.o (.text.Drivers_uartOpen)
                  7004d0fa    0000004e     drivers.am263px.r5f.ti-arm-clang.release.lib : edma.obj (.text.EDMA_disableChInShadowRegRegion)
                  7004d148    0000004c                                                  : mcspi_v0.obj (.text.MCSPI_transferCallback)
                  7004d194    0000004c                                                  : mcspi_v0_lld.obj (.text.MCSPI_transferControllerIntr)
                  7004d1e0    0000004c                                                  : soc.obj (.text.SOC_enableAdcReferenceMonitor)
                  7004d22c    00000048                                                  : soc.obj (.text.SOC_enableAdcGlobalForce)
                  7004d274    00000048                                                  : soc.obj (.text.SOC_enableAdcInternalReference)
                  7004d2bc    00000048                                                  : uart_dma_edma.obj (.text.UART_edmaIsrRx)
                  7004d304    00000048     libsysbm.a : unlink.c.obj (.text.unlink)
                  7004d34c    00000046     drivers.am263px.r5f.ti-arm-clang.release.lib : uart_dma_edma.obj (.text.UART_edmaIsrTx)
                  7004d392    00000044                                                  : i2c_v1.obj (.text.I2C_completeCurrTransfer)
                  7004d3d6    00000002     --HOLE-- [fill = 0]
                  7004d3d8    00000044                                                  : soc.obj (.text.SOC_getAdcReferenceStatus)
                  7004d41c    00000044                                                  : uart_v0.obj (.text.UART_Params_init)
                  7004d460    00000044                                                  : uart_v0_lld.obj (.text.UART_lld_deInitDma)
                  7004d4a4    00000040     nortos.am263px.r5f.ti-arm-clang.release.lib : ClockP_nortos.obj (.text.ClockP_stop)
                  7004d4e4    00000040     drivers.am263px.r5f.ti-arm-clang.release.lib : edma.obj (.text.EDMA_mapChToEvtQ)
                  7004d524    00000040                                                  : pinmux.obj (.text.Pinmux_config)
                  7004d564    00000040     nortos.am263px.r5f.ti-arm-clang.release.lib : SemaphoreP_nortos.obj (.text.SemaphoreP_constructBinary)
                  7004d5a4    00000040     drivers.am263px.r5f.ti-arm-clang.release.lib : uart_v0_lld.obj (.text.UART_lld_deInit)
                  7004d5e4    00000040     libc.a : memory.c.obj (.text.free_list_insert)
                  7004d624    0000003e     drivers.am263px.r5f.ti-arm-clang.release.lib : i2c_v1_lld.obj (.text.I2C_lld_transferInit)
                  7004d662    0000003e     nortos.am263px.r5f.ti-arm-clang.release.lib : SemaphoreP_nortos.obj (.text.SemaphoreP_constructMutex)
                  7004d6a0    0000003c     drivers.am263px.r5f.ti-arm-clang.release.lib : edma.obj (.text.EDMA_getBaseAddr)
                  7004d6dc    0000003c                                                  : uart_v0_lld.obj (.text.UART_readData)
                  7004d718    0000003a     nortos.am263px.r5f.ti-arm-clang.release.lib : ClockP_nortos.obj (.text.ClockP_destruct)
                  7004d752    0000003a                                                 : DebugP_uartLogWriter.obj (.text.DebugP_uartLogWriterPutChar)
                  7004d78c    0000003a     ti_power_clock_config.o (.text.Module_clockSetFrequency)
                  7004d7c6    0000003a     ioexp_tca6424.o (.text.TCA6424_open)
                  7004d800    0000003a     drivers.am263px.r5f.ti-arm-clang.release.lib : uart_v0_lld.obj (.text.UART_lld_flushTxFifo)
                  7004d83a    00000002     --HOLE-- [fill = 0]
                  7004d83c    00000038                                                  : soc_rcm.obj (.text.SOC_rcmADPLLJGetFOut)
                  7004d874    00000038     nortos.am263px.r5f.ti-arm-clang.release.lib : DebugP_nortos.obj (.text._DebugP_logZone)
                  7004d8ac    00000038                                                 : PmuP_armv7r_asm.obj (.text.pmu)
                  7004d8e4    00000036     drivers.am263px.r5f.ti-arm-clang.release.lib : edma.obj (.text.EDMA_clrMissEvtRegion)
                  7004d91a    00000034     nortos.am263px.r5f.ti-arm-clang.release.lib : ClockP_nortos.obj (.text.ClockP_start)
                  7004d94e    00000002     --HOLE-- [fill = 0]
                  7004d950    00000034     drivers.am263px.r5f.ti-arm-clang.release.lib : i2c_v1.obj (.text.I2C_init)
                  7004d984    00000034                                                  : mcspi_v0.obj (.text.MCSPI_errorCallback)
                  7004d9b8    00000034     ti_power_clock_config.o (.text.Module_clockDisable)
                  7004d9ec    00000034     ti_power_clock_config.o (.text.Module_clockEnable)
                  7004da20    00000034     drivers.am263px.r5f.ti-arm-clang.release.lib : soc.obj (.text.SOC_enableAdcDacLoopback)
                  7004da54    00000034                                                  : soc_rcm.obj (.text.SOC_rcmGetModuleClkDivVal)
                  7004da88    00000034     libc.a : memory.c.obj (.text.free_list_remove)
                  7004dabc    00000034     libsysbm.a : lseek.c.obj (.text.lseek)
                  7004daf0    00000034                : write.c.obj (.text.write)
                  7004db24    00000032     nortos.am263px.r5f.ti-arm-clang.release.lib : ClockP_nortos.obj (.text.ClockP_usleep)
                  7004db56    00000032     drivers.am263px.r5f.ti-arm-clang.release.lib : edma.obj (.text.EDMA_unmapChToEvtQ)
                  7004db88    00000032     nortos.am263px.r5f.ti-arm-clang.release.lib : SemaphoreP_nortos.obj (.text.SemaphoreP_post)
                  7004dbba    00000030                                                 : DebugP_uartScanf.obj (.text.DebugP_scanf)
                  7004dbea    00000030     drivers.am263px.r5f.ti-arm-clang.release.lib : i2c_v1_lld.obj (.text.I2CControllerInitExpClk)
                  7004dc1a    00000030                                                  : uart_v0.obj (.text.UART_lld_writeCompleteCallback)
                  7004dc4a    00000002     --HOLE-- [fill = 0]
                  7004dc4c    00000030     int_adc.o (.text.adc_to_current_LM74930)
                  7004dc7c    0000002e     drivers.am263px.r5f.ti-arm-clang.release.lib : edma.obj (.text.EDMA_enableChInShadowRegRegion)
                  7004dcaa    0000002e                                                  : i2c_v1_lld.obj (.text.I2C_lld_deInit)
                  7004dcd8    0000002e     ti_drivers_config.o (.text.System_init)
                  7004dd06    0000002e     drivers.am263px.r5f.ti-arm-clang.release.lib : uart_v0.obj (.text.UART_lld_readCompleteCallback)
                  7004dd34    0000002c     nortos.am263px.r5f.ti-arm-clang.release.lib : DebugP_shmLogReader.obj (.text.DebugP_shmLogReaderInit)
                  7004dd60    0000002c     drivers.am263px.r5f.ti-arm-clang.release.lib : i2c_v1.obj (.text.I2C_getHandle)
                  7004dd8c    0000002c                                                  : soc_rcm.obj (.text.SOC_rcmGetR5Clock)
                  7004ddb8    0000002c                                                  : uart_v0.obj (.text.UART_getHandle)
                  7004dde4    0000002c     ADS_adc.o (.text.adc_to_current_HSS_MB)
                  7004de10    0000002c     ADS_adc.o (.text.adc_to_current_TPS)
                  7004de3c    0000002c     libc.a : sscanf.c.obj (.text.vsscanf)
                  7004de68    00000028     nortos.am263px.r5f.ti-arm-clang.release.lib : ClockP_nortos.obj (.text.ClockP_sleepTicks)
                  7004de90    00000028     drivers.am263px.r5f.ti-arm-clang.release.lib : gpio.obj (.text.GPIO_setDirMode)
                  7004deb8    00000028                                                  : mcspi_v0_lld.obj (.text.MCSPI_fifoReadMultiWord)
                  7004dee0    00000028                                                  : soc.obj (.text.SOC_moduleSetClockFrequency)
                  7004df08    00000028     ADS_adc.o (.text.read_ext_ADC)
                  7004df30    00000026     nortos.am263px.r5f.ti-arm-clang.release.lib : ClockP_nortos.obj (.text.ClockP_sleep)
                  7004df56    00000026     drivers.am263px.r5f.ti-arm-clang.release.lib : edma.obj (.text.EDMA_setPaRAM)
                  7004df7c    00000026                                                  : i2c_v1_lld.obj (.text.I2C_lld_transferIntr)
                  7004dfa2    00000026                                                  : i2c_v1_lld.obj (.text.I2C_lld_transferPoll)
                  7004dfc8    00000026                                                  : uart_dma_edma.obj (.text.UART_lld_dmaDisableChannel)
                  7004dfee    00000024                                                  : mcspi_v0_lld.obj (.text.MCSPI_fifoWriteMultiWord)
                  7004e012    00000002     --HOLE-- [fill = 0]
                  7004e014    00000024                                                  : uart_v0_lld.obj (.text.UART_IsHWFlowCtrlValid)
                  7004e038    00000024                                                  : uart_v0_lld.obj (.text.UART_IsRxTrigLvlValid)
                  7004e05c    00000024                                                  : uart_v0_lld.obj (.text.UART_IsTxTrigLvlValid)
                  7004e080    00000024     libclang_rt.builtins.a : aeabi_uldivmod.S.obj (.text.__aeabi_uldivmod)
                  7004e0a4    00000024     int_adc.o (.text.int_adc_to_voltage)
                  7004e0c8    00000024     nortos.am263px.r5f.ti-arm-clang.release.lib : printf.obj (.text.vprintf_)
                  7004e0ec    00000022     drivers.am263px.r5f.ti-arm-clang.release.lib : edma.obj (.text.EDMA_linkChannel)
                  7004e10e    00000022                                                  : mcspi_v0_lld.obj (.text.MCSPI_transferPeripheralIntr)
                  7004e130    00000022     ti_drivers_config.o (.text.System_deinit)
                  7004e152    00000022     logger.o (.text.print_logs)
                  7004e174    00000020     nortos.am263px.r5f.ti-arm-clang.release.lib : DebugP_log.obj (.text.DebugP_logZoneEnable)
                  7004e194    00000020     drivers.am263px.r5f.ti-arm-clang.release.lib : i2c_v1_lld.obj (.text.I2C_lld_Message_init)
                  7004e1b4    00000020                                                  : mcspi_v0_lld.obj (.text.MCSPI_fifoRead32)
                  7004e1d4    00000020     nortos.am263px.r5f.ti-arm-clang.release.lib : TimerP_rti_priv.obj (.text.TimerP_Params_initPriv)
                  7004e1f4    00000020     drivers.am263px.r5f.ti-arm-clang.release.lib : uart_v0_lld.obj (.text.UART_getChar)
                  7004e214    0000001e     ti_board_open_close.o (.text.Board_driversOpen)
                  7004e232    0000001e     ioexp_tca6424.o (.text.TCA6424_close)
                  7004e250    0000001e     drivers.am263px.r5f.ti-arm-clang.release.lib : uart_v0_lld.obj (.text.UART_spaceAvail)
                  7004e26e    0000001e                                                  : uart_v0_lld.obj (.text.UART_statusIsDataReady)
                  7004e28c    0000001c                                                  : i2c_v1.obj (.text.I2C_hwiFxn)
                  7004e2a8    0000001c                                                  : mcspi_v0_lld.obj (.text.MCSPI_fifoWrite32)
                  7004e2c4    0000001c                                                  : mcspi_v0_lld.obj (.text.MCSPI_getFifoTrigLvl)
                  7004e2e0    0000001c                                                  : mcspi_v0_lld.obj (.text.MCSPI_lld_deInit)
                  7004e2fc    0000001c                                                  : soc_rcm.obj (.text.SOC_rcmIsR5FInLockStepMode)
                  7004e318    0000001c     libc.a : sscanf.c.obj (.text._inpchar)
                  7004e334    0000001c     main.o (.text.main)
                  7004e350    0000001c     libsysbm.a : hostrename.c.obj (.text.strcpy)
                  7004e36c    0000001c                : hostrename.c.obj (.text.strlen)
                  7004e388    0000001c     libc.a : memcpy32.S.obj (.text:TI_memcpy_small)
                  7004e3a4    0000001a     nortos.am263px.r5f.ti-arm-clang.release.lib : CpuId_armv7r.obj (.text.CSL_armR5GetCpuID)
                  7004e3be    0000001a     drivers.am263px.r5f.ti-arm-clang.release.lib : edma.obj (.text.EDMA_readEventStatusRegion)
                  7004e3d8    0000001a                                                  : uart_v0_lld.obj (.text.UART_enhanFuncEnable)
                  7004e3f2    00000002     --HOLE-- [fill = 0]
                  7004e3f4    00000018                                                  : i2c_v1.obj (.text.I2C_deinit)
                  7004e40c    00000018                                                  : mcspi_v0.obj (.text.MCSPI_deinit)
                  7004e424    00000018                                                  : mcspi_dma_edma.obj (.text.MCSPI_lld_dmaInit)
                  7004e43c    00000018     nortos.am263px.r5f.ti-arm-clang.release.lib : TimerP_rti_priv.obj (.text.TimerP_getCountPriv)
                  7004e454    00000018     drivers.am263px.r5f.ti-arm-clang.release.lib : uart_v0.obj (.text.UART_deinit)
                  7004e46c    00000018     logger.o (.text.clear_logs)
                  7004e484    00000018     libc.a : memset32.S.obj (.text:TI_memset_small)
                  7004e49c    00000016     drivers.am263px.r5f.ti-arm-clang.release.lib : i2c_v1_lld.obj (.text.I2C_lld_Transaction_init)
                  7004e4b2    00000016                                                  : mcspi_v0_lld.obj (.text.MCSPI_reset)
                  7004e4c8    00000016                                                  : uart_v0_lld.obj (.text.UART_IsTxRxFifoEmpty)
                  7004e4de    00000016                                                  : uart_v0_lld.obj (.text.UART_getIntrIdentityStatus)
                  7004e4f4    00000016                                                  : uart_v0_lld.obj (.text.UART_getRxError)
                  7004e50a    00000014     nortos.am263px.r5f.ti-arm-clang.release.lib : ClockP_nortos.obj (.text.ClockP_usecToTicks)
                  7004e51e    00000014     drivers.am263px.r5f.ti-arm-clang.release.lib : edma.obj (.text.EDMA_getRegionId)
                  7004e532    00000014                                                  : uart_v0.obj (.text.UART_Transaction_init)
                  7004e546    00000014                                                  : uart_v0_lld.obj (.text.UART_enhanFuncBitValRestore)
                  7004e55a    00000012                                                  : adc.obj (.text.ADC_setMode)
                  7004e56c    00000012                                                  : i2c_v1.obj (.text.I2C_LLD_transferCompleteCallback)
                  7004e57e    00000012                                                  : uart_v0_lld.obj (.text.UART_hardwareFlowCtrlOptSet)
                  7004e590    00000012                                                  : uart_v0_lld.obj (.text.UART_operatingModeSelect)
                  7004e5a2    00000012                                                  : uart_v0_lld.obj (.text.UART_readLineStatus)
                  7004e5b4    00000012     ti_dpl_config.o (.text.putchar_)
                  7004e5c6    00000010     drivers.am263px.r5f.ti-arm-clang.release.lib : gpio.obj (.text.GPIO_bankIntrDisable)
                  7004e5d6    00000010                                                  : uart_v0_lld.obj (.text.UART_intr2Disable)
                  7004e5e6    00000002     --HOLE-- [fill = 0]
                  7004e5e8    00000010     libclang_rt.builtins.a : aeabi_memset.S.obj (.text.__aeabi_memset)
                  7004e5f8    00000010     libc.a : sscanf.c.obj (.text._uninpchar)
                  7004e608    00000010            : fputc.c.obj (.text.putchar)
                  7004e618    0000000e     drivers.am263px.r5f.ti-arm-clang.release.lib : edma.obj (.text.EDMA_ccPaRAMEntry_init)
                  7004e626    0000000e                                                  : gpio.obj (.text.GPIO_bankIntrEnable)
                  7004e634    0000000e                                                  : i2c_v1.obj (.text.I2C_transferCallback)
                  7004e642    0000000e     ti_pinmux_config.o (.text.Pinmux_init)
                  7004e650    0000000e     ti_power_clock_config.o (.text.PowerClock_init)
                  7004e65e    0000000c     nortos.am263px.r5f.ti-arm-clang.release.lib : ClockP_nortos.obj (.text.ClockP_getTicks)
                  7004e66a    0000000c                                                 : DebugP_uartLogWriter.obj (.text.DebugP_uartSetDrvIndex)
                  7004e676    0000000c     drivers.am263px.r5f.ti-arm-clang.release.lib : edma.obj (.text.EDMA_isInitialized)
                  7004e682    00000002     --HOLE-- [fill = 0]
                  7004e684    0000000c                                                  : i2c_v1.obj (.text.I2C_Transaction_init)
                  7004e690    0000000c                                                  : soc.obj (.text.SOC_getSelfCpuClk)
                  7004e69c    0000000c     ioexp_tca6424.o (.text.TCA6424_Params_init)
                  7004e6a8    0000000c     libc.a : aeabi_portable.c.obj (.text.__aeabi_errno_addr)
                  7004e6b4    0000000c     libclang_rt.builtins.a : aeabi_memset.S.obj (.text.__aeabi_memclr)
                  7004e6c0    0000000c     libc.a : memory.c.obj (.text.malloc)
                  7004e6cc    0000000c     nortos.am263px.r5f.ti-arm-clang.release.lib : CpuId_armv7r_asm.obj (.text)
                  7004e6d8    00000008     libsysbm.a : hostexit.c.obj (.text.HOSTexit)
                  7004e6e0    0000000c     libc.a : strcmp32.S.obj (.text)
                  7004e6ec    0000000a     nortos.am263px.r5f.ti-arm-clang.release.lib : ClockP_nortos.obj (.text.ClockP_Params_init)
                  7004e6f6    0000000a                                                 : ClockP_nortos.obj (.text.ClockP_isActive)
                  7004e700    0000000a                                                 : TimerP_rti_priv.obj (.text.TimerP_getReloadCountPriv)
                  7004e70a    0000000a                                                 : TimerP_rti_priv.obj (.text.TimerP_startPriv)
                  7004e714    0000000a     drivers.am263px.r5f.ti-arm-clang.release.lib : uart_v0_lld.obj (.text.UART_lld_Transaction_deInit)
                  7004e71e    00000008     nortos.am263px.r5f.ti-arm-clang.release.lib : TimerP_rti_priv.obj (.text.TimerP_clearOverflowIntPriv)
                  7004e726    00000008                                                 : printf.obj (.text._out_char)
                  7004e72e    00000006     drivers.am263px.r5f.ti-arm-clang.release.lib : edma.obj (.text.EDMA_isInterruptEnabled)
                  7004e734    00000006                                                  : soc.obj (.text.SOC_moduleClockEnable)
                  7004e73a    00000006                                                  : soc_rcm.obj (.text.SOC_rcmGetCR5SysclkInFrequency)
                  7004e740    00000004     nortos.am263px.r5f.ti-arm-clang.release.lib : ClockP_nortos_r5.obj (.text.ClockP_timerClearOverflowInt)
                  7004e744    00000004     ti_power_clock_config.o (.text.PowerClock_deinit)
                  7004e748    00000004     nortos.am263px.r5f.ti-arm-clang.release.lib : TimerP_rti_nortos.obj (.text.TimerP_Params_init)
                  7004e74c    00000004                                                 : TimerP_rti_nortos.obj (.text.TimerP_clearOverflowInt)
                  7004e750    00000004                                                 : TimerP_rti_nortos.obj (.text.TimerP_getCount)
                  7004e754    00000004                                                 : TimerP_rti_nortos.obj (.text.TimerP_getReloadCount)
                  7004e758    00000004                                                 : TimerP_rti_nortos.obj (.text.TimerP_setup)
                  7004e75c    00000004                                                 : TimerP_rti_nortos.obj (.text.TimerP_start)
                  7004e760    00000004     libclang_rt.builtins.a : aeabi_div0.c.obj (.text.__aeabi_idiv0)
                  7004e764    00000004                            : aeabi_div0.c.obj (.text.__aeabi_ldiv0)
                  7004e768    00000004                            : aeabi_memcpy.S.obj (.text.__aeabi_memcpy)
                  7004e76c    00000004     libc.a : _lock.c.obj (.text._nop)
                  7004e770    00000004            : fseek.c.obj (.text.fseek)
                  7004e774    00000004     libsysbm.a : remove.c.obj (.text.remove)
                  7004e778    00000008     libclang_rt.builtins.a : aeabi_memcpy.S.obj (.tramp.__aeabi_memcpy.1)
                  7004e780    00000008     nortos.am263px.r5f.ti-arm-clang.release.lib : HwiP_armv7r_asm.obj (.tramp.HwiP_restore.1)
                  7004e788    00000008                                                 : HwiP_armv7r_asm.obj (.tramp.HwiP_enable.1)
                  7004e790    00000008                                                 : PmuP_armv7r_asm.obj (.tramp.PmuP_setUserEnable.1)
                  7004e798    00000008                                                 : PmuP_armv7r_asm.obj (.tramp.PmuP_enableCounters.1)

.rodata    0    7004e7a0    000024e0     
                  7004e7a0    000004b0     testing.o (.rodata.test_results)
                  7004ec50    00000101     libc.a : aeabi_ctype.S.obj (.rodata:__aeabi_ctype_table_)
                  7004ed51    00000096     testing.o (.rodata.test_cases)
                  7004ede7    00000001     logger.o (.rodata.str1.11170080405929493601.1)
                  7004ede8    00000080     libc.a : strtod.c.obj (.rodata.digits)
                  7004ee68    0000007a     ti_drivers_open_close.o (.rodata.str1.14200658025495415368.1)
                  7004eee2    00000002     --HOLE-- [fill = 0]
                  7004eee4    00000074     ti_dpl_config.o (.rodata.cfg)
                  7004ef58    00000051     drivers.am263px.r5f.ti-arm-clang.release.lib : mcspi_v0.obj (.rodata.str1.26396439823528435241)
                  7004efa9    00000007     libc.a : _scanfi.c.obj (.rodata._sproc_int.flit)
                  7004efb0    00000050     nortos.am263px.r5f.ti-arm-clang.release.lib : printf.obj (.rodata._ftoa.pow10)
                  7004f000    00000048     drivers.am263px.r5f.ti-arm-clang.release.lib : soc_rcm.obj (.rodata.gADPLLJConfigTbl)
                  7004f048    00000048     libc.a : strtod.c.obj (.rodata.powerof10)
                  7004f090    00000048     BQ25751.o (.rodata.str1.15227057180538999327.1)
                  7004f0d8    00000048     drivers.am263px.r5f.ti-arm-clang.release.lib : mcspi_v0_lld.obj (.rodata.str1.97363132707188488161)
                  7004f120    0000003d     nortos.am263px.r5f.ti-arm-clang.release.lib : TimerP_rti_priv.obj (.rodata.str1.72163963154704191671)
                  7004f15d    0000003b     testing.o (.rodata.str1.13902908763734703229.1)
                  7004f198    0000003b     logger.o (.rodata.str1.15765208293925770228.1)
                  7004f1d3    0000003b     testing.o (.rodata.str1.17746360623054601515.1)
                  7004f20e    0000003b     BQ25751.o (.rodata.str1.2730883272908071265.1)
                  7004f249    0000003b     testing.o (.rodata.str1.9663668549545128397.1)
                  7004f284    0000003a     testing.o (.rodata.str1.13404232100597892824.1)
                  7004f2be    0000003a     testing.o (.rodata.str1.14475428689845802839.1)
                  7004f2f8    0000003a     BQ25751.o (.rodata.str1.5160441401641532227.1)
                  7004f332    0000003a     testing.o (.rodata.str1.5333103860067079182.1)
                  7004f36c    00000039     testing.o (.rodata.str1.12712981990626671882.1)
                  7004f3a5    00000038     testing.o (.rodata.str1.13271957185734089466.1)
                  7004f3dd    00000038     testing.o (.rodata.str1.1809024094263384077.1)
                  7004f415    00000038     ti_drivers_open_close.o (.rodata.str1.2554706296470369595.1)
                  7004f44d    00000038     testing.o (.rodata.str1.9646216584914662902.1)
                  7004f485    00000037     testing.o (.rodata.str1.12934025152450101698.1)
                  7004f4bc    00000037     testing.o (.rodata.str1.13753495736459524521.1)
                  7004f4f3    00000037     nortos.am263px.r5f.ti-arm-clang.release.lib : SemaphoreP_nortos.obj (.rodata.str1.52751030918495836841)
                  7004f52a    00000037     testing.o (.rodata.str1.912323090116748061.1)
                  7004f561    00000036     ti_drivers_open_close.o (.rodata.str1.10252002122772422448.1)
                  7004f597    00000036     testing.o (.rodata.str1.1765844212525536965.1)
                  7004f5cd    00000036     testing.o (.rodata.str1.9310835370192816021.1)
                  7004f603    00000035     BQ25751.o (.rodata.str1.17099517407219647408.1)
                  7004f638    00000035     ti_drivers_open_close.o (.rodata.str1.17551203406305493380.1)
                  7004f66d    00000035     ti_drivers_open_close.o (.rodata.str1.17665391694225509261.1)
                  7004f6a2    00000035     BQ25751.o (.rodata.str1.8443781089576892544.1)
                  7004f6d7    00000033     testing.o (.rodata.str1.8696649377706721793.1)
                  7004f70a    00000032     drivers.am263px.r5f.ti-arm-clang.release.lib : adc.obj (.rodata.str1.104222482920253680151)
                  7004f73c    00000032     BQ25751.o (.rodata.str1.1249517775944244852.1)
                  7004f76e    00000032     drivers.am263px.r5f.ti-arm-clang.release.lib : adc.obj (.rodata.str1.137023953294967812531)
                  7004f7a0    00000031     BQ25751.o (.rodata.str1.17894075944801656883.1)
                  7004f7d1    00000031     BQ25751.o (.rodata.str1.3974748969067114375.1)
                  7004f802    00000002     --HOLE-- [fill = 0]
                  7004f804    00000030     logger.o (.rodata..Lswitch.table.print_log.27)
                  7004f834    00000030     BQ25751.o (.rodata.str1.12706072285533335359.1)
                  7004f864    00000030     BQ25751.o (.rodata.str1.13143656991489871118.1)
                  7004f894    00000030     ti_drivers_open_close.o (.rodata.str1.5293217666052239616.1)
                  7004f8c4    00000030     BQ25751.o (.rodata.str1.8003800691019726735.1)
                  7004f8f4    0000002e     BQ25751.o (.rodata.str1.10095525046290625685.1)
                  7004f922    0000002e     BQ25751.o (.rodata.str1.17500317544630551396.1)
                  7004f950    0000002e     nortos.am263px.r5f.ti-arm-clang.release.lib : ClockP_nortos.obj (.rodata.str1.39419159632632580371)
                  7004f97e    0000002e     BQ25751.o (.rodata.str1.9421605849956869534.1)
                  7004f9ac    0000002d     BQ25751.o (.rodata.str1.2732527716459040101.1)
                  7004f9d9    0000002d     BQ25751.o (.rodata.str1.3951025446691905541.1)
                  7004fa06    0000002d     BQ25751.o (.rodata.str1.7897313143695813649.1)
                  7004fa33    0000002d     BQ25751.o (.rodata.str1.8312350936966051270.1)
                  7004fa60    0000002c     drivers.am263px.r5f.ti-arm-clang.release.lib : i2c_v1.obj (.rodata.I2C_defaultTransaction)
                  7004fa8c    0000002c     BQ25751.o (.rodata.str1.1275194715022805712.1)
                  7004fab8    0000002c     BQ25751.o (.rodata.str1.12868114523665019615.1)
                  7004fae4    0000002c     BQ25751.o (.rodata.str1.14774090551701140490.1)
                  7004fb10    0000002c     BQ25751.o (.rodata.str1.1820889172356602547.1)
                  7004fb3c    0000002c     BQ25751.o (.rodata.str1.453300746779397769.1)
                  7004fb68    0000002c     BQ25751.o (.rodata.str1.7430776718305622844.1)
                  7004fb94    0000002b     BQ25751.o (.rodata.str1.16455321582865690357.1)
                  7004fbbf    0000002b     BQ25751.o (.rodata.str1.5958878973536578819.1)
                  7004fbea    0000002a     BQ25751.o (.rodata.str1.15589734765688486271.1)
                  7004fc14    0000002a     logger.o (.rodata.str1.6697840596852582545.1)
                  7004fc3e    0000002a     nortos.am263px.r5f.ti-arm-clang.release.lib : DebugP_log.obj (.rodata.str1.8882360920750446361)
                  7004fc68    00000028     ti_drivers_open_close.o (.rodata.str1.1596297266130340916.1)
                  7004fc90    00000028     ti_drivers_open_close.o (.rodata.str1.16112177131852734107.1)
                  7004fcb8    00000028     BQ25751.o (.rodata.str1.7152872178121443324.1)
                  7004fce0    00000027     nortos.am263px.r5f.ti-arm-clang.release.lib : ClockP_nortos_r5.obj (.rodata.str1.91622226613999981811)
                  7004fd07    00000026     BQ25751.o (.rodata.str1.14581448127847459194.1)
                  7004fd2d    00000025     ti_board_open_close.o (.rodata.str1.12245025114167949655.1)
                  7004fd52    00000025     ti_drivers_open_close.o (.rodata.str1.7750254725308216577.1)
                  7004fd77    00000024     BQ25751.o (.rodata.str1.1271360048684525176.1)
                  7004fd9b    00000024     testing.o (.rodata.str1.1448113453728135492.1)
                  7004fdbf    00000024     drivers.am263px.r5f.ti-arm-clang.release.lib : edma.obj (.rodata.str1.164918382464449145851)
                  7004fde3    00000023     ti_drivers_open_close.o (.rodata.str1.10490786615736436564.1)
                  7004fe06    00000023     BQ25751.o (.rodata.str1.12958517175328886002.1)
                  7004fe29    00000023     nortos.am263px.r5f.ti-arm-clang.release.lib : ClockP_nortos_r5.obj (.rodata.str1.136646522816104227591)
                  7004fe4c    00000023     drivers.am263px.r5f.ti-arm-clang.release.lib : soc_rcm.obj (.rodata.str1.15813086600912413471)
                  7004fe6f    00000023     ti_board_open_close.o (.rodata.str1.760704006985994805.1)
                  7004fe92    00000022     drivers.am263px.r5f.ti-arm-clang.release.lib : edma.obj (.rodata.str1.6611792697437713481)
                  7004feb4    00000021     nortos.am263px.r5f.ti-arm-clang.release.lib : ClockP_nortos_r5.obj (.rodata.str1.99041146818411950391)
                  7004fed5    00000003     BQ25751.o (.rodata.str1.10106629780682049060.1)
                  7004fed8    00000020     drivers.am263px.r5f.ti-arm-clang.release.lib : uart_v0_lld.obj (.rodata.cst32)
                  7004fef8    00000020     PDMtesting.o (.rodata.str1.10015848951539402881.1)
                  7004ff18    00000020     drivers.am263px.r5f.ti-arm-clang.release.lib : uart_v0.obj (.rodata.str1.150767988884773108331)
                  7004ff38    0000001f     board.o (.rodata.str1.10881007155619371109.1)
                  7004ff57    0000001f     board.o (.rodata.str1.123550804358397101.1)
                  7004ff76    0000001f     board.o (.rodata.str1.13738757807042593414.1)
                  7004ff95    0000001f     board.o (.rodata.str1.14465880841147386111.1)
                  7004ffb4    0000001f     logger.o (.rodata.str1.14867204177169952558.1)
                  7004ffd3    0000001f     board.o (.rodata.str1.1510811462892085231.1)
                  7004fff2    0000001f     board.o (.rodata.str1.16077883977509950417.1)
                  70050011    0000001f     board.o (.rodata.str1.1696272589420159480.1)
                  70050030    0000001f     board.o (.rodata.str1.18250802514644841805.1)
                  7005004f    0000001f     nortos.am263px.r5f.ti-arm-clang.release.lib : SemaphoreP_nortos.obj (.rodata.str1.25281168886080794691)
                  7005006e    0000001f                                                 : ClockP_nortos_r5.obj (.rodata.str1.25349503636762439021)
                  7005008d    0000001f     board.o (.rodata.str1.5436337271421848948.1)
                  700500ac    0000001f     board.o (.rodata.str1.673658226405435322.1)
                  700500cb    0000001f     ti_drivers_open_close.o (.rodata.str1.871795152488895636.1)
                  700500ea    0000001f     board.o (.rodata.str1.9045895231722895584.1)
                  70050109    0000001f     board.o (.rodata.str1.9461189164499355904.1)
                  70050128    0000001e     board.o (.rodata.str1.10345935079445805060.1)
                  70050146    0000001e     drivers.am263px.r5f.ti-arm-clang.release.lib : mcspi_v0.obj (.rodata.str1.144400815220210358851)
                  70050164    0000001e     board.o (.rodata.str1.6418571003999367838.1)
                  70050182    0000001e     board.o (.rodata.str1.6840234256597642108.1)
                  700501a0    0000001e     board.o (.rodata.str1.9453984286452795027.1)
                  700501be    0000001d     nortos.am263px.r5f.ti-arm-clang.release.lib : TimerP_rti_priv.obj (.rodata.str1.114219152040444562951)
                  700501db    0000001d                                                 : TimerP_rti_priv.obj (.rodata.str1.125174968193178473681)
                  700501f8    0000001d     ti_drivers_open_close.o (.rodata.str1.13083909648175487149.1)
                  70050215    0000001d     drivers.am263px.r5f.ti-arm-clang.release.lib : uart_v0.obj (.rodata.str1.142814395268246240721)
                  70050232    0000001d                                                  : mcspi_v0.obj (.rodata.str1.171925388543524077211)
                  7005024f    0000001d     nortos.am263px.r5f.ti-arm-clang.release.lib : TimerP_rti_priv.obj (.rodata.str1.27974953896521033811)
                  7005026c    0000001c     BQ25751.o (.rodata..Lswitch.table.BQ25751_read_faults)
                  70050288    0000001c     logger.o (.rodata.str1.10253156068257962407.1)
                  700502a4    0000001c     logger.o (.rodata.str1.12893940535876439382.1)
                  700502c0    0000001c     logger.o (.rodata.str1.16946937258229686214.1)
                  700502dc    0000001b     logger.o (.rodata.str1.10289081750774512625.1)
                  700502f7    0000001b     drivers.am263px.r5f.ti-arm-clang.release.lib : edma.obj (.rodata.str1.16266241636797238661)
                  70050312    0000001b     nortos.am263px.r5f.ti-arm-clang.release.lib : ClockP_nortos.obj (.rodata.str1.47646432807403639741)
                  7005032d    0000001b     ti_drivers_open_close.o (.rodata.str1.5509699957385355460.1)
                  70050348    0000001b     logger.o (.rodata.str1.6452265960373237926.1)
                  70050363    0000001a     drivers.am263px.r5f.ti-arm-clang.release.lib : edma.obj (.rodata.str1.124702968117785801901)
                  7005037d    0000001a     nortos.am263px.r5f.ti-arm-clang.release.lib : ClockP_nortos_r5.obj (.rodata.str1.133203246495064227641)
                  70050397    0000001a     drivers.am263px.r5f.ti-arm-clang.release.lib : soc_rcm.obj (.rodata.str1.153801437654618082741)
                  700503b1    0000001a                                                  : mcspi_v0.obj (.rodata.str1.169212516063846095031)
                  700503cb    0000001a                                                  : i2c_v1.obj (.rodata.str1.65627606760091541251)
                  700503e5    0000001a     board.o (.rodata.str1.9440741161207462191.1)
                  700503ff    0000001a     drivers.am263px.r5f.ti-arm-clang.release.lib : mcspi_v0.obj (.rodata.str1.99640994410596514241)
                  70050419    00000019     ti_drivers_open_close.o (.rodata.str1.14059614886583751700.1)
                  70050432    00000019     nortos.am263px.r5f.ti-arm-clang.release.lib : TimerP_rti_priv.obj (.rodata.str1.160914699991520874261)
                  7005044b    00000019     ti_drivers_open_close.o (.rodata.str1.7332975063418302059.1)
                  70050464    00000018     drivers.am263px.r5f.ti-arm-clang.release.lib : soc.obj (.rodata..Lswitch.table.SOC_getAdcReferenceStatus)
                  7005047c    00000004     nortos.am263px.r5f.ti-arm-clang.release.lib : CacheP_armv7r.obj (.rodata.gCacheL1dCacheLineSize)
                  70050480    00000018     drivers.am263px.r5f.ti-arm-clang.release.lib : i2c_v1_lld.obj (.rodata.I2C_lld_defaultMessage)
                  70050498    00000018                                                  : soc_rcm.obj (.rodata.gControlssPllClkSrcValMap)
                  700504b0    00000018                                                  : soc_rcm.obj (.rodata.gCptsClkSrcValMap)
                  700504c8    00000018                                                  : soc_rcm.obj (.rodata.gI2cClkSrcValMap)
                  700504e0    00000018                                                  : soc_rcm.obj (.rodata.gLinUartClkSrcValMap)
                  700504f8    00000018                                                  : soc_rcm.obj (.rodata.gPeripheralClkSrcInfoMap)
                  70050510    00000018                                                  : soc_rcm.obj (.rodata.gRtiClkSrcValMap)
                  70050528    00000018                                                  : soc_rcm.obj (.rodata.gWdtClkSrcValMap)
                  70050540    00000018                                                  : i2c_v1.obj (.rodata.str1.10394555129776590081)
                  70050558    00000018                                                  : i2c_v1.obj (.rodata.str1.145046381417982596211)
                  70050570    00000018                                                  : i2c_v1.obj (.rodata.str1.146157486204483244751)
                  70050588    00000018     logger.o (.rodata.str1.516959638814628545.1)
                  700505a0    00000018     logger.o (.rodata.str1.5671237403414969566.1)
                  700505b8    00000018     BQ25751.o (.rodata.str1.7886701266418031715.1)
                  700505d0    00000018     logger.o (.rodata.str1.887488774559121338.1)
                  700505e8    00000018     drivers.am263px.r5f.ti-arm-clang.release.lib : uart_v0.obj (.rodata.str1.9069738176458784971)
                  70050600    00000018     logger.o (.rodata.str1.998270875404085501.1)
                  70050618    00000017     ADS_adc.o (.rodata.str1.10043506777178288082.1)
                  7005062f    00000017     logger.o (.rodata.str1.10127394157737690499.1)
                  70050646    00000017     drivers.am263px.r5f.ti-arm-clang.release.lib : soc_rcm.obj (.rodata.str1.141251745167226470741)
                  7005065d    00000017     ti_drivers_open_close.o (.rodata.str1.1628183244885117158.1)
                  70050674    00000017     BQ25751.o (.rodata.str1.2479029312867807955.1)
                  7005068b    00000017     logger.o (.rodata.str1.9485715002722841782.1)
                  700506a2    00000016     PDMtesting.o (.rodata.str1.10577412323663350067.1)
                  700506b8    00000016     drivers.am263px.r5f.ti-arm-clang.release.lib : soc_rcm.obj (.rodata.str1.107645048611228328791)
                  700506ce    00000016     PDMtesting.o (.rodata.str1.12143205621091433229.1)
                  700506e4    00000016     logger.o (.rodata.str1.1246197995540081341.1)
                  700506fa    00000016     logger.o (.rodata.str1.14246187852812087945.1)
                  70050710    00000016     drivers.am263px.r5f.ti-arm-clang.release.lib : soc_rcm.obj (.rodata.str1.177369307189295936511)
                  70050726    00000016                                                  : soc_rcm.obj (.rodata.str1.63555232926284281011)
                  7005073c    00000016                                                  : mcspi_v0.obj (.rodata.str1.85423015064808713541)
                  70050752    00000015     ti_drivers_open_close.o (.rodata.str1.11521962449680083383.1)
                  70050767    00000015     BQ25751.o (.rodata.str1.1229531588138316555.1)
                  7005077c    00000015     drivers.am263px.r5f.ti-arm-clang.release.lib : edma.obj (.rodata.str1.149652404363315708211)
                  70050791    00000015     ti_drivers_open_close.o (.rodata.str1.17912154466570466874.1)
                  700507a6    00000015     drivers.am263px.r5f.ti-arm-clang.release.lib : adc.obj (.rodata.str1.20431844208594508061)
                  700507bb    00000015     nortos.am263px.r5f.ti-arm-clang.release.lib : SemaphoreP_nortos.obj (.rodata.str1.30861210816963497001)
                  700507d0    00000015     logger.o (.rodata.str1.8545315102583907144.1)
                  700507e5    00000014     drivers.am263px.r5f.ti-arm-clang.release.lib : mcspi_v0_lld.obj (.rodata.str1.147988882001261723701)
                  700507f9    00000014                                                  : edma.obj (.rodata.str1.176595599180530855901)
                  7005080d    00000014                                                  : mcspi_v0.obj (.rodata.str1.34611452835214624521)
                  70050821    00000014     ti_drivers_open_close.o (.rodata.str1.3622116258035701796.1)
                  70050835    00000014     drivers.am263px.r5f.ti-arm-clang.release.lib : edma.obj (.rodata.str1.41785049815304208531)
                  70050849    00000014                                                  : edma.obj (.rodata.str1.93700429500326477781)
                  7005085d    00000013                                                  : soc_rcm.obj (.rodata.str1.30734103837947208761)
                  70050870    00000013     testing.o (.rodata.str1.761491514650110821.1)
                  70050883    00000013     testing.o (.rodata.str1.8954517940817656586.1)
                  70050896    00000013     drivers.am263px.r5f.ti-arm-clang.release.lib : uart_v0.obj (.rodata.str1.9980655952161290391)
                  700508a9    00000012     BQ25751.o (.rodata.str1.15351948885430041794.1)
                  700508bb    00000012     drivers.am263px.r5f.ti-arm-clang.release.lib : uart_v0.obj (.rodata.str1.166492982902436568231)
                  700508cd    00000012                                                  : uart_v0.obj (.rodata.str1.171120843061886446841)
                  700508df    00000012                                                  : edma.obj (.rodata.str1.41579851849113419871)
                  700508f1    00000012     ti_drivers_open_close.o (.rodata.str1.6538372684047993024.1)
                  70050903    00000012     drivers.am263px.r5f.ti-arm-clang.release.lib : soc_rcm.obj (.rodata.str1.67217821191364965911)
                  70050915    00000011                                                  : edma.obj (.rodata.str1.117215064595961288031)
                  70050926    00000011     ti_drivers_open_close.o (.rodata.str1.12213835641041270557.1)
                  70050937    00000011     logger.o (.rodata.str1.13406532556922755089.1)
                  70050948    00000011     drivers.am263px.r5f.ti-arm-clang.release.lib : uart_v0.obj (.rodata.str1.16967668833904919061)
                  70050959    00000011                                                  : edma.obj (.rodata.str1.28692048193800818901)
                  7005096a    00000011     nortos.am263px.r5f.ti-arm-clang.release.lib : ClockP_nortos.obj (.rodata.str1.37923443167824241621)
                  7005097b    00000011                                                 : TimerP_rti_priv.obj (.rodata.str1.44101942245516082551)
                  7005098c    00000011     logger.o (.rodata.str1.4633242734696342979.1)
                  7005099d    00000011     ti_drivers_open_close.o (.rodata.str1.6292539624901818759.1)
                  700509ae    00000011     BQ25751.o (.rodata.str1.9017280232647772979.1)
                  700509bf    00000001     --HOLE-- [fill = 0]
                  700509c0    00000010     drivers.am263px.r5f.ti-arm-clang.release.lib : soc.obj (.rodata.cst16)
                  700509d0    00000010                                                  : mcspi_v0.obj (.rodata.str1.153145657127816401141)
                  700509e0    00000010     ti_drivers_open_close.o (.rodata.str1.15574074207268991336.1)
                  700509f0    00000010     drivers.am263px.r5f.ti-arm-clang.release.lib : edma.obj (.rodata.str1.18778444954996405781)
                  70050a00    00000010                                                  : i2c_v1.obj (.rodata.str1.55879311564180241041)
                  70050a10    00000010     ti_drivers_open_close.o (.rodata.str1.6437641722977580707.1)
                  70050a20    0000000f     drivers.am263px.r5f.ti-arm-clang.release.lib : edma.obj (.rodata.str1.111354322338949310841)
                  70050a2f    0000000f                                                  : edma.obj (.rodata.str1.144551280152329776181)
                  70050a3e    0000000f                                                  : i2c_v1.obj (.rodata.str1.20248951868514646131)
                  70050a4d    0000000f                                                  : edma.obj (.rodata.str1.2759273541325923811)
                  70050a5c    0000000f                                                  : mcspi_v0.obj (.rodata.str1.43973954253821070511)
                  70050a6b    0000000f     board.o (.rodata.str1.834004997606947946.1)
                  70050a7a    0000000f     drivers.am263px.r5f.ti-arm-clang.release.lib : edma.obj (.rodata.str1.92547749779646142691)
                  70050a89    0000000e                                                  : edma.obj (.rodata.str1.19244332700943948511)
                  70050a97    0000000e                                                  : edma.obj (.rodata.str1.46057082369026546831)
                  70050aa5    0000000e                                                  : edma.obj (.rodata.str1.46782315602798139861)
                  70050ab3    0000000e     ti_drivers_open_close.o (.rodata.str1.5205884736402799790.1)
                  70050ac1    0000000d     ti_drivers_open_close.o (.rodata.str1.10450075619424269387.1)
                  70050ace    0000000d     drivers.am263px.r5f.ti-arm-clang.release.lib : edma.obj (.rodata.str1.121775923823351643201)
                  70050adb    0000000d     ti_drivers_open_close.o (.rodata.str1.16905510790704221133.1)
                  70050ae8    0000000d     nortos.am263px.r5f.ti-arm-clang.release.lib : TimerP_rti_priv.obj (.rodata.str1.31870447354226168941)
                  70050af5    0000000d     drivers.am263px.r5f.ti-arm-clang.release.lib : adc.obj (.rodata.str1.70150695697723348971)
                  70050b02    0000000d     testing.o (.rodata.str1.9119961215068324276.1)
                  70050b0f    00000001     --HOLE-- [fill = 0]
                  70050b10    0000000c     drivers.am263px.r5f.ti-arm-clang.release.lib : mcspi_v0_lld.obj (.rodata..Lswitch.table.MCSPI_lld_controllerIsr.1)
                  70050b1c    0000000c                                                  : mcspi_v0_lld.obj (.rodata..Lswitch.table.MCSPI_lld_controllerIsr)
                  70050b28    0000000c                                                  : soc.obj (.rodata..Lswitch.table.SOC_enableAdcReferenceMonitor)
                  70050b34    0000000c     logger.o (.rodata..Lswitch.table.print_log)
                  70050b40    0000000c     nortos.am263px.r5f.ti-arm-clang.release.lib : ClockP_nortos_r5.obj (.rodata.str1.177642182983587376931)
                  70050b4c    0000000c     drivers.am263px.r5f.ti-arm-clang.release.lib : mcspi_v0.obj (.rodata.str1.69169362540279301091)
                  70050b58    0000000c                                                  : edma.obj (.rodata.str1.73371482538137472541)
                  70050b64    0000000c     logger.o (.rodata.str1.7498274428696469886.1)
                  70050b70    0000000b     board.o (.rodata.str1.15102135329570516791.1)
                  70050b7b    0000000b     drivers.am263px.r5f.ti-arm-clang.release.lib : mcspi_v0.obj (.rodata.str1.169287378047891341191)
                  70050b86    0000000b                                                  : uart_v0.obj (.rodata.str1.174466331461201984741)
                  70050b91    0000000b                                                  : uart_v0.obj (.rodata.str1.23952661867579505821)
                  70050b9c    0000000b                                                  : mcspi_v0.obj (.rodata.str1.248655060218483491)
                  70050ba7    0000000b                                                  : edma.obj (.rodata.str1.8716574913843167321)
                  70050bb2    0000000a                                                  : soc_rcm.obj (.rodata.str1.102656642322745120751)
                  70050bbc    0000000a                                                  : edma.obj (.rodata.str1.11281620503267214511)
                  70050bc6    0000000a     logger.o (.rodata.str1.13114922096505101489.1)
                  70050bd0    0000000a     drivers.am263px.r5f.ti-arm-clang.release.lib : uart_v0.obj (.rodata.str1.4680544719311723101)
                  70050bda    0000000a                                                  : uart_v0.obj (.rodata.str1.62285611621840673441)
                  70050be4    0000000a                                                  : edma.obj (.rodata.str1.94390198658697638781)
                  70050bee    0000000a                                                  : i2c_v1.obj (.rodata.str1.97456980245303321621)
                  70050bf8    0000000a                                                  : uart_v0.obj (.rodata.str1.98976386761529848021)
                  70050c02    00000009     libc.a : _scanfi.c.obj (.rodata.str1.12964984209033246150.1)
                  70050c0b    00000009     drivers.am263px.r5f.ti-arm-clang.release.lib : i2c_v1.obj (.rodata.str1.60490558749180274121)
                  70050c14    00000008     libc.a : _scanfi.c.obj (.rodata..L__const._sproc_float.special)
                  70050c1c    00000008     logger.o (.rodata.str1.11411971380641413352.1)
                  70050c24    00000008     logger.o (.rodata.str1.3193577328096652195.1)
                  70050c2c    00000006     libc.a : _scanfi.c.obj (.rodata._sproc_int.barr)
                  70050c32    00000006     drivers.am263px.r5f.ti-arm-clang.release.lib : soc_rcm.obj (.rodata.str1.53743240983164125611)
                  70050c38    00000006     logger.o (.rodata.str1.9978879681667430888.1)
                  70050c3e    00000005     BQ25751.o (.rodata.str1.12421258905385577217.1)
                  70050c43    00000005     BQ25751.o (.rodata.str1.13909236871274729330.1)
                  70050c48    00000005     nortos.am263px.r5f.ti-arm-clang.release.lib : printf.obj (.rodata.str1.143852280595428356391)
                  70050c4d    00000005                                                 : printf.obj (.rodata.str1.23318557076440195721)
                  70050c52    00000005     logger.o (.rodata.str1.5950550609978457137.1)
                  70050c57    00000001     --HOLE-- [fill = 0]
                  70050c58    00000004     nortos.am263px.r5f.ti-arm-clang.release.lib : CacheP_armv7r.obj (.rodata.gCacheL1pCacheLineSize)
                  70050c5c    00000004     logger.o (.rodata.str1.11268383079938446260.1)
                  70050c60    00000004     nortos.am263px.r5f.ti-arm-clang.release.lib : printf.obj (.rodata.str1.122320159353749299121)
                  70050c64    00000004     BQ25751.o (.rodata.str1.13505117214245943287.1)
                  70050c68    00000004     logger.o (.rodata.str1.14780196379335289893.1)
                  70050c6c    00000004     libc.a : _scanfi.c.obj (.rodata.str1.3403580589742030990.1)
                  70050c70    00000004     nortos.am263px.r5f.ti-arm-clang.release.lib : printf.obj (.rodata.str1.81101573233442303481)
                  70050c74    00000003     PDMtesting.o (.rodata.str1.1094412632907578887.1)
                  70050c77    00000009     --HOLE-- [fill = 0]

.bss       0    70050c80    000028a0     UNINITIALIZED
                  70050c80    00000c80     (.common:logs)
                  70051900    00000808     (.common:gHwiCtrl)
                  70052108    00000770     ti_drivers_config.o (.bss.gMcspiObjects)
                  70052878    00000428     ti_drivers_config.o (.bss.gI2cObjects)
                  70052ca0    00000368     ti_drivers_config.o (.bss.gUartObjects)
                  70053008    00000120     libsysbm.a : trgmsg.c.obj (.bss:_CIOBUF_)
                  70053128    000000e8     ti_drivers_config.o (.bss.gEdmaObjects)
                  70053210    000000c0     (.common:intr_objects)
                  700532d0    000000ac     ti_board_open_close.o (.bss.Board_ioexpOpen.gTCA6424_Config)
                  7005337c    000000a0     libc.a : defs.c.obj (.bss.__TI_tmpnams)
                  7005341c    00000090     (.common:gDebugShmLogReaderCtrl)
                  700534ac    00000004     nortos.am263px.r5f.ti-arm-clang.release.lib : HwiP_armv7r_vim.obj (.bss.gdummy)
                  700534b0    00000038     (.common:gClockCtrl)
                  700534e8    00000010     (.common:virtToPhymap)
                  700534f8    00000008     libsysbm.a : hostopen.c.obj (.bss.parmbuf)
                  70053500    00000008     (.common:gI2cHandle)
                  70053508    00000008     (.common:gMcspiHandle)
                  70053510    00000004     libc.a : memory.c.obj (.bss.sys_free)
                  70053514    00000004     (.common:gEdmaHandle)
                  70053518    00000004     (.common:gUartHandle)
                  7005351c    00000002     PDMtesting.o (.bss.PDM_testing.user_input_test_number)
                  7005351e    00000002     --HOLE--

.sysmem    0    70053520    00008000     UNINITIALIZED
                  70053520    00000010     libc.a : memory.c.obj (.sysmem)
                  70053530    00007ff0     --HOLE--

[...]
70048500  __udivmoddi4                       
70048619  SOC_rcmGetPeripheralClockFrequency 
7004872d  UART_lld_write                     
7004883b  init_gpio                          
70048a4d  UART_read                          
70048c5b  ClockP_init                        
70048d5f  TaskP_yield                        
70048d61  UART_lld_dmaWrite                  
70048e65  MCSPI_close                        
70048f65  PDM_testing                        
70049065  UART_write                         
70049161  MCSPI_lld_initDma                  
70049254  fputc                              
7004942b  MCSPI_lld_readWriteDma             
70049511  GPIO_bankIsrFxn                    
700496bd  print_log                          
70049791  EDMA_unregisterIntr                
70049861  GPIO_deinit                        
70049931  UART_lld_initDma                   
700499fc  getdevice                          
70049ac5  I2C_lld_mem_write                  
70049c4d  MCSPI_lld_init                     
70049d11  I2C_lld_mem_read                   
70049dd1  UART_lld_init                      
70049e91  TCA6424_config                     
70049f4f  TCA6424_setOutput                  
7004a00d  EDMA_registerIntr                  
7004a0c8  fseeko                             
7004a17d  BQ25751_read_reg                   
7004a230  __TI_closefile                     
7004a4e9  DebugP_readLine                    
7004a637  UART_lld_read                      
7004a783  init_global_interrupts             
7004a829  I2C_close                          
7004a8cd  I2C_lld_mem_readIntr               
7004a971  I2C_lld_mem_writeIntr              
7004aab9  EDMA_freeDmaChannel                
7004ab59  EDMA_freeParam                     
7004abf9  EDMA_freeTcc                       
7004ac98  HOSTrename                         
7004ad39  UART_lld_dmaRead                   
7004add9  UART_lld_readIntr                  
7004ae74  __TI_wrt_ok                        
7004af11  Board_ioexpOpen                    
7004afac  HOSTlseek                          
7004b0dd  SemaphoreP_pend                    
7004b173  EDMA_configureChannelRegion        
7004b208  HOSTopen                           
7004b29d  I2C_lld_init                       
7004b331  SPI_ReadWrite                      
7004b3c5  UART_lld_readWithCounter           
7004b459  Drivers_open                       
7004b607  MCSPI_lld_peripheralIsr            
7004b694  close                              
7004b721  i2c_read_error_handler             
7004b7ad  ADC_setPPBTripLimits               
7004b835  BQ25751_write_reg                  
7004b8bd  UART_init                          
7004b945  UART_procLineStatusErr             
7004b9cc  __TI_doflush                       
7004ba54  HOSTread                           
7004bad8  HOSTwrite                          
7004bbe1  EDMA_close                         
7004bc61  UART_flushTxFifo                   
7004bce1  Drivers_mcspiOpen                  
7004be5b  Drivers_i2cOpen                    
7004bed7  MCSPI_initiateLastChunkTransfer    
7004bf51  MCSPI_init                         
7004c03f  BQ25751_read_faults                
7004c123  MCSPI_stop                         
7004c195  MCSPI_lld_dmaStop                  
7004c205  EDMA_disableTransferRegion         
7004c273  EDMA_enableTransferRegion          
7004c2e0  HOSTunlink                         
7004c34d  UART_lld_writeDma                  
7004c3b9  UART_lld_readDma                   
7004c421  UART_lld_writeIntr                 
7004c488  atoi                               
7004c4f1  digitalWrite                       
7004c559  CycleCounterP_init                 
7004c569  CycleCounterP_reset                
7004c58d  CycleCounterP_nsToTicks            
7004c5b9  CycleCounterP_enableUserAccess     
7004c5c1  SOC_controlModuleUnlockMMR         
7004c625  add_log                            
7004c689  init_interrupt                     
7004c6ec  HOSTclose                          
7004c74d  ClockP_timerTickIsr                
7004c7ab  MCSPI_setChDataSize                
7004c809  GPIO_setTrigType                   
7004c8c1  SOC_controlModuleLockMMR           
7004c91d  _DebugP_assert                     
7004c9d0  __TI_cleanup                       
7004ca28  __TI_readmsg                       
7004ca80  __TI_writemsg                      
7004cacc  C$$IO$$                            
7004cad9  print_pending_logs                 
7004cb31  ClockP_getTimeUsec                 
7004cb87  UART_intrDisable                   
7004cbdd  UART_readCancelNoCB                
7004cc33  UART_writeCancelNoCB               
7004cc89  Dpl_init                           
7004ccdc  exit                               
7004cd30  finddevice                         
7004cd84  __TI_auto_init_nobinit_nopinit     
7004cdd9  AddrTranslateP_getLocalAddr        
7004ce7d  MCSPI_lld_deInitDma                
7004cecf  ClockP_construct                   
7004cf21  EDMA_allocDmaChannel               
7004cf71  EDMA_allocParam                    
7004cfc1  EDMA_allocTcc                      
7004d05f  Drivers_edmaOpen                   
7004d0ad  Drivers_uartOpen                   
7004d0fb  EDMA_disableChInShadowRegRegion    
7004d149  MCSPI_transferCallback             
7004d1e1  SOC_enableAdcReferenceMonitor      
7004d22d  SOC_enableAdcGlobalForce           
7004d275  SOC_enableAdcInternalReference     
7004d304  unlink                             
7004d3d9  SOC_getAdcReferenceStatus          
7004d41d  UART_Params_init                   
7004d461  UART_lld_deInitDma                 
7004d4a5  ClockP_stop                        
7004d4e5  EDMA_mapChToEvtQ                   
7004d525  Pinmux_config                      
7004d565  SemaphoreP_constructBinary         
7004d5a5  UART_lld_deInit                    
7004d663  SemaphoreP_constructMutex          
7004d6a1  EDMA_getBaseAddr                   
7004d719  ClockP_destruct                    
7004d753  DebugP_uartLogWriterPutChar        
7004d78d  Module_clockSetFrequency           
7004d7c7  TCA6424_open                       
7004d801  UART_lld_flushTxFifo               
7004d875  _DebugP_logZone                    
7004d8ac  CycleCounterP_getCount32           
7004d8b4  PmuP_setup                         
7004d8bc  PmuP_enableCounters                
7004d8c4  PmuP_disableCounters               
7004d8cc  PmuP_getOverflowStatus             
7004d8d4  PmuP_clearOverflowStatus           
7004d8dc  PmuP_setUserEnable                 
7004d8e5  EDMA_clrMissEvtRegion              
7004d91b  ClockP_start                       
7004d951  I2C_init                           
7004d985  MCSPI_errorCallback                
7004d9b9  Module_clockDisable                
7004d9ed  Module_clockEnable                 
7004da21  SOC_enableAdcDacLoopback           
7004dabc  lseek                              
7004daf0  write                              
7004db25  ClockP_usleep                      
7004db57  EDMA_unmapChToEvtQ                 
7004db89  SemaphoreP_post                    
7004dbbb  DebugP_scanf                       
7004dc4d  adc_to_current_LM74930             
7004dc7d  EDMA_enableChInShadowRegRegion     
7004dcab  I2C_lld_deInit                     
7004dcd9  System_init                        
7004dd35  DebugP_shmLogReaderInit            
7004dd61  I2C_getHandle                      
7004dd8d  SOC_rcmGetR5Clock                  
7004ddb9  UART_getHandle                     
7004dde5  adc_to_current_HSS_MB              
7004de11  adc_to_current_TPS                 
7004de3c  vsscanf                            
7004de91  GPIO_setDirMode                    
7004dee1  SOC_moduleSetClockFrequency        
7004df09  read_ext_ADC                       
7004df31  ClockP_sleep                       
7004df57  EDMA_setPaRAM                      
7004df7d  I2C_lld_transferIntr               
7004dfa3  I2C_lld_transferPoll               
7004dfc9  UART_lld_dmaDisableChannel         
7004e080  __aeabi_uldivmod                   
7004e0a5  int_adc_to_voltage                 
7004e0c9  vprintf_                           
7004e0ed  EDMA_linkChannel                   
7004e131  System_deinit                      
7004e153  print_logs                         
7004e175  DebugP_logZoneEnable               
7004e195  I2C_lld_Message_init               
7004e1d5  TimerP_Params_initPriv             
7004e1f5  UART_getChar                       
7004e215  Board_driversOpen                  
7004e233  TCA6424_close                      
7004e251  UART_spaceAvail                    
7004e2e1  MCSPI_lld_deInit                   
7004e2fd  SOC_rcmIsR5FInLockStepMode         
7004e335  main                               
7004e388  TI_memcpy_small                    
7004e3a5  CSL_armR5GetCpuID                  
7004e3bf  EDMA_readEventStatusRegion         
7004e3f5  I2C_deinit                         
7004e40d  MCSPI_deinit                       
7004e425  MCSPI_lld_dmaInit                  
7004e43d  TimerP_getCountPriv                
7004e455  UART_deinit                        
7004e46d  clear_logs                         
7004e484  TI_memset_small                    
7004e49d  I2C_lld_Transaction_init           
7004e4b3  MCSPI_reset                        
7004e4c9  UART_IsTxRxFifoEmpty               
7004e4df  UART_getIntrIdentityStatus         
7004e50b  ClockP_usecToTicks                 
7004e51f  EDMA_getRegionId                   
7004e533  UART_Transaction_init              
7004e55b  ADC_setMode                        
7004e591  UART_operatingModeSelect           
7004e5a3  UART_readLineStatus                
7004e5b5  putchar_                           
7004e5c7  GPIO_bankIntrDisable               
7004e5d7  UART_intr2Disable                  
7004e5e8  __aeabi_memset                     
7004e5e8  __aeabi_memset4                    
7004e5e8  __aeabi_memset8                    
7004e608  putchar                            
7004e619  EDMA_ccPaRAMEntry_init             
7004e627  GPIO_bankIntrEnable                
7004e643  Pinmux_init                        
7004e651  PowerClock_init                    
7004e65f  ClockP_getTicks                    
7004e66b  DebugP_uartSetDrvIndex             
7004e677  EDMA_isInitialized                 
7004e685  I2C_Transaction_init               
7004e691  SOC_getSelfCpuClk                  
7004e69d  TCA6424_Params_init                
7004e6a8  __aeabi_errno_addr                 
7004e6b4  __aeabi_memclr                     
7004e6b4  __aeabi_memclr4                    
7004e6b4  __aeabi_memclr8                    
7004e6c0  malloc                             
7004e6cc  CSL_armR5ReadMpidrReg              
7004e6d8  C$$EXIT                            
7004e6d8  HOSTexit                           
7004e6ed  ClockP_Params_init                 
7004e6f7  ClockP_isActive                    
7004e701  TimerP_getReloadCountPriv          
7004e70b  TimerP_startPriv                   
7004e715  UART_lld_Transaction_deInit        
7004e71f  TimerP_clearOverflowIntPriv        
7004e72f  EDMA_isInterruptEnabled            
7004e735  SOC_moduleClockEnable              
7004e741  ClockP_timerClearOverflowInt       
7004e745  PowerClock_deinit                  
7004e749  TimerP_Params_init                 
7004e74d  TimerP_clearOverflowInt            
7004e751  TimerP_getCount                    
7004e755  TimerP_getReloadCount              
7004e759  TimerP_setup                       
7004e75d  TimerP_start                       
7004e760  __aeabi_idiv0                      
7004e764  __aeabi_ldiv0                      
7004e768  __aeabi_memcpy                     
7004e768  __aeabi_memcpy4                    
7004e768  __aeabi_memcpy8                    
7004e76c  _nop                               
7004e770  fseek                              
7004e774  remove                             
7004e7a0  test_results                       
7004ec50  __aeabi_ctype_table_               
7004ec50  __aeabi_ctype_table_C              
7004ed51  test_cases                         
7004eee4  gCacheConfig                       
7004eeec  gMpuConfig                         
7004eef8  gMpuRegionConfig                   
7004f000  gADPLLJConfigTbl                   
7004fa60  I2C_defaultTransaction             
7005047c  gCacheL1dCacheLineSize             
70050480  I2C_lld_defaultMessage             
700504f8  gPeripheralClkSrcInfoMap           
70050c58  gCacheL1pCacheLineSize             
70050c80  __BSS_START                        
70050c80  logs                               
70051900  gHwiCtrl                           
70053008  _CIOBUF_                           
70053008  __CIOBUF_                          
70053210  intr_objects                       
7005337c  __TI_tmpnams                       
7005341c  gDebugShmLogReaderCtrl             
700534b0  gClockCtrl                         
700534e8  virtToPhymap                       
700534f8  parmbuf                            
70053500  gI2cHandle                         
70053508  gMcspiHandle                       
70053514  gEdmaHandle                        
70053518  gUartHandle                        
70053520  __BSS_END                          
70053520  _sys_memory                        
7005b520  __stack                            
7005f520  __STACK_END                        
7005f521  HwiP_enableInt                     
7005f549  HwiP_disableInt                    
7005f57b  HwiP_restoreInt                    
7005f5d1  HwiP_clearInt                      
7005f5f1  HwiP_post                          
7005f619  HwiP_Params_init                   
7005f62b  HwiP_construct                     
7005f773  HwiP_destruct                      
7005f845  HwiP_init                          
7005f907  HwiP_inISR                         
7005f923  HwiP_irq_handler_c                 
7005f9a7  HwiP_fiq_handler                   
7005fa57  HwiP_reserved_handler              
7005fa85  HwiP_undefined_handler_c           
7005faa3  HwiP_user_undefined_handler_c      
7005fab7  HwiP_svc_handler                   
7005fae5  HwiP_prefetch_abort_handler_c      
7005fb5f  HwiP_user_prefetch_abort_handler_c 
7005fb6f  HwiP_data_abort_handler_c          
7005fbef  HwiP_user_data_abort_handler_c     
7005fc00  HwiP_irq_handler                   
7005fc74  HwiP_data_abort_handler            
7005fcb8  HwiP_prefetch_abort_handler        
7005fd04  HwiP_undefined_handler             
7005fd34  GET_DFSR                           
7005fd3c  GET_ADFSR                          
7005fd44  GET_DFAR                           
7005fd4c  GET_IFSR                           
7005fd54  GET_AIFSR                          
7005fd5c  GET_IFAR                           
7005fd64  GET_SPSR                           
7005fd7c  HwiP_disable                       
7005fd8c  HwiP_disableFIQ                    
7005fd9c  HwiP_enable                        
7005fdac  HwiP_enableFIQ                     
7005fdbc  HwiP_restore                       
7005fdc4  HwiP_enableVIC                     
7005fdd4  HwiP_disableVIC                    
7005fde4  HwiP_getCPSR                       
7005fdf8  CacheP_disableL1d                  
7005fe20  CacheP_disableL1p                  
7005fe38  CacheP_enableL1d                   
7005fe50  CacheP_enableL1p                   
7005fe68  CacheP_invL1d                      
7005fea0  CacheP_invL1p                      
7005fedc  CacheP_invL1dAll                   
7005fee4  CacheP_invL1pAll                   
7005feec  CacheP_wb                          
7005ff28  CacheP_wbInv                       
7005ff64  CacheP_wbAll                       
7006000c  CacheP_wbInvAll                    
70060024  CacheP_wbInvAllAsm                 
700600c4  CacheP_getEnabled                  
700600fc  CacheP_getCacheLevelInfo           
70060108  CacheP_configForceWrThru           
70060128  CacheP_setDLFO                     
70060139  CacheP_init                        
70060191  CacheP_disable                     
700601cb  CacheP_enable                      
700601eb  CacheP_inv                         
70060229  MpuP_getAttrs                      
70060269  MpuP_RegionAttrs_init              
70060277  MpuP_setRegion                     
700602f1  MpuP_isEnable                      
700602f5  MpuP_disable                       
70060327  MpuP_enable                        
70060363  MpuP_init                          
700603c5  MpuP_isUserAuthorizedToAccessMemory
7006042c  MpuP_disableAsm                    
70060444  MpuP_disableBRAsm                  
70060454  MpuP_enableAsm                     
7006046c  MpuP_enableBRAsm                   
7006047c  MpuP_isEnableAsm                   
70060490  MpuP_setRegionAsm                  
700604b8  _c_int00_sbl                       
700604dc  _c_int00                           
700605fd  _DebugP_assertNoLog                
7006061b  _system_pre_init                   
70060637  __mpu_init                         
70060648  abort                              
70060650  _ftable                            
70060650  gMcspiDmaHandle                    
70060650  gUartDmaHandle                     
70060a84  _device                            
70060afc  intr_pins                          
70060b5c  gUartParams                        
70060bb4  _stream                            
70060c4c  gSpi0ChCfg                         
70060c8c  gSpi1ChCfg                         
70060ccc  gSocModulesClockFrequency          
70060d38  gMcspiOpenParams                   
70060d60  ext_adc0                           
70060d7c  ext_adc1                           
70060d98  gClockConfig                       
70060db0  gI2cParams                         
70060dc8  gSocModules                        
70060ddc  gI2cConfig                         
70060dec  gMcspiConfig                       
70060dfc  __TI_ft_end                        
70060e00  gAddrTranslateConfig               
70060e0c  __TI_cleanup_ptr                   
70060e10  __TI_dtors_ptr                     
70060e14  gConfigMcspiChCfg                  
70060e1c  gEdmaConfig                        
70060e24  gEdmaParams                        
70060e2c  gMcspiDmaChConfig                  
70060e34  gMcspiNumCh                        
70060e44  gUartConfig                        
70060e4c  __aeabi_errno                      
70060e58  _lock                              
70060e5c  _unlock                            
70060e60  gDebugLogZone                      
70060e64  gDebugP_uartDrvIndex               
70060e68  gEdmaConfigNum                     
70060e6c  gHwiConfig                         
70060e70  gI2cConfigNum                      
70060e74  gMcspiConfigNum                    
70060e78  gUartConfigNum                     
70060e7c  gUartDmaChConfig                   
70060e80  test                               
70060e86  logs_length                        
70060e88  isMapAvailable                     
70060e90  __IRQ_STACK_START                  
70060f90  __FIQ_STACK_START                  
70060f90  __IRQ_STACK_END                    
70061090  __FIQ_STACK_END                    
70061090  __SVC_STACK_START                  
70062090  __ABORT_STACK_START                
70062090  __SVC_STACK_END                    
70062190  __ABORT_STACK_END                  
70062190  __UNDEFINED_STACK_START            
70062290  __UNDEFINED_STACK_END              
701d4000  gDebugShmLog                       
ffffffff  __TI_pprof_out_hndl                
ffffffff  __TI_prof_data_size                
ffffffff  __TI_prof_data_start               
ffffffff  __binit__                          
ffffffff  binit                              
UNDEFED   __TI_CINIT_Base                    
UNDEFED   __TI_CINIT_Limit                   
UNDEFED   __TI_Handler_Table_Base            
UNDEFED   __TI_Handler_Table_Limit           
UNDEFED   _system_post_cinit                 

[507 symbols]
