******************************************************************************
            TI ARM Clang Linker PC v4.0.2                      
******************************************************************************
>> Linked Mon Jun  9 17:06:51 2025

OUTPUT FILE NAME:   <second_stage_PDM_testing.out>
ENTRY POINT SYMBOL: "_vectors"  address: 00000000


MEMORY CONFIGURATION

         name            origin    length      used     unused   attr    fill
----------------------  --------  ---------  --------  --------  ----  --------
  R5F_VECS              00000000   00000040  00000040  00000000  RWIX
  R5F_TCMA              00000040   00007fc0  00000000  00007fc0  RWIX
  R5F_TCMB              00080000   00008000  00000000  00008000  RWIX
  MAILBOX_HSM           44000000   000003ce  00000000  000003ce  RWIX
  MAILBOX_R5F           44000400   000003ce  00000000  000003ce  RWIX
  FLASH                 60100000   00080000  00000000  00080000  RWIX
  SBL                   70000000   00040000  00000000  00040000  RWIX
  OCRAM                 70040000   00040000  0001a2b8  00025d48  RWIX
  USER_SHM_MEM          701d0000   00004000  00000000  00004000  RWIX
  LOG_SHM_MEM           701d4000   00004000  00000000  00004000  RWIX
  RTOS_NORTOS_IPC_SHM_M 72000000   00003e80  00000000  00003e80  RWIX


SEGMENT ALLOCATION MAP

run origin  load origin   length   init length attrs members
----------  ----------- ---------- ----------- ----- -------
00000000    00000000    00000040   00000040    r-x
  00000000    00000000    00000040   00000040    r-x .vectors
70040000    70040000    0000d6b8   00000000    rw-
  70040000    70040000    000016b8   00000000    rw- .bss
  700416b8    700416b8    00008000   00000000    rw- .sysmem
  700496b8    700496b8    00004000   00000000    rw- .stack
7004d6c0    7004d6c0    0000b128   0000b128    r-x
  7004d6c0    7004d6c0    000090a0   000090a0    r-x .text
  70056760    70056760    00000f58   00000f58    r-- .rodata
  700576b8    700576b8    000008d8   000008d8    r-x .text.hwi
  70057f90    70057f90    00000430   00000430    r-x .text.cache
  700583c0    700583c0    00000290   00000290    r-x .text.mpu
  70058650    70058650    00000190   00000190    r-x .text.boot
  700587e0    700587e0    00000008   00000008    r-x .text:abort
700587e8    700587e8    00001ad8   000006d8    rw-
  700587e8    700587e8    000006d8   000006d8    rw- .data
  70058ec0    70058ec0    00000100   00000000    rw- .irqstack
  70058fc0    70058fc0    00000100   00000000    rw- .fiqstack
  700590c0    700590c0    00001000   00000000    rw- .svcstack
  7005a0c0    7005a0c0    00000100   00000000    rw- .abortstack
  7005a1c0    7005a1c0    00000100   00000000    rw- .undefinedstack


SECTION ALLOCATION MAP

 output                                  attributes/
section   page    origin      length       input sections
--------  ----  ----------  ----------   ----------------
.vectors   0    00000000    00000040     
                  00000000    00000040     nortos.am263px.r5f.ti-arm-clang.release.lib : HwiP_armv7r_vectors_nortos_asm.obj (.vectors)

.bss       0    70040000    000016b8     UNINITIALIZED
                  70040000    00000808     (.common:gHwiCtrl)
                  70040808    00000770     ti_drivers_config.o (.bss.gMcspiObjects)
                  70040f78    00000368     ti_drivers_config.o (.bss.gUartObjects)
                  700412e0    00000120     libsysbm.a : trgmsg.c.obj (.bss:_CIOBUF_)
                  70041400    000000e8     ti_drivers_config.o (.bss.gEdmaObjects)
                  700414e8    000000c0     (.common:intr_objects)
                  700415a8    000000a0     libc.a : defs.c.obj (.bss.__TI_tmpnams)
                  70041648    00000038     (.common:gClockCtrl)
                  70041680    00000010     (.common:virtToPhymap)
                  70041690    00000008     libsysbm.a : hostopen.c.obj (.bss.parmbuf)
                  70041698    00000008     (.common:gMcspiHandle)
                  700416a0    00000004     nortos.am263px.r5f.ti-arm-clang.release.lib : HwiP_armv7r_vim.obj (.bss.gdummy)
                  700416a4    00000004     libc.a : memory.c.obj (.bss.sys_free)
                  700416a8    00000004     (.common:gEdmaHandle)
                  700416ac    00000004     (.common:gUartHandle)
                  700416b0    00000001     PDMtesting.o (.bss.PDM_testing.signal)
                  700416b1    00000007     --HOLE--

.sysmem    0    700416b8    00008000     UNINITIALIZED
                  700416b8    00000010     libc.a : memory.c.obj (.sysmem)
                  700416c8    00007ff0     --HOLE--

.stack     0    700496b8    00004000     UNINITIALIZED
                  700496b8    00000004     nortos.am263px.r5f.ti-arm-clang.release.lib : boot_armv7r_asm.obj (.stack)
                  700496bc    00003ffc     --HOLE--

.text      0    7004d6c0    000090a0     
                  7004d6c0    00000758     ti_drivers_open_close.o (.text.Drivers_adcOpen)
                  7004de18    00000580     nortos.am263px.r5f.ti-arm-clang.release.lib : printf.obj (.text._vsnprintf)
                  7004e398    000004cc     drivers.am263px.r5f.ti-arm-clang.release.lib : soc_rcm.obj (.text.SOC_rcmEnablePeripheralClock)
                  7004e864    00000004     ti_board_open_close.o (.text.Board_driversOpen)
                  7004e868    00000400     nortos.am263px.r5f.ti-arm-clang.release.lib : printf.obj (.text._ftoa)
                  7004ec68    00000018     drivers.am263px.r5f.ti-arm-clang.release.lib : mcspi_v0.obj (.text.MCSPI_deinit)
                  7004ec80    00000390     libc.a : strcmp32.S.obj (.text:strcmp)
                  7004f010    00000310     nortos.am263px.r5f.ti-arm-clang.release.lib : printf.obj (.text._etoa)
                  7004f320    000002a8     drivers.am263px.r5f.ti-arm-clang.release.lib : uart_v0.obj (.text.UART_open)
                  7004f5c8    00000298                                                  : mcspi_v0.obj (.text.MCSPI_open)
                  7004f860    0000027c                                                  : edma.obj (.text.EDMA_init)
                  7004fadc    00000250                                                  : soc_rcm.obj (.text.SOC_rcmSetPeripheralClock)
                  7004fd2c    0000023c                                                  : uart_v0_lld.obj (.text.UART_configInstance)
                  7004ff68    00000230                                                  : mcspi_dma_edma.obj (.text.MCSPI_lld_dmaTransfer)
                  70050198    0000020c                                                  : edma.obj (.text.EDMA_errorIsrFxn)
                  700503a4    00000204                                                  : edma.obj (.text.EDMA_freeChannelRegion)
                  700505a8    000001e8                                                  : mcspi_v0_lld.obj (.text.MCSPI_lld_controllerIsr)
                  70050790    000001e2     ti_drivers_config.o (.text.GPIO_init)
                  70050972    00000002     ti_board_config.o (.text.Board_deinit)
                  70050974    000001c0     drivers.am263px.r5f.ti-arm-clang.release.lib : mcspi_dma_edma.obj (.text.MCSPI_lld_dmaChInit)
                  70050b34    000001a8                                                  : mcspi_v0_lld.obj (.text.MCSPI_lld_chConfig)
                  70050cdc    000001a8     libc.a : memory.c.obj (.text.free)
                  70050e84    000001a4            : memory.c.obj (.text.aligned_alloc)
                  70051028    00000194     drivers.am263px.r5f.ti-arm-clang.release.lib : uart_dma_edma.obj (.text.UART_lld_dmaInit)
                  700511bc    00000164                                                  : edma.obj (.text.EDMA_open)
                  70051320    00000160                                                  : edma.obj (.text.EDMA_deinit)
                  70051480    0000014e                                                  : uart_dma_edma.obj (.text.UART_lld_dmaDeInit)
                  700515ce    0000014c                                                  : mcspi_dma_edma.obj (.text.MCSPI_lld_dmaDeInit)
                  7005171a    00000002     ti_board_config.o (.text.Board_init)
                  7005171c    00000144     libc.a : setvbuf.c.obj (.text.setvbuf)
                  70051860    00000140     nortos.am263px.r5f.ti-arm-clang.release.lib : TimerP_rti_priv.obj (.text.TimerP_setupPriv)
                  700519a0    0000013c     drivers.am263px.r5f.ti-arm-clang.release.lib : soc.obj (.text.SOC_virtToPhy)
                  70051adc    00000138                                                  : uart_v0.obj (.text.UART_close)
                  70051c14    00000132     nortos.am263px.r5f.ti-arm-clang.release.lib : printf.obj (.text._ntoa_format)
                  70051d46    0000011a     drivers.am263px.r5f.ti-arm-clang.release.lib : uart_v0_lld.obj (.text.UART_lld_controllerIsr)
                  70051e60    00000118                                                  : edma.obj (.text.Alloc_resource)
                  70051f78    00000118     libclang_rt.builtins.a : udivmoddi4.S.obj (.text)
                  70052090    00000114     drivers.am263px.r5f.ti-arm-clang.release.lib : soc_rcm.obj (.text.SOC_rcmGetPeripheralClockFrequency)
                  700521a4    0000010e                                                  : uart_v0_lld.obj (.text.UART_lld_write)
                  700522b2    0000010a     board.o (.text.init_gpio)
                  700523bc    00000108     drivers.am263px.r5f.ti-arm-clang.release.lib : edma.obj (.text.EDMA_transferCompletionMasterIsrFxn)
                  700524c4    00000106                                                  : mcspi_v0_lld.obj (.text.MCSPI_continuePeripheralTxRx)
                  700525ca    00000104     nortos.am263px.r5f.ti-arm-clang.release.lib : ClockP_nortos_r5.obj (.text.ClockP_init)
                  700526ce    00000002     ti_dpl_config.o (.text.Dpl_deinit)
                  700526d0    00000104     drivers.am263px.r5f.ti-arm-clang.release.lib : uart_dma_edma.obj (.text.UART_lld_dmaWrite)
                  700527d4    00000100                                                  : mcspi_v0.obj (.text.MCSPI_close)
                  700528d4    000000fc                                                  : uart_v0.obj (.text.UART_write)
                  700529d0    000000f4                                                  : mcspi_v0_lld.obj (.text.MCSPI_lld_initDma)
                  70052ac4    000000f0     libc.a : fputc.c.obj (.text.fputc)
                  70052bb4    000000e6     drivers.am263px.r5f.ti-arm-clang.release.lib : mcspi_dma_edma.obj (.text.MCSPI_edmaIsrTx)
                  70052c9a    00000002     nortos.am263px.r5f.ti-arm-clang.release.lib : SemaphoreP_nortos.obj (.text.SemaphoreP_destruct)
                  70052c9c    000000d0     drivers.am263px.r5f.ti-arm-clang.release.lib : edma.obj (.text.EDMA_unregisterIntr)
                  70052d6c    000000d0     ti_drivers_config.o (.text.GPIO_deinit)
                  70052e3c    000000d0     PDMtesting.o (.text.PDM_testing)
                  70052f0c    000000cc     drivers.am263px.r5f.ti-arm-clang.release.lib : uart_v0_lld.obj (.text.UART_lld_initDma)
                  70052fd8    000000c8     libc.a : getdevice.c.obj (.text.getdevice)
                  700530a0    000000c4     drivers.am263px.r5f.ti-arm-clang.release.lib : mcspi_v0_lld.obj (.text.MCSPI_lld_init)
                  70053164    000000c2     board.o (.text.GPIO_bankIsrFxn)
                  70053226    00000002     nortos.am263px.r5f.ti-arm-clang.release.lib : TaskP_nortos.obj (.text.TaskP_yield)
                  70053228    000000c0     drivers.am263px.r5f.ti-arm-clang.release.lib : uart_v0_lld.obj (.text.UART_lld_init)
                  700532e8    000000bc                                                  : edma.obj (.text.EDMA_registerIntr)
                  700533a4    000000b4     libc.a : fseek.c.obj (.text.fseeko)
                  70053458    000000b0            : fclose.c.obj (.text.__TI_closefile)
                  70053508    000000b0     nortos.am263px.r5f.ti-arm-clang.release.lib : printf.obj (.text._ntoa_long_long)
                  700535b8    000000ac     drivers.am263px.r5f.ti-arm-clang.release.lib : soc_rcm.obj (.text.SOC_rcmGetCoreHSDivOut)
                  70053664    000000ac                                                  : uart_v0_lld.obj (.text.UART_divisorLatchWrite)
                  70053710    000000a6                                                  : mcspi_dma_edma.obj (.text.MCSPI_edmaIsrRx)
                  700537b6    000000a6     nortos.am263px.r5f.ti-arm-clang.release.lib : printf.obj (.text._out_rev)
                  7005385c    000000a6     board.o (.text.init_global_interrupts)
                  70053902    00000002     drivers.am263px.r5f.ti-arm-clang.release.lib : uart_dma_edma.obj (.text.UART_edmaDoNothing)
                  70053904    000000a4     libc.a : memory.c.obj (.text.split)
                  700539a8    000000a0     drivers.am263px.r5f.ti-arm-clang.release.lib : edma.obj (.text.EDMA_freeDmaChannel)
                  70053a48    000000a0                                                  : edma.obj (.text.EDMA_freeParam)
                  70053ae8    000000a0                                                  : edma.obj (.text.EDMA_freeTcc)
                  70053b88    000000a0     libsysbm.a : hostrename.c.obj (.text.HOSTrename)
                  70053c28    000000a0     drivers.am263px.r5f.ti-arm-clang.release.lib : uart_dma_edma.obj (.text.UART_lld_dmaRead)
                  70053cc8    000000a0     int_adc.o (.text.read_int_ADC)
                  70053d68    0000009c     libc.a : _io_perm.c.obj (.text.__TI_wrt_ok)
                  70053e04    00000098     libsysbm.a : hostlseek.c.obj (.text.HOSTlseek)
                  70053e9c    00000096     nortos.am263px.r5f.ti-arm-clang.release.lib : SemaphoreP_nortos.obj (.text.SemaphoreP_pend)
                  70053f32    00000094     drivers.am263px.r5f.ti-arm-clang.release.lib : edma.obj (.text.EDMA_configureChannelRegion)
                  70053fc6    00000002                                                  : uart_v0.obj (.text.UART_lld_errorCallback)
                  70053fc8    00000094     libsysbm.a : hostopen.c.obj (.text.HOSTopen)
                  7005405c    0000008e     nortos.am263px.r5f.ti-arm-clang.release.lib : printf.obj (.text._ntoa_long)
                  700540ea    0000008c     ti_drivers_open_close.o (.text.Drivers_open)
                  70054176    0000008c     drivers.am263px.r5f.ti-arm-clang.release.lib : mcspi_v0_lld.obj (.text.MCSPI_lld_peripheralIsr)
                  70054202    00000002     nortos.am263px.r5f.ti-arm-clang.release.lib : printf.obj (.text._out_null)
                  70054204    0000008c     libsysbm.a : close.c.obj (.text.close)
                  70054290    00000088     drivers.am263px.r5f.ti-arm-clang.release.lib : adc.obj (.text.ADC_setPPBTripLimits)
                  70054318    00000088                                                  : uart_v0.obj (.text.UART_init)
                  700543a0    00000088                                                  : uart_v0_lld.obj (.text.UART_procLineStatusErr)
                  70054428    00000088     libc.a : fflush.c.obj (.text.__TI_doflush)
                  700544b0    00000084     libsysbm.a : hostread.c.obj (.text.HOSTread)
                  70054534    00000084                : hostwrite.c.obj (.text.HOSTwrite)
                  700545b8    00000080     drivers.am263px.r5f.ti-arm-clang.release.lib : edma.obj (.text.EDMA_close)
                  70054638    00000080                                                  : uart_v0.obj (.text.UART_flushTxFifo)
                  700546b8    0000007e     ti_drivers_open_close.o (.text.Drivers_mcspiOpen)
                  70054736    0000007e     drivers.am263px.r5f.ti-arm-clang.release.lib : mcspi_v0_lld.obj (.text.MCSPI_fifoRead)
                  700547b4    0000007a                                                  : mcspi_v0_lld.obj (.text.MCSPI_initiateLastChunkTransfer)
                  7005482e    00000002     --HOLE-- [fill = 0]
                  70054830    00000078                                                  : mcspi_v0.obj (.text.MCSPI_init)
                  700548a8    00000072                                                  : mcspi_v0_lld.obj (.text.MCSPI_fifoWrite)
                  7005491a    00000072                                                  : mcspi_v0_lld.obj (.text.MCSPI_stop)
                  7005498c    00000070                                                  : mcspi_dma_edma.obj (.text.MCSPI_lld_dmaStop)
                  700549fc    0000006e                                                  : edma.obj (.text.EDMA_disableTransferRegion)
                  70054a6a    0000006e                                                  : edma.obj (.text.EDMA_enableTransferRegion)
                  70054ad8    0000006c     libsysbm.a : hostunlink.c.obj (.text.HOSTunlink)
                  70054b44    0000006c     drivers.am263px.r5f.ti-arm-clang.release.lib : uart_v0_lld.obj (.text.UART_lld_writeDma)
                  70054bb0    00000068                                                  : uart_v0_lld.obj (.text.UART_lld_writeIntr)
                  70054c18    00000066     nortos.am263px.r5f.ti-arm-clang.release.lib : PmuP_armv7r.obj (.text.pmu)
                  70054c7e    00000002     --HOLE-- [fill = 0]
                  70054c80    00000064     drivers.am263px.r5f.ti-arm-clang.release.lib : soc.obj (.text.SOC_controlModuleUnlockMMR)
                  70054ce4    00000060     libsysbm.a : hostclose.c.obj (.text.HOSTclose)
                  70054d44    0000005e     nortos.am263px.r5f.ti-arm-clang.release.lib : ClockP_nortos.obj (.text.ClockP_timerTickIsr)
                  70054da2    00000002     --HOLE-- [fill = 0]
                  70054da4    0000005c     drivers.am263px.r5f.ti-arm-clang.release.lib : gpio.obj (.text.GPIO_setTrigType)
                  70054e00    0000005c                                                  : mcspi_v0_lld.obj (.text.MCSPI_configInstance)
                  70054e5c    0000005c                                                  : soc.obj (.text.SOC_controlModuleLockMMR)
                  70054eb8    0000005c     nortos.am263px.r5f.ti-arm-clang.release.lib : DebugP_log.obj (.text._DebugP_assert)
                  70054f14    00000058     drivers.am263px.r5f.ti-arm-clang.release.lib : mcspi_dma_edma.obj (.text.MCSPI_edmaUpdateTransferParams)
                  70054f6c    00000058     libc.a : fopen.c.obj (.text.__TI_cleanup)
                  70054fc4    00000058     libsysbm.a : trgmsg.c.obj (.text.__TI_readmsg)
                  7005501c    00000058                : trgmsg.c.obj (.text.__TI_writemsg)
                  70055074    00000058     board.o (.text.init_interrupt)
                  700550cc    00000056     nortos.am263px.r5f.ti-arm-clang.release.lib : ClockP_nortos.obj (.text.ClockP_getTimeUsec)
                  70055122    00000056     drivers.am263px.r5f.ti-arm-clang.release.lib : uart_v0_lld.obj (.text.UART_intrDisable)
                  70055178    00000056                                                  : uart_v0_lld.obj (.text.UART_writeCancelNoCB)
                  700551ce    00000002     --HOLE-- [fill = 0]
                  700551d0    00000054     libc.a : exit.c.obj (.text.exit)
                  70055224    00000054            : getdevice.c.obj (.text.finddevice)
                  70055278    00000054            : autoinit.c.obj (.text:__TI_auto_init_nobinit_nopinit)
                  700552cc    00000052     nortos.am263px.r5f.ti-arm-clang.release.lib : AddrTranslateP_32bit.obj (.text.AddrTranslateP_getLocalAddr)
                  7005531e    00000052     drivers.am263px.r5f.ti-arm-clang.release.lib : mcspi_v0_lld.obj (.text.MCSPI_lld_deInitDma)
                  70055370    00000050     nortos.am263px.r5f.ti-arm-clang.release.lib : ClockP_nortos.obj (.text.ClockP_construct)
                  700553c0    00000050     drivers.am263px.r5f.ti-arm-clang.release.lib : edma.obj (.text.EDMA_allocDmaChannel)
                  70055410    00000050                                                  : edma.obj (.text.EDMA_allocParam)
                  70055460    00000050                                                  : edma.obj (.text.EDMA_allocTcc)
                  700554b0    0000004e     nortos.am263px.r5f.ti-arm-clang.release.lib : ClockP_nortos.obj (.text.ClockP_addToList)
                  700554fe    0000004e     ti_drivers_open_close.o (.text.Drivers_edmaOpen)
                  7005554c    0000004e     ti_drivers_open_close.o (.text.Drivers_uartOpen)
                  7005559a    0000004e     drivers.am263px.r5f.ti-arm-clang.release.lib : edma.obj (.text.EDMA_disableChInShadowRegRegion)
                  700555e8    0000004c                                                  : mcspi_v0.obj (.text.MCSPI_transferCallback)
                  70055634    0000004c                                                  : soc.obj (.text.SOC_enableAdcReferenceMonitor)
                  70055680    00000048                                                  : soc.obj (.text.SOC_enableAdcGlobalForce)
                  700556c8    00000048                                                  : soc.obj (.text.SOC_enableAdcInternalReference)
                  70055710    00000048                                                  : uart_dma_edma.obj (.text.UART_edmaIsrRx)
                  70055758    00000048     libsysbm.a : unlink.c.obj (.text.unlink)
                  700557a0    00000046     drivers.am263px.r5f.ti-arm-clang.release.lib : uart_dma_edma.obj (.text.UART_edmaIsrTx)
                  700557e6    00000002     --HOLE-- [fill = 0]
                  700557e8    00000044                                                  : soc.obj (.text.SOC_getAdcReferenceStatus)
                  7005582c    00000044                                                  : uart_v0.obj (.text.UART_Params_init)
                  70055870    00000044                                                  : uart_v0_lld.obj (.text.UART_lld_deInitDma)
                  700558b4    00000040     nortos.am263px.r5f.ti-arm-clang.release.lib : ClockP_nortos.obj (.text.ClockP_stop)
                  700558f4    00000040     ti_dpl_config.o (.text.Dpl_init)
                  70055934    00000040     drivers.am263px.r5f.ti-arm-clang.release.lib : edma.obj (.text.EDMA_mapChToEvtQ)
                  70055974    00000040                                                  : pinmux.obj (.text.Pinmux_config)
                  700559b4    00000040     nortos.am263px.r5f.ti-arm-clang.release.lib : SemaphoreP_nortos.obj (.text.SemaphoreP_constructBinary)
                  700559f4    00000040     drivers.am263px.r5f.ti-arm-clang.release.lib : uart_v0_lld.obj (.text.UART_lld_deInit)
                  70055a34    00000040     libc.a : memory.c.obj (.text.free_list_insert)
                  70055a74    0000003e     nortos.am263px.r5f.ti-arm-clang.release.lib : SemaphoreP_nortos.obj (.text.SemaphoreP_constructMutex)
                  70055ab2    00000002     --HOLE-- [fill = 0]
                  70055ab4    0000003c     drivers.am263px.r5f.ti-arm-clang.release.lib : edma.obj (.text.EDMA_getBaseAddr)
                  70055af0    0000003c                                                  : uart_v0_lld.obj (.text.UART_readData)
                  70055b2c    0000003a     nortos.am263px.r5f.ti-arm-clang.release.lib : ClockP_nortos.obj (.text.ClockP_destruct)
                  70055b66    0000003a                                                 : DebugP_uartLogWriter.obj (.text.DebugP_uartLogWriterPutChar)
                  70055ba0    0000003a     ti_power_clock_config.o (.text.Module_clockSetFrequency)
                  70055bda    0000003a     drivers.am263px.r5f.ti-arm-clang.release.lib : uart_v0_lld.obj (.text.UART_lld_flushTxFifo)
                  70055c14    00000038                                                  : soc_rcm.obj (.text.SOC_rcmADPLLJGetFOut)
                  70055c4c    00000038     nortos.am263px.r5f.ti-arm-clang.release.lib : DebugP_nortos.obj (.text._DebugP_logZone)
                  70055c84    00000038                                                 : PmuP_armv7r_asm.obj (.text.pmu)
                  70055cbc    00000036     drivers.am263px.r5f.ti-arm-clang.release.lib : edma.obj (.text.EDMA_clrMissEvtRegion)
                  70055cf2    00000034     nortos.am263px.r5f.ti-arm-clang.release.lib : ClockP_nortos.obj (.text.ClockP_start)
                  70055d26    00000034     drivers.am263px.r5f.ti-arm-clang.release.lib : mcspi_v0.obj (.text.MCSPI_errorCallback)
                  70055d5a    00000034     ti_power_clock_config.o (.text.Module_clockDisable)
                  70055d8e    00000034     ti_power_clock_config.o (.text.Module_clockEnable)
                  70055dc2    00000002     --HOLE-- [fill = 0]
                  70055dc4    00000034     drivers.am263px.r5f.ti-arm-clang.release.lib : soc.obj (.text.SOC_enableAdcDacLoopback)
                  70055df8    00000034                                                  : soc_rcm.obj (.text.SOC_rcmGetModuleClkDivVal)
                  70055e2c    00000034     libc.a : memory.c.obj (.text.free_list_remove)
                  70055e60    00000034     libsysbm.a : lseek.c.obj (.text.lseek)
                  70055e94    00000034                : write.c.obj (.text.write)
                  70055ec8    00000032     nortos.am263px.r5f.ti-arm-clang.release.lib : ClockP_nortos.obj (.text.ClockP_usleep)
                  70055efa    00000032     drivers.am263px.r5f.ti-arm-clang.release.lib : edma.obj (.text.EDMA_unmapChToEvtQ)
                  70055f2c    00000032     nortos.am263px.r5f.ti-arm-clang.release.lib : SemaphoreP_nortos.obj (.text.SemaphoreP_post)
                  70055f5e    00000030     drivers.am263px.r5f.ti-arm-clang.release.lib : uart_v0.obj (.text.UART_lld_writeCompleteCallback)
                  70055f8e    0000002e                                                  : edma.obj (.text.EDMA_enableChInShadowRegRegion)
                  70055fbc    0000002e                                                  : uart_v0.obj (.text.UART_lld_readCompleteCallback)
                  70055fea    00000002     --HOLE-- [fill = 0]
                  70055fec    0000002c                                                  : soc_rcm.obj (.text.SOC_rcmGetR5Clock)
                  70056018    0000002c                                                  : uart_v0.obj (.text.UART_getHandle)
                  70056044    0000002a     ti_drivers_config.o (.text.System_init)
                  7005606e    00000028     nortos.am263px.r5f.ti-arm-clang.release.lib : ClockP_nortos.obj (.text.ClockP_sleepTicks)
                  70056096    00000028     drivers.am263px.r5f.ti-arm-clang.release.lib : gpio.obj (.text.GPIO_setDirMode)
                  700560be    00000028                                                  : mcspi_v0_lld.obj (.text.MCSPI_fifoReadMultiWord)
                  700560e6    00000002     --HOLE-- [fill = 0]
                  700560e8    00000028                                                  : soc.obj (.text.SOC_moduleSetClockFrequency)
                  70056110    00000028     board.o (.text.digitalWrite)
                  70056138    00000026     nortos.am263px.r5f.ti-arm-clang.release.lib : ClockP_nortos.obj (.text.ClockP_sleep)
                  7005615e    00000026     drivers.am263px.r5f.ti-arm-clang.release.lib : edma.obj (.text.EDMA_setPaRAM)
                  70056184    00000026                                                  : uart_dma_edma.obj (.text.UART_lld_dmaDisableChannel)
                  700561aa    00000024                                                  : mcspi_v0_lld.obj (.text.MCSPI_fifoWriteMultiWord)
                  700561ce    00000002     --HOLE-- [fill = 0]
                  700561d0    00000024                                                  : uart_v0_lld.obj (.text.UART_IsHWFlowCtrlValid)
                  700561f4    00000024                                                  : uart_v0_lld.obj (.text.UART_IsRxTrigLvlValid)
                  70056218    00000024                                                  : uart_v0_lld.obj (.text.UART_IsTxTrigLvlValid)
                  7005623c    00000024     libclang_rt.builtins.a : aeabi_uldivmod.S.obj (.text.__aeabi_uldivmod)
                  70056260    00000024     nortos.am263px.r5f.ti-arm-clang.release.lib : printf.obj (.text.vprintf_)
                  70056284    00000022     drivers.am263px.r5f.ti-arm-clang.release.lib : edma.obj (.text.EDMA_linkChannel)
                  700562a6    00000020     nortos.am263px.r5f.ti-arm-clang.release.lib : DebugP_log.obj (.text.DebugP_logZoneEnable)
                  700562c6    00000020     drivers.am263px.r5f.ti-arm-clang.release.lib : mcspi_v0_lld.obj (.text.MCSPI_fifoRead32)
                  700562e6    00000020     nortos.am263px.r5f.ti-arm-clang.release.lib : TimerP_rti_priv.obj (.text.TimerP_Params_initPriv)
                  70056306    00000020     drivers.am263px.r5f.ti-arm-clang.release.lib : uart_v0_lld.obj (.text.UART_getChar)
                  70056326    0000001e     ti_drivers_config.o (.text.System_deinit)
                  70056344    0000001e     drivers.am263px.r5f.ti-arm-clang.release.lib : uart_v0_lld.obj (.text.UART_spaceAvail)
                  70056362    0000001c                                                  : mcspi_v0_lld.obj (.text.MCSPI_fifoWrite32)
                  7005637e    0000001c                                                  : mcspi_v0_lld.obj (.text.MCSPI_lld_deInit)
                  7005639a    00000002     --HOLE-- [fill = 0]
                  7005639c    0000001c                                                  : soc_rcm.obj (.text.SOC_rcmIsR5FInLockStepMode)
                  700563b8    0000001c     main.o (.text.main)
                  700563d4    0000001c     libsysbm.a : hostrename.c.obj (.text.strcpy)
                  700563f0    0000001c                : hostrename.c.obj (.text.strlen)
                  7005640c    0000001c     libc.a : memcpy32.S.obj (.text:TI_memcpy_small)
                  70056428    0000001a     nortos.am263px.r5f.ti-arm-clang.release.lib : CpuId_armv7r.obj (.text.CSL_armR5GetCpuID)
                  70056442    0000001a     drivers.am263px.r5f.ti-arm-clang.release.lib : edma.obj (.text.EDMA_readEventStatusRegion)
                  7005645c    0000001a                                                  : uart_v0_lld.obj (.text.UART_enhanFuncEnable)
                  70056476    00000018                                                  : mcspi_dma_edma.obj (.text.MCSPI_lld_dmaInit)
                  7005648e    00000018     nortos.am263px.r5f.ti-arm-clang.release.lib : TimerP_rti_priv.obj (.text.TimerP_getCountPriv)
                  700564a6    00000002     --HOLE-- [fill = 0]
                  700564a8    00000018     drivers.am263px.r5f.ti-arm-clang.release.lib : uart_v0.obj (.text.UART_deinit)
                  700564c0    00000018     libc.a : memset32.S.obj (.text:TI_memset_small)
                  700564d8    00000016     drivers.am263px.r5f.ti-arm-clang.release.lib : mcspi_v0_lld.obj (.text.MCSPI_reset)
                  700564ee    00000016                                                  : uart_v0_lld.obj (.text.UART_IsTxRxFifoEmpty)
                  70056504    00000016                                                  : uart_v0_lld.obj (.text.UART_getIntrIdentityStatus)
                  7005651a    00000014     nortos.am263px.r5f.ti-arm-clang.release.lib : ClockP_nortos.obj (.text.ClockP_usecToTicks)
                  7005652e    00000014     drivers.am263px.r5f.ti-arm-clang.release.lib : edma.obj (.text.EDMA_getRegionId)
                  70056542    00000014                                                  : uart_v0.obj (.text.UART_Transaction_init)
                  70056556    00000014                                                  : uart_v0_lld.obj (.text.UART_enhanFuncBitValRestore)
                  7005656a    00000012                                                  : adc.obj (.text.ADC_setMode)
                  7005657c    00000012                                                  : uart_v0_lld.obj (.text.UART_hardwareFlowCtrlOptSet)
                  7005658e    00000012                                                  : uart_v0_lld.obj (.text.UART_operatingModeSelect)
                  700565a0    00000012                                                  : uart_v0_lld.obj (.text.UART_readLineStatus)
                  700565b2    00000012     ti_dpl_config.o (.text.putchar_)
                  700565c4    00000010     drivers.am263px.r5f.ti-arm-clang.release.lib : gpio.obj (.text.GPIO_bankIntrDisable)
                  700565d4    00000010                                                  : uart_v0_lld.obj (.text.UART_intr2Disable)
                  700565e4    00000010     libclang_rt.builtins.a : aeabi_memset.S.obj (.text.__aeabi_memset)
                  700565f4    00000010     libc.a : fputc.c.obj (.text.putchar)
                  70056604    0000000e     drivers.am263px.r5f.ti-arm-clang.release.lib : edma.obj (.text.EDMA_ccPaRAMEntry_init)
                  70056612    0000000e                                                  : gpio.obj (.text.GPIO_bankIntrEnable)
                  70056620    0000000e     ti_pinmux_config.o (.text.Pinmux_init)
                  7005662e    0000000e     ti_power_clock_config.o (.text.PowerClock_init)
                  7005663c    0000000c     nortos.am263px.r5f.ti-arm-clang.release.lib : ClockP_nortos.obj (.text.ClockP_getTicks)
                  70056648    0000000c                                                 : DebugP_uartLogWriter.obj (.text.DebugP_uartSetDrvIndex)
                  70056654    0000000c     drivers.am263px.r5f.ti-arm-clang.release.lib : edma.obj (.text.EDMA_isInitialized)
                  70056660    0000000c                                                  : soc.obj (.text.SOC_getSelfCpuClk)
                  7005666c    0000000c     libclang_rt.builtins.a : aeabi_memset.S.obj (.text.__aeabi_memclr)
                  70056678    0000000c     libc.a : memory.c.obj (.text.malloc)
                  70056684    0000000c     nortos.am263px.r5f.ti-arm-clang.release.lib : CpuId_armv7r_asm.obj (.text)
                  70056690    0000000a                                                 : ClockP_nortos.obj (.text.ClockP_Params_init)
                  7005669a    00000006     drivers.am263px.r5f.ti-arm-clang.release.lib : edma.obj (.text.EDMA_isInterruptEnabled)
                  700566a0    0000000c     libc.a : strcmp32.S.obj (.text)
                  700566ac    0000000a     nortos.am263px.r5f.ti-arm-clang.release.lib : ClockP_nortos.obj (.text.ClockP_isActive)
                  700566b6    0000000a                                                 : TimerP_rti_priv.obj (.text.TimerP_getReloadCountPriv)
                  700566c0    0000000a                                                 : TimerP_rti_priv.obj (.text.TimerP_startPriv)
                  700566ca    0000000a     drivers.am263px.r5f.ti-arm-clang.release.lib : uart_v0_lld.obj (.text.UART_lld_Transaction_deInit)
                  700566d4    00000008     libsysbm.a : hostexit.c.obj (.text.HOSTexit)
                  700566dc    00000008     nortos.am263px.r5f.ti-arm-clang.release.lib : TimerP_rti_priv.obj (.text.TimerP_clearOverflowIntPriv)
                  700566e4    00000008                                                 : printf.obj (.text._out_char)
                  700566ec    00000006     drivers.am263px.r5f.ti-arm-clang.release.lib : soc.obj (.text.SOC_moduleClockEnable)
                  700566f2    00000006                                                  : soc_rcm.obj (.text.SOC_rcmGetCR5SysclkInFrequency)
                  700566f8    00000004     nortos.am263px.r5f.ti-arm-clang.release.lib : ClockP_nortos_r5.obj (.text.ClockP_getTimerCount)
                  700566fc    00000004                                                 : ClockP_nortos_r5.obj (.text.ClockP_timerClearOverflowInt)
                  70056700    00000004     ti_power_clock_config.o (.text.PowerClock_deinit)
                  70056704    00000004     nortos.am263px.r5f.ti-arm-clang.release.lib : TimerP_rti_nortos.obj (.text.TimerP_Params_init)
                  70056708    00000004                                                 : TimerP_rti_nortos.obj (.text.TimerP_clearOverflowInt)
                  7005670c    00000004                                                 : TimerP_rti_nortos.obj (.text.TimerP_getCount)
                  70056710    00000004                                                 : TimerP_rti_nortos.obj (.text.TimerP_getReloadCount)
                  70056714    00000004                                                 : TimerP_rti_nortos.obj (.text.TimerP_setup)
                  70056718    00000004                                                 : TimerP_rti_nortos.obj (.text.TimerP_start)
                  7005671c    00000004     libclang_rt.builtins.a : aeabi_div0.c.obj (.text.__aeabi_ldiv0)
                  70056720    00000004                            : aeabi_memcpy.S.obj (.text.__aeabi_memcpy)
                  70056724    00000004     libc.a : _lock.c.obj (.text._nop)
                  70056728    00000004            : fseek.c.obj (.text.fseek)
                  7005672c    00000004     libsysbm.a : remove.c.obj (.text.remove)
                  70056730    00000008     nortos.am263px.r5f.ti-arm-clang.release.lib : HwiP_armv7r_asm.obj (.tramp.HwiP_enable.1)
                  70056738    00000008                                                 : HwiP_armv7r_asm.obj (.tramp.HwiP_restore.1)
                  70056740    00000008                                                 : PmuP_armv7r_asm.obj (.tramp.PmuP_setUserEnable.1)
                  70056748    00000008                                                 : PmuP_armv7r_asm.obj (.tramp.PmuP_enableCounters.1)
                  70056750    00000010     --HOLE-- [fill = 0]

.rodata    0    70056760    00000f58     
                  70056760    0000007a     ti_drivers_open_close.o (.rodata.str1.17665391694225509261.1)
                  700567da    00000002     --HOLE-- [fill = 0]
                  700567dc    00000074     ti_dpl_config.o (.rodata.cfg)
                  70056850    00000051     drivers.am263px.r5f.ti-arm-clang.release.lib : mcspi_v0.obj (.rodata.str1.26396439823528435241)
                  700568a1    00000006                                                  : soc_rcm.obj (.rodata.str1.53743240983164125611)
                  700568a7    00000001     --HOLE-- [fill = 0]
                  700568a8    00000050     nortos.am263px.r5f.ti-arm-clang.release.lib : printf.obj (.rodata._ftoa.pow10)
                  700568f8    00000048     drivers.am263px.r5f.ti-arm-clang.release.lib : soc_rcm.obj (.rodata.gADPLLJConfigTbl)
                  70056940    00000048                                                  : mcspi_v0_lld.obj (.rodata.str1.97363132707188488161)
                  70056988    0000003d     nortos.am263px.r5f.ti-arm-clang.release.lib : TimerP_rti_priv.obj (.rodata.str1.72163963154704191671)
                  700569c5    00000037                                                 : SemaphoreP_nortos.obj (.rodata.str1.52751030918495836841)
                  700569fc    00000036     ti_drivers_open_close.o (.rodata.str1.2554706296470369595.1)
                  70056a32    00000035     ti_drivers_open_close.o (.rodata.str1.10252002122772422448.1)
                  70056a67    00000035     ti_drivers_open_close.o (.rodata.str1.17551203406305493380.1)
                  70056a9c    00000032     drivers.am263px.r5f.ti-arm-clang.release.lib : adc.obj (.rodata.str1.104222482920253680151)
                  70056ace    00000032                                                  : adc.obj (.rodata.str1.137023953294967812531)
                  70056b00    00000030     ti_drivers_open_close.o (.rodata.str1.14200658025495415368.1)
                  70056b30    0000002e     nortos.am263px.r5f.ti-arm-clang.release.lib : ClockP_nortos.obj (.rodata.str1.39419159632632580371)
                  70056b5e    0000002a                                                 : DebugP_log.obj (.rodata.str1.8882360920750446361)
                  70056b88    00000028     ti_drivers_open_close.o (.rodata.str1.10490786615736436564.1)
                  70056bb0    00000028     ti_drivers_open_close.o (.rodata.str1.7332975063418302059.1)
                  70056bd8    00000027     nortos.am263px.r5f.ti-arm-clang.release.lib : ClockP_nortos_r5.obj (.rodata.str1.91622226613999981811)
                  70056bff    00000025     ti_drivers_open_close.o (.rodata.str1.7750254725308216577.1)
                  70056c24    00000024     drivers.am263px.r5f.ti-arm-clang.release.lib : edma.obj (.rodata.str1.164918382464449145851)
                  70056c48    00000023     nortos.am263px.r5f.ti-arm-clang.release.lib : ClockP_nortos_r5.obj (.rodata.str1.136646522816104227591)
                  70056c6b    00000023     ti_drivers_open_close.o (.rodata.str1.15574074207268991336.1)
                  70056c8e    00000023     drivers.am263px.r5f.ti-arm-clang.release.lib : soc_rcm.obj (.rodata.str1.15813086600912413471)
                  70056cb1    00000022                                                  : edma.obj (.rodata.str1.6611792697437713481)
                  70056cd3    00000021     nortos.am263px.r5f.ti-arm-clang.release.lib : ClockP_nortos_r5.obj (.rodata.str1.99041146818411950391)
                  70056cf4    00000020     drivers.am263px.r5f.ti-arm-clang.release.lib : uart_v0_lld.obj (.rodata.cst32)
                  70056d14    00000020                                                  : uart_v0.obj (.rodata.str1.150767988884773108331)
                  70056d34    0000001f     board.o (.rodata.str1.10881007155619371109.1)
                  70056d53    0000001f     board.o (.rodata.str1.123550804358397101.1)
                  70056d72    0000001f     board.o (.rodata.str1.13738757807042593414.1)
                  70056d91    0000001f     board.o (.rodata.str1.14465880841147386111.1)
                  70056db0    0000001f     board.o (.rodata.str1.1510811462892085231.1)
                  70056dcf    0000001f     board.o (.rodata.str1.16077883977509950417.1)
                  70056dee    0000001f     board.o (.rodata.str1.1696272589420159480.1)
                  70056e0d    0000001f     board.o (.rodata.str1.18250802514644841805.1)
                  70056e2c    0000001f     nortos.am263px.r5f.ti-arm-clang.release.lib : SemaphoreP_nortos.obj (.rodata.str1.25281168886080794691)
                  70056e4b    0000001f                                                 : ClockP_nortos_r5.obj (.rodata.str1.25349503636762439021)
                  70056e6a    0000001f     board.o (.rodata.str1.5436337271421848948.1)
                  70056e89    0000001f     board.o (.rodata.str1.673658226405435322.1)
                  70056ea8    0000001f     ti_drivers_open_close.o (.rodata.str1.871795152488895636.1)
                  70056ec7    0000001f     board.o (.rodata.str1.9045895231722895584.1)
                  70056ee6    0000001f     board.o (.rodata.str1.9461189164499355904.1)
                  70056f05    0000001e     board.o (.rodata.str1.10345935079445805060.1)
                  70056f23    0000001e     drivers.am263px.r5f.ti-arm-clang.release.lib : mcspi_v0.obj (.rodata.str1.144400815220210358851)
                  70056f41    0000001e     board.o (.rodata.str1.6418571003999367838.1)
                  70056f5f    0000001e     board.o (.rodata.str1.6840234256597642108.1)
                  70056f7d    0000001e     board.o (.rodata.str1.9453984286452795027.1)
                  70056f9b    0000001d     nortos.am263px.r5f.ti-arm-clang.release.lib : TimerP_rti_priv.obj (.rodata.str1.114219152040444562951)
                  70056fb8    0000001d                                                 : TimerP_rti_priv.obj (.rodata.str1.125174968193178473681)
                  70056fd5    0000001d     ti_drivers_open_close.o (.rodata.str1.13083909648175487149.1)
                  70056ff2    0000001d     drivers.am263px.r5f.ti-arm-clang.release.lib : uart_v0.obj (.rodata.str1.142814395268246240721)
                  7005700f    0000001d     nortos.am263px.r5f.ti-arm-clang.release.lib : TimerP_rti_priv.obj (.rodata.str1.27974953896521033811)
                  7005702c    0000001b     drivers.am263px.r5f.ti-arm-clang.release.lib : edma.obj (.rodata.str1.16266241636797238661)
                  70057047    0000001b     nortos.am263px.r5f.ti-arm-clang.release.lib : ClockP_nortos.obj (.rodata.str1.47646432807403639741)
                  70057062    0000001b     ti_drivers_open_close.o (.rodata.str1.5509699957385355460.1)
                  7005707d    0000001a     drivers.am263px.r5f.ti-arm-clang.release.lib : edma.obj (.rodata.str1.124702968117785801901)
                  70057097    0000001a     nortos.am263px.r5f.ti-arm-clang.release.lib : ClockP_nortos_r5.obj (.rodata.str1.133203246495064227641)
                  700570b1    0000001a     drivers.am263px.r5f.ti-arm-clang.release.lib : soc_rcm.obj (.rodata.str1.153801437654618082741)
                  700570cb    0000001a                                                  : mcspi_v0.obj (.rodata.str1.169212516063846095031)
                  700570e5    0000001a     board.o (.rodata.str1.9440741161207462191.1)
                  700570ff    0000001a     drivers.am263px.r5f.ti-arm-clang.release.lib : mcspi_v0.obj (.rodata.str1.99640994410596514241)
                  70057119    00000019     ti_drivers_open_close.o (.rodata.str1.14059614886583751700.1)
                  70057132    00000019     nortos.am263px.r5f.ti-arm-clang.release.lib : TimerP_rti_priv.obj (.rodata.str1.160914699991520874261)
                  7005714b    00000019     ti_drivers_open_close.o (.rodata.str1.5293217666052239616.1)
                  70057164    00000018     drivers.am263px.r5f.ti-arm-clang.release.lib : soc.obj (.rodata..Lswitch.table.SOC_getAdcReferenceStatus)
                  7005717c    00000018                                                  : soc_rcm.obj (.rodata.gControlssPllClkSrcValMap)
                  70057194    00000018                                                  : soc_rcm.obj (.rodata.gCptsClkSrcValMap)
                  700571ac    00000018                                                  : soc_rcm.obj (.rodata.gI2cClkSrcValMap)
                  700571c4    00000018                                                  : soc_rcm.obj (.rodata.gLinUartClkSrcValMap)
                  700571dc    00000018                                                  : soc_rcm.obj (.rodata.gPeripheralClkSrcInfoMap)
                  700571f4    00000018                                                  : soc_rcm.obj (.rodata.gRtiClkSrcValMap)
                  7005720c    00000018                                                  : soc_rcm.obj (.rodata.gWdtClkSrcValMap)
                  70057224    00000018                                                  : uart_v0.obj (.rodata.str1.9069738176458784971)
                  7005723c    00000017                                                  : soc_rcm.obj (.rodata.str1.141251745167226470741)
                  70057253    00000017     ti_drivers_open_close.o (.rodata.str1.1628183244885117158.1)
                  7005726a    00000016     drivers.am263px.r5f.ti-arm-clang.release.lib : soc_rcm.obj (.rodata.str1.107645048611228328791)
                  70057280    00000016                                                  : soc_rcm.obj (.rodata.str1.177369307189295936511)
                  70057296    00000016                                                  : soc_rcm.obj (.rodata.str1.63555232926284281011)
                  700572ac    00000016                                                  : mcspi_v0.obj (.rodata.str1.85423015064808713541)
                  700572c2    00000015     ti_drivers_open_close.o (.rodata.str1.11521962449680083383.1)
                  700572d7    00000015     drivers.am263px.r5f.ti-arm-clang.release.lib : edma.obj (.rodata.str1.149652404363315708211)
                  700572ec    00000015     ti_drivers_open_close.o (.rodata.str1.17912154466570466874.1)
                  70057301    00000015     drivers.am263px.r5f.ti-arm-clang.release.lib : adc.obj (.rodata.str1.20431844208594508061)
                  70057316    00000015     nortos.am263px.r5f.ti-arm-clang.release.lib : SemaphoreP_nortos.obj (.rodata.str1.30861210816963497001)
                  7005732b    00000014     drivers.am263px.r5f.ti-arm-clang.release.lib : mcspi_v0_lld.obj (.rodata.str1.147988882001261723701)
                  7005733f    00000014                                                  : edma.obj (.rodata.str1.176595599180530855901)
                  70057353    00000014                                                  : mcspi_v0.obj (.rodata.str1.34611452835214624521)
                  70057367    00000014     ti_drivers_open_close.o (.rodata.str1.3622116258035701796.1)
                  7005737b    00000014     drivers.am263px.r5f.ti-arm-clang.release.lib : edma.obj (.rodata.str1.41785049815304208531)
                  7005738f    00000014                                                  : edma.obj (.rodata.str1.93700429500326477781)
                  700573a3    00000013                                                  : soc_rcm.obj (.rodata.str1.30734103837947208761)
                  700573b6    00000013                                                  : uart_v0.obj (.rodata.str1.9980655952161290391)
                  700573c9    00000012                                                  : uart_v0.obj (.rodata.str1.166492982902436568231)
                  700573db    00000012                                                  : uart_v0.obj (.rodata.str1.171120843061886446841)
                  700573ed    00000012                                                  : edma.obj (.rodata.str1.41579851849113419871)
                  700573ff    00000012     ti_drivers_open_close.o (.rodata.str1.6538372684047993024.1)
                  70057411    00000012     drivers.am263px.r5f.ti-arm-clang.release.lib : soc_rcm.obj (.rodata.str1.67217821191364965911)
                  70057423    00000011                                                  : edma.obj (.rodata.str1.117215064595961288031)
                  70057434    00000011     ti_drivers_open_close.o (.rodata.str1.12213835641041270557.1)
                  70057445    00000011     drivers.am263px.r5f.ti-arm-clang.release.lib : uart_v0.obj (.rodata.str1.16967668833904919061)
                  70057456    00000011                                                  : edma.obj (.rodata.str1.28692048193800818901)
                  70057467    00000011     nortos.am263px.r5f.ti-arm-clang.release.lib : ClockP_nortos.obj (.rodata.str1.37923443167824241621)
                  70057478    00000011                                                 : TimerP_rti_priv.obj (.rodata.str1.44101942245516082551)
                  70057489    00000011     ti_drivers_open_close.o (.rodata.str1.6292539624901818759.1)
                  7005749a    00000002     --HOLE-- [fill = 0]
                  7005749c    00000010     drivers.am263px.r5f.ti-arm-clang.release.lib : soc.obj (.rodata.cst16)
                  700574ac    00000010                                                  : mcspi_v0.obj (.rodata.str1.153145657127816401141)
                  700574bc    00000010                                                  : edma.obj (.rodata.str1.18778444954996405781)
                  700574cc    00000010     ti_drivers_open_close.o (.rodata.str1.5205884736402799790.1)
                  700574dc    0000000f     PDMtesting.o (.rodata.str1.10577412323663350067.1)
                  700574eb    0000000f     drivers.am263px.r5f.ti-arm-clang.release.lib : edma.obj (.rodata.str1.111354322338949310841)
                  700574fa    0000000f                                                  : edma.obj (.rodata.str1.144551280152329776181)
                  70057509    0000000f                                                  : edma.obj (.rodata.str1.2759273541325923811)
                  70057518    0000000f     board.o (.rodata.str1.834004997606947946.1)
                  70057527    0000000f     drivers.am263px.r5f.ti-arm-clang.release.lib : edma.obj (.rodata.str1.92547749779646142691)
                  70057536    0000000e     ti_drivers_open_close.o (.rodata.str1.16112177131852734107.1)
                  70057544    0000000e     drivers.am263px.r5f.ti-arm-clang.release.lib : edma.obj (.rodata.str1.19244332700943948511)
                  70057552    0000000e                                                  : edma.obj (.rodata.str1.46057082369026546831)
                  70057560    0000000e                                                  : edma.obj (.rodata.str1.46782315602798139861)
                  7005756e    0000000d     ti_drivers_open_close.o (.rodata.str1.10450075619424269387.1)
                  7005757b    0000000d     drivers.am263px.r5f.ti-arm-clang.release.lib : edma.obj (.rodata.str1.121775923823351643201)
                  70057588    0000000d     ti_drivers_open_close.o (.rodata.str1.16905510790704221133.1)
                  70057595    0000000d     nortos.am263px.r5f.ti-arm-clang.release.lib : TimerP_rti_priv.obj (.rodata.str1.31870447354226168941)
                  700575a2    0000000d     drivers.am263px.r5f.ti-arm-clang.release.lib : adc.obj (.rodata.str1.70150695697723348971)
                  700575af    00000001     --HOLE-- [fill = 0]
                  700575b0    0000000c                                                  : mcspi_v0_lld.obj (.rodata..Lswitch.table.MCSPI_lld_controllerIsr.1)
                  700575bc    0000000c                                                  : mcspi_v0_lld.obj (.rodata..Lswitch.table.MCSPI_lld_controllerIsr)
                  700575c8    0000000c                                                  : soc.obj (.rodata..Lswitch.table.SOC_enableAdcReferenceMonitor)
                  700575d4    0000000c     PDMtesting.o (.rodata.str1.10015848951539402881.1)
                  700575e0    0000000c     PDMtesting.o (.rodata.str1.1094412632907578887.1)
                  700575ec    0000000c     PDMtesting.o (.rodata.str1.12143205621091433229.1)
                  700575f8    0000000c     nortos.am263px.r5f.ti-arm-clang.release.lib : ClockP_nortos_r5.obj (.rodata.str1.177642182983587376931)
                  70057604    0000000c     PDMtesting.o (.rodata.str1.5813496317156725502.1)
                  70057610    0000000c     drivers.am263px.r5f.ti-arm-clang.release.lib : mcspi_v0.obj (.rodata.str1.69169362540279301091)
                  7005761c    0000000c                                                  : edma.obj (.rodata.str1.73371482538137472541)
                  70057628    0000000b     board.o (.rodata.str1.15102135329570516791.1)
                  70057633    0000000b     drivers.am263px.r5f.ti-arm-clang.release.lib : mcspi_v0.obj (.rodata.str1.169287378047891341191)
                  7005763e    0000000b                                                  : uart_v0.obj (.rodata.str1.174466331461201984741)
                  70057649    0000000b                                                  : uart_v0.obj (.rodata.str1.23952661867579505821)
                  70057654    0000000b                                                  : mcspi_v0.obj (.rodata.str1.248655060218483491)
                  7005765f    0000000b                                                  : edma.obj (.rodata.str1.8716574913843167321)
                  7005766a    0000000a                                                  : soc_rcm.obj (.rodata.str1.102656642322745120751)
                  70057674    0000000a                                                  : edma.obj (.rodata.str1.11281620503267214511)
                  7005767e    0000000a                                                  : uart_v0.obj (.rodata.str1.4680544719311723101)
                  70057688    0000000a                                                  : edma.obj (.rodata.str1.94390198658697638781)
                  70057692    0000000a                                                  : uart_v0.obj (.rodata.str1.98976386761529848021)
                  7005769c    00000005     nortos.am263px.r5f.ti-arm-clang.release.lib : printf.obj (.rodata.str1.143852280595428356391)
                  700576a1    00000005                                                 : printf.obj (.rodata.str1.23318557076440195721)
                  700576a6    00000002     --HOLE-- [fill = 0]
                  700576a8    00000004                                                 : CacheP_armv7r.obj (.rodata.gCacheL1dCacheLineSize)
                  700576ac    00000004                                                 : CacheP_armv7r.obj (.rodata.gCacheL1pCacheLineSize)
                  700576b0    00000004                                                 : printf.obj (.rodata.str1.122320159353749299121)
                  700576b4    00000004                                                 : printf.obj (.rodata.str1.81101573233442303481)

.text.hwi 
*          0    700576b8    000008d8     
                  700576b8    00000402     nortos.am263px.r5f.ti-arm-clang.release.lib : HwiP_armv7r_vim.obj (.text.hwi)
                  70057aba    000002dc                                                 : HwiP_armv7r_handlers_nortos.obj (.text.hwi)
                  70057d96    00000002     --HOLE-- [fill = 0]
                  70057d98    0000017c                                                 : HwiP_armv7r_handlers_nortos_asm.obj (.text.hwi)
                  70057f14    00000070                                                 : HwiP_armv7r_asm.obj (.text.hwi)
                  70057f84    00000008                                                 : HwiP_armv7r_asm.obj (.tramp.HwiP_enableFIQ.1)
                  70057f8c    00000004     --HOLE-- [fill = 0]

.text.cache 
*          0    70057f90    00000430     
                  70057f90    00000340     nortos.am263px.r5f.ti-arm-clang.release.lib : CacheP_armv7r_asm.obj (.text.cache)
                  700582d0    000000d8                                                 : CacheP_armv7r.obj (.text.cache)
                  700583a8    00000008                                                 : CacheP_armv7r_asm.obj (.tramp.CacheP_invL1d.1)
                  700583b0    00000008                                                 : CacheP_armv7r_asm.obj (.tramp.CacheP_enableL1p.1)
                  700583b8    00000008                                                 : HwiP_armv7r_asm.obj (.tramp.HwiP_restore.2)

.text.mpu 
*          0    700583c0    00000290     
                  700583c0    00000202     nortos.am263px.r5f.ti-arm-clang.release.lib : MpuP_armv7r.obj (.text.mpu)
                  700585c2    00000002     --HOLE-- [fill = 0]
                  700585c4    00000078                                                 : MpuP_armv7r_asm.obj (.text.mpu)
                  7005863c    00000008                                                 : HwiP_armv7r_asm.obj (.tramp.HwiP_restore.3)
                  70058644    00000008                                                 : MpuP_armv7r_asm.obj (.tramp.MpuP_isEnableAsm.1)
                  7005864c    00000004     --HOLE-- [fill = 0]

.text.boot 
*          0    70058650    00000190     
                  70058650    00000144     nortos.am263px.r5f.ti-arm-clang.release.lib : boot_armv7r_asm.obj (.text.boot)
                  70058794    0000001e                                                 : DebugP_log.obj (.text.boot)
                  700587b2    0000001c                                                 : boot_armv7r.obj (.text.boot)
                  700587ce    0000000e     ti_dpl_config.o (.text.boot)
                  700587dc    00000004     --HOLE-- [fill = 0]

.text:abort 
*          0    700587e0    00000008     
                  700587e0    00000008     libc.a : exit.c.obj (.text:abort)

.data      0    700587e8    000006d8     
                  700587e8    000000f0     libc.a : defs.c.obj (.data._ftable)
                  700588d8    000000c8     ti_pinmux_config.o (.data.gPinMuxMainDomainCfg)
                  700589a0    0000009c     drivers.am263px.r5f.ti-arm-clang.release.lib : mcspi_v0.obj (.data.gMcspiDrvObj)
                  70058a3c    0000009c                                                  : uart_v0.obj (.data.gUartDrvObj)
                  70058ad8    00000088     ti_drivers_config.o (.data.gEdmaAttrs)
                  70058b60    00000078     libsysbm.a : host_device.c.obj (.data._device)
                  70058bd8    00000060     board.o (.data.intr_pins)
                  70058c38    00000058     ti_drivers_open_close.o (.data.gUartParams)
                  70058c90    00000050     libsysbm.a : host_device.c.obj (.data._stream)
                  70058ce0    00000048     ti_drivers_config.o (.data.gMcspiAttrs)
                  70058d28    00000040     ti_drivers_open_close.o (.data.gSpi0ChCfg)
                  70058d68    00000040     ti_drivers_open_close.o (.data.gSpi1ChCfg)
                  70058da8    00000030     ti_power_clock_config.o (.data.gSocModulesClockFrequency)
                  70058dd8    00000028     ti_drivers_open_close.o (.data.gMcspiOpenParams)
                  70058e00    00000018     ti_dpl_config.o (.data.gClockConfig)
                  70058e18    00000010     ti_drivers_config.o (.data.gMcspiConfig)
                  70058e28    00000010     ti_power_clock_config.o (.data.gSocModules)
                  70058e38    0000000c     nortos.am263px.r5f.ti-arm-clang.release.lib : AddrTranslateP_32bit.obj (.data.gAddrTranslateConfig)
                  70058e44    00000008     libc.a : exit.c.obj (.data..L_MergedGlobals)
                  70058e4c    00000008     ti_drivers_open_close.o (.data.gConfigMcspiChCfg)
                  70058e54    00000008     ti_drivers_config.o (.data.gEdmaConfig)
                  70058e5c    00000008     ti_drivers_open_close.o (.data.gEdmaParams)
                  70058e64    00000008     ti_drivers_open_close.o (.data.gMcspiDmaChConfig)
                  70058e6c    00000008     ti_drivers_config.o (.data.gMcspiNumCh)
                  70058e74    00000008     ti_drivers_config.o (.data.gUartAttrs)
                  70058e7c    00000008     ti_drivers_config.o (.data.gUartConfig)
                  70058e84    00000004     libc.a : defs.c.obj (.data.__TI_ft_end)
                  70058e88    00000008     nortos.am263px.r5f.ti-arm-clang.release.lib : PmuP_armv7r.obj (.data.pmu)
                  70058e90    00000004     libc.a : _lock.c.obj (.data._lock)
                  70058e94    00000004            : _lock.c.obj (.data._unlock)
                  70058e98    00000004     nortos.am263px.r5f.ti-arm-clang.release.lib : DebugP_log.obj (.data.gDebugLogZone)
                  70058e9c    00000004                                                 : DebugP_uartLogWriter.obj (.data.gDebugP_uartDrvIndex)
                  70058ea0    00000004     ti_drivers_config.o (.data.gEdmaConfigNum)
                  70058ea4    00000004     ti_dpl_config.o (.data.gHwiConfig)
                  70058ea8    00000004     ti_drivers_config.o (.data.gMcspiConfigNum)
                  70058eac    00000004     ti_drivers_config.o (.data.gUartConfigNum)
                  70058eb0    00000004     ti_drivers_open_close.o (.data.gUartDmaChConfig)
                  70058eb4    00000004     board.o (.data.test)
                  70058eb8    00000001     drivers.am263px.r5f.ti-arm-clang.release.lib : soc.obj (.data.isMapAvailable)
                  70058eb9    00000003     --HOLE-- [fill = 0]
                  70058ebc    00000001     libc.a : memory.c.obj (.data.memory_is_initialized)
                  70058ebd    00000003     --HOLE-- [fill = 0]

.irqstack 
*          0    70058ec0    00000100     UNINITIALIZED
                  70058ec0    00000100     --HOLE--

.fiqstack 
*          0    70058fc0    00000100     UNINITIALIZED
                  70058fc0    00000100     --HOLE--

.svcstack 
*          0    700590c0    00001000     UNINITIALIZED
                  700590c0    00001000     --HOLE--

.abortstack 
*          0    7005a0c0    00000100     UNINITIALIZED
                  7005a0c0    00000100     --HOLE--

.undefinedstack 
*          0    7005a1c0    00000100     UNINITIALIZED
                  7005a1c0    00000100     --HOLE--

.init_array 
*          0    70040000    00000000     UNINITIALIZED

MODULE SUMMARY

       Module                                code    ro data   rw data
       ------                                ----    -------   -------
    .\
       board.o                               754     544       292    
       PDMtesting.o                          208     63        1      
       int_adc.o                             160     0         0      
       main.o                                28      0         0      
    +--+-------------------------------------+-------+---------+---------+
       Total:                                1150    607       293    
                                                                      
    .\syscfg\
       ti_drivers_config.o                   762     0         3276   
       ti_drivers_open_close.o               2302    812       300    
       ti_power_clock_config.o               180     0         64     
       ti_dpl_config.o                       98      116       28     
       ti_pinmux_config.o                    14      0         200    
       ti_board_config.o                     4       0         0      
       ti_board_open_close.o                 4       0         0      
    +--+-------------------------------------+-------+---------+---------+
       Total:                                3364    928       3868   
                                                                      
    C:/Users/carim/Desktop/mcu_plus_sdk_am263px_10_02_00_15__all/mcu_plus_sdk_am263px_10_02_00_15/source/drivers/lib/drivers.am263px.r5f.ti-arm-clang.release.lib
       edma.obj                              5042    430       0      
       soc_rcm.obj                           2454    443       0      
       uart_v0_lld.obj                       2802    32        0      
       mcspi_v0_lld.obj                      2590    116       0      
       uart_v0.obj                           1760    199       156    
       mcspi_dma_edma.obj                    1960    0         0      
       mcspi_v0.obj                          1192    255       156    
       uart_dma_edma.obj                     1340    0         0      
       soc.obj                               906     52        17     
       adc.obj                               154     134       0      
       gpio.obj                              162     0         0      
       pinmux.obj                            64      0         0      
    +--+-------------------------------------+-------+---------+---------+
       Total:                                20426   1661      329    
                                                                      
    C:/Users/carim/Desktop/mcu_plus_sdk_am263px_10_02_00_15__all/mcu_plus_sdk_am263px_10_02_00_15/source/kernel/nortos/lib/nortos.am263px.r5f.ti-arm-clang.release.lib
       printf.obj                            4052    98        0      
       HwiP_armv7r_vim.obj                   1026    0         2060   
       CacheP_armv7r_asm.obj                 848     0         0      
       ClockP_nortos.obj                     692     90        56     
       HwiP_armv7r_handlers_nortos.obj       732     0         0      
       TimerP_rti_priv.obj                   404     203       0      
       MpuP_armv7r.obj                       514     0         0      
       ClockP_nortos_r5.obj                  268     176       0      
       SemaphoreP_nortos.obj                 328     107       0      
       HwiP_armv7r_handlers_nortos_asm.obj   380     0         0      
       boot_armv7r_asm.obj                   324     0         0      
       CacheP_armv7r.obj                     216     8         0      
       DebugP_log.obj                        154     42        4      
       HwiP_armv7r_asm.obj                   152     0         0      
       MpuP_armv7r_asm.obj                   128     0         0      
       PmuP_armv7r.obj                       102     0         8      
       AddrTranslateP_32bit.obj              82      0         12     
       DebugP_uartLogWriter.obj              70      0         4      
       PmuP_armv7r_asm.obj                   72      0         0      
       HwiP_armv7r_vectors_nortos_asm.obj    64      0         0      
       DebugP_nortos.obj                     56      0         0      
       boot_armv7r.obj                       28      0         0      
       CpuId_armv7r.obj                      26      0         0      
       TimerP_rti_nortos.obj                 24      0         0      
       CpuId_armv7r_asm.obj                  12      0         0      
       TaskP_nortos.obj                      2       0         0      
    +--+-------------------------------------+-------+---------+---------+
       Total:                                10756   724       2144   
                                                                      
    C:\ti\ccs2011\ccs\tools\compiler\ti-cgt-armllvm_4.0.2.LTS\lib\armv7r-ti-none-eabihf/c/libc.a
       memory.c.obj                          1136    0         5      
       strcmp32.S.obj                        924     0         0      
       defs.c.obj                            0       0         404    
       setvbuf.c.obj                         324     0         0      
       getdevice.c.obj                       284     0         0      
       fputc.c.obj                           256     0         0      
       fseek.c.obj                           184     0         0      
       fclose.c.obj                          176     0         0      
       _io_perm.c.obj                        156     0         0      
       fflush.c.obj                          136     0         0      
       exit.c.obj                            92      0         8      
       fopen.c.obj                           88      0         0      
       autoinit.c.obj                        84      0         0      
       memcpy32.S.obj                        28      0         0      
       memset32.S.obj                        24      0         0      
       _lock.c.obj                           4       0         8      
    +--+-------------------------------------+-------+---------+---------+
       Total:                                3896    0         425    
                                                                      
    C:\ti\ccs2011\ccs\tools\compiler\ti-cgt-armllvm_4.0.2.LTS\lib\armv7r-ti-none-eabihf/c/libsysbm.a
       trgmsg.c.obj                          176     0         288    
       hostrename.c.obj                      216     0         0      
       host_device.c.obj                     0       0         200    
       hostopen.c.obj                        148     0         8      
       hostlseek.c.obj                       152     0         0      
       close.c.obj                           140     0         0      
       hostread.c.obj                        132     0         0      
       hostwrite.c.obj                       132     0         0      
       hostunlink.c.obj                      108     0         0      
       hostclose.c.obj                       96      0         0      
       unlink.c.obj                          72      0         0      
       lseek.c.obj                           52      0         0      
       write.c.obj                           52      0         0      
       hostexit.c.obj                        8       0         0      
       remove.c.obj                          4       0         0      
    +--+-------------------------------------+-------+---------+---------+
       Total:                                1488    0         496    
                                                                      
    C:\ti\ccs2011\ccs\tools\compiler\ti-cgt-armllvm_4.0.2.LTS\lib\armv7r-ti-none-eabihf/libclang_rt.builtins.a
       udivmoddi4.S.obj                      280     0         0      
       aeabi_uldivmod.S.obj                  36      0         0      
       aeabi_memset.S.obj                    28      0         0      
       aeabi_div0.c.obj                      4       0         0      
       aeabi_memcpy.S.obj                    4       0         0      
    +--+-------------------------------------+-------+---------+---------+
       Total:                                352     0         0      
                                                                      
       Heap:                                 0       0         32768  
       Stack:                                0       0         16384  
    +--+-------------------------------------+-------+---------+---------+
       Grand Total:                          41432   3920      56707  

VENEERS

callee name               veneer name
   callee addr  veneer addr  call addr  call info
--------------  -----------  ---------  ----------------
HwiP_enableFIQ            $Ven$TA$L$PI$$HwiP_enableFIQ
   70057f44     70057f84     70057a9a   nortos.am263px.r5f.ti-arm-clang.release.lib : HwiP_armv7r_vim.obj (.text.hwi)
CacheP_invL1d             $Ven$TA$L$PI$$CacheP_invL1d
   70058000     700583a8     700583a4   nortos.am263px.r5f.ti-arm-clang.release.lib : CacheP_armv7r.obj (.text.cache)
CacheP_enableL1p          $Ven$TA$L$PI$$CacheP_enableL1p
   70057fe8     700583b0     7005837e   nortos.am263px.r5f.ti-arm-clang.release.lib : CacheP_armv7r.obj (.text.cache)
HwiP_restore              $Ven$TA$L$PI$$HwiP_restore
   70057f54     700583b8     7005835e   nortos.am263px.r5f.ti-arm-clang.release.lib : CacheP_armv7r.obj (.text.cache)
HwiP_restore              $Ven$TA$L$PI$$HwiP_restore
   70057f54     7005863c     700584b8   nortos.am263px.r5f.ti-arm-clang.release.lib : MpuP_armv7r.obj (.text.mpu)
                             700584f6                                               : MpuP_armv7r.obj (.text.mpu)
MpuP_isEnableAsm          $Ven$TA$L$PI$$MpuP_isEnableAsm
   70058614     70058644     70058488   nortos.am263px.r5f.ti-arm-clang.release.lib : MpuP_armv7r.obj (.text.mpu)
HwiP_enable               $Ven$TA$L$PI$$HwiP_enable
   70057f34     70056730     70055930   ti_dpl_config.o (.text.Dpl_init)
HwiP_restore              $Ven$TA$L$PI$$HwiP_restore
   70057f54     70056738     700558f0   nortos.am263px.r5f.ti-arm-clang.release.lib : ClockP_nortos.obj (.text.ClockP_stop)
                             70055b62                                               : ClockP_nortos.obj (.text.ClockP_destruct)
                             70055d22                                               : ClockP_nortos.obj (.text.ClockP_start)
                             70055f5a                                               : SemaphoreP_nortos.obj (.text.SemaphoreP_post)
PmuP_setUserEnable        $Ven$TA$L$PI$$PmuP_setUserEnable
   70055cb4     70056740     70054c7a   nortos.am263px.r5f.ti-arm-clang.release.lib : PmuP_armv7r.obj (.text.pmu)
PmuP_enableCounters       $Ven$TA$L$PI$$PmuP_enableCounters
   70055c94     70056748     70054c48   nortos.am263px.r5f.ti-arm-clang.release.lib : PmuP_armv7r.obj (.text.pmu)

[10 trampolines]
[14 trampoline calls]


GLOBAL SYMBOLS: SORTED ALPHABETICALLY BY Name 

address   name                               
-------   ----                               
7005656b  ADC_setMode                        
70054291  ADC_setPPBTripLimits               
700552cd  AddrTranslateP_getLocalAddr        
70050973  Board_deinit                       
7004e865  Board_driversOpen                  
7005171b  Board_init                         
700566d4  C$$EXIT                            
70055068  C$$IO$$                            
70056429  CSL_armR5GetCpuID                  
70056684  CSL_armR5ReadMpidrReg              
700582a0  CacheP_configForceWrThru           
70058329  CacheP_disable                     
70057f90  CacheP_disableL1d                  
70057fb8  CacheP_disableL1p                  
70058363  CacheP_enable                      
70057fd0  CacheP_enableL1d                   
70057fe8  CacheP_enableL1p                   
70058294  CacheP_getCacheLevelInfo           
7005825c  CacheP_getEnabled                  
700582d1  CacheP_init                        
70058383  CacheP_inv                         
70058000  CacheP_invL1d                      
70058074  CacheP_invL1dAll                   
70058038  CacheP_invL1p                      
7005807c  CacheP_invL1pAll                   
700582c0  CacheP_setDLFO                     
70058084  CacheP_wb                          
700580fc  CacheP_wbAll                       
700580c0  CacheP_wbInv                       
700581a4  CacheP_wbInvAll                    
700581bc  CacheP_wbInvAllAsm                 
70056691  ClockP_Params_init                 
70055371  ClockP_construct                   
70055b2d  ClockP_destruct                    
7005663d  ClockP_getTicks                    
700550cd  ClockP_getTimeUsec                 
700566f9  ClockP_getTimerCount               
700525cb  ClockP_init                        
700566ad  ClockP_isActive                    
70056139  ClockP_sleep                       
70055cf3  ClockP_start                       
700558b5  ClockP_stop                        
700566fd  ClockP_timerClearOverflowInt       
70054d45  ClockP_timerTickIsr                
7005651b  ClockP_usecToTicks                 
70055ec9  ClockP_usleep                      
70054c79  CycleCounterP_enableUserAccess     
70055c84  CycleCounterP_getCount32           
70054c19  CycleCounterP_init                 
70054c4d  CycleCounterP_nsToTicks            
70054c29  CycleCounterP_reset                
700562a7  DebugP_logZoneEnable               
70055b67  DebugP_uartLogWriterPutChar        
70056649  DebugP_uartSetDrvIndex             
700526cf  Dpl_deinit                         
700558f5  Dpl_init                           
7004d6c1  Drivers_adcOpen                    
700554ff  Drivers_edmaOpen                   
700546b9  Drivers_mcspiOpen                  
700540eb  Drivers_open                       
7005554d  Drivers_uartOpen                   
700553c1  EDMA_allocDmaChannel               
70055411  EDMA_allocParam                    
70055461  EDMA_allocTcc                      
70056605  EDMA_ccPaRAMEntry_init             
700545b9  EDMA_close                         
70055cbd  EDMA_clrMissEvtRegion              
70053f33  EDMA_configureChannelRegion        
70051321  EDMA_deinit                        
7005559b  EDMA_disableChInShadowRegRegion    
700549fd  EDMA_disableTransferRegion         
70055f8f  EDMA_enableChInShadowRegRegion     
70054a6b  EDMA_enableTransferRegion          
700503a5  EDMA_freeChannelRegion             
700539a9  EDMA_freeDmaChannel                
70053a49  EDMA_freeParam                     
70053ae9  EDMA_freeTcc                       
70055ab5  EDMA_getBaseAddr                   
[...]
70058eb8  isMapAvailable                     
70055e60  lseek                              
700563b9  main                               
70056678  malloc                             
70050e84  memalign                           
70041690  parmbuf                            
700565f4  putchar                            
700565b3  putchar_                           
70053cc9  read_int_ADC                       
7005672c  remove                             
7005171c  setvbuf                            
7004ec80  strcmp                             
70058eb4  test                               
70055758  unlink                             
70041680  virtToPhymap                       
70056261  vprintf_                           
70055e94  write                              


GLOBAL SYMBOLS: SORTED BY Symbol Address 

address   name                               
-------   ----                               
00000000  __TI_ATRegion0_region_sz           
00000000  __TI_ATRegion0_src_addr            
00000000  __TI_ATRegion0_trg_addr            
00000000  __TI_ATRegion1_region_sz           
00000000  __TI_ATRegion1_src_addr            
00000000  __TI_ATRegion1_trg_addr            
00000000  __TI_ATRegion2_region_sz           
00000000  __TI_ATRegion2_src_addr            
00000000  __TI_ATRegion2_trg_addr            
00000000  __TI_static_base__                 
00000000  _vectors                           
00000100  __ABORT_STACK_SIZE                 
00000100  __FIQ_STACK_SIZE                   
00000100  __IRQ_STACK_SIZE                   
00000100  __UNDEFINED_STACK_SIZE             
00001000  __SVC_STACK_SIZE                   
00004000  __STACK_SIZE                       
00008000  __SYSMEM_SIZE                      
70040000  __BSS_START                        
70040000  gHwiCtrl                           
700412e0  _CIOBUF_                           
700412e0  __CIOBUF_                          
700414e8  intr_objects                       
700415a8  __TI_tmpnams                       
70041648  gClockCtrl                         
70041680  virtToPhymap                       
70041690  parmbuf                            
70041698  gMcspiHandle                       
700416a8  gEdmaHandle                        
700416ac  gUartHandle                        
700416b8  __BSS_END                          
700416b8  _sys_memory                        
700496b8  __stack                            
7004d6b8  __STACK_END                        
7004d6c1  Drivers_adcOpen                    
7004e399  SOC_rcmEnablePeripheralClock       
7004e865  Board_driversOpen                  
7004ec69  MCSPI_deinit                       
7004ec80  strcmp                             
7004f321  UART_open                          
7004f5c9  MCSPI_open                         
7004f861  EDMA_init                          
7004fadd  SOC_rcmSetPeripheralClock          
7004ff69  MCSPI_lld_dmaTransfer              
700503a5  EDMA_freeChannelRegion             
700505a9  MCSPI_lld_controllerIsr            
70050791  GPIO_init                          
70050973  Board_deinit                       
70050975  MCSPI_lld_dmaChInit                
70050cdc  free                               
70050e84  aligned_alloc                      
70050e84  memalign                           
70051029  UART_lld_dmaInit                   
700511bd  EDMA_open                          
70051321  EDMA_deinit                        
70051481  UART_lld_dmaDeInit                 
700515cf  MCSPI_lld_dmaDeInit                
7005171b  Board_init                         
7005171c  setvbuf                            
70051861  TimerP_setupPriv                   
700519a1  SOC_virtToPhy                      
70051add  UART_close                         
70051d47  UART_lld_controllerIsr             
70051f78  __udivmoddi4                       
70052091  SOC_rcmGetPeripheralClockFrequency 
700521a5  UART_lld_write                     
700522b3  init_gpio                          
700525cb  ClockP_init                        
700526cf  Dpl_deinit                         
700526d1  UART_lld_dmaWrite                  
700527d5  MCSPI_close                        
700528d5  UART_write                         
700529d1  MCSPI_lld_initDma                  
70052ac4  fputc                              
70052c9b  SemaphoreP_destruct                
70052c9d  EDMA_unregisterIntr                
70052d6d  GPIO_deinit                        
70052e3d  PDM_testing                        
70052f0d  UART_lld_initDma                   
70052fd8  getdevice                          
700530a1  MCSPI_lld_init                     
70053165  GPIO_bankIsrFxn                    
70053227  TaskP_yield                        
70053229  UART_lld_init                      
700532e9  EDMA_registerIntr                  
700533a4  fseeko                             
70053458  __TI_closefile                     
7005385d  init_global_interrupts             
700539a9  EDMA_freeDmaChannel                
70053a49  EDMA_freeParam                     
70053ae9  EDMA_freeTcc                       
70053b88  HOSTrename                         
70053c29  UART_lld_dmaRead                   
70053cc9  read_int_ADC                       
70053d68  __TI_wrt_ok                        
70053e04  HOSTlseek                          
70053e9d  SemaphoreP_pend                    
70053f33  EDMA_configureChannelRegion        
70053fc8  HOSTopen                           
700540eb  Drivers_open                       
70054177  MCSPI_lld_peripheralIsr            
70054204  close                              
70054291  ADC_setPPBTripLimits               
70054319  UART_init                          
700543a1  UART_procLineStatusErr             
70054428  __TI_doflush                       
700544b0  HOSTread                           
70054534  HOSTwrite                          
700545b9  EDMA_close                         
70054639  UART_flushTxFifo                   
700546b9  Drivers_mcspiOpen                  
700547b5  MCSPI_initiateLastChunkTransfer    
70054831  MCSPI_init                         
7005491b  MCSPI_stop                         
7005498d  MCSPI_lld_dmaStop                  
700549fd  EDMA_disableTransferRegion         
70054a6b  EDMA_enableTransferRegion          
70054ad8  HOSTunlink                         
70054b45  UART_lld_writeDma                  
70054bb1  UART_lld_writeIntr                 
70054c19  CycleCounterP_init                 
70054c29  CycleCounterP_reset                
70054c4d  CycleCounterP_nsToTicks            
70054c79  CycleCounterP_enableUserAccess     
70054c81  SOC_controlModuleUnlockMMR         
70054ce4  HOSTclose                          
70054d45  ClockP_timerTickIsr                
70054da5  GPIO_setTrigType                   
70054e5d  SOC_controlModuleLockMMR           
70054eb9  _DebugP_assert                     
70054f6c  __TI_cleanup                       
70054fc4  __TI_readmsg                       
7005501c  __TI_writemsg                      
70055068  C$$IO$$                            
70055075  init_interrupt                     
700550cd  ClockP_getTimeUsec                 
70055123  UART_intrDisable                   
70055179  UART_writeCancelNoCB               
700551d0  exit                               
70055224  finddevice                         
70055278  __TI_auto_init_nobinit_nopinit     
700552cd  AddrTranslateP_getLocalAddr        
7005531f  MCSPI_lld_deInitDma                
70055371  ClockP_construct                   
700553c1  EDMA_allocDmaChannel               
70055411  EDMA_allocParam                    
70055461  EDMA_allocTcc                      
700554ff  Drivers_edmaOpen                   
7005554d  Drivers_uartOpen                   
7005559b  EDMA_disableChInShadowRegRegion    
700555e9  MCSPI_transferCallback             
70055635  SOC_enableAdcReferenceMonitor      
70055681  SOC_enableAdcGlobalForce           
700556c9  SOC_enableAdcInternalReference     
70055758  unlink                             
700557e9  SOC_getAdcReferenceStatus          
7005582d  UART_Params_init                   
70055871  UART_lld_deInitDma                 
700558b5  ClockP_stop                        
700558f5  Dpl_init                           
70055935  EDMA_mapChToEvtQ                   
70055975  Pinmux_config                      
700559b5  SemaphoreP_constructBinary         
700559f5  UART_lld_deInit                    
70055a75  SemaphoreP_constructMutex          
70055ab5  EDMA_getBaseAddr                   
70055b2d  ClockP_destruct                    
70055b67  DebugP_uartLogWriterPutChar        
70055ba1  Module_clockSetFrequency           
70055bdb  UART_lld_flushTxFifo               
70055c4d  _DebugP_logZone                    
70055c84  CycleCounterP_getCount32           
70055c8c  PmuP_setup                         
70055c94  PmuP_enableCounters                
70055c9c  PmuP_disableCounters               
70055ca4  PmuP_getOverflowStatus             
70055cac  PmuP_clearOverflowStatus           
70055cb4  PmuP_setUserEnable                 
70055cbd  EDMA_clrMissEvtRegion              
70055cf3  ClockP_start                       
70055d27  MCSPI_errorCallback                
70055d5b  Module_clockDisable                
70055d8f  Module_clockEnable                 
70055dc5  SOC_enableAdcDacLoopback           
70055e60  lseek                              
70055e94  write                              
70055ec9  ClockP_usleep                      
70055efb  EDMA_unmapChToEvtQ                 
70055f2d  SemaphoreP_post                    
70055f8f  EDMA_enableChInShadowRegRegion     
70055fed  SOC_rcmGetR5Clock                  
70056019  UART_getHandle                     
70056045  System_init                        
70056097  GPIO_setDirMode                    
700560e9  SOC_moduleSetClockFrequency        
70056111  digitalWrite                       
70056139  ClockP_sleep                       
7005615f  EDMA_setPaRAM                      
70056185  UART_lld_dmaDisableChannel         
7005623c  __aeabi_uldivmod                   
70056261  vprintf_                           
70056285  EDMA_linkChannel                   
700562a7  DebugP_logZoneEnable               
700562e7  TimerP_Params_initPriv             
70056307  UART_getChar                       
70056327  System_deinit                      
70056345  UART_spaceAvail                    
7005637f  MCSPI_lld_deInit                   
7005639d  SOC_rcmIsR5FInLockStepMode         
700563b9  main                               
7005640c  TI_memcpy_small                    
70056429  CSL_armR5GetCpuID                  
70056443  EDMA_readEventStatusRegion         
70056477  MCSPI_lld_dmaInit                  
7005648f  TimerP_getCountPriv                
700564a9  UART_deinit                        
700564c0  TI_memset_small                    
700564d9  MCSPI_reset                        
700564ef  UART_IsTxRxFifoEmpty               
70056505  UART_getIntrIdentityStatus         
7005651b  ClockP_usecToTicks                 
7005652f  EDMA_getRegionId                   
70056543  UART_Transaction_init              
7005656b  ADC_setMode                        
7005658f  UART_operatingModeSelect           
700565a1  UART_readLineStatus                
700565b3  putchar_                           
700565c5  GPIO_bankIntrDisable               
700565d5  UART_intr2Disable                  
700565e4  __aeabi_memset                     
700565e4  __aeabi_memset4                    
700565e4  __aeabi_memset8                    
700565f4  putchar                            
70056605  EDMA_ccPaRAMEntry_init             
70056613  GPIO_bankIntrEnable                
70056621  Pinmux_init                        
7005662f  PowerClock_init                    
7005663d  ClockP_getTicks                    
70056649  DebugP_uartSetDrvIndex             
70056655  EDMA_isInitialized                 
70056661  SOC_getSelfCpuClk                  
7005666c  __aeabi_memclr                     
7005666c  __aeabi_memclr4                    
7005666c  __aeabi_memclr8                    
70056678  malloc                             
70056684  CSL_armR5ReadMpidrReg              
70056691  ClockP_Params_init                 
7005669b  EDMA_isInterruptEnabled            
700566ad  ClockP_isActive                    
700566b7  TimerP_getReloadCountPriv          
700566c1  TimerP_startPriv                   
700566cb  UART_lld_Transaction_deInit        
700566d4  C$$EXIT                            
700566d4  HOSTexit                           
700566dd  TimerP_clearOverflowIntPriv        
700566ed  SOC_moduleClockEnable              
700566f9  ClockP_getTimerCount               
700566fd  ClockP_timerClearOverflowInt       
70056701  PowerClock_deinit                  
70056705  TimerP_Params_init                 
70056709  TimerP_clearOverflowInt            
7005670d  TimerP_getCount                    
70056711  TimerP_getReloadCount              
70056715  TimerP_setup                       
70056719  TimerP_start                       
7005671c  __aeabi_ldiv0                      
70056720  __aeabi_memcpy                     
70056720  __aeabi_memcpy4                    
70056720  __aeabi_memcpy8                    
70056724  _nop                               
70056728  fseek                              
7005672c  remove                             
700567dc  gCacheConfig                       
700567e4  gMpuConfig                         
700567f0  gMpuRegionConfig                   
700568f8  gADPLLJConfigTbl                   
700571dc  gPeripheralClkSrcInfoMap           
700576a8  gCacheL1dCacheLineSize             
700576ac  gCacheL1pCacheLineSize             
700576b9  HwiP_enableInt                     
700576e1  HwiP_disableInt                    
70057713  HwiP_restoreInt                    
70057769  HwiP_clearInt                      
70057789  HwiP_post                          
700577b1  HwiP_Params_init                   
700577c3  HwiP_construct                     
7005790b  HwiP_destruct                      
700579dd  HwiP_init                          
70057a9f  HwiP_inISR                         
70057abb  HwiP_irq_handler_c                 
70057b3f  HwiP_fiq_handler                   
70057bef  HwiP_reserved_handler              
70057c1d  HwiP_undefined_handler_c           
70057c3b  HwiP_user_undefined_handler_c      
70057c4f  HwiP_svc_handler                   
70057c7d  HwiP_prefetch_abort_handler_c      
70057cf7  HwiP_user_prefetch_abort_handler_c 
70057d07  HwiP_data_abort_handler_c          
70057d87  HwiP_user_data_abort_handler_c     
70057d98  HwiP_irq_handler                   
70057e0c  HwiP_data_abort_handler            
70057e50  HwiP_prefetch_abort_handler        
70057e9c  HwiP_undefined_handler             
70057ecc  GET_DFSR                           
70057ed4  GET_ADFSR                          
70057edc  GET_DFAR                           
70057ee4  GET_IFSR                           
70057eec  GET_AIFSR                          
70057ef4  GET_IFAR                           
70057efc  GET_SPSR                           
70057f14  HwiP_disable                       
70057f24  HwiP_disableFIQ                    
70057f34  HwiP_enable                        
70057f44  HwiP_enableFIQ                     
70057f54  HwiP_restore                       
70057f5c  HwiP_enableVIC                     
70057f6c  HwiP_disableVIC                    
70057f7c  HwiP_getCPSR                       
70057f90  CacheP_disableL1d                  
70057fb8  CacheP_disableL1p                  
70057fd0  CacheP_enableL1d                   
70057fe8  CacheP_enableL1p                   
70058000  CacheP_invL1d                      
70058038  CacheP_invL1p                      
70058074  CacheP_invL1dAll                   
7005807c  CacheP_invL1pAll                   
70058084  CacheP_wb                          
700580c0  CacheP_wbInv                       
700580fc  CacheP_wbAll                       
700581a4  CacheP_wbInvAll                    
700581bc  CacheP_wbInvAllAsm                 
7005825c  CacheP_getEnabled                  
70058294  CacheP_getCacheLevelInfo           
700582a0  CacheP_configForceWrThru           
700582c0  CacheP_setDLFO                     
700582d1  CacheP_init                        
70058329  CacheP_disable                     
70058363  CacheP_enable                      
70058383  CacheP_inv                         
700583c1  MpuP_getAttrs                      
70058401  MpuP_RegionAttrs_init              
7005840f  MpuP_setRegion                     
70058489  MpuP_isEnable                      
7005848d  MpuP_disable                       
700584bf  MpuP_enable                        
700584fb  MpuP_init                          
7005855d  MpuP_isUserAuthorizedToAccessMemory
700585c4  MpuP_disableAsm                    
700585dc  MpuP_disableBRAsm                  
700585ec  MpuP_enableAsm                     
70058604  MpuP_enableBRAsm                   
70058614  MpuP_isEnableAsm                   
70058628  MpuP_setRegionAsm                  
70058650  _c_int00_sbl                       
70058674  _c_int00                           
70058795  _DebugP_assertNoLog                
700587b3  _system_pre_init                   
700587cf  __mpu_init                         
700587e0  abort                              
700587e8  _ftable                            
700587e8  gMcspiDmaHandle                    
700587e8  gUartDmaHandle                     
70058b60  _device                            
70058bd8  intr_pins                          
70058c38  gUartParams                        
70058c90  _stream                            
70058d28  gSpi0ChCfg                         
70058d68  gSpi1ChCfg                         
70058da8  gSocModulesClockFrequency          
70058dd8  gMcspiOpenParams                   
70058e00  gClockConfig                       
70058e18  gMcspiConfig                       
70058e28  gSocModules                        
70058e38  gAddrTranslateConfig               
70058e44  __TI_cleanup_ptr                   
70058e48  __TI_dtors_ptr                     
70058e4c  gConfigMcspiChCfg                  
70058e54  gEdmaConfig                        
70058e5c  gEdmaParams                        
70058e64  gMcspiDmaChConfig                  
70058e6c  gMcspiNumCh                        
70058e7c  gUartConfig                        
70058e84  __TI_ft_end                        
70058e90  _lock                              
70058e94  _unlock                            
70058e98  gDebugLogZone                      
70058e9c  gDebugP_uartDrvIndex               
70058ea0  gEdmaConfigNum                     
70058ea4  gHwiConfig                         
70058ea8  gMcspiConfigNum                    
70058eac  gUartConfigNum                     
70058eb0  gUartDmaChConfig                   
70058eb4  test                               
70058eb8  isMapAvailable                     
70058ec0  __IRQ_STACK_START                  
70058fc0  __FIQ_STACK_START                  
70058fc0  __IRQ_STACK_END                    
700590c0  __FIQ_STACK_END                    
700590c0  __SVC_STACK_START                  
7005a0c0  __ABORT_STACK_START                
7005a0c0  __SVC_STACK_END                    
7005a1c0  __ABORT_STACK_END                  
7005a1c0  __UNDEFINED_STACK_START            
7005a2c0  __UNDEFINED_STACK_END              
ffffffff  __TI_pprof_out_hndl                
ffffffff  __TI_prof_data_size                
ffffffff  __TI_prof_data_start               
ffffffff  __binit__                          
ffffffff  binit                              
UNDEFED   __TI_CINIT_Base                    
UNDEFED   __TI_CINIT_Limit                   
UNDEFED   __TI_Handler_Table_Base            
UNDEFED   __TI_Handler_Table_Limit           
UNDEFED   _system_post_cinit                 

[414 symbols]
