******************************************************************************
            TI ARM Clang Linker PC v4.0.2                      
******************************************************************************
>> Linked Fri Jun  6 11:18:54 2025

OUTPUT FILE NAME:   <second_stage_PDM_testing.out>
ENTRY POINT SYMBOL: "_vectors"  address: 00000000


MEMORY CONFIGURATION

         name            origin    length      used     unused   attr    fill
----------------------  --------  ---------  --------  --------  ----  --------
  R5F_VECS              00000000   00000040  00000040  00000000  RWIX
  R5F_TCMA              00000040   00007fc0  00000000  00007fc0  RWIX
  R5F_TCMB              00080000   00008000  00000000  00008000  RWIX
  MAILBOX_HSM           44000000   000003ce  00000000  000003ce  RWIX
  MAILBOX_R5F           44000400   000003ce  00000000  000003ce  RWIX
  FLASH                 60100000   00080000  00000000  00080000  RWIX
  SBL                   70000000   00040000  00000000  00040000  RWIX
  OCRAM                 70040000   00040000  00016308  00029cf8  RWIX
  USER_SHM_MEM          701d0000   00004000  00000000  00004000  RWIX
  LOG_SHM_MEM           701d4000   00004000  00000000  00004000  RWIX
  RTOS_NORTOS_IPC_SHM_M 72000000   00003e80  00000000  00003e80  RWIX


SEGMENT ALLOCATION MAP

run origin  load origin   length   init length attrs members
----------  ----------- ---------- ----------- ----- -------
00000000    00000000    00000040   00000040    r-x
  00000000    00000000    00000040   00000040    r-x .vectors
70040000    70040000    0000ce50   00000000    rw-
  70040000    70040000    00000e50   00000000    rw- .bss
  70040e50    70040e50    00008000   00000000    rw- .sysmem
  70048e50    70048e50    00004000   00000000    rw- .stack
7004ce60    7004ce60    00007ce8   00007ce8    r-x
  7004ce60    7004ce60    00006340   00006340    r-x .text
  700531a0    700531a0    00000878   00000878    r-- .rodata
  70053a18    70053a18    000008d8   000008d8    r-x .text.hwi
  700542f0    700542f0    00000430   00000430    r-x .text.cache
  70054720    70054720    00000290   00000290    r-x .text.mpu
  700549b0    700549b0    00000190   00000190    r-x .text.boot
  70054b40    70054b40    00000008   00000008    r-x .text:abort
70054b48    70054b48    000017d0   000003d0    rw-
  70054b48    70054b48    000003d0   000003d0    rw- .data
  70054f18    70054f18    00000100   00000000    rw- .irqstack
  70055018    70055018    00000100   00000000    rw- .fiqstack
  70055118    70055118    00001000   00000000    rw- .svcstack
  70056118    70056118    00000100   00000000    rw- .abortstack
  70056218    70056218    00000100   00000000    rw- .undefinedstack


SECTION ALLOCATION MAP

 output                                  attributes/
section   page    origin      length       input sections
--------  ----  ----------  ----------   ----------------
.vectors   0    00000000    00000040     
                  00000000    00000040     nortos.am263px.r5f.ti-arm-clang.release.lib : HwiP_armv7r_vectors_nortos_asm.obj (.vectors)

.bss       0    70040000    00000e50     UNINITIALIZED
                  70040000    00000808     (.common:gHwiCtrl)
                  70040808    00000368     ti_drivers_config.o (.bss.gUartObjects)
                  70040b70    00000120     libsysbm.a : trgmsg.c.obj (.bss:_CIOBUF_)
                  70040c90    000000c0     (.common:intr_objects)
                  70040d50    000000a0     libc.a : defs.c.obj (.bss.__TI_tmpnams)
                  70040df0    00000038     (.common:gClockCtrl)
                  70040e28    00000010     (.common:virtToPhymap)
                  70040e38    00000008     libsysbm.a : hostopen.c.obj (.bss.parmbuf)
                  70040e40    00000004     nortos.am263px.r5f.ti-arm-clang.release.lib : HwiP_armv7r_vim.obj (.bss.gdummy)
                  70040e44    00000004     libc.a : memory.c.obj (.bss.sys_free)
                  70040e48    00000004     (.common:gUartHandle)
                  70040e4c    00000004     --HOLE--

.sysmem    0    70040e50    00008000     UNINITIALIZED
                  70040e50    00000010     libc.a : memory.c.obj (.sysmem)
                  70040e60    00007ff0     --HOLE--

.stack     0    70048e50    00004000     UNINITIALIZED
                  70048e50    00000004     nortos.am263px.r5f.ti-arm-clang.release.lib : boot_armv7r_asm.obj (.stack)
                  70048e54    00003ffc     --HOLE--

.text      0    7004ce60    00006340     
                  7004ce60    00000580     nortos.am263px.r5f.ti-arm-clang.release.lib : printf.obj (.text._vsnprintf)
                  7004d3e0    000004cc     drivers.am263px.r5f.ti-arm-clang.release.lib : soc_rcm.obj (.text.SOC_rcmEnablePeripheralClock)
                  7004d8ac    00000004     ti_board_open_close.o (.text.Board_driversOpen)
                  7004d8b0    00000400     nortos.am263px.r5f.ti-arm-clang.release.lib : printf.obj (.text._ftoa)
                  7004dcb0    00000010     drivers.am263px.r5f.ti-arm-clang.release.lib : gpio.obj (.text.GPIO_bankIntrDisable)
                  7004dcc0    00000390     libc.a : strcmp32.S.obj (.text:strcmp)
                  7004e050    00000310     nortos.am263px.r5f.ti-arm-clang.release.lib : printf.obj (.text._etoa)
                  7004e360    000002a8     drivers.am263px.r5f.ti-arm-clang.release.lib : uart_v0.obj (.text.UART_open)
                  7004e608    00000250                                                  : soc_rcm.obj (.text.SOC_rcmSetPeripheralClock)
                  7004e858    0000023c                                                  : uart_v0_lld.obj (.text.UART_configInstance)
                  7004ea94    00000204                                                  : edma.obj (.text.EDMA_freeChannelRegion)
                  7004ec98    000001a8     libc.a : memory.c.obj (.text.free)
                  7004ee40    000001a4            : memory.c.obj (.text.aligned_alloc)
                  7004efe4    00000194     drivers.am263px.r5f.ti-arm-clang.release.lib : uart_dma_edma.obj (.text.UART_lld_dmaInit)
                  7004f178    0000017a     ti_drivers_config.o (.text.GPIO_init)
                  7004f2f2    0000014e     drivers.am263px.r5f.ti-arm-clang.release.lib : uart_dma_edma.obj (.text.UART_lld_dmaDeInit)
                  7004f440    00000144     libc.a : setvbuf.c.obj (.text.setvbuf)
                  7004f584    00000140     nortos.am263px.r5f.ti-arm-clang.release.lib : TimerP_rti_priv.obj (.text.TimerP_setupPriv)
                  7004f6c4    0000013c     drivers.am263px.r5f.ti-arm-clang.release.lib : soc.obj (.text.SOC_virtToPhy)
                  7004f800    00000138                                                  : uart_v0.obj (.text.UART_close)
                  7004f938    00000132     nortos.am263px.r5f.ti-arm-clang.release.lib : printf.obj (.text._ntoa_format)
                  7004fa6a    0000011a     drivers.am263px.r5f.ti-arm-clang.release.lib : uart_v0_lld.obj (.text.UART_lld_controllerIsr)
                  7004fb84    00000118                                                  : edma.obj (.text.Alloc_resource)
                  7004fc9c    00000118     libclang_rt.builtins.a : udivmoddi4.S.obj (.text)
                  7004fdb4    00000114     drivers.am263px.r5f.ti-arm-clang.release.lib : soc_rcm.obj (.text.SOC_rcmGetPeripheralClockFrequency)
                  7004fec8    0000010e                                                  : uart_v0_lld.obj (.text.UART_lld_write)
                  7004ffd6    00000104     nortos.am263px.r5f.ti-arm-clang.release.lib : ClockP_nortos_r5.obj (.text.ClockP_init)
                  700500da    00000002     ti_board_config.o (.text.Board_deinit)
                  700500dc    00000104     drivers.am263px.r5f.ti-arm-clang.release.lib : uart_dma_edma.obj (.text.UART_lld_dmaWrite)
                  700501e0    000000fc                                                  : uart_v0.obj (.text.UART_write)
                  700502dc    000000f0     libc.a : fputc.c.obj (.text.fputc)
                  700503cc    000000d2     ti_drivers_config.o (.text.GPIO_deinit)
                  7005049e    00000002     ti_board_config.o (.text.Board_init)
                  700504a0    000000d0     drivers.am263px.r5f.ti-arm-clang.release.lib : edma.obj (.text.EDMA_unregisterIntr)
                  70050570    000000cc                                                  : uart_v0_lld.obj (.text.UART_lld_initDma)
                  7005063c    000000c8     libc.a : getdevice.c.obj (.text.getdevice)
                  70050704    000000c0     drivers.am263px.r5f.ti-arm-clang.release.lib : uart_v0_lld.obj (.text.UART_lld_init)
                  700507c4    000000bc                                                  : edma.obj (.text.EDMA_registerIntr)
                  70050880    000000b4     libc.a : fseek.c.obj (.text.fseeko)
                  70050934    000000b0            : fclose.c.obj (.text.__TI_closefile)
                  700509e4    000000b0     nortos.am263px.r5f.ti-arm-clang.release.lib : printf.obj (.text._ntoa_long_long)
                  70050a94    000000ac     drivers.am263px.r5f.ti-arm-clang.release.lib : soc_rcm.obj (.text.SOC_rcmGetCoreHSDivOut)
                  70050b40    000000ac                                                  : uart_v0_lld.obj (.text.UART_divisorLatchWrite)
                  70050bec    000000a6     nortos.am263px.r5f.ti-arm-clang.release.lib : printf.obj (.text._out_rev)
                  70050c92    00000002     ti_dpl_config.o (.text.Dpl_deinit)
                  70050c94    000000a4     libc.a : memory.c.obj (.text.split)
                  70050d38    000000a2     PDMtesting.o (.text.init_gpio)
                  70050dda    00000002     nortos.am263px.r5f.ti-arm-clang.release.lib : SemaphoreP_nortos.obj (.text.SemaphoreP_destruct)
                  70050ddc    000000a0     drivers.am263px.r5f.ti-arm-clang.release.lib : edma.obj (.text.EDMA_freeDmaChannel)
                  70050e7c    000000a0                                                  : edma.obj (.text.EDMA_freeParam)
                  70050f1c    000000a0                                                  : edma.obj (.text.EDMA_freeTcc)
                  70050fbc    000000a0     libsysbm.a : hostrename.c.obj (.text.HOSTrename)
                  7005105c    000000a0     drivers.am263px.r5f.ti-arm-clang.release.lib : uart_dma_edma.obj (.text.UART_lld_dmaRead)
                  700510fc    0000009c     libc.a : _io_perm.c.obj (.text.__TI_wrt_ok)
                  70051198    00000098     libsysbm.a : hostlseek.c.obj (.text.HOSTlseek)
                  70051230    00000096     nortos.am263px.r5f.ti-arm-clang.release.lib : SemaphoreP_nortos.obj (.text.SemaphoreP_pend)
                  700512c6    00000094     drivers.am263px.r5f.ti-arm-clang.release.lib : edma.obj (.text.EDMA_configureChannelRegion)
                  7005135a    00000002     nortos.am263px.r5f.ti-arm-clang.release.lib : TaskP_nortos.obj (.text.TaskP_yield)
                  7005135c    00000094     libsysbm.a : hostopen.c.obj (.text.HOSTopen)
                  700513f0    0000008e     nortos.am263px.r5f.ti-arm-clang.release.lib : printf.obj (.text._ntoa_long)
                  7005147e    00000002     drivers.am263px.r5f.ti-arm-clang.release.lib : uart_dma_edma.obj (.text.UART_edmaDoNothing)
                  70051480    0000008c     libsysbm.a : close.c.obj (.text.close)
                  7005150c    00000088     drivers.am263px.r5f.ti-arm-clang.release.lib : uart_v0.obj (.text.UART_init)
                  70051594    00000088                                                  : uart_v0_lld.obj (.text.UART_procLineStatusErr)
                  7005161c    00000088     libc.a : fflush.c.obj (.text.__TI_doflush)
                  700516a4    00000084     libsysbm.a : hostread.c.obj (.text.HOSTread)
                  70051728    00000084                : hostwrite.c.obj (.text.HOSTwrite)
                  700517ac    00000080     drivers.am263px.r5f.ti-arm-clang.release.lib : uart_v0.obj (.text.UART_flushTxFifo)
                  7005182c    0000006e                                                  : edma.obj (.text.EDMA_disableTransferRegion)
                  7005189a    0000006e                                                  : edma.obj (.text.EDMA_enableTransferRegion)
                  70051908    0000006c     libsysbm.a : hostunlink.c.obj (.text.HOSTunlink)
                  70051974    0000006c     drivers.am263px.r5f.ti-arm-clang.release.lib : uart_v0_lld.obj (.text.UART_lld_writeDma)
                  700519e0    00000068                                                  : uart_v0_lld.obj (.text.UART_lld_writeIntr)
                  70051a48    00000066     nortos.am263px.r5f.ti-arm-clang.release.lib : PmuP_armv7r.obj (.text.pmu)
                  70051aae    00000002     drivers.am263px.r5f.ti-arm-clang.release.lib : uart_v0.obj (.text.UART_lld_errorCallback)
                  70051ab0    00000064                                                  : soc.obj (.text.SOC_controlModuleUnlockMMR)
                  70051b14    00000060     libsysbm.a : hostclose.c.obj (.text.HOSTclose)
                  70051b74    0000005e     nortos.am263px.r5f.ti-arm-clang.release.lib : ClockP_nortos.obj (.text.ClockP_timerTickIsr)
                  70051bd2    0000005e     PDMtesting.o (.text.init_interrupts)
                  70051c30    0000005c     drivers.am263px.r5f.ti-arm-clang.release.lib : gpio.obj (.text.GPIO_setTrigType)
                  70051c8c    0000005c                                                  : soc.obj (.text.SOC_controlModuleLockMMR)
                  70051ce8    0000005c     nortos.am263px.r5f.ti-arm-clang.release.lib : DebugP_log.obj (.text._DebugP_assert)
                  70051d44    00000058     libc.a : fopen.c.obj (.text.__TI_cleanup)
                  70051d9c    00000058     libsysbm.a : trgmsg.c.obj (.text.__TI_readmsg)
                  70051df4    00000058                : trgmsg.c.obj (.text.__TI_writemsg)
                  70051e4c    00000056     nortos.am263px.r5f.ti-arm-clang.release.lib : ClockP_nortos.obj (.text.ClockP_getTimeUsec)
                  70051ea2    00000056     drivers.am263px.r5f.ti-arm-clang.release.lib : uart_v0_lld.obj (.text.UART_intrDisable)
                  70051ef8    00000056                                                  : uart_v0_lld.obj (.text.UART_writeCancelNoCB)
                  70051f4e    00000002     nortos.am263px.r5f.ti-arm-clang.release.lib : printf.obj (.text._out_null)
                  70051f50    00000054     libc.a : exit.c.obj (.text.exit)
                  70051fa4    00000054            : getdevice.c.obj (.text.finddevice)
                  70051ff8    00000054            : autoinit.c.obj (.text:__TI_auto_init_nobinit_nopinit)
                  7005204c    00000052     nortos.am263px.r5f.ti-arm-clang.release.lib : AddrTranslateP_32bit.obj (.text.AddrTranslateP_getLocalAddr)
                  7005209e    00000050                                                 : ClockP_nortos.obj (.text.ClockP_construct)
                  700520ee    00000002     --HOLE-- [fill = 0]
                  700520f0    00000050     drivers.am263px.r5f.ti-arm-clang.release.lib : edma.obj (.text.EDMA_allocDmaChannel)
                  70052140    00000050                                                  : edma.obj (.text.EDMA_allocParam)
                  70052190    00000050                                                  : edma.obj (.text.EDMA_allocTcc)
                  700521e0    0000004e     nortos.am263px.r5f.ti-arm-clang.release.lib : ClockP_nortos.obj (.text.ClockP_addToList)
                  7005222e    0000004e     drivers.am263px.r5f.ti-arm-clang.release.lib : edma.obj (.text.EDMA_disableChInShadowRegRegion)
                  7005227c    0000004c     ti_drivers_open_close.o (.text.Drivers_uartOpen)
                  700522c8    00000048     drivers.am263px.r5f.ti-arm-clang.release.lib : uart_dma_edma.obj (.text.UART_edmaIsrRx)
                  70052310    00000048     libsysbm.a : unlink.c.obj (.text.unlink)
                  70052358    00000046     drivers.am263px.r5f.ti-arm-clang.release.lib : uart_dma_edma.obj (.text.UART_edmaIsrTx)
                  7005239e    00000044                                                  : uart_v0.obj (.text.UART_Params_init)
                  700523e2    00000044                                                  : uart_v0_lld.obj (.text.UART_lld_deInitDma)
                  70052426    00000040     nortos.am263px.r5f.ti-arm-clang.release.lib : ClockP_nortos.obj (.text.ClockP_stop)
                  70052466    00000040     ti_dpl_config.o (.text.Dpl_init)
                  700524a6    00000040     drivers.am263px.r5f.ti-arm-clang.release.lib : edma.obj (.text.EDMA_mapChToEvtQ)
                  700524e6    00000002     --HOLE-- [fill = 0]
                  700524e8    00000040                                                  : pinmux.obj (.text.Pinmux_config)
                  70052528    00000040     nortos.am263px.r5f.ti-arm-clang.release.lib : SemaphoreP_nortos.obj (.text.SemaphoreP_constructBinary)
                  70052568    00000040     drivers.am263px.r5f.ti-arm-clang.release.lib : uart_v0_lld.obj (.text.UART_lld_deInit)
                  700525a8    00000040     libc.a : memory.c.obj (.text.free_list_insert)
                  700525e8    0000003e     nortos.am263px.r5f.ti-arm-clang.release.lib : SemaphoreP_nortos.obj (.text.SemaphoreP_constructMutex)
                  70052626    00000002     --HOLE-- [fill = 0]
                  70052628    0000003c     drivers.am263px.r5f.ti-arm-clang.release.lib : edma.obj (.text.EDMA_getBaseAddr)
                  70052664    0000003c     PDMtesting.o (.text.GPIO_bankIsrFxn)
                  700526a0    0000003c     PDMtesting.o (.text.PDM_testing)
                  700526dc    0000003c     drivers.am263px.r5f.ti-arm-clang.release.lib : uart_v0_lld.obj (.text.UART_readData)
                  70052718    0000003a     nortos.am263px.r5f.ti-arm-clang.release.lib : ClockP_nortos.obj (.text.ClockP_destruct)
                  70052752    0000003a                                                 : DebugP_uartLogWriter.obj (.text.DebugP_uartLogWriterPutChar)
                  7005278c    0000003a     ti_power_clock_config.o (.text.Module_clockSetFrequency)
                  700527c6    0000003a     drivers.am263px.r5f.ti-arm-clang.release.lib : uart_v0_lld.obj (.text.UART_lld_flushTxFifo)
                  70052800    00000038                                                  : soc_rcm.obj (.text.SOC_rcmADPLLJGetFOut)
                  70052838    00000038     nortos.am263px.r5f.ti-arm-clang.release.lib : DebugP_nortos.obj (.text._DebugP_logZone)
                  70052870    00000038                                                 : PmuP_armv7r_asm.obj (.text.pmu)
                  700528a8    00000036     drivers.am263px.r5f.ti-arm-clang.release.lib : edma.obj (.text.EDMA_clrMissEvtRegion)
                  700528de    00000034     nortos.am263px.r5f.ti-arm-clang.release.lib : ClockP_nortos.obj (.text.ClockP_start)
                  70052912    00000034     ti_power_clock_config.o (.text.Module_clockDisable)
                  70052946    00000034     ti_power_clock_config.o (.text.Module_clockEnable)
                  7005297a    00000002     --HOLE-- [fill = 0]
                  7005297c    00000034     drivers.am263px.r5f.ti-arm-clang.release.lib : soc_rcm.obj (.text.SOC_rcmGetModuleClkDivVal)
                  700529b0    00000034     libc.a : memory.c.obj (.text.free_list_remove)
                  700529e4    00000034     libsysbm.a : lseek.c.obj (.text.lseek)
                  70052a18    00000034                : write.c.obj (.text.write)
                  70052a4c    00000032     drivers.am263px.r5f.ti-arm-clang.release.lib : edma.obj (.text.EDMA_unmapChToEvtQ)
                  70052a7e    00000032     nortos.am263px.r5f.ti-arm-clang.release.lib : SemaphoreP_nortos.obj (.text.SemaphoreP_post)
                  70052ab0    00000030     ti_drivers_open_close.o (.text.Drivers_open)
                  70052ae0    00000030     drivers.am263px.r5f.ti-arm-clang.release.lib : uart_v0.obj (.text.UART_lld_writeCompleteCallback)
                  70052b10    0000002e                                                  : edma.obj (.text.EDMA_enableChInShadowRegRegion)
                  70052b3e    0000002e                                                  : uart_v0.obj (.text.UART_lld_readCompleteCallback)
                  70052b6c    0000002c                                                  : soc_rcm.obj (.text.SOC_rcmGetR5Clock)
                  70052b98    0000002c                                                  : uart_v0.obj (.text.UART_getHandle)
                  70052bc4    00000028     nortos.am263px.r5f.ti-arm-clang.release.lib : ClockP_nortos.obj (.text.ClockP_sleepTicks)
                  70052bec    00000028     drivers.am263px.r5f.ti-arm-clang.release.lib : gpio.obj (.text.GPIO_setDirMode)
                  70052c14    00000028                                                  : soc.obj (.text.SOC_moduleSetClockFrequency)
                  70052c3c    00000026     nortos.am263px.r5f.ti-arm-clang.release.lib : ClockP_nortos.obj (.text.ClockP_sleep)
                  70052c62    00000026     drivers.am263px.r5f.ti-arm-clang.release.lib : edma.obj (.text.EDMA_setPaRAM)
                  70052c88    00000026                                                  : uart_dma_edma.obj (.text.UART_lld_dmaDisableChannel)
                  70052cae    00000002     --HOLE-- [fill = 0]
                  70052cb0    00000024                                                  : uart_v0_lld.obj (.text.UART_IsHWFlowCtrlValid)
                  70052cd4    00000024                                                  : uart_v0_lld.obj (.text.UART_IsRxTrigLvlValid)
                  70052cf8    00000024                                                  : uart_v0_lld.obj (.text.UART_IsTxTrigLvlValid)
                  70052d1c    00000024     libclang_rt.builtins.a : aeabi_uldivmod.S.obj (.text.__aeabi_uldivmod)
                  70052d40    00000024     nortos.am263px.r5f.ti-arm-clang.release.lib : printf.obj (.text.vprintf_)
                  70052d64    00000022     drivers.am263px.r5f.ti-arm-clang.release.lib : edma.obj (.text.EDMA_linkChannel)
                  70052d86    00000022     ti_drivers_config.o (.text.System_init)
                  70052da8    00000020     nortos.am263px.r5f.ti-arm-clang.release.lib : DebugP_log.obj (.text.DebugP_logZoneEnable)
                  70052dc8    00000020                                                 : TimerP_rti_priv.obj (.text.TimerP_Params_initPriv)
                  70052de8    00000020     drivers.am263px.r5f.ti-arm-clang.release.lib : uart_v0_lld.obj (.text.UART_getChar)
                  70052e08    0000001e                                                  : uart_v0_lld.obj (.text.UART_spaceAvail)
                  70052e26    00000002     --HOLE-- [fill = 0]
                  70052e28    0000001c                                                  : soc_rcm.obj (.text.SOC_rcmIsR5FInLockStepMode)
                  70052e44    0000001c     main.o (.text.main)
                  70052e60    0000001c     libsysbm.a : hostrename.c.obj (.text.strcpy)
                  70052e7c    0000001c                : hostrename.c.obj (.text.strlen)
                  70052e98    0000001c     libc.a : memcpy32.S.obj (.text:TI_memcpy_small)
                  70052eb4    0000001a     nortos.am263px.r5f.ti-arm-clang.release.lib : CpuId_armv7r.obj (.text.CSL_armR5GetCpuID)
                  70052ece    0000001a     drivers.am263px.r5f.ti-arm-clang.release.lib : edma.obj (.text.EDMA_readEventStatusRegion)
                  70052ee8    0000001a                                                  : uart_v0_lld.obj (.text.UART_enhanFuncEnable)
                  70052f02    00000018     nortos.am263px.r5f.ti-arm-clang.release.lib : TimerP_rti_priv.obj (.text.TimerP_getCountPriv)
                  70052f1a    00000002     --HOLE-- [fill = 0]
                  70052f1c    00000018     drivers.am263px.r5f.ti-arm-clang.release.lib : uart_v0.obj (.text.UART_deinit)
                  70052f34    00000018     libc.a : memset32.S.obj (.text:TI_memset_small)
                  70052f4c    00000016     ti_drivers_config.o (.text.System_deinit)
                  70052f62    00000016     drivers.am263px.r5f.ti-arm-clang.release.lib : uart_v0_lld.obj (.text.UART_IsTxRxFifoEmpty)
                  70052f78    00000016                                                  : uart_v0_lld.obj (.text.UART_getIntrIdentityStatus)
                  70052f8e    00000014     nortos.am263px.r5f.ti-arm-clang.release.lib : ClockP_nortos.obj (.text.ClockP_usecToTicks)
                  70052fa2    00000014     drivers.am263px.r5f.ti-arm-clang.release.lib : edma.obj (.text.EDMA_getRegionId)
                  70052fb6    00000014                                                  : uart_v0.obj (.text.UART_Transaction_init)
                  70052fca    00000014                                                  : uart_v0_lld.obj (.text.UART_enhanFuncBitValRestore)
                  70052fde    00000012                                                  : uart_v0_lld.obj (.text.UART_hardwareFlowCtrlOptSet)
                  70052ff0    00000012                                                  : uart_v0_lld.obj (.text.UART_operatingModeSelect)
                  70053002    00000012                                                  : uart_v0_lld.obj (.text.UART_readLineStatus)
                  70053014    00000012     ti_dpl_config.o (.text.putchar_)
                  70053026    00000010     drivers.am263px.r5f.ti-arm-clang.release.lib : uart_v0_lld.obj (.text.UART_intr2Disable)
                  70053036    00000002     --HOLE-- [fill = 0]
                  70053038    00000010     libclang_rt.builtins.a : aeabi_memset.S.obj (.text.__aeabi_memset)
                  70053048    00000010     libc.a : fputc.c.obj (.text.putchar)
                  70053058    0000000e     drivers.am263px.r5f.ti-arm-clang.release.lib : edma.obj (.text.EDMA_ccPaRAMEntry_init)
                  70053066    0000000e                                                  : gpio.obj (.text.GPIO_bankIntrEnable)
                  70053074    0000000e     ti_pinmux_config.o (.text.Pinmux_init)
                  70053082    0000000e     ti_power_clock_config.o (.text.PowerClock_init)
                  70053090    0000000c     nortos.am263px.r5f.ti-arm-clang.release.lib : ClockP_nortos.obj (.text.ClockP_getTicks)
                  7005309c    0000000c                                                 : DebugP_uartLogWriter.obj (.text.DebugP_uartSetDrvIndex)
                  700530a8    0000000c     drivers.am263px.r5f.ti-arm-clang.release.lib : soc.obj (.text.SOC_getSelfCpuClk)
                  700530b4    0000000c     libclang_rt.builtins.a : aeabi_memset.S.obj (.text.__aeabi_memclr)
                  700530c0    0000000c     libc.a : memory.c.obj (.text.malloc)
                  700530cc    0000000c     nortos.am263px.r5f.ti-arm-clang.release.lib : CpuId_armv7r_asm.obj (.text)
                  700530d8    00000008     libsysbm.a : hostexit.c.obj (.text.HOSTexit)
                  700530e0    0000000c     libc.a : strcmp32.S.obj (.text)
                  700530ec    0000000a     nortos.am263px.r5f.ti-arm-clang.release.lib : ClockP_nortos.obj (.text.ClockP_Params_init)
                  700530f6    0000000a                                                 : ClockP_nortos.obj (.text.ClockP_isActive)
                  70053100    0000000a                                                 : TimerP_rti_priv.obj (.text.TimerP_getReloadCountPriv)
                  7005310a    0000000a                                                 : TimerP_rti_priv.obj (.text.TimerP_startPriv)
                  70053114    0000000a     drivers.am263px.r5f.ti-arm-clang.release.lib : uart_v0_lld.obj (.text.UART_lld_Transaction_deInit)
                  7005311e    00000008     nortos.am263px.r5f.ti-arm-clang.release.lib : TimerP_rti_priv.obj (.text.TimerP_clearOverflowIntPriv)
                  70053126    00000008                                                 : printf.obj (.text._out_char)
                  7005312e    00000006     drivers.am263px.r5f.ti-arm-clang.release.lib : edma.obj (.text.EDMA_isInterruptEnabled)
                  70053134    00000006                                                  : soc.obj (.text.SOC_moduleClockEnable)
                  7005313a    00000006                                                  : soc_rcm.obj (.text.SOC_rcmGetCR5SysclkInFrequency)
                  70053140    00000004     nortos.am263px.r5f.ti-arm-clang.release.lib : ClockP_nortos_r5.obj (.text.ClockP_getTimerCount)
                  70053144    00000004                                                 : ClockP_nortos_r5.obj (.text.ClockP_timerClearOverflowInt)
                  70053148    00000004     ti_power_clock_config.o (.text.PowerClock_deinit)
                  7005314c    00000004     nortos.am263px.r5f.ti-arm-clang.release.lib : TimerP_rti_nortos.obj (.text.TimerP_Params_init)
                  70053150    00000004                                                 : TimerP_rti_nortos.obj (.text.TimerP_clearOverflowInt)
                  70053154    00000004                                                 : TimerP_rti_nortos.obj (.text.TimerP_getCount)
                  70053158    00000004                                                 : TimerP_rti_nortos.obj (.text.TimerP_getReloadCount)
                  7005315c    00000004                                                 : TimerP_rti_nortos.obj (.text.TimerP_setup)
                  70053160    00000004                                                 : TimerP_rti_nortos.obj (.text.TimerP_start)
                  70053164    00000004     libclang_rt.builtins.a : aeabi_div0.c.obj (.text.__aeabi_ldiv0)
                  70053168    00000004                            : aeabi_memcpy.S.obj (.text.__aeabi_memcpy)
                  7005316c    00000004     libc.a : _lock.c.obj (.text._nop)
                  70053170    00000004            : fseek.c.obj (.text.fseek)
                  70053174    00000004     libsysbm.a : remove.c.obj (.text.remove)
                  70053178    00000008     nortos.am263px.r5f.ti-arm-clang.release.lib : HwiP_armv7r_asm.obj (.tramp.HwiP_enable.1)
                  70053180    00000008                                                 : HwiP_armv7r_asm.obj (.tramp.HwiP_restore.1)
                  70053188    00000008                                                 : PmuP_armv7r_asm.obj (.tramp.PmuP_setUserEnable.1)
                  70053190    00000008                                                 : PmuP_armv7r_asm.obj (.tramp.PmuP_enableCounters.1)
                  70053198    00000008     --HOLE-- [fill = 0]

.rodata    0    700531a0    00000878     
                  700531a0    00000074     ti_dpl_config.o (.rodata.cfg)
                  70053214    00000004     nortos.am263px.r5f.ti-arm-clang.release.lib : CacheP_armv7r.obj (.rodata.gCacheL1dCacheLineSize)
                  70053218    00000050                                                 : printf.obj (.rodata._ftoa.pow10)
                  70053268    00000048     drivers.am263px.r5f.ti-arm-clang.release.lib : soc_rcm.obj (.rodata.gADPLLJConfigTbl)
                  700532b0    0000003d     nortos.am263px.r5f.ti-arm-clang.release.lib : TimerP_rti_priv.obj (.rodata.str1.72163963154704191671)
                  700532ed    00000037                                                 : SemaphoreP_nortos.obj (.rodata.str1.52751030918495836841)
                  70053324    00000035     ti_drivers_open_close.o (.rodata.str1.871795152488895636.1)
                  70053359    0000002e     nortos.am263px.r5f.ti-arm-clang.release.lib : ClockP_nortos.obj (.rodata.str1.39419159632632580371)
                  70053387    0000002a                                                 : DebugP_log.obj (.rodata.str1.8882360920750446361)
                  700533b1    00000027                                                 : ClockP_nortos_r5.obj (.rodata.str1.91622226613999981811)
                  700533d8    00000023                                                 : ClockP_nortos_r5.obj (.rodata.str1.136646522816104227591)
                  700533fb    00000023     drivers.am263px.r5f.ti-arm-clang.release.lib : soc_rcm.obj (.rodata.str1.15813086600912413471)
                  7005341e    00000022                                                  : edma.obj (.rodata.str1.6611792697437713481)
                  70053440    00000021     nortos.am263px.r5f.ti-arm-clang.release.lib : ClockP_nortos_r5.obj (.rodata.str1.99041146818411950391)
                  70053461    00000003     --HOLE-- [fill = 0]
                  70053464    00000020     drivers.am263px.r5f.ti-arm-clang.release.lib : uart_v0_lld.obj (.rodata.cst32)
                  70053484    00000020                                                  : uart_v0.obj (.rodata.str1.150767988884773108331)
                  700534a4    0000001f     nortos.am263px.r5f.ti-arm-clang.release.lib : SemaphoreP_nortos.obj (.rodata.str1.25281168886080794691)
                  700534c3    0000001f                                                 : ClockP_nortos_r5.obj (.rodata.str1.25349503636762439021)
                  700534e2    0000001e     PDMtesting.o (.rodata.str1.10015848951539402881.1)
                  70053500    0000001e     PDMtesting.o (.rodata.str1.1094412632907578887.1)
                  7005351e    0000001e     PDMtesting.o (.rodata.str1.12143205621091433229.1)
                  7005353c    0000001e     PDMtesting.o (.rodata.str1.14859406020263788332.1)
                  7005355a    0000001e     PDMtesting.o (.rodata.str1.3614903977772141264.1)
                  70053578    0000001e     PDMtesting.o (.rodata.str1.5813496317156725502.1)
                  70053596    0000001d     nortos.am263px.r5f.ti-arm-clang.release.lib : TimerP_rti_priv.obj (.rodata.str1.114219152040444562951)
                  700535b3    0000001d                                                 : TimerP_rti_priv.obj (.rodata.str1.125174968193178473681)
                  700535d0    0000001d     drivers.am263px.r5f.ti-arm-clang.release.lib : uart_v0.obj (.rodata.str1.142814395268246240721)
                  700535ed    0000001d     nortos.am263px.r5f.ti-arm-clang.release.lib : TimerP_rti_priv.obj (.rodata.str1.27974953896521033811)
                  7005360a    0000001b     drivers.am263px.r5f.ti-arm-clang.release.lib : edma.obj (.rodata.str1.16266241636797238661)
                  70053625    0000001b     nortos.am263px.r5f.ti-arm-clang.release.lib : ClockP_nortos.obj (.rodata.str1.47646432807403639741)
                  70053640    0000001a                                                 : ClockP_nortos_r5.obj (.rodata.str1.133203246495064227641)
                  7005365a    0000001a     drivers.am263px.r5f.ti-arm-clang.release.lib : soc_rcm.obj (.rodata.str1.153801437654618082741)
                  70053674    0000001a     PDMtesting.o (.rodata.str1.16919744730983904426.1)
                  7005368e    00000019     nortos.am263px.r5f.ti-arm-clang.release.lib : TimerP_rti_priv.obj (.rodata.str1.160914699991520874261)
                  700536a7    00000001     --HOLE-- [fill = 0]
                  700536a8    00000018     drivers.am263px.r5f.ti-arm-clang.release.lib : soc_rcm.obj (.rodata.gControlssPllClkSrcValMap)
                  700536c0    00000018                                                  : soc_rcm.obj (.rodata.gCptsClkSrcValMap)
                  700536d8    00000018                                                  : soc_rcm.obj (.rodata.gI2cClkSrcValMap)
                  700536f0    00000018                                                  : soc_rcm.obj (.rodata.gLinUartClkSrcValMap)
                  70053708    00000018                                                  : soc_rcm.obj (.rodata.gPeripheralClkSrcInfoMap)
                  70053720    00000018                                                  : soc_rcm.obj (.rodata.gRtiClkSrcValMap)
                  70053738    00000018                                                  : soc_rcm.obj (.rodata.gWdtClkSrcValMap)
                  70053750    00000018                                                  : uart_v0.obj (.rodata.str1.9069738176458784971)
                  70053768    00000017                                                  : soc_rcm.obj (.rodata.str1.141251745167226470741)
                  7005377f    00000016                                                  : soc_rcm.obj (.rodata.str1.107645048611228328791)
                  70053795    00000016                                                  : soc_rcm.obj (.rodata.str1.177369307189295936511)
                  700537ab    00000016                                                  : soc_rcm.obj (.rodata.str1.63555232926284281011)
                  700537c1    00000015                                                  : edma.obj (.rodata.str1.149652404363315708211)
                  700537d6    00000015     nortos.am263px.r5f.ti-arm-clang.release.lib : SemaphoreP_nortos.obj (.rodata.str1.30861210816963497001)
                  700537eb    00000014     drivers.am263px.r5f.ti-arm-clang.release.lib : edma.obj (.rodata.str1.176595599180530855901)
                  700537ff    00000014                                                  : edma.obj (.rodata.str1.41785049815304208531)
                  70053813    00000014                                                  : edma.obj (.rodata.str1.93700429500326477781)
                  70053827    00000013                                                  : soc_rcm.obj (.rodata.str1.30734103837947208761)
                  7005383a    00000013                                                  : uart_v0.obj (.rodata.str1.9980655952161290391)
                  7005384d    00000012                                                  : uart_v0.obj (.rodata.str1.166492982902436568231)
                  7005385f    00000012                                                  : uart_v0.obj (.rodata.str1.171120843061886446841)
                  70053871    00000012                                                  : edma.obj (.rodata.str1.41579851849113419871)
                  70053883    00000012                                                  : soc_rcm.obj (.rodata.str1.67217821191364965911)
                  70053895    00000011                                                  : uart_v0.obj (.rodata.str1.16967668833904919061)
                  700538a6    00000011                                                  : edma.obj (.rodata.str1.28692048193800818901)
                  700538b7    00000011     nortos.am263px.r5f.ti-arm-clang.release.lib : ClockP_nortos.obj (.rodata.str1.37923443167824241621)
                  700538c8    00000011                                                 : TimerP_rti_priv.obj (.rodata.str1.44101942245516082551)
                  700538d9    00000011     ti_drivers_open_close.o (.rodata.str1.6292539624901818759.1)
                  700538ea    00000010     drivers.am263px.r5f.ti-arm-clang.release.lib : edma.obj (.rodata.str1.18778444954996405781)
                  700538fa    00000010     PDMtesting.o (.rodata.str1.7281476227441333574.1)
                  7005390a    00000010     PDMtesting.o (.rodata.str1.7788784821409344445.1)
                  7005391a    0000000f     PDMtesting.o (.rodata.str1.10577412323663350067.1)
                  70053929    0000000f     drivers.am263px.r5f.ti-arm-clang.release.lib : edma.obj (.rodata.str1.111354322338949310841)
                  70053938    0000000f                                                  : edma.obj (.rodata.str1.144551280152329776181)
                  70053947    0000000f                                                  : edma.obj (.rodata.str1.2759273541325923811)
                  70053956    0000000f                                                  : edma.obj (.rodata.str1.92547749779646142691)
                  70053965    0000000e                                                  : edma.obj (.rodata.str1.19244332700943948511)
                  70053973    0000000e                                                  : edma.obj (.rodata.str1.46057082369026546831)
                  70053981    0000000e                                                  : edma.obj (.rodata.str1.46782315602798139861)
                  7005398f    0000000d                                                  : edma.obj (.rodata.str1.121775923823351643201)
                  7005399c    0000000d     nortos.am263px.r5f.ti-arm-clang.release.lib : TimerP_rti_priv.obj (.rodata.str1.31870447354226168941)
                  700539a9    0000000c                                                 : ClockP_nortos_r5.obj (.rodata.str1.177642182983587376931)
                  700539b5    0000000c     drivers.am263px.r5f.ti-arm-clang.release.lib : edma.obj (.rodata.str1.73371482538137472541)
                  700539c1    0000000b                                                  : uart_v0.obj (.rodata.str1.174466331461201984741)
                  700539cc    0000000b                                                  : uart_v0.obj (.rodata.str1.23952661867579505821)
                  700539d7    0000000a                                                  : soc_rcm.obj (.rodata.str1.102656642322745120751)
                  700539e1    0000000a                                                  : uart_v0.obj (.rodata.str1.4680544719311723101)
                  700539eb    0000000a                                                  : uart_v0.obj (.rodata.str1.98976386761529848021)
                  700539f5    00000006                                                  : soc_rcm.obj (.rodata.str1.53743240983164125611)
                  700539fb    00000005     nortos.am263px.r5f.ti-arm-clang.release.lib : printf.obj (.rodata.str1.143852280595428356391)
                  70053a00    00000005                                                 : printf.obj (.rodata.str1.23318557076440195721)
                  70053a05    00000003     --HOLE-- [fill = 0]
                  70053a08    00000004                                                 : CacheP_armv7r.obj (.rodata.gCacheL1pCacheLineSize)
                  70053a0c    00000004                                                 : printf.obj (.rodata.str1.122320159353749299121)
                  70053a10    00000004                                                 : printf.obj (.rodata.str1.81101573233442303481)
                  70053a14    00000004     --HOLE-- [fill = 0]

.text.hwi 
*          0    70053a18    000008d8     
                  70053a18    00000402     nortos.am263px.r5f.ti-arm-clang.release.lib : HwiP_armv7r_vim.obj (.text.hwi)
                  70053e1a    000002dc                                                 : HwiP_armv7r_handlers_nortos.obj (.text.hwi)
                  700540f6    00000002     --HOLE-- [fill = 0]
                  700540f8    0000017c                                                 : HwiP_armv7r_handlers_nortos_asm.obj (.text.hwi)
                  70054274    00000070                                                 : HwiP_armv7r_asm.obj (.text.hwi)
                  700542e4    00000008                                                 : HwiP_armv7r_asm.obj (.tramp.HwiP_enableFIQ.1)
                  700542ec    00000004     --HOLE-- [fill = 0]

.text.cache 
*          0    700542f0    00000430     
                  700542f0    00000340     nortos.am263px.r5f.ti-arm-clang.release.lib : CacheP_armv7r_asm.obj (.text.cache)
                  70054630    000000d8                                                 : CacheP_armv7r.obj (.text.cache)
                  70054708    00000008                                                 : CacheP_armv7r_asm.obj (.tramp.CacheP_invL1d.1)
                  70054710    00000008                                                 : CacheP_armv7r_asm.obj (.tramp.CacheP_enableL1p.1)
                  70054718    00000008                                                 : HwiP_armv7r_asm.obj (.tramp.HwiP_restore.2)

.text.mpu 
*          0    70054720    00000290     
                  70054720    00000202     nortos.am263px.r5f.ti-arm-clang.release.lib : MpuP_armv7r.obj (.text.mpu)
                  70054922    00000002     --HOLE-- [fill = 0]
                  70054924    00000078                                                 : MpuP_armv7r_asm.obj (.text.mpu)
                  7005499c    00000008                                                 : HwiP_armv7r_asm.obj (.tramp.HwiP_restore.3)
                  700549a4    00000008                                                 : MpuP_armv7r_asm.obj (.tramp.MpuP_isEnableAsm.1)
                  700549ac    00000004     --HOLE-- [fill = 0]

.text.boot 
*          0    700549b0    00000190     
                  700549b0    00000144     nortos.am263px.r5f.ti-arm-clang.release.lib : boot_armv7r_asm.obj (.text.boot)
                  70054af4    0000001e                                                 : DebugP_log.obj (.text.boot)
                  70054b12    0000001c                                                 : boot_armv7r.obj (.text.boot)
                  70054b2e    0000000e     ti_dpl_config.o (.text.boot)
                  70054b3c    00000004     --HOLE-- [fill = 0]

.text:abort 
*          0    70054b40    00000008     
                  70054b40    00000008     libc.a : exit.c.obj (.text:abort)

.data      0    70054b48    000003d0     
                  70054b48    000000f0     libc.a : defs.c.obj (.data._ftable)
                  70054c38    0000009c     drivers.am263px.r5f.ti-arm-clang.release.lib : uart_v0.obj (.data.gUartDrvObj)
                  70054cd4    00000078     libsysbm.a : host_device.c.obj (.data._device)
                  70054d4c    00000078     ti_pinmux_config.o (.data.gPinMuxMainDomainCfg)
                  70054dc4    00000058     ti_drivers_open_close.o (.data.gUartParams)
                  70054e1c    00000050     libsysbm.a : host_device.c.obj (.data._stream)
                  70054e6c    00000018     ti_dpl_config.o (.data.gClockConfig)
                  70054e84    00000018     ti_power_clock_config.o (.data.gSocModulesClockFrequency)
                  70054e9c    00000018     PDMtesting.o (.data.pins)
                  70054eb4    00000004     libc.a : defs.c.obj (.data.__TI_ft_end)
                  70054eb8    0000000c     nortos.am263px.r5f.ti-arm-clang.release.lib : AddrTranslateP_32bit.obj (.data.gAddrTranslateConfig)
                  70054ec4    00000008     libc.a : exit.c.obj (.data..L_MergedGlobals)
                  70054ecc    00000008     ti_power_clock_config.o (.data.gSocModules)
                  70054ed4    00000008     ti_drivers_config.o (.data.gUartAttrs)
                  70054edc    00000008     ti_drivers_config.o (.data.gUartConfig)
                  70054ee4    00000004     libc.a : _lock.c.obj (.data._lock)
                  70054ee8    00000008     nortos.am263px.r5f.ti-arm-clang.release.lib : PmuP_armv7r.obj (.data.pmu)
                  70054ef0    00000004     libc.a : _lock.c.obj (.data._unlock)
                  70054ef4    00000004     nortos.am263px.r5f.ti-arm-clang.release.lib : DebugP_log.obj (.data.gDebugLogZone)
                  70054ef8    00000004                                                 : DebugP_uartLogWriter.obj (.data.gDebugP_uartDrvIndex)
                  70054efc    00000004     ti_drivers_open_close.o (.data.gEdmaConfigNum)
                  70054f00    00000004     ti_dpl_config.o (.data.gHwiConfig)
                  70054f04    00000004     ti_drivers_config.o (.data.gUartConfigNum)
                  70054f08    00000004     ti_drivers_open_close.o (.data.gUartDmaChConfig)
                  70054f0c    00000004     PDMtesting.o (.data.test)
                  70054f10    00000001     drivers.am263px.r5f.ti-arm-clang.release.lib : soc.obj (.data.isMapAvailable)
                  70054f11    00000003     --HOLE-- [fill = 0]
                  70054f14    00000001     libc.a : memory.c.obj (.data.memory_is_initialized)
                  70054f15    00000003     --HOLE-- [fill = 0]

.irqstack 
*          0    70054f18    00000100     UNINITIALIZED
                  70054f18    00000100     --HOLE--

.fiqstack 
*          0    70055018    00000100     UNINITIALIZED
                  70055018    00000100     --HOLE--

.svcstack 
*          0    70055118    00001000     UNINITIALIZED
                  70055118    00001000     --HOLE--

.abortstack 
*          0    70056118    00000100     UNINITIALIZED
                  70056118    00000100     --HOLE--

.undefinedstack 
*          0    70056218    00000100     UNINITIALIZED
                  70056218    00000100     --HOLE--

.init_array 
*          0    70040000    00000000     UNINITIALIZED

MODULE SUMMARY

       Module                                code    ro data   rw data
       ------                                ----    -------   -------
    .\
       PDMtesting.o                          376     253       220    
       main.o                                28      0         0      
    +--+-------------------------------------+-------+---------+---------+
       Total:                                404     253       220    
                                                                      
    .\syscfg\
       ti_drivers_config.o                   644     0         892    
       ti_drivers_open_close.o               124     70        100    
       ti_dpl_config.o                       98      116       28     
       ti_power_clock_config.o               180     0         32     
       ti_pinmux_config.o                    14      0         120    
       ti_board_config.o                     4       0         0      
       ti_board_open_close.o                 4       0         0      
    +--+-------------------------------------+-------+---------+---------+
       Total:                                1068    186       1172   
                                                                      
    C:/Users/carim/Desktop/mcu_plus_sdk_am263px_10_02_00_15__all/mcu_plus_sdk_am263px_10_02_00_15/source/drivers/lib/drivers.am263px.r5f.ti-arm-clang.release.lib
       edma.obj                              2770    320       0      
       soc_rcm.obj                           2454    443       0      
       uart_v0_lld.obj                       2802    32        0      
       uart_v0.obj                           1760    199       156    
       uart_dma_edma.obj                     1340    0         0      
       soc.obj                               566     0         17     
       gpio.obj                              162     0         0      
       pinmux.obj                            64      0         0      
    +--+-------------------------------------+-------+---------+---------+
       Total:                                11918   994       173    
                                                                      
    C:/Users/carim/Desktop/mcu_plus_sdk_am263px_10_02_00_15__all/mcu_plus_sdk_am263px_10_02_00_15/source/kernel/nortos/lib/nortos.am263px.r5f.ti-arm-clang.release.lib
       printf.obj                            4052    98        0      
       HwiP_armv7r_vim.obj                   1026    0         2060   
       CacheP_armv7r_asm.obj                 848     0         0      
       ClockP_nortos.obj                     642     90        56     
       HwiP_armv7r_handlers_nortos.obj       732     0         0      
       TimerP_rti_priv.obj                   404     203       0      
       MpuP_armv7r.obj                       514     0         0      
       ClockP_nortos_r5.obj                  268     176       0      
       SemaphoreP_nortos.obj                 328     107       0      
       HwiP_armv7r_handlers_nortos_asm.obj   380     0         0      
       boot_armv7r_asm.obj                   324     0         0      
       CacheP_armv7r.obj                     216     8         0      
       DebugP_log.obj                        154     42        4      
       HwiP_armv7r_asm.obj                   152     0         0      
       MpuP_armv7r_asm.obj                   128     0         0      
       PmuP_armv7r.obj                       102     0         8      
       AddrTranslateP_32bit.obj              82      0         12     
       DebugP_uartLogWriter.obj              70      0         4      
       PmuP_armv7r_asm.obj                   72      0         0      
       HwiP_armv7r_vectors_nortos_asm.obj    64      0         0      
       DebugP_nortos.obj                     56      0         0      
       boot_armv7r.obj                       28      0         0      
       CpuId_armv7r.obj                      26      0         0      
       TimerP_rti_nortos.obj                 24      0         0      
       CpuId_armv7r_asm.obj                  12      0         0      
       TaskP_nortos.obj                      2       0         0      
    +--+-------------------------------------+-------+---------+---------+
       Total:                                10706   724       2144   
                                                                      
    C:\ti\ccs2011\ccs\tools\compiler\ti-cgt-armllvm_4.0.2.LTS\lib\armv7r-ti-none-eabihf/c/libc.a
       memory.c.obj                          1136    0         5      
       strcmp32.S.obj                        924     0         0      
       defs.c.obj                            0       0         404    
       setvbuf.c.obj                         324     0         0      
       getdevice.c.obj                       284     0         0      
       fputc.c.obj                           256     0         0      
       fseek.c.obj                           184     0         0      
       fclose.c.obj                          176     0         0      
       _io_perm.c.obj                        156     0         0      
       fflush.c.obj                          136     0         0      
       exit.c.obj                            92      0         8      
       fopen.c.obj                           88      0         0      
       autoinit.c.obj                        84      0         0      
       memcpy32.S.obj                        28      0         0      
       memset32.S.obj                        24      0         0      
       _lock.c.obj                           4       0         8      
    +--+-------------------------------------+-------+---------+---------+
       Total:                                3896    0         425    
                                                                      
    C:\ti\ccs2011\ccs\tools\compiler\ti-cgt-armllvm_4.0.2.LTS\lib\armv7r-ti-none-eabihf/c/libsysbm.a
       trgmsg.c.obj                          176     0         288    
       hostrename.c.obj                      216     0         0      
       host_device.c.obj                     0       0         200    
       hostopen.c.obj                        148     0         8      
       hostlseek.c.obj                       152     0         0      
       close.c.obj                           140     0         0      
       hostread.c.obj                        132     0         0      
       hostwrite.c.obj                       132     0         0      
       hostunlink.c.obj                      108     0         0      
       hostclose.c.obj                       96      0         0      
       unlink.c.obj                          72      0         0      
       lseek.c.obj                           52      0         0      
       write.c.obj                           52      0         0      
       hostexit.c.obj                        8       0         0      
       remove.c.obj                          4       0         0      
    +--+-------------------------------------+-------+---------+---------+
       Total:                                1488    0         496    
                                                                      
    C:\ti\ccs2011\ccs\tools\compiler\ti-cgt-armllvm_4.0.2.LTS\lib\armv7r-ti-none-eabihf/libclang_rt.builtins.a
       udivmoddi4.S.obj                      280     0         0      
       aeabi_uldivmod.S.obj                  36      0         0      
       aeabi_memset.S.obj                    28      0         0      
       aeabi_div0.c.obj                      4       0         0      
       aeabi_memcpy.S.obj                    4       0         0      
    +--+-------------------------------------+-------+---------+---------+
       Total:                                352     0         0      
                                                                      
       Heap:                                 0       0         32768  
       Stack:                                0       0         16384  
    +--+-------------------------------------+-------+---------+---------+
       Grand Total:                          29832   2157      53782  

VENEERS

callee name               veneer name
   callee addr  veneer addr  call addr  call info
--------------  -----------  ---------  ----------------
HwiP_enableFIQ            $Ven$TA$L$PI$$HwiP_enableFIQ
   700542a4     700542e4     70053dfa   nortos.am263px.r5f.ti-arm-clang.release.lib : HwiP_armv7r_vim.obj (.text.hwi)
CacheP_invL1d             $Ven$TA$L$PI$$CacheP_invL1d
   70054360     70054708     70054704   nortos.am263px.r5f.ti-arm-clang.release.lib : CacheP_armv7r.obj (.text.cache)
CacheP_enableL1p          $Ven$TA$L$PI$$CacheP_enableL1p
   70054348     70054710     700546de   nortos.am263px.r5f.ti-arm-clang.release.lib : CacheP_armv7r.obj (.text.cache)
HwiP_restore              $Ven$TA$L$PI$$HwiP_restore
   700542b4     70054718     700546be   nortos.am263px.r5f.ti-arm-clang.release.lib : CacheP_armv7r.obj (.text.cache)
HwiP_restore              $Ven$TA$L$PI$$HwiP_restore
   700542b4     7005499c     70054818   nortos.am263px.r5f.ti-arm-clang.release.lib : MpuP_armv7r.obj (.text.mpu)
                             70054856                                               : MpuP_armv7r.obj (.text.mpu)
MpuP_isEnableAsm          $Ven$TA$L$PI$$MpuP_isEnableAsm
   70054974     700549a4     700547e8   nortos.am263px.r5f.ti-arm-clang.release.lib : MpuP_armv7r.obj (.text.mpu)
HwiP_enable               $Ven$TA$L$PI$$HwiP_enable
   70054294     70053178     700524a2   ti_dpl_config.o (.text.Dpl_init)
HwiP_restore              $Ven$TA$L$PI$$HwiP_restore
   700542b4     70053180     70052462   nortos.am263px.r5f.ti-arm-clang.release.lib : ClockP_nortos.obj (.text.ClockP_stop)
                             7005274e                                               : ClockP_nortos.obj (.text.ClockP_destruct)
                             7005290e                                               : ClockP_nortos.obj (.text.ClockP_start)
                             70052aac                                               : SemaphoreP_nortos.obj (.text.SemaphoreP_post)
PmuP_setUserEnable        $Ven$TA$L$PI$$PmuP_setUserEnable
   700528a0     70053188     70051aaa   nortos.am263px.r5f.ti-arm-clang.release.lib : PmuP_armv7r.obj (.text.pmu)
PmuP_enableCounters       $Ven$TA$L$PI$$PmuP_enableCounters
   70052880     70053190     70051a78   nortos.am263px.r5f.ti-arm-clang.release.lib : PmuP_armv7r.obj (.text.pmu)

[10 trampolines]
[14 trampoline calls]


GLOBAL SYMBOLS: SORTED ALPHABETICALLY BY Name 

address   name                               
-------   ----                               
7005204d  AddrTranslateP_getLocalAddr        
700500db  Board_deinit                       
7004d8ad  Board_driversOpen                  
7005049f  Board_init                         
700530d8  C$$EXIT                            
70051e40  C$$IO$$                            
70052eb5  CSL_armR5GetCpuID                  
700530cc  CSL_armR5ReadMpidrReg              
70054600  CacheP_configForceWrThru           
70054689  CacheP_disable                     
700542f0  CacheP_disableL1d                  
70054318  CacheP_disableL1p                  
700546c3  CacheP_enable                      
70054330  CacheP_enableL1d                   
70054348  CacheP_enableL1p                   
700545f4  CacheP_getCacheLevelInfo           
700545bc  CacheP_getEnabled                  
70054631  CacheP_init                        
700546e3  CacheP_inv                         
70054360  CacheP_invL1d                      
700543d4  CacheP_invL1dAll                   
70054398  CacheP_invL1p                      
700543dc  CacheP_invL1pAll                   
70054620  CacheP_setDLFO                     
700543e4  CacheP_wb                          
7005445c  CacheP_wbAll                       
70054420  CacheP_wbInv                       
70054504  CacheP_wbInvAll                    
7005451c  CacheP_wbInvAllAsm                 
700530ed  ClockP_Params_init                 
7005209f  ClockP_construct                   
70052719  ClockP_destruct                    
70053091  ClockP_getTicks                    
70051e4d  ClockP_getTimeUsec                 
70053141  ClockP_getTimerCount               
7004ffd7  ClockP_init                        
700530f7  ClockP_isActive                    
70052c3d  ClockP_sleep                       
700528df  ClockP_start                       
70052427  ClockP_stop                        
70053145  ClockP_timerClearOverflowInt       
70051b75  ClockP_timerTickIsr                
70052f8f  ClockP_usecToTicks                 
70051aa9  CycleCounterP_enableUserAccess     
70052870  CycleCounterP_getCount32           
70051a49  CycleCounterP_init                 
70051a7d  CycleCounterP_nsToTicks            
70051a59  CycleCounterP_reset                
70052da9  DebugP_logZoneEnable               
70052753  DebugP_uartLogWriterPutChar        
7005309d  DebugP_uartSetDrvIndex             
70050c93  Dpl_deinit                         
70052467  Dpl_init                           
70052ab1  Drivers_open                       
7005227d  Drivers_uartOpen                   
700520f1  EDMA_allocDmaChannel               
70052141  EDMA_allocParam                    
70052191  EDMA_allocTcc                      
70053059  EDMA_ccPaRAMEntry_init             
700528a9  EDMA_clrMissEvtRegion              
700512c7  EDMA_configureChannelRegion        
7005222f  EDMA_disableChInShadowRegRegion    
7005182d  EDMA_disableTransferRegion         
70052b11  EDMA_enableChInShadowRegRegion     
7005189b  EDMA_enableTransferRegion          
7004ea95  EDMA_freeChannelRegion             
70050ddd  EDMA_freeDmaChannel                
70050e7d  EDMA_freeParam                     
70050f1d  EDMA_freeTcc                       
70052629  EDMA_getBaseAddr                   
70052fa3  EDMA_getRegionId                   
7005312f  EDMA_isInterruptEnabled            
70052d65  EDMA_linkChannel                   
700524a7  EDMA_mapChToEvtQ                   
70052ecf  EDMA_readEventStatusRegion         
700507c5  EDMA_registerIntr                  
70052c63  EDMA_setPaRAM                      
70052a4d  EDMA_unmapChToEvtQ                 
700504a1  EDMA_unregisterIntr                
70054234  GET_ADFSR                          
7005424c  GET_AIFSR                          
7005423c  GET_DFAR                           
7005422c  GET_DFSR                           
70054254  GET_IFAR                           
70054244  GET_IFSR                           
7005425c  GET_SPSR                           
7004dcb1  GPIO_bankIntrDisable               
70053067  GPIO_bankIntrEnable                
700503cd  GPIO_deinit                        
7004f179  GPIO_init                          
70052bed  GPIO_setDirMode                    
70051c31  GPIO_setTrigType                   
70051b14  HOSTclose                          
700530d8  HOSTexit                           
70051198  HOSTlseek                          
7005135c  HOSTopen                           
700516a4  HOSTread                           
70050fbc  HOSTrename                         
70051908  HOSTunlink                         
70051728  HOSTwrite                          
70053b11  HwiP_Params_init                   
70053ac9  HwiP_clearInt                      
70053b23  HwiP_construct                     
7005416c  HwiP_data_abort_handler            
70054067  HwiP_data_abort_handler_c          
70053c6b  HwiP_destruct                      
70054274  HwiP_disable                       
70054284  HwiP_disableFIQ                    
70053a41  HwiP_disableInt                    
700542cc  HwiP_disableVIC                    
70054294  HwiP_enable                        
700542a4  HwiP_enableFIQ                     
70053a19  HwiP_enableInt                     
700542bc  HwiP_enableVIC                     
70053e9f  HwiP_fiq_handler                   
700542dc  HwiP_getCPSR                       
70053dff  HwiP_inISR                         
70053d3d  HwiP_init                          
700540f8  HwiP_irq_handler                   
70053e1b  HwiP_irq_handler_c                 
70053ae9  HwiP_post                          
700541b0  HwiP_prefetch_abort_handler        
70053fdd  HwiP_prefetch_abort_handler_c      
70053f4f  HwiP_reserved_handler              
700542b4  HwiP_restore                       
70053a73  HwiP_restoreInt                    
70053faf  HwiP_svc_handler                   
700541fc  HwiP_undefined_handler             
70053f7d  HwiP_undefined_handler_c           
700540e7  HwiP_user_data_abort_handler_c     
70054057  HwiP_user_prefetch_abort_handler_c 
70053f9b  HwiP_user_undefined_handler_c      
70052913  Module_clockDisable                
70052947  Module_clockEnable                 
7005278d  Module_clockSetFrequency           
70054761  MpuP_RegionAttrs_init              
700547ed  MpuP_disable                       
70054924  MpuP_disableAsm                    
7005493c  MpuP_disableBRAsm                  
7005481f  MpuP_enable                        
7005494c  MpuP_enableAsm                     
70054964  MpuP_enableBRAsm                   
70054721  MpuP_getAttrs                      
7005485b  MpuP_init                          
700547e9  MpuP_isEnable                      
70054974  MpuP_isEnableAsm                   
700548bd  MpuP_isUserAuthorizedToAccessMemory
7005476f  MpuP_setRegion                     
70054988  MpuP_setRegionAsm                  
700526a1  PDM_testing                        
700524e9  Pinmux_config                      
70053075  Pinmux_init                        
70052898  PmuP_clearOverflowStatus           
70052888  PmuP_disableCounters               
70052880  PmuP_enableCounters                
70052890  PmuP_getOverflowStatus             
700528a0  PmuP_setUserEnable                 
70052878  PmuP_setup                         
70053149  PowerClock_deinit                  
70053083  PowerClock_init                    
70051c8d  SOC_controlModuleLockMMR           
70051ab1  SOC_controlModuleUnlockMMR         
700530a9  SOC_getSelfCpuClk                  
70053135  SOC_moduleClockEnable              
70052c15  SOC_moduleSetClockFrequency        
7004d3e1  SOC_rcmEnablePeripheralClock       
7004fdb5  SOC_rcmGetPeripheralClockFrequency 
70052b6d  SOC_rcmGetR5Clock                  
70052e29  SOC_rcmIsR5FInLockStepMode         
7004e609  SOC_rcmSetPeripheralClock          
7004f6c5  SOC_virtToPhy                      
70052529  SemaphoreP_constructBinary         
700525e9  SemaphoreP_constructMutex          
70050ddb  SemaphoreP_destruct                
70051231  SemaphoreP_pend                    
70052a7f  SemaphoreP_post                    
70052f4d  System_deinit                      
70052d87  System_init                        
70052e98  TI_memcpy_small                    
70052f34  TI_memset_small                    
7005135b  TaskP_yield                        
7005314d  TimerP_Params_init                 
70052dc9  TimerP_Params_initPriv             
70053151  TimerP_clearOverflowInt            
7005311f  TimerP_clearOverflowIntPriv        
70053155  TimerP_getCount                    
70052f03  TimerP_getCountPriv                
70053159  TimerP_getReloadCount              
70053101  TimerP_getReloadCountPriv          
7005315d  TimerP_setup                       
7004f585  TimerP_setupPriv                   
70053161  TimerP_start                       
7005310b  TimerP_startPriv                   
70052f63  UART_IsTxRxFifoEmpty               
7005239f  UART_Params_init                   
70052fb7  UART_Transaction_init              
7004f801  UART_close                         
70052f1d  UART_deinit                        
700517ad  UART_flushTxFifo                   
70052de9  UART_getChar                       
70052b99  UART_getHandle                     
70052f79  UART_getIntrIdentityStatus         
7005150d  UART_init                          
70053027  UART_intr2Disable                  
70051ea3  UART_intrDisable                   
70053115  UART_lld_Transaction_deInit        
7004fa6b  UART_lld_controllerIsr             
70052569  UART_lld_deInit                    
700523e3  UART_lld_deInitDma                 
7004f2f3  UART_lld_dmaDeInit                 
70052c89  UART_lld_dmaDisableChannel         
7004efe5  UART_lld_dmaInit                   
7005105d  UART_lld_dmaRead                   
700500dd  UART_lld_dmaWrite                  
700527c7  UART_lld_flushTxFifo               
70050705  UART_lld_init                      
70050571  UART_lld_initDma                   
7004fec9  UART_lld_write                     
70051975  UART_lld_writeDma                  
700519e1  UART_lld_writeIntr                 
7004e361  UART_open                          
70052ff1  UART_operatingModeSelect           
70051595  UART_procLineStatusErr             
70053003  UART_readLineStatus                
70052e09  UART_spaceAvail                    
700501e1  UART_write                         
70051ef9  UART_writeCancelNoCB               
70040b70  _CIOBUF_                           
70051ce9  _DebugP_assert                     
70054af5  _DebugP_assertNoLog                
70052839  _DebugP_logZone                    
70056218  __ABORT_STACK_END                  
00000100  __ABORT_STACK_SIZE                 
70056118  __ABORT_STACK_START                
70040e50  __BSS_END                          
70040000  __BSS_START                        
70040b70  __CIOBUF_                          
70055118  __FIQ_STACK_END                    
00000100  __FIQ_STACK_SIZE                   
70055018  __FIQ_STACK_START                  
70055018  __IRQ_STACK_END                    
00000100  __IRQ_STACK_SIZE                   
70054f18  __IRQ_STACK_START                  
7004ce50  __STACK_END                        
00004000  __STACK_SIZE                       
70056118  __SVC_STACK_END                    
00001000  __SVC_STACK_SIZE                   
70055118  __SVC_STACK_START                  
00008000  __SYSMEM_SIZE                      
00000000  __TI_ATRegion0_region_sz           
00000000  __TI_ATRegion0_src_addr            
00000000  __TI_ATRegion0_trg_addr            
00000000  __TI_ATRegion1_region_sz           
00000000  __TI_ATRegion1_src_addr            
00000000  __TI_ATRegion1_trg_addr            
00000000  __TI_ATRegion2_region_sz           
00000000  __TI_ATRegion2_src_addr            
00000000  __TI_ATRegion2_trg_addr            
UNDEFED   __TI_CINIT_Base                    
UNDEFED   __TI_CINIT_Limit                   
UNDEFED   __TI_Handler_Table_Base            
UNDEFED   __TI_Handler_Table_Limit           
70051ff8  __TI_auto_init_nobinit_nopinit     
70051d44  __TI_cleanup                       
70054ec4  __TI_cleanup_ptr                   
70050934  __TI_closefile                     
7005161c  __TI_doflush                       
70054ec8  __TI_dtors_ptr                     
70054eb4  __TI_ft_end                        
ffffffff  __TI_pprof_out_hndl                
ffffffff  __TI_prof_data_size                
ffffffff  __TI_prof_data_start               
70051d9c  __TI_readmsg                       
00000000  __TI_static_base__                 
70040d50  __TI_tmpnams                       
70051df4  __TI_writemsg                      
700510fc  __TI_wrt_ok                        
70056318  __UNDEFINED_STACK_END              
00000100  __UNDEFINED_STACK_SIZE             
70056218  __UNDEFINED_STACK_START            
70053164  __aeabi_ldiv0                      
700530b4  __aeabi_memclr                     
700530b4  __aeabi_memclr4                    
700530b4  __aeabi_memclr8                    
70053168  __aeabi_memcpy                     
70053168  __aeabi_memcpy4                    
70053168  __aeabi_memcpy8                    
70053038  __aeabi_memset                     
70053038  __aeabi_memset4                    
70053038  __aeabi_memset8                    
70052d1c  __aeabi_uldivmod                   
ffffffff  __binit__                          
70054b2f  __mpu_init                         
70048e50  __stack                            
7004fc9c  __udivmoddi4                       
700549d4  _c_int00                           
700549b0  _c_int00_sbl                       
70054cd4  _device                            
70054b48  _ftable                            
70054ee4  _lock                              
7005316c  _nop                               
70054e1c  _stream                            
70040e50  _sys_memory                        
UNDEFED   _system_post_cinit                 
70054b13  _system_pre_init                   
70054ef0  _unlock                            
00000000  _vectors                           
70054b40  abort                              
7004ee40  aligned_alloc                      
ffffffff  binit                              
70051480  close                              
70051f50  exit                               
70051fa4  finddevice                         
700502dc  fputc                              
7004ec98  free                               
70053170  fseek                              
70050880  fseeko                             
70053268  gADPLLJConfigTbl                   
70054eb8  gAddrTranslateConfig               
700531a0  gCacheConfig                       
70053214  gCacheL1dCacheLineSize             
70053a08  gCacheL1pCacheLineSize             
70054e6c  gClockConfig                       
70040df0  gClockCtrl                         
70054ef4  gDebugLogZone                      
70054ef8  gDebugP_uartDrvIndex               
70054b48  gEdmaConfig                        
70054efc  gEdmaConfigNum                     
70054f00  gHwiConfig                         
70040000  gHwiCtrl                           
700531a8  gMpuConfig                         
700531b4  gMpuRegionConfig                   
70053708  gPeripheralClkSrcInfoMap           
70054ecc  gSocModules                        
70054e84  gSocModulesClockFrequency          
70054edc  gUartConfig                        
70054f04  gUartConfigNum                     
70054f08  gUartDmaChConfig                   
70054b48  gUartDmaHandle                     
70040e48  gUartHandle                        
70054dc4  gUartParams                        
7005063c  getdevice                          
70050d39  init_gpio                          
70051bd3  init_interrupts                    
70040c90  intr_objects                       
70054f10  isMapAvailable                     
700529e4  lseek                              
70052e45  main                               
700530c0  malloc                             
7004ee40  memalign                           
70040e38  parmbuf                            
70054e9c  pins                               
70053048  putchar                            
70053015  putchar_                           
70053174  remove                             
7004f440  setvbuf                            
7004dcc0  strcmp                             
70054f0c  test                               
70052310  unlink                             
70040e28  virtToPhymap                       
70052d41  vprintf_                           
70052a18  write                              


GLOBAL SYMBOLS: SORTED BY Symbol Address 

address   name                               
-------   ----                               
00000000  __TI_ATRegion0_region_sz           
00000000  __TI_ATRegion0_src_addr            
00000000  __TI_ATRegion0_trg_addr            
00000000  __TI_ATRegion1_region_sz           
00000000  __TI_ATRegion1_src_addr            
00000000  __TI_ATRegion1_trg_addr            
00000000  __TI_ATRegion2_region_sz           
00000000  __TI_ATRegion2_src_addr            
00000000  __TI_ATRegion2_trg_addr            
00000000  __TI_static_base__                 
00000000  _vectors                           
00000100  __ABORT_STACK_SIZE                 
00000100  __FIQ_STACK_SIZE                   
00000100  __IRQ_STACK_SIZE                   
00000100  __UNDEFINED_STACK_SIZE             
00001000  __SVC_STACK_SIZE                   
00004000  __STACK_SIZE                       
00008000  __SYSMEM_SIZE                      
70040000  __BSS_START                        
70040000  gHwiCtrl                           
70040b70  _CIOBUF_                           
70040b70  __CIOBUF_                          
70040c90  intr_objects                       
70040d50  __TI_tmpnams                       
70040df0  gClockCtrl                         
70040e28  virtToPhymap                       
70040e38  parmbuf                            
70040e48  gUartHandle                        
70040e50  __BSS_END                          
70040e50  _sys_memory                        
70048e50  __stack                            
7004ce50  __STACK_END                        
7004d3e1  SOC_rcmEnablePeripheralClock       
7004d8ad  Board_driversOpen                  
7004dcb1  GPIO_bankIntrDisable               
7004dcc0  strcmp                             
7004e361  UART_open                          
7004e609  SOC_rcmSetPeripheralClock          
7004ea95  EDMA_freeChannelRegion             
7004ec98  free                               
7004ee40  aligned_alloc                      
7004ee40  memalign                           
7004efe5  UART_lld_dmaInit                   
7004f179  GPIO_init                          
7004f2f3  UART_lld_dmaDeInit                 
7004f440  setvbuf                            
7004f585  TimerP_setupPriv                   
7004f6c5  SOC_virtToPhy                      
7004f801  UART_close                         
7004fa6b  UART_lld_controllerIsr             
7004fc9c  __udivmoddi4                       
7004fdb5  SOC_rcmGetPeripheralClockFrequency 
7004fec9  UART_lld_write                     
7004ffd7  ClockP_init                        
700500db  Board_deinit                       
700500dd  UART_lld_dmaWrite                  
700501e1  UART_write                         
700502dc  fputc                              
700503cd  GPIO_deinit                        
7005049f  Board_init                         
700504a1  EDMA_unregisterIntr                
70050571  UART_lld_initDma                   
7005063c  getdevice                          
70050705  UART_lld_init                      
700507c5  EDMA_registerIntr                  
70050880  fseeko                             
70050934  __TI_closefile                     
70050c93  Dpl_deinit                         
70050d39  init_gpio                          
70050ddb  SemaphoreP_destruct                
70050ddd  EDMA_freeDmaChannel                
70050e7d  EDMA_freeParam                     
70050f1d  EDMA_freeTcc                       
70050fbc  HOSTrename                         
7005105d  UART_lld_dmaRead                   
700510fc  __TI_wrt_ok                        
70051198  HOSTlseek                          
70051231  SemaphoreP_pend                    
700512c7  EDMA_configureChannelRegion        
7005135b  TaskP_yield                        
7005135c  HOSTopen                           
70051480  close                              
7005150d  UART_init                          
70051595  UART_procLineStatusErr             
7005161c  __TI_doflush                       
700516a4  HOSTread                           
70051728  HOSTwrite                          
700517ad  UART_flushTxFifo                   
7005182d  EDMA_disableTransferRegion         
7005189b  EDMA_enableTransferRegion          
70051908  HOSTunlink                         
70051975  UART_lld_writeDma                  
700519e1  UART_lld_writeIntr                 
70051a49  CycleCounterP_init                 
70051a59  CycleCounterP_reset                
70051a7d  CycleCounterP_nsToTicks            
70051aa9  CycleCounterP_enableUserAccess     
70051ab1  SOC_controlModuleUnlockMMR         
70051b14  HOSTclose                          
70051b75  ClockP_timerTickIsr                
70051bd3  init_interrupts                    
70051c31  GPIO_setTrigType                   
70051c8d  SOC_controlModuleLockMMR           
70051ce9  _DebugP_assert                     
70051d44  __TI_cleanup                       
70051d9c  __TI_readmsg                       
70051df4  __TI_writemsg                      
70051e40  C$$IO$$                            
70051e4d  ClockP_getTimeUsec                 
70051ea3  UART_intrDisable                   
70051ef9  UART_writeCancelNoCB               
70051f50  exit                               
70051fa4  finddevice                         
70051ff8  __TI_auto_init_nobinit_nopinit     
7005204d  AddrTranslateP_getLocalAddr        
7005209f  ClockP_construct                   
700520f1  EDMA_allocDmaChannel               
70052141  EDMA_allocParam                    
70052191  EDMA_allocTcc                      
7005222f  EDMA_disableChInShadowRegRegion    
7005227d  Drivers_uartOpen                   
70052310  unlink                             
7005239f  UART_Params_init                   
700523e3  UART_lld_deInitDma                 
70052427  ClockP_stop                        
70052467  Dpl_init                           
700524a7  EDMA_mapChToEvtQ                   
700524e9  Pinmux_config                      
70052529  SemaphoreP_constructBinary         
70052569  UART_lld_deInit                    
700525e9  SemaphoreP_constructMutex          
70052629  EDMA_getBaseAddr                   
700526a1  PDM_testing                        
70052719  ClockP_destruct                    
70052753  DebugP_uartLogWriterPutChar        
7005278d  Module_clockSetFrequency           
700527c7  UART_lld_flushTxFifo               
70052839  _DebugP_logZone                    
70052870  CycleCounterP_getCount32           
70052878  PmuP_setup                         
70052880  PmuP_enableCounters                
70052888  PmuP_disableCounters               
70052890  PmuP_getOverflowStatus             
70052898  PmuP_clearOverflowStatus           
700528a0  PmuP_setUserEnable                 
700528a9  EDMA_clrMissEvtRegion              
700528df  ClockP_start                       
70052913  Module_clockDisable                
70052947  Module_clockEnable                 
700529e4  lseek                              
70052a18  write                              
70052a4d  EDMA_unmapChToEvtQ                 
70052a7f  SemaphoreP_post                    
70052ab1  Drivers_open                       
70052b11  EDMA_enableChInShadowRegRegion     
70052b6d  SOC_rcmGetR5Clock                  
70052b99  UART_getHandle                     
70052bed  GPIO_setDirMode                    
70052c15  SOC_moduleSetClockFrequency        
70052c3d  ClockP_sleep                       
70052c63  EDMA_setPaRAM                      
70052c89  UART_lld_dmaDisableChannel         
70052d1c  __aeabi_uldivmod                   
70052d41  vprintf_                           
70052d65  EDMA_linkChannel                   
70052d87  System_init                        
70052da9  DebugP_logZoneEnable               
70052dc9  TimerP_Params_initPriv             
70052de9  UART_getChar                       
70052e09  UART_spaceAvail                    
70052e29  SOC_rcmIsR5FInLockStepMode         
70052e45  main                               
70052e98  TI_memcpy_small                    
70052eb5  CSL_armR5GetCpuID                  
70052ecf  EDMA_readEventStatusRegion         
70052f03  TimerP_getCountPriv                
70052f1d  UART_deinit                        
70052f34  TI_memset_small                    
70052f4d  System_deinit                      
70052f63  UART_IsTxRxFifoEmpty               
70052f79  UART_getIntrIdentityStatus         
70052f8f  ClockP_usecToTicks                 
70052fa3  EDMA_getRegionId                   
70052fb7  UART_Transaction_init              
70052ff1  UART_operatingModeSelect           
70053003  UART_readLineStatus                
70053015  putchar_                           
70053027  UART_intr2Disable                  
70053038  __aeabi_memset                     
70053038  __aeabi_memset4                    
70053038  __aeabi_memset8                    
70053048  putchar                            
70053059  EDMA_ccPaRAMEntry_init             
70053067  GPIO_bankIntrEnable                
70053075  Pinmux_init                        
70053083  PowerClock_init                    
70053091  ClockP_getTicks                    
7005309d  DebugP_uartSetDrvIndex             
700530a9  SOC_getSelfCpuClk                  
700530b4  __aeabi_memclr                     
700530b4  __aeabi_memclr4                    
700530b4  __aeabi_memclr8                    
700530c0  malloc                             
700530cc  CSL_armR5ReadMpidrReg              
700530d8  C$$EXIT                            
700530d8  HOSTexit                           
700530ed  ClockP_Params_init                 
700530f7  ClockP_isActive                    
70053101  TimerP_getReloadCountPriv          
7005310b  TimerP_startPriv                   
70053115  UART_lld_Transaction_deInit        
7005311f  TimerP_clearOverflowIntPriv        
7005312f  EDMA_isInterruptEnabled            
70053135  SOC_moduleClockEnable              
70053141  ClockP_getTimerCount               
70053145  ClockP_timerClearOverflowInt       
70053149  PowerClock_deinit                  
7005314d  TimerP_Params_init                 
70053151  TimerP_clearOverflowInt            
70053155  TimerP_getCount                    
70053159  TimerP_getReloadCount              
7005315d  TimerP_setup                       
70053161  TimerP_start                       
70053164  __aeabi_ldiv0                      
70053168  __aeabi_memcpy                     
70053168  __aeabi_memcpy4                    
70053168  __aeabi_memcpy8                    
7005316c  _nop                               
70053170  fseek                              
70053174  remove                             
700531a0  gCacheConfig                       
700531a8  gMpuConfig                         
700531b4  gMpuRegionConfig                   
70053214  gCacheL1dCacheLineSize             
70053268  gADPLLJConfigTbl                   
70053708  gPeripheralClkSrcInfoMap           
70053a08  gCacheL1pCacheLineSize             
70053a19  HwiP_enableInt                     
70053a41  HwiP_disableInt                    
70053a73  HwiP_restoreInt                    
70053ac9  HwiP_clearInt                      
70053ae9  HwiP_post                          
70053b11  HwiP_Params_init                   
70053b23  HwiP_construct                     
70053c6b  HwiP_destruct                      
70053d3d  HwiP_init                          
70053dff  HwiP_inISR                         
70053e1b  HwiP_irq_handler_c                 
70053e9f  HwiP_fiq_handler                   
70053f4f  HwiP_reserved_handler              
70053f7d  HwiP_undefined_handler_c           
70053f9b  HwiP_user_undefined_handler_c      
70053faf  HwiP_svc_handler                   
70053fdd  HwiP_prefetch_abort_handler_c      
70054057  HwiP_user_prefetch_abort_handler_c 
70054067  HwiP_data_abort_handler_c          
700540e7  HwiP_user_data_abort_handler_c     
700540f8  HwiP_irq_handler                   
7005416c  HwiP_data_abort_handler            
700541b0  HwiP_prefetch_abort_handler        
700541fc  HwiP_undefined_handler             
7005422c  GET_DFSR                           
70054234  GET_ADFSR                          
7005423c  GET_DFAR                           
70054244  GET_IFSR                           
7005424c  GET_AIFSR                          
70054254  GET_IFAR                           
7005425c  GET_SPSR                           
70054274  HwiP_disable                       
70054284  HwiP_disableFIQ                    
70054294  HwiP_enable                        
700542a4  HwiP_enableFIQ                     
700542b4  HwiP_restore                       
700542bc  HwiP_enableVIC                     
700542cc  HwiP_disableVIC                    
700542dc  HwiP_getCPSR                       
700542f0  CacheP_disableL1d                  
70054318  CacheP_disableL1p                  
70054330  CacheP_enableL1d                   
70054348  CacheP_enableL1p                   
70054360  CacheP_invL1d                      
70054398  CacheP_invL1p                      
700543d4  CacheP_invL1dAll                   
700543dc  CacheP_invL1pAll                   
700543e4  CacheP_wb                          
70054420  CacheP_wbInv                       
7005445c  CacheP_wbAll                       
70054504  CacheP_wbInvAll                    
7005451c  CacheP_wbInvAllAsm                 
700545bc  CacheP_getEnabled                  
700545f4  CacheP_getCacheLevelInfo           
70054600  CacheP_configForceWrThru           
70054620  CacheP_setDLFO                     
70054631  CacheP_init                        
70054689  CacheP_disable                     
700546c3  CacheP_enable                      
700546e3  CacheP_inv                         
70054721  MpuP_getAttrs                      
70054761  MpuP_RegionAttrs_init              
7005476f  MpuP_setRegion                     
700547e9  MpuP_isEnable                      
700547ed  MpuP_disable                       
7005481f  MpuP_enable                        
7005485b  MpuP_init                          
700548bd  MpuP_isUserAuthorizedToAccessMemory
70054924  MpuP_disableAsm                    
7005493c  MpuP_disableBRAsm                  
7005494c  MpuP_enableAsm                     
70054964  MpuP_enableBRAsm                   
70054974  MpuP_isEnableAsm                   
70054988  MpuP_setRegionAsm                  
700549b0  _c_int00_sbl                       
700549d4  _c_int00                           
70054af5  _DebugP_assertNoLog                
70054b13  _system_pre_init                   
70054b2f  __mpu_init                         
70054b40  abort                              
70054b48  _ftable                            
70054b48  gEdmaConfig                        
70054b48  gUartDmaHandle                     
70054cd4  _device                            
70054dc4  gUartParams                        
70054e1c  _stream                            
70054e6c  gClockConfig                       
70054e84  gSocModulesClockFrequency          
70054e9c  pins                               
70054eb4  __TI_ft_end                        
70054eb8  gAddrTranslateConfig               
70054ec4  __TI_cleanup_ptr                   
70054ec8  __TI_dtors_ptr                     
70054ecc  gSocModules                        
70054edc  gUartConfig                        
70054ee4  _lock                              
70054ef0  _unlock                            
70054ef4  gDebugLogZone                      
70054ef8  gDebugP_uartDrvIndex               
70054efc  gEdmaConfigNum                     
70054f00  gHwiConfig                         
70054f04  gUartConfigNum                     
70054f08  gUartDmaChConfig                   
70054f0c  test                               
70054f10  isMapAvailable                     
70054f18  __IRQ_STACK_START                  
70055018  __FIQ_STACK_START                  
70055018  __IRQ_STACK_END                    
70055118  __FIQ_STACK_END                    
70055118  __SVC_STACK_START                  
70056118  __ABORT_STACK_START                
70056118  __SVC_STACK_END                    
70056218  __ABORT_STACK_END                  
70056218  __UNDEFINED_STACK_START            
70056318  __UNDEFINED_STACK_END              
ffffffff  __TI_pprof_out_hndl                
ffffffff  __TI_prof_data_size                
ffffffff  __TI_prof_data_start               
ffffffff  __binit__                          
ffffffff  binit                              
UNDEFED   __TI_CINIT_Base                    
UNDEFED   __TI_CINIT_Limit                   
UNDEFED   __TI_Handler_Table_Base            
UNDEFED   __TI_Handler_Table_Limit           
UNDEFED   _system_post_cinit                 

[362 symbols]
