******************************************************************************
            TI ARM Clang Linker PC v4.0.2                      
******************************************************************************
>> Linked Wed Jun 25 13:27:56 2025

OUTPUT FILE NAME:   <second_stage_PDM_testing.out>
ENTRY POINT SYMBOL: "_vectors"  address: 00000000


MEMORY CONFIGURATION

         name            origin    length      used     unused   attr    fill
----------------------  --------  ---------  --------  --------  ----  --------
  R5F_VECS              00000000   00000040  00000040  00000000  RWIX
  R5F_TCMA              00000040   00007fc0  00000000  00007fc0  RWIX
  R5F_TCMB              00080000   00008000  00000000  00008000  RWIX
  MAILBOX_HSM           44000000   000003ce  00000000  000003ce  RWIX
  MAILBOX_R5F           44000400   000003ce  00000000  000003ce  RWIX
  FLASH                 60100000   00080000  00000000  00080000  RWIX
  SBL                   70000000   00040000  00000000  00040000  RWIX
  OCRAM                 70040000   00040000  000219f0  0001e610  RWIX
  USER_SHM_MEM          701d0000   00004000  00000000  00004000  RWIX
  LOG_SHM_MEM           701d4000   00004000  00002000  00002000  RWIX
  RTOS_NORTOS_IPC_SHM_M 72000000   00003e80  00000000  00003e80  RWIX


SEGMENT ALLOCATION MAP

run origin  load origin   length   init length attrs members
----------  ----------- ---------- ----------- ----- -------
00000000    00000000    00000040   00000040    r-x
  00000000    00000000    00000040   00000040    r-x .vectors
70040000    70040000    000103e0   000103e0    r-x
  70040000    70040000    0000e440   0000e440    r-x .text
  7004e440    7004e440    00001fa0   00001fa0    r-- .rodata
700503e0    700503e0    0000e8a0   00000000    rw-
  700503e0    700503e0    000028a0   00000000    rw- .bss
  70052c80    70052c80    00008000   00000000    rw- .sysmem
  7005ac80    7005ac80    00004000   00000000    rw- .stack
7005ec80    7005ec80    00001130   00001130    r-x
  7005ec80    7005ec80    000008d8   000008d8    r-x .text.hwi
  7005f558    7005f558    00000430   00000430    r-x .text.cache
  7005f988    7005f988    00000290   00000290    r-x .text.mpu
  7005fc18    7005fc18    00000190   00000190    r-x .text.boot
  7005fda8    7005fda8    00000008   00000008    r-x .text:abort
7005fdb0    7005fdb0    00001c40   00000840    rw-
  7005fdb0    7005fdb0    00000840   00000840    rw- .data
  700605f0    700605f0    00000100   00000000    rw- .irqstack
  700606f0    700606f0    00000100   00000000    rw- .fiqstack
  700607f0    700607f0    00001000   00000000    rw- .svcstack
  700617f0    700617f0    00000100   00000000    rw- .abortstack
  700618f0    700618f0    00000100   00000000    rw- .undefinedstack


SECTION ALLOCATION MAP

 output                                  attributes/
section   page    origin      length       input sections
--------  ----  ----------  ----------   ----------------
.vectors   0    00000000    00000040     
                  00000000    00000040     nortos.am263px.r5f.ti-arm-clang.release.lib : HwiP_armv7r_vectors_nortos_asm.obj (.vectors)

.text      0    70040000    0000e440     
                  70040000    00001328     libc.a : _scanfi.c.obj (.text.__TI_scanfi)
                  70041328    00000756     ti_drivers_open_close.o (.text.Drivers_adcOpen)
                  70041a7e    00000002     ti_board_config.o (.text.Board_deinit)
                  70041a80    00000580     nortos.am263px.r5f.ti-arm-clang.release.lib : printf.obj (.text._vsnprintf)
                  70042000    000004d4     libc.a : strtod.c.obj (.text.strtod)
                  700424d4    000004cc     drivers.am263px.r5f.ti-arm-clang.release.lib : soc_rcm.obj (.text.SOC_rcmEnablePeripheralClock)
                  700429a0    00000444                                                  : i2c_v1_lld.obj (.text.I2C_lld_primeTransferPoll)
                  70042de4    00000004     nortos.am263px.r5f.ti-arm-clang.release.lib : ClockP_nortos_r5.obj (.text.ClockP_getTimerCount)
                  70042de8    00000400                                                 : printf.obj (.text._ftoa)
                  700431e8    000003b8     testing.o (.text.conduct_test)
                  700435a0    00000390     libc.a : strcmp32.S.obj (.text:strcmp)
                  70043930    00000310     nortos.am263px.r5f.ti-arm-clang.release.lib : printf.obj (.text._etoa)
                  70043c40    000002a8     drivers.am263px.r5f.ti-arm-clang.release.lib : uart_v0.obj (.text.UART_open)
                  70043ee8    00000298                                                  : mcspi_v0.obj (.text.MCSPI_open)
                  70044180    0000027c                                                  : edma.obj (.text.EDMA_init)
                  700443fc    0000027c     libc.a : strtoll.c.obj (.text.strtoll)
                  70044678    00000250     drivers.am263px.r5f.ti-arm-clang.release.lib : soc_rcm.obj (.text.SOC_rcmSetPeripheralClock)
                  700448c8    00000248     libc.a : strtoull.c.obj (.text.strtoull)
                  70044b10    0000023c     drivers.am263px.r5f.ti-arm-clang.release.lib : uart_v0_lld.obj (.text.UART_configInstance)
                  70044d4c    00000230                                                  : mcspi_dma_edma.obj (.text.MCSPI_lld_dmaTransfer)
                  70044f7c    00000210                                                  : i2c_v1.obj (.text.I2C_open)
                  7004518c    0000020c                                                  : edma.obj (.text.EDMA_errorIsrFxn)
                  70045398    0000020c                                                  : mcspi_v0_lld.obj (.text.MCSPI_transferControllerPoll)
                  700455a4    00000204                                                  : edma.obj (.text.EDMA_freeChannelRegion)
                  700457a8    000001f8     libc.a : strtol.c.obj (.text.strtol)
                  700459a0    000001ec            : strtoul.c.obj (.text.strtoul)
                  70045b8c    000001e8     drivers.am263px.r5f.ti-arm-clang.release.lib : mcspi_v0_lld.obj (.text.MCSPI_lld_controllerIsr)
                  70045d74    000001e2     ti_drivers_config.o (.text.GPIO_init)
                  70045f56    00000002     ti_board_config.o (.text.Board_init)
                  70045f58    000001d0     libclang_rt.builtins.a : udivsi3.S.obj (.text.__udivsi3)
                  70046128    000001c0     drivers.am263px.r5f.ti-arm-clang.release.lib : mcspi_dma_edma.obj (.text.MCSPI_lld_dmaChInit)
                  700462e8    000001b4                                                  : i2c_v1_lld.obj (.text.I2C_lld_targetIsr)
                  7004649c    000001ae                                                  : i2c_v1_lld.obj (.text.I2C_lld_controllerIsr)
                  7004664a    00000002     nortos.am263px.r5f.ti-arm-clang.release.lib : DebugP_nortos.obj (.text.DebugP_shmLogReaderTaskCreate)
                  7004664c    000001a8     drivers.am263px.r5f.ti-arm-clang.release.lib : mcspi_v0_lld.obj (.text.MCSPI_lld_chConfig)
                  700467f4    000001a8     libc.a : memory.c.obj (.text.free)
                  7004699c    000001a4            : memory.c.obj (.text.aligned_alloc)
                  70046b40    00000194     drivers.am263px.r5f.ti-arm-clang.release.lib : uart_dma_edma.obj (.text.UART_lld_dmaInit)
                  70046cd4    00000190                                                  : mcspi_v0.obj (.text.MCSPI_transfer)
                  70046e64    00000188                                                  : i2c_v1.obj (.text.I2C_transfer)
                  70046fec    00000164                                                  : edma.obj (.text.EDMA_open)
                  70047150    00000160                                                  : edma.obj (.text.EDMA_deinit)
                  700472b0    00000150     libc.a : s_scalbn.c.obj (.text.scalbn)
                  70047400    0000014e     drivers.am263px.r5f.ti-arm-clang.release.lib : uart_dma_edma.obj (.text.UART_lld_dmaDeInit)
                  7004754e    0000014c                                                  : mcspi_dma_edma.obj (.text.MCSPI_lld_dmaDeInit)
                  7004769a    00000002     ti_dpl_config.o (.text.Dpl_deinit)
                  7004769c    00000144     libc.a : setvbuf.c.obj (.text.setvbuf)
                  700477e0    00000140     nortos.am263px.r5f.ti-arm-clang.release.lib : TimerP_rti_priv.obj (.text.TimerP_setupPriv)
                  70047920    0000013c     drivers.am263px.r5f.ti-arm-clang.release.lib : soc.obj (.text.SOC_virtToPhy)
                  70047a5c    00000138                                                  : uart_v0.obj (.text.UART_close)
                  70047b94    00000134                                                  : mcspi_v0_lld.obj (.text.MCSPI_lld_readWrite)
                  70047cc8    00000132     nortos.am263px.r5f.ti-arm-clang.release.lib : printf.obj (.text._ntoa_format)
                  70047dfa    00000002                                                 : SemaphoreP_nortos.obj (.text.SemaphoreP_destruct)
                  70047dfc    00000126     int_adc.o (.text.read_int_ADC)
                  70047f22    0000011c     drivers.am263px.r5f.ti-arm-clang.release.lib : mcspi_v0_lld.obj (.text.MCSPI_lld_readWriteIntr)
                  7004803e    0000011a                                                  : uart_v0_lld.obj (.text.UART_lld_controllerIsr)
                  70048158    00000118                                                  : edma.obj (.text.Alloc_resource)
                  70048270    00000118     libclang_rt.builtins.a : udivmoddi4.S.obj (.text)
                  70048388    00000116     PDMtesting.o (.text.PDM_testing)
                  7004849e    00000002     nortos.am263px.r5f.ti-arm-clang.release.lib : TaskP_nortos.obj (.text.TaskP_yield)
                  700484a0    00000114     drivers.am263px.r5f.ti-arm-clang.release.lib : soc_rcm.obj (.text.SOC_rcmGetPeripheralClockFrequency)
                  700485b4    0000010e                                                  : uart_v0_lld.obj (.text.UART_lld_write)
                  700486c2    0000010a     board.o (.text.init_gpio)
                  700487cc    00000108     drivers.am263px.r5f.ti-arm-clang.release.lib : edma.obj (.text.EDMA_transferCompletionMasterIsrFxn)
                  700488d4    00000108                                                  : uart_v0.obj (.text.UART_read)
                  700489dc    00000106                                                  : mcspi_v0_lld.obj (.text.MCSPI_continuePeripheralTxRx)
                  70048ae2    00000104     nortos.am263px.r5f.ti-arm-clang.release.lib : ClockP_nortos_r5.obj (.text.ClockP_init)
                  70048be6    00000002     drivers.am263px.r5f.ti-arm-clang.release.lib : uart_dma_edma.obj (.text.UART_edmaDoNothing)
                  70048be8    00000104                                                  : uart_dma_edma.obj (.text.UART_lld_dmaWrite)
                  70048cec    00000100                                                  : mcspi_v0.obj (.text.MCSPI_close)
                  70048dec    000000fc                                                  : uart_v0.obj (.text.UART_write)
                  70048ee8    000000f4                                                  : mcspi_v0_lld.obj (.text.MCSPI_lld_initDma)
                  70048fdc    000000f0     libc.a : fputc.c.obj (.text.fputc)
                  700490cc    000000e6     drivers.am263px.r5f.ti-arm-clang.release.lib : mcspi_dma_edma.obj (.text.MCSPI_edmaIsrTx)
                  700491b2    000000e6                                                  : mcspi_v0_lld.obj (.text.MCSPI_lld_readWriteDma)
                  70049298    000000d6     board.o (.text.GPIO_bankIsrFxn)
                  7004936e    00000002     drivers.am263px.r5f.ti-arm-clang.release.lib : uart_v0.obj (.text.UART_lld_errorCallback)
                  70049370    000000d4     libc.a : sscanf.c.obj (.text._chkmbc)
                  70049444    000000d2     logger.o (.text.print_log)
                  70049516    00000002     nortos.am263px.r5f.ti-arm-clang.release.lib : printf.obj (.text._out_null)
                  70049518    000000d0     drivers.am263px.r5f.ti-arm-clang.release.lib : edma.obj (.text.EDMA_unregisterIntr)
                  700495e8    000000d0     ti_drivers_config.o (.text.GPIO_deinit)
                  700496b8    000000cc     drivers.am263px.r5f.ti-arm-clang.release.lib : uart_v0_lld.obj (.text.UART_lld_initDma)
                  70049784    000000c8     libc.a : getdevice.c.obj (.text.getdevice)
                  7004984c    000000c4     drivers.am263px.r5f.ti-arm-clang.release.lib : i2c_v1_lld.obj (.text.I2C_lld_mem_write)
                  70049910    000000c4                                                  : i2c_v1_lld.obj (.text.I2C_lld_primeTransferIntr)
                  700499d4    000000c4                                                  : mcspi_v0_lld.obj (.text.MCSPI_lld_init)
                  70049a98    000000c0                                                  : i2c_v1_lld.obj (.text.I2C_lld_mem_read)
                  70049b58    000000c0                                                  : uart_v0_lld.obj (.text.UART_lld_init)
                  70049c18    000000be     ioexp_tca6424.o (.text.TCA6424_config)
                  70049cd6    000000be     ioexp_tca6424.o (.text.TCA6424_setOutput)
                  70049d94    000000bc     drivers.am263px.r5f.ti-arm-clang.release.lib : edma.obj (.text.EDMA_registerIntr)
                  70049e50    000000b4     libc.a : fseek.c.obj (.text.fseeko)
                  70049f04    000000b2     BQ25751.o (.text.BQ25751_read_reg)
                  70049fb6    00000002     --HOLE-- [fill = 0]
                  70049fb8    000000b0     libc.a : fclose.c.obj (.text.__TI_closefile)
                  7004a068    000000b0     nortos.am263px.r5f.ti-arm-clang.release.lib : printf.obj (.text._ntoa_long_long)
                  7004a118    000000ac     drivers.am263px.r5f.ti-arm-clang.release.lib : soc_rcm.obj (.text.SOC_rcmGetCoreHSDivOut)
                  7004a1c4    000000ac                                                  : uart_v0_lld.obj (.text.UART_divisorLatchWrite)
                  7004a270    000000a8     nortos.am263px.r5f.ti-arm-clang.release.lib : DebugP_uartScanf.obj (.text.DebugP_readLine)
                  7004a318    000000a6     drivers.am263px.r5f.ti-arm-clang.release.lib : mcspi_dma_edma.obj (.text.MCSPI_edmaIsrRx)
                  7004a3be    000000a6                                                  : uart_v0_lld.obj (.text.UART_lld_read)
                  7004a464    000000a6     nortos.am263px.r5f.ti-arm-clang.release.lib : printf.obj (.text._out_rev)
                  7004a50a    000000a6     board.o (.text.init_global_interrupts)
                  7004a5b0    000000a4     drivers.am263px.r5f.ti-arm-clang.release.lib : i2c_v1.obj (.text.I2C_close)
                  7004a654    000000a4                                                  : i2c_v1_lld.obj (.text.I2C_lld_mem_readIntr)
                  7004a6f8    000000a4                                                  : i2c_v1_lld.obj (.text.I2C_lld_mem_writeIntr)
                  7004a79c    000000a4     libc.a : memory.c.obj (.text.split)
                  7004a840    000000a0     drivers.am263px.r5f.ti-arm-clang.release.lib : edma.obj (.text.EDMA_freeDmaChannel)
                  7004a8e0    000000a0                                                  : edma.obj (.text.EDMA_freeParam)
                  7004a980    000000a0                                                  : edma.obj (.text.EDMA_freeTcc)
                  7004aa20    000000a0     libsysbm.a : hostrename.c.obj (.text.HOSTrename)
                  7004aac0    000000a0     drivers.am263px.r5f.ti-arm-clang.release.lib : uart_dma_edma.obj (.text.UART_lld_dmaRead)
                  7004ab60    0000009c                                                  : uart_v0_lld.obj (.text.UART_lld_readIntr)
                  7004abfc    0000009c     libc.a : _io_perm.c.obj (.text.__TI_wrt_ok)
                  7004ac98    0000009a     ti_board_open_close.o (.text.Board_ioexpOpen)
                  7004ad32    00000002     --HOLE-- [fill = 0]
                  7004ad34    00000098     libsysbm.a : hostlseek.c.obj (.text.HOSTlseek)
                  7004adcc    00000098     drivers.am263px.r5f.ti-arm-clang.release.lib : i2c_v1.obj (.text.I2C_primeTransfer)
                  7004ae64    00000096     nortos.am263px.r5f.ti-arm-clang.release.lib : SemaphoreP_nortos.obj (.text.SemaphoreP_pend)
                  7004aefa    00000094     drivers.am263px.r5f.ti-arm-clang.release.lib : edma.obj (.text.EDMA_configureChannelRegion)
                  7004af8e    00000002     --HOLE-- [fill = 0]
                  7004af90    00000094     libsysbm.a : hostopen.c.obj (.text.HOSTopen)
                  7004b024    00000094     drivers.am263px.r5f.ti-arm-clang.release.lib : i2c_v1_lld.obj (.text.I2C_lld_init)
                  7004b0b8    00000094     ADS_adc.o (.text.SPI_ReadWrite)
                  7004b14c    00000094     drivers.am263px.r5f.ti-arm-clang.release.lib : uart_v0_lld.obj (.text.UART_lld_readWithCounter)
                  7004b1e0    00000090     ti_drivers_open_close.o (.text.Drivers_open)
                  7004b270    00000090     drivers.am263px.r5f.ti-arm-clang.release.lib : mcspi_v0_lld.obj (.text.MCSPI_setFifoConfig)
                  7004b300    0000008e     nortos.am263px.r5f.ti-arm-clang.release.lib : printf.obj (.text._ntoa_long)
                  7004b38e    0000008c     drivers.am263px.r5f.ti-arm-clang.release.lib : mcspi_v0_lld.obj (.text.MCSPI_lld_peripheralIsr)
                  7004b41a    00000002     --HOLE-- [fill = 0]
                  7004b41c    0000008c     libsysbm.a : close.c.obj (.text.close)
                  7004b4a8    0000008c     BQ25751.o (.text.i2c_read_error_handler)
                  7004b534    00000088     drivers.am263px.r5f.ti-arm-clang.release.lib : adc.obj (.text.ADC_setPPBTripLimits)
                  7004b5bc    00000088                                                  : uart_v0.obj (.text.UART_init)
                  7004b644    00000088                                                  : uart_v0_lld.obj (.text.UART_procLineStatusErr)
                  7004b6cc    00000088     libc.a : fflush.c.obj (.text.__TI_doflush)
                  7004b754    00000084     libsysbm.a : hostread.c.obj (.text.HOSTread)
                  7004b7d8    00000084                : hostwrite.c.obj (.text.HOSTwrite)
                  7004b85c    00000084     drivers.am263px.r5f.ti-arm-clang.release.lib : mcspi_v0_lld.obj (.text.MCSPI_setPeripheralFifoConfig)
                  7004b8e0    00000080                                                  : edma.obj (.text.EDMA_close)
                  7004b960    00000080                                                  : uart_v0.obj (.text.UART_flushTxFifo)
                  7004b9e0    0000007e     ti_drivers_open_close.o (.text.Drivers_mcspiOpen)
                  7004ba5e    0000007e     drivers.am263px.r5f.ti-arm-clang.release.lib : mcspi_v0_lld.obj (.text.MCSPI_fifoRead)
                  7004badc    0000007e                                                  : mcspi_v0_lld.obj (.text.MCSPI_transferPeripheralPoll)
                  7004bb5a    0000007c     ti_drivers_open_close.o (.text.Drivers_i2cOpen)
                  7004bbd6    0000007a     drivers.am263px.r5f.ti-arm-clang.release.lib : mcspi_v0_lld.obj (.text.MCSPI_initiateLastChunkTransfer)
                  7004bc50    00000078                                                  : mcspi_v0.obj (.text.MCSPI_init)
                  7004bcc8    00000076                                                  : uart_v0_lld.obj (.text.UART_readDataPolling)
                  7004bd3e    00000072                                                  : mcspi_v0_lld.obj (.text.MCSPI_fifoWrite)
                  7004bdb0    00000072                                                  : mcspi_v0_lld.obj (.text.MCSPI_stop)
                  7004be22    00000070                                                  : mcspi_dma_edma.obj (.text.MCSPI_lld_dmaStop)
                  7004be92    0000006e                                                  : edma.obj (.text.EDMA_disableTransferRegion)
                  7004bf00    0000006e                                                  : edma.obj (.text.EDMA_enableTransferRegion)
                  7004bf6e    00000002     --HOLE-- [fill = 0]
                  7004bf70    0000006c     libsysbm.a : hostunlink.c.obj (.text.HOSTunlink)
                  7004bfdc    0000006c     drivers.am263px.r5f.ti-arm-clang.release.lib : uart_v0_lld.obj (.text.UART_lld_writeDma)
                  7004c048    00000068                                                  : uart_v0_lld.obj (.text.UART_lld_readDma)
                  7004c0b0    00000068                                                  : uart_v0_lld.obj (.text.UART_lld_writeIntr)
                  7004c118    00000068     libc.a : atoi.c.obj (.text.atoi)
                  7004c180    00000068     board.o (.text.digitalWrite)
                  7004c1e8    00000066     nortos.am263px.r5f.ti-arm-clang.release.lib : PmuP_armv7r.obj (.text.pmu)
                  7004c24e    00000002     --HOLE-- [fill = 0]
                  7004c250    00000064     drivers.am263px.r5f.ti-arm-clang.release.lib : soc.obj (.text.SOC_controlModuleUnlockMMR)
                  7004c2b4    00000064     logger.o (.text.add_log)
                  7004c318    00000064     board.o (.text.init_interrupt)
                  7004c37c    00000060     libsysbm.a : hostclose.c.obj (.text.HOSTclose)
                  7004c3dc    0000005e     nortos.am263px.r5f.ti-arm-clang.release.lib : ClockP_nortos.obj (.text.ClockP_timerTickIsr)
                  7004c43a    0000005e     drivers.am263px.r5f.ti-arm-clang.release.lib : mcspi_v0_lld.obj (.text.MCSPI_setChDataSize)
                  7004c498    0000005c                                                  : gpio.obj (.text.GPIO_setTrigType)
                  7004c4f4    0000005c                                                  : mcspi_v0_lld.obj (.text.MCSPI_configInstance)
                  7004c550    0000005c                                                  : soc.obj (.text.SOC_controlModuleLockMMR)
                  7004c5ac    0000005c     nortos.am263px.r5f.ti-arm-clang.release.lib : DebugP_log.obj (.text._DebugP_assert)
                  7004c608    00000058     drivers.am263px.r5f.ti-arm-clang.release.lib : mcspi_dma_edma.obj (.text.MCSPI_edmaUpdateTransferParams)
                  7004c660    00000058     libc.a : fopen.c.obj (.text.__TI_cleanup)
                  7004c6b8    00000058     libsysbm.a : trgmsg.c.obj (.text.__TI_readmsg)
                  7004c710    00000058                : trgmsg.c.obj (.text.__TI_writemsg)
                  7004c768    00000058     logger.o (.text.print_pending_logs)
                  7004c7c0    00000056     nortos.am263px.r5f.ti-arm-clang.release.lib : ClockP_nortos.obj (.text.ClockP_getTimeUsec)
                  7004c816    00000056     drivers.am263px.r5f.ti-arm-clang.release.lib : uart_v0_lld.obj (.text.UART_intrDisable)
                  7004c86c    00000056                                                  : uart_v0_lld.obj (.text.UART_readCancelNoCB)
                  7004c8c2    00000056                                                  : uart_v0_lld.obj (.text.UART_writeCancelNoCB)
                  7004c918    00000054     ti_dpl_config.o (.text.Dpl_init)
                  7004c96c    00000054     libc.a : exit.c.obj (.text.exit)
                  7004c9c0    00000054            : getdevice.c.obj (.text.finddevice)
                  7004ca14    00000054            : autoinit.c.obj (.text:__TI_auto_init_nobinit_nopinit)
                  7004ca68    00000052     nortos.am263px.r5f.ti-arm-clang.release.lib : AddrTranslateP_32bit.obj (.text.AddrTranslateP_getLocalAddr)
                  7004caba    00000052     drivers.am263px.r5f.ti-arm-clang.release.lib : i2c_v1.obj (.text.I2C_LLD_targetTransferCompleteCallback)
                  7004cb0c    00000052                                                  : mcspi_v0_lld.obj (.text.MCSPI_lld_deInitDma)
                  7004cb5e    00000050     nortos.am263px.r5f.ti-arm-clang.release.lib : ClockP_nortos.obj (.text.ClockP_construct)
                  7004cbae    00000002     --HOLE-- [fill = 0]
                  7004cbb0    00000050     drivers.am263px.r5f.ti-arm-clang.release.lib : edma.obj (.text.EDMA_allocDmaChannel)
                  7004cc00    00000050                                                  : edma.obj (.text.EDMA_allocParam)
                  7004cc50    00000050                                                  : edma.obj (.text.EDMA_allocTcc)
                  7004cca0    0000004e     nortos.am263px.r5f.ti-arm-clang.release.lib : ClockP_nortos.obj (.text.ClockP_addToList)
                  7004ccee    0000004e     ti_drivers_open_close.o (.text.Drivers_edmaOpen)
                  7004cd3c    0000004e     ti_drivers_open_close.o (.text.Drivers_uartOpen)
                  7004cd8a    0000004e     drivers.am263px.r5f.ti-arm-clang.release.lib : edma.obj (.text.EDMA_disableChInShadowRegRegion)
                  7004cdd8    0000004c                                                  : mcspi_v0.obj (.text.MCSPI_transferCallback)
                  7004ce24    0000004c                                                  : mcspi_v0_lld.obj (.text.MCSPI_transferControllerIntr)
                  7004ce70    0000004c                                                  : soc.obj (.text.SOC_enableAdcReferenceMonitor)
                  7004cebc    00000048                                                  : soc.obj (.text.SOC_enableAdcGlobalForce)
                  7004cf04    00000048                                                  : soc.obj (.text.SOC_enableAdcInternalReference)
                  7004cf4c    00000048                                                  : uart_dma_edma.obj (.text.UART_edmaIsrRx)
                  7004cf94    00000048     libsysbm.a : unlink.c.obj (.text.unlink)
                  7004cfdc    00000046     drivers.am263px.r5f.ti-arm-clang.release.lib : uart_dma_edma.obj (.text.UART_edmaIsrTx)
                  7004d022    00000044                                                  : i2c_v1.obj (.text.I2C_completeCurrTransfer)
                  7004d066    00000002     --HOLE-- [fill = 0]
                  7004d068    00000044                                                  : soc.obj (.text.SOC_getAdcReferenceStatus)
                  7004d0ac    00000044                                                  : uart_v0.obj (.text.UART_Params_init)
                  7004d0f0    00000044                                                  : uart_v0_lld.obj (.text.UART_lld_deInitDma)
                  7004d134    00000040     nortos.am263px.r5f.ti-arm-clang.release.lib : ClockP_nortos.obj (.text.ClockP_stop)
                  7004d174    00000040     drivers.am263px.r5f.ti-arm-clang.release.lib : edma.obj (.text.EDMA_mapChToEvtQ)
                  7004d1b4    00000040                                                  : pinmux.obj (.text.Pinmux_config)
                  7004d1f4    00000040     nortos.am263px.r5f.ti-arm-clang.release.lib : SemaphoreP_nortos.obj (.text.SemaphoreP_constructBinary)
                  7004d234    00000040     drivers.am263px.r5f.ti-arm-clang.release.lib : uart_v0_lld.obj (.text.UART_lld_deInit)
                  7004d274    00000040     libc.a : memory.c.obj (.text.free_list_insert)
                  7004d2b4    0000003e     drivers.am263px.r5f.ti-arm-clang.release.lib : i2c_v1_lld.obj (.text.I2C_lld_transferInit)
                  7004d2f2    0000003e     nortos.am263px.r5f.ti-arm-clang.release.lib : SemaphoreP_nortos.obj (.text.SemaphoreP_constructMutex)
                  7004d330    0000003c     drivers.am263px.r5f.ti-arm-clang.release.lib : edma.obj (.text.EDMA_getBaseAddr)
                  7004d36c    0000003c                                                  : uart_v0_lld.obj (.text.UART_readData)
                  7004d3a8    0000003a     nortos.am263px.r5f.ti-arm-clang.release.lib : ClockP_nortos.obj (.text.ClockP_destruct)
                  7004d3e2    0000003a                                                 : DebugP_uartLogWriter.obj (.text.DebugP_uartLogWriterPutChar)
                  7004d41c    0000003a     ti_power_clock_config.o (.text.Module_clockSetFrequency)
                  7004d456    0000003a     ioexp_tca6424.o (.text.TCA6424_open)
                  7004d490    0000003a     drivers.am263px.r5f.ti-arm-clang.release.lib : uart_v0_lld.obj (.text.UART_lld_flushTxFifo)
                  7004d4ca    00000002     --HOLE-- [fill = 0]
                  7004d4cc    00000038                                                  : soc_rcm.obj (.text.SOC_rcmADPLLJGetFOut)
                  7004d504    00000038     nortos.am263px.r5f.ti-arm-clang.release.lib : DebugP_nortos.obj (.text._DebugP_logZone)
                  7004d53c    00000038                                                 : PmuP_armv7r_asm.obj (.text.pmu)
                  7004d574    00000036     drivers.am263px.r5f.ti-arm-clang.release.lib : edma.obj (.text.EDMA_clrMissEvtRegion)
                  7004d5aa    00000034     nortos.am263px.r5f.ti-arm-clang.release.lib : ClockP_nortos.obj (.text.ClockP_start)
                  7004d5de    00000002     --HOLE-- [fill = 0]
                  7004d5e0    00000034     drivers.am263px.r5f.ti-arm-clang.release.lib : i2c_v1.obj (.text.I2C_init)
                  7004d614    00000034                                                  : mcspi_v0.obj (.text.MCSPI_errorCallback)
                  7004d648    00000034     ti_power_clock_config.o (.text.Module_clockDisable)
                  7004d67c    00000034     ti_power_clock_config.o (.text.Module_clockEnable)
                  7004d6b0    00000034     drivers.am263px.r5f.ti-arm-clang.release.lib : soc.obj (.text.SOC_enableAdcDacLoopback)
                  7004d6e4    00000034                                                  : soc_rcm.obj (.text.SOC_rcmGetModuleClkDivVal)
                  7004d718    00000034     libc.a : memory.c.obj (.text.free_list_remove)
                  7004d74c    00000034     libsysbm.a : lseek.c.obj (.text.lseek)
                  7004d780    00000034                : write.c.obj (.text.write)
                  7004d7b4    00000032     nortos.am263px.r5f.ti-arm-clang.release.lib : ClockP_nortos.obj (.text.ClockP_usleep)
                  7004d7e6    00000032     drivers.am263px.r5f.ti-arm-clang.release.lib : edma.obj (.text.EDMA_unmapChToEvtQ)
                  7004d818    00000032     nortos.am263px.r5f.ti-arm-clang.release.lib : SemaphoreP_nortos.obj (.text.SemaphoreP_post)
                  7004d84a    00000030                                                 : DebugP_uartScanf.obj (.text.DebugP_scanf)
                  7004d87a    00000030     drivers.am263px.r5f.ti-arm-clang.release.lib : i2c_v1_lld.obj (.text.I2CControllerInitExpClk)
                  7004d8aa    00000030                                                  : uart_v0.obj (.text.UART_lld_writeCompleteCallback)
                  7004d8da    00000002     --HOLE-- [fill = 0]
                  7004d8dc    00000030     int_adc.o (.text.adc_to_current_LM74930)
                  7004d90c    0000002e     drivers.am263px.r5f.ti-arm-clang.release.lib : edma.obj (.text.EDMA_enableChInShadowRegRegion)
                  7004d93a    0000002e                                                  : i2c_v1_lld.obj (.text.I2C_lld_deInit)
                  7004d968    0000002e     ti_drivers_config.o (.text.System_init)
                  7004d996    0000002e     drivers.am263px.r5f.ti-arm-clang.release.lib : uart_v0.obj (.text.UART_lld_readCompleteCallback)
                  7004d9c4    0000002c     nortos.am263px.r5f.ti-arm-clang.release.lib : DebugP_shmLogReader.obj (.text.DebugP_shmLogReaderInit)
                  7004d9f0    0000002c     drivers.am263px.r5f.ti-arm-clang.release.lib : i2c_v1.obj (.text.I2C_getHandle)
                  7004da1c    0000002c                                                  : soc_rcm.obj (.text.SOC_rcmGetR5Clock)
                  7004da48    0000002c                                                  : uart_v0.obj (.text.UART_getHandle)
                  7004da74    0000002c     ADS_adc.o (.text.adc_to_current_HSS_MB)
                  7004daa0    0000002c     ADS_adc.o (.text.adc_to_current_TPS)
                  7004dacc    0000002c     libc.a : sscanf.c.obj (.text.vsscanf)
                  7004daf8    00000028     nortos.am263px.r5f.ti-arm-clang.release.lib : ClockP_nortos.obj (.text.ClockP_sleepTicks)
                  7004db20    00000028     drivers.am263px.r5f.ti-arm-clang.release.lib : gpio.obj (.text.GPIO_setDirMode)
                  7004db48    00000028                                                  : mcspi_v0_lld.obj (.text.MCSPI_fifoReadMultiWord)
                  7004db70    00000028                                                  : soc.obj (.text.SOC_moduleSetClockFrequency)
                  7004db98    00000028     ADS_adc.o (.text.read_ext_ADC)
                  7004dbc0    00000026     nortos.am263px.r5f.ti-arm-clang.release.lib : ClockP_nortos.obj (.text.ClockP_sleep)
                  7004dbe6    00000026     drivers.am263px.r5f.ti-arm-clang.release.lib : edma.obj (.text.EDMA_setPaRAM)
                  7004dc0c    00000026                                                  : i2c_v1_lld.obj (.text.I2C_lld_transferIntr)
                  7004dc32    00000026                                                  : i2c_v1_lld.obj (.text.I2C_lld_transferPoll)
                  7004dc58    00000026                                                  : uart_dma_edma.obj (.text.UART_lld_dmaDisableChannel)
                  7004dc7e    00000024                                                  : mcspi_v0_lld.obj (.text.MCSPI_fifoWriteMultiWord)
                  7004dca2    00000002     --HOLE-- [fill = 0]
                  7004dca4    00000024                                                  : uart_v0_lld.obj (.text.UART_IsHWFlowCtrlValid)
                  7004dcc8    00000024                                                  : uart_v0_lld.obj (.text.UART_IsRxTrigLvlValid)
                  7004dcec    00000024                                                  : uart_v0_lld.obj (.text.UART_IsTxTrigLvlValid)
                  7004dd10    00000024     libclang_rt.builtins.a : aeabi_uldivmod.S.obj (.text.__aeabi_uldivmod)
                  7004dd34    00000024     int_adc.o (.text.int_adc_to_voltage)
                  7004dd58    00000024     nortos.am263px.r5f.ti-arm-clang.release.lib : printf.obj (.text.vprintf_)
                  7004dd7c    00000022     drivers.am263px.r5f.ti-arm-clang.release.lib : edma.obj (.text.EDMA_linkChannel)
                  7004dd9e    00000022                                                  : mcspi_v0_lld.obj (.text.MCSPI_transferPeripheralIntr)
                  7004ddc0    00000022     ti_drivers_config.o (.text.System_deinit)
                  7004dde2    00000022     logger.o (.text.print_logs)
                  7004de04    00000020     nortos.am263px.r5f.ti-arm-clang.release.lib : DebugP_log.obj (.text.DebugP_logZoneEnable)
                  7004de24    00000020     drivers.am263px.r5f.ti-arm-clang.release.lib : i2c_v1_lld.obj (.text.I2C_lld_Message_init)
                  7004de44    00000020                                                  : mcspi_v0_lld.obj (.text.MCSPI_fifoRead32)
                  7004de64    00000020     nortos.am263px.r5f.ti-arm-clang.release.lib : TimerP_rti_priv.obj (.text.TimerP_Params_initPriv)
                  7004de84    00000020     drivers.am263px.r5f.ti-arm-clang.release.lib : uart_v0_lld.obj (.text.UART_getChar)
                  7004dea4    0000001e     ti_board_open_close.o (.text.Board_driversOpen)
                  7004dec2    0000001e     ioexp_tca6424.o (.text.TCA6424_close)
                  7004dee0    0000001e     drivers.am263px.r5f.ti-arm-clang.release.lib : uart_v0_lld.obj (.text.UART_spaceAvail)
                  7004defe    0000001e                                                  : uart_v0_lld.obj (.text.UART_statusIsDataReady)
                  7004df1c    0000001c                                                  : i2c_v1.obj (.text.I2C_hwiFxn)
                  7004df38    0000001c                                                  : mcspi_v0_lld.obj (.text.MCSPI_fifoWrite32)
                  7004df54    0000001c                                                  : mcspi_v0_lld.obj (.text.MCSPI_getFifoTrigLvl)
                  7004df70    0000001c                                                  : mcspi_v0_lld.obj (.text.MCSPI_lld_deInit)
                  7004df8c    0000001c                                                  : soc_rcm.obj (.text.SOC_rcmIsR5FInLockStepMode)
                  7004dfa8    0000001c     libc.a : sscanf.c.obj (.text._inpchar)
                  7004dfc4    0000001c     main.o (.text.main)
                  7004dfe0    0000001c     libsysbm.a : hostrename.c.obj (.text.strcpy)
                  7004dffc    0000001c                : hostrename.c.obj (.text.strlen)
                  7004e018    0000001c     libc.a : memcpy32.S.obj (.text:TI_memcpy_small)
                  7004e034    0000001a     nortos.am263px.r5f.ti-arm-clang.release.lib : CpuId_armv7r.obj (.text.CSL_armR5GetCpuID)
                  7004e04e    0000001a     drivers.am263px.r5f.ti-arm-clang.release.lib : edma.obj (.text.EDMA_readEventStatusRegion)
                  7004e068    0000001a                                                  : uart_v0_lld.obj (.text.UART_enhanFuncEnable)
                  7004e082    00000002     --HOLE-- [fill = 0]
                  7004e084    00000018                                                  : i2c_v1.obj (.text.I2C_deinit)
                  7004e09c    00000018                                                  : mcspi_v0.obj (.text.MCSPI_deinit)
                  7004e0b4    00000018                                                  : mcspi_dma_edma.obj (.text.MCSPI_lld_dmaInit)
                  7004e0cc    00000018     nortos.am263px.r5f.ti-arm-clang.release.lib : TimerP_rti_priv.obj (.text.TimerP_getCountPriv)
                  7004e0e4    00000018     drivers.am263px.r5f.ti-arm-clang.release.lib : uart_v0.obj (.text.UART_deinit)
                  7004e0fc    00000018     logger.o (.text.clear_logs)
                  7004e114    00000018     libc.a : memset32.S.obj (.text:TI_memset_small)
                  7004e12c    00000016     drivers.am263px.r5f.ti-arm-clang.release.lib : i2c_v1_lld.obj (.text.I2C_lld_Transaction_init)
                  7004e142    00000016                                                  : mcspi_v0_lld.obj (.text.MCSPI_reset)
                  7004e158    00000016                                                  : uart_v0_lld.obj (.text.UART_IsTxRxFifoEmpty)
                  7004e16e    00000016                                                  : uart_v0_lld.obj (.text.UART_getIntrIdentityStatus)
                  7004e184    00000016                                                  : uart_v0_lld.obj (.text.UART_getRxError)
                  7004e19a    00000014     nortos.am263px.r5f.ti-arm-clang.release.lib : ClockP_nortos.obj (.text.ClockP_usecToTicks)
                  7004e1ae    00000014     drivers.am263px.r5f.ti-arm-clang.release.lib : edma.obj (.text.EDMA_getRegionId)
                  7004e1c2    00000014                                                  : uart_v0.obj (.text.UART_Transaction_init)
                  7004e1d6    00000014                                                  : uart_v0_lld.obj (.text.UART_enhanFuncBitValRestore)
                  7004e1ea    00000012                                                  : adc.obj (.text.ADC_setMode)
                  7004e1fc    00000012                                                  : i2c_v1.obj (.text.I2C_LLD_transferCompleteCallback)
                  7004e20e    00000012                                                  : uart_v0_lld.obj (.text.UART_hardwareFlowCtrlOptSet)
                  7004e220    00000012                                                  : uart_v0_lld.obj (.text.UART_operatingModeSelect)
                  7004e232    00000012                                                  : uart_v0_lld.obj (.text.UART_readLineStatus)
                  7004e244    00000012     ti_dpl_config.o (.text.putchar_)
                  7004e256    00000010     drivers.am263px.r5f.ti-arm-clang.release.lib : gpio.obj (.text.GPIO_bankIntrDisable)
                  7004e266    00000010                                                  : uart_v0_lld.obj (.text.UART_intr2Disable)
                  7004e276    00000002     --HOLE-- [fill = 0]
                  7004e278    00000010     libclang_rt.builtins.a : aeabi_memset.S.obj (.text.__aeabi_memset)
                  7004e288    00000010     libc.a : sscanf.c.obj (.text._uninpchar)
                  7004e298    00000010            : fputc.c.obj (.text.putchar)
                  7004e2a8    0000000e     drivers.am263px.r5f.ti-arm-clang.release.lib : edma.obj (.text.EDMA_ccPaRAMEntry_init)
                  7004e2b6    0000000e                                                  : gpio.obj (.text.GPIO_bankIntrEnable)
                  7004e2c4    0000000e                                                  : i2c_v1.obj (.text.I2C_transferCallback)
                  7004e2d2    0000000e     ti_pinmux_config.o (.text.Pinmux_init)
                  7004e2e0    0000000e     ti_power_clock_config.o (.text.PowerClock_init)
                  7004e2ee    0000000c     nortos.am263px.r5f.ti-arm-clang.release.lib : ClockP_nortos.obj (.text.ClockP_getTicks)
                  7004e2fa    0000000c                                                 : DebugP_uartLogWriter.obj (.text.DebugP_uartSetDrvIndex)
                  7004e306    0000000c     drivers.am263px.r5f.ti-arm-clang.release.lib : edma.obj (.text.EDMA_isInitialized)
                  7004e312    00000002     --HOLE-- [fill = 0]
                  7004e314    0000000c                                                  : i2c_v1.obj (.text.I2C_Transaction_init)
                  7004e320    0000000c                                                  : soc.obj (.text.SOC_getSelfCpuClk)
                  7004e32c    0000000c     ioexp_tca6424.o (.text.TCA6424_Params_init)
                  7004e338    0000000c     libc.a : aeabi_portable.c.obj (.text.__aeabi_errno_addr)
                  7004e344    0000000c     libclang_rt.builtins.a : aeabi_memset.S.obj (.text.__aeabi_memclr)
                  7004e350    0000000c     libc.a : memory.c.obj (.text.malloc)
                  7004e35c    00000004     nortos.am263px.r5f.ti-arm-clang.release.lib : ClockP_nortos_r5.obj (.text.ClockP_timerClearOverflowInt)
                  7004e360    0000000c     libc.a : strcmp32.S.obj (.text)
                  7004e36c    0000000c     nortos.am263px.r5f.ti-arm-clang.release.lib : CpuId_armv7r_asm.obj (.text)
                  7004e378    0000000a                                                 : ClockP_nortos.obj (.text.ClockP_Params_init)
                  7004e382    0000000a                                                 : ClockP_nortos.obj (.text.ClockP_isActive)
                  7004e38c    0000000a                                                 : TimerP_rti_priv.obj (.text.TimerP_getReloadCountPriv)
                  7004e396    0000000a                                                 : TimerP_rti_priv.obj (.text.TimerP_startPriv)
                  7004e3a0    0000000a     drivers.am263px.r5f.ti-arm-clang.release.lib : uart_v0_lld.obj (.text.UART_lld_Transaction_deInit)
                  7004e3aa    00000002     --HOLE-- [fill = 0]
                  7004e3ac    00000008     libsysbm.a : hostexit.c.obj (.text.HOSTexit)
                  7004e3b4    00000008     nortos.am263px.r5f.ti-arm-clang.release.lib : TimerP_rti_priv.obj (.text.TimerP_clearOverflowIntPriv)
                  7004e3bc    00000008                                                 : printf.obj (.text._out_char)
                  7004e3c4    00000006     drivers.am263px.r5f.ti-arm-clang.release.lib : edma.obj (.text.EDMA_isInterruptEnabled)
                  7004e3ca    00000006                                                  : soc.obj (.text.SOC_moduleClockEnable)
                  7004e3d0    00000006                                                  : soc_rcm.obj (.text.SOC_rcmGetCR5SysclkInFrequency)
                  7004e3d6    00000004     ti_power_clock_config.o (.text.PowerClock_deinit)
                  7004e3da    00000004     nortos.am263px.r5f.ti-arm-clang.release.lib : TimerP_rti_nortos.obj (.text.TimerP_Params_init)
                  7004e3de    00000004                                                 : TimerP_rti_nortos.obj (.text.TimerP_clearOverflowInt)
                  7004e3e2    00000004                                                 : TimerP_rti_nortos.obj (.text.TimerP_getCount)
                  7004e3e6    00000004                                                 : TimerP_rti_nortos.obj (.text.TimerP_getReloadCount)
                  7004e3ea    00000004                                                 : TimerP_rti_nortos.obj (.text.TimerP_setup)
                  7004e3ee    00000004                                                 : TimerP_rti_nortos.obj (.text.TimerP_start)
                  7004e3f2    00000002     --HOLE-- [fill = 0]
                  7004e3f4    00000004     libclang_rt.builtins.a : aeabi_div0.c.obj (.text.__aeabi_idiv0)
                  7004e3f8    00000004                            : aeabi_div0.c.obj (.text.__aeabi_ldiv0)
                  7004e3fc    00000004                            : aeabi_memcpy.S.obj (.text.__aeabi_memcpy)
                  7004e400    00000004     libc.a : _lock.c.obj (.text._nop)
                  7004e404    00000004            : fseek.c.obj (.text.fseek)
                  7004e408    00000004     libsysbm.a : remove.c.obj (.text.remove)
                  7004e40c    00000008     libclang_rt.builtins.a : aeabi_memcpy.S.obj (.tramp.__aeabi_memcpy.1)
                  7004e414    00000008     nortos.am263px.r5f.ti-arm-clang.release.lib : HwiP_armv7r_asm.obj (.tramp.HwiP_restore.1)
                  7004e41c    00000008                                                 : HwiP_armv7r_asm.obj (.tramp.HwiP_enable.1)
                  7004e424    00000008                                                 : PmuP_armv7r_asm.obj (.tramp.PmuP_setUserEnable.1)
                  7004e42c    00000008                                                 : PmuP_armv7r_asm.obj (.tramp.PmuP_enableCounters.1)
                  7004e434    0000000c     --HOLE-- [fill = 0]

.rodata    0    7004e440    00001fa0     
                  7004e440    000004b0     testing.o (.rodata.test_results)
                  7004e8f0    00000101     libc.a : aeabi_ctype.S.obj (.rodata:__aeabi_ctype_table_)
                  7004e9f1    00000096     testing.o (.rodata.test_cases)
                  7004ea87    00000001     logger.o (.rodata.str1.11170080405929493601.1)
                  7004ea88    00000080     libc.a : strtod.c.obj (.rodata.digits)
                  7004eb08    0000007a     ti_drivers_open_close.o (.rodata.str1.14200658025495415368.1)
                  7004eb82    00000002     --HOLE-- [fill = 0]
                  7004eb84    00000074     ti_dpl_config.o (.rodata.cfg)
                  7004ebf8    00000051     drivers.am263px.r5f.ti-arm-clang.release.lib : mcspi_v0.obj (.rodata.str1.26396439823528435241)
                  7004ec49    00000007     libc.a : _scanfi.c.obj (.rodata._sproc_int.flit)
                  7004ec50    00000050     nortos.am263px.r5f.ti-arm-clang.release.lib : printf.obj (.rodata._ftoa.pow10)
                  7004eca0    00000048     drivers.am263px.r5f.ti-arm-clang.release.lib : soc_rcm.obj (.rodata.gADPLLJConfigTbl)
                  7004ece8    00000048     libc.a : strtod.c.obj (.rodata.powerof10)
                  7004ed30    00000048     drivers.am263px.r5f.ti-arm-clang.release.lib : mcspi_v0_lld.obj (.rodata.str1.97363132707188488161)
                  7004ed78    0000003d     nortos.am263px.r5f.ti-arm-clang.release.lib : TimerP_rti_priv.obj (.rodata.str1.72163963154704191671)
                  7004edb5    0000003b     testing.o (.rodata.str1.13902908763734703229.1)
                  7004edf0    0000003b     logger.o (.rodata.str1.15765208293925770228.1)
                  7004ee2b    0000003b     testing.o (.rodata.str1.17746360623054601515.1)
                  7004ee66    0000003b     testing.o (.rodata.str1.9663668549545128397.1)
                  7004eea1    0000003a     testing.o (.rodata.str1.13404232100597892824.1)
                  7004eedb    0000003a     testing.o (.rodata.str1.14475428689845802839.1)
                  7004ef15    0000003a     testing.o (.rodata.str1.5333103860067079182.1)
                  7004ef4f    00000039     testing.o (.rodata.str1.12712981990626671882.1)
                  7004ef88    00000038     testing.o (.rodata.str1.13271957185734089466.1)
                  7004efc0    00000038     testing.o (.rodata.str1.1809024094263384077.1)
                  7004eff8    00000038     ti_drivers_open_close.o (.rodata.str1.2554706296470369595.1)
                  7004f030    00000038     testing.o (.rodata.str1.9646216584914662902.1)
                  7004f068    00000037     testing.o (.rodata.str1.12934025152450101698.1)
                  7004f09f    00000037     testing.o (.rodata.str1.13753495736459524521.1)
                  7004f0d6    00000037     nortos.am263px.r5f.ti-arm-clang.release.lib : SemaphoreP_nortos.obj (.rodata.str1.52751030918495836841)
                  7004f10d    00000037     testing.o (.rodata.str1.912323090116748061.1)
                  7004f144    00000036     ti_drivers_open_close.o (.rodata.str1.10252002122772422448.1)
                  7004f17a    00000036     testing.o (.rodata.str1.1765844212525536965.1)
                  7004f1b0    00000036     testing.o (.rodata.str1.9310835370192816021.1)
                  7004f1e6    00000035     ti_drivers_open_close.o (.rodata.str1.17551203406305493380.1)
                  7004f21b    00000035     ti_drivers_open_close.o (.rodata.str1.17665391694225509261.1)
                  7004f250    00000033     testing.o (.rodata.str1.8696649377706721793.1)
                  7004f283    00000032     drivers.am263px.r5f.ti-arm-clang.release.lib : adc.obj (.rodata.str1.104222482920253680151)
                  7004f2b5    00000032                                                  : adc.obj (.rodata.str1.137023953294967812531)
                  7004f2e7    00000031     BQ25751.o (.rodata.str1.17894075944801656883.1)
                  7004f318    00000030     logger.o (.rodata..Lswitch.table.print_log.27)
                  7004f348    00000030     ti_drivers_open_close.o (.rodata.str1.5293217666052239616.1)
                  7004f378    0000002e     nortos.am263px.r5f.ti-arm-clang.release.lib : ClockP_nortos.obj (.rodata.str1.39419159632632580371)
                  7004f3a6    0000002d     BQ25751.o (.rodata.str1.7897313143695813649.1)
                  7004f3d3    00000005     nortos.am263px.r5f.ti-arm-clang.release.lib : printf.obj (.rodata.str1.143852280595428356391)
                  7004f3d8    0000002c     drivers.am263px.r5f.ti-arm-clang.release.lib : i2c_v1.obj (.rodata.I2C_defaultTransaction)
                  7004f404    0000002c     BQ25751.o (.rodata.str1.12868114523665019615.1)
                  7004f430    0000002c     BQ25751.o (.rodata.str1.453300746779397769.1)
                  7004f45c    0000002a     logger.o (.rodata.str1.6697840596852582545.1)
                  7004f486    0000002a     nortos.am263px.r5f.ti-arm-clang.release.lib : DebugP_log.obj (.rodata.str1.8882360920750446361)
                  7004f4b0    00000028     ti_drivers_open_close.o (.rodata.str1.1596297266130340916.1)
                  7004f4d8    00000028     ti_drivers_open_close.o (.rodata.str1.16112177131852734107.1)
                  7004f500    00000027     nortos.am263px.r5f.ti-arm-clang.release.lib : ClockP_nortos_r5.obj (.rodata.str1.91622226613999981811)
                  7004f527    00000026     BQ25751.o (.rodata.str1.14581448127847459194.1)
                  7004f54d    00000025     ti_board_open_close.o (.rodata.str1.12245025114167949655.1)
                  7004f572    00000025     ti_drivers_open_close.o (.rodata.str1.7750254725308216577.1)
                  7004f597    00000024     testing.o (.rodata.str1.1448113453728135492.1)
                  7004f5bb    00000024     drivers.am263px.r5f.ti-arm-clang.release.lib : edma.obj (.rodata.str1.164918382464449145851)
                  7004f5df    00000023     ti_drivers_open_close.o (.rodata.str1.10490786615736436564.1)
                  7004f602    00000023     nortos.am263px.r5f.ti-arm-clang.release.lib : ClockP_nortos_r5.obj (.rodata.str1.136646522816104227591)
                  7004f625    00000023     drivers.am263px.r5f.ti-arm-clang.release.lib : soc_rcm.obj (.rodata.str1.15813086600912413471)
                  7004f648    00000023     ti_board_open_close.o (.rodata.str1.760704006985994805.1)
                  7004f66b    00000022     drivers.am263px.r5f.ti-arm-clang.release.lib : edma.obj (.rodata.str1.6611792697437713481)
                  7004f68d    00000021     nortos.am263px.r5f.ti-arm-clang.release.lib : ClockP_nortos_r5.obj (.rodata.str1.99041146818411950391)
                  7004f6ae    00000002     --HOLE-- [fill = 0]
                  7004f6b0    00000020     drivers.am263px.r5f.ti-arm-clang.release.lib : uart_v0_lld.obj (.rodata.cst32)
                  7004f6d0    00000020     PDMtesting.o (.rodata.str1.10015848951539402881.1)
                  7004f6f0    00000020     drivers.am263px.r5f.ti-arm-clang.release.lib : uart_v0.obj (.rodata.str1.150767988884773108331)
                  7004f710    0000001f     board.o (.rodata.str1.10881007155619371109.1)
                  7004f72f    0000001f     board.o (.rodata.str1.123550804358397101.1)
                  7004f74e    0000001f     board.o (.rodata.str1.13738757807042593414.1)
                  7004f76d    0000001f     board.o (.rodata.str1.14465880841147386111.1)
                  7004f78c    0000001f     logger.o (.rodata.str1.14867204177169952558.1)
                  7004f7ab    0000001f     board.o (.rodata.str1.1510811462892085231.1)
                  7004f7ca    0000001f     board.o (.rodata.str1.16077883977509950417.1)
                  7004f7e9    0000001f     board.o (.rodata.str1.1696272589420159480.1)
                  7004f808    0000001f     board.o (.rodata.str1.18250802514644841805.1)
                  7004f827    0000001f     nortos.am263px.r5f.ti-arm-clang.release.lib : SemaphoreP_nortos.obj (.rodata.str1.25281168886080794691)
                  7004f846    0000001f                                                 : ClockP_nortos_r5.obj (.rodata.str1.25349503636762439021)
                  7004f865    0000001f     board.o (.rodata.str1.5436337271421848948.1)
                  7004f884    0000001f     board.o (.rodata.str1.673658226405435322.1)
                  7004f8a3    0000001f     ti_drivers_open_close.o (.rodata.str1.871795152488895636.1)
                  7004f8c2    0000001f     board.o (.rodata.str1.9045895231722895584.1)
                  7004f8e1    0000001f     board.o (.rodata.str1.9461189164499355904.1)
                  7004f900    0000001e     board.o (.rodata.str1.10345935079445805060.1)
                  7004f91e    0000001e     drivers.am263px.r5f.ti-arm-clang.release.lib : mcspi_v0.obj (.rodata.str1.144400815220210358851)
                  7004f93c    0000001e     board.o (.rodata.str1.6418571003999367838.1)
                  7004f95a    0000001e     board.o (.rodata.str1.6840234256597642108.1)
                  7004f978    0000001e     board.o (.rodata.str1.9453984286452795027.1)
                  7004f996    0000001d     nortos.am263px.r5f.ti-arm-clang.release.lib : TimerP_rti_priv.obj (.rodata.str1.114219152040444562951)
                  7004f9b3    0000001d                                                 : TimerP_rti_priv.obj (.rodata.str1.125174968193178473681)
                  7004f9d0    0000001d     ti_drivers_open_close.o (.rodata.str1.13083909648175487149.1)
                  7004f9ed    0000001d     drivers.am263px.r5f.ti-arm-clang.release.lib : uart_v0.obj (.rodata.str1.142814395268246240721)
                  7004fa0a    0000001d                                                  : mcspi_v0.obj (.rodata.str1.171925388543524077211)
                  7004fa27    0000001d     nortos.am263px.r5f.ti-arm-clang.release.lib : TimerP_rti_priv.obj (.rodata.str1.27974953896521033811)
                  7004fa44    0000001c     logger.o (.rodata.str1.10253156068257962407.1)
                  7004fa60    0000001c     logger.o (.rodata.str1.12893940535876439382.1)
                  7004fa7c    0000001c     logger.o (.rodata.str1.16946937258229686214.1)
                  7004fa98    0000001b     logger.o (.rodata.str1.10289081750774512625.1)
                  7004fab3    0000001b     drivers.am263px.r5f.ti-arm-clang.release.lib : edma.obj (.rodata.str1.16266241636797238661)
                  7004face    0000001b     nortos.am263px.r5f.ti-arm-clang.release.lib : ClockP_nortos.obj (.rodata.str1.47646432807403639741)
                  7004fae9    0000001b     ti_drivers_open_close.o (.rodata.str1.5509699957385355460.1)
                  7004fb04    0000001b     logger.o (.rodata.str1.6452265960373237926.1)
                  7004fb1f    0000001a     drivers.am263px.r5f.ti-arm-clang.release.lib : edma.obj (.rodata.str1.124702968117785801901)
                  7004fb39    0000001a     nortos.am263px.r5f.ti-arm-clang.release.lib : ClockP_nortos_r5.obj (.rodata.str1.133203246495064227641)
                  7004fb53    0000001a     drivers.am263px.r5f.ti-arm-clang.release.lib : soc_rcm.obj (.rodata.str1.153801437654618082741)
                  7004fb6d    0000001a                                                  : mcspi_v0.obj (.rodata.str1.169212516063846095031)
                  7004fb87    0000001a                                                  : i2c_v1.obj (.rodata.str1.65627606760091541251)
                  7004fba1    0000001a     board.o (.rodata.str1.9440741161207462191.1)
                  7004fbbb    0000001a     drivers.am263px.r5f.ti-arm-clang.release.lib : mcspi_v0.obj (.rodata.str1.99640994410596514241)
                  7004fbd5    00000019     ti_drivers_open_close.o (.rodata.str1.14059614886583751700.1)
                  7004fbee    00000019     nortos.am263px.r5f.ti-arm-clang.release.lib : TimerP_rti_priv.obj (.rodata.str1.160914699991520874261)
                  7004fc07    00000019     ti_drivers_open_close.o (.rodata.str1.7332975063418302059.1)
                  7004fc20    00000018     drivers.am263px.r5f.ti-arm-clang.release.lib : soc.obj (.rodata..Lswitch.table.SOC_getAdcReferenceStatus)
                  7004fc38    00000018                                                  : i2c_v1_lld.obj (.rodata.I2C_lld_defaultMessage)
                  7004fc50    00000018                                                  : soc_rcm.obj (.rodata.gControlssPllClkSrcValMap)
                  7004fc68    00000018                                                  : soc_rcm.obj (.rodata.gCptsClkSrcValMap)
                  7004fc80    00000018                                                  : soc_rcm.obj (.rodata.gI2cClkSrcValMap)
                  7004fc98    00000018                                                  : soc_rcm.obj (.rodata.gLinUartClkSrcValMap)
                  7004fcb0    00000018                                                  : soc_rcm.obj (.rodata.gPeripheralClkSrcInfoMap)
                  7004fcc8    00000018                                                  : soc_rcm.obj (.rodata.gRtiClkSrcValMap)
                  7004fce0    00000018                                                  : soc_rcm.obj (.rodata.gWdtClkSrcValMap)
                  7004fcf8    00000018                                                  : i2c_v1.obj (.rodata.str1.10394555129776590081)
                  7004fd10    00000018                                                  : i2c_v1.obj (.rodata.str1.145046381417982596211)
                  7004fd28    00000018                                                  : i2c_v1.obj (.rodata.str1.146157486204483244751)
                  7004fd40    00000018     logger.o (.rodata.str1.516959638814628545.1)
                  7004fd58    00000018     logger.o (.rodata.str1.5671237403414969566.1)
                  7004fd70    00000018     logger.o (.rodata.str1.887488774559121338.1)
                  7004fd88    00000018     drivers.am263px.r5f.ti-arm-clang.release.lib : uart_v0.obj (.rodata.str1.9069738176458784971)
                  7004fda0    00000018     logger.o (.rodata.str1.998270875404085501.1)
                  7004fdb8    00000017     ADS_adc.o (.rodata.str1.10043506777178288082.1)
                  7004fdcf    00000017     logger.o (.rodata.str1.10127394157737690499.1)
                  7004fde6    00000017     drivers.am263px.r5f.ti-arm-clang.release.lib : soc_rcm.obj (.rodata.str1.141251745167226470741)
                  7004fdfd    00000017     ti_drivers_open_close.o (.rodata.str1.1628183244885117158.1)
                  7004fe14    00000017     BQ25751.o (.rodata.str1.2479029312867807955.1)
                  7004fe2b    00000017     logger.o (.rodata.str1.9485715002722841782.1)
                  7004fe42    00000016     PDMtesting.o (.rodata.str1.10577412323663350067.1)
                  7004fe58    00000016     drivers.am263px.r5f.ti-arm-clang.release.lib : soc_rcm.obj (.rodata.str1.107645048611228328791)
                  7004fe6e    00000016     PDMtesting.o (.rodata.str1.12143205621091433229.1)
                  7004fe84    00000016     logger.o (.rodata.str1.1246197995540081341.1)
                  7004fe9a    00000016     logger.o (.rodata.str1.14246187852812087945.1)
                  7004feb0    00000016     drivers.am263px.r5f.ti-arm-clang.release.lib : soc_rcm.obj (.rodata.str1.177369307189295936511)
                  7004fec6    00000016                                                  : soc_rcm.obj (.rodata.str1.63555232926284281011)
                  7004fedc    00000016                                                  : mcspi_v0.obj (.rodata.str1.85423015064808713541)
                  7004fef2    00000015     ti_drivers_open_close.o (.rodata.str1.11521962449680083383.1)
                  7004ff07    00000015     drivers.am263px.r5f.ti-arm-clang.release.lib : edma.obj (.rodata.str1.149652404363315708211)
                  7004ff1c    00000015     ti_drivers_open_close.o (.rodata.str1.17912154466570466874.1)
                  7004ff31    00000015     drivers.am263px.r5f.ti-arm-clang.release.lib : adc.obj (.rodata.str1.20431844208594508061)
                  7004ff46    00000015     nortos.am263px.r5f.ti-arm-clang.release.lib : SemaphoreP_nortos.obj (.rodata.str1.30861210816963497001)
                  7004ff5b    00000015     logger.o (.rodata.str1.8545315102583907144.1)
                  7004ff70    00000014     drivers.am263px.r5f.ti-arm-clang.release.lib : mcspi_v0_lld.obj (.rodata.str1.147988882001261723701)
                  7004ff84    00000014                                                  : edma.obj (.rodata.str1.176595599180530855901)
                  7004ff98    00000014                                                  : mcspi_v0.obj (.rodata.str1.34611452835214624521)
                  7004ffac    00000014     ti_drivers_open_close.o (.rodata.str1.3622116258035701796.1)
                  7004ffc0    00000014     drivers.am263px.r5f.ti-arm-clang.release.lib : edma.obj (.rodata.str1.41785049815304208531)
                  7004ffd4    00000014                                                  : edma.obj (.rodata.str1.93700429500326477781)
                  7004ffe8    00000013                                                  : soc_rcm.obj (.rodata.str1.30734103837947208761)
                  7004fffb    00000013     testing.o (.rodata.str1.761491514650110821.1)
                  7005000e    00000013     testing.o (.rodata.str1.8954517940817656586.1)
                  70050021    00000013     drivers.am263px.r5f.ti-arm-clang.release.lib : uart_v0.obj (.rodata.str1.9980655952161290391)
                  70050034    00000012                                                  : uart_v0.obj (.rodata.str1.166492982902436568231)
                  70050046    00000012                                                  : uart_v0.obj (.rodata.str1.171120843061886446841)
                  70050058    00000012                                                  : edma.obj (.rodata.str1.41579851849113419871)
                  7005006a    00000012     PDMtesting.o (.rodata.str1.5813496317156725502.1)
                  7005007c    00000012     ti_drivers_open_close.o (.rodata.str1.6538372684047993024.1)
                  7005008e    00000012     drivers.am263px.r5f.ti-arm-clang.release.lib : soc_rcm.obj (.rodata.str1.67217821191364965911)
                  700500a0    00000011                                                  : edma.obj (.rodata.str1.117215064595961288031)
                  700500b1    00000011     ti_drivers_open_close.o (.rodata.str1.12213835641041270557.1)
                  700500c2    00000011     logger.o (.rodata.str1.13406532556922755089.1)
                  700500d3    00000011     drivers.am263px.r5f.ti-arm-clang.release.lib : uart_v0.obj (.rodata.str1.16967668833904919061)
                  700500e4    00000011                                                  : edma.obj (.rodata.str1.28692048193800818901)
                  700500f5    00000011     nortos.am263px.r5f.ti-arm-clang.release.lib : ClockP_nortos.obj (.rodata.str1.37923443167824241621)
                  70050106    00000011                                                 : TimerP_rti_priv.obj (.rodata.str1.44101942245516082551)
                  70050117    00000011     logger.o (.rodata.str1.4633242734696342979.1)
                  70050128    00000011     ti_drivers_open_close.o (.rodata.str1.6292539624901818759.1)
                  70050139    00000003     PDMtesting.o (.rodata.str1.1094412632907578887.1)
                  7005013c    00000010     drivers.am263px.r5f.ti-arm-clang.release.lib : soc.obj (.rodata.cst16)
                  7005014c    00000010                                                  : mcspi_v0.obj (.rodata.str1.153145657127816401141)
                  7005015c    00000010     ti_drivers_open_close.o (.rodata.str1.15574074207268991336.1)
                  7005016c    00000010     drivers.am263px.r5f.ti-arm-clang.release.lib : edma.obj (.rodata.str1.18778444954996405781)
                  7005017c    00000010                                                  : i2c_v1.obj (.rodata.str1.55879311564180241041)
                  7005018c    00000010     ti_drivers_open_close.o (.rodata.str1.6437641722977580707.1)
                  7005019c    0000000f     drivers.am263px.r5f.ti-arm-clang.release.lib : edma.obj (.rodata.str1.111354322338949310841)
                  700501ab    0000000f                                                  : edma.obj (.rodata.str1.144551280152329776181)
                  700501ba    0000000f                                                  : i2c_v1.obj (.rodata.str1.20248951868514646131)
                  700501c9    0000000f                                                  : edma.obj (.rodata.str1.2759273541325923811)
                  700501d8    0000000f                                                  : mcspi_v0.obj (.rodata.str1.43973954253821070511)
                  700501e7    0000000f     board.o (.rodata.str1.834004997606947946.1)
                  700501f6    0000000f     drivers.am263px.r5f.ti-arm-clang.release.lib : edma.obj (.rodata.str1.92547749779646142691)
                  70050205    0000000e                                                  : edma.obj (.rodata.str1.19244332700943948511)
                  70050213    0000000e                                                  : edma.obj (.rodata.str1.46057082369026546831)
                  70050221    0000000e                                                  : edma.obj (.rodata.str1.46782315602798139861)
                  7005022f    0000000e     ti_drivers_open_close.o (.rodata.str1.5205884736402799790.1)
                  7005023d    0000000d     ti_drivers_open_close.o (.rodata.str1.10450075619424269387.1)
                  7005024a    0000000d     drivers.am263px.r5f.ti-arm-clang.release.lib : edma.obj (.rodata.str1.121775923823351643201)
                  70050257    0000000d     ti_drivers_open_close.o (.rodata.str1.16905510790704221133.1)
                  70050264    0000000d     nortos.am263px.r5f.ti-arm-clang.release.lib : TimerP_rti_priv.obj (.rodata.str1.31870447354226168941)
                  70050271    0000000d     drivers.am263px.r5f.ti-arm-clang.release.lib : adc.obj (.rodata.str1.70150695697723348971)
                  7005027e    0000000d     testing.o (.rodata.str1.9119961215068324276.1)
                  7005028b    00000001     --HOLE-- [fill = 0]
                  7005028c    0000000c     drivers.am263px.r5f.ti-arm-clang.release.lib : mcspi_v0_lld.obj (.rodata..Lswitch.table.MCSPI_lld_controllerIsr.1)
                  70050298    0000000c                                                  : mcspi_v0_lld.obj (.rodata..Lswitch.table.MCSPI_lld_controllerIsr)
                  700502a4    0000000c                                                  : soc.obj (.rodata..Lswitch.table.SOC_enableAdcReferenceMonitor)
                  700502b0    0000000c     logger.o (.rodata..Lswitch.table.print_log)
                  700502bc    0000000c     nortos.am263px.r5f.ti-arm-clang.release.lib : ClockP_nortos_r5.obj (.rodata.str1.177642182983587376931)
                  700502c8    0000000c     drivers.am263px.r5f.ti-arm-clang.release.lib : mcspi_v0.obj (.rodata.str1.69169362540279301091)
                  700502d4    0000000c                                                  : edma.obj (.rodata.str1.73371482538137472541)
                  700502e0    0000000c     logger.o (.rodata.str1.7498274428696469886.1)
                  700502ec    0000000b     board.o (.rodata.str1.15102135329570516791.1)
                  700502f7    0000000b     drivers.am263px.r5f.ti-arm-clang.release.lib : mcspi_v0.obj (.rodata.str1.169287378047891341191)
                  70050302    0000000b                                                  : uart_v0.obj (.rodata.str1.174466331461201984741)
                  7005030d    0000000b                                                  : uart_v0.obj (.rodata.str1.23952661867579505821)
                  70050318    0000000b                                                  : mcspi_v0.obj (.rodata.str1.248655060218483491)
                  70050323    0000000b                                                  : edma.obj (.rodata.str1.8716574913843167321)
                  7005032e    0000000a                                                  : soc_rcm.obj (.rodata.str1.102656642322745120751)
                  70050338    0000000a                                                  : edma.obj (.rodata.str1.11281620503267214511)
                  70050342    0000000a     logger.o (.rodata.str1.13114922096505101489.1)
                  7005034c    0000000a     drivers.am263px.r5f.ti-arm-clang.release.lib : uart_v0.obj (.rodata.str1.4680544719311723101)
                  70050356    0000000a                                                  : uart_v0.obj (.rodata.str1.62285611621840673441)
                  70050360    0000000a                                                  : edma.obj (.rodata.str1.94390198658697638781)
                  7005036a    0000000a                                                  : i2c_v1.obj (.rodata.str1.97456980245303321621)
                  70050374    0000000a                                                  : uart_v0.obj (.rodata.str1.98976386761529848021)
                  7005037e    00000009     libc.a : _scanfi.c.obj (.rodata.str1.12964984209033246150.1)
                  70050387    00000009     drivers.am263px.r5f.ti-arm-clang.release.lib : i2c_v1.obj (.rodata.str1.60490558749180274121)
                  70050390    00000008     libc.a : _scanfi.c.obj (.rodata..L__const._sproc_float.special)
                  70050398    00000008     logger.o (.rodata.str1.11411971380641413352.1)
                  700503a0    00000008     logger.o (.rodata.str1.3193577328096652195.1)
                  700503a8    00000006     libc.a : _scanfi.c.obj (.rodata._sproc_int.barr)
                  700503ae    00000006     drivers.am263px.r5f.ti-arm-clang.release.lib : soc_rcm.obj (.rodata.str1.53743240983164125611)
                  700503b4    00000006     logger.o (.rodata.str1.9978879681667430888.1)
                  700503ba    00000005     nortos.am263px.r5f.ti-arm-clang.release.lib : printf.obj (.rodata.str1.23318557076440195721)
                  700503bf    00000005     logger.o (.rodata.str1.5950550609978457137.1)
                  700503c4    00000004     nortos.am263px.r5f.ti-arm-clang.release.lib : CacheP_armv7r.obj (.rodata.gCacheL1dCacheLineSize)
                  700503c8    00000004                                                 : CacheP_armv7r.obj (.rodata.gCacheL1pCacheLineSize)
                  700503cc    00000004     logger.o (.rodata.str1.11268383079938446260.1)
                  700503d0    00000004     nortos.am263px.r5f.ti-arm-clang.release.lib : printf.obj (.rodata.str1.122320159353749299121)
                  700503d4    00000004     logger.o (.rodata.str1.14780196379335289893.1)
                  700503d8    00000004     libc.a : _scanfi.c.obj (.rodata.str1.3403580589742030990.1)
                  700503dc    00000004     nortos.am263px.r5f.ti-arm-clang.release.lib : printf.obj (.rodata.str1.81101573233442303481)

.bss       0    700503e0    000028a0     UNINITIALIZED
                  700503e0    00000c80     (.common:logs)
                  70051060    00000808     (.common:gHwiCtrl)
                  70051868    00000770     ti_drivers_config.o (.bss.gMcspiObjects)
                  70051fd8    00000428     ti_drivers_config.o (.bss.gI2cObjects)
                  70052400    00000368     ti_drivers_config.o (.bss.gUartObjects)
                  70052768    00000120     libsysbm.a : trgmsg.c.obj (.bss:_CIOBUF_)
                  70052888    000000e8     ti_drivers_config.o (.bss.gEdmaObjects)
                  70052970    000000c0     (.common:intr_objects)
                  70052a30    000000ac     ti_board_open_close.o (.bss.Board_ioexpOpen.gTCA6424_Config)
                  70052adc    000000a0     libc.a : defs.c.obj (.bss.__TI_tmpnams)
                  70052b7c    00000090     (.common:gDebugShmLogReaderCtrl)
                  70052c0c    00000004     nortos.am263px.r5f.ti-arm-clang.release.lib : HwiP_armv7r_vim.obj (.bss.gdummy)
                  70052c10    00000038     (.common:gClockCtrl)
                  70052c48    00000010     (.common:virtToPhymap)
                  70052c58    00000008     libsysbm.a : hostopen.c.obj (.bss.parmbuf)
                  70052c60    00000008     (.common:gI2cHandle)
                  70052c68    00000008     (.common:gMcspiHandle)
                  70052c70    00000004     libc.a : memory.c.obj (.bss.sys_free)
                  70052c74    00000004     (.common:gEdmaHandle)
                  70052c78    00000004     (.common:gUartHandle)
                  70052c7c    00000002     PDMtesting.o (.bss.PDM_testing.user_input_test_number)
                  70052c7e    00000002     --HOLE--

.sysmem    0    70052c80    00008000     UNINITIALIZED
                  70052c80    00000010     libc.a : memory.c.obj (.sysmem)
                  70052c90    00007ff0     --HOLE--

.stack     0    7005ac80    00004000     UNINITIALIZED
                  7005ac80    00000004     nortos.am263px.r5f.ti-arm-clang.release.lib : boot_armv7r_asm.obj (.stack)
                  7005ac84    00003ffc     --HOLE--

.text.hwi 
*          0    7005ec80    000008d8     
                  7005ec80    00000402     nortos.am263px.r5f.ti-arm-clang.release.lib : HwiP_armv7r_vim.obj (.text.hwi)
                  7005f082    000002dc                                                 : HwiP_armv7r_handlers_nortos.obj (.text.hwi)
                  7005f35e    00000002     --HOLE-- [fill = 0]
                  7005f360    0000017c                                                 : HwiP_armv7r_handlers_nortos_asm.obj (.text.hwi)
                  7005f4dc    00000070                                                 : HwiP_armv7r_asm.obj (.text.hwi)
                  7005f54c    00000008                                                 : HwiP_armv7r_asm.obj (.tramp.HwiP_enableFIQ.1)
                  7005f554    00000004     --HOLE-- [fill = 0]

.text.cache 
*          0    7005f558    00000430     
                  7005f558    00000340     nortos.am263px.r5f.ti-arm-clang.release.lib : CacheP_armv7r_asm.obj (.text.cache)
                  7005f898    000000d8                                                 : CacheP_armv7r.obj (.text.cache)
                  7005f970    00000008                                                 : CacheP_armv7r_asm.obj (.tramp.CacheP_invL1d.1)
                  7005f978    00000008                                                 : CacheP_armv7r_asm.obj (.tramp.CacheP_enableL1p.1)
                  7005f980    00000008                                                 : HwiP_armv7r_asm.obj (.tramp.HwiP_restore.2)

.text.mpu 
*          0    7005f988    00000290     
                  7005f988    00000202     nortos.am263px.r5f.ti-arm-clang.release.lib : MpuP_armv7r.obj (.text.mpu)
                  7005fb8a    00000002     --HOLE-- [fill = 0]
                  7005fb8c    00000078                                                 : MpuP_armv7r_asm.obj (.text.mpu)
                  7005fc04    00000008                                                 : HwiP_armv7r_asm.obj (.tramp.HwiP_restore.3)
                  7005fc0c    00000008                                                 : MpuP_armv7r_asm.obj (.tramp.MpuP_isEnableAsm.1)
                  7005fc14    00000004     --HOLE-- [fill = 0]

.text.boot 
*          0    7005fc18    00000190     
                  7005fc18    00000144     nortos.am263px.r5f.ti-arm-clang.release.lib : boot_armv7r_asm.obj (.text.boot)
                  7005fd5c    0000001e                                                 : DebugP_log.obj (.text.boot)
                  7005fd7a    0000001c                                                 : boot_armv7r.obj (.text.boot)
                  7005fd96    0000000e     ti_dpl_config.o (.text.boot)
                  7005fda4    00000004     --HOLE-- [fill = 0]

.text:abort 
*          0    7005fda8    00000008     
                  7005fda8    00000008     libc.a : exit.c.obj (.text:abort)

.data      0    7005fdb0    00000840     
                  7005fdb0    000000f0     libc.a : defs.c.obj (.data._ftable)
[...]
70047f23  MCSPI_lld_readWriteIntr            
7004803f  UART_lld_controllerIsr             
70048270  __udivmoddi4                       
70048389  PDM_testing                        
7004849f  TaskP_yield                        
700484a1  SOC_rcmGetPeripheralClockFrequency 
700485b5  UART_lld_write                     
700486c3  init_gpio                          
700488d5  UART_read                          
70048ae3  ClockP_init                        
70048be9  UART_lld_dmaWrite                  
70048ced  MCSPI_close                        
70048ded  UART_write                         
70048ee9  MCSPI_lld_initDma                  
70048fdc  fputc                              
700491b3  MCSPI_lld_readWriteDma             
70049299  GPIO_bankIsrFxn                    
70049445  print_log                          
70049519  EDMA_unregisterIntr                
700495e9  GPIO_deinit                        
700496b9  UART_lld_initDma                   
70049784  getdevice                          
7004984d  I2C_lld_mem_write                  
700499d5  MCSPI_lld_init                     
70049a99  I2C_lld_mem_read                   
70049b59  UART_lld_init                      
70049c19  TCA6424_config                     
70049cd7  TCA6424_setOutput                  
70049d95  EDMA_registerIntr                  
70049e50  fseeko                             
70049f05  BQ25751_read_reg                   
70049fb8  __TI_closefile                     
7004a271  DebugP_readLine                    
7004a3bf  UART_lld_read                      
7004a50b  init_global_interrupts             
7004a5b1  I2C_close                          
7004a655  I2C_lld_mem_readIntr               
7004a6f9  I2C_lld_mem_writeIntr              
7004a841  EDMA_freeDmaChannel                
7004a8e1  EDMA_freeParam                     
7004a981  EDMA_freeTcc                       
7004aa20  HOSTrename                         
7004aac1  UART_lld_dmaRead                   
7004ab61  UART_lld_readIntr                  
7004abfc  __TI_wrt_ok                        
7004ac99  Board_ioexpOpen                    
7004ad34  HOSTlseek                          
7004ae65  SemaphoreP_pend                    
7004aefb  EDMA_configureChannelRegion        
7004af90  HOSTopen                           
7004b025  I2C_lld_init                       
7004b0b9  SPI_ReadWrite                      
7004b14d  UART_lld_readWithCounter           
7004b1e1  Drivers_open                       
7004b38f  MCSPI_lld_peripheralIsr            
7004b41c  close                              
7004b4a9  i2c_read_error_handler             
7004b535  ADC_setPPBTripLimits               
7004b5bd  UART_init                          
7004b645  UART_procLineStatusErr             
7004b6cc  __TI_doflush                       
7004b754  HOSTread                           
7004b7d8  HOSTwrite                          
7004b8e1  EDMA_close                         
7004b961  UART_flushTxFifo                   
7004b9e1  Drivers_mcspiOpen                  
7004bb5b  Drivers_i2cOpen                    
7004bbd7  MCSPI_initiateLastChunkTransfer    
7004bc51  MCSPI_init                         
7004bdb1  MCSPI_stop                         
7004be23  MCSPI_lld_dmaStop                  
7004be93  EDMA_disableTransferRegion         
7004bf01  EDMA_enableTransferRegion          
7004bf70  HOSTunlink                         
7004bfdd  UART_lld_writeDma                  
7004c049  UART_lld_readDma                   
7004c0b1  UART_lld_writeIntr                 
7004c118  atoi                               
7004c181  digitalWrite                       
7004c1e9  CycleCounterP_init                 
7004c1f9  CycleCounterP_reset                
7004c21d  CycleCounterP_nsToTicks            
7004c249  CycleCounterP_enableUserAccess     
7004c251  SOC_controlModuleUnlockMMR         
7004c2b5  add_log                            
7004c319  init_interrupt                     
7004c37c  HOSTclose                          
7004c3dd  ClockP_timerTickIsr                
7004c43b  MCSPI_setChDataSize                
7004c499  GPIO_setTrigType                   
7004c551  SOC_controlModuleLockMMR           
7004c5ad  _DebugP_assert                     
7004c660  __TI_cleanup                       
7004c6b8  __TI_readmsg                       
7004c710  __TI_writemsg                      
7004c75c  C$$IO$$                            
7004c769  print_pending_logs                 
7004c7c1  ClockP_getTimeUsec                 
7004c817  UART_intrDisable                   
7004c86d  UART_readCancelNoCB                
7004c8c3  UART_writeCancelNoCB               
7004c919  Dpl_init                           
7004c96c  exit                               
7004c9c0  finddevice                         
7004ca14  __TI_auto_init_nobinit_nopinit     
7004ca69  AddrTranslateP_getLocalAddr        
7004cb0d  MCSPI_lld_deInitDma                
7004cb5f  ClockP_construct                   
7004cbb1  EDMA_allocDmaChannel               
7004cc01  EDMA_allocParam                    
7004cc51  EDMA_allocTcc                      
7004ccef  Drivers_edmaOpen                   
7004cd3d  Drivers_uartOpen                   
7004cd8b  EDMA_disableChInShadowRegRegion    
7004cdd9  MCSPI_transferCallback             
7004ce71  SOC_enableAdcReferenceMonitor      
7004cebd  SOC_enableAdcGlobalForce           
7004cf05  SOC_enableAdcInternalReference     
7004cf94  unlink                             
7004d069  SOC_getAdcReferenceStatus          
7004d0ad  UART_Params_init                   
7004d0f1  UART_lld_deInitDma                 
7004d135  ClockP_stop                        
7004d175  EDMA_mapChToEvtQ                   
7004d1b5  Pinmux_config                      
7004d1f5  SemaphoreP_constructBinary         
7004d235  UART_lld_deInit                    
7004d2f3  SemaphoreP_constructMutex          
7004d331  EDMA_getBaseAddr                   
7004d3a9  ClockP_destruct                    
7004d3e3  DebugP_uartLogWriterPutChar        
7004d41d  Module_clockSetFrequency           
7004d457  TCA6424_open                       
7004d491  UART_lld_flushTxFifo               
7004d505  _DebugP_logZone                    
7004d53c  CycleCounterP_getCount32           
7004d544  PmuP_setup                         
7004d54c  PmuP_enableCounters                
7004d554  PmuP_disableCounters               
7004d55c  PmuP_getOverflowStatus             
7004d564  PmuP_clearOverflowStatus           
7004d56c  PmuP_setUserEnable                 
7004d575  EDMA_clrMissEvtRegion              
7004d5ab  ClockP_start                       
7004d5e1  I2C_init                           
7004d615  MCSPI_errorCallback                
7004d649  Module_clockDisable                
7004d67d  Module_clockEnable                 
7004d6b1  SOC_enableAdcDacLoopback           
7004d74c  lseek                              
7004d780  write                              
7004d7b5  ClockP_usleep                      
7004d7e7  EDMA_unmapChToEvtQ                 
7004d819  SemaphoreP_post                    
7004d84b  DebugP_scanf                       
7004d8dd  adc_to_current_LM74930             
7004d90d  EDMA_enableChInShadowRegRegion     
7004d93b  I2C_lld_deInit                     
7004d969  System_init                        
7004d9c5  DebugP_shmLogReaderInit            
7004d9f1  I2C_getHandle                      
7004da1d  SOC_rcmGetR5Clock                  
7004da49  UART_getHandle                     
7004da75  adc_to_current_HSS_MB              
7004daa1  adc_to_current_TPS                 
7004dacc  vsscanf                            
7004db21  GPIO_setDirMode                    
7004db71  SOC_moduleSetClockFrequency        
7004db99  read_ext_ADC                       
7004dbc1  ClockP_sleep                       
7004dbe7  EDMA_setPaRAM                      
7004dc0d  I2C_lld_transferIntr               
7004dc33  I2C_lld_transferPoll               
7004dc59  UART_lld_dmaDisableChannel         
7004dd10  __aeabi_uldivmod                   
7004dd35  int_adc_to_voltage                 
7004dd59  vprintf_                           
7004dd7d  EDMA_linkChannel                   
7004ddc1  System_deinit                      
7004dde3  print_logs                         
7004de05  DebugP_logZoneEnable               
7004de25  I2C_lld_Message_init               
7004de65  TimerP_Params_initPriv             
7004de85  UART_getChar                       
7004dea5  Board_driversOpen                  
7004dec3  TCA6424_close                      
7004dee1  UART_spaceAvail                    
7004df71  MCSPI_lld_deInit                   
7004df8d  SOC_rcmIsR5FInLockStepMode         
7004dfc5  main                               
7004e018  TI_memcpy_small                    
7004e035  CSL_armR5GetCpuID                  
7004e04f  EDMA_readEventStatusRegion         
7004e085  I2C_deinit                         
7004e09d  MCSPI_deinit                       
7004e0b5  MCSPI_lld_dmaInit                  
7004e0cd  TimerP_getCountPriv                
7004e0e5  UART_deinit                        
7004e0fd  clear_logs                         
7004e114  TI_memset_small                    
7004e12d  I2C_lld_Transaction_init           
7004e143  MCSPI_reset                        
7004e159  UART_IsTxRxFifoEmpty               
7004e16f  UART_getIntrIdentityStatus         
7004e19b  ClockP_usecToTicks                 
7004e1af  EDMA_getRegionId                   
7004e1c3  UART_Transaction_init              
7004e1eb  ADC_setMode                        
7004e221  UART_operatingModeSelect           
7004e233  UART_readLineStatus                
7004e245  putchar_                           
7004e257  GPIO_bankIntrDisable               
7004e267  UART_intr2Disable                  
7004e278  __aeabi_memset                     
7004e278  __aeabi_memset4                    
7004e278  __aeabi_memset8                    
7004e298  putchar                            
7004e2a9  EDMA_ccPaRAMEntry_init             
7004e2b7  GPIO_bankIntrEnable                
7004e2d3  Pinmux_init                        
7004e2e1  PowerClock_init                    
7004e2ef  ClockP_getTicks                    
7004e2fb  DebugP_uartSetDrvIndex             
7004e307  EDMA_isInitialized                 
7004e315  I2C_Transaction_init               
7004e321  SOC_getSelfCpuClk                  
7004e32d  TCA6424_Params_init                
7004e338  __aeabi_errno_addr                 
7004e344  __aeabi_memclr                     
7004e344  __aeabi_memclr4                    
7004e344  __aeabi_memclr8                    
7004e350  malloc                             
7004e35d  ClockP_timerClearOverflowInt       
7004e36c  CSL_armR5ReadMpidrReg              
7004e379  ClockP_Params_init                 
7004e383  ClockP_isActive                    
7004e38d  TimerP_getReloadCountPriv          
7004e397  TimerP_startPriv                   
7004e3a1  UART_lld_Transaction_deInit        
7004e3ac  C$$EXIT                            
7004e3ac  HOSTexit                           
7004e3b5  TimerP_clearOverflowIntPriv        
7004e3c5  EDMA_isInterruptEnabled            
7004e3cb  SOC_moduleClockEnable              
7004e3d7  PowerClock_deinit                  
7004e3db  TimerP_Params_init                 
7004e3df  TimerP_clearOverflowInt            
7004e3e3  TimerP_getCount                    
7004e3e7  TimerP_getReloadCount              
7004e3eb  TimerP_setup                       
7004e3ef  TimerP_start                       
7004e3f4  __aeabi_idiv0                      
7004e3f8  __aeabi_ldiv0                      
7004e3fc  __aeabi_memcpy                     
7004e3fc  __aeabi_memcpy4                    
7004e3fc  __aeabi_memcpy8                    
7004e400  _nop                               
7004e404  fseek                              
7004e408  remove                             
7004e440  test_results                       
7004e8f0  __aeabi_ctype_table_               
7004e8f0  __aeabi_ctype_table_C              
7004e9f1  test_cases                         
7004eb84  gCacheConfig                       
7004eb8c  gMpuConfig                         
7004eb98  gMpuRegionConfig                   
7004eca0  gADPLLJConfigTbl                   
7004f3d8  I2C_defaultTransaction             
7004fc38  I2C_lld_defaultMessage             
7004fcb0  gPeripheralClkSrcInfoMap           
700503c4  gCacheL1dCacheLineSize             
700503c8  gCacheL1pCacheLineSize             
700503e0  __BSS_START                        
700503e0  logs                               
70051060  gHwiCtrl                           
70052768  _CIOBUF_                           
70052768  __CIOBUF_                          
70052970  intr_objects                       
70052adc  __TI_tmpnams                       
70052b7c  gDebugShmLogReaderCtrl             
70052c10  gClockCtrl                         
70052c48  virtToPhymap                       
70052c58  parmbuf                            
70052c60  gI2cHandle                         
70052c68  gMcspiHandle                       
70052c74  gEdmaHandle                        
70052c78  gUartHandle                        
70052c80  __BSS_END                          
70052c80  _sys_memory                        
7005ac80  __stack                            
7005ec80  __STACK_END                        
7005ec81  HwiP_enableInt                     
7005eca9  HwiP_disableInt                    
7005ecdb  HwiP_restoreInt                    
7005ed31  HwiP_clearInt                      
7005ed51  HwiP_post                          
7005ed79  HwiP_Params_init                   
7005ed8b  HwiP_construct                     
7005eed3  HwiP_destruct                      
7005efa5  HwiP_init                          
7005f067  HwiP_inISR                         
7005f083  HwiP_irq_handler_c                 
7005f107  HwiP_fiq_handler                   
7005f1b7  HwiP_reserved_handler              
7005f1e5  HwiP_undefined_handler_c           
7005f203  HwiP_user_undefined_handler_c      
7005f217  HwiP_svc_handler                   
7005f245  HwiP_prefetch_abort_handler_c      
7005f2bf  HwiP_user_prefetch_abort_handler_c 
7005f2cf  HwiP_data_abort_handler_c          
7005f34f  HwiP_user_data_abort_handler_c     
7005f360  HwiP_irq_handler                   
7005f3d4  HwiP_data_abort_handler            
7005f418  HwiP_prefetch_abort_handler        
7005f464  HwiP_undefined_handler             
7005f494  GET_DFSR                           
7005f49c  GET_ADFSR                          
7005f4a4  GET_DFAR                           
7005f4ac  GET_IFSR                           
7005f4b4  GET_AIFSR                          
7005f4bc  GET_IFAR                           
7005f4c4  GET_SPSR                           
7005f4dc  HwiP_disable                       
7005f4ec  HwiP_disableFIQ                    
7005f4fc  HwiP_enable                        
7005f50c  HwiP_enableFIQ                     
7005f51c  HwiP_restore                       
7005f524  HwiP_enableVIC                     
7005f534  HwiP_disableVIC                    
7005f544  HwiP_getCPSR                       
7005f558  CacheP_disableL1d                  
7005f580  CacheP_disableL1p                  
7005f598  CacheP_enableL1d                   
7005f5b0  CacheP_enableL1p                   
7005f5c8  CacheP_invL1d                      
7005f600  CacheP_invL1p                      
7005f63c  CacheP_invL1dAll                   
7005f644  CacheP_invL1pAll                   
7005f64c  CacheP_wb                          
7005f688  CacheP_wbInv                       
7005f6c4  CacheP_wbAll                       
7005f76c  CacheP_wbInvAll                    
7005f784  CacheP_wbInvAllAsm                 
7005f824  CacheP_getEnabled                  
7005f85c  CacheP_getCacheLevelInfo           
7005f868  CacheP_configForceWrThru           
7005f888  CacheP_setDLFO                     
7005f899  CacheP_init                        
7005f8f1  CacheP_disable                     
7005f92b  CacheP_enable                      
7005f94b  CacheP_inv                         
7005f989  MpuP_getAttrs                      
7005f9c9  MpuP_RegionAttrs_init              
7005f9d7  MpuP_setRegion                     
7005fa51  MpuP_isEnable                      
7005fa55  MpuP_disable                       
7005fa87  MpuP_enable                        
7005fac3  MpuP_init                          
7005fb25  MpuP_isUserAuthorizedToAccessMemory
7005fb8c  MpuP_disableAsm                    
7005fba4  MpuP_disableBRAsm                  
7005fbb4  MpuP_enableAsm                     
7005fbcc  MpuP_enableBRAsm                   
7005fbdc  MpuP_isEnableAsm                   
7005fbf0  MpuP_setRegionAsm                  
7005fc18  _c_int00_sbl                       
7005fc3c  _c_int00                           
7005fd5d  _DebugP_assertNoLog                
7005fd7b  _system_pre_init                   
7005fd97  __mpu_init                         
7005fda8  abort                              
7005fdb0  _ftable                            
7005fdb0  gMcspiDmaHandle                    
7005fdb0  gUartDmaHandle                     
700601e4  _device                            
7006025c  intr_pins                          
700602bc  gUartParams                        
70060314  _stream                            
700603ac  gSpi0ChCfg                         
700603ec  gSpi1ChCfg                         
7006042c  gSocModulesClockFrequency          
70060498  gMcspiOpenParams                   
700604c0  ext_adc0                           
700604dc  ext_adc1                           
700604f8  gClockConfig                       
70060510  gI2cParams                         
70060528  gSocModules                        
7006053c  gI2cConfig                         
7006054c  gMcspiConfig                       
7006055c  __TI_ft_end                        
70060560  gAddrTranslateConfig               
7006056c  __TI_cleanup_ptr                   
70060570  __TI_dtors_ptr                     
70060574  gConfigMcspiChCfg                  
7006057c  gEdmaConfig                        
70060584  gEdmaParams                        
7006058c  gMcspiDmaChConfig                  
70060594  gMcspiNumCh                        
700605a4  gUartConfig                        
700605ac  __aeabi_errno                      
700605b8  _lock                              
700605bc  _unlock                            
700605c0  gDebugLogZone                      
700605c4  gDebugP_uartDrvIndex               
700605c8  gEdmaConfigNum                     
700605cc  gHwiConfig                         
700605d0  gI2cConfigNum                      
700605d4  gMcspiConfigNum                    
700605d8  gUartConfigNum                     
700605dc  gUartDmaChConfig                   
700605e0  test                               
700605e6  logs_length                        
700605e8  isMapAvailable                     
700605f0  __IRQ_STACK_START                  
700606f0  __FIQ_STACK_START                  
700606f0  __IRQ_STACK_END                    
700607f0  __FIQ_STACK_END                    
700607f0  __SVC_STACK_START                  
700617f0  __ABORT_STACK_START                
700617f0  __SVC_STACK_END                    
700618f0  __ABORT_STACK_END                  
700618f0  __UNDEFINED_STACK_START            
700619f0  __UNDEFINED_STACK_END              
701d4000  gDebugShmLog                       
ffffffff  __TI_pprof_out_hndl                
ffffffff  __TI_prof_data_size                
ffffffff  __TI_prof_data_start               
ffffffff  __binit__                          
ffffffff  binit                              
UNDEFED   __TI_CINIT_Base                    
UNDEFED   __TI_CINIT_Limit                   
UNDEFED   __TI_Handler_Table_Base            
UNDEFED   __TI_Handler_Table_Limit           
UNDEFED   _system_post_cinit                 

[503 symbols]
