******************************************************************************
            TI ARM Clang Linker PC v4.0.2                      
******************************************************************************
>> Linked Mon Jun  9 12:22:20 2025

OUTPUT FILE NAME:   <second_stage_PDM_testing.out>
ENTRY POINT SYMBOL: "_vectors"  address: 00000000


MEMORY CONFIGURATION

         name            origin    length      used     unused   attr    fill
----------------------  --------  ---------  --------  --------  ----  --------
  R5F_VECS              00000000   00000040  00000040  00000000  RWIX
  R5F_TCMA              00000040   00007fc0  00000000  00007fc0  RWIX
  R5F_TCMB              00080000   00008000  00000000  00008000  RWIX
  MAILBOX_HSM           44000000   000003ce  00000000  000003ce  RWIX
  MAILBOX_R5F           44000400   000003ce  00000000  000003ce  RWIX
  FLASH                 60100000   00080000  00000000  00080000  RWIX
  SBL                   70000000   00040000  00000000  00040000  RWIX
  OCRAM                 70040000   00040000  000164c8  00029b38  RWIX
  USER_SHM_MEM          701d0000   00004000  00000000  00004000  RWIX
  LOG_SHM_MEM           701d4000   00004000  00000000  00004000  RWIX
  RTOS_NORTOS_IPC_SHM_M 72000000   00003e80  00000000  00003e80  RWIX


SEGMENT ALLOCATION MAP

run origin  load origin   length   init length attrs members
----------  ----------- ---------- ----------- ----- -------
00000000    00000000    00000040   00000040    r-x
  00000000    00000000    00000040   00000040    r-x .vectors
70040000    70040000    0000ce50   00000000    rw-
  70040000    70040000    00000e50   00000000    rw- .bss
  70040e50    70040e50    00008000   00000000    rw- .sysmem
  70048e50    70048e50    00004000   00000000    rw- .stack
7004ce60    7004ce60    00007e60   00007e60    r-x
  7004ce60    7004ce60    00006400   00006400    r-x .text
  70053260    70053260    00000930   00000930    r-- .rodata
  70053b90    70053b90    000008d8   000008d8    r-x .text.hwi
  70054468    70054468    00000430   00000430    r-x .text.cache
  70054898    70054898    00000290   00000290    r-x .text.mpu
  70054b28    70054b28    00000190   00000190    r-x .text.boot
  70054cb8    70054cb8    00000008   00000008    r-x .text:abort
70054cc0    70054cc0    00001818   00000418    rw-
  70054cc0    70054cc0    00000418   00000418    rw- .data
  700550d8    700550d8    00000100   00000000    rw- .irqstack
  700551d8    700551d8    00000100   00000000    rw- .fiqstack
  700552d8    700552d8    00001000   00000000    rw- .svcstack
  700562d8    700562d8    00000100   00000000    rw- .abortstack
  700563d8    700563d8    00000100   00000000    rw- .undefinedstack


SECTION ALLOCATION MAP

 output                                  attributes/
section   page    origin      length       input sections
--------  ----  ----------  ----------   ----------------
.vectors   0    00000000    00000040     
                  00000000    00000040     nortos.am263px.r5f.ti-arm-clang.release.lib : HwiP_armv7r_vectors_nortos_asm.obj (.vectors)

.bss       0    70040000    00000e50     UNINITIALIZED
                  70040000    00000808     (.common:gHwiCtrl)
                  70040808    00000368     ti_drivers_config.o (.bss.gUartObjects)
                  70040b70    00000120     libsysbm.a : trgmsg.c.obj (.bss:_CIOBUF_)
                  70040c90    000000c0     (.common:intr_objects)
                  70040d50    000000a0     libc.a : defs.c.obj (.bss.__TI_tmpnams)
                  70040df0    00000038     (.common:gClockCtrl)
                  70040e28    00000010     (.common:virtToPhymap)
                  70040e38    00000008     libsysbm.a : hostopen.c.obj (.bss.parmbuf)
                  70040e40    00000004     nortos.am263px.r5f.ti-arm-clang.release.lib : HwiP_armv7r_vim.obj (.bss.gdummy)
                  70040e44    00000004     libc.a : memory.c.obj (.bss.sys_free)
                  70040e48    00000004     (.common:gUartHandle)
                  70040e4c    00000001     PDMtesting.o (.bss.PDM_testing.signal)
                  70040e4d    00000003     --HOLE--

.sysmem    0    70040e50    00008000     UNINITIALIZED
                  70040e50    00000010     libc.a : memory.c.obj (.sysmem)
                  70040e60    00007ff0     --HOLE--

.stack     0    70048e50    00004000     UNINITIALIZED
                  70048e50    00000004     nortos.am263px.r5f.ti-arm-clang.release.lib : boot_armv7r_asm.obj (.stack)
                  70048e54    00003ffc     --HOLE--

.text      0    7004ce60    00006400     
                  7004ce60    00000580     nortos.am263px.r5f.ti-arm-clang.release.lib : printf.obj (.text._vsnprintf)
                  7004d3e0    000004cc     drivers.am263px.r5f.ti-arm-clang.release.lib : soc_rcm.obj (.text.SOC_rcmEnablePeripheralClock)
                  7004d8ac    00000004     ti_board_open_close.o (.text.Board_driversOpen)
                  7004d8b0    00000400     nortos.am263px.r5f.ti-arm-clang.release.lib : printf.obj (.text._ftoa)
                  7004dcb0    00000010     drivers.am263px.r5f.ti-arm-clang.release.lib : gpio.obj (.text.GPIO_bankIntrDisable)
                  7004dcc0    00000390     libc.a : strcmp32.S.obj (.text:strcmp)
                  7004e050    00000310     nortos.am263px.r5f.ti-arm-clang.release.lib : printf.obj (.text._etoa)
                  7004e360    000002a8     drivers.am263px.r5f.ti-arm-clang.release.lib : uart_v0.obj (.text.UART_open)
                  7004e608    00000250                                                  : soc_rcm.obj (.text.SOC_rcmSetPeripheralClock)
                  7004e858    0000023c                                                  : uart_v0_lld.obj (.text.UART_configInstance)
                  7004ea94    00000204                                                  : edma.obj (.text.EDMA_freeChannelRegion)
                  7004ec98    000001a8     libc.a : memory.c.obj (.text.free)
                  7004ee40    000001a4            : memory.c.obj (.text.aligned_alloc)
                  7004efe4    00000194     drivers.am263px.r5f.ti-arm-clang.release.lib : uart_dma_edma.obj (.text.UART_lld_dmaInit)
                  7004f178    0000017e     ti_drivers_config.o (.text.GPIO_init)
                  7004f2f6    0000014e     drivers.am263px.r5f.ti-arm-clang.release.lib : uart_dma_edma.obj (.text.UART_lld_dmaDeInit)
                  7004f444    00000144     libc.a : setvbuf.c.obj (.text.setvbuf)
                  7004f588    00000140     nortos.am263px.r5f.ti-arm-clang.release.lib : TimerP_rti_priv.obj (.text.TimerP_setupPriv)
                  7004f6c8    0000013c     drivers.am263px.r5f.ti-arm-clang.release.lib : soc.obj (.text.SOC_virtToPhy)
                  7004f804    00000138                                                  : uart_v0.obj (.text.UART_close)
                  7004f93c    00000132     nortos.am263px.r5f.ti-arm-clang.release.lib : printf.obj (.text._ntoa_format)
                  7004fa6e    0000011a     drivers.am263px.r5f.ti-arm-clang.release.lib : uart_v0_lld.obj (.text.UART_lld_controllerIsr)
                  7004fb88    00000118                                                  : edma.obj (.text.Alloc_resource)
                  7004fca0    00000118     libclang_rt.builtins.a : udivmoddi4.S.obj (.text)
                  7004fdb8    00000114     drivers.am263px.r5f.ti-arm-clang.release.lib : soc_rcm.obj (.text.SOC_rcmGetPeripheralClockFrequency)
                  7004fecc    0000010e                                                  : uart_v0_lld.obj (.text.UART_lld_write)
                  7004ffda    00000104     nortos.am263px.r5f.ti-arm-clang.release.lib : ClockP_nortos_r5.obj (.text.ClockP_init)
                  700500de    00000002     ti_board_config.o (.text.Board_deinit)
                  700500e0    00000104     drivers.am263px.r5f.ti-arm-clang.release.lib : uart_dma_edma.obj (.text.UART_lld_dmaWrite)
                  700501e4    000000fc                                                  : uart_v0.obj (.text.UART_write)
                  700502e0    000000f0     libc.a : fputc.c.obj (.text.fputc)
                  700503d0    000000d0     drivers.am263px.r5f.ti-arm-clang.release.lib : edma.obj (.text.EDMA_unregisterIntr)
                  700504a0    000000d0     ti_drivers_config.o (.text.GPIO_deinit)
                  70050570    000000cc     drivers.am263px.r5f.ti-arm-clang.release.lib : uart_v0_lld.obj (.text.UART_lld_initDma)
                  7005063c    000000c8     libc.a : getdevice.c.obj (.text.getdevice)
                  70050704    000000c0     drivers.am263px.r5f.ti-arm-clang.release.lib : uart_v0_lld.obj (.text.UART_lld_init)
                  700507c4    000000bc                                                  : edma.obj (.text.EDMA_registerIntr)
                  70050880    000000b4     libc.a : fseek.c.obj (.text.fseeko)
                  70050934    000000b0            : fclose.c.obj (.text.__TI_closefile)
                  700509e4    000000b0     nortos.am263px.r5f.ti-arm-clang.release.lib : printf.obj (.text._ntoa_long_long)
                  70050a94    000000ac     drivers.am263px.r5f.ti-arm-clang.release.lib : soc_rcm.obj (.text.SOC_rcmGetCoreHSDivOut)
                  70050b40    000000ac                                                  : uart_v0_lld.obj (.text.UART_divisorLatchWrite)
                  70050bec    000000a6     nortos.am263px.r5f.ti-arm-clang.release.lib : printf.obj (.text._out_rev)
                  70050c92    000000a6     PDMtesting.o (.text.init_global_interrupts)
                  70050d38    000000a4     libc.a : memory.c.obj (.text.split)
                  70050ddc    000000a2     PDMtesting.o (.text.init_gpio)
                  70050e7e    00000002     ti_board_config.o (.text.Board_init)
                  70050e80    000000a0     drivers.am263px.r5f.ti-arm-clang.release.lib : edma.obj (.text.EDMA_freeDmaChannel)
                  70050f20    000000a0                                                  : edma.obj (.text.EDMA_freeParam)
                  70050fc0    000000a0                                                  : edma.obj (.text.EDMA_freeTcc)
                  70051060    000000a0     libsysbm.a : hostrename.c.obj (.text.HOSTrename)
                  70051100    000000a0     drivers.am263px.r5f.ti-arm-clang.release.lib : uart_dma_edma.obj (.text.UART_lld_dmaRead)
                  700511a0    0000009c     libc.a : _io_perm.c.obj (.text.__TI_wrt_ok)
                  7005123c    00000098     libsysbm.a : hostlseek.c.obj (.text.HOSTlseek)
                  700512d4    00000096     nortos.am263px.r5f.ti-arm-clang.release.lib : SemaphoreP_nortos.obj (.text.SemaphoreP_pend)
                  7005136a    00000094     drivers.am263px.r5f.ti-arm-clang.release.lib : edma.obj (.text.EDMA_configureChannelRegion)
                  700513fe    00000002     ti_dpl_config.o (.text.Dpl_deinit)
                  70051400    00000094     libsysbm.a : hostopen.c.obj (.text.HOSTopen)
                  70051494    0000008e     nortos.am263px.r5f.ti-arm-clang.release.lib : printf.obj (.text._ntoa_long)
                  70051522    00000002                                                 : SemaphoreP_nortos.obj (.text.SemaphoreP_destruct)
                  70051524    0000008c     libsysbm.a : close.c.obj (.text.close)
                  700515b0    00000088     drivers.am263px.r5f.ti-arm-clang.release.lib : uart_v0.obj (.text.UART_init)
                  70051638    00000088                                                  : uart_v0_lld.obj (.text.UART_procLineStatusErr)
                  700516c0    00000088     libc.a : fflush.c.obj (.text.__TI_doflush)
                  70051748    00000084     libsysbm.a : hostread.c.obj (.text.HOSTread)
                  700517cc    00000084                : hostwrite.c.obj (.text.HOSTwrite)
                  70051850    00000080     drivers.am263px.r5f.ti-arm-clang.release.lib : uart_v0.obj (.text.UART_flushTxFifo)
                  700518d0    0000006e                                                  : edma.obj (.text.EDMA_disableTransferRegion)
                  7005193e    0000006e                                                  : edma.obj (.text.EDMA_enableTransferRegion)
                  700519ac    0000006c     libsysbm.a : hostunlink.c.obj (.text.HOSTunlink)
                  70051a18    0000006c     drivers.am263px.r5f.ti-arm-clang.release.lib : uart_v0_lld.obj (.text.UART_lld_writeDma)
                  70051a84    00000068                                                  : uart_v0_lld.obj (.text.UART_lld_writeIntr)
                  70051aec    00000066     nortos.am263px.r5f.ti-arm-clang.release.lib : PmuP_armv7r.obj (.text.pmu)
                  70051b52    00000064     PDMtesting.o (.text.PDM_testing)
                  70051bb6    00000002     nortos.am263px.r5f.ti-arm-clang.release.lib : TaskP_nortos.obj (.text.TaskP_yield)
                  70051bb8    00000064     drivers.am263px.r5f.ti-arm-clang.release.lib : soc.obj (.text.SOC_controlModuleUnlockMMR)
                  70051c1c    00000060     libsysbm.a : hostclose.c.obj (.text.HOSTclose)
                  70051c7c    0000005e     nortos.am263px.r5f.ti-arm-clang.release.lib : ClockP_nortos.obj (.text.ClockP_timerTickIsr)
                  70051cda    00000002     drivers.am263px.r5f.ti-arm-clang.release.lib : uart_dma_edma.obj (.text.UART_edmaDoNothing)
                  70051cdc    0000005c                                                  : gpio.obj (.text.GPIO_setTrigType)
                  70051d38    0000005c                                                  : soc.obj (.text.SOC_controlModuleLockMMR)
                  70051d94    0000005c     nortos.am263px.r5f.ti-arm-clang.release.lib : DebugP_log.obj (.text._DebugP_assert)
                  70051df0    00000058     libc.a : fopen.c.obj (.text.__TI_cleanup)
                  70051e48    00000058     libsysbm.a : trgmsg.c.obj (.text.__TI_readmsg)
                  70051ea0    00000058                : trgmsg.c.obj (.text.__TI_writemsg)
                  70051ef8    00000058     PDMtesting.o (.text.init_interrupt)
                  70051f50    00000056     nortos.am263px.r5f.ti-arm-clang.release.lib : ClockP_nortos.obj (.text.ClockP_getTimeUsec)
                  70051fa6    00000056     drivers.am263px.r5f.ti-arm-clang.release.lib : uart_v0_lld.obj (.text.UART_intrDisable)
                  70051ffc    00000056                                                  : uart_v0_lld.obj (.text.UART_writeCancelNoCB)
                  70052052    00000002                                                  : uart_v0.obj (.text.UART_lld_errorCallback)
                  70052054    00000054     libc.a : exit.c.obj (.text.exit)
                  700520a8    00000054            : getdevice.c.obj (.text.finddevice)
                  700520fc    00000054            : autoinit.c.obj (.text:__TI_auto_init_nobinit_nopinit)
                  70052150    00000052     nortos.am263px.r5f.ti-arm-clang.release.lib : AddrTranslateP_32bit.obj (.text.AddrTranslateP_getLocalAddr)
                  700521a2    00000050                                                 : ClockP_nortos.obj (.text.ClockP_construct)
                  700521f2    00000002                                                 : printf.obj (.text._out_null)
                  700521f4    00000050     drivers.am263px.r5f.ti-arm-clang.release.lib : edma.obj (.text.EDMA_allocDmaChannel)
                  70052244    00000050                                                  : edma.obj (.text.EDMA_allocParam)
                  70052294    00000050                                                  : edma.obj (.text.EDMA_allocTcc)
                  700522e4    0000004e     nortos.am263px.r5f.ti-arm-clang.release.lib : ClockP_nortos.obj (.text.ClockP_addToList)
                  70052332    0000004e     drivers.am263px.r5f.ti-arm-clang.release.lib : edma.obj (.text.EDMA_disableChInShadowRegRegion)
                  70052380    0000004c     ti_drivers_open_close.o (.text.Drivers_uartOpen)
                  700523cc    00000048     drivers.am263px.r5f.ti-arm-clang.release.lib : uart_dma_edma.obj (.text.UART_edmaIsrRx)
                  70052414    00000048     libsysbm.a : unlink.c.obj (.text.unlink)
                  7005245c    00000046     drivers.am263px.r5f.ti-arm-clang.release.lib : uart_dma_edma.obj (.text.UART_edmaIsrTx)
                  700524a2    00000044                                                  : uart_v0.obj (.text.UART_Params_init)
                  700524e6    00000044                                                  : uart_v0_lld.obj (.text.UART_lld_deInitDma)
                  7005252a    00000040     nortos.am263px.r5f.ti-arm-clang.release.lib : ClockP_nortos.obj (.text.ClockP_stop)
                  7005256a    00000040     ti_dpl_config.o (.text.Dpl_init)
                  700525aa    00000040     drivers.am263px.r5f.ti-arm-clang.release.lib : edma.obj (.text.EDMA_mapChToEvtQ)
                  700525ea    00000002     --HOLE-- [fill = 0]
                  700525ec    00000040                                                  : pinmux.obj (.text.Pinmux_config)
                  7005262c    00000040     nortos.am263px.r5f.ti-arm-clang.release.lib : SemaphoreP_nortos.obj (.text.SemaphoreP_constructBinary)
                  7005266c    00000040     drivers.am263px.r5f.ti-arm-clang.release.lib : uart_v0_lld.obj (.text.UART_lld_deInit)
                  700526ac    00000040     libc.a : memory.c.obj (.text.free_list_insert)
                  700526ec    0000003e     nortos.am263px.r5f.ti-arm-clang.release.lib : SemaphoreP_nortos.obj (.text.SemaphoreP_constructMutex)
                  7005272a    00000002     --HOLE-- [fill = 0]
                  7005272c    0000003c     drivers.am263px.r5f.ti-arm-clang.release.lib : edma.obj (.text.EDMA_getBaseAddr)
                  70052768    0000003c     PDMtesting.o (.text.GPIO_bankIsrFxn)
                  700527a4    0000003c     drivers.am263px.r5f.ti-arm-clang.release.lib : uart_v0_lld.obj (.text.UART_readData)
                  700527e0    0000003a     nortos.am263px.r5f.ti-arm-clang.release.lib : ClockP_nortos.obj (.text.ClockP_destruct)
                  7005281a    0000003a                                                 : DebugP_uartLogWriter.obj (.text.DebugP_uartLogWriterPutChar)
                  70052854    0000003a     ti_power_clock_config.o (.text.Module_clockSetFrequency)
                  7005288e    0000003a     drivers.am263px.r5f.ti-arm-clang.release.lib : uart_v0_lld.obj (.text.UART_lld_flushTxFifo)
                  700528c8    00000038                                                  : soc_rcm.obj (.text.SOC_rcmADPLLJGetFOut)
                  70052900    00000038     nortos.am263px.r5f.ti-arm-clang.release.lib : DebugP_nortos.obj (.text._DebugP_logZone)
                  70052938    00000038                                                 : PmuP_armv7r_asm.obj (.text.pmu)
                  70052970    00000036     drivers.am263px.r5f.ti-arm-clang.release.lib : edma.obj (.text.EDMA_clrMissEvtRegion)
                  700529a6    00000034     nortos.am263px.r5f.ti-arm-clang.release.lib : ClockP_nortos.obj (.text.ClockP_start)
                  700529da    00000034     ti_power_clock_config.o (.text.Module_clockDisable)
                  70052a0e    00000034     ti_power_clock_config.o (.text.Module_clockEnable)
                  70052a42    00000002     --HOLE-- [fill = 0]
                  70052a44    00000034     drivers.am263px.r5f.ti-arm-clang.release.lib : soc_rcm.obj (.text.SOC_rcmGetModuleClkDivVal)
                  70052a78    00000034     libc.a : memory.c.obj (.text.free_list_remove)
                  70052aac    00000034     libsysbm.a : lseek.c.obj (.text.lseek)
                  70052ae0    00000034                : write.c.obj (.text.write)
                  70052b14    00000032     drivers.am263px.r5f.ti-arm-clang.release.lib : edma.obj (.text.EDMA_unmapChToEvtQ)
                  70052b46    00000032     nortos.am263px.r5f.ti-arm-clang.release.lib : SemaphoreP_nortos.obj (.text.SemaphoreP_post)
                  70052b78    00000030     drivers.am263px.r5f.ti-arm-clang.release.lib : uart_v0.obj (.text.UART_lld_writeCompleteCallback)
                  70052ba8    0000002e                                                  : edma.obj (.text.EDMA_enableChInShadowRegRegion)
                  70052bd6    0000002e                                                  : uart_v0.obj (.text.UART_lld_readCompleteCallback)
                  70052c04    0000002c                                                  : soc_rcm.obj (.text.SOC_rcmGetR5Clock)
                  70052c30    0000002c                                                  : uart_v0.obj (.text.UART_getHandle)
                  70052c5c    00000028     nortos.am263px.r5f.ti-arm-clang.release.lib : ClockP_nortos.obj (.text.ClockP_sleepTicks)
                  70052c84    00000028     drivers.am263px.r5f.ti-arm-clang.release.lib : gpio.obj (.text.GPIO_setDirMode)
                  70052cac    00000028                                                  : soc.obj (.text.SOC_moduleSetClockFrequency)
                  70052cd4    00000026     nortos.am263px.r5f.ti-arm-clang.release.lib : ClockP_nortos.obj (.text.ClockP_sleep)
                  70052cfa    00000026     drivers.am263px.r5f.ti-arm-clang.release.lib : edma.obj (.text.EDMA_setPaRAM)
                  70052d20    00000026                                                  : uart_dma_edma.obj (.text.UART_lld_dmaDisableChannel)
                  70052d46    00000002     --HOLE-- [fill = 0]
                  70052d48    00000024                                                  : uart_v0_lld.obj (.text.UART_IsHWFlowCtrlValid)
                  70052d6c    00000024                                                  : uart_v0_lld.obj (.text.UART_IsRxTrigLvlValid)
                  70052d90    00000024                                                  : uart_v0_lld.obj (.text.UART_IsTxTrigLvlValid)
                  70052db4    00000024     libclang_rt.builtins.a : aeabi_uldivmod.S.obj (.text.__aeabi_uldivmod)
                  70052dd8    00000024     nortos.am263px.r5f.ti-arm-clang.release.lib : printf.obj (.text.vprintf_)
                  70052dfc    00000022     drivers.am263px.r5f.ti-arm-clang.release.lib : edma.obj (.text.EDMA_linkChannel)
                  70052e1e    00000022     ti_drivers_config.o (.text.System_init)
                  70052e40    00000020     nortos.am263px.r5f.ti-arm-clang.release.lib : DebugP_log.obj (.text.DebugP_logZoneEnable)
                  70052e60    00000020                                                 : TimerP_rti_priv.obj (.text.TimerP_Params_initPriv)
                  70052e80    00000020     drivers.am263px.r5f.ti-arm-clang.release.lib : uart_v0_lld.obj (.text.UART_getChar)
                  70052ea0    0000001e                                                  : uart_v0_lld.obj (.text.UART_spaceAvail)
                  70052ebe    00000002     --HOLE-- [fill = 0]
                  70052ec0    0000001c                                                  : soc_rcm.obj (.text.SOC_rcmIsR5FInLockStepMode)
                  70052edc    0000001c     main.o (.text.main)
                  70052ef8    0000001c     libsysbm.a : hostrename.c.obj (.text.strcpy)
                  70052f14    0000001c                : hostrename.c.obj (.text.strlen)
                  70052f30    0000001c     libc.a : memcpy32.S.obj (.text:TI_memcpy_small)
                  70052f4c    0000001a     nortos.am263px.r5f.ti-arm-clang.release.lib : CpuId_armv7r.obj (.text.CSL_armR5GetCpuID)
                  70052f66    0000001a     drivers.am263px.r5f.ti-arm-clang.release.lib : edma.obj (.text.EDMA_readEventStatusRegion)
                  70052f80    0000001a                                                  : uart_v0_lld.obj (.text.UART_enhanFuncEnable)
                  70052f9a    00000018     ti_drivers_open_close.o (.text.Drivers_open)
                  70052fb2    00000018     nortos.am263px.r5f.ti-arm-clang.release.lib : TimerP_rti_priv.obj (.text.TimerP_getCountPriv)
                  70052fca    00000002     --HOLE-- [fill = 0]
                  70052fcc    00000018     drivers.am263px.r5f.ti-arm-clang.release.lib : uart_v0.obj (.text.UART_deinit)
                  70052fe4    00000018     libc.a : memset32.S.obj (.text:TI_memset_small)
                  70052ffc    00000016     ti_drivers_config.o (.text.System_deinit)
                  70053012    00000016     drivers.am263px.r5f.ti-arm-clang.release.lib : uart_v0_lld.obj (.text.UART_IsTxRxFifoEmpty)
                  70053028    00000016                                                  : uart_v0_lld.obj (.text.UART_getIntrIdentityStatus)
                  7005303e    00000014     nortos.am263px.r5f.ti-arm-clang.release.lib : ClockP_nortos.obj (.text.ClockP_usecToTicks)
                  70053052    00000014     drivers.am263px.r5f.ti-arm-clang.release.lib : edma.obj (.text.EDMA_getRegionId)
                  70053066    00000014                                                  : uart_v0.obj (.text.UART_Transaction_init)
                  7005307a    00000014                                                  : uart_v0_lld.obj (.text.UART_enhanFuncBitValRestore)
                  7005308e    00000012                                                  : uart_v0_lld.obj (.text.UART_hardwareFlowCtrlOptSet)
                  700530a0    00000012                                                  : uart_v0_lld.obj (.text.UART_operatingModeSelect)
                  700530b2    00000012                                                  : uart_v0_lld.obj (.text.UART_readLineStatus)
                  700530c4    00000012     ti_dpl_config.o (.text.putchar_)
                  700530d6    00000010     drivers.am263px.r5f.ti-arm-clang.release.lib : uart_v0_lld.obj (.text.UART_intr2Disable)
                  700530e6    00000002     --HOLE-- [fill = 0]
                  700530e8    00000010     libclang_rt.builtins.a : aeabi_memset.S.obj (.text.__aeabi_memset)
                  700530f8    00000010     libc.a : fputc.c.obj (.text.putchar)
                  70053108    0000000e     drivers.am263px.r5f.ti-arm-clang.release.lib : edma.obj (.text.EDMA_ccPaRAMEntry_init)
                  70053116    0000000e                                                  : gpio.obj (.text.GPIO_bankIntrEnable)
                  70053124    0000000e     ti_pinmux_config.o (.text.Pinmux_init)
                  70053132    0000000e     ti_power_clock_config.o (.text.PowerClock_init)
                  70053140    0000000c     nortos.am263px.r5f.ti-arm-clang.release.lib : ClockP_nortos.obj (.text.ClockP_getTicks)
                  7005314c    0000000c                                                 : DebugP_uartLogWriter.obj (.text.DebugP_uartSetDrvIndex)
                  70053158    0000000c     drivers.am263px.r5f.ti-arm-clang.release.lib : soc.obj (.text.SOC_getSelfCpuClk)
                  70053164    0000000c     libclang_rt.builtins.a : aeabi_memset.S.obj (.text.__aeabi_memclr)
                  70053170    0000000c     libc.a : memory.c.obj (.text.malloc)
                  7005317c    00000004     nortos.am263px.r5f.ti-arm-clang.release.lib : ClockP_nortos_r5.obj (.text.ClockP_getTimerCount)
                  70053180    0000000c     libc.a : strcmp32.S.obj (.text)
                  7005318c    0000000c     nortos.am263px.r5f.ti-arm-clang.release.lib : CpuId_armv7r_asm.obj (.text)
                  70053198    0000000a                                                 : ClockP_nortos.obj (.text.ClockP_Params_init)
                  700531a2    0000000a                                                 : ClockP_nortos.obj (.text.ClockP_isActive)
                  700531ac    0000000a                                                 : TimerP_rti_priv.obj (.text.TimerP_getReloadCountPriv)
                  700531b6    0000000a                                                 : TimerP_rti_priv.obj (.text.TimerP_startPriv)
                  700531c0    0000000a     drivers.am263px.r5f.ti-arm-clang.release.lib : uart_v0_lld.obj (.text.UART_lld_Transaction_deInit)
                  700531ca    00000002     --HOLE-- [fill = 0]
                  700531cc    00000008     libsysbm.a : hostexit.c.obj (.text.HOSTexit)
                  700531d4    00000008     nortos.am263px.r5f.ti-arm-clang.release.lib : TimerP_rti_priv.obj (.text.TimerP_clearOverflowIntPriv)
                  700531dc    00000008                                                 : printf.obj (.text._out_char)
                  700531e4    00000006     drivers.am263px.r5f.ti-arm-clang.release.lib : edma.obj (.text.EDMA_isInterruptEnabled)
                  700531ea    00000006                                                  : soc.obj (.text.SOC_moduleClockEnable)
                  700531f0    00000006                                                  : soc_rcm.obj (.text.SOC_rcmGetCR5SysclkInFrequency)
                  700531f6    00000004     nortos.am263px.r5f.ti-arm-clang.release.lib : ClockP_nortos_r5.obj (.text.ClockP_timerClearOverflowInt)
                  700531fa    00000004     ti_power_clock_config.o (.text.PowerClock_deinit)
                  700531fe    00000004     nortos.am263px.r5f.ti-arm-clang.release.lib : TimerP_rti_nortos.obj (.text.TimerP_Params_init)
                  70053202    00000004                                                 : TimerP_rti_nortos.obj (.text.TimerP_clearOverflowInt)
                  70053206    00000004                                                 : TimerP_rti_nortos.obj (.text.TimerP_getCount)
                  7005320a    00000004                                                 : TimerP_rti_nortos.obj (.text.TimerP_getReloadCount)
                  7005320e    00000004                                                 : TimerP_rti_nortos.obj (.text.TimerP_setup)
                  70053212    00000004                                                 : TimerP_rti_nortos.obj (.text.TimerP_start)
                  70053216    00000002     --HOLE-- [fill = 0]
                  70053218    00000004     libclang_rt.builtins.a : aeabi_div0.c.obj (.text.__aeabi_ldiv0)
                  7005321c    00000004                            : aeabi_memcpy.S.obj (.text.__aeabi_memcpy)
                  70053220    00000004     libc.a : _lock.c.obj (.text._nop)
                  70053224    00000004            : fseek.c.obj (.text.fseek)
                  70053228    00000004     libsysbm.a : remove.c.obj (.text.remove)
                  7005322c    00000008     nortos.am263px.r5f.ti-arm-clang.release.lib : HwiP_armv7r_asm.obj (.tramp.HwiP_enable.1)
                  70053234    00000008                                                 : HwiP_armv7r_asm.obj (.tramp.HwiP_restore.1)
                  7005323c    00000008                                                 : PmuP_armv7r_asm.obj (.tramp.PmuP_setUserEnable.1)
                  70053244    00000008                                                 : PmuP_armv7r_asm.obj (.tramp.PmuP_enableCounters.1)
                  7005324c    00000014     --HOLE-- [fill = 0]

.rodata    0    70053260    00000930     
                  70053260    00000074     ti_dpl_config.o (.rodata.cfg)
                  700532d4    00000004     nortos.am263px.r5f.ti-arm-clang.release.lib : CacheP_armv7r.obj (.rodata.gCacheL1dCacheLineSize)
                  700532d8    00000050                                                 : printf.obj (.rodata._ftoa.pow10)
                  70053328    00000048     drivers.am263px.r5f.ti-arm-clang.release.lib : soc_rcm.obj (.rodata.gADPLLJConfigTbl)
                  70053370    0000003d     nortos.am263px.r5f.ti-arm-clang.release.lib : TimerP_rti_priv.obj (.rodata.str1.72163963154704191671)
                  700533ad    00000037                                                 : SemaphoreP_nortos.obj (.rodata.str1.52751030918495836841)
                  700533e4    00000035     ti_drivers_open_close.o (.rodata.str1.871795152488895636.1)
                  70053419    0000002e     nortos.am263px.r5f.ti-arm-clang.release.lib : ClockP_nortos.obj (.rodata.str1.39419159632632580371)
                  70053447    0000002a                                                 : DebugP_log.obj (.rodata.str1.8882360920750446361)
                  70053471    00000027                                                 : ClockP_nortos_r5.obj (.rodata.str1.91622226613999981811)
                  70053498    00000023                                                 : ClockP_nortos_r5.obj (.rodata.str1.136646522816104227591)
                  700534bb    00000023     drivers.am263px.r5f.ti-arm-clang.release.lib : soc_rcm.obj (.rodata.str1.15813086600912413471)
                  700534de    00000022                                                  : edma.obj (.rodata.str1.6611792697437713481)
                  70053500    00000021     nortos.am263px.r5f.ti-arm-clang.release.lib : ClockP_nortos_r5.obj (.rodata.str1.99041146818411950391)
                  70053521    00000003     --HOLE-- [fill = 0]
                  70053524    00000020     drivers.am263px.r5f.ti-arm-clang.release.lib : uart_v0_lld.obj (.rodata.cst32)
                  70053544    00000020                                                  : uart_v0.obj (.rodata.str1.150767988884773108331)
                  70053564    0000001f     PDMtesting.o (.rodata.str1.11346317751664003540.1)
                  70053583    0000001f     PDMtesting.o (.rodata.str1.14859406020263788332.1)
                  700535a2    0000001f     PDMtesting.o (.rodata.str1.16919744730983904426.1)
                  700535c1    0000001f     nortos.am263px.r5f.ti-arm-clang.release.lib : SemaphoreP_nortos.obj (.rodata.str1.25281168886080794691)
                  700535e0    0000001f                                                 : ClockP_nortos_r5.obj (.rodata.str1.25349503636762439021)
                  700535ff    0000001f     PDMtesting.o (.rodata.str1.3614903977772141264.1)
                  7005361e    0000001f     PDMtesting.o (.rodata.str1.5491895291923910514.1)
                  7005363d    0000001f     PDMtesting.o (.rodata.str1.7281476227441333574.1)
                  7005365c    0000001f     PDMtesting.o (.rodata.str1.8405265112863858870.1)
                  7005367b    0000001f     PDMtesting.o (.rodata.str1.9135916351212741429.1)
                  7005369a    0000001e     PDMtesting.o (.rodata.str1.10015848951539402881.1)
                  700536b8    0000001e     PDMtesting.o (.rodata.str1.1094412632907578887.1)
                  700536d6    0000001e     PDMtesting.o (.rodata.str1.12143205621091433229.1)
                  700536f4    0000001e     PDMtesting.o (.rodata.str1.5813496317156725502.1)
                  70053712    0000001d     nortos.am263px.r5f.ti-arm-clang.release.lib : TimerP_rti_priv.obj (.rodata.str1.114219152040444562951)
                  7005372f    0000001d                                                 : TimerP_rti_priv.obj (.rodata.str1.125174968193178473681)
                  7005374c    0000001d     drivers.am263px.r5f.ti-arm-clang.release.lib : uart_v0.obj (.rodata.str1.142814395268246240721)
                  70053769    0000001d     nortos.am263px.r5f.ti-arm-clang.release.lib : TimerP_rti_priv.obj (.rodata.str1.27974953896521033811)
                  70053786    0000001b     drivers.am263px.r5f.ti-arm-clang.release.lib : edma.obj (.rodata.str1.16266241636797238661)
                  700537a1    0000001b     nortos.am263px.r5f.ti-arm-clang.release.lib : ClockP_nortos.obj (.rodata.str1.47646432807403639741)
                  700537bc    0000001a                                                 : ClockP_nortos_r5.obj (.rodata.str1.133203246495064227641)
                  700537d6    0000001a     drivers.am263px.r5f.ti-arm-clang.release.lib : soc_rcm.obj (.rodata.str1.153801437654618082741)
                  700537f0    0000001a     PDMtesting.o (.rodata.str1.6952827786257952575.1)
                  7005380a    00000019     nortos.am263px.r5f.ti-arm-clang.release.lib : TimerP_rti_priv.obj (.rodata.str1.160914699991520874261)
                  70053823    00000001     --HOLE-- [fill = 0]
                  70053824    00000018     drivers.am263px.r5f.ti-arm-clang.release.lib : soc_rcm.obj (.rodata.gControlssPllClkSrcValMap)
                  7005383c    00000018                                                  : soc_rcm.obj (.rodata.gCptsClkSrcValMap)
                  70053854    00000018                                                  : soc_rcm.obj (.rodata.gI2cClkSrcValMap)
                  7005386c    00000018                                                  : soc_rcm.obj (.rodata.gLinUartClkSrcValMap)
                  70053884    00000018                                                  : soc_rcm.obj (.rodata.gPeripheralClkSrcInfoMap)
                  7005389c    00000018                                                  : soc_rcm.obj (.rodata.gRtiClkSrcValMap)
                  700538b4    00000018                                                  : soc_rcm.obj (.rodata.gWdtClkSrcValMap)
                  700538cc    00000018                                                  : uart_v0.obj (.rodata.str1.9069738176458784971)
                  700538e4    00000017                                                  : soc_rcm.obj (.rodata.str1.141251745167226470741)
                  700538fb    00000016                                                  : soc_rcm.obj (.rodata.str1.107645048611228328791)
                  70053911    00000016                                                  : soc_rcm.obj (.rodata.str1.177369307189295936511)
                  70053927    00000016                                                  : soc_rcm.obj (.rodata.str1.63555232926284281011)
                  7005393d    00000015                                                  : edma.obj (.rodata.str1.149652404363315708211)
                  70053952    00000015     nortos.am263px.r5f.ti-arm-clang.release.lib : SemaphoreP_nortos.obj (.rodata.str1.30861210816963497001)
                  70053967    00000014     drivers.am263px.r5f.ti-arm-clang.release.lib : edma.obj (.rodata.str1.176595599180530855901)
                  7005397b    00000014                                                  : edma.obj (.rodata.str1.41785049815304208531)
                  7005398f    00000014                                                  : edma.obj (.rodata.str1.93700429500326477781)
                  700539a3    00000013                                                  : soc_rcm.obj (.rodata.str1.30734103837947208761)
                  700539b6    00000013                                                  : uart_v0.obj (.rodata.str1.9980655952161290391)
                  700539c9    00000012                                                  : uart_v0.obj (.rodata.str1.166492982902436568231)
                  700539db    00000012                                                  : uart_v0.obj (.rodata.str1.171120843061886446841)
                  700539ed    00000012                                                  : edma.obj (.rodata.str1.41579851849113419871)
                  700539ff    00000012                                                  : soc_rcm.obj (.rodata.str1.67217821191364965911)
                  70053a11    00000011                                                  : uart_v0.obj (.rodata.str1.16967668833904919061)
                  70053a22    00000011                                                  : edma.obj (.rodata.str1.28692048193800818901)
                  70053a33    00000011     nortos.am263px.r5f.ti-arm-clang.release.lib : ClockP_nortos.obj (.rodata.str1.37923443167824241621)
                  70053a44    00000011                                                 : TimerP_rti_priv.obj (.rodata.str1.44101942245516082551)
                  70053a55    00000011     ti_drivers_open_close.o (.rodata.str1.6292539624901818759.1)
                  70053a66    00000010     PDMtesting.o (.rodata.str1.15289000790259362521.1)
                  70053a76    00000010     drivers.am263px.r5f.ti-arm-clang.release.lib : edma.obj (.rodata.str1.18778444954996405781)
                  70053a86    0000000f     PDMtesting.o (.rodata.str1.10577412323663350067.1)
                  70053a95    0000000f     drivers.am263px.r5f.ti-arm-clang.release.lib : edma.obj (.rodata.str1.111354322338949310841)
                  70053aa4    0000000f                                                  : edma.obj (.rodata.str1.144551280152329776181)
                  70053ab3    0000000f     PDMtesting.o (.rodata.str1.15820329149875224843.1)
                  70053ac2    0000000f     drivers.am263px.r5f.ti-arm-clang.release.lib : edma.obj (.rodata.str1.2759273541325923811)
                  70053ad1    0000000f                                                  : edma.obj (.rodata.str1.92547749779646142691)
                  70053ae0    0000000e                                                  : edma.obj (.rodata.str1.19244332700943948511)
                  70053aee    0000000e                                                  : edma.obj (.rodata.str1.46057082369026546831)
                  70053afc    0000000e                                                  : edma.obj (.rodata.str1.46782315602798139861)
                  70053b0a    0000000d                                                  : edma.obj (.rodata.str1.121775923823351643201)
                  70053b17    0000000d     nortos.am263px.r5f.ti-arm-clang.release.lib : TimerP_rti_priv.obj (.rodata.str1.31870447354226168941)
                  70053b24    0000000c                                                 : ClockP_nortos_r5.obj (.rodata.str1.177642182983587376931)
                  70053b30    0000000c     drivers.am263px.r5f.ti-arm-clang.release.lib : edma.obj (.rodata.str1.73371482538137472541)
                  70053b3c    0000000b                                                  : uart_v0.obj (.rodata.str1.174466331461201984741)
                  70053b47    0000000b                                                  : uart_v0.obj (.rodata.str1.23952661867579505821)
                  70053b52    0000000a                                                  : soc_rcm.obj (.rodata.str1.102656642322745120751)
                  70053b5c    0000000a                                                  : uart_v0.obj (.rodata.str1.4680544719311723101)
                  70053b66    0000000a                                                  : uart_v0.obj (.rodata.str1.98976386761529848021)
                  70053b70    00000006                                                  : soc_rcm.obj (.rodata.str1.53743240983164125611)
                  70053b76    00000005     nortos.am263px.r5f.ti-arm-clang.release.lib : printf.obj (.rodata.str1.143852280595428356391)
                  70053b7b    00000005                                                 : printf.obj (.rodata.str1.23318557076440195721)
                  70053b80    00000004                                                 : CacheP_armv7r.obj (.rodata.gCacheL1pCacheLineSize)
                  70053b84    00000004                                                 : printf.obj (.rodata.str1.122320159353749299121)
                  70053b88    00000004                                                 : printf.obj (.rodata.str1.81101573233442303481)
                  70053b8c    00000004     --HOLE-- [fill = 0]

.text.hwi 
*          0    70053b90    000008d8     
                  70053b90    00000402     nortos.am263px.r5f.ti-arm-clang.release.lib : HwiP_armv7r_vim.obj (.text.hwi)
                  70053f92    000002dc                                                 : HwiP_armv7r_handlers_nortos.obj (.text.hwi)
                  7005426e    00000002     --HOLE-- [fill = 0]
                  70054270    0000017c                                                 : HwiP_armv7r_handlers_nortos_asm.obj (.text.hwi)
                  700543ec    00000070                                                 : HwiP_armv7r_asm.obj (.text.hwi)
                  7005445c    00000008                                                 : HwiP_armv7r_asm.obj (.tramp.HwiP_enableFIQ.1)
                  70054464    00000004     --HOLE-- [fill = 0]

.text.cache 
*          0    70054468    00000430     
                  70054468    00000340     nortos.am263px.r5f.ti-arm-clang.release.lib : CacheP_armv7r_asm.obj (.text.cache)
                  700547a8    000000d8                                                 : CacheP_armv7r.obj (.text.cache)
                  70054880    00000008                                                 : CacheP_armv7r_asm.obj (.tramp.CacheP_invL1d.1)
                  70054888    00000008                                                 : CacheP_armv7r_asm.obj (.tramp.CacheP_enableL1p.1)
                  70054890    00000008                                                 : HwiP_armv7r_asm.obj (.tramp.HwiP_restore.2)

.text.mpu 
*          0    70054898    00000290     
                  70054898    00000202     nortos.am263px.r5f.ti-arm-clang.release.lib : MpuP_armv7r.obj (.text.mpu)
                  70054a9a    00000002     --HOLE-- [fill = 0]
                  70054a9c    00000078                                                 : MpuP_armv7r_asm.obj (.text.mpu)
                  70054b14    00000008                                                 : HwiP_armv7r_asm.obj (.tramp.HwiP_restore.3)
                  70054b1c    00000008                                                 : MpuP_armv7r_asm.obj (.tramp.MpuP_isEnableAsm.1)
                  70054b24    00000004     --HOLE-- [fill = 0]

.text.boot 
*          0    70054b28    00000190     
                  70054b28    00000144     nortos.am263px.r5f.ti-arm-clang.release.lib : boot_armv7r_asm.obj (.text.boot)
                  70054c6c    0000001e                                                 : DebugP_log.obj (.text.boot)
                  70054c8a    0000001c                                                 : boot_armv7r.obj (.text.boot)
                  70054ca6    0000000e     ti_dpl_config.o (.text.boot)
                  70054cb4    00000004     --HOLE-- [fill = 0]

.text:abort 
*          0    70054cb8    00000008     
                  70054cb8    00000008     libc.a : exit.c.obj (.text:abort)

.data      0    70054cc0    00000418     
                  70054cc0    000000f0     libc.a : defs.c.obj (.data._ftable)
                  70054db0    0000009c     drivers.am263px.r5f.ti-arm-clang.release.lib : uart_v0.obj (.data.gUartDrvObj)
                  70054e4c    00000078     libsysbm.a : host_device.c.obj (.data._device)
                  70054ec4    00000078     ti_pinmux_config.o (.data.gPinMuxMainDomainCfg)
                  70054f3c    00000060     PDMtesting.o (.data.intr_pins)
                  70054f9c    00000058     ti_drivers_open_close.o (.data.gUartParams)
                  70054ff4    00000050     libsysbm.a : host_device.c.obj (.data._stream)
                  70055044    00000018     ti_dpl_config.o (.data.gClockConfig)
                  7005505c    00000018     ti_power_clock_config.o (.data.gSocModulesClockFrequency)
                  70055074    00000004     libc.a : defs.c.obj (.data.__TI_ft_end)
                  70055078    0000000c     nortos.am263px.r5f.ti-arm-clang.release.lib : AddrTranslateP_32bit.obj (.data.gAddrTranslateConfig)
                  70055084    00000008     libc.a : exit.c.obj (.data..L_MergedGlobals)
                  7005508c    00000008     ti_power_clock_config.o (.data.gSocModules)
                  70055094    00000008     ti_drivers_config.o (.data.gUartAttrs)
                  7005509c    00000008     ti_drivers_config.o (.data.gUartConfig)
                  700550a4    00000004     libc.a : _lock.c.obj (.data._lock)
                  700550a8    00000008     nortos.am263px.r5f.ti-arm-clang.release.lib : PmuP_armv7r.obj (.data.pmu)
                  700550b0    00000004     libc.a : _lock.c.obj (.data._unlock)
                  700550b4    00000004     nortos.am263px.r5f.ti-arm-clang.release.lib : DebugP_log.obj (.data.gDebugLogZone)
                  700550b8    00000004                                                 : DebugP_uartLogWriter.obj (.data.gDebugP_uartDrvIndex)
                  700550bc    00000004     ti_drivers_open_close.o (.data.gEdmaConfigNum)
                  700550c0    00000004     ti_dpl_config.o (.data.gHwiConfig)
                  700550c4    00000004     ti_drivers_config.o (.data.gUartConfigNum)
                  700550c8    00000004     ti_drivers_open_close.o (.data.gUartDmaChConfig)
                  700550cc    00000004     PDMtesting.o (.data.test)
                  700550d0    00000001     drivers.am263px.r5f.ti-arm-clang.release.lib : soc.obj (.data.isMapAvailable)
                  700550d1    00000003     --HOLE-- [fill = 0]
                  700550d4    00000001     libc.a : memory.c.obj (.data.memory_is_initialized)
                  700550d5    00000003     --HOLE-- [fill = 0]

.irqstack 
*          0    700550d8    00000100     UNINITIALIZED
                  700550d8    00000100     --HOLE--

.fiqstack 
*          0    700551d8    00000100     UNINITIALIZED
                  700551d8    00000100     --HOLE--

.svcstack 
*          0    700552d8    00001000     UNINITIALIZED
                  700552d8    00001000     --HOLE--

.abortstack 
*          0    700562d8    00000100     UNINITIALIZED
                  700562d8    00000100     --HOLE--

.undefinedstack 
*          0    700563d8    00000100     UNINITIALIZED
                  700563d8    00000100     --HOLE--

.init_array 
*          0    70040000    00000000     UNINITIALIZED

MODULE SUMMARY

       Module                                code    ro data   rw data
       ------                                ----    -------   -------
    .\
       PDMtesting.o                          576     440       293    
       main.o                                28      0         0      
    +--+-------------------------------------+-------+---------+---------+
       Total:                                604     440       293    
                                                                      
    .\syscfg\
       ti_drivers_config.o                   646     0         892    
       ti_drivers_open_close.o               100     70        100    
       ti_dpl_config.o                       98      116       28     
       ti_power_clock_config.o               180     0         32     
       ti_pinmux_config.o                    14      0         120    
       ti_board_config.o                     4       0         0      
       ti_board_open_close.o                 4       0         0      
    +--+-------------------------------------+-------+---------+---------+
       Total:                                1046    186       1172   
                                                                      
    C:/Users/carim/Desktop/mcu_plus_sdk_am263px_10_02_00_15__all/mcu_plus_sdk_am263px_10_02_00_15/source/drivers/lib/drivers.am263px.r5f.ti-arm-clang.release.lib
       edma.obj                              2770    320       0      
       soc_rcm.obj                           2454    443       0      
       uart_v0_lld.obj                       2802    32        0      
       uart_v0.obj                           1760    199       156    
       uart_dma_edma.obj                     1340    0         0      
       soc.obj                               566     0         17     
       gpio.obj                              162     0         0      
       pinmux.obj                            64      0         0      
    +--+-------------------------------------+-------+---------+---------+
       Total:                                11918   994       173    
                                                                      
    C:/Users/carim/Desktop/mcu_plus_sdk_am263px_10_02_00_15__all/mcu_plus_sdk_am263px_10_02_00_15/source/kernel/nortos/lib/nortos.am263px.r5f.ti-arm-clang.release.lib
       printf.obj                            4052    98        0      
       HwiP_armv7r_vim.obj                   1026    0         2060   
       CacheP_armv7r_asm.obj                 848     0         0      
       ClockP_nortos.obj                     642     90        56     
       HwiP_armv7r_handlers_nortos.obj       732     0         0      
       TimerP_rti_priv.obj                   404     203       0      
       MpuP_armv7r.obj                       514     0         0      
       ClockP_nortos_r5.obj                  268     176       0      
       SemaphoreP_nortos.obj                 328     107       0      
       HwiP_armv7r_handlers_nortos_asm.obj   380     0         0      
       boot_armv7r_asm.obj                   324     0         0      
       CacheP_armv7r.obj                     216     8         0      
       DebugP_log.obj                        154     42        4      
       HwiP_armv7r_asm.obj                   152     0         0      
       MpuP_armv7r_asm.obj                   128     0         0      
       PmuP_armv7r.obj                       102     0         8      
       AddrTranslateP_32bit.obj              82      0         12     
       DebugP_uartLogWriter.obj              70      0         4      
       PmuP_armv7r_asm.obj                   72      0         0      
       HwiP_armv7r_vectors_nortos_asm.obj    64      0         0      
       DebugP_nortos.obj                     56      0         0      
       boot_armv7r.obj                       28      0         0      
       CpuId_armv7r.obj                      26      0         0      
       TimerP_rti_nortos.obj                 24      0         0      
       CpuId_armv7r_asm.obj                  12      0         0      
       TaskP_nortos.obj                      2       0         0      
    +--+-------------------------------------+-------+---------+---------+
       Total:                                10706   724       2144   
                                                                      
    C:\ti\ccs2011\ccs\tools\compiler\ti-cgt-armllvm_4.0.2.LTS\lib\armv7r-ti-none-eabihf/c/libc.a
       memory.c.obj                          1136    0         5      
       strcmp32.S.obj                        924     0         0      
       defs.c.obj                            0       0         404    
       setvbuf.c.obj                         324     0         0      
       getdevice.c.obj                       284     0         0      
       fputc.c.obj                           256     0         0      
       fseek.c.obj                           184     0         0      
       fclose.c.obj                          176     0         0      
       _io_perm.c.obj                        156     0         0      
       fflush.c.obj                          136     0         0      
       exit.c.obj                            92      0         8      
       fopen.c.obj                           88      0         0      
       autoinit.c.obj                        84      0         0      
       memcpy32.S.obj                        28      0         0      
       memset32.S.obj                        24      0         0      
       _lock.c.obj                           4       0         8      
    +--+-------------------------------------+-------+---------+---------+
       Total:                                3896    0         425    
                                                                      
    C:\ti\ccs2011\ccs\tools\compiler\ti-cgt-armllvm_4.0.2.LTS\lib\armv7r-ti-none-eabihf/c/libsysbm.a
       trgmsg.c.obj                          176     0         288    
       hostrename.c.obj                      216     0         0      
       host_device.c.obj                     0       0         200    
       hostopen.c.obj                        148     0         8      
       hostlseek.c.obj                       152     0         0      
       close.c.obj                           140     0         0      
       hostread.c.obj                        132     0         0      
       hostwrite.c.obj                       132     0         0      
       hostunlink.c.obj                      108     0         0      
       hostclose.c.obj                       96      0         0      
       unlink.c.obj                          72      0         0      
       lseek.c.obj                           52      0         0      
       write.c.obj                           52      0         0      
       hostexit.c.obj                        8       0         0      
       remove.c.obj                          4       0         0      
    +--+-------------------------------------+-------+---------+---------+
       Total:                                1488    0         496    
                                                                      
    C:\ti\ccs2011\ccs\tools\compiler\ti-cgt-armllvm_4.0.2.LTS\lib\armv7r-ti-none-eabihf/libclang_rt.builtins.a
       udivmoddi4.S.obj                      280     0         0      
       aeabi_uldivmod.S.obj                  36      0         0      
       aeabi_memset.S.obj                    28      0         0      
       aeabi_div0.c.obj                      4       0         0      
       aeabi_memcpy.S.obj                    4       0         0      
    +--+-------------------------------------+-------+---------+---------+
       Total:                                352     0         0      
                                                                      
       Heap:                                 0       0         32768  
       Stack:                                0       0         16384  
    +--+-------------------------------------+-------+---------+---------+
       Grand Total:                          30010   2344      53855  

VENEERS

callee name               veneer name
   callee addr  veneer addr  call addr  call info
--------------  -----------  ---------  ----------------
HwiP_enableFIQ            $Ven$TA$L$PI$$HwiP_enableFIQ
   7005441c     7005445c     70053f72   nortos.am263px.r5f.ti-arm-clang.release.lib : HwiP_armv7r_vim.obj (.text.hwi)
CacheP_invL1d             $Ven$TA$L$PI$$CacheP_invL1d
   700544d8     70054880     7005487c   nortos.am263px.r5f.ti-arm-clang.release.lib : CacheP_armv7r.obj (.text.cache)
CacheP_enableL1p          $Ven$TA$L$PI$$CacheP_enableL1p
   700544c0     70054888     70054856   nortos.am263px.r5f.ti-arm-clang.release.lib : CacheP_armv7r.obj (.text.cache)
HwiP_restore              $Ven$TA$L$PI$$HwiP_restore
   7005442c     70054890     70054836   nortos.am263px.r5f.ti-arm-clang.release.lib : CacheP_armv7r.obj (.text.cache)
HwiP_restore              $Ven$TA$L$PI$$HwiP_restore
   7005442c     70054b14     70054990   nortos.am263px.r5f.ti-arm-clang.release.lib : MpuP_armv7r.obj (.text.mpu)
                             700549ce                                               : MpuP_armv7r.obj (.text.mpu)
MpuP_isEnableAsm          $Ven$TA$L$PI$$MpuP_isEnableAsm
   70054aec     70054b1c     70054960   nortos.am263px.r5f.ti-arm-clang.release.lib : MpuP_armv7r.obj (.text.mpu)
HwiP_enable               $Ven$TA$L$PI$$HwiP_enable
   7005440c     7005322c     700525a6   ti_dpl_config.o (.text.Dpl_init)
HwiP_restore              $Ven$TA$L$PI$$HwiP_restore
   7005442c     70053234     70052566   nortos.am263px.r5f.ti-arm-clang.release.lib : ClockP_nortos.obj (.text.ClockP_stop)
                             70052816                                               : ClockP_nortos.obj (.text.ClockP_destruct)
                             700529d6                                               : ClockP_nortos.obj (.text.ClockP_start)
                             70052b74                                               : SemaphoreP_nortos.obj (.text.SemaphoreP_post)
PmuP_setUserEnable        $Ven$TA$L$PI$$PmuP_setUserEnable
   70052968     7005323c     70051b4e   nortos.am263px.r5f.ti-arm-clang.release.lib : PmuP_armv7r.obj (.text.pmu)
PmuP_enableCounters       $Ven$TA$L$PI$$PmuP_enableCounters
   70052948     70053244     70051b1c   nortos.am263px.r5f.ti-arm-clang.release.lib : PmuP_armv7r.obj (.text.pmu)

[10 trampolines]
[14 trampoline calls]


GLOBAL SYMBOLS: SORTED ALPHABETICALLY BY Name 

address   name                               
-------   ----                               
70052151  AddrTranslateP_getLocalAddr        
700500df  Board_deinit                       
7004d8ad  Board_driversOpen                  
70050e7f  Board_init                         
700531cc  C$$EXIT                            
70051eec  C$$IO$$                            
70052f4d  CSL_armR5GetCpuID                  
7005318c  CSL_armR5ReadMpidrReg              
70054778  CacheP_configForceWrThru           
70054801  CacheP_disable                     
70054468  CacheP_disableL1d                  
70054490  CacheP_disableL1p                  
7005483b  CacheP_enable                      
700544a8  CacheP_enableL1d                   
700544c0  CacheP_enableL1p                   
7005476c  CacheP_getCacheLevelInfo           
70054734  CacheP_getEnabled                  
700547a9  CacheP_init                        
7005485b  CacheP_inv                         
700544d8  CacheP_invL1d                      
7005454c  CacheP_invL1dAll                   
70054510  CacheP_invL1p                      
70054554  CacheP_invL1pAll                   
70054798  CacheP_setDLFO                     
7005455c  CacheP_wb                          
700545d4  CacheP_wbAll                       
70054598  CacheP_wbInv                       
7005467c  CacheP_wbInvAll                    
70054694  CacheP_wbInvAllAsm                 
70053199  ClockP_Params_init                 
700521a3  ClockP_construct                   
700527e1  ClockP_destruct                    
70053141  ClockP_getTicks                    
70051f51  ClockP_getTimeUsec                 
7005317d  ClockP_getTimerCount               
7004ffdb  ClockP_init                        
700531a3  ClockP_isActive                    
70052cd5  ClockP_sleep                       
700529a7  ClockP_start                       
7005252b  ClockP_stop                        
700531f7  ClockP_timerClearOverflowInt       
70051c7d  ClockP_timerTickIsr                
7005303f  ClockP_usecToTicks                 
70051b4d  CycleCounterP_enableUserAccess     
70052938  CycleCounterP_getCount32           
70051aed  CycleCounterP_init                 
70051b21  CycleCounterP_nsToTicks            
70051afd  CycleCounterP_reset                
70052e41  DebugP_logZoneEnable               
7005281b  DebugP_uartLogWriterPutChar        
7005314d  DebugP_uartSetDrvIndex             
700513ff  Dpl_deinit                         
7005256b  Dpl_init                           
70052f9b  Drivers_open                       
70052381  Drivers_uartOpen                   
700521f5  EDMA_allocDmaChannel               
70052245  EDMA_allocParam                    
70052295  EDMA_allocTcc                      
70053109  EDMA_ccPaRAMEntry_init             
70052971  EDMA_clrMissEvtRegion              
7005136b  EDMA_configureChannelRegion        
70052333  EDMA_disableChInShadowRegRegion    
700518d1  EDMA_disableTransferRegion         
70052ba9  EDMA_enableChInShadowRegRegion     
7005193f  EDMA_enableTransferRegion          
7004ea95  EDMA_freeChannelRegion             
70050e81  EDMA_freeDmaChannel                
70050f21  EDMA_freeParam                     
70050fc1  EDMA_freeTcc                       
7005272d  EDMA_getBaseAddr                   
70053053  EDMA_getRegionId                   
700531e5  EDMA_isInterruptEnabled            
70052dfd  EDMA_linkChannel                   
700525ab  EDMA_mapChToEvtQ                   
70052f67  EDMA_readEventStatusRegion         
700507c5  EDMA_registerIntr                  
70052cfb  EDMA_setPaRAM                      
70052b15  EDMA_unmapChToEvtQ                 
700503d1  EDMA_unregisterIntr                
700543ac  GET_ADFSR                          
700543c4  GET_AIFSR                          
700543b4  GET_DFAR                           
700543a4  GET_DFSR                           
700543cc  GET_IFAR                           
700543bc  GET_IFSR                           
700543d4  GET_SPSR                           
7004dcb1  GPIO_bankIntrDisable               
70053117  GPIO_bankIntrEnable                
700504a1  GPIO_deinit                        
7004f179  GPIO_init                          
70052c85  GPIO_setDirMode                    
70051cdd  GPIO_setTrigType                   
70051c1c  HOSTclose                          
700531cc  HOSTexit                           
7005123c  HOSTlseek                          
70051400  HOSTopen                           
70051748  HOSTread                           
70051060  HOSTrename                         
700519ac  HOSTunlink                         
700517cc  HOSTwrite                          
70053c89  HwiP_Params_init                   
70053c41  HwiP_clearInt                      
70053c9b  HwiP_construct                     
700542e4  HwiP_data_abort_handler            
700541df  HwiP_data_abort_handler_c          
70053de3  HwiP_destruct                      
700543ec  HwiP_disable                       
700543fc  HwiP_disableFIQ                    
70053bb9  HwiP_disableInt                    
70054444  HwiP_disableVIC                    
7005440c  HwiP_enable                        
7005441c  HwiP_enableFIQ                     
70053b91  HwiP_enableInt                     
70054434  HwiP_enableVIC                     
70054017  HwiP_fiq_handler                   
70054454  HwiP_getCPSR                       
70053f77  HwiP_inISR                         
70053eb5  HwiP_init                          
70054270  HwiP_irq_handler                   
70053f93  HwiP_irq_handler_c                 
70053c61  HwiP_post                          
70054328  HwiP_prefetch_abort_handler        
70054155  HwiP_prefetch_abort_handler_c      
700540c7  HwiP_reserved_handler              
7005442c  HwiP_restore                       
70053beb  HwiP_restoreInt                    
70054127  HwiP_svc_handler                   
70054374  HwiP_undefined_handler             
700540f5  HwiP_undefined_handler_c           
7005425f  HwiP_user_data_abort_handler_c     
700541cf  HwiP_user_prefetch_abort_handler_c 
70054113  HwiP_user_undefined_handler_c      
700529db  Module_clockDisable                
70052a0f  Module_clockEnable                 
70052855  Module_clockSetFrequency           
700548d9  MpuP_RegionAttrs_init              
70054965  MpuP_disable                       
70054a9c  MpuP_disableAsm                    
70054ab4  MpuP_disableBRAsm                  
70054997  MpuP_enable                        
70054ac4  MpuP_enableAsm                     
70054adc  MpuP_enableBRAsm                   
70054899  MpuP_getAttrs                      
700549d3  MpuP_init                          
70054961  MpuP_isEnable                      
70054aec  MpuP_isEnableAsm                   
70054a35  MpuP_isUserAuthorizedToAccessMemory
700548e7  MpuP_setRegion                     
70054b00  MpuP_setRegionAsm                  
70051b53  PDM_testing                        
700525ed  Pinmux_config                      
70053125  Pinmux_init                        
70052960  PmuP_clearOverflowStatus           
70052950  PmuP_disableCounters               
70052948  PmuP_enableCounters                
70052958  PmuP_getOverflowStatus             
70052968  PmuP_setUserEnable                 
70052940  PmuP_setup                         
700531fb  PowerClock_deinit                  
70053133  PowerClock_init                    
70051d39  SOC_controlModuleLockMMR           
70051bb9  SOC_controlModuleUnlockMMR         
70053159  SOC_getSelfCpuClk                  
700531eb  SOC_moduleClockEnable              
70052cad  SOC_moduleSetClockFrequency        
7004d3e1  SOC_rcmEnablePeripheralClock       
7004fdb9  SOC_rcmGetPeripheralClockFrequency 
70052c05  SOC_rcmGetR5Clock                  
70052ec1  SOC_rcmIsR5FInLockStepMode         
7004e609  SOC_rcmSetPeripheralClock          
7004f6c9  SOC_virtToPhy                      
7005262d  SemaphoreP_constructBinary         
700526ed  SemaphoreP_constructMutex          
70051523  SemaphoreP_destruct                
700512d5  SemaphoreP_pend                    
70052b47  SemaphoreP_post                    
70052ffd  System_deinit                      
70052e1f  System_init                        
70052f30  TI_memcpy_small                    
70052fe4  TI_memset_small                    
70051bb7  TaskP_yield                        
700531ff  TimerP_Params_init                 
70052e61  TimerP_Params_initPriv             
70053203  TimerP_clearOverflowInt            
700531d5  TimerP_clearOverflowIntPriv        
70053207  TimerP_getCount                    
70052fb3  TimerP_getCountPriv                
7005320b  TimerP_getReloadCount              
700531ad  TimerP_getReloadCountPriv          
7005320f  TimerP_setup                       
7004f589  TimerP_setupPriv                   
70053213  TimerP_start                       
700531b7  TimerP_startPriv                   
70053013  UART_IsTxRxFifoEmpty               
700524a3  UART_Params_init                   
70053067  UART_Transaction_init              
7004f805  UART_close                         
70052fcd  UART_deinit                        
70051851  UART_flushTxFifo                   
70052e81  UART_getChar                       
70052c31  UART_getHandle                     
70053029  UART_getIntrIdentityStatus         
700515b1  UART_init                          
700530d7  UART_intr2Disable                  
70051fa7  UART_intrDisable                   
700531c1  UART_lld_Transaction_deInit        
7004fa6f  UART_lld_controllerIsr             
7005266d  UART_lld_deInit                    
700524e7  UART_lld_deInitDma                 
7004f2f7  UART_lld_dmaDeInit                 
70052d21  UART_lld_dmaDisableChannel         
7004efe5  UART_lld_dmaInit                   
70051101  UART_lld_dmaRead                   
700500e1  UART_lld_dmaWrite                  
7005288f  UART_lld_flushTxFifo               
70050705  UART_lld_init                      
70050571  UART_lld_initDma                   
7004fecd  UART_lld_write                     
70051a19  UART_lld_writeDma                  
70051a85  UART_lld_writeIntr                 
7004e361  UART_open                          
700530a1  UART_operatingModeSelect           
70051639  UART_procLineStatusErr             
700530b3  UART_readLineStatus                
70052ea1  UART_spaceAvail                    
700501e5  UART_write                         
70051ffd  UART_writeCancelNoCB               
70040b70  _CIOBUF_                           
70051d95  _DebugP_assert                     
70054c6d  _DebugP_assertNoLog                
70052901  _DebugP_logZone                    
700563d8  __ABORT_STACK_END                  
00000100  __ABORT_STACK_SIZE                 
700562d8  __ABORT_STACK_START                
70040e50  __BSS_END                          
70040000  __BSS_START                        
70040b70  __CIOBUF_                          
700552d8  __FIQ_STACK_END                    
00000100  __FIQ_STACK_SIZE                   
700551d8  __FIQ_STACK_START                  
700551d8  __IRQ_STACK_END                    
00000100  __IRQ_STACK_SIZE                   
700550d8  __IRQ_STACK_START                  
7004ce50  __STACK_END                        
00004000  __STACK_SIZE                       
700562d8  __SVC_STACK_END                    
00001000  __SVC_STACK_SIZE                   
700552d8  __SVC_STACK_START                  
00008000  __SYSMEM_SIZE                      
00000000  __TI_ATRegion0_region_sz           
00000000  __TI_ATRegion0_src_addr            
00000000  __TI_ATRegion0_trg_addr            
00000000  __TI_ATRegion1_region_sz           
00000000  __TI_ATRegion1_src_addr            
00000000  __TI_ATRegion1_trg_addr            
00000000  __TI_ATRegion2_region_sz           
00000000  __TI_ATRegion2_src_addr            
00000000  __TI_ATRegion2_trg_addr            
UNDEFED   __TI_CINIT_Base                    
UNDEFED   __TI_CINIT_Limit                   
UNDEFED   __TI_Handler_Table_Base            
UNDEFED   __TI_Handler_Table_Limit           
700520fc  __TI_auto_init_nobinit_nopinit     
70051df0  __TI_cleanup                       
70055084  __TI_cleanup_ptr                   
70050934  __TI_closefile                     
700516c0  __TI_doflush                       
70055088  __TI_dtors_ptr                     
70055074  __TI_ft_end                        
ffffffff  __TI_pprof_out_hndl                
ffffffff  __TI_prof_data_size                
ffffffff  __TI_prof_data_start               
70051e48  __TI_readmsg                       
00000000  __TI_static_base__                 
70040d50  __TI_tmpnams                       
70051ea0  __TI_writemsg                      
700511a0  __TI_wrt_ok                        
700564d8  __UNDEFINED_STACK_END              
00000100  __UNDEFINED_STACK_SIZE             
700563d8  __UNDEFINED_STACK_START            
70053218  __aeabi_ldiv0                      
70053164  __aeabi_memclr                     
70053164  __aeabi_memclr4                    
70053164  __aeabi_memclr8                    
7005321c  __aeabi_memcpy                     
7005321c  __aeabi_memcpy4                    
7005321c  __aeabi_memcpy8                    
700530e8  __aeabi_memset                     
700530e8  __aeabi_memset4                    
700530e8  __aeabi_memset8                    
70052db4  __aeabi_uldivmod                   
ffffffff  __binit__                          
70054ca7  __mpu_init                         
70048e50  __stack                            
7004fca0  __udivmoddi4                       
70054b4c  _c_int00                           
70054b28  _c_int00_sbl                       
70054e4c  _device                            
70054cc0  _ftable                            
700550a4  _lock                              
70053220  _nop                               
70054ff4  _stream                            
70040e50  _sys_memory                        
UNDEFED   _system_post_cinit                 
70054c8b  _system_pre_init                   
700550b0  _unlock                            
00000000  _vectors                           
70054cb8  abort                              
7004ee40  aligned_alloc                      
ffffffff  binit                              
70051524  close                              
70052054  exit                               
700520a8  finddevice                         
700502e0  fputc                              
7004ec98  free                               
70053224  fseek                              
70050880  fseeko                             
70053328  gADPLLJConfigTbl                   
70055078  gAddrTranslateConfig               
70053260  gCacheConfig                       
700532d4  gCacheL1dCacheLineSize             
70053b80  gCacheL1pCacheLineSize             
70055044  gClockConfig                       
70040df0  gClockCtrl                         
700550b4  gDebugLogZone                      
700550b8  gDebugP_uartDrvIndex               
70054cc0  gEdmaConfig                        
700550bc  gEdmaConfigNum                     
700550c0  gHwiConfig                         
70040000  gHwiCtrl                           
70053268  gMpuConfig                         
70053274  gMpuRegionConfig                   
70053884  gPeripheralClkSrcInfoMap           
7005508c  gSocModules                        
7005505c  gSocModulesClockFrequency          
7005509c  gUartConfig                        
700550c4  gUartConfigNum                     
700550c8  gUartDmaChConfig                   
70054cc0  gUartDmaHandle                     
70040e48  gUartHandle                        
70054f9c  gUartParams                        
7005063c  getdevice                          
70050c93  init_global_interrupts             
70050ddd  init_gpio                          
70051ef9  init_interrupt                     
70040c90  intr_objects                       
70054f3c  intr_pins                          
700550d0  isMapAvailable                     
70052aac  lseek                              
70052edd  main                               
70053170  malloc                             
7004ee40  memalign                           
70040e38  parmbuf                            
700530f8  putchar                            
700530c5  putchar_                           
70053228  remove                             
7004f444  setvbuf                            
7004dcc0  strcmp                             
700550cc  test                               
70052414  unlink                             
70040e28  virtToPhymap                       
70052dd9  vprintf_                           
70052ae0  write                              


GLOBAL SYMBOLS: SORTED BY Symbol Address 

address   name                               
-------   ----                               
00000000  __TI_ATRegion0_region_sz           
00000000  __TI_ATRegion0_src_addr            
00000000  __TI_ATRegion0_trg_addr            
00000000  __TI_ATRegion1_region_sz           
00000000  __TI_ATRegion1_src_addr            
00000000  __TI_ATRegion1_trg_addr            
00000000  __TI_ATRegion2_region_sz           
00000000  __TI_ATRegion2_src_addr            
00000000  __TI_ATRegion2_trg_addr            
00000000  __TI_static_base__                 
00000000  _vectors                           
00000100  __ABORT_STACK_SIZE                 
00000100  __FIQ_STACK_SIZE                   
00000100  __IRQ_STACK_SIZE                   
00000100  __UNDEFINED_STACK_SIZE             
00001000  __SVC_STACK_SIZE                   
00004000  __STACK_SIZE                       
00008000  __SYSMEM_SIZE                      
70040000  __BSS_START                        
70040000  gHwiCtrl                           
70040b70  _CIOBUF_                           
70040b70  __CIOBUF_                          
70040c90  intr_objects                       
70040d50  __TI_tmpnams                       
70040df0  gClockCtrl                         
70040e28  virtToPhymap                       
70040e38  parmbuf                            
70040e48  gUartHandle                        
70040e50  __BSS_END                          
70040e50  _sys_memory                        
70048e50  __stack                            
7004ce50  __STACK_END                        
7004d3e1  SOC_rcmEnablePeripheralClock       
7004d8ad  Board_driversOpen                  
7004dcb1  GPIO_bankIntrDisable               
7004dcc0  strcmp                             
7004e361  UART_open                          
7004e609  SOC_rcmSetPeripheralClock          
7004ea95  EDMA_freeChannelRegion             
7004ec98  free                               
7004ee40  aligned_alloc                      
7004ee40  memalign                           
7004efe5  UART_lld_dmaInit                   
7004f179  GPIO_init                          
7004f2f7  UART_lld_dmaDeInit                 
7004f444  setvbuf                            
7004f589  TimerP_setupPriv                   
7004f6c9  SOC_virtToPhy                      
7004f805  UART_close                         
7004fa6f  UART_lld_controllerIsr             
7004fca0  __udivmoddi4                       
7004fdb9  SOC_rcmGetPeripheralClockFrequency 
7004fecd  UART_lld_write                     
7004ffdb  ClockP_init                        
700500df  Board_deinit                       
700500e1  UART_lld_dmaWrite                  
700501e5  UART_write                         
700502e0  fputc                              
700503d1  EDMA_unregisterIntr                
700504a1  GPIO_deinit                        
70050571  UART_lld_initDma                   
7005063c  getdevice                          
70050705  UART_lld_init                      
700507c5  EDMA_registerIntr                  
70050880  fseeko                             
70050934  __TI_closefile                     
70050c93  init_global_interrupts             
70050ddd  init_gpio                          
70050e7f  Board_init                         
70050e81  EDMA_freeDmaChannel                
70050f21  EDMA_freeParam                     
70050fc1  EDMA_freeTcc                       
70051060  HOSTrename                         
70051101  UART_lld_dmaRead                   
700511a0  __TI_wrt_ok                        
7005123c  HOSTlseek                          
700512d5  SemaphoreP_pend                    
7005136b  EDMA_configureChannelRegion        
700513ff  Dpl_deinit                         
70051400  HOSTopen                           
70051523  SemaphoreP_destruct                
70051524  close                              
700515b1  UART_init                          
70051639  UART_procLineStatusErr             
700516c0  __TI_doflush                       
70051748  HOSTread                           
700517cc  HOSTwrite                          
70051851  UART_flushTxFifo                   
700518d1  EDMA_disableTransferRegion         
7005193f  EDMA_enableTransferRegion          
700519ac  HOSTunlink                         
70051a19  UART_lld_writeDma                  
70051a85  UART_lld_writeIntr                 
70051aed  CycleCounterP_init                 
70051afd  CycleCounterP_reset                
70051b21  CycleCounterP_nsToTicks            
70051b4d  CycleCounterP_enableUserAccess     
70051b53  PDM_testing                        
70051bb7  TaskP_yield                        
70051bb9  SOC_controlModuleUnlockMMR         
70051c1c  HOSTclose                          
70051c7d  ClockP_timerTickIsr                
70051cdd  GPIO_setTrigType                   
70051d39  SOC_controlModuleLockMMR           
70051d95  _DebugP_assert                     
70051df0  __TI_cleanup                       
70051e48  __TI_readmsg                       
70051ea0  __TI_writemsg                      
70051eec  C$$IO$$                            
70051ef9  init_interrupt                     
70051f51  ClockP_getTimeUsec                 
70051fa7  UART_intrDisable                   
70051ffd  UART_writeCancelNoCB               
70052054  exit                               
700520a8  finddevice                         
700520fc  __TI_auto_init_nobinit_nopinit     
70052151  AddrTranslateP_getLocalAddr        
700521a3  ClockP_construct                   
700521f5  EDMA_allocDmaChannel               
70052245  EDMA_allocParam                    
70052295  EDMA_allocTcc                      
70052333  EDMA_disableChInShadowRegRegion    
70052381  Drivers_uartOpen                   
70052414  unlink                             
700524a3  UART_Params_init                   
700524e7  UART_lld_deInitDma                 
7005252b  ClockP_stop                        
7005256b  Dpl_init                           
700525ab  EDMA_mapChToEvtQ                   
700525ed  Pinmux_config                      
7005262d  SemaphoreP_constructBinary         
7005266d  UART_lld_deInit                    
700526ed  SemaphoreP_constructMutex          
7005272d  EDMA_getBaseAddr                   
700527e1  ClockP_destruct                    
7005281b  DebugP_uartLogWriterPutChar        
70052855  Module_clockSetFrequency           
7005288f  UART_lld_flushTxFifo               
70052901  _DebugP_logZone                    
70052938  CycleCounterP_getCount32           
70052940  PmuP_setup                         
70052948  PmuP_enableCounters                
70052950  PmuP_disableCounters               
70052958  PmuP_getOverflowStatus             
70052960  PmuP_clearOverflowStatus           
70052968  PmuP_setUserEnable                 
70052971  EDMA_clrMissEvtRegion              
700529a7  ClockP_start                       
700529db  Module_clockDisable                
70052a0f  Module_clockEnable                 
70052aac  lseek                              
70052ae0  write                              
70052b15  EDMA_unmapChToEvtQ                 
70052b47  SemaphoreP_post                    
70052ba9  EDMA_enableChInShadowRegRegion     
70052c05  SOC_rcmGetR5Clock                  
70052c31  UART_getHandle                     
70052c85  GPIO_setDirMode                    
70052cad  SOC_moduleSetClockFrequency        
70052cd5  ClockP_sleep                       
70052cfb  EDMA_setPaRAM                      
70052d21  UART_lld_dmaDisableChannel         
70052db4  __aeabi_uldivmod                   
70052dd9  vprintf_                           
70052dfd  EDMA_linkChannel                   
70052e1f  System_init                        
70052e41  DebugP_logZoneEnable               
70052e61  TimerP_Params_initPriv             
70052e81  UART_getChar                       
70052ea1  UART_spaceAvail                    
70052ec1  SOC_rcmIsR5FInLockStepMode         
70052edd  main                               
70052f30  TI_memcpy_small                    
70052f4d  CSL_armR5GetCpuID                  
70052f67  EDMA_readEventStatusRegion         
70052f9b  Drivers_open                       
70052fb3  TimerP_getCountPriv                
70052fcd  UART_deinit                        
70052fe4  TI_memset_small                    
70052ffd  System_deinit                      
70053013  UART_IsTxRxFifoEmpty               
70053029  UART_getIntrIdentityStatus         
7005303f  ClockP_usecToTicks                 
70053053  EDMA_getRegionId                   
70053067  UART_Transaction_init              
700530a1  UART_operatingModeSelect           
700530b3  UART_readLineStatus                
700530c5  putchar_                           
700530d7  UART_intr2Disable                  
700530e8  __aeabi_memset                     
700530e8  __aeabi_memset4                    
700530e8  __aeabi_memset8                    
700530f8  putchar                            
70053109  EDMA_ccPaRAMEntry_init             
70053117  GPIO_bankIntrEnable                
70053125  Pinmux_init                        
70053133  PowerClock_init                    
70053141  ClockP_getTicks                    
7005314d  DebugP_uartSetDrvIndex             
70053159  SOC_getSelfCpuClk                  
70053164  __aeabi_memclr                     
70053164  __aeabi_memclr4                    
70053164  __aeabi_memclr8                    
70053170  malloc                             
7005317d  ClockP_getTimerCount               
7005318c  CSL_armR5ReadMpidrReg              
70053199  ClockP_Params_init                 
700531a3  ClockP_isActive                    
700531ad  TimerP_getReloadCountPriv          
700531b7  TimerP_startPriv                   
700531c1  UART_lld_Transaction_deInit        
700531cc  C$$EXIT                            
700531cc  HOSTexit                           
700531d5  TimerP_clearOverflowIntPriv        
700531e5  EDMA_isInterruptEnabled            
700531eb  SOC_moduleClockEnable              
700531f7  ClockP_timerClearOverflowInt       
700531fb  PowerClock_deinit                  
700531ff  TimerP_Params_init                 
70053203  TimerP_clearOverflowInt            
70053207  TimerP_getCount                    
7005320b  TimerP_getReloadCount              
7005320f  TimerP_setup                       
70053213  TimerP_start                       
70053218  __aeabi_ldiv0                      
7005321c  __aeabi_memcpy                     
7005321c  __aeabi_memcpy4                    
7005321c  __aeabi_memcpy8                    
70053220  _nop                               
70053224  fseek                              
70053228  remove                             
70053260  gCacheConfig                       
70053268  gMpuConfig                         
70053274  gMpuRegionConfig                   
700532d4  gCacheL1dCacheLineSize             
70053328  gADPLLJConfigTbl                   
70053884  gPeripheralClkSrcInfoMap           
70053b80  gCacheL1pCacheLineSize             
70053b91  HwiP_enableInt                     
70053bb9  HwiP_disableInt                    
70053beb  HwiP_restoreInt                    
70053c41  HwiP_clearInt                      
70053c61  HwiP_post                          
70053c89  HwiP_Params_init                   
70053c9b  HwiP_construct                     
70053de3  HwiP_destruct                      
70053eb5  HwiP_init                          
70053f77  HwiP_inISR                         
70053f93  HwiP_irq_handler_c                 
70054017  HwiP_fiq_handler                   
700540c7  HwiP_reserved_handler              
700540f5  HwiP_undefined_handler_c           
70054113  HwiP_user_undefined_handler_c      
70054127  HwiP_svc_handler                   
70054155  HwiP_prefetch_abort_handler_c      
700541cf  HwiP_user_prefetch_abort_handler_c 
700541df  HwiP_data_abort_handler_c          
7005425f  HwiP_user_data_abort_handler_c     
70054270  HwiP_irq_handler                   
700542e4  HwiP_data_abort_handler            
70054328  HwiP_prefetch_abort_handler        
70054374  HwiP_undefined_handler             
700543a4  GET_DFSR                           
700543ac  GET_ADFSR                          
700543b4  GET_DFAR                           
700543bc  GET_IFSR                           
700543c4  GET_AIFSR                          
700543cc  GET_IFAR                           
700543d4  GET_SPSR                           
700543ec  HwiP_disable                       
700543fc  HwiP_disableFIQ                    
7005440c  HwiP_enable                        
7005441c  HwiP_enableFIQ                     
7005442c  HwiP_restore                       
70054434  HwiP_enableVIC                     
70054444  HwiP_disableVIC                    
70054454  HwiP_getCPSR                       
70054468  CacheP_disableL1d                  
70054490  CacheP_disableL1p                  
700544a8  CacheP_enableL1d                   
700544c0  CacheP_enableL1p                   
700544d8  CacheP_invL1d                      
70054510  CacheP_invL1p                      
7005454c  CacheP_invL1dAll                   
70054554  CacheP_invL1pAll                   
7005455c  CacheP_wb                          
70054598  CacheP_wbInv                       
700545d4  CacheP_wbAll                       
7005467c  CacheP_wbInvAll                    
70054694  CacheP_wbInvAllAsm                 
70054734  CacheP_getEnabled                  
7005476c  CacheP_getCacheLevelInfo           
70054778  CacheP_configForceWrThru           
70054798  CacheP_setDLFO                     
700547a9  CacheP_init                        
70054801  CacheP_disable                     
7005483b  CacheP_enable                      
7005485b  CacheP_inv                         
70054899  MpuP_getAttrs                      
700548d9  MpuP_RegionAttrs_init              
700548e7  MpuP_setRegion                     
70054961  MpuP_isEnable                      
70054965  MpuP_disable                       
70054997  MpuP_enable                        
700549d3  MpuP_init                          
70054a35  MpuP_isUserAuthorizedToAccessMemory
70054a9c  MpuP_disableAsm                    
70054ab4  MpuP_disableBRAsm                  
70054ac4  MpuP_enableAsm                     
70054adc  MpuP_enableBRAsm                   
70054aec  MpuP_isEnableAsm                   
70054b00  MpuP_setRegionAsm                  
70054b28  _c_int00_sbl                       
70054b4c  _c_int00                           
70054c6d  _DebugP_assertNoLog                
70054c8b  _system_pre_init                   
70054ca7  __mpu_init                         
70054cb8  abort                              
70054cc0  _ftable                            
70054cc0  gEdmaConfig                        
70054cc0  gUartDmaHandle                     
70054e4c  _device                            
70054f3c  intr_pins                          
70054f9c  gUartParams                        
70054ff4  _stream                            
70055044  gClockConfig                       
7005505c  gSocModulesClockFrequency          
70055074  __TI_ft_end                        
70055078  gAddrTranslateConfig               
70055084  __TI_cleanup_ptr                   
70055088  __TI_dtors_ptr                     
7005508c  gSocModules                        
7005509c  gUartConfig                        
700550a4  _lock                              
700550b0  _unlock                            
700550b4  gDebugLogZone                      
700550b8  gDebugP_uartDrvIndex               
700550bc  gEdmaConfigNum                     
700550c0  gHwiConfig                         
700550c4  gUartConfigNum                     
700550c8  gUartDmaChConfig                   
700550cc  test                               
700550d0  isMapAvailable                     
700550d8  __IRQ_STACK_START                  
700551d8  __FIQ_STACK_START                  
700551d8  __IRQ_STACK_END                    
700552d8  __FIQ_STACK_END                    
700552d8  __SVC_STACK_START                  
700562d8  __ABORT_STACK_START                
700562d8  __SVC_STACK_END                    
700563d8  __ABORT_STACK_END                  
700563d8  __UNDEFINED_STACK_START            
700564d8  __UNDEFINED_STACK_END              
ffffffff  __TI_pprof_out_hndl                
ffffffff  __TI_prof_data_size                
ffffffff  __TI_prof_data_start               
ffffffff  __binit__                          
ffffffff  binit                              
UNDEFED   __TI_CINIT_Base                    
UNDEFED   __TI_CINIT_Limit                   
UNDEFED   __TI_Handler_Table_Base            
UNDEFED   __TI_Handler_Table_Limit           
UNDEFED   _system_post_cinit                 

[363 symbols]
