******************************************************************************
            TI ARM Clang Linker PC v4.0.2                      
******************************************************************************
>> Linked Thu Jun 19 10:50:14 2025

OUTPUT FILE NAME:   <second_stage_PDM_testing.out>
ENTRY POINT SYMBOL: "_vectors"  address: 00000000


MEMORY CONFIGURATION

         name            origin    length      used     unused   attr    fill
----------------------  --------  ---------  --------  --------  ----  --------
  R5F_VECS              00000000   00000040  00000040  00000000  RWIX
  R5F_TCMA              00000040   00007fc0  00000000  00007fc0  RWIX
  R5F_TCMB              00080000   00008000  00000000  00008000  RWIX
  MAILBOX_HSM           44000000   000003ce  00000000  000003ce  RWIX
  MAILBOX_R5F           44000400   000003ce  00000000  000003ce  RWIX
  FLASH                 60100000   00080000  00000000  00080000  RWIX
  SBL                   70000000   00040000  00000000  00040000  RWIX
  OCRAM                 70040000   00040000  0001f9a0  00020660  RWIX
  USER_SHM_MEM          701d0000   00004000  00000000  00004000  RWIX
  LOG_SHM_MEM           701d4000   00004000  00002000  00002000  RWIX
  RTOS_NORTOS_IPC_SHM_M 72000000   00003e80  00000000  00003e80  RWIX


SEGMENT ALLOCATION MAP

run origin  load origin   length   init length attrs members
----------  ----------- ---------- ----------- ----- -------
00000000    00000000    00000040   00000040    r-x
  00000000    00000000    00000040   00000040    r-x .vectors
70040000    70040000    0000e990   0000e990    r-x
  70040000    70040000    0000cca0   0000cca0    r-x .text
  7004cca0    7004cca0    00001cf0   00001cf0    r-- .rodata
7004e990    7004e990    0000e3c8   00000000    rw-
  7004e990    7004e990    000023c8   00000000    rw- .bss
  70050d58    70050d58    00008000   00000000    rw- .sysmem
  70058d58    70058d58    00004000   00000000    rw- .stack
7005cd58    7005cd58    00001130   00001130    r-x
  7005cd58    7005cd58    000008d8   000008d8    r-x .text.hwi
  7005d630    7005d630    00000430   00000430    r-x .text.cache
  7005da60    7005da60    00000290   00000290    r-x .text.mpu
  7005dcf0    7005dcf0    00000190   00000190    r-x .text.boot
  7005de80    7005de80    00000008   00000008    r-x .text:abort
7005de88    7005de88    00001b18   00000718    rw-
  7005de88    7005de88    00000718   00000718    rw- .data
  7005e5a0    7005e5a0    00000100   00000000    rw- .irqstack
  7005e6a0    7005e6a0    00000100   00000000    rw- .fiqstack
  7005e7a0    7005e7a0    00001000   00000000    rw- .svcstack
  7005f7a0    7005f7a0    00000100   00000000    rw- .abortstack
  7005f8a0    7005f8a0    00000100   00000000    rw- .undefinedstack


SECTION ALLOCATION MAP

 output                                  attributes/
section   page    origin      length       input sections
--------  ----  ----------  ----------   ----------------
.vectors   0    00000000    00000040     
                  00000000    00000040     nortos.am263px.r5f.ti-arm-clang.release.lib : HwiP_armv7r_vectors_nortos_asm.obj (.vectors)

.text      0    70040000    0000cca0     
                  70040000    00001328     libc.a : _scanfi.c.obj (.text.__TI_scanfi)
                  70041328    0000075a     ti_drivers_open_close.o (.text.Drivers_adcOpen)
                  70041a82    00000002     ti_board_config.o (.text.Board_deinit)
                  70041a84    00000580     nortos.am263px.r5f.ti-arm-clang.release.lib : printf.obj (.text._vsnprintf)
                  70042004    00000004     ti_board_open_close.o (.text.Board_driversOpen)
                  70042008    000004d4     libc.a : strtod.c.obj (.text.strtod)
                  700424dc    000004cc     drivers.am263px.r5f.ti-arm-clang.release.lib : soc_rcm.obj (.text.SOC_rcmEnablePeripheralClock)
                  700429a8    00000400     nortos.am263px.r5f.ti-arm-clang.release.lib : printf.obj (.text._ftoa)
                  70042da8    000003d8     testing.o (.text.conduct_test)
                  70043180    00000390     libc.a : strcmp32.S.obj (.text:strcmp)
                  70043510    00000310     nortos.am263px.r5f.ti-arm-clang.release.lib : printf.obj (.text._etoa)
                  70043820    000002a8     drivers.am263px.r5f.ti-arm-clang.release.lib : uart_v0.obj (.text.UART_open)
                  70043ac8    00000298                                                  : mcspi_v0.obj (.text.MCSPI_open)
                  70043d60    0000027c                                                  : edma.obj (.text.EDMA_init)
                  70043fdc    0000027c     libc.a : strtoll.c.obj (.text.strtoll)
                  70044258    00000250     drivers.am263px.r5f.ti-arm-clang.release.lib : soc_rcm.obj (.text.SOC_rcmSetPeripheralClock)
                  700444a8    00000248     libc.a : strtoull.c.obj (.text.strtoull)
                  700446f0    0000023c     drivers.am263px.r5f.ti-arm-clang.release.lib : uart_v0_lld.obj (.text.UART_configInstance)
                  7004492c    00000230                                                  : mcspi_dma_edma.obj (.text.MCSPI_lld_dmaTransfer)
                  70044b5c    0000020c                                                  : edma.obj (.text.EDMA_errorIsrFxn)
                  70044d68    0000020c                                                  : mcspi_v0_lld.obj (.text.MCSPI_transferControllerPoll)
                  70044f74    00000204                                                  : edma.obj (.text.EDMA_freeChannelRegion)
                  70045178    000001f8     libc.a : strtol.c.obj (.text.strtol)
                  70045370    000001ec            : strtoul.c.obj (.text.strtoul)
                  7004555c    000001e8     drivers.am263px.r5f.ti-arm-clang.release.lib : mcspi_v0_lld.obj (.text.MCSPI_lld_controllerIsr)
                  70045744    000001e2     ti_drivers_config.o (.text.GPIO_init)
                  70045926    00000002     ti_board_config.o (.text.Board_init)
                  70045928    000001d0     libclang_rt.builtins.a : udivsi3.S.obj (.text.__udivsi3)
                  70045af8    000001c0     drivers.am263px.r5f.ti-arm-clang.release.lib : mcspi_dma_edma.obj (.text.MCSPI_lld_dmaChInit)
                  70045cb8    000001a8                                                  : mcspi_v0_lld.obj (.text.MCSPI_lld_chConfig)
                  70045e60    000001a8     libc.a : memory.c.obj (.text.free)
                  70046008    000001a4            : memory.c.obj (.text.aligned_alloc)
                  700461ac    00000194     drivers.am263px.r5f.ti-arm-clang.release.lib : uart_dma_edma.obj (.text.UART_lld_dmaInit)
                  70046340    00000190                                                  : mcspi_v0.obj (.text.MCSPI_transfer)
                  700464d0    00000164                                                  : edma.obj (.text.EDMA_open)
                  70046634    00000160                                                  : edma.obj (.text.EDMA_deinit)
                  70046794    00000004     nortos.am263px.r5f.ti-arm-clang.release.lib : ClockP_nortos_r5.obj (.text.ClockP_getTimerCount)
                  70046798    00000150     libc.a : s_scalbn.c.obj (.text.scalbn)
                  700468e8    0000014e     drivers.am263px.r5f.ti-arm-clang.release.lib : uart_dma_edma.obj (.text.UART_lld_dmaDeInit)
                  70046a36    0000014c                                                  : mcspi_dma_edma.obj (.text.MCSPI_lld_dmaDeInit)
                  70046b82    00000002     nortos.am263px.r5f.ti-arm-clang.release.lib : DebugP_nortos.obj (.text.DebugP_shmLogReaderTaskCreate)
                  70046b84    00000144     libc.a : setvbuf.c.obj (.text.setvbuf)
                  70046cc8    00000140     nortos.am263px.r5f.ti-arm-clang.release.lib : TimerP_rti_priv.obj (.text.TimerP_setupPriv)
                  70046e08    0000013c     drivers.am263px.r5f.ti-arm-clang.release.lib : soc.obj (.text.SOC_virtToPhy)
                  70046f44    00000138                                                  : uart_v0.obj (.text.UART_close)
                  7004707c    00000134                                                  : mcspi_v0_lld.obj (.text.MCSPI_lld_readWrite)
                  700471b0    00000132     nortos.am263px.r5f.ti-arm-clang.release.lib : printf.obj (.text._ntoa_format)
                  700472e2    0000011c     drivers.am263px.r5f.ti-arm-clang.release.lib : mcspi_v0_lld.obj (.text.MCSPI_lld_readWriteIntr)
                  700473fe    0000011a                                                  : uart_v0_lld.obj (.text.UART_lld_controllerIsr)
                  70047518    00000118                                                  : edma.obj (.text.Alloc_resource)
                  70047630    00000118     libclang_rt.builtins.a : udivmoddi4.S.obj (.text)
                  70047748    00000114     drivers.am263px.r5f.ti-arm-clang.release.lib : soc_rcm.obj (.text.SOC_rcmGetPeripheralClockFrequency)
                  7004785c    0000010e                                                  : uart_v0_lld.obj (.text.UART_lld_write)
                  7004796a    0000010a     board.o (.text.init_gpio)
                  70047a74    00000108     drivers.am263px.r5f.ti-arm-clang.release.lib : edma.obj (.text.EDMA_transferCompletionMasterIsrFxn)
                  70047b7c    00000108                                                  : uart_v0.obj (.text.UART_read)
                  70047c84    00000106                                                  : mcspi_v0_lld.obj (.text.MCSPI_continuePeripheralTxRx)
                  70047d8a    00000104     nortos.am263px.r5f.ti-arm-clang.release.lib : ClockP_nortos_r5.obj (.text.ClockP_init)
                  70047e8e    00000002     ti_dpl_config.o (.text.Dpl_deinit)
                  70047e90    00000104     drivers.am263px.r5f.ti-arm-clang.release.lib : uart_dma_edma.obj (.text.UART_lld_dmaWrite)
                  70047f94    00000100                                                  : mcspi_v0.obj (.text.MCSPI_close)
                  70048094    000000fc                                                  : uart_v0.obj (.text.UART_write)
                  70048190    000000f4                                                  : mcspi_v0_lld.obj (.text.MCSPI_lld_initDma)
                  70048284    000000f4     int_adc.o (.text.read_int_ADC)
                  70048378    000000f0     PDMtesting.o (.text.PDM_testing)
                  70048468    000000f0     libc.a : fputc.c.obj (.text.fputc)
                  70048558    000000e6     drivers.am263px.r5f.ti-arm-clang.release.lib : mcspi_dma_edma.obj (.text.MCSPI_edmaIsrTx)
                  7004863e    000000e6                                                  : mcspi_v0_lld.obj (.text.MCSPI_lld_readWriteDma)
                  70048724    000000d6     board.o (.text.GPIO_bankIsrFxn)
                  700487fa    00000002     nortos.am263px.r5f.ti-arm-clang.release.lib : SemaphoreP_nortos.obj (.text.SemaphoreP_destruct)
                  700487fc    000000d4     libc.a : sscanf.c.obj (.text._chkmbc)
                  700488d0    000000d2     logger.o (.text.print_log)
                  700489a2    00000002     nortos.am263px.r5f.ti-arm-clang.release.lib : TaskP_nortos.obj (.text.TaskP_yield)
                  700489a4    000000d0     drivers.am263px.r5f.ti-arm-clang.release.lib : edma.obj (.text.EDMA_unregisterIntr)
                  70048a74    000000d0     ti_drivers_config.o (.text.GPIO_deinit)
                  70048b44    000000cc     drivers.am263px.r5f.ti-arm-clang.release.lib : uart_v0_lld.obj (.text.UART_lld_initDma)
                  70048c10    000000c8     libc.a : getdevice.c.obj (.text.getdevice)
                  70048cd8    000000c4     drivers.am263px.r5f.ti-arm-clang.release.lib : mcspi_v0_lld.obj (.text.MCSPI_lld_init)
                  70048d9c    000000c0                                                  : uart_v0_lld.obj (.text.UART_lld_init)
                  70048e5c    000000bc                                                  : edma.obj (.text.EDMA_registerIntr)
                  70048f18    000000b4     libc.a : fseek.c.obj (.text.fseeko)
                  70048fcc    000000b0            : fclose.c.obj (.text.__TI_closefile)
                  7004907c    000000b0     nortos.am263px.r5f.ti-arm-clang.release.lib : printf.obj (.text._ntoa_long_long)
                  7004912c    000000ac     drivers.am263px.r5f.ti-arm-clang.release.lib : soc_rcm.obj (.text.SOC_rcmGetCoreHSDivOut)
                  700491d8    000000ac                                                  : uart_v0_lld.obj (.text.UART_divisorLatchWrite)
                  70049284    000000a8     nortos.am263px.r5f.ti-arm-clang.release.lib : DebugP_uartScanf.obj (.text.DebugP_readLine)
                  7004932c    000000a6     drivers.am263px.r5f.ti-arm-clang.release.lib : mcspi_dma_edma.obj (.text.MCSPI_edmaIsrRx)
                  700493d2    000000a6                                                  : uart_v0_lld.obj (.text.UART_lld_read)
                  70049478    000000a6     nortos.am263px.r5f.ti-arm-clang.release.lib : printf.obj (.text._out_rev)
                  7004951e    000000a6     board.o (.text.init_global_interrupts)
                  700495c4    000000a4     libc.a : memory.c.obj (.text.split)
                  70049668    000000a0     drivers.am263px.r5f.ti-arm-clang.release.lib : edma.obj (.text.EDMA_freeDmaChannel)
                  70049708    000000a0                                                  : edma.obj (.text.EDMA_freeParam)
                  700497a8    000000a0                                                  : edma.obj (.text.EDMA_freeTcc)
                  70049848    000000a0     libsysbm.a : hostrename.c.obj (.text.HOSTrename)
                  700498e8    000000a0     drivers.am263px.r5f.ti-arm-clang.release.lib : uart_dma_edma.obj (.text.UART_lld_dmaRead)
                  70049988    0000009c                                                  : uart_v0_lld.obj (.text.UART_lld_readIntr)
                  70049a24    0000009c     libc.a : _io_perm.c.obj (.text.__TI_wrt_ok)
                  70049ac0    00000098     libsysbm.a : hostlseek.c.obj (.text.HOSTlseek)
                  70049b58    00000096     nortos.am263px.r5f.ti-arm-clang.release.lib : SemaphoreP_nortos.obj (.text.SemaphoreP_pend)
                  70049bee    00000094     drivers.am263px.r5f.ti-arm-clang.release.lib : edma.obj (.text.EDMA_configureChannelRegion)
                  70049c82    00000002                                                  : uart_dma_edma.obj (.text.UART_edmaDoNothing)
                  70049c84    00000094     libsysbm.a : hostopen.c.obj (.text.HOSTopen)
                  70049d18    00000094     drivers.am263px.r5f.ti-arm-clang.release.lib : uart_v0_lld.obj (.text.UART_lld_readWithCounter)
                  70049dac    00000090                                                  : mcspi_v0_lld.obj (.text.MCSPI_setFifoConfig)
                  70049e3c    00000090     ADS_adc.o (.text.SPI_ReadWrite)
                  70049ecc    0000008e     nortos.am263px.r5f.ti-arm-clang.release.lib : printf.obj (.text._ntoa_long)
                  70049f5a    0000008c     ti_drivers_open_close.o (.text.Drivers_open)
                  70049fe6    0000008c     drivers.am263px.r5f.ti-arm-clang.release.lib : mcspi_v0_lld.obj (.text.MCSPI_lld_peripheralIsr)
                  7004a072    00000002                                                  : uart_v0.obj (.text.UART_lld_errorCallback)
                  7004a074    0000008c     libsysbm.a : close.c.obj (.text.close)
                  7004a100    00000088     drivers.am263px.r5f.ti-arm-clang.release.lib : adc.obj (.text.ADC_setPPBTripLimits)
                  7004a188    00000088                                                  : uart_v0.obj (.text.UART_init)
                  7004a210    00000088                                                  : uart_v0_lld.obj (.text.UART_procLineStatusErr)
                  7004a298    00000088     libc.a : fflush.c.obj (.text.__TI_doflush)
                  7004a320    00000084     libsysbm.a : hostread.c.obj (.text.HOSTread)
                  7004a3a4    00000084                : hostwrite.c.obj (.text.HOSTwrite)
                  7004a428    00000084     drivers.am263px.r5f.ti-arm-clang.release.lib : mcspi_v0_lld.obj (.text.MCSPI_setPeripheralFifoConfig)
                  7004a4ac    00000080                                                  : edma.obj (.text.EDMA_close)
                  7004a52c    00000080                                                  : uart_v0.obj (.text.UART_flushTxFifo)
                  7004a5ac    0000007e     ti_drivers_open_close.o (.text.Drivers_mcspiOpen)
                  7004a62a    0000007e     drivers.am263px.r5f.ti-arm-clang.release.lib : mcspi_v0_lld.obj (.text.MCSPI_fifoRead)
                  7004a6a8    0000007e                                                  : mcspi_v0_lld.obj (.text.MCSPI_transferPeripheralPoll)
                  7004a726    0000007a                                                  : mcspi_v0_lld.obj (.text.MCSPI_initiateLastChunkTransfer)
                  7004a7a0    00000078                                                  : mcspi_v0.obj (.text.MCSPI_init)
                  7004a818    00000076                                                  : uart_v0_lld.obj (.text.UART_readDataPolling)
                  7004a88e    00000072                                                  : mcspi_v0_lld.obj (.text.MCSPI_fifoWrite)
                  7004a900    00000072                                                  : mcspi_v0_lld.obj (.text.MCSPI_stop)
                  7004a972    00000070                                                  : mcspi_dma_edma.obj (.text.MCSPI_lld_dmaStop)
                  7004a9e2    0000006e                                                  : edma.obj (.text.EDMA_disableTransferRegion)
                  7004aa50    0000006e                                                  : edma.obj (.text.EDMA_enableTransferRegion)
                  7004aabe    00000002     nortos.am263px.r5f.ti-arm-clang.release.lib : printf.obj (.text._out_null)
                  7004aac0    0000006c     libsysbm.a : hostunlink.c.obj (.text.HOSTunlink)
                  7004ab2c    0000006c     drivers.am263px.r5f.ti-arm-clang.release.lib : uart_v0_lld.obj (.text.UART_lld_writeDma)
                  7004ab98    00000068                                                  : uart_v0_lld.obj (.text.UART_lld_readDma)
                  7004ac00    00000068                                                  : uart_v0_lld.obj (.text.UART_lld_writeIntr)
                  7004ac68    00000068     libc.a : atoi.c.obj (.text.atoi)
                  7004acd0    00000068     board.o (.text.digitalWrite)
                  7004ad38    00000066     nortos.am263px.r5f.ti-arm-clang.release.lib : PmuP_armv7r.obj (.text.pmu)
                  7004ad9e    00000002     --HOLE-- [fill = 0]
                  7004ada0    00000064     drivers.am263px.r5f.ti-arm-clang.release.lib : soc.obj (.text.SOC_controlModuleUnlockMMR)
                  7004ae04    00000064     logger.o (.text.add_log)
                  7004ae68    00000060     libsysbm.a : hostclose.c.obj (.text.HOSTclose)
                  7004aec8    0000005e     nortos.am263px.r5f.ti-arm-clang.release.lib : ClockP_nortos.obj (.text.ClockP_timerTickIsr)
                  7004af26    0000005e     drivers.am263px.r5f.ti-arm-clang.release.lib : mcspi_v0_lld.obj (.text.MCSPI_setChDataSize)
                  7004af84    0000005c                                                  : gpio.obj (.text.GPIO_setTrigType)
                  7004afe0    0000005c                                                  : mcspi_v0_lld.obj (.text.MCSPI_configInstance)
                  7004b03c    0000005c                                                  : soc.obj (.text.SOC_controlModuleLockMMR)
                  7004b098    0000005c     nortos.am263px.r5f.ti-arm-clang.release.lib : DebugP_log.obj (.text._DebugP_assert)
                  7004b0f4    00000058     drivers.am263px.r5f.ti-arm-clang.release.lib : mcspi_dma_edma.obj (.text.MCSPI_edmaUpdateTransferParams)
                  7004b14c    00000058     libc.a : fopen.c.obj (.text.__TI_cleanup)
                  7004b1a4    00000058     libsysbm.a : trgmsg.c.obj (.text.__TI_readmsg)
                  7004b1fc    00000058                : trgmsg.c.obj (.text.__TI_writemsg)
                  7004b254    00000058     board.o (.text.init_interrupt)
                  7004b2ac    00000058     logger.o (.text.print_pending_logs)
                  7004b304    00000056     nortos.am263px.r5f.ti-arm-clang.release.lib : ClockP_nortos.obj (.text.ClockP_getTimeUsec)
                  7004b35a    00000056     drivers.am263px.r5f.ti-arm-clang.release.lib : uart_v0_lld.obj (.text.UART_intrDisable)
                  7004b3b0    00000056                                                  : uart_v0_lld.obj (.text.UART_readCancelNoCB)
                  7004b406    00000056                                                  : uart_v0_lld.obj (.text.UART_writeCancelNoCB)
                  7004b45c    00000054     ti_dpl_config.o (.text.Dpl_init)
                  7004b4b0    00000054     libc.a : exit.c.obj (.text.exit)
                  7004b504    00000054            : getdevice.c.obj (.text.finddevice)
                  7004b558    00000054            : autoinit.c.obj (.text:__TI_auto_init_nobinit_nopinit)
                  7004b5ac    00000052     nortos.am263px.r5f.ti-arm-clang.release.lib : AddrTranslateP_32bit.obj (.text.AddrTranslateP_getLocalAddr)
                  7004b5fe    00000052     drivers.am263px.r5f.ti-arm-clang.release.lib : mcspi_v0_lld.obj (.text.MCSPI_lld_deInitDma)
                  7004b650    00000050     nortos.am263px.r5f.ti-arm-clang.release.lib : ClockP_nortos.obj (.text.ClockP_construct)
                  7004b6a0    00000050     drivers.am263px.r5f.ti-arm-clang.release.lib : edma.obj (.text.EDMA_allocDmaChannel)
                  7004b6f0    00000050                                                  : edma.obj (.text.EDMA_allocParam)
                  7004b740    00000050                                                  : edma.obj (.text.EDMA_allocTcc)
                  7004b790    0000004e     nortos.am263px.r5f.ti-arm-clang.release.lib : ClockP_nortos.obj (.text.ClockP_addToList)
                  7004b7de    0000004e     ti_drivers_open_close.o (.text.Drivers_edmaOpen)
                  7004b82c    0000004e     ti_drivers_open_close.o (.text.Drivers_uartOpen)
                  7004b87a    0000004e     drivers.am263px.r5f.ti-arm-clang.release.lib : edma.obj (.text.EDMA_disableChInShadowRegRegion)
                  7004b8c8    0000004c                                                  : mcspi_v0.obj (.text.MCSPI_transferCallback)
                  7004b914    0000004c                                                  : mcspi_v0_lld.obj (.text.MCSPI_transferControllerIntr)
                  7004b960    0000004c                                                  : soc.obj (.text.SOC_enableAdcReferenceMonitor)
                  7004b9ac    00000048                                                  : soc.obj (.text.SOC_enableAdcGlobalForce)
                  7004b9f4    00000048                                                  : soc.obj (.text.SOC_enableAdcInternalReference)
                  7004ba3c    00000048                                                  : uart_dma_edma.obj (.text.UART_edmaIsrRx)
                  7004ba84    00000048     libsysbm.a : unlink.c.obj (.text.unlink)
                  7004bacc    00000046     drivers.am263px.r5f.ti-arm-clang.release.lib : uart_dma_edma.obj (.text.UART_edmaIsrTx)
                  7004bb12    00000002     --HOLE-- [fill = 0]
                  7004bb14    00000044                                                  : soc.obj (.text.SOC_getAdcReferenceStatus)
                  7004bb58    00000044                                                  : uart_v0.obj (.text.UART_Params_init)
                  7004bb9c    00000044                                                  : uart_v0_lld.obj (.text.UART_lld_deInitDma)
                  7004bbe0    00000040     nortos.am263px.r5f.ti-arm-clang.release.lib : ClockP_nortos.obj (.text.ClockP_stop)
                  7004bc20    00000040     drivers.am263px.r5f.ti-arm-clang.release.lib : edma.obj (.text.EDMA_mapChToEvtQ)
                  7004bc60    00000040                                                  : pinmux.obj (.text.Pinmux_config)
                  7004bca0    00000040     nortos.am263px.r5f.ti-arm-clang.release.lib : SemaphoreP_nortos.obj (.text.SemaphoreP_constructBinary)
                  7004bce0    00000040     drivers.am263px.r5f.ti-arm-clang.release.lib : uart_v0_lld.obj (.text.UART_lld_deInit)
                  7004bd20    00000040     libc.a : memory.c.obj (.text.free_list_insert)
                  7004bd60    0000003e     nortos.am263px.r5f.ti-arm-clang.release.lib : SemaphoreP_nortos.obj (.text.SemaphoreP_constructMutex)
                  7004bd9e    00000002     --HOLE-- [fill = 0]
                  7004bda0    0000003c     drivers.am263px.r5f.ti-arm-clang.release.lib : edma.obj (.text.EDMA_getBaseAddr)
                  7004bddc    0000003c                                                  : uart_v0_lld.obj (.text.UART_readData)
                  7004be18    0000003a     nortos.am263px.r5f.ti-arm-clang.release.lib : ClockP_nortos.obj (.text.ClockP_destruct)
                  7004be52    0000003a                                                 : DebugP_uartLogWriter.obj (.text.DebugP_uartLogWriterPutChar)
                  7004be8c    0000003a     ti_power_clock_config.o (.text.Module_clockSetFrequency)
                  7004bec6    0000003a     drivers.am263px.r5f.ti-arm-clang.release.lib : uart_v0_lld.obj (.text.UART_lld_flushTxFifo)
                  7004bf00    00000038                                                  : soc_rcm.obj (.text.SOC_rcmADPLLJGetFOut)
                  7004bf38    00000038     nortos.am263px.r5f.ti-arm-clang.release.lib : DebugP_nortos.obj (.text._DebugP_logZone)
                  7004bf70    00000038                                                 : PmuP_armv7r_asm.obj (.text.pmu)
                  7004bfa8    00000036     drivers.am263px.r5f.ti-arm-clang.release.lib : edma.obj (.text.EDMA_clrMissEvtRegion)
                  7004bfde    00000034     nortos.am263px.r5f.ti-arm-clang.release.lib : ClockP_nortos.obj (.text.ClockP_start)
                  7004c012    00000034     drivers.am263px.r5f.ti-arm-clang.release.lib : mcspi_v0.obj (.text.MCSPI_errorCallback)
                  7004c046    00000034     ti_power_clock_config.o (.text.Module_clockDisable)
                  7004c07a    00000034     ti_power_clock_config.o (.text.Module_clockEnable)
                  7004c0ae    00000002     --HOLE-- [fill = 0]
                  7004c0b0    00000034     drivers.am263px.r5f.ti-arm-clang.release.lib : soc.obj (.text.SOC_enableAdcDacLoopback)
                  7004c0e4    00000034                                                  : soc_rcm.obj (.text.SOC_rcmGetModuleClkDivVal)
                  7004c118    00000034     libc.a : memory.c.obj (.text.free_list_remove)
                  7004c14c    00000034     libsysbm.a : lseek.c.obj (.text.lseek)
                  7004c180    00000034                : write.c.obj (.text.write)
                  7004c1b4    00000032     nortos.am263px.r5f.ti-arm-clang.release.lib : ClockP_nortos.obj (.text.ClockP_usleep)
                  7004c1e6    00000032     drivers.am263px.r5f.ti-arm-clang.release.lib : edma.obj (.text.EDMA_unmapChToEvtQ)
                  7004c218    00000032     nortos.am263px.r5f.ti-arm-clang.release.lib : SemaphoreP_nortos.obj (.text.SemaphoreP_post)
                  7004c24a    00000030                                                 : DebugP_uartScanf.obj (.text.DebugP_scanf)
                  7004c27a    00000030     drivers.am263px.r5f.ti-arm-clang.release.lib : uart_v0.obj (.text.UART_lld_writeCompleteCallback)
                  7004c2aa    00000002     --HOLE-- [fill = 0]
                  7004c2ac    00000030     int_adc.o (.text.adc_to_current_LM74930)
                  7004c2dc    0000002e     drivers.am263px.r5f.ti-arm-clang.release.lib : edma.obj (.text.EDMA_enableChInShadowRegRegion)
                  7004c30a    0000002e                                                  : uart_v0.obj (.text.UART_lld_readCompleteCallback)
                  7004c338    0000002c     nortos.am263px.r5f.ti-arm-clang.release.lib : DebugP_shmLogReader.obj (.text.DebugP_shmLogReaderInit)
                  7004c364    0000002c     drivers.am263px.r5f.ti-arm-clang.release.lib : soc_rcm.obj (.text.SOC_rcmGetR5Clock)
                  7004c390    0000002c                                                  : uart_v0.obj (.text.UART_getHandle)
                  7004c3bc    0000002c     ADS_adc.o (.text.adc_to_current_HSS_MB)
                  7004c3e8    0000002c     ADS_adc.o (.text.adc_to_current_TPS)
                  7004c414    0000002c     libc.a : sscanf.c.obj (.text.vsscanf)
                  7004c440    0000002a     ti_drivers_config.o (.text.System_init)
                  7004c46a    00000028     nortos.am263px.r5f.ti-arm-clang.release.lib : ClockP_nortos.obj (.text.ClockP_sleepTicks)
                  7004c492    00000028     drivers.am263px.r5f.ti-arm-clang.release.lib : gpio.obj (.text.GPIO_setDirMode)
                  7004c4ba    00000028                                                  : mcspi_v0_lld.obj (.text.MCSPI_fifoReadMultiWord)
                  7004c4e2    00000002     --HOLE-- [fill = 0]
                  7004c4e4    00000028                                                  : soc.obj (.text.SOC_moduleSetClockFrequency)
                  7004c50c    00000028     ADS_adc.o (.text.read_ext_ADC)
                  7004c534    00000026     nortos.am263px.r5f.ti-arm-clang.release.lib : ClockP_nortos.obj (.text.ClockP_sleep)
                  7004c55a    00000026     drivers.am263px.r5f.ti-arm-clang.release.lib : edma.obj (.text.EDMA_setPaRAM)
                  7004c580    00000026                                                  : uart_dma_edma.obj (.text.UART_lld_dmaDisableChannel)
                  7004c5a6    00000024                                                  : mcspi_v0_lld.obj (.text.MCSPI_fifoWriteMultiWord)
                  7004c5ca    00000002     --HOLE-- [fill = 0]
                  7004c5cc    00000024                                                  : uart_v0_lld.obj (.text.UART_IsHWFlowCtrlValid)
                  7004c5f0    00000024                                                  : uart_v0_lld.obj (.text.UART_IsRxTrigLvlValid)
                  7004c614    00000024                                                  : uart_v0_lld.obj (.text.UART_IsTxTrigLvlValid)
                  7004c638    00000024     libclang_rt.builtins.a : aeabi_uldivmod.S.obj (.text.__aeabi_uldivmod)
                  7004c65c    00000024     int_adc.o (.text.int_adc_to_voltage)
                  7004c680    00000024     nortos.am263px.r5f.ti-arm-clang.release.lib : printf.obj (.text.vprintf_)
                  7004c6a4    00000022     drivers.am263px.r5f.ti-arm-clang.release.lib : edma.obj (.text.EDMA_linkChannel)
                  7004c6c6    00000022                                                  : mcspi_v0_lld.obj (.text.MCSPI_transferPeripheralIntr)
                  7004c6e8    00000022     logger.o (.text.print_logs)
                  7004c70a    00000020     nortos.am263px.r5f.ti-arm-clang.release.lib : DebugP_log.obj (.text.DebugP_logZoneEnable)
                  7004c72a    00000020     drivers.am263px.r5f.ti-arm-clang.release.lib : mcspi_v0_lld.obj (.text.MCSPI_fifoRead32)
                  7004c74a    00000020     nortos.am263px.r5f.ti-arm-clang.release.lib : TimerP_rti_priv.obj (.text.TimerP_Params_initPriv)
                  7004c76a    00000020     drivers.am263px.r5f.ti-arm-clang.release.lib : uart_v0_lld.obj (.text.UART_getChar)
                  7004c78a    00000002     --HOLE-- [fill = 0]
                  7004c78c    00000020     ADS_adc.o (.text.ext_adc_to_voltage)
                  7004c7ac    0000001e     ti_drivers_config.o (.text.System_deinit)
                  7004c7ca    0000001e     drivers.am263px.r5f.ti-arm-clang.release.lib : uart_v0_lld.obj (.text.UART_spaceAvail)
                  7004c7e8    0000001e                                                  : uart_v0_lld.obj (.text.UART_statusIsDataReady)
                  7004c806    0000001c                                                  : mcspi_v0_lld.obj (.text.MCSPI_fifoWrite32)
                  7004c822    0000001c                                                  : mcspi_v0_lld.obj (.text.MCSPI_getFifoTrigLvl)
                  7004c83e    0000001c                                                  : mcspi_v0_lld.obj (.text.MCSPI_lld_deInit)
                  7004c85a    00000002     --HOLE-- [fill = 0]
                  7004c85c    0000001c                                                  : soc_rcm.obj (.text.SOC_rcmIsR5FInLockStepMode)
                  7004c878    0000001c     libc.a : sscanf.c.obj (.text._inpchar)
                  7004c894    0000001c     main.o (.text.main)
                  7004c8b0    0000001c     libsysbm.a : hostrename.c.obj (.text.strcpy)
                  7004c8cc    0000001c                : hostrename.c.obj (.text.strlen)
                  7004c8e8    0000001c     libc.a : memcpy32.S.obj (.text:TI_memcpy_small)
                  7004c904    0000001a     nortos.am263px.r5f.ti-arm-clang.release.lib : CpuId_armv7r.obj (.text.CSL_armR5GetCpuID)
                  7004c91e    0000001a     drivers.am263px.r5f.ti-arm-clang.release.lib : edma.obj (.text.EDMA_readEventStatusRegion)
                  7004c938    0000001a                                                  : uart_v0_lld.obj (.text.UART_enhanFuncEnable)
                  7004c952    00000002     --HOLE-- [fill = 0]
                  7004c954    00000018                                                  : mcspi_v0.obj (.text.MCSPI_deinit)
                  7004c96c    00000018                                                  : mcspi_dma_edma.obj (.text.MCSPI_lld_dmaInit)
                  7004c984    00000018     nortos.am263px.r5f.ti-arm-clang.release.lib : TimerP_rti_priv.obj (.text.TimerP_getCountPriv)
                  7004c99c    00000018     drivers.am263px.r5f.ti-arm-clang.release.lib : uart_v0.obj (.text.UART_deinit)
                  7004c9b4    00000018     logger.o (.text.clear_logs)
                  7004c9cc    00000018     libc.a : memset32.S.obj (.text:TI_memset_small)
                  7004c9e4    00000016     drivers.am263px.r5f.ti-arm-clang.release.lib : mcspi_v0_lld.obj (.text.MCSPI_reset)
                  7004c9fa    00000016                                                  : uart_v0_lld.obj (.text.UART_IsTxRxFifoEmpty)
                  7004ca10    00000016                                                  : uart_v0_lld.obj (.text.UART_getIntrIdentityStatus)
                  7004ca26    00000016                                                  : uart_v0_lld.obj (.text.UART_getRxError)
                  7004ca3c    00000014     nortos.am263px.r5f.ti-arm-clang.release.lib : ClockP_nortos.obj (.text.ClockP_usecToTicks)
                  7004ca50    00000014     drivers.am263px.r5f.ti-arm-clang.release.lib : edma.obj (.text.EDMA_getRegionId)
                  7004ca64    00000014                                                  : uart_v0.obj (.text.UART_Transaction_init)
                  7004ca78    00000014                                                  : uart_v0_lld.obj (.text.UART_enhanFuncBitValRestore)
                  7004ca8c    00000012                                                  : adc.obj (.text.ADC_setMode)
                  7004ca9e    00000012                                                  : uart_v0_lld.obj (.text.UART_hardwareFlowCtrlOptSet)
                  7004cab0    00000012                                                  : uart_v0_lld.obj (.text.UART_operatingModeSelect)
                  7004cac2    00000012                                                  : uart_v0_lld.obj (.text.UART_readLineStatus)
                  7004cad4    00000012     ti_dpl_config.o (.text.putchar_)
                  7004cae6    00000010     drivers.am263px.r5f.ti-arm-clang.release.lib : gpio.obj (.text.GPIO_bankIntrDisable)
                  7004caf6    00000010                                                  : uart_v0_lld.obj (.text.UART_intr2Disable)
                  7004cb06    00000002     --HOLE-- [fill = 0]
                  7004cb08    00000010     libclang_rt.builtins.a : aeabi_memset.S.obj (.text.__aeabi_memset)
                  7004cb18    00000010     libc.a : sscanf.c.obj (.text._uninpchar)
                  7004cb28    00000010            : fputc.c.obj (.text.putchar)
                  7004cb38    0000000e     drivers.am263px.r5f.ti-arm-clang.release.lib : edma.obj (.text.EDMA_ccPaRAMEntry_init)
                  7004cb46    0000000e                                                  : gpio.obj (.text.GPIO_bankIntrEnable)
                  7004cb54    0000000e     ti_pinmux_config.o (.text.Pinmux_init)
                  7004cb62    0000000e     ti_power_clock_config.o (.text.PowerClock_init)
                  7004cb70    0000000c     nortos.am263px.r5f.ti-arm-clang.release.lib : ClockP_nortos.obj (.text.ClockP_getTicks)
                  7004cb7c    0000000c                                                 : DebugP_uartLogWriter.obj (.text.DebugP_uartSetDrvIndex)
                  7004cb88    0000000c     drivers.am263px.r5f.ti-arm-clang.release.lib : edma.obj (.text.EDMA_isInitialized)
                  7004cb94    0000000c                                                  : soc.obj (.text.SOC_getSelfCpuClk)
                  7004cba0    0000000c     libc.a : aeabi_portable.c.obj (.text.__aeabi_errno_addr)
                  7004cbac    0000000c     libclang_rt.builtins.a : aeabi_memset.S.obj (.text.__aeabi_memclr)
                  7004cbb8    0000000c     libc.a : memory.c.obj (.text.malloc)
                  7004cbc4    0000000c     nortos.am263px.r5f.ti-arm-clang.release.lib : CpuId_armv7r_asm.obj (.text)
                  7004cbd0    0000000a                                                 : ClockP_nortos.obj (.text.ClockP_Params_init)
                  7004cbda    00000006     drivers.am263px.r5f.ti-arm-clang.release.lib : edma.obj (.text.EDMA_isInterruptEnabled)
                  7004cbe0    0000000c     libc.a : strcmp32.S.obj (.text)
                  7004cbec    0000000a     nortos.am263px.r5f.ti-arm-clang.release.lib : ClockP_nortos.obj (.text.ClockP_isActive)
                  7004cbf6    0000000a                                                 : TimerP_rti_priv.obj (.text.TimerP_getReloadCountPriv)
                  7004cc00    0000000a                                                 : TimerP_rti_priv.obj (.text.TimerP_startPriv)
                  7004cc0a    0000000a     drivers.am263px.r5f.ti-arm-clang.release.lib : uart_v0_lld.obj (.text.UART_lld_Transaction_deInit)
                  7004cc14    00000008     libsysbm.a : hostexit.c.obj (.text.HOSTexit)
                  7004cc1c    00000008     nortos.am263px.r5f.ti-arm-clang.release.lib : TimerP_rti_priv.obj (.text.TimerP_clearOverflowIntPriv)
                  7004cc24    00000008                                                 : printf.obj (.text._out_char)
                  7004cc2c    00000006     drivers.am263px.r5f.ti-arm-clang.release.lib : soc.obj (.text.SOC_moduleClockEnable)
                  7004cc32    00000006                                                  : soc_rcm.obj (.text.SOC_rcmGetCR5SysclkInFrequency)
                  7004cc38    00000004     nortos.am263px.r5f.ti-arm-clang.release.lib : ClockP_nortos_r5.obj (.text.ClockP_timerClearOverflowInt)
                  7004cc3c    00000004     ti_power_clock_config.o (.text.PowerClock_deinit)
                  7004cc40    00000004     nortos.am263px.r5f.ti-arm-clang.release.lib : TimerP_rti_nortos.obj (.text.TimerP_Params_init)
                  7004cc44    00000004                                                 : TimerP_rti_nortos.obj (.text.TimerP_clearOverflowInt)
                  7004cc48    00000004                                                 : TimerP_rti_nortos.obj (.text.TimerP_getCount)
                  7004cc4c    00000004                                                 : TimerP_rti_nortos.obj (.text.TimerP_getReloadCount)
                  7004cc50    00000004                                                 : TimerP_rti_nortos.obj (.text.TimerP_setup)
                  7004cc54    00000004                                                 : TimerP_rti_nortos.obj (.text.TimerP_start)
                  7004cc58    00000004     libclang_rt.builtins.a : aeabi_div0.c.obj (.text.__aeabi_idiv0)
                  7004cc5c    00000004                            : aeabi_div0.c.obj (.text.__aeabi_ldiv0)
                  7004cc60    00000004                            : aeabi_memcpy.S.obj (.text.__aeabi_memcpy)
                  7004cc64    00000004     libc.a : _lock.c.obj (.text._nop)
                  7004cc68    00000004            : fseek.c.obj (.text.fseek)
                  7004cc6c    00000004     libsysbm.a : remove.c.obj (.text.remove)
                  7004cc70    00000008     nortos.am263px.r5f.ti-arm-clang.release.lib : HwiP_armv7r_asm.obj (.tramp.HwiP_restore.1)
                  7004cc78    00000008                                                 : HwiP_armv7r_asm.obj (.tramp.HwiP_enable.1)
                  7004cc80    00000008                                                 : PmuP_armv7r_asm.obj (.tramp.PmuP_setUserEnable.1)
                  7004cc88    00000008                                                 : PmuP_armv7r_asm.obj (.tramp.PmuP_enableCounters.1)
                  7004cc90    00000010     --HOLE-- [fill = 0]

.rodata    0    7004cca0    00001cf0     
                  7004cca0    000004b0     testing.o (.rodata.test_results)
                  7004d150    00000101     libc.a : aeabi_ctype.S.obj (.rodata:__aeabi_ctype_table_)
                  7004d251    00000096     testing.o (.rodata.test_cases)
                  7004d2e7    00000001     logger.o (.rodata.str1.11170080405929493601.1)
                  7004d2e8    00000080     libc.a : strtod.c.obj (.rodata.digits)
                  7004d368    0000007a     ti_drivers_open_close.o (.rodata.str1.17665391694225509261.1)
                  7004d3e2    00000002     --HOLE-- [fill = 0]
                  7004d3e4    00000074     ti_dpl_config.o (.rodata.cfg)
                  7004d458    00000051     drivers.am263px.r5f.ti-arm-clang.release.lib : mcspi_v0.obj (.rodata.str1.26396439823528435241)
                  7004d4a9    00000007     libc.a : _scanfi.c.obj (.rodata._sproc_int.flit)
                  7004d4b0    00000050     nortos.am263px.r5f.ti-arm-clang.release.lib : printf.obj (.rodata._ftoa.pow10)
                  7004d500    00000048     drivers.am263px.r5f.ti-arm-clang.release.lib : soc_rcm.obj (.rodata.gADPLLJConfigTbl)
                  7004d548    00000048     libc.a : strtod.c.obj (.rodata.powerof10)
                  7004d590    00000048     drivers.am263px.r5f.ti-arm-clang.release.lib : mcspi_v0_lld.obj (.rodata.str1.97363132707188488161)
                  7004d5d8    0000003d     nortos.am263px.r5f.ti-arm-clang.release.lib : TimerP_rti_priv.obj (.rodata.str1.72163963154704191671)
                  7004d615    0000003b     testing.o (.rodata.str1.13902908763734703229.1)
                  7004d650    0000003b     logger.o (.rodata.str1.15765208293925770228.1)
                  7004d68b    0000003b     testing.o (.rodata.str1.17746360623054601515.1)
                  7004d6c6    0000003b     testing.o (.rodata.str1.9663668549545128397.1)
                  7004d701    0000003a     testing.o (.rodata.str1.13404232100597892824.1)
                  7004d73b    0000003a     testing.o (.rodata.str1.14475428689845802839.1)
                  7004d775    0000003a     testing.o (.rodata.str1.5333103860067079182.1)
                  7004d7af    00000039     testing.o (.rodata.str1.12712981990626671882.1)
                  7004d7e8    00000038     testing.o (.rodata.str1.13271957185734089466.1)
                  7004d820    00000038     testing.o (.rodata.str1.1809024094263384077.1)
                  7004d858    00000038     testing.o (.rodata.str1.9646216584914662902.1)
                  7004d890    00000037     testing.o (.rodata.str1.12934025152450101698.1)
                  7004d8c7    00000037     testing.o (.rodata.str1.13753495736459524521.1)
                  7004d8fe    00000037     nortos.am263px.r5f.ti-arm-clang.release.lib : SemaphoreP_nortos.obj (.rodata.str1.52751030918495836841)
                  7004d935    00000037     testing.o (.rodata.str1.912323090116748061.1)
                  7004d96c    00000036     testing.o (.rodata.str1.1765844212525536965.1)
                  7004d9a2    00000036     ti_drivers_open_close.o (.rodata.str1.2554706296470369595.1)
                  7004d9d8    00000036     testing.o (.rodata.str1.9310835370192816021.1)
                  7004da0e    00000035     ti_drivers_open_close.o (.rodata.str1.10252002122772422448.1)
                  7004da43    00000035     ti_drivers_open_close.o (.rodata.str1.17551203406305493380.1)
                  7004da78    00000033     testing.o (.rodata.str1.8696649377706721793.1)
                  7004daab    00000032     drivers.am263px.r5f.ti-arm-clang.release.lib : adc.obj (.rodata.str1.104222482920253680151)
                  7004dadd    00000032                                                  : adc.obj (.rodata.str1.137023953294967812531)
                  7004db0f    00000001     --HOLE-- [fill = 0]
                  7004db10    00000030     logger.o (.rodata..Lswitch.table.print_log.27)
                  7004db40    00000030     ti_drivers_open_close.o (.rodata.str1.14200658025495415368.1)
                  7004db70    0000002e     nortos.am263px.r5f.ti-arm-clang.release.lib : ClockP_nortos.obj (.rodata.str1.39419159632632580371)
                  7004db9e    0000002a     logger.o (.rodata.str1.6697840596852582545.1)
                  7004dbc8    0000002a     nortos.am263px.r5f.ti-arm-clang.release.lib : DebugP_log.obj (.rodata.str1.8882360920750446361)
                  7004dbf2    00000028     ti_drivers_open_close.o (.rodata.str1.10490786615736436564.1)
                  7004dc1a    00000028     ti_drivers_open_close.o (.rodata.str1.7332975063418302059.1)
                  7004dc42    00000027     nortos.am263px.r5f.ti-arm-clang.release.lib : ClockP_nortos_r5.obj (.rodata.str1.91622226613999981811)
                  7004dc69    00000025     ti_drivers_open_close.o (.rodata.str1.7750254725308216577.1)
                  7004dc8e    00000024     testing.o (.rodata.str1.1448113453728135492.1)
                  7004dcb2    00000024     drivers.am263px.r5f.ti-arm-clang.release.lib : edma.obj (.rodata.str1.164918382464449145851)
                  7004dcd6    00000023     nortos.am263px.r5f.ti-arm-clang.release.lib : ClockP_nortos_r5.obj (.rodata.str1.136646522816104227591)
                  7004dcf9    00000023     ti_drivers_open_close.o (.rodata.str1.15574074207268991336.1)
                  7004dd1c    00000023     drivers.am263px.r5f.ti-arm-clang.release.lib : soc_rcm.obj (.rodata.str1.15813086600912413471)
                  7004dd3f    00000022                                                  : edma.obj (.rodata.str1.6611792697437713481)
                  7004dd61    00000021     nortos.am263px.r5f.ti-arm-clang.release.lib : ClockP_nortos_r5.obj (.rodata.str1.99041146818411950391)
                  7004dd82    00000002     --HOLE-- [fill = 0]
                  7004dd84    00000020     drivers.am263px.r5f.ti-arm-clang.release.lib : uart_v0_lld.obj (.rodata.cst32)
                  7004dda4    00000020     PDMtesting.o (.rodata.str1.10015848951539402881.1)
                  7004ddc4    00000020     drivers.am263px.r5f.ti-arm-clang.release.lib : uart_v0.obj (.rodata.str1.150767988884773108331)
                  7004dde4    0000001f     board.o (.rodata.str1.10881007155619371109.1)
                  7004de03    0000001f     board.o (.rodata.str1.123550804358397101.1)
                  7004de22    0000001f     board.o (.rodata.str1.13738757807042593414.1)
                  7004de41    0000001f     board.o (.rodata.str1.14465880841147386111.1)
                  7004de60    0000001f     logger.o (.rodata.str1.14867204177169952558.1)
                  7004de7f    0000001f     board.o (.rodata.str1.1510811462892085231.1)
                  7004de9e    0000001f     board.o (.rodata.str1.16077883977509950417.1)
                  7004debd    0000001f     board.o (.rodata.str1.1696272589420159480.1)
                  7004dedc    0000001f     board.o (.rodata.str1.18250802514644841805.1)
                  7004defb    0000001f     nortos.am263px.r5f.ti-arm-clang.release.lib : SemaphoreP_nortos.obj (.rodata.str1.25281168886080794691)
                  7004df1a    0000001f                                                 : ClockP_nortos_r5.obj (.rodata.str1.25349503636762439021)
                  7004df39    0000001f     board.o (.rodata.str1.5436337271421848948.1)
                  7004df58    0000001f     board.o (.rodata.str1.673658226405435322.1)
                  7004df77    0000001f     ti_drivers_open_close.o (.rodata.str1.871795152488895636.1)
                  7004df96    0000001f     board.o (.rodata.str1.9045895231722895584.1)
                  7004dfb5    0000001f     board.o (.rodata.str1.9461189164499355904.1)
                  7004dfd4    0000001e     board.o (.rodata.str1.10345935079445805060.1)
                  7004dff2    0000001e     drivers.am263px.r5f.ti-arm-clang.release.lib : mcspi_v0.obj (.rodata.str1.144400815220210358851)
                  7004e010    0000001e     board.o (.rodata.str1.6418571003999367838.1)
                  7004e02e    0000001e     board.o (.rodata.str1.6840234256597642108.1)
                  7004e04c    0000001e     board.o (.rodata.str1.9453984286452795027.1)
                  7004e06a    0000001d     nortos.am263px.r5f.ti-arm-clang.release.lib : TimerP_rti_priv.obj (.rodata.str1.114219152040444562951)
                  7004e087    0000001d                                                 : TimerP_rti_priv.obj (.rodata.str1.125174968193178473681)
                  7004e0a4    0000001d     ti_drivers_open_close.o (.rodata.str1.13083909648175487149.1)
                  7004e0c1    0000001d     drivers.am263px.r5f.ti-arm-clang.release.lib : uart_v0.obj (.rodata.str1.142814395268246240721)
                  7004e0de    0000001d                                                  : mcspi_v0.obj (.rodata.str1.171925388543524077211)
                  7004e0fb    0000001d     nortos.am263px.r5f.ti-arm-clang.release.lib : TimerP_rti_priv.obj (.rodata.str1.27974953896521033811)
                  7004e118    0000001c     logger.o (.rodata.str1.10253156068257962407.1)
                  7004e134    0000001c     logger.o (.rodata.str1.12893940535876439382.1)
                  7004e150    0000001c     logger.o (.rodata.str1.16946937258229686214.1)
                  7004e16c    0000001b     logger.o (.rodata.str1.10289081750774512625.1)
                  7004e187    0000001b     drivers.am263px.r5f.ti-arm-clang.release.lib : edma.obj (.rodata.str1.16266241636797238661)
                  7004e1a2    0000001b     nortos.am263px.r5f.ti-arm-clang.release.lib : ClockP_nortos.obj (.rodata.str1.47646432807403639741)
                  7004e1bd    0000001b     ti_drivers_open_close.o (.rodata.str1.5509699957385355460.1)
                  7004e1d8    0000001b     logger.o (.rodata.str1.6452265960373237926.1)
                  7004e1f3    0000001a     drivers.am263px.r5f.ti-arm-clang.release.lib : edma.obj (.rodata.str1.124702968117785801901)
                  7004e20d    0000001a     nortos.am263px.r5f.ti-arm-clang.release.lib : ClockP_nortos_r5.obj (.rodata.str1.133203246495064227641)
                  7004e227    0000001a     drivers.am263px.r5f.ti-arm-clang.release.lib : soc_rcm.obj (.rodata.str1.153801437654618082741)
                  7004e241    0000001a                                                  : mcspi_v0.obj (.rodata.str1.169212516063846095031)
                  7004e25b    0000001a     board.o (.rodata.str1.9440741161207462191.1)
                  7004e275    0000001a     drivers.am263px.r5f.ti-arm-clang.release.lib : mcspi_v0.obj (.rodata.str1.99640994410596514241)
                  7004e28f    00000019     ti_drivers_open_close.o (.rodata.str1.14059614886583751700.1)
                  7004e2a8    00000019     nortos.am263px.r5f.ti-arm-clang.release.lib : TimerP_rti_priv.obj (.rodata.str1.160914699991520874261)
                  7004e2c1    00000019     ti_drivers_open_close.o (.rodata.str1.5293217666052239616.1)
                  7004e2da    00000002     --HOLE-- [fill = 0]
                  7004e2dc    00000018     drivers.am263px.r5f.ti-arm-clang.release.lib : soc.obj (.rodata..Lswitch.table.SOC_getAdcReferenceStatus)
                  7004e2f4    00000018                                                  : soc_rcm.obj (.rodata.gControlssPllClkSrcValMap)
                  7004e30c    00000018                                                  : soc_rcm.obj (.rodata.gCptsClkSrcValMap)
                  7004e324    00000018                                                  : soc_rcm.obj (.rodata.gI2cClkSrcValMap)
                  7004e33c    00000018                                                  : soc_rcm.obj (.rodata.gLinUartClkSrcValMap)
                  7004e354    00000018                                                  : soc_rcm.obj (.rodata.gPeripheralClkSrcInfoMap)
                  7004e36c    00000018                                                  : soc_rcm.obj (.rodata.gRtiClkSrcValMap)
                  7004e384    00000018                                                  : soc_rcm.obj (.rodata.gWdtClkSrcValMap)
                  7004e39c    00000018     logger.o (.rodata.str1.516959638814628545.1)
                  7004e3b4    00000018     logger.o (.rodata.str1.5671237403414969566.1)
                  7004e3cc    00000018     logger.o (.rodata.str1.887488774559121338.1)
                  7004e3e4    00000018     drivers.am263px.r5f.ti-arm-clang.release.lib : uart_v0.obj (.rodata.str1.9069738176458784971)
                  7004e3fc    00000017     ADS_adc.o (.rodata.str1.10043506777178288082.1)
                  7004e413    00000017     drivers.am263px.r5f.ti-arm-clang.release.lib : soc_rcm.obj (.rodata.str1.141251745167226470741)
                  7004e42a    00000017     ti_drivers_open_close.o (.rodata.str1.1628183244885117158.1)
                  7004e441    00000016     PDMtesting.o (.rodata.str1.10577412323663350067.1)
                  7004e457    00000016     drivers.am263px.r5f.ti-arm-clang.release.lib : soc_rcm.obj (.rodata.str1.107645048611228328791)
                  7004e46d    00000016     PDMtesting.o (.rodata.str1.12143205621091433229.1)
                  7004e483    00000016     logger.o (.rodata.str1.14246187852812087945.1)
                  7004e499    00000016     drivers.am263px.r5f.ti-arm-clang.release.lib : soc_rcm.obj (.rodata.str1.177369307189295936511)
                  7004e4af    00000016                                                  : soc_rcm.obj (.rodata.str1.63555232926284281011)
                  7004e4c5    00000016                                                  : mcspi_v0.obj (.rodata.str1.85423015064808713541)
                  7004e4db    00000015     ti_drivers_open_close.o (.rodata.str1.11521962449680083383.1)
                  7004e4f0    00000015     drivers.am263px.r5f.ti-arm-clang.release.lib : edma.obj (.rodata.str1.149652404363315708211)
                  7004e505    00000015     ti_drivers_open_close.o (.rodata.str1.17912154466570466874.1)
                  7004e51a    00000015     drivers.am263px.r5f.ti-arm-clang.release.lib : adc.obj (.rodata.str1.20431844208594508061)
                  7004e52f    00000015     nortos.am263px.r5f.ti-arm-clang.release.lib : SemaphoreP_nortos.obj (.rodata.str1.30861210816963497001)
                  7004e544    00000014     drivers.am263px.r5f.ti-arm-clang.release.lib : mcspi_v0_lld.obj (.rodata.str1.147988882001261723701)
                  7004e558    00000014                                                  : edma.obj (.rodata.str1.176595599180530855901)
                  7004e56c    00000014                                                  : mcspi_v0.obj (.rodata.str1.34611452835214624521)
                  7004e580    00000014     ti_drivers_open_close.o (.rodata.str1.3622116258035701796.1)
                  7004e594    00000014     drivers.am263px.r5f.ti-arm-clang.release.lib : edma.obj (.rodata.str1.41785049815304208531)
                  7004e5a8    00000014                                                  : edma.obj (.rodata.str1.93700429500326477781)
                  7004e5bc    00000013                                                  : soc_rcm.obj (.rodata.str1.30734103837947208761)
                  7004e5cf    00000013     testing.o (.rodata.str1.761491514650110821.1)
                  7004e5e2    00000013     testing.o (.rodata.str1.8954517940817656586.1)
                  7004e5f5    00000013     drivers.am263px.r5f.ti-arm-clang.release.lib : uart_v0.obj (.rodata.str1.9980655952161290391)
                  7004e608    00000012                                                  : uart_v0.obj (.rodata.str1.166492982902436568231)
                  7004e61a    00000012                                                  : uart_v0.obj (.rodata.str1.171120843061886446841)
                  7004e62c    00000012                                                  : edma.obj (.rodata.str1.41579851849113419871)
                  7004e63e    00000012     ti_drivers_open_close.o (.rodata.str1.6538372684047993024.1)
                  7004e650    00000012     drivers.am263px.r5f.ti-arm-clang.release.lib : soc_rcm.obj (.rodata.str1.67217821191364965911)
                  7004e662    00000011                                                  : edma.obj (.rodata.str1.117215064595961288031)
                  7004e673    00000011     ti_drivers_open_close.o (.rodata.str1.12213835641041270557.1)
                  7004e684    00000011     logger.o (.rodata.str1.13406532556922755089.1)
                  7004e695    00000011     drivers.am263px.r5f.ti-arm-clang.release.lib : uart_v0.obj (.rodata.str1.16967668833904919061)
                  7004e6a6    00000011                                                  : edma.obj (.rodata.str1.28692048193800818901)
                  7004e6b7    00000011     nortos.am263px.r5f.ti-arm-clang.release.lib : ClockP_nortos.obj (.rodata.str1.37923443167824241621)
                  7004e6c8    00000011                                                 : TimerP_rti_priv.obj (.rodata.str1.44101942245516082551)
                  7004e6d9    00000011     ti_drivers_open_close.o (.rodata.str1.6292539624901818759.1)
                  7004e6ea    00000002     --HOLE-- [fill = 0]
                  7004e6ec    00000010     drivers.am263px.r5f.ti-arm-clang.release.lib : soc.obj (.rodata.cst16)
                  7004e6fc    00000010                                                  : mcspi_v0.obj (.rodata.str1.153145657127816401141)
                  7004e70c    00000010                                                  : edma.obj (.rodata.str1.18778444954996405781)
                  7004e71c    00000010     ti_drivers_open_close.o (.rodata.str1.5205884736402799790.1)
                  7004e72c    0000000f     drivers.am263px.r5f.ti-arm-clang.release.lib : edma.obj (.rodata.str1.111354322338949310841)
                  7004e73b    0000000f                                                  : edma.obj (.rodata.str1.144551280152329776181)
                  7004e74a    0000000f                                                  : edma.obj (.rodata.str1.2759273541325923811)
                  7004e759    0000000f                                                  : mcspi_v0.obj (.rodata.str1.43973954253821070511)
                  7004e768    0000000f     board.o (.rodata.str1.834004997606947946.1)
                  7004e777    0000000f     drivers.am263px.r5f.ti-arm-clang.release.lib : edma.obj (.rodata.str1.92547749779646142691)
                  7004e786    0000000e     ti_drivers_open_close.o (.rodata.str1.16112177131852734107.1)
                  7004e794    0000000e     drivers.am263px.r5f.ti-arm-clang.release.lib : edma.obj (.rodata.str1.19244332700943948511)
                  7004e7a2    0000000e                                                  : edma.obj (.rodata.str1.46057082369026546831)
                  7004e7b0    0000000e                                                  : edma.obj (.rodata.str1.46782315602798139861)
                  7004e7be    0000000d     ti_drivers_open_close.o (.rodata.str1.10450075619424269387.1)
                  7004e7cb    0000000d     drivers.am263px.r5f.ti-arm-clang.release.lib : edma.obj (.rodata.str1.121775923823351643201)
                  7004e7d8    0000000d     ti_drivers_open_close.o (.rodata.str1.16905510790704221133.1)
                  7004e7e5    0000000d     nortos.am263px.r5f.ti-arm-clang.release.lib : TimerP_rti_priv.obj (.rodata.str1.31870447354226168941)
                  7004e7f2    0000000d     drivers.am263px.r5f.ti-arm-clang.release.lib : adc.obj (.rodata.str1.70150695697723348971)
                  7004e7ff    0000000d     testing.o (.rodata.str1.9119961215068324276.1)
                  7004e80c    0000000c     drivers.am263px.r5f.ti-arm-clang.release.lib : mcspi_v0_lld.obj (.rodata..Lswitch.table.MCSPI_lld_controllerIsr.1)
                  7004e818    0000000c                                                  : mcspi_v0_lld.obj (.rodata..Lswitch.table.MCSPI_lld_controllerIsr)
                  7004e824    0000000c                                                  : soc.obj (.rodata..Lswitch.table.SOC_enableAdcReferenceMonitor)
                  7004e830    0000000c     logger.o (.rodata..Lswitch.table.print_log)
                  7004e83c    0000000c     nortos.am263px.r5f.ti-arm-clang.release.lib : ClockP_nortos_r5.obj (.rodata.str1.177642182983587376931)
                  7004e848    0000000c     drivers.am263px.r5f.ti-arm-clang.release.lib : mcspi_v0.obj (.rodata.str1.69169362540279301091)
                  7004e854    0000000c                                                  : edma.obj (.rodata.str1.73371482538137472541)
                  7004e860    0000000c     logger.o (.rodata.str1.7498274428696469886.1)
                  7004e86c    0000000b     board.o (.rodata.str1.15102135329570516791.1)
                  7004e877    0000000b     drivers.am263px.r5f.ti-arm-clang.release.lib : mcspi_v0.obj (.rodata.str1.169287378047891341191)
                  7004e882    0000000b                                                  : uart_v0.obj (.rodata.str1.174466331461201984741)
                  7004e88d    0000000b                                                  : uart_v0.obj (.rodata.str1.23952661867579505821)
                  7004e898    0000000b                                                  : mcspi_v0.obj (.rodata.str1.248655060218483491)
                  7004e8a3    0000000b                                                  : edma.obj (.rodata.str1.8716574913843167321)
                  7004e8ae    0000000a                                                  : soc_rcm.obj (.rodata.str1.102656642322745120751)
                  7004e8b8    0000000a                                                  : edma.obj (.rodata.str1.11281620503267214511)
                  7004e8c2    0000000a     logger.o (.rodata.str1.13114922096505101489.1)
                  7004e8cc    0000000a     drivers.am263px.r5f.ti-arm-clang.release.lib : uart_v0.obj (.rodata.str1.4680544719311723101)
                  7004e8d6    0000000a                                                  : uart_v0.obj (.rodata.str1.62285611621840673441)
                  7004e8e0    0000000a                                                  : edma.obj (.rodata.str1.94390198658697638781)
                  7004e8ea    0000000a                                                  : uart_v0.obj (.rodata.str1.98976386761529848021)
                  7004e8f4    00000009     libc.a : _scanfi.c.obj (.rodata.str1.12964984209033246150.1)
                  7004e8fd    00000003     PDMtesting.o (.rodata.str1.1094412632907578887.1)
                  7004e900    00000008     libc.a : _scanfi.c.obj (.rodata..L__const._sproc_float.special)
                  7004e908    00000008     logger.o (.rodata.str1.11411971380641413352.1)
                  7004e910    00000008     logger.o (.rodata.str1.1246197995540081341.1)
                  7004e918    00000008     logger.o (.rodata.str1.3193577328096652195.1)
                  7004e920    00000008     logger.o (.rodata.str1.4633242734696342979.1)
                  7004e928    00000008     logger.o (.rodata.str1.8545315102583907144.1)
                  7004e930    00000008     logger.o (.rodata.str1.998270875404085501.1)
                  7004e938    00000007     logger.o (.rodata.str1.10127394157737690499.1)
                  7004e93f    00000007     logger.o (.rodata.str1.9485715002722841782.1)
                  7004e946    00000006     libc.a : _scanfi.c.obj (.rodata._sproc_int.barr)
                  7004e94c    00000006     drivers.am263px.r5f.ti-arm-clang.release.lib : soc_rcm.obj (.rodata.str1.53743240983164125611)
                  7004e952    00000006     logger.o (.rodata.str1.9978879681667430888.1)
                  7004e958    00000005     nortos.am263px.r5f.ti-arm-clang.release.lib : printf.obj (.rodata.str1.143852280595428356391)
                  7004e95d    00000005                                                 : printf.obj (.rodata.str1.23318557076440195721)
                  7004e962    00000005     logger.o (.rodata.str1.5950550609978457137.1)
                  7004e967    00000001     --HOLE-- [fill = 0]
                  7004e968    00000004     nortos.am263px.r5f.ti-arm-clang.release.lib : CacheP_armv7r.obj (.rodata.gCacheL1dCacheLineSize)
                  7004e96c    00000004                                                 : CacheP_armv7r.obj (.rodata.gCacheL1pCacheLineSize)
                  7004e970    00000004     logger.o (.rodata.str1.11268383079938446260.1)
                  7004e974    00000004     nortos.am263px.r5f.ti-arm-clang.release.lib : printf.obj (.rodata.str1.122320159353749299121)
                  7004e978    00000004     logger.o (.rodata.str1.14780196379335289893.1)
                  7004e97c    00000004     libc.a : _scanfi.c.obj (.rodata.str1.3403580589742030990.1)
                  7004e980    00000004     nortos.am263px.r5f.ti-arm-clang.release.lib : printf.obj (.rodata.str1.81101573233442303481)
                  7004e984    0000000c     --HOLE-- [fill = 0]

.bss       0    7004e990    000023c8     UNINITIALIZED
                  7004e990    00000c80     (.common:logs)
                  7004f610    00000808     (.common:gHwiCtrl)
                  7004fe18    00000770     ti_drivers_config.o (.bss.gMcspiObjects)
                  70050588    00000368     ti_drivers_config.o (.bss.gUartObjects)
                  700508f0    00000120     libsysbm.a : trgmsg.c.obj (.bss:_CIOBUF_)
                  70050a10    000000e8     ti_drivers_config.o (.bss.gEdmaObjects)
                  70050af8    000000c0     (.common:intr_objects)
                  70050bb8    000000a0     libc.a : defs.c.obj (.bss.__TI_tmpnams)
                  70050c58    00000090     (.common:gDebugShmLogReaderCtrl)
                  70050ce8    00000038     (.common:gClockCtrl)
                  70050d20    00000010     (.common:virtToPhymap)
                  70050d30    00000008     libsysbm.a : hostopen.c.obj (.bss.parmbuf)
                  70050d38    00000008     (.common:gMcspiHandle)
                  70050d40    00000004     nortos.am263px.r5f.ti-arm-clang.release.lib : HwiP_armv7r_vim.obj (.bss.gdummy)
                  70050d44    00000004     libc.a : memory.c.obj (.bss.sys_free)
                  70050d48    00000004     (.common:gEdmaHandle)
                  70050d4c    00000004     (.common:gUartHandle)
                  70050d50    00000002     PDMtesting.o (.bss.PDM_testing.user_input_test_number)
                  70050d52    00000006     --HOLE--

.sysmem    0    70050d58    00008000     UNINITIALIZED
                  70050d58    00000010     libc.a : memory.c.obj (.sysmem)
                  70050d68    00007ff0     --HOLE--

.stack     0    70058d58    00004000     UNINITIALIZED
                  70058d58    00000004     nortos.am263px.r5f.ti-arm-clang.release.lib : boot_armv7r_asm.obj (.stack)
                  70058d5c    00003ffc     --HOLE--

.text.hwi 
*          0    7005cd58    000008d8     
                  7005cd58    00000402     nortos.am263px.r5f.ti-arm-clang.release.lib : HwiP_armv7r_vim.obj (.text.hwi)
                  7005d15a    000002dc                                                 : HwiP_armv7r_handlers_nortos.obj (.text.hwi)
                  7005d436    00000002     --HOLE-- [fill = 0]
                  7005d438    0000017c                                                 : HwiP_armv7r_handlers_nortos_asm.obj (.text.hwi)
                  7005d5b4    00000070                                                 : HwiP_armv7r_asm.obj (.text.hwi)
                  7005d624    00000008                                                 : HwiP_armv7r_asm.obj (.tramp.HwiP_enableFIQ.1)
                  7005d62c    00000004     --HOLE-- [fill = 0]

.text.cache 
*          0    7005d630    00000430     
                  7005d630    00000340     nortos.am263px.r5f.ti-arm-clang.release.lib : CacheP_armv7r_asm.obj (.text.cache)
                  7005d970    000000d8                                                 : CacheP_armv7r.obj (.text.cache)
                  7005da48    00000008                                                 : CacheP_armv7r_asm.obj (.tramp.CacheP_invL1d.1)
                  7005da50    00000008                                                 : CacheP_armv7r_asm.obj (.tramp.CacheP_enableL1p.1)
                  7005da58    00000008                                                 : HwiP_armv7r_asm.obj (.tramp.HwiP_restore.2)

.text.mpu 
*          0    7005da60    00000290     
                  7005da60    00000202     nortos.am263px.r5f.ti-arm-clang.release.lib : MpuP_armv7r.obj (.text.mpu)
                  7005dc62    00000002     --HOLE-- [fill = 0]
                  7005dc64    00000078                                                 : MpuP_armv7r_asm.obj (.text.mpu)
                  7005dcdc    00000008                                                 : HwiP_armv7r_asm.obj (.tramp.HwiP_restore.3)
                  7005dce4    00000008                                                 : MpuP_armv7r_asm.obj (.tramp.MpuP_isEnableAsm.1)
                  7005dcec    00000004     --HOLE-- [fill = 0]

.text.boot 
*          0    7005dcf0    00000190     
                  7005dcf0    00000144     nortos.am263px.r5f.ti-arm-clang.release.lib : boot_armv7r_asm.obj (.text.boot)
                  7005de34    0000001e                                                 : DebugP_log.obj (.text.boot)
                  7005de52    0000001c                                                 : boot_armv7r.obj (.text.boot)
                  7005de6e    0000000e     ti_dpl_config.o (.text.boot)
                  7005de7c    00000004     --HOLE-- [fill = 0]

.text:abort 
*          0    7005de80    00000008     
                  7005de80    00000008     libc.a : exit.c.obj (.text:abort)

.data      0    7005de88    00000718     
                  7005de88    000000f0     libc.a : defs.c.obj (.data._ftable)
                  7005df78    000000c8     ti_pinmux_config.o (.data.gPinMuxMainDomainCfg)
                  7005e040    0000009c     drivers.am263px.r5f.ti-arm-clang.release.lib : mcspi_v0.obj (.data.gMcspiDrvObj)
                  7005e0dc    0000009c                                                  : uart_v0.obj (.data.gUartDrvObj)
                  7005e178    00000088     ti_drivers_config.o (.data.gEdmaAttrs)
                  7005e200    00000078     libsysbm.a : host_device.c.obj (.data._device)
                  7005e278    00000060     board.o (.data.intr_pins)
                  7005e2d8    00000058     ti_drivers_open_close.o (.data.gUartParams)
                  7005e330    00000050     libsysbm.a : host_device.c.obj (.data._stream)
                  7005e380    00000048     ti_drivers_config.o (.data.gMcspiAttrs)
                  7005e3c8    00000040     ti_drivers_open_close.o (.data.gSpi0ChCfg)
                  7005e408    00000040     ti_drivers_open_close.o (.data.gSpi1ChCfg)
                  7005e448    00000030     ti_power_clock_config.o (.data.gSocModulesClockFrequency)
                  7005e478    00000028     ti_drivers_open_close.o (.data.gMcspiOpenParams)
                  7005e4a0    0000001c     ADS_adc.o (.data.ext_adc0)
                  7005e4bc    0000001c     ADS_adc.o (.data.ext_adc1)
                  7005e4d8    00000018     ti_dpl_config.o (.data.gClockConfig)
                  7005e4f0    00000010     ti_drivers_config.o (.data.gMcspiConfig)
                  7005e500    00000010     ti_power_clock_config.o (.data.gSocModules)
                  7005e510    0000000c     nortos.am263px.r5f.ti-arm-clang.release.lib : AddrTranslateP_32bit.obj (.data.gAddrTranslateConfig)
                  7005e51c    00000008     libc.a : exit.c.obj (.data..L_MergedGlobals)
                  7005e524    00000008     ti_drivers_open_close.o (.data.gConfigMcspiChCfg)
                  7005e52c    00000008     ti_drivers_config.o (.data.gEdmaConfig)
                  7005e534    00000008     ti_drivers_open_close.o (.data.gEdmaParams)
                  7005e53c    00000008     ti_drivers_open_close.o (.data.gMcspiDmaChConfig)
                  7005e544    00000008     ti_drivers_config.o (.data.gMcspiNumCh)
                  7005e54c    00000008     ti_drivers_config.o (.data.gUartAttrs)
                  7005e554    00000008     ti_drivers_config.o (.data.gUartConfig)
                  7005e55c    00000004     libc.a : defs.c.obj (.data.__TI_ft_end)
                  7005e560    00000008     nortos.am263px.r5f.ti-arm-clang.release.lib : PmuP_armv7r.obj (.data.pmu)
                  7005e568    00000004     libc.a : aeabi_portable.c.obj (.data.__aeabi_errno)
                  7005e56c    00000004            : _lock.c.obj (.data._lock)
                  7005e570    00000004            : _lock.c.obj (.data._unlock)
                  7005e574    00000004     nortos.am263px.r5f.ti-arm-clang.release.lib : DebugP_log.obj (.data.gDebugLogZone)
                  7005e578    00000004                                                 : DebugP_uartLogWriter.obj (.data.gDebugP_uartDrvIndex)
                  7005e57c    00000004     ti_drivers_config.o (.data.gEdmaConfigNum)
                  7005e580    00000004     ti_dpl_config.o (.data.gHwiConfig)
                  7005e584    00000004     ti_drivers_config.o (.data.gMcspiConfigNum)
                  7005e588    00000004     ti_drivers_config.o (.data.gUartConfigNum)
                  7005e58c    00000004     ti_drivers_open_close.o (.data.gUartDmaChConfig)
                  7005e590    00000004     board.o (.data.test)
                  7005e594    00000002     logger.o (.data.last_printed_index)
                  7005e596    00000002     logger.o (.data.logs_length)
                  7005e598    00000001     drivers.am263px.r5f.ti-arm-clang.release.lib : soc.obj (.data.isMapAvailable)
                  7005e599    00000003     --HOLE-- [fill = 0]
                  7005e59c    00000001     libc.a : memory.c.obj (.data.memory_is_initialized)
                  7005e59d    00000003     --HOLE-- [fill = 0]

.irqstack 
*          0    7005e5a0    00000100     UNINITIALIZED
                  7005e5a0    00000100     --HOLE--

.fiqstack 
*          0    7005e6a0    00000100     UNINITIALIZED
                  7005e6a0    00000100     --HOLE--

.svcstack 
*          0    7005e7a0    00001000     UNINITIALIZED
                  7005e7a0    00001000     --HOLE--

.abortstack 
*          0    7005f7a0    00000100     UNINITIALIZED
                  7005f7a0    00000100     --HOLE--

.undefinedstack 
*          0    7005f8a0    00000100     UNINITIALIZED
                  7005f8a0    00000100     --HOLE--

.init_array 
*          0    70040000    00000000     UNINITIALIZED

.bss.log_shared_mem 
*          0    701d4000    00002000     NOLOAD SECTION
                  701d4000    00002000     ti_dpl_config.o (.bss.log_shared_mem)

MODULE SUMMARY

       Module                                code    ro data   rw data
       ------                                ----    -------   -------
    .\
       PDMtesting.o                          240     79        3202   
       testing.o                             984     2337      0      
       board.o                               838     544       292    
       logger.o                              456     545       4      
       ADS_adc.o                             304     23        56     
       int_adc.o                             328     0         0      
       main.o                                28      0         0      
    +--+-------------------------------------+-------+---------+---------+
       Total:                                3178    3528      3554   
                                                                      
    .\syscfg\
       ti_dpl_config.o                       118     116       8220   
       ti_drivers_config.o                   762     0         3276   
       ti_drivers_open_close.o               2304    812       300    
       ti_power_clock_config.o               180     0         64     
       ti_pinmux_config.o                    14      0         200    
       ti_board_config.o                     4       0         0      
       ti_board_open_close.o                 4       0         0      
    +--+-------------------------------------+-------+---------+---------+
       Total:                                3386    928       12060  
                                                                      
    C:/Users/carim/Desktop/mcu_plus_sdk_am263px_10_02_00_15__all/mcu_plus_sdk_am263px_10_02_00_15/source/drivers/lib/drivers.am263px.r5f.ti-arm-clang.release.lib
       edma.obj                              5042    430       0      
       mcspi_v0_lld.obj                      4570    116       0      
       uart_v0_lld.obj                       3632    32        0      
       soc_rcm.obj                           2454    443       0      
       uart_v0.obj                           2024    209       156    
       mcspi_v0.obj                          1592    299       156    
       mcspi_dma_edma.obj                    1960    0         0      
       uart_dma_edma.obj                     1340    0         0      
       soc.obj                               906     52        17     
       adc.obj                               154     134       0      
[...]
70045370  strtoul                            
7004555d  MCSPI_lld_controllerIsr            
70045745  GPIO_init                          
70045927  Board_init                         
70045928  __aeabi_uidiv                      
70045928  __udivsi3                          
70045af9  MCSPI_lld_dmaChInit                
70045e60  free                               
70046008  aligned_alloc                      
70046008  memalign                           
700461ad  UART_lld_dmaInit                   
70046341  MCSPI_transfer                     
700464d1  EDMA_open                          
70046635  EDMA_deinit                        
70046795  ClockP_getTimerCount               
70046798  ldexp                              
70046798  ldexpl                             
70046798  scalbn                             
70046798  scalbnl                            
700468e9  UART_lld_dmaDeInit                 
70046a37  MCSPI_lld_dmaDeInit                
70046b83  DebugP_shmLogReaderTaskCreate      
70046b84  setvbuf                            
70046cc9  TimerP_setupPriv                   
70046e09  SOC_virtToPhy                      
70046f45  UART_close                         
7004707d  MCSPI_lld_readWrite                
700472e3  MCSPI_lld_readWriteIntr            
700473ff  UART_lld_controllerIsr             
70047630  __udivmoddi4                       
70047749  SOC_rcmGetPeripheralClockFrequency 
7004785d  UART_lld_write                     
7004796b  init_gpio                          
70047b7d  UART_read                          
70047d8b  ClockP_init                        
70047e8f  Dpl_deinit                         
70047e91  UART_lld_dmaWrite                  
70047f95  MCSPI_close                        
70048095  UART_write                         
70048191  MCSPI_lld_initDma                  
70048285  read_int_ADC                       
70048379  PDM_testing                        
70048468  fputc                              
7004863f  MCSPI_lld_readWriteDma             
70048725  GPIO_bankIsrFxn                    
700487fb  SemaphoreP_destruct                
700488d1  print_log                          
700489a3  TaskP_yield                        
700489a5  EDMA_unregisterIntr                
70048a75  GPIO_deinit                        
70048b45  UART_lld_initDma                   
70048c10  getdevice                          
70048cd9  MCSPI_lld_init                     
70048d9d  UART_lld_init                      
70048e5d  EDMA_registerIntr                  
70048f18  fseeko                             
70048fcc  __TI_closefile                     
70049285  DebugP_readLine                    
700493d3  UART_lld_read                      
7004951f  init_global_interrupts             
70049669  EDMA_freeDmaChannel                
70049709  EDMA_freeParam                     
700497a9  EDMA_freeTcc                       
70049848  HOSTrename                         
700498e9  UART_lld_dmaRead                   
70049989  UART_lld_readIntr                  
70049a24  __TI_wrt_ok                        
70049ac0  HOSTlseek                          
70049b59  SemaphoreP_pend                    
70049bef  EDMA_configureChannelRegion        
70049c84  HOSTopen                           
70049d19  UART_lld_readWithCounter           
70049e3d  SPI_ReadWrite                      
70049f5b  Drivers_open                       
70049fe7  MCSPI_lld_peripheralIsr            
7004a074  close                              
7004a101  ADC_setPPBTripLimits               
7004a189  UART_init                          
7004a211  UART_procLineStatusErr             
7004a298  __TI_doflush                       
7004a320  HOSTread                           
7004a3a4  HOSTwrite                          
7004a4ad  EDMA_close                         
7004a52d  UART_flushTxFifo                   
7004a5ad  Drivers_mcspiOpen                  
7004a727  MCSPI_initiateLastChunkTransfer    
7004a7a1  MCSPI_init                         
7004a901  MCSPI_stop                         
7004a973  MCSPI_lld_dmaStop                  
7004a9e3  EDMA_disableTransferRegion         
7004aa51  EDMA_enableTransferRegion          
7004aac0  HOSTunlink                         
7004ab2d  UART_lld_writeDma                  
7004ab99  UART_lld_readDma                   
7004ac01  UART_lld_writeIntr                 
7004ac68  atoi                               
7004acd1  digitalWrite                       
7004ad39  CycleCounterP_init                 
7004ad49  CycleCounterP_reset                
7004ad6d  CycleCounterP_nsToTicks            
7004ad99  CycleCounterP_enableUserAccess     
7004ada1  SOC_controlModuleUnlockMMR         
7004ae05  add_log                            
7004ae68  HOSTclose                          
7004aec9  ClockP_timerTickIsr                
7004af27  MCSPI_setChDataSize                
7004af85  GPIO_setTrigType                   
7004b03d  SOC_controlModuleLockMMR           
7004b099  _DebugP_assert                     
7004b14c  __TI_cleanup                       
7004b1a4  __TI_readmsg                       
7004b1fc  __TI_writemsg                      
7004b248  C$$IO$$                            
7004b255  init_interrupt                     
7004b2ad  print_pending_logs                 
7004b305  ClockP_getTimeUsec                 
7004b35b  UART_intrDisable                   
7004b3b1  UART_readCancelNoCB                
7004b407  UART_writeCancelNoCB               
7004b45d  Dpl_init                           
7004b4b0  exit                               
7004b504  finddevice                         
7004b558  __TI_auto_init_nobinit_nopinit     
7004b5ad  AddrTranslateP_getLocalAddr        
7004b5ff  MCSPI_lld_deInitDma                
7004b651  ClockP_construct                   
7004b6a1  EDMA_allocDmaChannel               
7004b6f1  EDMA_allocParam                    
7004b741  EDMA_allocTcc                      
7004b7df  Drivers_edmaOpen                   
7004b82d  Drivers_uartOpen                   
7004b87b  EDMA_disableChInShadowRegRegion    
7004b8c9  MCSPI_transferCallback             
7004b961  SOC_enableAdcReferenceMonitor      
7004b9ad  SOC_enableAdcGlobalForce           
7004b9f5  SOC_enableAdcInternalReference     
7004ba84  unlink                             
7004bb15  SOC_getAdcReferenceStatus          
7004bb59  UART_Params_init                   
7004bb9d  UART_lld_deInitDma                 
7004bbe1  ClockP_stop                        
7004bc21  EDMA_mapChToEvtQ                   
7004bc61  Pinmux_config                      
7004bca1  SemaphoreP_constructBinary         
7004bce1  UART_lld_deInit                    
7004bd61  SemaphoreP_constructMutex          
7004bda1  EDMA_getBaseAddr                   
7004be19  ClockP_destruct                    
7004be53  DebugP_uartLogWriterPutChar        
7004be8d  Module_clockSetFrequency           
7004bec7  UART_lld_flushTxFifo               
7004bf39  _DebugP_logZone                    
7004bf70  CycleCounterP_getCount32           
7004bf78  PmuP_setup                         
7004bf80  PmuP_enableCounters                
7004bf88  PmuP_disableCounters               
7004bf90  PmuP_getOverflowStatus             
7004bf98  PmuP_clearOverflowStatus           
7004bfa0  PmuP_setUserEnable                 
7004bfa9  EDMA_clrMissEvtRegion              
7004bfdf  ClockP_start                       
7004c013  MCSPI_errorCallback                
7004c047  Module_clockDisable                
7004c07b  Module_clockEnable                 
7004c0b1  SOC_enableAdcDacLoopback           
7004c14c  lseek                              
7004c180  write                              
7004c1b5  ClockP_usleep                      
7004c1e7  EDMA_unmapChToEvtQ                 
7004c219  SemaphoreP_post                    
7004c24b  DebugP_scanf                       
7004c2ad  adc_to_current_LM74930             
7004c2dd  EDMA_enableChInShadowRegRegion     
7004c339  DebugP_shmLogReaderInit            
7004c365  SOC_rcmGetR5Clock                  
7004c391  UART_getHandle                     
7004c3bd  adc_to_current_HSS_MB              
7004c3e9  adc_to_current_TPS                 
7004c414  vsscanf                            
7004c441  System_init                        
7004c493  GPIO_setDirMode                    
7004c4e5  SOC_moduleSetClockFrequency        
7004c50d  read_ext_ADC                       
7004c535  ClockP_sleep                       
7004c55b  EDMA_setPaRAM                      
7004c581  UART_lld_dmaDisableChannel         
7004c638  __aeabi_uldivmod                   
7004c65d  int_adc_to_voltage                 
7004c681  vprintf_                           
7004c6a5  EDMA_linkChannel                   
7004c6e9  print_logs                         
7004c70b  DebugP_logZoneEnable               
7004c74b  TimerP_Params_initPriv             
7004c76b  UART_getChar                       
7004c78d  ext_adc_to_voltage                 
7004c7ad  System_deinit                      
7004c7cb  UART_spaceAvail                    
7004c83f  MCSPI_lld_deInit                   
7004c85d  SOC_rcmIsR5FInLockStepMode         
7004c895  main                               
7004c8e8  TI_memcpy_small                    
7004c905  CSL_armR5GetCpuID                  
7004c91f  EDMA_readEventStatusRegion         
7004c955  MCSPI_deinit                       
7004c96d  MCSPI_lld_dmaInit                  
7004c985  TimerP_getCountPriv                
7004c99d  UART_deinit                        
7004c9b5  clear_logs                         
7004c9cc  TI_memset_small                    
7004c9e5  MCSPI_reset                        
7004c9fb  UART_IsTxRxFifoEmpty               
7004ca11  UART_getIntrIdentityStatus         
7004ca3d  ClockP_usecToTicks                 
7004ca51  EDMA_getRegionId                   
7004ca65  UART_Transaction_init              
7004ca8d  ADC_setMode                        
7004cab1  UART_operatingModeSelect           
7004cac3  UART_readLineStatus                
7004cad5  putchar_                           
7004cae7  GPIO_bankIntrDisable               
7004caf7  UART_intr2Disable                  
7004cb08  __aeabi_memset                     
7004cb08  __aeabi_memset4                    
7004cb08  __aeabi_memset8                    
7004cb28  putchar                            
7004cb39  EDMA_ccPaRAMEntry_init             
7004cb47  GPIO_bankIntrEnable                
7004cb55  Pinmux_init                        
7004cb63  PowerClock_init                    
7004cb71  ClockP_getTicks                    
7004cb7d  DebugP_uartSetDrvIndex             
7004cb89  EDMA_isInitialized                 
7004cb95  SOC_getSelfCpuClk                  
7004cba0  __aeabi_errno_addr                 
7004cbac  __aeabi_memclr                     
7004cbac  __aeabi_memclr4                    
7004cbac  __aeabi_memclr8                    
7004cbb8  malloc                             
7004cbc4  CSL_armR5ReadMpidrReg              
7004cbd1  ClockP_Params_init                 
7004cbdb  EDMA_isInterruptEnabled            
7004cbed  ClockP_isActive                    
7004cbf7  TimerP_getReloadCountPriv          
7004cc01  TimerP_startPriv                   
7004cc0b  UART_lld_Transaction_deInit        
7004cc14  C$$EXIT                            
7004cc14  HOSTexit                           
7004cc1d  TimerP_clearOverflowIntPriv        
7004cc2d  SOC_moduleClockEnable              
7004cc39  ClockP_timerClearOverflowInt       
7004cc3d  PowerClock_deinit                  
7004cc41  TimerP_Params_init                 
7004cc45  TimerP_clearOverflowInt            
7004cc49  TimerP_getCount                    
7004cc4d  TimerP_getReloadCount              
7004cc51  TimerP_setup                       
7004cc55  TimerP_start                       
7004cc58  __aeabi_idiv0                      
7004cc5c  __aeabi_ldiv0                      
7004cc60  __aeabi_memcpy                     
7004cc60  __aeabi_memcpy4                    
7004cc60  __aeabi_memcpy8                    
7004cc64  _nop                               
7004cc68  fseek                              
7004cc6c  remove                             
7004cca0  test_results                       
7004d150  __aeabi_ctype_table_               
7004d150  __aeabi_ctype_table_C              
7004d251  test_cases                         
7004d3e4  gCacheConfig                       
7004d3ec  gMpuConfig                         
7004d3f8  gMpuRegionConfig                   
7004d500  gADPLLJConfigTbl                   
7004e354  gPeripheralClkSrcInfoMap           
7004e968  gCacheL1dCacheLineSize             
7004e96c  gCacheL1pCacheLineSize             
7004e990  __BSS_START                        
7004e990  logs                               
7004f610  gHwiCtrl                           
700508f0  _CIOBUF_                           
700508f0  __CIOBUF_                          
70050af8  intr_objects                       
70050bb8  __TI_tmpnams                       
70050c58  gDebugShmLogReaderCtrl             
70050ce8  gClockCtrl                         
70050d20  virtToPhymap                       
70050d30  parmbuf                            
70050d38  gMcspiHandle                       
70050d48  gEdmaHandle                        
70050d4c  gUartHandle                        
70050d58  __BSS_END                          
70050d58  _sys_memory                        
70058d58  __stack                            
7005cd58  __STACK_END                        
7005cd59  HwiP_enableInt                     
7005cd81  HwiP_disableInt                    
7005cdb3  HwiP_restoreInt                    
7005ce09  HwiP_clearInt                      
7005ce29  HwiP_post                          
7005ce51  HwiP_Params_init                   
7005ce63  HwiP_construct                     
7005cfab  HwiP_destruct                      
7005d07d  HwiP_init                          
7005d13f  HwiP_inISR                         
7005d15b  HwiP_irq_handler_c                 
7005d1df  HwiP_fiq_handler                   
7005d28f  HwiP_reserved_handler              
7005d2bd  HwiP_undefined_handler_c           
7005d2db  HwiP_user_undefined_handler_c      
7005d2ef  HwiP_svc_handler                   
7005d31d  HwiP_prefetch_abort_handler_c      
7005d397  HwiP_user_prefetch_abort_handler_c 
7005d3a7  HwiP_data_abort_handler_c          
7005d427  HwiP_user_data_abort_handler_c     
7005d438  HwiP_irq_handler                   
7005d4ac  HwiP_data_abort_handler            
7005d4f0  HwiP_prefetch_abort_handler        
7005d53c  HwiP_undefined_handler             
7005d56c  GET_DFSR                           
7005d574  GET_ADFSR                          
7005d57c  GET_DFAR                           
7005d584  GET_IFSR                           
7005d58c  GET_AIFSR                          
7005d594  GET_IFAR                           
7005d59c  GET_SPSR                           
7005d5b4  HwiP_disable                       
7005d5c4  HwiP_disableFIQ                    
7005d5d4  HwiP_enable                        
7005d5e4  HwiP_enableFIQ                     
7005d5f4  HwiP_restore                       
7005d5fc  HwiP_enableVIC                     
7005d60c  HwiP_disableVIC                    
7005d61c  HwiP_getCPSR                       
7005d630  CacheP_disableL1d                  
7005d658  CacheP_disableL1p                  
7005d670  CacheP_enableL1d                   
7005d688  CacheP_enableL1p                   
7005d6a0  CacheP_invL1d                      
7005d6d8  CacheP_invL1p                      
7005d714  CacheP_invL1dAll                   
7005d71c  CacheP_invL1pAll                   
7005d724  CacheP_wb                          
7005d760  CacheP_wbInv                       
7005d79c  CacheP_wbAll                       
7005d844  CacheP_wbInvAll                    
7005d85c  CacheP_wbInvAllAsm                 
7005d8fc  CacheP_getEnabled                  
7005d934  CacheP_getCacheLevelInfo           
7005d940  CacheP_configForceWrThru           
7005d960  CacheP_setDLFO                     
7005d971  CacheP_init                        
7005d9c9  CacheP_disable                     
7005da03  CacheP_enable                      
7005da23  CacheP_inv                         
7005da61  MpuP_getAttrs                      
7005daa1  MpuP_RegionAttrs_init              
7005daaf  MpuP_setRegion                     
7005db29  MpuP_isEnable                      
7005db2d  MpuP_disable                       
7005db5f  MpuP_enable                        
7005db9b  MpuP_init                          
7005dbfd  MpuP_isUserAuthorizedToAccessMemory
7005dc64  MpuP_disableAsm                    
7005dc7c  MpuP_disableBRAsm                  
7005dc8c  MpuP_enableAsm                     
7005dca4  MpuP_enableBRAsm                   
7005dcb4  MpuP_isEnableAsm                   
7005dcc8  MpuP_setRegionAsm                  
7005dcf0  _c_int00_sbl                       
7005dd14  _c_int00                           
7005de35  _DebugP_assertNoLog                
7005de53  _system_pre_init                   
7005de6f  __mpu_init                         
7005de80  abort                              
7005de88  _ftable                            
7005de88  gMcspiDmaHandle                    
7005de88  gUartDmaHandle                     
7005e200  _device                            
7005e278  intr_pins                          
7005e2d8  gUartParams                        
7005e330  _stream                            
7005e3c8  gSpi0ChCfg                         
7005e408  gSpi1ChCfg                         
7005e448  gSocModulesClockFrequency          
7005e478  gMcspiOpenParams                   
7005e4a0  ext_adc0                           
7005e4bc  ext_adc1                           
7005e4d8  gClockConfig                       
7005e4f0  gMcspiConfig                       
7005e500  gSocModules                        
7005e510  gAddrTranslateConfig               
7005e51c  __TI_cleanup_ptr                   
7005e520  __TI_dtors_ptr                     
7005e524  gConfigMcspiChCfg                  
7005e52c  gEdmaConfig                        
7005e534  gEdmaParams                        
7005e53c  gMcspiDmaChConfig                  
7005e544  gMcspiNumCh                        
7005e554  gUartConfig                        
7005e55c  __TI_ft_end                        
7005e568  __aeabi_errno                      
7005e56c  _lock                              
7005e570  _unlock                            
7005e574  gDebugLogZone                      
7005e578  gDebugP_uartDrvIndex               
7005e57c  gEdmaConfigNum                     
7005e580  gHwiConfig                         
7005e584  gMcspiConfigNum                    
7005e588  gUartConfigNum                     
7005e58c  gUartDmaChConfig                   
7005e590  test                               
7005e596  logs_length                        
7005e598  isMapAvailable                     
7005e5a0  __IRQ_STACK_START                  
7005e6a0  __FIQ_STACK_START                  
7005e6a0  __IRQ_STACK_END                    
7005e7a0  __FIQ_STACK_END                    
7005e7a0  __SVC_STACK_START                  
7005f7a0  __ABORT_STACK_START                
7005f7a0  __SVC_STACK_END                    
7005f8a0  __ABORT_STACK_END                  
7005f8a0  __UNDEFINED_STACK_START            
7005f9a0  __UNDEFINED_STACK_END              
701d4000  gDebugShmLog                       
ffffffff  __TI_pprof_out_hndl                
ffffffff  __TI_prof_data_size                
ffffffff  __TI_prof_data_start               
ffffffff  __binit__                          
ffffffff  binit                              
UNDEFED   __TI_CINIT_Base                    
UNDEFED   __TI_CINIT_Limit                   
UNDEFED   __TI_Handler_Table_Base            
UNDEFED   __TI_Handler_Table_Limit           
UNDEFED   _system_post_cinit                 

[470 symbols]
