******************************************************************************
            TI ARM Clang Linker PC v4.0.2                      
******************************************************************************
>> Linked Tue Jun 10 12:23:36 2025

OUTPUT FILE NAME:   <second_stage_PDM_testing.out>
ENTRY POINT SYMBOL: "_vectors"  address: 00000000


MEMORY CONFIGURATION

         name            origin    length      used     unused   attr    fill
----------------------  --------  ---------  --------  --------  ----  --------
  R5F_VECS              00000000   00000040  00000040  00000000  RWIX
  R5F_TCMA              00000040   00007fc0  00000000  00007fc0  RWIX
  R5F_TCMB              00080000   00008000  00000000  00008000  RWIX
  MAILBOX_HSM           44000000   000003ce  00000000  000003ce  RWIX
  MAILBOX_R5F           44000400   000003ce  00000000  000003ce  RWIX
  FLASH                 60100000   00080000  00000000  00080000  RWIX
  SBL                   70000000   00040000  00000000  00040000  RWIX
  OCRAM                 70040000   00040000  0001e848  000217b8  RWIX
  USER_SHM_MEM          701d0000   00004000  00000000  00004000  RWIX
  LOG_SHM_MEM           701d4000   00004000  00002000  00002000  RWIX
  RTOS_NORTOS_IPC_SHM_M 72000000   00003e80  00000000  00003e80  RWIX


SEGMENT ALLOCATION MAP

run origin  load origin   length   init length attrs members
----------  ----------- ---------- ----------- ----- -------
00000000    00000000    00000040   00000040    r-x
  00000000    00000000    00000040   00000040    r-x .vectors
70040000    70040000    0000e3c8   00000000    rw-
  70040000    70040000    000023c8   00000000    rw- .bss
  700423c8    700423c8    00008000   00000000    rw- .sysmem
  7004a3c8    7004a3c8    00004000   00000000    rw- .stack
7004e3e0    7004e3e0    0000e9a0   0000e9a0    r-x
  7004e3e0    7004e3e0    0000bec0   0000bec0    r-x .text
  7005a2a0    7005a2a0    000019b0   000019b0    r-- .rodata
  7005bc50    7005bc50    000008d8   000008d8    r-x .text.hwi
  7005c528    7005c528    00000430   00000430    r-x .text.cache
  7005c958    7005c958    00000290   00000290    r-x .text.mpu
  7005cbe8    7005cbe8    00000190   00000190    r-x .text.boot
  7005cd78    7005cd78    00000008   00000008    r-x .text:abort
7005cd80    7005cd80    00001ae0   000006e0    rw-
  7005cd80    7005cd80    000006e0   000006e0    rw- .data
  7005d460    7005d460    00000100   00000000    rw- .irqstack
  7005d560    7005d560    00000100   00000000    rw- .fiqstack
  7005d660    7005d660    00001000   00000000    rw- .svcstack
  7005e660    7005e660    00000100   00000000    rw- .abortstack
  7005e760    7005e760    00000100   00000000    rw- .undefinedstack


SECTION ALLOCATION MAP

 output                                  attributes/
section   page    origin      length       input sections
--------  ----  ----------  ----------   ----------------
.vectors   0    00000000    00000040     
                  00000000    00000040     nortos.am263px.r5f.ti-arm-clang.release.lib : HwiP_armv7r_vectors_nortos_asm.obj (.vectors)

.bss       0    70040000    000023c8     UNINITIALIZED
                  70040000    00000c80     (.common:logs)
                  70040c80    00000808     (.common:gHwiCtrl)
                  70041488    00000770     ti_drivers_config.o (.bss.gMcspiObjects)
                  70041bf8    00000368     ti_drivers_config.o (.bss.gUartObjects)
                  70041f60    00000120     libsysbm.a : trgmsg.c.obj (.bss:_CIOBUF_)
                  70042080    000000e8     ti_drivers_config.o (.bss.gEdmaObjects)
                  70042168    000000c0     (.common:intr_objects)
                  70042228    000000a0     libc.a : defs.c.obj (.bss.__TI_tmpnams)
                  700422c8    00000090     (.common:gDebugShmLogReaderCtrl)
                  70042358    00000038     (.common:gClockCtrl)
                  70042390    00000010     (.common:virtToPhymap)
                  700423a0    00000008     libsysbm.a : hostopen.c.obj (.bss.parmbuf)
                  700423a8    00000008     (.common:gMcspiHandle)
                  700423b0    00000004     nortos.am263px.r5f.ti-arm-clang.release.lib : HwiP_armv7r_vim.obj (.bss.gdummy)
                  700423b4    00000004     libc.a : memory.c.obj (.bss.sys_free)
                  700423b8    00000004     (.common:gEdmaHandle)
                  700423bc    00000004     (.common:gUartHandle)
                  700423c0    00000002     PDMtesting.o (.bss.PDM_testing.user_input_test_number)
                  700423c2    00000006     --HOLE--

.sysmem    0    700423c8    00008000     UNINITIALIZED
                  700423c8    00000010     libc.a : memory.c.obj (.sysmem)
                  700423d8    00007ff0     --HOLE--

.stack     0    7004a3c8    00004000     UNINITIALIZED
                  7004a3c8    00000004     nortos.am263px.r5f.ti-arm-clang.release.lib : boot_armv7r_asm.obj (.stack)
                  7004a3cc    00003ffc     --HOLE--

.text      0    7004e3e0    0000bec0     
                  7004e3e0    00001328     libc.a : _scanfi.c.obj (.text.__TI_scanfi)
                  7004f708    00000758     ti_drivers_open_close.o (.text.Drivers_adcOpen)
                  7004fe60    00000580     nortos.am263px.r5f.ti-arm-clang.release.lib : printf.obj (.text._vsnprintf)
                  700503e0    000004d4     libc.a : strtod.c.obj (.text.strtod)
                  700508b4    000004cc     drivers.am263px.r5f.ti-arm-clang.release.lib : soc_rcm.obj (.text.SOC_rcmEnablePeripheralClock)
                  70050d80    00000400     nortos.am263px.r5f.ti-arm-clang.release.lib : printf.obj (.text._ftoa)
                  70051180    00000390     libc.a : strcmp32.S.obj (.text:strcmp)
                  70051510    00000310     nortos.am263px.r5f.ti-arm-clang.release.lib : printf.obj (.text._etoa)
                  70051820    000002a8     drivers.am263px.r5f.ti-arm-clang.release.lib : uart_v0.obj (.text.UART_open)
                  70051ac8    00000298                                                  : mcspi_v0.obj (.text.MCSPI_open)
                  70051d60    0000027c                                                  : edma.obj (.text.EDMA_init)
                  70051fdc    0000027c     libc.a : strtoll.c.obj (.text.strtoll)
                  70052258    00000250     drivers.am263px.r5f.ti-arm-clang.release.lib : soc_rcm.obj (.text.SOC_rcmSetPeripheralClock)
                  700524a8    00000248     libc.a : strtoull.c.obj (.text.strtoull)
                  700526f0    0000023c     drivers.am263px.r5f.ti-arm-clang.release.lib : uart_v0_lld.obj (.text.UART_configInstance)
                  7005292c    00000230                                                  : mcspi_dma_edma.obj (.text.MCSPI_lld_dmaTransfer)
                  70052b5c    00000230     testing.o (.text.conduct_test)
                  70052d8c    0000020c     drivers.am263px.r5f.ti-arm-clang.release.lib : edma.obj (.text.EDMA_errorIsrFxn)
                  70052f98    00000204                                                  : edma.obj (.text.EDMA_freeChannelRegion)
                  7005319c    000001f8     libc.a : strtol.c.obj (.text.strtol)
                  70053394    000001ec            : strtoul.c.obj (.text.strtoul)
                  70053580    000001e8     drivers.am263px.r5f.ti-arm-clang.release.lib : mcspi_v0_lld.obj (.text.MCSPI_lld_controllerIsr)
                  70053768    000001e2     ti_drivers_config.o (.text.GPIO_init)
                  7005394a    00000002     ti_board_config.o (.text.Board_deinit)
                  7005394c    000001d0     libclang_rt.builtins.a : udivsi3.S.obj (.text.__udivsi3)
                  70053b1c    000001c0     drivers.am263px.r5f.ti-arm-clang.release.lib : mcspi_dma_edma.obj (.text.MCSPI_lld_dmaChInit)
                  70053cdc    000001a8                                                  : mcspi_v0_lld.obj (.text.MCSPI_lld_chConfig)
                  70053e84    000001a8     libc.a : memory.c.obj (.text.free)
                  7005402c    000001a4            : memory.c.obj (.text.aligned_alloc)
                  700541d0    00000194     drivers.am263px.r5f.ti-arm-clang.release.lib : uart_dma_edma.obj (.text.UART_lld_dmaInit)
                  70054364    00000164                                                  : edma.obj (.text.EDMA_open)
                  700544c8    00000160                                                  : edma.obj (.text.EDMA_deinit)
                  70054628    00000150     libc.a : s_scalbn.c.obj (.text.scalbn)
                  70054778    0000014e     drivers.am263px.r5f.ti-arm-clang.release.lib : uart_dma_edma.obj (.text.UART_lld_dmaDeInit)
                  700548c6    0000014c                                                  : mcspi_dma_edma.obj (.text.MCSPI_lld_dmaDeInit)
                  70054a12    00000002     ti_board_config.o (.text.Board_init)
                  70054a14    00000144     libc.a : setvbuf.c.obj (.text.setvbuf)
                  70054b58    00000140     nortos.am263px.r5f.ti-arm-clang.release.lib : TimerP_rti_priv.obj (.text.TimerP_setupPriv)
                  70054c98    0000013c     drivers.am263px.r5f.ti-arm-clang.release.lib : soc.obj (.text.SOC_virtToPhy)
                  70054dd4    00000138                                                  : uart_v0.obj (.text.UART_close)
                  70054f0c    00000132     nortos.am263px.r5f.ti-arm-clang.release.lib : printf.obj (.text._ntoa_format)
                  7005503e    0000011a     drivers.am263px.r5f.ti-arm-clang.release.lib : uart_v0_lld.obj (.text.UART_lld_controllerIsr)
                  70055158    00000118                                                  : edma.obj (.text.Alloc_resource)
                  70055270    00000118     libclang_rt.builtins.a : udivmoddi4.S.obj (.text)
                  70055388    00000114     drivers.am263px.r5f.ti-arm-clang.release.lib : soc_rcm.obj (.text.SOC_rcmGetPeripheralClockFrequency)
                  7005549c    0000010e                                                  : uart_v0_lld.obj (.text.UART_lld_write)
                  700555aa    0000010a     board.o (.text.init_gpio)
                  700556b4    00000108     drivers.am263px.r5f.ti-arm-clang.release.lib : edma.obj (.text.EDMA_transferCompletionMasterIsrFxn)
                  700557bc    00000108                                                  : uart_v0.obj (.text.UART_read)
                  700558c4    00000106                                                  : mcspi_v0_lld.obj (.text.MCSPI_continuePeripheralTxRx)
                  700559ca    00000104     nortos.am263px.r5f.ti-arm-clang.release.lib : ClockP_nortos_r5.obj (.text.ClockP_init)
                  70055ace    00000002                                                 : DebugP_nortos.obj (.text.DebugP_shmLogReaderTaskCreate)
                  70055ad0    00000104     drivers.am263px.r5f.ti-arm-clang.release.lib : uart_dma_edma.obj (.text.UART_lld_dmaWrite)
                  70055bd4    00000100                                                  : mcspi_v0.obj (.text.MCSPI_close)
                  70055cd4    000000fc                                                  : uart_v0.obj (.text.UART_write)
                  70055dd0    000000f4                                                  : mcspi_v0_lld.obj (.text.MCSPI_lld_initDma)
                  70055ec4    000000f0     libc.a : fputc.c.obj (.text.fputc)
                  70055fb4    000000e6     drivers.am263px.r5f.ti-arm-clang.release.lib : mcspi_dma_edma.obj (.text.MCSPI_edmaIsrTx)
                  7005609a    000000d6     board.o (.text.GPIO_bankIsrFxn)
                  70056170    000000d4     libc.a : sscanf.c.obj (.text._chkmbc)
                  70056244    000000d2     logger.o (.text.print_log)
                  70056316    00000002     ti_dpl_config.o (.text.Dpl_deinit)
                  70056318    000000d0     drivers.am263px.r5f.ti-arm-clang.release.lib : edma.obj (.text.EDMA_unregisterIntr)
                  700563e8    000000d0     ti_drivers_config.o (.text.GPIO_deinit)
                  700564b8    000000cc     drivers.am263px.r5f.ti-arm-clang.release.lib : uart_v0_lld.obj (.text.UART_lld_initDma)
                  70056584    000000c8     libc.a : getdevice.c.obj (.text.getdevice)
                  7005664c    000000c4     drivers.am263px.r5f.ti-arm-clang.release.lib : mcspi_v0_lld.obj (.text.MCSPI_lld_init)
                  70056710    000000c0                                                  : uart_v0_lld.obj (.text.UART_lld_init)
                  700567d0    000000bc                                                  : edma.obj (.text.EDMA_registerIntr)
                  7005688c    000000b8     PDMtesting.o (.text.PDM_testing)
                  70056944    000000b4     libc.a : fseek.c.obj (.text.fseeko)
                  700569f8    000000b0            : fclose.c.obj (.text.__TI_closefile)
                  70056aa8    000000b0     nortos.am263px.r5f.ti-arm-clang.release.lib : printf.obj (.text._ntoa_long_long)
                  70056b58    000000ac     drivers.am263px.r5f.ti-arm-clang.release.lib : soc_rcm.obj (.text.SOC_rcmGetCoreHSDivOut)
                  70056c04    000000ac                                                  : uart_v0_lld.obj (.text.UART_divisorLatchWrite)
                  70056cb0    000000a8     nortos.am263px.r5f.ti-arm-clang.release.lib : DebugP_uartScanf.obj (.text.DebugP_readLine)
                  70056d58    000000a6     drivers.am263px.r5f.ti-arm-clang.release.lib : mcspi_dma_edma.obj (.text.MCSPI_edmaIsrRx)
                  70056dfe    000000a6                                                  : uart_v0_lld.obj (.text.UART_lld_read)
                  70056ea4    000000a6     nortos.am263px.r5f.ti-arm-clang.release.lib : printf.obj (.text._out_rev)
                  70056f4a    000000a6     board.o (.text.init_global_interrupts)
                  70056ff0    000000a4     libc.a : memory.c.obj (.text.split)
                  70057094    000000a0     drivers.am263px.r5f.ti-arm-clang.release.lib : edma.obj (.text.EDMA_freeDmaChannel)
                  70057134    000000a0                                                  : edma.obj (.text.EDMA_freeParam)
                  700571d4    000000a0                                                  : edma.obj (.text.EDMA_freeTcc)
                  70057274    000000a0     libsysbm.a : hostrename.c.obj (.text.HOSTrename)
                  70057314    000000a0     drivers.am263px.r5f.ti-arm-clang.release.lib : uart_dma_edma.obj (.text.UART_lld_dmaRead)
                  700573b4    0000009c                                                  : uart_v0_lld.obj (.text.UART_lld_readIntr)
                  70057450    0000009c     libc.a : _io_perm.c.obj (.text.__TI_wrt_ok)
                  700574ec    00000098     libsysbm.a : hostlseek.c.obj (.text.HOSTlseek)
                  70057584    00000096     nortos.am263px.r5f.ti-arm-clang.release.lib : SemaphoreP_nortos.obj (.text.SemaphoreP_pend)
                  7005761a    00000094     drivers.am263px.r5f.ti-arm-clang.release.lib : edma.obj (.text.EDMA_configureChannelRegion)
                  700576ae    00000002     nortos.am263px.r5f.ti-arm-clang.release.lib : SemaphoreP_nortos.obj (.text.SemaphoreP_destruct)
                  700576b0    00000094     libsysbm.a : hostopen.c.obj (.text.HOSTopen)
                  70057744    00000094     drivers.am263px.r5f.ti-arm-clang.release.lib : uart_v0_lld.obj (.text.UART_lld_readWithCounter)
                  700577d8    0000008e     nortos.am263px.r5f.ti-arm-clang.release.lib : printf.obj (.text._ntoa_long)
                  70057866    0000008c     ti_drivers_open_close.o (.text.Drivers_open)
                  700578f2    0000008c     drivers.am263px.r5f.ti-arm-clang.release.lib : mcspi_v0_lld.obj (.text.MCSPI_lld_peripheralIsr)
                  7005797e    00000002     nortos.am263px.r5f.ti-arm-clang.release.lib : TaskP_nortos.obj (.text.TaskP_yield)
                  70057980    0000008c     libsysbm.a : close.c.obj (.text.close)
                  70057a0c    00000088     drivers.am263px.r5f.ti-arm-clang.release.lib : adc.obj (.text.ADC_setPPBTripLimits)
                  70057a94    00000088                                                  : uart_v0.obj (.text.UART_init)
                  70057b1c    00000088                                                  : uart_v0_lld.obj (.text.UART_procLineStatusErr)
                  70057ba4    00000088     libc.a : fflush.c.obj (.text.__TI_doflush)
                  70057c2c    00000084     libsysbm.a : hostread.c.obj (.text.HOSTread)
                  70057cb0    00000084                : hostwrite.c.obj (.text.HOSTwrite)
                  70057d34    00000080     drivers.am263px.r5f.ti-arm-clang.release.lib : edma.obj (.text.EDMA_close)
                  70057db4    00000080                                                  : uart_v0.obj (.text.UART_flushTxFifo)
                  70057e34    0000007e     ti_drivers_open_close.o (.text.Drivers_mcspiOpen)
                  70057eb2    0000007e     drivers.am263px.r5f.ti-arm-clang.release.lib : mcspi_v0_lld.obj (.text.MCSPI_fifoRead)
                  70057f30    0000007a                                                  : mcspi_v0_lld.obj (.text.MCSPI_initiateLastChunkTransfer)
                  70057faa    00000002                                                  : uart_dma_edma.obj (.text.UART_edmaDoNothing)
                  70057fac    00000078                                                  : mcspi_v0.obj (.text.MCSPI_init)
                  70058024    00000076                                                  : uart_v0_lld.obj (.text.UART_readDataPolling)
                  7005809a    00000072                                                  : mcspi_v0_lld.obj (.text.MCSPI_fifoWrite)
                  7005810c    00000072                                                  : mcspi_v0_lld.obj (.text.MCSPI_stop)
                  7005817e    00000070                                                  : mcspi_dma_edma.obj (.text.MCSPI_lld_dmaStop)
                  700581ee    0000006e                                                  : edma.obj (.text.EDMA_disableTransferRegion)
                  7005825c    0000006e                                                  : edma.obj (.text.EDMA_enableTransferRegion)
                  700582ca    00000002                                                  : uart_v0.obj (.text.UART_lld_errorCallback)
                  700582cc    0000006c     libsysbm.a : hostunlink.c.obj (.text.HOSTunlink)
                  70058338    0000006c     drivers.am263px.r5f.ti-arm-clang.release.lib : uart_v0_lld.obj (.text.UART_lld_writeDma)
                  700583a4    00000068                                                  : uart_v0_lld.obj (.text.UART_lld_readDma)
                  7005840c    00000068                                                  : uart_v0_lld.obj (.text.UART_lld_writeIntr)
                  70058474    00000068     libc.a : atoi.c.obj (.text.atoi)
                  700584dc    00000068     board.o (.text.digitalWrite)
                  70058544    00000066     nortos.am263px.r5f.ti-arm-clang.release.lib : PmuP_armv7r.obj (.text.pmu)
                  700585aa    00000002                                                 : printf.obj (.text._out_null)
                  700585ac    00000064     drivers.am263px.r5f.ti-arm-clang.release.lib : soc.obj (.text.SOC_controlModuleUnlockMMR)
                  70058610    00000060     libsysbm.a : hostclose.c.obj (.text.HOSTclose)
                  70058670    0000005e     nortos.am263px.r5f.ti-arm-clang.release.lib : ClockP_nortos.obj (.text.ClockP_timerTickIsr)
                  700586ce    00000002     --HOLE-- [fill = 0]
                  700586d0    0000005c     drivers.am263px.r5f.ti-arm-clang.release.lib : gpio.obj (.text.GPIO_setTrigType)
                  7005872c    0000005c                                                  : mcspi_v0_lld.obj (.text.MCSPI_configInstance)
                  70058788    0000005c                                                  : soc.obj (.text.SOC_controlModuleLockMMR)
                  700587e4    0000005c     nortos.am263px.r5f.ti-arm-clang.release.lib : DebugP_log.obj (.text._DebugP_assert)
                  70058840    00000058     drivers.am263px.r5f.ti-arm-clang.release.lib : mcspi_dma_edma.obj (.text.MCSPI_edmaUpdateTransferParams)
                  70058898    00000058     libc.a : fopen.c.obj (.text.__TI_cleanup)
                  700588f0    00000058     libsysbm.a : trgmsg.c.obj (.text.__TI_readmsg)
                  70058948    00000058                : trgmsg.c.obj (.text.__TI_writemsg)
                  700589a0    00000058     board.o (.text.init_interrupt)
                  700589f8    00000058     logger.o (.text.print_pending_logs)
                  70058a50    00000056     nortos.am263px.r5f.ti-arm-clang.release.lib : ClockP_nortos.obj (.text.ClockP_getTimeUsec)
                  70058aa6    00000056     drivers.am263px.r5f.ti-arm-clang.release.lib : uart_v0_lld.obj (.text.UART_intrDisable)
                  70058afc    00000056                                                  : uart_v0_lld.obj (.text.UART_readCancelNoCB)
                  70058b52    00000056                                                  : uart_v0_lld.obj (.text.UART_writeCancelNoCB)
                  70058ba8    00000054     ti_dpl_config.o (.text.Dpl_init)
                  70058bfc    00000054     libc.a : exit.c.obj (.text.exit)
                  70058c50    00000054            : getdevice.c.obj (.text.finddevice)
                  70058ca4    00000054            : autoinit.c.obj (.text:__TI_auto_init_nobinit_nopinit)
                  70058cf8    00000052     nortos.am263px.r5f.ti-arm-clang.release.lib : AddrTranslateP_32bit.obj (.text.AddrTranslateP_getLocalAddr)
                  70058d4a    00000052     drivers.am263px.r5f.ti-arm-clang.release.lib : mcspi_v0_lld.obj (.text.MCSPI_lld_deInitDma)
                  70058d9c    00000050     nortos.am263px.r5f.ti-arm-clang.release.lib : ClockP_nortos.obj (.text.ClockP_construct)
                  70058dec    00000050     drivers.am263px.r5f.ti-arm-clang.release.lib : edma.obj (.text.EDMA_allocDmaChannel)
                  70058e3c    00000050                                                  : edma.obj (.text.EDMA_allocParam)
                  70058e8c    00000050                                                  : edma.obj (.text.EDMA_allocTcc)
                  70058edc    0000004e     nortos.am263px.r5f.ti-arm-clang.release.lib : ClockP_nortos.obj (.text.ClockP_addToList)
                  70058f2a    0000004e     ti_drivers_open_close.o (.text.Drivers_edmaOpen)
                  70058f78    0000004e     ti_drivers_open_close.o (.text.Drivers_uartOpen)
                  70058fc6    0000004e     drivers.am263px.r5f.ti-arm-clang.release.lib : edma.obj (.text.EDMA_disableChInShadowRegRegion)
                  70059014    0000004c                                                  : mcspi_v0.obj (.text.MCSPI_transferCallback)
                  70059060    0000004c                                                  : soc.obj (.text.SOC_enableAdcReferenceMonitor)
                  700590ac    00000048                                                  : soc.obj (.text.SOC_enableAdcGlobalForce)
                  700590f4    00000048                                                  : soc.obj (.text.SOC_enableAdcInternalReference)
                  7005913c    00000048                                                  : uart_dma_edma.obj (.text.UART_edmaIsrRx)
                  70059184    00000048     libsysbm.a : unlink.c.obj (.text.unlink)
                  700591cc    00000046     drivers.am263px.r5f.ti-arm-clang.release.lib : uart_dma_edma.obj (.text.UART_edmaIsrTx)
                  70059212    00000002     --HOLE-- [fill = 0]
                  70059214    00000044                                                  : soc.obj (.text.SOC_getAdcReferenceStatus)
                  70059258    00000044                                                  : uart_v0.obj (.text.UART_Params_init)
                  7005929c    00000044                                                  : uart_v0_lld.obj (.text.UART_lld_deInitDma)
                  700592e0    00000040     nortos.am263px.r5f.ti-arm-clang.release.lib : ClockP_nortos.obj (.text.ClockP_stop)
                  70059320    00000040     drivers.am263px.r5f.ti-arm-clang.release.lib : edma.obj (.text.EDMA_mapChToEvtQ)
                  70059360    00000040                                                  : pinmux.obj (.text.Pinmux_config)
                  700593a0    00000040     nortos.am263px.r5f.ti-arm-clang.release.lib : SemaphoreP_nortos.obj (.text.SemaphoreP_constructBinary)
                  700593e0    00000040     drivers.am263px.r5f.ti-arm-clang.release.lib : uart_v0_lld.obj (.text.UART_lld_deInit)
                  70059420    00000040     libc.a : memory.c.obj (.text.free_list_insert)
                  70059460    0000003e     nortos.am263px.r5f.ti-arm-clang.release.lib : SemaphoreP_nortos.obj (.text.SemaphoreP_constructMutex)
                  7005949e    00000002     --HOLE-- [fill = 0]
                  700594a0    0000003c     drivers.am263px.r5f.ti-arm-clang.release.lib : edma.obj (.text.EDMA_getBaseAddr)
                  700594dc    0000003c                                                  : uart_v0_lld.obj (.text.UART_readData)
                  70059518    0000003a     nortos.am263px.r5f.ti-arm-clang.release.lib : ClockP_nortos.obj (.text.ClockP_destruct)
                  70059552    0000003a                                                 : DebugP_uartLogWriter.obj (.text.DebugP_uartLogWriterPutChar)
                  7005958c    0000003a     ti_power_clock_config.o (.text.Module_clockSetFrequency)
                  700595c6    0000003a     drivers.am263px.r5f.ti-arm-clang.release.lib : uart_v0_lld.obj (.text.UART_lld_flushTxFifo)
                  70059600    0000003a     logger.o (.text.add_log)
                  7005963a    00000002     --HOLE-- [fill = 0]
                  7005963c    00000038     drivers.am263px.r5f.ti-arm-clang.release.lib : soc_rcm.obj (.text.SOC_rcmADPLLJGetFOut)
                  70059674    00000038     nortos.am263px.r5f.ti-arm-clang.release.lib : DebugP_nortos.obj (.text._DebugP_logZone)
                  700596ac    00000038                                                 : PmuP_armv7r_asm.obj (.text.pmu)
                  700596e4    00000036     drivers.am263px.r5f.ti-arm-clang.release.lib : edma.obj (.text.EDMA_clrMissEvtRegion)
                  7005971a    00000034     nortos.am263px.r5f.ti-arm-clang.release.lib : ClockP_nortos.obj (.text.ClockP_start)
                  7005974e    00000034     drivers.am263px.r5f.ti-arm-clang.release.lib : mcspi_v0.obj (.text.MCSPI_errorCallback)
                  70059782    00000034     ti_power_clock_config.o (.text.Module_clockDisable)
                  700597b6    00000034     ti_power_clock_config.o (.text.Module_clockEnable)
                  700597ea    00000002     --HOLE-- [fill = 0]
                  700597ec    00000034     drivers.am263px.r5f.ti-arm-clang.release.lib : soc.obj (.text.SOC_enableAdcDacLoopback)
                  70059820    00000034                                                  : soc_rcm.obj (.text.SOC_rcmGetModuleClkDivVal)
                  70059854    00000034     libc.a : memory.c.obj (.text.free_list_remove)
                  70059888    00000034     libsysbm.a : lseek.c.obj (.text.lseek)
                  700598bc    00000034                : write.c.obj (.text.write)
                  700598f0    00000032     nortos.am263px.r5f.ti-arm-clang.release.lib : ClockP_nortos.obj (.text.ClockP_usleep)
                  70059922    00000032     drivers.am263px.r5f.ti-arm-clang.release.lib : edma.obj (.text.EDMA_unmapChToEvtQ)
                  70059954    00000032     nortos.am263px.r5f.ti-arm-clang.release.lib : SemaphoreP_nortos.obj (.text.SemaphoreP_post)
                  70059986    00000030                                                 : DebugP_uartScanf.obj (.text.DebugP_scanf)
                  700599b6    00000030     drivers.am263px.r5f.ti-arm-clang.release.lib : uart_v0.obj (.text.UART_lld_writeCompleteCallback)
                  700599e6    0000002e                                                  : edma.obj (.text.EDMA_enableChInShadowRegRegion)
                  70059a14    0000002e                                                  : uart_v0.obj (.text.UART_lld_readCompleteCallback)
                  70059a42    0000002c     nortos.am263px.r5f.ti-arm-clang.release.lib : DebugP_shmLogReader.obj (.text.DebugP_shmLogReaderInit)
                  70059a6e    00000002     --HOLE-- [fill = 0]
                  70059a70    0000002c     drivers.am263px.r5f.ti-arm-clang.release.lib : soc_rcm.obj (.text.SOC_rcmGetR5Clock)
                  70059a9c    0000002c                                                  : uart_v0.obj (.text.UART_getHandle)
                  70059ac8    0000002c     libc.a : sscanf.c.obj (.text.vsscanf)
                  70059af4    0000002a     ti_drivers_config.o (.text.System_init)
                  70059b1e    00000028     nortos.am263px.r5f.ti-arm-clang.release.lib : ClockP_nortos.obj (.text.ClockP_sleepTicks)
                  70059b46    00000028     drivers.am263px.r5f.ti-arm-clang.release.lib : gpio.obj (.text.GPIO_setDirMode)
                  70059b6e    00000028                                                  : mcspi_v0_lld.obj (.text.MCSPI_fifoReadMultiWord)
                  70059b96    00000002     --HOLE-- [fill = 0]
                  70059b98    00000028                                                  : soc.obj (.text.SOC_moduleSetClockFrequency)
                  70059bc0    00000026     nortos.am263px.r5f.ti-arm-clang.release.lib : ClockP_nortos.obj (.text.ClockP_sleep)
                  70059be6    00000026     drivers.am263px.r5f.ti-arm-clang.release.lib : edma.obj (.text.EDMA_setPaRAM)
                  70059c0c    00000026                                                  : uart_dma_edma.obj (.text.UART_lld_dmaDisableChannel)
                  70059c32    00000024                                                  : mcspi_v0_lld.obj (.text.MCSPI_fifoWriteMultiWord)
                  70059c56    00000002     --HOLE-- [fill = 0]
                  70059c58    00000024                                                  : uart_v0_lld.obj (.text.UART_IsHWFlowCtrlValid)
                  70059c7c    00000024                                                  : uart_v0_lld.obj (.text.UART_IsRxTrigLvlValid)
                  70059ca0    00000024                                                  : uart_v0_lld.obj (.text.UART_IsTxTrigLvlValid)
                  70059cc4    00000024     libclang_rt.builtins.a : aeabi_uldivmod.S.obj (.text.__aeabi_uldivmod)
                  70059ce8    00000024     nortos.am263px.r5f.ti-arm-clang.release.lib : printf.obj (.text.vprintf_)
                  70059d0c    00000022     drivers.am263px.r5f.ti-arm-clang.release.lib : edma.obj (.text.EDMA_linkChannel)
                  70059d2e    00000022     logger.o (.text.print_logs)
                  70059d50    00000020     nortos.am263px.r5f.ti-arm-clang.release.lib : DebugP_log.obj (.text.DebugP_logZoneEnable)
                  70059d70    00000020     drivers.am263px.r5f.ti-arm-clang.release.lib : mcspi_v0_lld.obj (.text.MCSPI_fifoRead32)
                  70059d90    00000020     nortos.am263px.r5f.ti-arm-clang.release.lib : TimerP_rti_priv.obj (.text.TimerP_Params_initPriv)
                  70059db0    00000020     drivers.am263px.r5f.ti-arm-clang.release.lib : uart_v0_lld.obj (.text.UART_getChar)
                  70059dd0    0000001e     ti_drivers_config.o (.text.System_deinit)
                  70059dee    0000001e     drivers.am263px.r5f.ti-arm-clang.release.lib : uart_v0_lld.obj (.text.UART_spaceAvail)
                  70059e0c    0000001e                                                  : uart_v0_lld.obj (.text.UART_statusIsDataReady)
                  70059e2a    0000001c                                                  : mcspi_v0_lld.obj (.text.MCSPI_fifoWrite32)
                  70059e46    0000001c                                                  : mcspi_v0_lld.obj (.text.MCSPI_lld_deInit)
                  70059e62    00000002     --HOLE-- [fill = 0]
                  70059e64    0000001c                                                  : soc_rcm.obj (.text.SOC_rcmIsR5FInLockStepMode)
                  70059e80    0000001c     libc.a : sscanf.c.obj (.text._inpchar)
                  70059e9c    0000001c     main.o (.text.main)
                  70059eb8    0000001c     libsysbm.a : hostrename.c.obj (.text.strcpy)
                  70059ed4    0000001c                : hostrename.c.obj (.text.strlen)
                  70059ef0    0000001c     libc.a : memcpy32.S.obj (.text:TI_memcpy_small)
                  70059f0c    0000001a     nortos.am263px.r5f.ti-arm-clang.release.lib : CpuId_armv7r.obj (.text.CSL_armR5GetCpuID)
                  70059f26    0000001a     drivers.am263px.r5f.ti-arm-clang.release.lib : edma.obj (.text.EDMA_readEventStatusRegion)
                  70059f40    0000001a                                                  : uart_v0_lld.obj (.text.UART_enhanFuncEnable)
                  70059f5a    00000002     --HOLE-- [fill = 0]
                  70059f5c    00000018                                                  : mcspi_v0.obj (.text.MCSPI_deinit)
                  70059f74    00000018                                                  : mcspi_dma_edma.obj (.text.MCSPI_lld_dmaInit)
                  70059f8c    00000018     nortos.am263px.r5f.ti-arm-clang.release.lib : TimerP_rti_priv.obj (.text.TimerP_getCountPriv)
                  70059fa4    00000018     drivers.am263px.r5f.ti-arm-clang.release.lib : uart_v0.obj (.text.UART_deinit)
                  70059fbc    00000018     libc.a : memset32.S.obj (.text:TI_memset_small)
                  70059fd4    00000016     drivers.am263px.r5f.ti-arm-clang.release.lib : mcspi_v0_lld.obj (.text.MCSPI_reset)
                  70059fea    00000016                                                  : uart_v0_lld.obj (.text.UART_IsTxRxFifoEmpty)
                  7005a000    00000016                                                  : uart_v0_lld.obj (.text.UART_getIntrIdentityStatus)
                  7005a016    00000016                                                  : uart_v0_lld.obj (.text.UART_getRxError)
                  7005a02c    00000014     nortos.am263px.r5f.ti-arm-clang.release.lib : ClockP_nortos.obj (.text.ClockP_usecToTicks)
                  7005a040    00000014     drivers.am263px.r5f.ti-arm-clang.release.lib : edma.obj (.text.EDMA_getRegionId)
                  7005a054    00000014                                                  : uart_v0.obj (.text.UART_Transaction_init)
                  7005a068    00000014                                                  : uart_v0_lld.obj (.text.UART_enhanFuncBitValRestore)
                  7005a07c    00000012                                                  : adc.obj (.text.ADC_setMode)
                  7005a08e    00000012                                                  : uart_v0_lld.obj (.text.UART_hardwareFlowCtrlOptSet)
                  7005a0a0    00000012                                                  : uart_v0_lld.obj (.text.UART_operatingModeSelect)
                  7005a0b2    00000012                                                  : uart_v0_lld.obj (.text.UART_readLineStatus)
                  7005a0c4    00000012     ti_dpl_config.o (.text.putchar_)
                  7005a0d6    00000010     drivers.am263px.r5f.ti-arm-clang.release.lib : gpio.obj (.text.GPIO_bankIntrDisable)
                  7005a0e6    00000010                                                  : uart_v0_lld.obj (.text.UART_intr2Disable)
                  7005a0f6    00000002     --HOLE-- [fill = 0]
                  7005a0f8    00000010     libclang_rt.builtins.a : aeabi_memset.S.obj (.text.__aeabi_memset)
                  7005a108    00000010     libc.a : sscanf.c.obj (.text._uninpchar)
                  7005a118    00000010            : fputc.c.obj (.text.putchar)
                  7005a128    0000000e     drivers.am263px.r5f.ti-arm-clang.release.lib : edma.obj (.text.EDMA_ccPaRAMEntry_init)
                  7005a136    0000000e                                                  : gpio.obj (.text.GPIO_bankIntrEnable)
                  7005a144    0000000e     ti_pinmux_config.o (.text.Pinmux_init)
                  7005a152    0000000e     ti_power_clock_config.o (.text.PowerClock_init)
                  7005a160    0000000e     logger.o (.text.clear_logs)
                  7005a16e    0000000c     nortos.am263px.r5f.ti-arm-clang.release.lib : ClockP_nortos.obj (.text.ClockP_getTicks)
                  7005a17a    0000000c                                                 : DebugP_uartLogWriter.obj (.text.DebugP_uartSetDrvIndex)
                  7005a186    0000000c     drivers.am263px.r5f.ti-arm-clang.release.lib : edma.obj (.text.EDMA_isInitialized)
                  7005a192    0000000c                                                  : soc.obj (.text.SOC_getSelfCpuClk)
                  7005a19e    00000002     --HOLE-- [fill = 0]
                  7005a1a0    0000000c     libc.a : aeabi_portable.c.obj (.text.__aeabi_errno_addr)
                  7005a1ac    0000000c     libclang_rt.builtins.a : aeabi_memset.S.obj (.text.__aeabi_memclr)
                  7005a1b8    0000000c     libc.a : memory.c.obj (.text.malloc)
                  7005a1c4    0000000c     nortos.am263px.r5f.ti-arm-clang.release.lib : CpuId_armv7r_asm.obj (.text)
                  7005a1d0    0000000a                                                 : ClockP_nortos.obj (.text.ClockP_Params_init)
                  7005a1da    00000006     drivers.am263px.r5f.ti-arm-clang.release.lib : edma.obj (.text.EDMA_isInterruptEnabled)
                  7005a1e0    0000000c     libc.a : strcmp32.S.obj (.text)
                  7005a1ec    0000000a     nortos.am263px.r5f.ti-arm-clang.release.lib : ClockP_nortos.obj (.text.ClockP_isActive)
                  7005a1f6    0000000a                                                 : TimerP_rti_priv.obj (.text.TimerP_getReloadCountPriv)
                  7005a200    0000000a                                                 : TimerP_rti_priv.obj (.text.TimerP_startPriv)
                  7005a20a    0000000a     drivers.am263px.r5f.ti-arm-clang.release.lib : uart_v0_lld.obj (.text.UART_lld_Transaction_deInit)
                  7005a214    00000008     libsysbm.a : hostexit.c.obj (.text.HOSTexit)
                  7005a21c    00000008     nortos.am263px.r5f.ti-arm-clang.release.lib : TimerP_rti_priv.obj (.text.TimerP_clearOverflowIntPriv)
                  7005a224    00000008                                                 : printf.obj (.text._out_char)
                  7005a22c    00000006     drivers.am263px.r5f.ti-arm-clang.release.lib : soc.obj (.text.SOC_moduleClockEnable)
                  7005a232    00000006                                                  : soc_rcm.obj (.text.SOC_rcmGetCR5SysclkInFrequency)
                  7005a238    00000004     ti_board_open_close.o (.text.Board_driversOpen)
                  7005a23c    00000004     nortos.am263px.r5f.ti-arm-clang.release.lib : ClockP_nortos_r5.obj (.text.ClockP_getTimerCount)
                  7005a240    00000004                                                 : ClockP_nortos_r5.obj (.text.ClockP_timerClearOverflowInt)
                  7005a244    00000004     ti_power_clock_config.o (.text.PowerClock_deinit)
                  7005a248    00000004     nortos.am263px.r5f.ti-arm-clang.release.lib : TimerP_rti_nortos.obj (.text.TimerP_Params_init)
                  7005a24c    00000004                                                 : TimerP_rti_nortos.obj (.text.TimerP_clearOverflowInt)
                  7005a250    00000004                                                 : TimerP_rti_nortos.obj (.text.TimerP_getCount)
                  7005a254    00000004                                                 : TimerP_rti_nortos.obj (.text.TimerP_getReloadCount)
                  7005a258    00000004                                                 : TimerP_rti_nortos.obj (.text.TimerP_setup)
                  7005a25c    00000004                                                 : TimerP_rti_nortos.obj (.text.TimerP_start)
                  7005a260    00000004     libclang_rt.builtins.a : aeabi_div0.c.obj (.text.__aeabi_idiv0)
                  7005a264    00000004                            : aeabi_div0.c.obj (.text.__aeabi_ldiv0)
                  7005a268    00000004                            : aeabi_memcpy.S.obj (.text.__aeabi_memcpy)
                  7005a26c    00000004     libc.a : _lock.c.obj (.text._nop)
                  7005a270    00000004            : fseek.c.obj (.text.fseek)
                  7005a274    00000004     libsysbm.a : remove.c.obj (.text.remove)
                  7005a278    00000008     nortos.am263px.r5f.ti-arm-clang.release.lib : HwiP_armv7r_asm.obj (.tramp.HwiP_restore.1)
                  7005a280    00000008                                                 : HwiP_armv7r_asm.obj (.tramp.HwiP_enable.1)
                  7005a288    00000008                                                 : PmuP_armv7r_asm.obj (.tramp.PmuP_setUserEnable.1)
                  7005a290    00000008                                                 : PmuP_armv7r_asm.obj (.tramp.PmuP_enableCounters.1)
                  7005a298    00000008     --HOLE-- [fill = 0]

.rodata    0    7005a2a0    000019b0     
                  7005a2a0    000004b0     testing.o (.rodata.test_results)
                  7005a750    00000101     libc.a : aeabi_ctype.S.obj (.rodata:__aeabi_ctype_table_)
                  7005a851    00000096     testing.o (.rodata.test_cases)
                  7005a8e7    00000001     logger.o (.rodata.str1.5671237403414969566.1)
                  7005a8e8    00000080     libc.a : strtod.c.obj (.rodata.digits)
                  7005a968    0000007a     ti_drivers_open_close.o (.rodata.str1.17665391694225509261.1)
                  7005a9e2    00000002     --HOLE-- [fill = 0]
                  7005a9e4    00000074     ti_dpl_config.o (.rodata.cfg)
                  7005aa58    00000051     drivers.am263px.r5f.ti-arm-clang.release.lib : mcspi_v0.obj (.rodata.str1.26396439823528435241)
                  7005aaa9    00000007     libc.a : _scanfi.c.obj (.rodata._sproc_int.flit)
                  7005aab0    00000050     nortos.am263px.r5f.ti-arm-clang.release.lib : printf.obj (.rodata._ftoa.pow10)
                  7005ab00    00000048     drivers.am263px.r5f.ti-arm-clang.release.lib : soc_rcm.obj (.rodata.gADPLLJConfigTbl)
                  7005ab48    00000048     libc.a : strtod.c.obj (.rodata.powerof10)
                  7005ab90    00000048     drivers.am263px.r5f.ti-arm-clang.release.lib : mcspi_v0_lld.obj (.rodata.str1.97363132707188488161)
                  7005abd8    0000003d     nortos.am263px.r5f.ti-arm-clang.release.lib : TimerP_rti_priv.obj (.rodata.str1.72163963154704191671)
                  7005ac15    00000038     testing.o (.rodata.str1.13271957185734089466.1)
                  7005ac4d    00000037     testing.o (.rodata.str1.13902908763734703229.1)
                  7005ac84    00000037     testing.o (.rodata.str1.14475428689845802839.1)
                  7005acbb    00000037     testing.o (.rodata.str1.17746360623054601515.1)
                  7005acf2    00000037     nortos.am263px.r5f.ti-arm-clang.release.lib : SemaphoreP_nortos.obj (.rodata.str1.52751030918495836841)
                  7005ad29    00000036     ti_drivers_open_close.o (.rodata.str1.2554706296470369595.1)
                  7005ad5f    00000035     ti_drivers_open_close.o (.rodata.str1.10252002122772422448.1)
                  7005ad94    00000035     ti_drivers_open_close.o (.rodata.str1.17551203406305493380.1)
                  7005adc9    00000033     testing.o (.rodata.str1.13404232100597892824.1)
                  7005adfc    00000033     testing.o (.rodata.str1.912323090116748061.1)
                  7005ae2f    00000032     drivers.am263px.r5f.ti-arm-clang.release.lib : adc.obj (.rodata.str1.104222482920253680151)
                  7005ae61    00000032                                                  : adc.obj (.rodata.str1.137023953294967812531)
                  7005ae93    00000001     --HOLE-- [fill = 0]
                  7005ae94    00000030     logger.o (.rodata..Lswitch.table.print_log.26)
                  7005aec4    00000030     ti_drivers_open_close.o (.rodata.str1.14200658025495415368.1)
                  7005aef4    0000002e     nortos.am263px.r5f.ti-arm-clang.release.lib : ClockP_nortos.obj (.rodata.str1.39419159632632580371)
                  7005af22    0000002a     logger.o (.rodata.str1.516959638814628545.1)
                  7005af4c    0000002a     nortos.am263px.r5f.ti-arm-clang.release.lib : DebugP_log.obj (.rodata.str1.8882360920750446361)
                  7005af76    00000028     ti_drivers_open_close.o (.rodata.str1.10490786615736436564.1)
                  7005af9e    00000028     ti_drivers_open_close.o (.rodata.str1.7332975063418302059.1)
                  7005afc6    00000027     nortos.am263px.r5f.ti-arm-clang.release.lib : ClockP_nortos_r5.obj (.rodata.str1.91622226613999981811)
                  7005afed    00000025     ti_drivers_open_close.o (.rodata.str1.7750254725308216577.1)
                  7005b012    00000024     testing.o (.rodata.str1.1448113453728135492.1)
                  7005b036    00000024     drivers.am263px.r5f.ti-arm-clang.release.lib : edma.obj (.rodata.str1.164918382464449145851)
                  7005b05a    00000023     nortos.am263px.r5f.ti-arm-clang.release.lib : ClockP_nortos_r5.obj (.rodata.str1.136646522816104227591)
                  7005b07d    00000023     ti_drivers_open_close.o (.rodata.str1.15574074207268991336.1)
                  7005b0a0    00000023     drivers.am263px.r5f.ti-arm-clang.release.lib : soc_rcm.obj (.rodata.str1.15813086600912413471)
                  7005b0c3    00000022                                                  : edma.obj (.rodata.str1.6611792697437713481)
                  7005b0e5    00000021     nortos.am263px.r5f.ti-arm-clang.release.lib : ClockP_nortos_r5.obj (.rodata.str1.99041146818411950391)
                  7005b106    00000002     --HOLE-- [fill = 0]
                  7005b108    00000020     drivers.am263px.r5f.ti-arm-clang.release.lib : uart_v0_lld.obj (.rodata.cst32)
                  7005b128    00000020     PDMtesting.o (.rodata.str1.10015848951539402881.1)
                  7005b148    00000020     drivers.am263px.r5f.ti-arm-clang.release.lib : uart_v0.obj (.rodata.str1.150767988884773108331)
                  7005b168    0000001f     board.o (.rodata.str1.10881007155619371109.1)
                  7005b187    0000001f     board.o (.rodata.str1.123550804358397101.1)
                  7005b1a6    0000001f     board.o (.rodata.str1.13738757807042593414.1)
                  7005b1c5    0000001f     board.o (.rodata.str1.14465880841147386111.1)
                  7005b1e4    0000001f     logger.o (.rodata.str1.14780196379335289893.1)
                  7005b203    0000001f     board.o (.rodata.str1.1510811462892085231.1)
                  7005b222    0000001f     board.o (.rodata.str1.16077883977509950417.1)
                  7005b241    0000001f     board.o (.rodata.str1.1696272589420159480.1)
                  7005b260    0000001f     board.o (.rodata.str1.18250802514644841805.1)
                  7005b27f    0000001f     nortos.am263px.r5f.ti-arm-clang.release.lib : SemaphoreP_nortos.obj (.rodata.str1.25281168886080794691)
                  7005b29e    0000001f                                                 : ClockP_nortos_r5.obj (.rodata.str1.25349503636762439021)
                  7005b2bd    0000001f     board.o (.rodata.str1.5436337271421848948.1)
                  7005b2dc    0000001f     board.o (.rodata.str1.673658226405435322.1)
                  7005b2fb    0000001f     ti_drivers_open_close.o (.rodata.str1.871795152488895636.1)
                  7005b31a    0000001f     board.o (.rodata.str1.9045895231722895584.1)
                  7005b339    0000001f     board.o (.rodata.str1.9461189164499355904.1)
                  7005b358    0000001e     board.o (.rodata.str1.10345935079445805060.1)
                  7005b376    0000001e     drivers.am263px.r5f.ti-arm-clang.release.lib : mcspi_v0.obj (.rodata.str1.144400815220210358851)
                  7005b394    0000001e     board.o (.rodata.str1.6418571003999367838.1)
                  7005b3b2    0000001e     board.o (.rodata.str1.6840234256597642108.1)
                  7005b3d0    0000001e     board.o (.rodata.str1.9453984286452795027.1)
                  7005b3ee    0000001d     nortos.am263px.r5f.ti-arm-clang.release.lib : TimerP_rti_priv.obj (.rodata.str1.114219152040444562951)
                  7005b40b    0000001d                                                 : TimerP_rti_priv.obj (.rodata.str1.125174968193178473681)
                  7005b428    0000001d     ti_drivers_open_close.o (.rodata.str1.13083909648175487149.1)
                  7005b445    0000001d     drivers.am263px.r5f.ti-arm-clang.release.lib : uart_v0.obj (.rodata.str1.142814395268246240721)
                  7005b462    0000001d     nortos.am263px.r5f.ti-arm-clang.release.lib : TimerP_rti_priv.obj (.rodata.str1.27974953896521033811)
                  7005b47f    0000001b     drivers.am263px.r5f.ti-arm-clang.release.lib : edma.obj (.rodata.str1.16266241636797238661)
                  7005b49a    0000001b     nortos.am263px.r5f.ti-arm-clang.release.lib : ClockP_nortos.obj (.rodata.str1.47646432807403639741)
                  7005b4b5    0000001b     ti_drivers_open_close.o (.rodata.str1.5509699957385355460.1)
                  7005b4d0    0000001a     drivers.am263px.r5f.ti-arm-clang.release.lib : edma.obj (.rodata.str1.124702968117785801901)
                  7005b4ea    0000001a     nortos.am263px.r5f.ti-arm-clang.release.lib : ClockP_nortos_r5.obj (.rodata.str1.133203246495064227641)
                  7005b504    0000001a     drivers.am263px.r5f.ti-arm-clang.release.lib : soc_rcm.obj (.rodata.str1.153801437654618082741)
                  7005b51e    0000001a                                                  : mcspi_v0.obj (.rodata.str1.169212516063846095031)
                  7005b538    0000001a     board.o (.rodata.str1.9440741161207462191.1)
                  7005b552    0000001a     drivers.am263px.r5f.ti-arm-clang.release.lib : mcspi_v0.obj (.rodata.str1.99640994410596514241)
                  7005b56c    00000019     ti_drivers_open_close.o (.rodata.str1.14059614886583751700.1)
                  7005b585    00000019     nortos.am263px.r5f.ti-arm-clang.release.lib : TimerP_rti_priv.obj (.rodata.str1.160914699991520874261)
                  7005b59e    00000019     ti_drivers_open_close.o (.rodata.str1.5293217666052239616.1)
                  7005b5b7    00000001     --HOLE-- [fill = 0]
                  7005b5b8    00000018     drivers.am263px.r5f.ti-arm-clang.release.lib : soc.obj (.rodata..Lswitch.table.SOC_getAdcReferenceStatus)
                  7005b5d0    00000018                                                  : soc_rcm.obj (.rodata.gControlssPllClkSrcValMap)
                  7005b5e8    00000018                                                  : soc_rcm.obj (.rodata.gCptsClkSrcValMap)
                  7005b600    00000018                                                  : soc_rcm.obj (.rodata.gI2cClkSrcValMap)
                  7005b618    00000018                                                  : soc_rcm.obj (.rodata.gLinUartClkSrcValMap)
                  7005b630    00000018                                                  : soc_rcm.obj (.rodata.gPeripheralClkSrcInfoMap)
                  7005b648    00000018                                                  : soc_rcm.obj (.rodata.gRtiClkSrcValMap)
                  7005b660    00000018                                                  : soc_rcm.obj (.rodata.gWdtClkSrcValMap)
                  7005b678    00000018     logger.o (.rodata.str1.14867204177169952558.1)
                  7005b690    00000018     logger.o (.rodata.str1.15765208293925770228.1)
                  7005b6a8    00000018     drivers.am263px.r5f.ti-arm-clang.release.lib : uart_v0.obj (.rodata.str1.9069738176458784971)
                  7005b6c0    00000018     logger.o (.rodata.str1.998270875404085501.1)
                  7005b6d8    00000017     drivers.am263px.r5f.ti-arm-clang.release.lib : soc_rcm.obj (.rodata.str1.141251745167226470741)
                  7005b6ef    00000017     ti_drivers_open_close.o (.rodata.str1.1628183244885117158.1)
                  7005b706    00000016     PDMtesting.o (.rodata.str1.10577412323663350067.1)
                  7005b71c    00000016     drivers.am263px.r5f.ti-arm-clang.release.lib : soc_rcm.obj (.rodata.str1.107645048611228328791)
                  7005b732    00000016     PDMtesting.o (.rodata.str1.12143205621091433229.1)
                  7005b748    00000016     drivers.am263px.r5f.ti-arm-clang.release.lib : soc_rcm.obj (.rodata.str1.177369307189295936511)
                  7005b75e    00000016                                                  : soc_rcm.obj (.rodata.str1.63555232926284281011)
                  7005b774    00000016                                                  : mcspi_v0.obj (.rodata.str1.85423015064808713541)
                  7005b78a    00000015     ti_drivers_open_close.o (.rodata.str1.11521962449680083383.1)
                  7005b79f    00000015     drivers.am263px.r5f.ti-arm-clang.release.lib : edma.obj (.rodata.str1.149652404363315708211)
                  7005b7b4    00000015     ti_drivers_open_close.o (.rodata.str1.17912154466570466874.1)
                  7005b7c9    00000015     drivers.am263px.r5f.ti-arm-clang.release.lib : adc.obj (.rodata.str1.20431844208594508061)
                  7005b7de    00000015     nortos.am263px.r5f.ti-arm-clang.release.lib : SemaphoreP_nortos.obj (.rodata.str1.30861210816963497001)
                  7005b7f3    00000014     drivers.am263px.r5f.ti-arm-clang.release.lib : mcspi_v0_lld.obj (.rodata.str1.147988882001261723701)
                  7005b807    00000014                                                  : edma.obj (.rodata.str1.176595599180530855901)
                  7005b81b    00000014                                                  : mcspi_v0.obj (.rodata.str1.34611452835214624521)
                  7005b82f    00000014     ti_drivers_open_close.o (.rodata.str1.3622116258035701796.1)
                  7005b843    00000014     drivers.am263px.r5f.ti-arm-clang.release.lib : edma.obj (.rodata.str1.41785049815304208531)
                  7005b857    00000014                                                  : edma.obj (.rodata.str1.93700429500326477781)
                  7005b86b    00000013     testing.o (.rodata.str1.13753495736459524521.1)
                  7005b87e    00000013     drivers.am263px.r5f.ti-arm-clang.release.lib : soc_rcm.obj (.rodata.str1.30734103837947208761)
                  7005b891    00000013     testing.o (.rodata.str1.5333103860067079182.1)
                  7005b8a4    00000013     drivers.am263px.r5f.ti-arm-clang.release.lib : uart_v0.obj (.rodata.str1.9980655952161290391)
                  7005b8b7    00000012                                                  : uart_v0.obj (.rodata.str1.166492982902436568231)
                  7005b8c9    00000012                                                  : uart_v0.obj (.rodata.str1.171120843061886446841)
                  7005b8db    00000012                                                  : edma.obj (.rodata.str1.41579851849113419871)
                  7005b8ed    00000012     ti_drivers_open_close.o (.rodata.str1.6538372684047993024.1)
                  7005b8ff    00000012     drivers.am263px.r5f.ti-arm-clang.release.lib : soc_rcm.obj (.rodata.str1.67217821191364965911)
                  7005b911    00000011                                                  : edma.obj (.rodata.str1.117215064595961288031)
                  7005b922    00000011     ti_drivers_open_close.o (.rodata.str1.12213835641041270557.1)
                  7005b933    00000011     drivers.am263px.r5f.ti-arm-clang.release.lib : uart_v0.obj (.rodata.str1.16967668833904919061)
                  7005b944    00000011                                                  : edma.obj (.rodata.str1.28692048193800818901)
                  7005b955    00000011     logger.o (.rodata.str1.3193577328096652195.1)
                  7005b966    00000011     nortos.am263px.r5f.ti-arm-clang.release.lib : ClockP_nortos.obj (.rodata.str1.37923443167824241621)
                  7005b977    00000011                                                 : TimerP_rti_priv.obj (.rodata.str1.44101942245516082551)
                  7005b988    00000011     ti_drivers_open_close.o (.rodata.str1.6292539624901818759.1)
                  7005b999    00000003     PDMtesting.o (.rodata.str1.1094412632907578887.1)
                  7005b99c    00000010     drivers.am263px.r5f.ti-arm-clang.release.lib : soc.obj (.rodata.cst16)
                  7005b9ac    00000010                                                  : mcspi_v0.obj (.rodata.str1.153145657127816401141)
                  7005b9bc    00000010                                                  : edma.obj (.rodata.str1.18778444954996405781)
                  7005b9cc    00000010     ti_drivers_open_close.o (.rodata.str1.5205884736402799790.1)
                  7005b9dc    0000000f     drivers.am263px.r5f.ti-arm-clang.release.lib : edma.obj (.rodata.str1.111354322338949310841)
                  7005b9eb    0000000f                                                  : edma.obj (.rodata.str1.144551280152329776181)
                  7005b9fa    0000000f                                                  : edma.obj (.rodata.str1.2759273541325923811)
                  7005ba09    0000000f     board.o (.rodata.str1.834004997606947946.1)
                  7005ba18    0000000f     drivers.am263px.r5f.ti-arm-clang.release.lib : edma.obj (.rodata.str1.92547749779646142691)
                  7005ba27    0000000e     ti_drivers_open_close.o (.rodata.str1.16112177131852734107.1)
                  7005ba35    0000000e     drivers.am263px.r5f.ti-arm-clang.release.lib : edma.obj (.rodata.str1.19244332700943948511)
                  7005ba43    0000000e                                                  : edma.obj (.rodata.str1.46057082369026546831)
                  7005ba51    0000000e                                                  : edma.obj (.rodata.str1.46782315602798139861)
                  7005ba5f    0000000d     ti_drivers_open_close.o (.rodata.str1.10450075619424269387.1)
                  7005ba6c    0000000d     drivers.am263px.r5f.ti-arm-clang.release.lib : edma.obj (.rodata.str1.121775923823351643201)
                  7005ba79    0000000d     ti_drivers_open_close.o (.rodata.str1.16905510790704221133.1)
                  7005ba86    0000000d     nortos.am263px.r5f.ti-arm-clang.release.lib : TimerP_rti_priv.obj (.rodata.str1.31870447354226168941)
                  7005ba93    0000000d     drivers.am263px.r5f.ti-arm-clang.release.lib : adc.obj (.rodata.str1.70150695697723348971)
                  7005baa0    0000000d     testing.o (.rodata.str1.9119961215068324276.1)
                  7005baad    00000003     --HOLE-- [fill = 0]
                  7005bab0    0000000c     drivers.am263px.r5f.ti-arm-clang.release.lib : mcspi_v0_lld.obj (.rodata..Lswitch.table.MCSPI_lld_controllerIsr.1)
                  7005babc    0000000c                                                  : mcspi_v0_lld.obj (.rodata..Lswitch.table.MCSPI_lld_controllerIsr)
                  7005bac8    0000000c                                                  : soc.obj (.rodata..Lswitch.table.SOC_enableAdcReferenceMonitor)
                  7005bad4    0000000c     logger.o (.rodata..Lswitch.table.print_log)
                  7005bae0    0000000c     logger.o (.rodata.str1.13406532556922755089.1)
                  7005baec    0000000c     nortos.am263px.r5f.ti-arm-clang.release.lib : ClockP_nortos_r5.obj (.rodata.str1.177642182983587376931)
                  7005baf8    0000000c     drivers.am263px.r5f.ti-arm-clang.release.lib : mcspi_v0.obj (.rodata.str1.69169362540279301091)
                  7005bb04    0000000c                                                  : edma.obj (.rodata.str1.73371482538137472541)
                  7005bb10    0000000b     board.o (.rodata.str1.15102135329570516791.1)
                  7005bb1b    0000000b     drivers.am263px.r5f.ti-arm-clang.release.lib : mcspi_v0.obj (.rodata.str1.169287378047891341191)
                  7005bb26    0000000b                                                  : uart_v0.obj (.rodata.str1.174466331461201984741)
                  7005bb31    0000000b                                                  : uart_v0.obj (.rodata.str1.23952661867579505821)
                  7005bb3c    0000000b                                                  : mcspi_v0.obj (.rodata.str1.248655060218483491)
                  7005bb47    0000000b                                                  : edma.obj (.rodata.str1.8716574913843167321)
                  7005bb52    0000000a                                                  : soc_rcm.obj (.rodata.str1.102656642322745120751)
                  7005bb5c    0000000a                                                  : edma.obj (.rodata.str1.11281620503267214511)
                  7005bb66    0000000a                                                  : uart_v0.obj (.rodata.str1.4680544719311723101)
                  7005bb70    0000000a                                                  : uart_v0.obj (.rodata.str1.62285611621840673441)
                  7005bb7a    0000000a     logger.o (.rodata.str1.887488774559121338.1)
                  7005bb84    0000000a     drivers.am263px.r5f.ti-arm-clang.release.lib : edma.obj (.rodata.str1.94390198658697638781)
                  7005bb8e    0000000a                                                  : uart_v0.obj (.rodata.str1.98976386761529848021)
                  7005bb98    00000009     libc.a : _scanfi.c.obj (.rodata.str1.12964984209033246150.1)
                  7005bba1    00000003     --HOLE-- [fill = 0]
                  7005bba4    00000008            : _scanfi.c.obj (.rodata..L__const._sproc_float.special)
                  7005bbac    00000008     logger.o (.rodata.str1.11268383079938446260.1)
                  7005bbb4    00000008     logger.o (.rodata.str1.1246197995540081341.1)
                  7005bbbc    00000008     logger.o (.rodata.str1.4633242734696342979.1)
                  7005bbc4    00000008     logger.o (.rodata.str1.8545315102583907144.1)
                  7005bbcc    00000008     logger.o (.rodata.str1.9485715002722841782.1)
                  7005bbd4    00000007     logger.o (.rodata.str1.10127394157737690499.1)
                  7005bbdb    00000007     logger.o (.rodata.str1.10253156068257962407.1)
                  7005bbe2    00000007     logger.o (.rodata.str1.10289081750774512625.1)
                  7005bbe9    00000007     logger.o (.rodata.str1.12893940535876439382.1)
                  7005bbf0    00000007     logger.o (.rodata.str1.14246187852812087945.1)
                  7005bbf7    00000007     logger.o (.rodata.str1.16946937258229686214.1)
                  7005bbfe    00000007     logger.o (.rodata.str1.6452265960373237926.1)
                  7005bc05    00000007     logger.o (.rodata.str1.7498274428696469886.1)
                  7005bc0c    00000006     libc.a : _scanfi.c.obj (.rodata._sproc_int.barr)
                  7005bc12    00000006     logger.o (.rodata.str1.11170080405929493601.1)
                  7005bc18    00000006     drivers.am263px.r5f.ti-arm-clang.release.lib : soc_rcm.obj (.rodata.str1.53743240983164125611)
                  7005bc1e    00000005     nortos.am263px.r5f.ti-arm-clang.release.lib : printf.obj (.rodata.str1.143852280595428356391)
                  7005bc23    00000005                                                 : printf.obj (.rodata.str1.23318557076440195721)
                  7005bc28    00000005     logger.o (.rodata.str1.9978879681667430888.1)
                  7005bc2d    00000003     --HOLE-- [fill = 0]
                  7005bc30    00000004     nortos.am263px.r5f.ti-arm-clang.release.lib : CacheP_armv7r.obj (.rodata.gCacheL1dCacheLineSize)
                  7005bc34    00000004                                                 : CacheP_armv7r.obj (.rodata.gCacheL1pCacheLineSize)
                  7005bc38    00000004                                                 : printf.obj (.rodata.str1.122320159353749299121)
                  7005bc3c    00000004     logger.o (.rodata.str1.13114922096505101489.1)
                  7005bc40    00000004     libc.a : _scanfi.c.obj (.rodata.str1.3403580589742030990.1)
                  7005bc44    00000004     logger.o (.rodata.str1.5950550609978457137.1)
                  7005bc48    00000004     nortos.am263px.r5f.ti-arm-clang.release.lib : printf.obj (.rodata.str1.81101573233442303481)
                  7005bc4c    00000004     --HOLE-- [fill = 0]

.text.hwi 
*          0    7005bc50    000008d8     
                  7005bc50    00000402     nortos.am263px.r5f.ti-arm-clang.release.lib : HwiP_armv7r_vim.obj (.text.hwi)
                  7005c052    000002dc                                                 : HwiP_armv7r_handlers_nortos.obj (.text.hwi)
                  7005c32e    00000002     --HOLE-- [fill = 0]
                  7005c330    0000017c                                                 : HwiP_armv7r_handlers_nortos_asm.obj (.text.hwi)
                  7005c4ac    00000070                                                 : HwiP_armv7r_asm.obj (.text.hwi)
                  7005c51c    00000008                                                 : HwiP_armv7r_asm.obj (.tramp.HwiP_enableFIQ.1)
                  7005c524    00000004     --HOLE-- [fill = 0]

.text.cache 
*          0    7005c528    00000430     
                  7005c528    00000340     nortos.am263px.r5f.ti-arm-clang.release.lib : CacheP_armv7r_asm.obj (.text.cache)
                  7005c868    000000d8                                                 : CacheP_armv7r.obj (.text.cache)
                  7005c940    00000008                                                 : CacheP_armv7r_asm.obj (.tramp.CacheP_invL1d.1)
                  7005c948    00000008                                                 : CacheP_armv7r_asm.obj (.tramp.CacheP_enableL1p.1)
                  7005c950    00000008                                                 : HwiP_armv7r_asm.obj (.tramp.HwiP_restore.2)

.text.mpu 
*          0    7005c958    00000290     
                  7005c958    00000202     nortos.am263px.r5f.ti-arm-clang.release.lib : MpuP_armv7r.obj (.text.mpu)
                  7005cb5a    00000002     --HOLE-- [fill = 0]
                  7005cb5c    00000078                                                 : MpuP_armv7r_asm.obj (.text.mpu)
                  7005cbd4    00000008                                                 : HwiP_armv7r_asm.obj (.tramp.HwiP_restore.3)
                  7005cbdc    00000008                                                 : MpuP_armv7r_asm.obj (.tramp.MpuP_isEnableAsm.1)
                  7005cbe4    00000004     --HOLE-- [fill = 0]

.text.boot 
*          0    7005cbe8    00000190     
                  7005cbe8    00000144     nortos.am263px.r5f.ti-arm-clang.release.lib : boot_armv7r_asm.obj (.text.boot)
                  7005cd2c    0000001e                                                 : DebugP_log.obj (.text.boot)
                  7005cd4a    0000001c                                                 : boot_armv7r.obj (.text.boot)
                  7005cd66    0000000e     ti_dpl_config.o (.text.boot)
                  7005cd74    00000004     --HOLE-- [fill = 0]

.text:abort 
*          0    7005cd78    00000008     
                  7005cd78    00000008     libc.a : exit.c.obj (.text:abort)

.data      0    7005cd80    000006e0     
                  7005cd80    000000f0     libc.a : defs.c.obj (.data._ftable)
                  7005ce70    000000c8     ti_pinmux_config.o (.data.gPinMuxMainDomainCfg)
                  7005cf38    0000009c     drivers.am263px.r5f.ti-arm-clang.release.lib : mcspi_v0.obj (.data.gMcspiDrvObj)
                  7005cfd4    0000009c                                                  : uart_v0.obj (.data.gUartDrvObj)
                  7005d070    00000088     ti_drivers_config.o (.data.gEdmaAttrs)
                  7005d0f8    00000078     libsysbm.a : host_device.c.obj (.data._device)
                  7005d170    00000060     board.o (.data.intr_pins)
                  7005d1d0    00000058     ti_drivers_open_close.o (.data.gUartParams)
                  7005d228    00000050     libsysbm.a : host_device.c.obj (.data._stream)
                  7005d278    00000048     ti_drivers_config.o (.data.gMcspiAttrs)
                  7005d2c0    00000040     ti_drivers_open_close.o (.data.gSpi0ChCfg)
                  7005d300    00000040     ti_drivers_open_close.o (.data.gSpi1ChCfg)
                  7005d340    00000030     ti_power_clock_config.o (.data.gSocModulesClockFrequency)
                  7005d370    00000028     ti_drivers_open_close.o (.data.gMcspiOpenParams)
                  7005d398    00000018     ti_dpl_config.o (.data.gClockConfig)
                  7005d3b0    00000010     ti_drivers_config.o (.data.gMcspiConfig)
                  7005d3c0    00000010     ti_power_clock_config.o (.data.gSocModules)
                  7005d3d0    0000000c     nortos.am263px.r5f.ti-arm-clang.release.lib : AddrTranslateP_32bit.obj (.data.gAddrTranslateConfig)
                  7005d3dc    00000008     libc.a : exit.c.obj (.data..L_MergedGlobals)
                  7005d3e4    00000008     ti_drivers_open_close.o (.data.gConfigMcspiChCfg)
                  7005d3ec    00000008     ti_drivers_config.o (.data.gEdmaConfig)
                  7005d3f4    00000008     ti_drivers_open_close.o (.data.gEdmaParams)
                  7005d3fc    00000008     ti_drivers_open_close.o (.data.gMcspiDmaChConfig)
                  7005d404    00000008     ti_drivers_config.o (.data.gMcspiNumCh)
                  7005d40c    00000008     ti_drivers_config.o (.data.gUartAttrs)
                  7005d414    00000008     ti_drivers_config.o (.data.gUartConfig)
                  7005d41c    00000004     libc.a : defs.c.obj (.data.__TI_ft_end)
                  7005d420    00000008     nortos.am263px.r5f.ti-arm-clang.release.lib : PmuP_armv7r.obj (.data.pmu)
                  7005d428    00000004     libc.a : aeabi_portable.c.obj (.data.__aeabi_errno)
                  7005d42c    00000004            : _lock.c.obj (.data._lock)
                  7005d430    00000004            : _lock.c.obj (.data._unlock)
                  7005d434    00000004     nortos.am263px.r5f.ti-arm-clang.release.lib : DebugP_log.obj (.data.gDebugLogZone)
                  7005d438    00000004                                                 : DebugP_uartLogWriter.obj (.data.gDebugP_uartDrvIndex)
                  7005d43c    00000004     ti_drivers_config.o (.data.gEdmaConfigNum)
                  7005d440    00000004     ti_dpl_config.o (.data.gHwiConfig)
                  7005d444    00000004     ti_drivers_config.o (.data.gMcspiConfigNum)
                  7005d448    00000004     ti_drivers_config.o (.data.gUartConfigNum)
                  7005d44c    00000004     ti_drivers_open_close.o (.data.gUartDmaChConfig)
                  7005d450    00000004     board.o (.data.test)
                  7005d454    00000002     logger.o (.data.last_printed_index)
                  7005d456    00000002     logger.o (.data.logs_length)
                  7005d458    00000001     drivers.am263px.r5f.ti-arm-clang.release.lib : soc.obj (.data.isMapAvailable)
                  7005d459    00000003     --HOLE-- [fill = 0]
                  7005d45c    00000001     libc.a : memory.c.obj (.data.memory_is_initialized)
                  7005d45d    00000003     --HOLE-- [fill = 0]

.irqstack 
*          0    7005d460    00000100     UNINITIALIZED
                  7005d460    00000100     --HOLE--

.fiqstack 
*          0    7005d560    00000100     UNINITIALIZED
                  7005d560    00000100     --HOLE--

.svcstack 
*          0    7005d660    00001000     UNINITIALIZED
                  7005d660    00001000     --HOLE--

.abortstack 
*          0    7005e660    00000100     UNINITIALIZED
                  7005e660    00000100     --HOLE--

.undefinedstack 
*          0    7005e760    00000100     UNINITIALIZED
                  7005e760    00000100     --HOLE--

.init_array 
*          0    70040000    00000000     UNINITIALIZED

.bss.log_shared_mem 
*          0    701d4000    00002000     NOLOAD SECTION
                  701d4000    00002000     ti_dpl_config.o (.bss.log_shared_mem)

MODULE SUMMARY

       Module                                code    ro data   rw data
       ------                                ----    -------   -------
    .\
       PDMtesting.o                          184     79        3202   
       testing.o                             560     1760      0      
       board.o                               838     544       292    
       logger.o                              404     360       4      
       main.o                                28      0         0      
    +--+-------------------------------------+-------+---------+---------+
       Total:                                2014    2743      3498   
                                                                      
    .\syscfg\
       ti_dpl_config.o                       118     116       8220   
       ti_drivers_config.o                   762     0         3276   
       ti_drivers_open_close.o               2302    812       300    
       ti_power_clock_config.o               180     0         64     
       ti_pinmux_config.o                    14      0         200    
       ti_board_config.o                     4       0         0      
       ti_board_open_close.o                 4       0         0      
    +--+-------------------------------------+-------+---------+---------+
       Total:                                3384    928       12060  
                                                                      
    C:/Users/carim/Desktop/mcu_plus_sdk_am263px_10_02_00_15__all/mcu_plus_sdk_am263px_10_02_00_15/source/drivers/lib/drivers.am263px.r5f.ti-arm-clang.release.lib
       edma.obj                              5042    430       0      
       uart_v0_lld.obj                       3632    32        0      
       soc_rcm.obj                           2454    443       0      
       mcspi_v0_lld.obj                      2590    116       0      
       uart_v0.obj                           2024    209       156    
       mcspi_dma_edma.obj                    1960    0         0      
       mcspi_v0.obj                          1192    255       156    
       uart_dma_edma.obj                     1340    0         0      
       soc.obj                               906     52        17     
       adc.obj                               154     134       0      
       gpio.obj                              162     0         0      
       pinmux.obj                            64      0         0      
    +--+-------------------------------------+-------+---------+---------+
       Total:                                21520   1671      329    
                                                                      
    C:/Users/carim/Desktop/mcu_plus_sdk_am263px_10_02_00_15__all/mcu_plus_sdk_am263px_10_02_00_15/source/kernel/nortos/lib/nortos.am263px.r5f.ti-arm-clang.release.lib
       printf.obj                            4052    98        0      
       HwiP_armv7r_vim.obj                   1026    0         2060   
       CacheP_armv7r_asm.obj                 848     0         0      
       ClockP_nortos.obj                     692     90        56     
       HwiP_armv7r_handlers_nortos.obj       732     0         0      
       TimerP_rti_priv.obj                   404     203       0      
       MpuP_armv7r.obj                       514     0         0      
       ClockP_nortos_r5.obj                  268     176       0      
       SemaphoreP_nortos.obj                 328     107       0      
       HwiP_armv7r_handlers_nortos_asm.obj   380     0         0      
       boot_armv7r_asm.obj                   324     0         0      
       CacheP_armv7r.obj                     216     8         0      
       DebugP_uartScanf.obj                  216     0         0      
       DebugP_log.obj                        154     42        4      
       DebugP_shmLogReader.obj               44      0         144    
       HwiP_armv7r_asm.obj                   152     0         0      
       MpuP_armv7r_asm.obj                   128     0         0      
       PmuP_armv7r.obj                       102     0         8      
       AddrTranslateP_32bit.obj              82      0         12     
       DebugP_uartLogWriter.obj              70      0         4      
       PmuP_armv7r_asm.obj                   72      0         0      
       HwiP_armv7r_vectors_nortos_asm.obj    64      0         0      
       DebugP_nortos.obj                     58      0         0      
       boot_armv7r.obj                       28      0         0      
       CpuId_armv7r.obj                      26      0         0      
       TimerP_rti_nortos.obj                 24      0         0      
       CpuId_armv7r_asm.obj                  12      0         0      
       TaskP_nortos.obj                      2       0         0      
    +--+-------------------------------------+-------+---------+---------+
       Total:                                11018   724       2288   
                                                                      
    C:\ti\ccs2011\ccs\tools\compiler\ti-cgt-armllvm_4.0.2.LTS\lib\armv7r-ti-none-eabihf/c/libc.a
       _scanfi.c.obj                         4904    34        0      
       strtod.c.obj                          1236    200       0      
       memory.c.obj                          1136    0         5      
       strcmp32.S.obj                        924     0         0      
       strtoll.c.obj                         636     0         0      
       strtoull.c.obj                        584     0         0      
       strtol.c.obj                          504     0         0      
       strtoul.c.obj                         492     0         0      
       defs.c.obj                            0       0         404    
       s_scalbn.c.obj                        336     0         0      
       setvbuf.c.obj                         324     0         0      
       sscanf.c.obj                          300     0         0      
       getdevice.c.obj                       284     0         0      
       aeabi_ctype.S.obj                     0       257       0      
       fputc.c.obj                           256     0         0      
[...]
70041f60  _CIOBUF_                           
70041f60  __CIOBUF_                          
70042168  intr_objects                       
70042228  __TI_tmpnams                       
700422c8  gDebugShmLogReaderCtrl             
70042358  gClockCtrl                         
70042390  virtToPhymap                       
700423a0  parmbuf                            
700423a8  gMcspiHandle                       
700423b8  gEdmaHandle                        
700423bc  gUartHandle                        
700423c8  __BSS_END                          
700423c8  _sys_memory                        
7004a3c8  __stack                            
7004e3c8  __STACK_END                        
7004e3e0  __TI_scanfi                        
7004f709  Drivers_adcOpen                    
700503e0  strtod                             
700503e0  strtold                            
700508b5  SOC_rcmEnablePeripheralClock       
70051180  strcmp                             
70051821  UART_open                          
70051ac9  MCSPI_open                         
70051d61  EDMA_init                          
70051fdc  strtoll                            
70052259  SOC_rcmSetPeripheralClock          
700524a8  strtoull                           
7005292d  MCSPI_lld_dmaTransfer              
70052b5d  conduct_test                       
70052f99  EDMA_freeChannelRegion             
7005319c  strtol                             
70053394  strtoul                            
70053581  MCSPI_lld_controllerIsr            
70053769  GPIO_init                          
7005394b  Board_deinit                       
7005394c  __aeabi_uidiv                      
7005394c  __udivsi3                          
70053b1d  MCSPI_lld_dmaChInit                
70053e84  free                               
7005402c  aligned_alloc                      
7005402c  memalign                           
700541d1  UART_lld_dmaInit                   
70054365  EDMA_open                          
700544c9  EDMA_deinit                        
70054628  ldexp                              
70054628  ldexpl                             
70054628  scalbn                             
70054628  scalbnl                            
70054779  UART_lld_dmaDeInit                 
700548c7  MCSPI_lld_dmaDeInit                
70054a13  Board_init                         
70054a14  setvbuf                            
70054b59  TimerP_setupPriv                   
70054c99  SOC_virtToPhy                      
70054dd5  UART_close                         
7005503f  UART_lld_controllerIsr             
70055270  __udivmoddi4                       
70055389  SOC_rcmGetPeripheralClockFrequency 
7005549d  UART_lld_write                     
700555ab  init_gpio                          
700557bd  UART_read                          
700559cb  ClockP_init                        
70055acf  DebugP_shmLogReaderTaskCreate      
70055ad1  UART_lld_dmaWrite                  
70055bd5  MCSPI_close                        
70055cd5  UART_write                         
70055dd1  MCSPI_lld_initDma                  
70055ec4  fputc                              
7005609b  GPIO_bankIsrFxn                    
70056245  print_log                          
70056317  Dpl_deinit                         
70056319  EDMA_unregisterIntr                
700563e9  GPIO_deinit                        
700564b9  UART_lld_initDma                   
70056584  getdevice                          
7005664d  MCSPI_lld_init                     
70056711  UART_lld_init                      
700567d1  EDMA_registerIntr                  
7005688d  PDM_testing                        
70056944  fseeko                             
700569f8  __TI_closefile                     
70056cb1  DebugP_readLine                    
70056dff  UART_lld_read                      
70056f4b  init_global_interrupts             
70057095  EDMA_freeDmaChannel                
70057135  EDMA_freeParam                     
700571d5  EDMA_freeTcc                       
70057274  HOSTrename                         
70057315  UART_lld_dmaRead                   
700573b5  UART_lld_readIntr                  
70057450  __TI_wrt_ok                        
700574ec  HOSTlseek                          
70057585  SemaphoreP_pend                    
7005761b  EDMA_configureChannelRegion        
700576af  SemaphoreP_destruct                
700576b0  HOSTopen                           
70057745  UART_lld_readWithCounter           
70057867  Drivers_open                       
700578f3  MCSPI_lld_peripheralIsr            
7005797f  TaskP_yield                        
70057980  close                              
70057a0d  ADC_setPPBTripLimits               
70057a95  UART_init                          
70057b1d  UART_procLineStatusErr             
70057ba4  __TI_doflush                       
70057c2c  HOSTread                           
70057cb0  HOSTwrite                          
70057d35  EDMA_close                         
70057db5  UART_flushTxFifo                   
70057e35  Drivers_mcspiOpen                  
70057f31  MCSPI_initiateLastChunkTransfer    
70057fad  MCSPI_init                         
7005810d  MCSPI_stop                         
7005817f  MCSPI_lld_dmaStop                  
700581ef  EDMA_disableTransferRegion         
7005825d  EDMA_enableTransferRegion          
700582cc  HOSTunlink                         
70058339  UART_lld_writeDma                  
700583a5  UART_lld_readDma                   
7005840d  UART_lld_writeIntr                 
70058474  atoi                               
700584dd  digitalWrite                       
70058545  CycleCounterP_init                 
70058555  CycleCounterP_reset                
70058579  CycleCounterP_nsToTicks            
700585a5  CycleCounterP_enableUserAccess     
700585ad  SOC_controlModuleUnlockMMR         
70058610  HOSTclose                          
70058671  ClockP_timerTickIsr                
700586d1  GPIO_setTrigType                   
70058789  SOC_controlModuleLockMMR           
700587e5  _DebugP_assert                     
70058898  __TI_cleanup                       
700588f0  __TI_readmsg                       
70058948  __TI_writemsg                      
70058994  C$$IO$$                            
700589a1  init_interrupt                     
700589f9  print_pending_logs                 
70058a51  ClockP_getTimeUsec                 
70058aa7  UART_intrDisable                   
70058afd  UART_readCancelNoCB                
70058b53  UART_writeCancelNoCB               
70058ba9  Dpl_init                           
70058bfc  exit                               
70058c50  finddevice                         
70058ca4  __TI_auto_init_nobinit_nopinit     
70058cf9  AddrTranslateP_getLocalAddr        
70058d4b  MCSPI_lld_deInitDma                
70058d9d  ClockP_construct                   
70058ded  EDMA_allocDmaChannel               
70058e3d  EDMA_allocParam                    
70058e8d  EDMA_allocTcc                      
70058f2b  Drivers_edmaOpen                   
70058f79  Drivers_uartOpen                   
70058fc7  EDMA_disableChInShadowRegRegion    
70059015  MCSPI_transferCallback             
70059061  SOC_enableAdcReferenceMonitor      
700590ad  SOC_enableAdcGlobalForce           
700590f5  SOC_enableAdcInternalReference     
70059184  unlink                             
70059215  SOC_getAdcReferenceStatus          
70059259  UART_Params_init                   
7005929d  UART_lld_deInitDma                 
700592e1  ClockP_stop                        
70059321  EDMA_mapChToEvtQ                   
70059361  Pinmux_config                      
700593a1  SemaphoreP_constructBinary         
700593e1  UART_lld_deInit                    
70059461  SemaphoreP_constructMutex          
700594a1  EDMA_getBaseAddr                   
70059519  ClockP_destruct                    
70059553  DebugP_uartLogWriterPutChar        
7005958d  Module_clockSetFrequency           
700595c7  UART_lld_flushTxFifo               
70059601  add_log                            
70059675  _DebugP_logZone                    
700596ac  CycleCounterP_getCount32           
700596b4  PmuP_setup                         
700596bc  PmuP_enableCounters                
700596c4  PmuP_disableCounters               
700596cc  PmuP_getOverflowStatus             
700596d4  PmuP_clearOverflowStatus           
700596dc  PmuP_setUserEnable                 
700596e5  EDMA_clrMissEvtRegion              
7005971b  ClockP_start                       
7005974f  MCSPI_errorCallback                
70059783  Module_clockDisable                
700597b7  Module_clockEnable                 
700597ed  SOC_enableAdcDacLoopback           
70059888  lseek                              
700598bc  write                              
700598f1  ClockP_usleep                      
70059923  EDMA_unmapChToEvtQ                 
70059955  SemaphoreP_post                    
70059987  DebugP_scanf                       
700599e7  EDMA_enableChInShadowRegRegion     
70059a43  DebugP_shmLogReaderInit            
70059a71  SOC_rcmGetR5Clock                  
70059a9d  UART_getHandle                     
70059ac8  vsscanf                            
70059af5  System_init                        
70059b47  GPIO_setDirMode                    
70059b99  SOC_moduleSetClockFrequency        
70059bc1  ClockP_sleep                       
70059be7  EDMA_setPaRAM                      
70059c0d  UART_lld_dmaDisableChannel         
70059cc4  __aeabi_uldivmod                   
70059ce9  vprintf_                           
70059d0d  EDMA_linkChannel                   
70059d2f  print_logs                         
70059d51  DebugP_logZoneEnable               
70059d91  TimerP_Params_initPriv             
70059db1  UART_getChar                       
70059dd1  System_deinit                      
70059def  UART_spaceAvail                    
70059e47  MCSPI_lld_deInit                   
70059e65  SOC_rcmIsR5FInLockStepMode         
70059e9d  main                               
70059ef0  TI_memcpy_small                    
70059f0d  CSL_armR5GetCpuID                  
70059f27  EDMA_readEventStatusRegion         
70059f5d  MCSPI_deinit                       
70059f75  MCSPI_lld_dmaInit                  
70059f8d  TimerP_getCountPriv                
70059fa5  UART_deinit                        
70059fbc  TI_memset_small                    
70059fd5  MCSPI_reset                        
70059feb  UART_IsTxRxFifoEmpty               
7005a001  UART_getIntrIdentityStatus         
7005a02d  ClockP_usecToTicks                 
7005a041  EDMA_getRegionId                   
7005a055  UART_Transaction_init              
7005a07d  ADC_setMode                        
7005a0a1  UART_operatingModeSelect           
7005a0b3  UART_readLineStatus                
7005a0c5  putchar_                           
7005a0d7  GPIO_bankIntrDisable               
7005a0e7  UART_intr2Disable                  
7005a0f8  __aeabi_memset                     
7005a0f8  __aeabi_memset4                    
7005a0f8  __aeabi_memset8                    
7005a118  putchar                            
7005a129  EDMA_ccPaRAMEntry_init             
7005a137  GPIO_bankIntrEnable                
7005a145  Pinmux_init                        
7005a153  PowerClock_init                    
7005a161  clear_logs                         
7005a16f  ClockP_getTicks                    
7005a17b  DebugP_uartSetDrvIndex             
7005a187  EDMA_isInitialized                 
7005a193  SOC_getSelfCpuClk                  
7005a1a0  __aeabi_errno_addr                 
7005a1ac  __aeabi_memclr                     
7005a1ac  __aeabi_memclr4                    
7005a1ac  __aeabi_memclr8                    
7005a1b8  malloc                             
7005a1c4  CSL_armR5ReadMpidrReg              
7005a1d1  ClockP_Params_init                 
7005a1db  EDMA_isInterruptEnabled            
7005a1ed  ClockP_isActive                    
7005a1f7  TimerP_getReloadCountPriv          
7005a201  TimerP_startPriv                   
7005a20b  UART_lld_Transaction_deInit        
7005a214  C$$EXIT                            
7005a214  HOSTexit                           
7005a21d  TimerP_clearOverflowIntPriv        
7005a22d  SOC_moduleClockEnable              
7005a239  Board_driversOpen                  
7005a23d  ClockP_getTimerCount               
7005a241  ClockP_timerClearOverflowInt       
7005a245  PowerClock_deinit                  
7005a249  TimerP_Params_init                 
7005a24d  TimerP_clearOverflowInt            
7005a251  TimerP_getCount                    
7005a255  TimerP_getReloadCount              
7005a259  TimerP_setup                       
7005a25d  TimerP_start                       
7005a260  __aeabi_idiv0                      
7005a264  __aeabi_ldiv0                      
7005a268  __aeabi_memcpy                     
7005a268  __aeabi_memcpy4                    
7005a268  __aeabi_memcpy8                    
7005a26c  _nop                               
7005a270  fseek                              
7005a274  remove                             
7005a2a0  test_results                       
7005a750  __aeabi_ctype_table_               
7005a750  __aeabi_ctype_table_C              
7005a851  test_cases                         
7005a9e4  gCacheConfig                       
7005a9ec  gMpuConfig                         
7005a9f8  gMpuRegionConfig                   
7005ab00  gADPLLJConfigTbl                   
7005b630  gPeripheralClkSrcInfoMap           
7005bc30  gCacheL1dCacheLineSize             
7005bc34  gCacheL1pCacheLineSize             
7005bc51  HwiP_enableInt                     
7005bc79  HwiP_disableInt                    
7005bcab  HwiP_restoreInt                    
7005bd01  HwiP_clearInt                      
7005bd21  HwiP_post                          
7005bd49  HwiP_Params_init                   
7005bd5b  HwiP_construct                     
7005bea3  HwiP_destruct                      
7005bf75  HwiP_init                          
7005c037  HwiP_inISR                         
7005c053  HwiP_irq_handler_c                 
7005c0d7  HwiP_fiq_handler                   
7005c187  HwiP_reserved_handler              
7005c1b5  HwiP_undefined_handler_c           
7005c1d3  HwiP_user_undefined_handler_c      
7005c1e7  HwiP_svc_handler                   
7005c215  HwiP_prefetch_abort_handler_c      
7005c28f  HwiP_user_prefetch_abort_handler_c 
7005c29f  HwiP_data_abort_handler_c          
7005c31f  HwiP_user_data_abort_handler_c     
7005c330  HwiP_irq_handler                   
7005c3a4  HwiP_data_abort_handler            
7005c3e8  HwiP_prefetch_abort_handler        
7005c434  HwiP_undefined_handler             
7005c464  GET_DFSR                           
7005c46c  GET_ADFSR                          
7005c474  GET_DFAR                           
7005c47c  GET_IFSR                           
7005c484  GET_AIFSR                          
7005c48c  GET_IFAR                           
7005c494  GET_SPSR                           
7005c4ac  HwiP_disable                       
7005c4bc  HwiP_disableFIQ                    
7005c4cc  HwiP_enable                        
7005c4dc  HwiP_enableFIQ                     
7005c4ec  HwiP_restore                       
7005c4f4  HwiP_enableVIC                     
7005c504  HwiP_disableVIC                    
7005c514  HwiP_getCPSR                       
7005c528  CacheP_disableL1d                  
7005c550  CacheP_disableL1p                  
7005c568  CacheP_enableL1d                   
7005c580  CacheP_enableL1p                   
7005c598  CacheP_invL1d                      
7005c5d0  CacheP_invL1p                      
7005c60c  CacheP_invL1dAll                   
7005c614  CacheP_invL1pAll                   
7005c61c  CacheP_wb                          
7005c658  CacheP_wbInv                       
7005c694  CacheP_wbAll                       
7005c73c  CacheP_wbInvAll                    
7005c754  CacheP_wbInvAllAsm                 
7005c7f4  CacheP_getEnabled                  
7005c82c  CacheP_getCacheLevelInfo           
7005c838  CacheP_configForceWrThru           
7005c858  CacheP_setDLFO                     
7005c869  CacheP_init                        
7005c8c1  CacheP_disable                     
7005c8fb  CacheP_enable                      
7005c91b  CacheP_inv                         
7005c959  MpuP_getAttrs                      
7005c999  MpuP_RegionAttrs_init              
7005c9a7  MpuP_setRegion                     
7005ca21  MpuP_isEnable                      
7005ca25  MpuP_disable                       
7005ca57  MpuP_enable                        
7005ca93  MpuP_init                          
7005caf5  MpuP_isUserAuthorizedToAccessMemory
7005cb5c  MpuP_disableAsm                    
7005cb74  MpuP_disableBRAsm                  
7005cb84  MpuP_enableAsm                     
7005cb9c  MpuP_enableBRAsm                   
7005cbac  MpuP_isEnableAsm                   
7005cbc0  MpuP_setRegionAsm                  
7005cbe8  _c_int00_sbl                       
7005cc0c  _c_int00                           
7005cd2d  _DebugP_assertNoLog                
7005cd4b  _system_pre_init                   
7005cd67  __mpu_init                         
7005cd78  abort                              
7005cd80  _ftable                            
7005cd80  gMcspiDmaHandle                    
7005cd80  gUartDmaHandle                     
7005d0f8  _device                            
7005d170  intr_pins                          
7005d1d0  gUartParams                        
7005d228  _stream                            
7005d2c0  gSpi0ChCfg                         
7005d300  gSpi1ChCfg                         
7005d340  gSocModulesClockFrequency          
7005d370  gMcspiOpenParams                   
7005d398  gClockConfig                       
7005d3b0  gMcspiConfig                       
7005d3c0  gSocModules                        
7005d3d0  gAddrTranslateConfig               
7005d3dc  __TI_cleanup_ptr                   
7005d3e0  __TI_dtors_ptr                     
7005d3e4  gConfigMcspiChCfg                  
7005d3ec  gEdmaConfig                        
7005d3f4  gEdmaParams                        
7005d3fc  gMcspiDmaChConfig                  
7005d404  gMcspiNumCh                        
7005d414  gUartConfig                        
7005d41c  __TI_ft_end                        
7005d428  __aeabi_errno                      
7005d42c  _lock                              
7005d430  _unlock                            
7005d434  gDebugLogZone                      
7005d438  gDebugP_uartDrvIndex               
7005d43c  gEdmaConfigNum                     
7005d440  gHwiConfig                         
7005d444  gMcspiConfigNum                    
7005d448  gUartConfigNum                     
7005d44c  gUartDmaChConfig                   
7005d450  test                               
7005d456  logs_length                        
7005d458  isMapAvailable                     
7005d460  __IRQ_STACK_START                  
7005d560  __FIQ_STACK_START                  
7005d560  __IRQ_STACK_END                    
7005d660  __FIQ_STACK_END                    
7005d660  __SVC_STACK_START                  
7005e660  __ABORT_STACK_START                
7005e660  __SVC_STACK_END                    
7005e760  __ABORT_STACK_END                  
7005e760  __UNDEFINED_STACK_START            
7005e860  __UNDEFINED_STACK_END              
701d4000  gDebugShmLog                       
ffffffff  __TI_pprof_out_hndl                
ffffffff  __TI_prof_data_size                
ffffffff  __TI_prof_data_start               
ffffffff  __binit__                          
ffffffff  binit                              
UNDEFED   __TI_CINIT_Base                    
UNDEFED   __TI_CINIT_Limit                   
UNDEFED   __TI_Handler_Table_Base            
UNDEFED   __TI_Handler_Table_Limit           
UNDEFED   _system_post_cinit                 

[455 symbols]
