******************************************************************************
            TI ARM Clang Linker PC v4.0.2                      
******************************************************************************
>> Linked Tue Jun 10 14:38:55 2025

OUTPUT FILE NAME:   <second_stage_PDM_testing.out>
ENTRY POINT SYMBOL: "_vectors"  address: 00000000


MEMORY CONFIGURATION

         name            origin    length      used     unused   attr    fill
----------------------  --------  ---------  --------  --------  ----  --------
  R5F_VECS              00000000   00000040  00000040  00000000  RWIX
  R5F_TCMA              00000040   00007fc0  00000000  00007fc0  RWIX
  R5F_TCMB              00080000   00008000  00000000  00008000  RWIX
  MAILBOX_HSM           44000000   000003ce  00000000  000003ce  RWIX
  MAILBOX_R5F           44000400   000003ce  00000000  000003ce  RWIX
  FLASH                 60100000   00080000  00000000  00080000  RWIX
  SBL                   70000000   00040000  00000000  00040000  RWIX
  OCRAM                 70040000   00040000  0001e8c0  00021740  RWIX
  USER_SHM_MEM          701d0000   00004000  00000000  00004000  RWIX
  LOG_SHM_MEM           701d4000   00004000  00002000  00002000  RWIX
  RTOS_NORTOS_IPC_SHM_M 72000000   00003e80  00000000  00003e80  RWIX


SEGMENT ALLOCATION MAP

run origin  load origin   length   init length attrs members
----------  ----------- ---------- ----------- ----- -------
00000000    00000000    00000040   00000040    r-x
  00000000    00000000    00000040   00000040    r-x .vectors
70040000    70040000    0000e3c8   00000000    rw-
  70040000    70040000    000023c8   00000000    rw- .bss
  700423c8    700423c8    00008000   00000000    rw- .sysmem
  7004a3c8    7004a3c8    00004000   00000000    rw- .stack
7004e3e0    7004e3e0    0000e9e0   0000e9e0    r-x
  7004e3e0    7004e3e0    0000bf00   0000bf00    r-x .text
  7005a2e0    7005a2e0    000019b0   000019b0    r-- .rodata
  7005bc90    7005bc90    000008d8   000008d8    r-x .text.hwi
  7005c568    7005c568    00000430   00000430    r-x .text.cache
  7005c998    7005c998    00000290   00000290    r-x .text.mpu
  7005cc28    7005cc28    00000190   00000190    r-x .text.boot
  7005cdb8    7005cdb8    00000008   00000008    r-x .text:abort
7005cdc0    7005cdc0    00001b18   00000718    rw-
  7005cdc0    7005cdc0    00000718   00000718    rw- .data
  7005d4d8    7005d4d8    00000100   00000000    rw- .irqstack
  7005d5d8    7005d5d8    00000100   00000000    rw- .fiqstack
  7005d6d8    7005d6d8    00001000   00000000    rw- .svcstack
  7005e6d8    7005e6d8    00000100   00000000    rw- .abortstack
  7005e7d8    7005e7d8    00000100   00000000    rw- .undefinedstack


SECTION ALLOCATION MAP

 output                                  attributes/
section   page    origin      length       input sections
--------  ----  ----------  ----------   ----------------
.vectors   0    00000000    00000040     
                  00000000    00000040     nortos.am263px.r5f.ti-arm-clang.release.lib : HwiP_armv7r_vectors_nortos_asm.obj (.vectors)

.bss       0    70040000    000023c8     UNINITIALIZED
                  70040000    00000c80     (.common:logs)
                  70040c80    00000808     (.common:gHwiCtrl)
                  70041488    00000770     ti_drivers_config.o (.bss.gMcspiObjects)
                  70041bf8    00000368     ti_drivers_config.o (.bss.gUartObjects)
                  70041f60    00000120     libsysbm.a : trgmsg.c.obj (.bss:_CIOBUF_)
                  70042080    000000e8     ti_drivers_config.o (.bss.gEdmaObjects)
                  70042168    000000c0     (.common:intr_objects)
                  70042228    000000a0     libc.a : defs.c.obj (.bss.__TI_tmpnams)
                  700422c8    00000090     (.common:gDebugShmLogReaderCtrl)
                  70042358    00000038     (.common:gClockCtrl)
                  70042390    00000010     (.common:virtToPhymap)
                  700423a0    00000008     libsysbm.a : hostopen.c.obj (.bss.parmbuf)
                  700423a8    00000008     (.common:gMcspiHandle)
                  700423b0    00000004     nortos.am263px.r5f.ti-arm-clang.release.lib : HwiP_armv7r_vim.obj (.bss.gdummy)
                  700423b4    00000004     libc.a : memory.c.obj (.bss.sys_free)
                  700423b8    00000004     (.common:gEdmaHandle)
                  700423bc    00000004     (.common:gUartHandle)
                  700423c0    00000002     PDMtesting.o (.bss.PDM_testing.user_input_test_number)
                  700423c2    00000006     --HOLE--

.sysmem    0    700423c8    00008000     UNINITIALIZED
                  700423c8    00000010     libc.a : memory.c.obj (.sysmem)
                  700423d8    00007ff0     --HOLE--

.stack     0    7004a3c8    00004000     UNINITIALIZED
                  7004a3c8    00000004     nortos.am263px.r5f.ti-arm-clang.release.lib : boot_armv7r_asm.obj (.stack)
                  7004a3cc    00003ffc     --HOLE--

.text      0    7004e3e0    0000bf00     
                  7004e3e0    00001328     libc.a : _scanfi.c.obj (.text.__TI_scanfi)
                  7004f708    0000075a     ti_drivers_open_close.o (.text.Drivers_adcOpen)
                  7004fe62    00000002     ti_board_config.o (.text.Board_deinit)
                  7004fe64    00000580     nortos.am263px.r5f.ti-arm-clang.release.lib : printf.obj (.text._vsnprintf)
                  700503e4    00000004     ti_board_open_close.o (.text.Board_driversOpen)
                  700503e8    000004d4     libc.a : strtod.c.obj (.text.strtod)
                  700508bc    000004cc     drivers.am263px.r5f.ti-arm-clang.release.lib : soc_rcm.obj (.text.SOC_rcmEnablePeripheralClock)
                  70050d88    00000400     nortos.am263px.r5f.ti-arm-clang.release.lib : printf.obj (.text._ftoa)
                  70051188    00000018     drivers.am263px.r5f.ti-arm-clang.release.lib : mcspi_v0.obj (.text.MCSPI_deinit)
                  700511a0    00000390     libc.a : strcmp32.S.obj (.text:strcmp)
                  70051530    00000310     nortos.am263px.r5f.ti-arm-clang.release.lib : printf.obj (.text._etoa)
                  70051840    000002a8     drivers.am263px.r5f.ti-arm-clang.release.lib : uart_v0.obj (.text.UART_open)
                  70051ae8    00000298                                                  : mcspi_v0.obj (.text.MCSPI_open)
                  70051d80    0000027c                                                  : edma.obj (.text.EDMA_init)
                  70051ffc    0000027c     libc.a : strtoll.c.obj (.text.strtoll)
                  70052278    00000250     drivers.am263px.r5f.ti-arm-clang.release.lib : soc_rcm.obj (.text.SOC_rcmSetPeripheralClock)
                  700524c8    00000248     libc.a : strtoull.c.obj (.text.strtoull)
                  70052710    0000023c     drivers.am263px.r5f.ti-arm-clang.release.lib : uart_v0_lld.obj (.text.UART_configInstance)
                  7005294c    00000230                                                  : mcspi_dma_edma.obj (.text.MCSPI_lld_dmaTransfer)
                  70052b7c    00000230     testing.o (.text.conduct_test)
                  70052dac    0000020c     drivers.am263px.r5f.ti-arm-clang.release.lib : edma.obj (.text.EDMA_errorIsrFxn)
                  70052fb8    00000204                                                  : edma.obj (.text.EDMA_freeChannelRegion)
                  700531bc    000001f8     libc.a : strtol.c.obj (.text.strtol)
                  700533b4    000001ec            : strtoul.c.obj (.text.strtoul)
                  700535a0    000001e8     drivers.am263px.r5f.ti-arm-clang.release.lib : mcspi_v0_lld.obj (.text.MCSPI_lld_controllerIsr)
                  70053788    000001e2     ti_drivers_config.o (.text.GPIO_init)
                  7005396a    00000002     ti_board_config.o (.text.Board_init)
                  7005396c    000001d0     libclang_rt.builtins.a : udivsi3.S.obj (.text.__udivsi3)
                  70053b3c    000001c0     drivers.am263px.r5f.ti-arm-clang.release.lib : mcspi_dma_edma.obj (.text.MCSPI_lld_dmaChInit)
                  70053cfc    000001a8                                                  : mcspi_v0_lld.obj (.text.MCSPI_lld_chConfig)
                  70053ea4    000001a8     libc.a : memory.c.obj (.text.free)
                  7005404c    000001a4            : memory.c.obj (.text.aligned_alloc)
                  700541f0    00000194     drivers.am263px.r5f.ti-arm-clang.release.lib : uart_dma_edma.obj (.text.UART_lld_dmaInit)
                  70054384    00000164                                                  : edma.obj (.text.EDMA_open)
                  700544e8    00000160                                                  : edma.obj (.text.EDMA_deinit)
                  70054648    00000150     libc.a : s_scalbn.c.obj (.text.scalbn)
                  70054798    0000014e     drivers.am263px.r5f.ti-arm-clang.release.lib : uart_dma_edma.obj (.text.UART_lld_dmaDeInit)
                  700548e6    0000014c                                                  : mcspi_dma_edma.obj (.text.MCSPI_lld_dmaDeInit)
                  70054a32    00000002     nortos.am263px.r5f.ti-arm-clang.release.lib : DebugP_nortos.obj (.text.DebugP_shmLogReaderTaskCreate)
                  70054a34    00000144     libc.a : setvbuf.c.obj (.text.setvbuf)
                  70054b78    00000140     nortos.am263px.r5f.ti-arm-clang.release.lib : TimerP_rti_priv.obj (.text.TimerP_setupPriv)
                  70054cb8    0000013c     drivers.am263px.r5f.ti-arm-clang.release.lib : soc.obj (.text.SOC_virtToPhy)
                  70054df4    00000138                                                  : uart_v0.obj (.text.UART_close)
                  70054f2c    00000132     nortos.am263px.r5f.ti-arm-clang.release.lib : printf.obj (.text._ntoa_format)
                  7005505e    0000011a     drivers.am263px.r5f.ti-arm-clang.release.lib : uart_v0_lld.obj (.text.UART_lld_controllerIsr)
                  70055178    00000118                                                  : edma.obj (.text.Alloc_resource)
                  70055290    00000118     libclang_rt.builtins.a : udivmoddi4.S.obj (.text)
                  700553a8    00000114     drivers.am263px.r5f.ti-arm-clang.release.lib : soc_rcm.obj (.text.SOC_rcmGetPeripheralClockFrequency)
                  700554bc    0000010e                                                  : uart_v0_lld.obj (.text.UART_lld_write)
                  700555ca    0000010a     board.o (.text.init_gpio)
                  700556d4    00000108     drivers.am263px.r5f.ti-arm-clang.release.lib : edma.obj (.text.EDMA_transferCompletionMasterIsrFxn)
                  700557dc    00000108                                                  : uart_v0.obj (.text.UART_read)
                  700558e4    00000106                                                  : mcspi_v0_lld.obj (.text.MCSPI_continuePeripheralTxRx)
                  700559ea    00000104     nortos.am263px.r5f.ti-arm-clang.release.lib : ClockP_nortos_r5.obj (.text.ClockP_init)
                  70055aee    00000002     ti_dpl_config.o (.text.Dpl_deinit)
                  70055af0    00000104     drivers.am263px.r5f.ti-arm-clang.release.lib : uart_dma_edma.obj (.text.UART_lld_dmaWrite)
                  70055bf4    00000100                                                  : mcspi_v0.obj (.text.MCSPI_close)
                  70055cf4    000000fc                                                  : uart_v0.obj (.text.UART_write)
                  70055df0    000000f4                                                  : mcspi_v0_lld.obj (.text.MCSPI_lld_initDma)
                  70055ee4    000000f0     PDMtesting.o (.text.PDM_testing)
                  70055fd4    000000f0     libc.a : fputc.c.obj (.text.fputc)
                  700560c4    000000e6     drivers.am263px.r5f.ti-arm-clang.release.lib : mcspi_dma_edma.obj (.text.MCSPI_edmaIsrTx)
                  700561aa    000000d6     board.o (.text.GPIO_bankIsrFxn)
                  70056280    000000d4     libc.a : sscanf.c.obj (.text._chkmbc)
                  70056354    000000d2     logger.o (.text.print_log)
                  70056426    00000002     nortos.am263px.r5f.ti-arm-clang.release.lib : SemaphoreP_nortos.obj (.text.SemaphoreP_destruct)
                  70056428    000000d0     drivers.am263px.r5f.ti-arm-clang.release.lib : edma.obj (.text.EDMA_unregisterIntr)
                  700564f8    000000d0     ti_drivers_config.o (.text.GPIO_deinit)
                  700565c8    000000cc     drivers.am263px.r5f.ti-arm-clang.release.lib : uart_v0_lld.obj (.text.UART_lld_initDma)
                  70056694    000000c8     libc.a : getdevice.c.obj (.text.getdevice)
                  7005675c    000000c4     drivers.am263px.r5f.ti-arm-clang.release.lib : mcspi_v0_lld.obj (.text.MCSPI_lld_init)
                  70056820    000000c0                                                  : uart_v0_lld.obj (.text.UART_lld_init)
                  700568e0    000000bc                                                  : edma.obj (.text.EDMA_registerIntr)
                  7005699c    000000b4     libc.a : fseek.c.obj (.text.fseeko)
                  70056a50    000000b0            : fclose.c.obj (.text.__TI_closefile)
                  70056b00    000000b0     nortos.am263px.r5f.ti-arm-clang.release.lib : printf.obj (.text._ntoa_long_long)
                  70056bb0    000000ac     drivers.am263px.r5f.ti-arm-clang.release.lib : soc_rcm.obj (.text.SOC_rcmGetCoreHSDivOut)
                  70056c5c    000000ac                                                  : uart_v0_lld.obj (.text.UART_divisorLatchWrite)
                  70056d08    000000a8     nortos.am263px.r5f.ti-arm-clang.release.lib : DebugP_uartScanf.obj (.text.DebugP_readLine)
                  70056db0    000000a6     drivers.am263px.r5f.ti-arm-clang.release.lib : mcspi_dma_edma.obj (.text.MCSPI_edmaIsrRx)
                  70056e56    000000a6                                                  : uart_v0_lld.obj (.text.UART_lld_read)
                  70056efc    000000a6     nortos.am263px.r5f.ti-arm-clang.release.lib : printf.obj (.text._out_rev)
                  70056fa2    000000a6     board.o (.text.init_global_interrupts)
                  70057048    000000a4     libc.a : memory.c.obj (.text.split)
                  700570ec    000000a0     drivers.am263px.r5f.ti-arm-clang.release.lib : edma.obj (.text.EDMA_freeDmaChannel)
                  7005718c    000000a0                                                  : edma.obj (.text.EDMA_freeParam)
                  7005722c    000000a0                                                  : edma.obj (.text.EDMA_freeTcc)
                  700572cc    000000a0     libsysbm.a : hostrename.c.obj (.text.HOSTrename)
                  7005736c    000000a0     drivers.am263px.r5f.ti-arm-clang.release.lib : uart_dma_edma.obj (.text.UART_lld_dmaRead)
                  7005740c    0000009c                                                  : uart_v0_lld.obj (.text.UART_lld_readIntr)
                  700574a8    0000009c     libc.a : _io_perm.c.obj (.text.__TI_wrt_ok)
                  70057544    00000098     libsysbm.a : hostlseek.c.obj (.text.HOSTlseek)
                  700575dc    00000096     nortos.am263px.r5f.ti-arm-clang.release.lib : SemaphoreP_nortos.obj (.text.SemaphoreP_pend)
                  70057672    00000094     drivers.am263px.r5f.ti-arm-clang.release.lib : edma.obj (.text.EDMA_configureChannelRegion)
                  70057706    00000002     nortos.am263px.r5f.ti-arm-clang.release.lib : TaskP_nortos.obj (.text.TaskP_yield)
                  70057708    00000094     libsysbm.a : hostopen.c.obj (.text.HOSTopen)
                  7005779c    00000094     drivers.am263px.r5f.ti-arm-clang.release.lib : uart_v0_lld.obj (.text.UART_lld_readWithCounter)
                  70057830    0000008e     nortos.am263px.r5f.ti-arm-clang.release.lib : printf.obj (.text._ntoa_long)
                  700578be    0000008c     ti_drivers_open_close.o (.text.Drivers_open)
                  7005794a    0000008c     drivers.am263px.r5f.ti-arm-clang.release.lib : mcspi_v0_lld.obj (.text.MCSPI_lld_peripheralIsr)
                  700579d6    00000002                                                  : uart_dma_edma.obj (.text.UART_edmaDoNothing)
                  700579d8    0000008c     libsysbm.a : close.c.obj (.text.close)
                  70057a64    00000088     drivers.am263px.r5f.ti-arm-clang.release.lib : adc.obj (.text.ADC_setPPBTripLimits)
                  70057aec    00000088                                                  : uart_v0.obj (.text.UART_init)
                  70057b74    00000088                                                  : uart_v0_lld.obj (.text.UART_procLineStatusErr)
                  70057bfc    00000088     libc.a : fflush.c.obj (.text.__TI_doflush)
                  70057c84    00000084     libsysbm.a : hostread.c.obj (.text.HOSTread)
                  70057d08    00000084                : hostwrite.c.obj (.text.HOSTwrite)
                  70057d8c    00000080     drivers.am263px.r5f.ti-arm-clang.release.lib : edma.obj (.text.EDMA_close)
                  70057e0c    00000080                                                  : uart_v0.obj (.text.UART_flushTxFifo)
                  70057e8c    0000007e     ti_drivers_open_close.o (.text.Drivers_mcspiOpen)
                  70057f0a    0000007e     drivers.am263px.r5f.ti-arm-clang.release.lib : mcspi_v0_lld.obj (.text.MCSPI_fifoRead)
                  70057f88    0000007a                                                  : mcspi_v0_lld.obj (.text.MCSPI_initiateLastChunkTransfer)
                  70058002    00000002                                                  : uart_v0.obj (.text.UART_lld_errorCallback)
                  70058004    00000078                                                  : mcspi_v0.obj (.text.MCSPI_init)
                  7005807c    00000076                                                  : uart_v0_lld.obj (.text.UART_readDataPolling)
                  700580f2    00000072                                                  : mcspi_v0_lld.obj (.text.MCSPI_fifoWrite)
                  70058164    00000072                                                  : mcspi_v0_lld.obj (.text.MCSPI_stop)
                  700581d6    00000070                                                  : mcspi_dma_edma.obj (.text.MCSPI_lld_dmaStop)
                  70058246    0000006e                                                  : edma.obj (.text.EDMA_disableTransferRegion)
                  700582b4    0000006e                                                  : edma.obj (.text.EDMA_enableTransferRegion)
                  70058322    00000002     nortos.am263px.r5f.ti-arm-clang.release.lib : printf.obj (.text._out_null)
                  70058324    0000006c     libsysbm.a : hostunlink.c.obj (.text.HOSTunlink)
                  70058390    0000006c     drivers.am263px.r5f.ti-arm-clang.release.lib : uart_v0_lld.obj (.text.UART_lld_writeDma)
                  700583fc    00000068                                                  : uart_v0_lld.obj (.text.UART_lld_readDma)
                  70058464    00000068                                                  : uart_v0_lld.obj (.text.UART_lld_writeIntr)
                  700584cc    00000068     libc.a : atoi.c.obj (.text.atoi)
                  70058534    00000068     board.o (.text.digitalWrite)
                  7005859c    00000066     nortos.am263px.r5f.ti-arm-clang.release.lib : PmuP_armv7r.obj (.text.pmu)
                  70058602    00000002     --HOLE-- [fill = 0]
                  70058604    00000064     drivers.am263px.r5f.ti-arm-clang.release.lib : soc.obj (.text.SOC_controlModuleUnlockMMR)
                  70058668    00000060     libsysbm.a : hostclose.c.obj (.text.HOSTclose)
                  700586c8    0000005e     nortos.am263px.r5f.ti-arm-clang.release.lib : ClockP_nortos.obj (.text.ClockP_timerTickIsr)
                  70058726    00000002     --HOLE-- [fill = 0]
                  70058728    0000005c     drivers.am263px.r5f.ti-arm-clang.release.lib : gpio.obj (.text.GPIO_setTrigType)
                  70058784    0000005c                                                  : mcspi_v0_lld.obj (.text.MCSPI_configInstance)
                  700587e0    0000005c                                                  : soc.obj (.text.SOC_controlModuleLockMMR)
                  7005883c    0000005c     nortos.am263px.r5f.ti-arm-clang.release.lib : DebugP_log.obj (.text._DebugP_assert)
                  70058898    00000058     drivers.am263px.r5f.ti-arm-clang.release.lib : mcspi_dma_edma.obj (.text.MCSPI_edmaUpdateTransferParams)
                  700588f0    00000058     libc.a : fopen.c.obj (.text.__TI_cleanup)
                  70058948    00000058     libsysbm.a : trgmsg.c.obj (.text.__TI_readmsg)
                  700589a0    00000058                : trgmsg.c.obj (.text.__TI_writemsg)
                  700589f8    00000058     board.o (.text.init_interrupt)
                  70058a50    00000058     logger.o (.text.print_pending_logs)
                  70058aa8    00000056     nortos.am263px.r5f.ti-arm-clang.release.lib : ClockP_nortos.obj (.text.ClockP_getTimeUsec)
                  70058afe    00000056     drivers.am263px.r5f.ti-arm-clang.release.lib : uart_v0_lld.obj (.text.UART_intrDisable)
                  70058b54    00000056                                                  : uart_v0_lld.obj (.text.UART_readCancelNoCB)
                  70058baa    00000056                                                  : uart_v0_lld.obj (.text.UART_writeCancelNoCB)
                  70058c00    00000054     ti_dpl_config.o (.text.Dpl_init)
                  70058c54    00000054     libc.a : exit.c.obj (.text.exit)
                  70058ca8    00000054            : getdevice.c.obj (.text.finddevice)
                  70058cfc    00000054            : autoinit.c.obj (.text:__TI_auto_init_nobinit_nopinit)
                  70058d50    00000052     nortos.am263px.r5f.ti-arm-clang.release.lib : AddrTranslateP_32bit.obj (.text.AddrTranslateP_getLocalAddr)
                  70058da2    00000052     drivers.am263px.r5f.ti-arm-clang.release.lib : mcspi_v0_lld.obj (.text.MCSPI_lld_deInitDma)
                  70058df4    00000050     nortos.am263px.r5f.ti-arm-clang.release.lib : ClockP_nortos.obj (.text.ClockP_construct)
                  70058e44    00000050     drivers.am263px.r5f.ti-arm-clang.release.lib : edma.obj (.text.EDMA_allocDmaChannel)
                  70058e94    00000050                                                  : edma.obj (.text.EDMA_allocParam)
                  70058ee4    00000050                                                  : edma.obj (.text.EDMA_allocTcc)
                  70058f34    0000004e     nortos.am263px.r5f.ti-arm-clang.release.lib : ClockP_nortos.obj (.text.ClockP_addToList)
                  70058f82    0000004e     ti_drivers_open_close.o (.text.Drivers_edmaOpen)
                  70058fd0    0000004e     ti_drivers_open_close.o (.text.Drivers_uartOpen)
                  7005901e    0000004e     drivers.am263px.r5f.ti-arm-clang.release.lib : edma.obj (.text.EDMA_disableChInShadowRegRegion)
                  7005906c    0000004c                                                  : mcspi_v0.obj (.text.MCSPI_transferCallback)
                  700590b8    0000004c                                                  : soc.obj (.text.SOC_enableAdcReferenceMonitor)
                  70059104    00000048                                                  : soc.obj (.text.SOC_enableAdcGlobalForce)
                  7005914c    00000048                                                  : soc.obj (.text.SOC_enableAdcInternalReference)
                  70059194    00000048                                                  : uart_dma_edma.obj (.text.UART_edmaIsrRx)
                  700591dc    00000048     libsysbm.a : unlink.c.obj (.text.unlink)
                  70059224    00000046     drivers.am263px.r5f.ti-arm-clang.release.lib : uart_dma_edma.obj (.text.UART_edmaIsrTx)
                  7005926a    00000002     --HOLE-- [fill = 0]
                  7005926c    00000044                                                  : soc.obj (.text.SOC_getAdcReferenceStatus)
                  700592b0    00000044                                                  : uart_v0.obj (.text.UART_Params_init)
                  700592f4    00000044                                                  : uart_v0_lld.obj (.text.UART_lld_deInitDma)
                  70059338    00000040     nortos.am263px.r5f.ti-arm-clang.release.lib : ClockP_nortos.obj (.text.ClockP_stop)
                  70059378    00000040     drivers.am263px.r5f.ti-arm-clang.release.lib : edma.obj (.text.EDMA_mapChToEvtQ)
                  700593b8    00000040                                                  : pinmux.obj (.text.Pinmux_config)
                  700593f8    00000040     nortos.am263px.r5f.ti-arm-clang.release.lib : SemaphoreP_nortos.obj (.text.SemaphoreP_constructBinary)
                  70059438    00000040     drivers.am263px.r5f.ti-arm-clang.release.lib : uart_v0_lld.obj (.text.UART_lld_deInit)
                  70059478    00000040     libc.a : memory.c.obj (.text.free_list_insert)
                  700594b8    0000003e     nortos.am263px.r5f.ti-arm-clang.release.lib : SemaphoreP_nortos.obj (.text.SemaphoreP_constructMutex)
                  700594f6    00000002     --HOLE-- [fill = 0]
                  700594f8    0000003c     drivers.am263px.r5f.ti-arm-clang.release.lib : edma.obj (.text.EDMA_getBaseAddr)
                  70059534    0000003c                                                  : uart_v0_lld.obj (.text.UART_readData)
                  70059570    0000003a     nortos.am263px.r5f.ti-arm-clang.release.lib : ClockP_nortos.obj (.text.ClockP_destruct)
                  700595aa    0000003a                                                 : DebugP_uartLogWriter.obj (.text.DebugP_uartLogWriterPutChar)
                  700595e4    0000003a     ti_power_clock_config.o (.text.Module_clockSetFrequency)
                  7005961e    0000003a     drivers.am263px.r5f.ti-arm-clang.release.lib : uart_v0_lld.obj (.text.UART_lld_flushTxFifo)
                  70059658    0000003a     logger.o (.text.add_log)
                  70059692    00000002     --HOLE-- [fill = 0]
                  70059694    00000038     drivers.am263px.r5f.ti-arm-clang.release.lib : soc_rcm.obj (.text.SOC_rcmADPLLJGetFOut)
                  700596cc    00000038     nortos.am263px.r5f.ti-arm-clang.release.lib : DebugP_nortos.obj (.text._DebugP_logZone)
                  70059704    00000038                                                 : PmuP_armv7r_asm.obj (.text.pmu)
                  7005973c    00000036     drivers.am263px.r5f.ti-arm-clang.release.lib : edma.obj (.text.EDMA_clrMissEvtRegion)
                  70059772    00000034     nortos.am263px.r5f.ti-arm-clang.release.lib : ClockP_nortos.obj (.text.ClockP_start)
                  700597a6    00000034     drivers.am263px.r5f.ti-arm-clang.release.lib : mcspi_v0.obj (.text.MCSPI_errorCallback)
                  700597da    00000034     ti_power_clock_config.o (.text.Module_clockDisable)
                  7005980e    00000034     ti_power_clock_config.o (.text.Module_clockEnable)
                  70059842    00000002     --HOLE-- [fill = 0]
                  70059844    00000034     drivers.am263px.r5f.ti-arm-clang.release.lib : soc.obj (.text.SOC_enableAdcDacLoopback)
                  70059878    00000034                                                  : soc_rcm.obj (.text.SOC_rcmGetModuleClkDivVal)
                  700598ac    00000034     libc.a : memory.c.obj (.text.free_list_remove)
                  700598e0    00000034     libsysbm.a : lseek.c.obj (.text.lseek)
                  70059914    00000034                : write.c.obj (.text.write)
                  70059948    00000032     nortos.am263px.r5f.ti-arm-clang.release.lib : ClockP_nortos.obj (.text.ClockP_usleep)
                  7005997a    00000032     drivers.am263px.r5f.ti-arm-clang.release.lib : edma.obj (.text.EDMA_unmapChToEvtQ)
                  700599ac    00000032     nortos.am263px.r5f.ti-arm-clang.release.lib : SemaphoreP_nortos.obj (.text.SemaphoreP_post)
                  700599de    00000030                                                 : DebugP_uartScanf.obj (.text.DebugP_scanf)
                  70059a0e    00000030     drivers.am263px.r5f.ti-arm-clang.release.lib : uart_v0.obj (.text.UART_lld_writeCompleteCallback)
                  70059a3e    0000002e                                                  : edma.obj (.text.EDMA_enableChInShadowRegRegion)
                  70059a6c    0000002e                                                  : uart_v0.obj (.text.UART_lld_readCompleteCallback)
                  70059a9a    0000002c     nortos.am263px.r5f.ti-arm-clang.release.lib : DebugP_shmLogReader.obj (.text.DebugP_shmLogReaderInit)
                  70059ac6    00000002     --HOLE-- [fill = 0]
                  70059ac8    0000002c     drivers.am263px.r5f.ti-arm-clang.release.lib : soc_rcm.obj (.text.SOC_rcmGetR5Clock)
                  70059af4    0000002c                                                  : uart_v0.obj (.text.UART_getHandle)
                  70059b20    0000002c     libc.a : sscanf.c.obj (.text.vsscanf)
                  70059b4c    0000002a     ti_drivers_config.o (.text.System_init)
                  70059b76    00000028     nortos.am263px.r5f.ti-arm-clang.release.lib : ClockP_nortos.obj (.text.ClockP_sleepTicks)
                  70059b9e    00000028     drivers.am263px.r5f.ti-arm-clang.release.lib : gpio.obj (.text.GPIO_setDirMode)
                  70059bc6    00000028                                                  : mcspi_v0_lld.obj (.text.MCSPI_fifoReadMultiWord)
                  70059bee    00000002     --HOLE-- [fill = 0]
                  70059bf0    00000028                                                  : soc.obj (.text.SOC_moduleSetClockFrequency)
                  70059c18    00000026     nortos.am263px.r5f.ti-arm-clang.release.lib : ClockP_nortos.obj (.text.ClockP_sleep)
                  70059c3e    00000026     drivers.am263px.r5f.ti-arm-clang.release.lib : edma.obj (.text.EDMA_setPaRAM)
                  70059c64    00000026                                                  : uart_dma_edma.obj (.text.UART_lld_dmaDisableChannel)
                  70059c8a    00000024                                                  : mcspi_v0_lld.obj (.text.MCSPI_fifoWriteMultiWord)
                  70059cae    00000002     --HOLE-- [fill = 0]
                  70059cb0    00000024                                                  : uart_v0_lld.obj (.text.UART_IsHWFlowCtrlValid)
                  70059cd4    00000024                                                  : uart_v0_lld.obj (.text.UART_IsRxTrigLvlValid)
                  70059cf8    00000024                                                  : uart_v0_lld.obj (.text.UART_IsTxTrigLvlValid)
                  70059d1c    00000024     libclang_rt.builtins.a : aeabi_uldivmod.S.obj (.text.__aeabi_uldivmod)
                  70059d40    00000024     nortos.am263px.r5f.ti-arm-clang.release.lib : printf.obj (.text.vprintf_)
                  70059d64    00000022     drivers.am263px.r5f.ti-arm-clang.release.lib : edma.obj (.text.EDMA_linkChannel)
                  70059d86    00000022     logger.o (.text.print_logs)
                  70059da8    00000020     nortos.am263px.r5f.ti-arm-clang.release.lib : DebugP_log.obj (.text.DebugP_logZoneEnable)
                  70059dc8    00000020     drivers.am263px.r5f.ti-arm-clang.release.lib : mcspi_v0_lld.obj (.text.MCSPI_fifoRead32)
                  70059de8    00000020     nortos.am263px.r5f.ti-arm-clang.release.lib : TimerP_rti_priv.obj (.text.TimerP_Params_initPriv)
                  70059e08    00000020     drivers.am263px.r5f.ti-arm-clang.release.lib : uart_v0_lld.obj (.text.UART_getChar)
                  70059e28    0000001e     ti_drivers_config.o (.text.System_deinit)
                  70059e46    0000001e     drivers.am263px.r5f.ti-arm-clang.release.lib : uart_v0_lld.obj (.text.UART_spaceAvail)
                  70059e64    0000001e                                                  : uart_v0_lld.obj (.text.UART_statusIsDataReady)
                  70059e82    0000001c                                                  : mcspi_v0_lld.obj (.text.MCSPI_fifoWrite32)
                  70059e9e    0000001c                                                  : mcspi_v0_lld.obj (.text.MCSPI_lld_deInit)
                  70059eba    00000002     --HOLE-- [fill = 0]
                  70059ebc    0000001c                                                  : soc_rcm.obj (.text.SOC_rcmIsR5FInLockStepMode)
                  70059ed8    0000001c     libc.a : sscanf.c.obj (.text._inpchar)
                  70059ef4    0000001c     main.o (.text.main)
                  70059f10    0000001c     libsysbm.a : hostrename.c.obj (.text.strcpy)
                  70059f2c    0000001c                : hostrename.c.obj (.text.strlen)
                  70059f48    0000001c     libc.a : memcpy32.S.obj (.text:TI_memcpy_small)
                  70059f64    0000001a     nortos.am263px.r5f.ti-arm-clang.release.lib : CpuId_armv7r.obj (.text.CSL_armR5GetCpuID)
                  70059f7e    0000001a     drivers.am263px.r5f.ti-arm-clang.release.lib : edma.obj (.text.EDMA_readEventStatusRegion)
                  70059f98    0000001a                                                  : uart_v0_lld.obj (.text.UART_enhanFuncEnable)
                  70059fb2    00000018                                                  : mcspi_dma_edma.obj (.text.MCSPI_lld_dmaInit)
                  70059fca    00000018     nortos.am263px.r5f.ti-arm-clang.release.lib : TimerP_rti_priv.obj (.text.TimerP_getCountPriv)
                  70059fe2    00000002     --HOLE-- [fill = 0]
                  70059fe4    00000018     drivers.am263px.r5f.ti-arm-clang.release.lib : uart_v0.obj (.text.UART_deinit)
                  70059ffc    00000018     libc.a : memset32.S.obj (.text:TI_memset_small)
                  7005a014    00000016     drivers.am263px.r5f.ti-arm-clang.release.lib : mcspi_v0_lld.obj (.text.MCSPI_reset)
                  7005a02a    00000016                                                  : uart_v0_lld.obj (.text.UART_IsTxRxFifoEmpty)
                  7005a040    00000016                                                  : uart_v0_lld.obj (.text.UART_getIntrIdentityStatus)
                  7005a056    00000016                                                  : uart_v0_lld.obj (.text.UART_getRxError)
                  7005a06c    00000014     nortos.am263px.r5f.ti-arm-clang.release.lib : ClockP_nortos.obj (.text.ClockP_usecToTicks)
                  7005a080    00000014     drivers.am263px.r5f.ti-arm-clang.release.lib : edma.obj (.text.EDMA_getRegionId)
                  7005a094    00000014                                                  : uart_v0.obj (.text.UART_Transaction_init)
                  7005a0a8    00000014                                                  : uart_v0_lld.obj (.text.UART_enhanFuncBitValRestore)
                  7005a0bc    00000012                                                  : adc.obj (.text.ADC_setMode)
                  7005a0ce    00000012                                                  : uart_v0_lld.obj (.text.UART_hardwareFlowCtrlOptSet)
                  7005a0e0    00000012                                                  : uart_v0_lld.obj (.text.UART_operatingModeSelect)
                  7005a0f2    00000012                                                  : uart_v0_lld.obj (.text.UART_readLineStatus)
                  7005a104    00000012     ti_dpl_config.o (.text.putchar_)
                  7005a116    00000010     drivers.am263px.r5f.ti-arm-clang.release.lib : gpio.obj (.text.GPIO_bankIntrDisable)
                  7005a126    00000010                                                  : uart_v0_lld.obj (.text.UART_intr2Disable)
                  7005a136    00000002     --HOLE-- [fill = 0]
                  7005a138    00000010     libclang_rt.builtins.a : aeabi_memset.S.obj (.text.__aeabi_memset)
                  7005a148    00000010     libc.a : sscanf.c.obj (.text._uninpchar)
                  7005a158    00000010            : fputc.c.obj (.text.putchar)
                  7005a168    0000000e     drivers.am263px.r5f.ti-arm-clang.release.lib : edma.obj (.text.EDMA_ccPaRAMEntry_init)
                  7005a176    0000000e                                                  : gpio.obj (.text.GPIO_bankIntrEnable)
                  7005a184    0000000e     ti_pinmux_config.o (.text.Pinmux_init)
                  7005a192    0000000e     ti_power_clock_config.o (.text.PowerClock_init)
                  7005a1a0    0000000e     logger.o (.text.clear_logs)
                  7005a1ae    0000000c     nortos.am263px.r5f.ti-arm-clang.release.lib : ClockP_nortos.obj (.text.ClockP_getTicks)
                  7005a1ba    0000000c                                                 : DebugP_uartLogWriter.obj (.text.DebugP_uartSetDrvIndex)
                  7005a1c6    0000000c     drivers.am263px.r5f.ti-arm-clang.release.lib : edma.obj (.text.EDMA_isInitialized)
                  7005a1d2    0000000c                                                  : soc.obj (.text.SOC_getSelfCpuClk)
                  7005a1de    00000002     --HOLE-- [fill = 0]
                  7005a1e0    0000000c     libc.a : aeabi_portable.c.obj (.text.__aeabi_errno_addr)
                  7005a1ec    0000000c     libclang_rt.builtins.a : aeabi_memset.S.obj (.text.__aeabi_memclr)
                  7005a1f8    0000000c     libc.a : memory.c.obj (.text.malloc)
                  7005a204    0000000c     nortos.am263px.r5f.ti-arm-clang.release.lib : CpuId_armv7r_asm.obj (.text)
                  7005a210    0000000a                                                 : ClockP_nortos.obj (.text.ClockP_Params_init)
                  7005a21a    00000006     drivers.am263px.r5f.ti-arm-clang.release.lib : edma.obj (.text.EDMA_isInterruptEnabled)
                  7005a220    0000000c     libc.a : strcmp32.S.obj (.text)
                  7005a22c    0000000a     nortos.am263px.r5f.ti-arm-clang.release.lib : ClockP_nortos.obj (.text.ClockP_isActive)
                  7005a236    0000000a                                                 : TimerP_rti_priv.obj (.text.TimerP_getReloadCountPriv)
                  7005a240    0000000a                                                 : TimerP_rti_priv.obj (.text.TimerP_startPriv)
                  7005a24a    0000000a     drivers.am263px.r5f.ti-arm-clang.release.lib : uart_v0_lld.obj (.text.UART_lld_Transaction_deInit)
                  7005a254    00000008     libsysbm.a : hostexit.c.obj (.text.HOSTexit)
                  7005a25c    00000008     nortos.am263px.r5f.ti-arm-clang.release.lib : TimerP_rti_priv.obj (.text.TimerP_clearOverflowIntPriv)
                  7005a264    00000008                                                 : printf.obj (.text._out_char)
                  7005a26c    00000006     drivers.am263px.r5f.ti-arm-clang.release.lib : soc.obj (.text.SOC_moduleClockEnable)
                  7005a272    00000006                                                  : soc_rcm.obj (.text.SOC_rcmGetCR5SysclkInFrequency)
                  7005a278    00000004     nortos.am263px.r5f.ti-arm-clang.release.lib : ClockP_nortos_r5.obj (.text.ClockP_getTimerCount)
                  7005a27c    00000004                                                 : ClockP_nortos_r5.obj (.text.ClockP_timerClearOverflowInt)
                  7005a280    00000004     ti_power_clock_config.o (.text.PowerClock_deinit)
                  7005a284    00000004     nortos.am263px.r5f.ti-arm-clang.release.lib : TimerP_rti_nortos.obj (.text.TimerP_Params_init)
                  7005a288    00000004                                                 : TimerP_rti_nortos.obj (.text.TimerP_clearOverflowInt)
                  7005a28c    00000004                                                 : TimerP_rti_nortos.obj (.text.TimerP_getCount)
                  7005a290    00000004                                                 : TimerP_rti_nortos.obj (.text.TimerP_getReloadCount)
                  7005a294    00000004                                                 : TimerP_rti_nortos.obj (.text.TimerP_setup)
                  7005a298    00000004                                                 : TimerP_rti_nortos.obj (.text.TimerP_start)
                  7005a29c    00000004     libclang_rt.builtins.a : aeabi_div0.c.obj (.text.__aeabi_idiv0)
                  7005a2a0    00000004                            : aeabi_div0.c.obj (.text.__aeabi_ldiv0)
                  7005a2a4    00000004                            : aeabi_memcpy.S.obj (.text.__aeabi_memcpy)
                  7005a2a8    00000004     libc.a : _lock.c.obj (.text._nop)
                  7005a2ac    00000004            : fseek.c.obj (.text.fseek)
                  7005a2b0    00000004     libsysbm.a : remove.c.obj (.text.remove)
                  7005a2b4    00000008     nortos.am263px.r5f.ti-arm-clang.release.lib : HwiP_armv7r_asm.obj (.tramp.HwiP_restore.1)
                  7005a2bc    00000008                                                 : HwiP_armv7r_asm.obj (.tramp.HwiP_enable.1)
                  7005a2c4    00000008                                                 : PmuP_armv7r_asm.obj (.tramp.PmuP_setUserEnable.1)
                  7005a2cc    00000008                                                 : PmuP_armv7r_asm.obj (.tramp.PmuP_enableCounters.1)
                  7005a2d4    0000000c     --HOLE-- [fill = 0]

.rodata    0    7005a2e0    000019b0     
                  7005a2e0    000004b0     testing.o (.rodata.test_results)
                  7005a790    00000101     libc.a : aeabi_ctype.S.obj (.rodata:__aeabi_ctype_table_)
                  7005a891    00000096     testing.o (.rodata.test_cases)
                  7005a927    00000001     logger.o (.rodata.str1.5671237403414969566.1)
                  7005a928    00000080     libc.a : strtod.c.obj (.rodata.digits)
                  7005a9a8    0000007a     ti_drivers_open_close.o (.rodata.str1.17665391694225509261.1)
                  7005aa22    00000002     --HOLE-- [fill = 0]
                  7005aa24    00000074     ti_dpl_config.o (.rodata.cfg)
                  7005aa98    00000051     drivers.am263px.r5f.ti-arm-clang.release.lib : mcspi_v0.obj (.rodata.str1.26396439823528435241)
                  7005aae9    00000007     libc.a : _scanfi.c.obj (.rodata._sproc_int.flit)
                  7005aaf0    00000050     nortos.am263px.r5f.ti-arm-clang.release.lib : printf.obj (.rodata._ftoa.pow10)
                  7005ab40    00000048     drivers.am263px.r5f.ti-arm-clang.release.lib : soc_rcm.obj (.rodata.gADPLLJConfigTbl)
                  7005ab88    00000048     libc.a : strtod.c.obj (.rodata.powerof10)
                  7005abd0    00000048     drivers.am263px.r5f.ti-arm-clang.release.lib : mcspi_v0_lld.obj (.rodata.str1.97363132707188488161)
                  7005ac18    0000003d     nortos.am263px.r5f.ti-arm-clang.release.lib : TimerP_rti_priv.obj (.rodata.str1.72163963154704191671)
                  7005ac55    00000038     testing.o (.rodata.str1.13271957185734089466.1)
                  7005ac8d    00000037     testing.o (.rodata.str1.13902908763734703229.1)
                  7005acc4    00000037     testing.o (.rodata.str1.14475428689845802839.1)
                  7005acfb    00000037     testing.o (.rodata.str1.17746360623054601515.1)
                  7005ad32    00000037     nortos.am263px.r5f.ti-arm-clang.release.lib : SemaphoreP_nortos.obj (.rodata.str1.52751030918495836841)
                  7005ad69    00000036     ti_drivers_open_close.o (.rodata.str1.2554706296470369595.1)
                  7005ad9f    00000035     ti_drivers_open_close.o (.rodata.str1.10252002122772422448.1)
                  7005add4    00000035     ti_drivers_open_close.o (.rodata.str1.17551203406305493380.1)
                  7005ae09    00000033     testing.o (.rodata.str1.13404232100597892824.1)
                  7005ae3c    00000033     testing.o (.rodata.str1.912323090116748061.1)
                  7005ae6f    00000032     drivers.am263px.r5f.ti-arm-clang.release.lib : adc.obj (.rodata.str1.104222482920253680151)
                  7005aea1    00000032                                                  : adc.obj (.rodata.str1.137023953294967812531)
                  7005aed3    00000001     --HOLE-- [fill = 0]
                  7005aed4    00000030     logger.o (.rodata..Lswitch.table.print_log.26)
                  7005af04    00000030     ti_drivers_open_close.o (.rodata.str1.14200658025495415368.1)
                  7005af34    0000002e     nortos.am263px.r5f.ti-arm-clang.release.lib : ClockP_nortos.obj (.rodata.str1.39419159632632580371)
                  7005af62    0000002a     logger.o (.rodata.str1.516959638814628545.1)
                  7005af8c    0000002a     nortos.am263px.r5f.ti-arm-clang.release.lib : DebugP_log.obj (.rodata.str1.8882360920750446361)
                  7005afb6    00000028     ti_drivers_open_close.o (.rodata.str1.10490786615736436564.1)
                  7005afde    00000028     ti_drivers_open_close.o (.rodata.str1.7332975063418302059.1)
                  7005b006    00000027     nortos.am263px.r5f.ti-arm-clang.release.lib : ClockP_nortos_r5.obj (.rodata.str1.91622226613999981811)
                  7005b02d    00000025     ti_drivers_open_close.o (.rodata.str1.7750254725308216577.1)
                  7005b052    00000024     testing.o (.rodata.str1.1448113453728135492.1)
                  7005b076    00000024     drivers.am263px.r5f.ti-arm-clang.release.lib : edma.obj (.rodata.str1.164918382464449145851)
                  7005b09a    00000023     nortos.am263px.r5f.ti-arm-clang.release.lib : ClockP_nortos_r5.obj (.rodata.str1.136646522816104227591)
                  7005b0bd    00000023     ti_drivers_open_close.o (.rodata.str1.15574074207268991336.1)
                  7005b0e0    00000023     drivers.am263px.r5f.ti-arm-clang.release.lib : soc_rcm.obj (.rodata.str1.15813086600912413471)
                  7005b103    00000022                                                  : edma.obj (.rodata.str1.6611792697437713481)
                  7005b125    00000021     nortos.am263px.r5f.ti-arm-clang.release.lib : ClockP_nortos_r5.obj (.rodata.str1.99041146818411950391)
                  7005b146    00000002     --HOLE-- [fill = 0]
                  7005b148    00000020     drivers.am263px.r5f.ti-arm-clang.release.lib : uart_v0_lld.obj (.rodata.cst32)
                  7005b168    00000020     PDMtesting.o (.rodata.str1.10015848951539402881.1)
                  7005b188    00000020     drivers.am263px.r5f.ti-arm-clang.release.lib : uart_v0.obj (.rodata.str1.150767988884773108331)
                  7005b1a8    0000001f     board.o (.rodata.str1.10881007155619371109.1)
                  7005b1c7    0000001f     board.o (.rodata.str1.123550804358397101.1)
                  7005b1e6    0000001f     board.o (.rodata.str1.13738757807042593414.1)
                  7005b205    0000001f     board.o (.rodata.str1.14465880841147386111.1)
                  7005b224    0000001f     logger.o (.rodata.str1.14780196379335289893.1)
                  7005b243    0000001f     board.o (.rodata.str1.1510811462892085231.1)
                  7005b262    0000001f     board.o (.rodata.str1.16077883977509950417.1)
                  7005b281    0000001f     board.o (.rodata.str1.1696272589420159480.1)
                  7005b2a0    0000001f     board.o (.rodata.str1.18250802514644841805.1)
                  7005b2bf    0000001f     nortos.am263px.r5f.ti-arm-clang.release.lib : SemaphoreP_nortos.obj (.rodata.str1.25281168886080794691)
                  7005b2de    0000001f                                                 : ClockP_nortos_r5.obj (.rodata.str1.25349503636762439021)
                  7005b2fd    0000001f     board.o (.rodata.str1.5436337271421848948.1)
                  7005b31c    0000001f     board.o (.rodata.str1.673658226405435322.1)
                  7005b33b    0000001f     ti_drivers_open_close.o (.rodata.str1.871795152488895636.1)
                  7005b35a    0000001f     board.o (.rodata.str1.9045895231722895584.1)
                  7005b379    0000001f     board.o (.rodata.str1.9461189164499355904.1)
                  7005b398    0000001e     board.o (.rodata.str1.10345935079445805060.1)
                  7005b3b6    0000001e     drivers.am263px.r5f.ti-arm-clang.release.lib : mcspi_v0.obj (.rodata.str1.144400815220210358851)
                  7005b3d4    0000001e     board.o (.rodata.str1.6418571003999367838.1)
                  7005b3f2    0000001e     board.o (.rodata.str1.6840234256597642108.1)
                  7005b410    0000001e     board.o (.rodata.str1.9453984286452795027.1)
                  7005b42e    0000001d     nortos.am263px.r5f.ti-arm-clang.release.lib : TimerP_rti_priv.obj (.rodata.str1.114219152040444562951)
                  7005b44b    0000001d                                                 : TimerP_rti_priv.obj (.rodata.str1.125174968193178473681)
                  7005b468    0000001d     ti_drivers_open_close.o (.rodata.str1.13083909648175487149.1)
                  7005b485    0000001d     drivers.am263px.r5f.ti-arm-clang.release.lib : uart_v0.obj (.rodata.str1.142814395268246240721)
                  7005b4a2    0000001d     nortos.am263px.r5f.ti-arm-clang.release.lib : TimerP_rti_priv.obj (.rodata.str1.27974953896521033811)
                  7005b4bf    0000001b     drivers.am263px.r5f.ti-arm-clang.release.lib : edma.obj (.rodata.str1.16266241636797238661)
                  7005b4da    0000001b     nortos.am263px.r5f.ti-arm-clang.release.lib : ClockP_nortos.obj (.rodata.str1.47646432807403639741)
                  7005b4f5    0000001b     ti_drivers_open_close.o (.rodata.str1.5509699957385355460.1)
                  7005b510    0000001a     drivers.am263px.r5f.ti-arm-clang.release.lib : edma.obj (.rodata.str1.124702968117785801901)
                  7005b52a    0000001a     nortos.am263px.r5f.ti-arm-clang.release.lib : ClockP_nortos_r5.obj (.rodata.str1.133203246495064227641)
                  7005b544    0000001a     drivers.am263px.r5f.ti-arm-clang.release.lib : soc_rcm.obj (.rodata.str1.153801437654618082741)
                  7005b55e    0000001a                                                  : mcspi_v0.obj (.rodata.str1.169212516063846095031)
                  7005b578    0000001a     board.o (.rodata.str1.9440741161207462191.1)
                  7005b592    0000001a     drivers.am263px.r5f.ti-arm-clang.release.lib : mcspi_v0.obj (.rodata.str1.99640994410596514241)
                  7005b5ac    00000019     ti_drivers_open_close.o (.rodata.str1.14059614886583751700.1)
                  7005b5c5    00000019     nortos.am263px.r5f.ti-arm-clang.release.lib : TimerP_rti_priv.obj (.rodata.str1.160914699991520874261)
                  7005b5de    00000019     ti_drivers_open_close.o (.rodata.str1.5293217666052239616.1)
                  7005b5f7    00000001     --HOLE-- [fill = 0]
                  7005b5f8    00000018     drivers.am263px.r5f.ti-arm-clang.release.lib : soc.obj (.rodata..Lswitch.table.SOC_getAdcReferenceStatus)
                  7005b610    00000018                                                  : soc_rcm.obj (.rodata.gControlssPllClkSrcValMap)
                  7005b628    00000018                                                  : soc_rcm.obj (.rodata.gCptsClkSrcValMap)
                  7005b640    00000018                                                  : soc_rcm.obj (.rodata.gI2cClkSrcValMap)
                  7005b658    00000018                                                  : soc_rcm.obj (.rodata.gLinUartClkSrcValMap)
                  7005b670    00000018                                                  : soc_rcm.obj (.rodata.gPeripheralClkSrcInfoMap)
                  7005b688    00000018                                                  : soc_rcm.obj (.rodata.gRtiClkSrcValMap)
                  7005b6a0    00000018                                                  : soc_rcm.obj (.rodata.gWdtClkSrcValMap)
                  7005b6b8    00000018     logger.o (.rodata.str1.14867204177169952558.1)
                  7005b6d0    00000018     logger.o (.rodata.str1.15765208293925770228.1)
                  7005b6e8    00000018     drivers.am263px.r5f.ti-arm-clang.release.lib : uart_v0.obj (.rodata.str1.9069738176458784971)
                  7005b700    00000018     logger.o (.rodata.str1.998270875404085501.1)
                  7005b718    00000017     drivers.am263px.r5f.ti-arm-clang.release.lib : soc_rcm.obj (.rodata.str1.141251745167226470741)
                  7005b72f    00000017     ti_drivers_open_close.o (.rodata.str1.1628183244885117158.1)
                  7005b746    00000016     PDMtesting.o (.rodata.str1.10577412323663350067.1)
                  7005b75c    00000016     drivers.am263px.r5f.ti-arm-clang.release.lib : soc_rcm.obj (.rodata.str1.107645048611228328791)
                  7005b772    00000016     PDMtesting.o (.rodata.str1.12143205621091433229.1)
                  7005b788    00000016     drivers.am263px.r5f.ti-arm-clang.release.lib : soc_rcm.obj (.rodata.str1.177369307189295936511)
                  7005b79e    00000016                                                  : soc_rcm.obj (.rodata.str1.63555232926284281011)
                  7005b7b4    00000016                                                  : mcspi_v0.obj (.rodata.str1.85423015064808713541)
                  7005b7ca    00000015     ti_drivers_open_close.o (.rodata.str1.11521962449680083383.1)
                  7005b7df    00000015     drivers.am263px.r5f.ti-arm-clang.release.lib : edma.obj (.rodata.str1.149652404363315708211)
                  7005b7f4    00000015     ti_drivers_open_close.o (.rodata.str1.17912154466570466874.1)
                  7005b809    00000015     drivers.am263px.r5f.ti-arm-clang.release.lib : adc.obj (.rodata.str1.20431844208594508061)
                  7005b81e    00000015     nortos.am263px.r5f.ti-arm-clang.release.lib : SemaphoreP_nortos.obj (.rodata.str1.30861210816963497001)
                  7005b833    00000014     drivers.am263px.r5f.ti-arm-clang.release.lib : mcspi_v0_lld.obj (.rodata.str1.147988882001261723701)
                  7005b847    00000014                                                  : edma.obj (.rodata.str1.176595599180530855901)
                  7005b85b    00000014                                                  : mcspi_v0.obj (.rodata.str1.34611452835214624521)
                  7005b86f    00000014     ti_drivers_open_close.o (.rodata.str1.3622116258035701796.1)
                  7005b883    00000014     drivers.am263px.r5f.ti-arm-clang.release.lib : edma.obj (.rodata.str1.41785049815304208531)
                  7005b897    00000014                                                  : edma.obj (.rodata.str1.93700429500326477781)
                  7005b8ab    00000013     testing.o (.rodata.str1.13753495736459524521.1)
                  7005b8be    00000013     drivers.am263px.r5f.ti-arm-clang.release.lib : soc_rcm.obj (.rodata.str1.30734103837947208761)
                  7005b8d1    00000013     testing.o (.rodata.str1.5333103860067079182.1)
                  7005b8e4    00000013     drivers.am263px.r5f.ti-arm-clang.release.lib : uart_v0.obj (.rodata.str1.9980655952161290391)
                  7005b8f7    00000012                                                  : uart_v0.obj (.rodata.str1.166492982902436568231)
                  7005b909    00000012                                                  : uart_v0.obj (.rodata.str1.171120843061886446841)
                  7005b91b    00000012                                                  : edma.obj (.rodata.str1.41579851849113419871)
                  7005b92d    00000012     ti_drivers_open_close.o (.rodata.str1.6538372684047993024.1)
                  7005b93f    00000012     drivers.am263px.r5f.ti-arm-clang.release.lib : soc_rcm.obj (.rodata.str1.67217821191364965911)
                  7005b951    00000011                                                  : edma.obj (.rodata.str1.117215064595961288031)
                  7005b962    00000011     ti_drivers_open_close.o (.rodata.str1.12213835641041270557.1)
                  7005b973    00000011     drivers.am263px.r5f.ti-arm-clang.release.lib : uart_v0.obj (.rodata.str1.16967668833904919061)
                  7005b984    00000011                                                  : edma.obj (.rodata.str1.28692048193800818901)
                  7005b995    00000011     logger.o (.rodata.str1.3193577328096652195.1)
                  7005b9a6    00000011     nortos.am263px.r5f.ti-arm-clang.release.lib : ClockP_nortos.obj (.rodata.str1.37923443167824241621)
                  7005b9b7    00000011                                                 : TimerP_rti_priv.obj (.rodata.str1.44101942245516082551)
                  7005b9c8    00000011     ti_drivers_open_close.o (.rodata.str1.6292539624901818759.1)
                  7005b9d9    00000003     PDMtesting.o (.rodata.str1.1094412632907578887.1)
                  7005b9dc    00000010     drivers.am263px.r5f.ti-arm-clang.release.lib : soc.obj (.rodata.cst16)
                  7005b9ec    00000010                                                  : mcspi_v0.obj (.rodata.str1.153145657127816401141)
                  7005b9fc    00000010                                                  : edma.obj (.rodata.str1.18778444954996405781)
                  7005ba0c    00000010     ti_drivers_open_close.o (.rodata.str1.5205884736402799790.1)
                  7005ba1c    0000000f     drivers.am263px.r5f.ti-arm-clang.release.lib : edma.obj (.rodata.str1.111354322338949310841)
                  7005ba2b    0000000f                                                  : edma.obj (.rodata.str1.144551280152329776181)
                  7005ba3a    0000000f                                                  : edma.obj (.rodata.str1.2759273541325923811)
                  7005ba49    0000000f     board.o (.rodata.str1.834004997606947946.1)
                  7005ba58    0000000f     drivers.am263px.r5f.ti-arm-clang.release.lib : edma.obj (.rodata.str1.92547749779646142691)
                  7005ba67    0000000e     ti_drivers_open_close.o (.rodata.str1.16112177131852734107.1)
                  7005ba75    0000000e     drivers.am263px.r5f.ti-arm-clang.release.lib : edma.obj (.rodata.str1.19244332700943948511)
                  7005ba83    0000000e                                                  : edma.obj (.rodata.str1.46057082369026546831)
                  7005ba91    0000000e                                                  : edma.obj (.rodata.str1.46782315602798139861)
                  7005ba9f    0000000d     ti_drivers_open_close.o (.rodata.str1.10450075619424269387.1)
                  7005baac    0000000d     drivers.am263px.r5f.ti-arm-clang.release.lib : edma.obj (.rodata.str1.121775923823351643201)
                  7005bab9    0000000d     ti_drivers_open_close.o (.rodata.str1.16905510790704221133.1)
                  7005bac6    0000000d     nortos.am263px.r5f.ti-arm-clang.release.lib : TimerP_rti_priv.obj (.rodata.str1.31870447354226168941)
                  7005bad3    0000000d     drivers.am263px.r5f.ti-arm-clang.release.lib : adc.obj (.rodata.str1.70150695697723348971)
                  7005bae0    0000000d     testing.o (.rodata.str1.9119961215068324276.1)
                  7005baed    00000003     --HOLE-- [fill = 0]
                  7005baf0    0000000c     drivers.am263px.r5f.ti-arm-clang.release.lib : mcspi_v0_lld.obj (.rodata..Lswitch.table.MCSPI_lld_controllerIsr.1)
                  7005bafc    0000000c                                                  : mcspi_v0_lld.obj (.rodata..Lswitch.table.MCSPI_lld_controllerIsr)
                  7005bb08    0000000c                                                  : soc.obj (.rodata..Lswitch.table.SOC_enableAdcReferenceMonitor)
                  7005bb14    0000000c     logger.o (.rodata..Lswitch.table.print_log)
                  7005bb20    0000000c     logger.o (.rodata.str1.13406532556922755089.1)
                  7005bb2c    0000000c     nortos.am263px.r5f.ti-arm-clang.release.lib : ClockP_nortos_r5.obj (.rodata.str1.177642182983587376931)
                  7005bb38    0000000c     drivers.am263px.r5f.ti-arm-clang.release.lib : mcspi_v0.obj (.rodata.str1.69169362540279301091)
                  7005bb44    0000000c                                                  : edma.obj (.rodata.str1.73371482538137472541)
                  7005bb50    0000000b     board.o (.rodata.str1.15102135329570516791.1)
                  7005bb5b    0000000b     drivers.am263px.r5f.ti-arm-clang.release.lib : mcspi_v0.obj (.rodata.str1.169287378047891341191)
                  7005bb66    0000000b                                                  : uart_v0.obj (.rodata.str1.174466331461201984741)
                  7005bb71    0000000b                                                  : uart_v0.obj (.rodata.str1.23952661867579505821)
                  7005bb7c    0000000b                                                  : mcspi_v0.obj (.rodata.str1.248655060218483491)
                  7005bb87    0000000b                                                  : edma.obj (.rodata.str1.8716574913843167321)
                  7005bb92    0000000a                                                  : soc_rcm.obj (.rodata.str1.102656642322745120751)
                  7005bb9c    0000000a                                                  : edma.obj (.rodata.str1.11281620503267214511)
                  7005bba6    0000000a                                                  : uart_v0.obj (.rodata.str1.4680544719311723101)
                  7005bbb0    0000000a                                                  : uart_v0.obj (.rodata.str1.62285611621840673441)
                  7005bbba    0000000a     logger.o (.rodata.str1.887488774559121338.1)
                  7005bbc4    0000000a     drivers.am263px.r5f.ti-arm-clang.release.lib : edma.obj (.rodata.str1.94390198658697638781)
                  7005bbce    0000000a                                                  : uart_v0.obj (.rodata.str1.98976386761529848021)
                  7005bbd8    00000009     libc.a : _scanfi.c.obj (.rodata.str1.12964984209033246150.1)
                  7005bbe1    00000003     --HOLE-- [fill = 0]
                  7005bbe4    00000008            : _scanfi.c.obj (.rodata..L__const._sproc_float.special)
                  7005bbec    00000008     logger.o (.rodata.str1.11268383079938446260.1)
                  7005bbf4    00000008     logger.o (.rodata.str1.1246197995540081341.1)
                  7005bbfc    00000008     logger.o (.rodata.str1.4633242734696342979.1)
                  7005bc04    00000008     logger.o (.rodata.str1.8545315102583907144.1)
                  7005bc0c    00000008     logger.o (.rodata.str1.9485715002722841782.1)
                  7005bc14    00000007     logger.o (.rodata.str1.10127394157737690499.1)
                  7005bc1b    00000007     logger.o (.rodata.str1.10253156068257962407.1)
                  7005bc22    00000007     logger.o (.rodata.str1.10289081750774512625.1)
                  7005bc29    00000007     logger.o (.rodata.str1.12893940535876439382.1)
                  7005bc30    00000007     logger.o (.rodata.str1.14246187852812087945.1)
                  7005bc37    00000007     logger.o (.rodata.str1.16946937258229686214.1)
                  7005bc3e    00000007     logger.o (.rodata.str1.6452265960373237926.1)
                  7005bc45    00000007     logger.o (.rodata.str1.7498274428696469886.1)
                  7005bc4c    00000006     libc.a : _scanfi.c.obj (.rodata._sproc_int.barr)
                  7005bc52    00000006     logger.o (.rodata.str1.11170080405929493601.1)
                  7005bc58    00000006     drivers.am263px.r5f.ti-arm-clang.release.lib : soc_rcm.obj (.rodata.str1.53743240983164125611)
                  7005bc5e    00000005     nortos.am263px.r5f.ti-arm-clang.release.lib : printf.obj (.rodata.str1.143852280595428356391)
                  7005bc63    00000005                                                 : printf.obj (.rodata.str1.23318557076440195721)
                  7005bc68    00000005     logger.o (.rodata.str1.9978879681667430888.1)
                  7005bc6d    00000003     --HOLE-- [fill = 0]
                  7005bc70    00000004     nortos.am263px.r5f.ti-arm-clang.release.lib : CacheP_armv7r.obj (.rodata.gCacheL1dCacheLineSize)
                  7005bc74    00000004                                                 : CacheP_armv7r.obj (.rodata.gCacheL1pCacheLineSize)
                  7005bc78    00000004                                                 : printf.obj (.rodata.str1.122320159353749299121)
                  7005bc7c    00000004     logger.o (.rodata.str1.13114922096505101489.1)
                  7005bc80    00000004     libc.a : _scanfi.c.obj (.rodata.str1.3403580589742030990.1)
                  7005bc84    00000004     logger.o (.rodata.str1.5950550609978457137.1)
                  7005bc88    00000004     nortos.am263px.r5f.ti-arm-clang.release.lib : printf.obj (.rodata.str1.81101573233442303481)
                  7005bc8c    00000004     --HOLE-- [fill = 0]

.text.hwi 
*          0    7005bc90    000008d8     
                  7005bc90    00000402     nortos.am263px.r5f.ti-arm-clang.release.lib : HwiP_armv7r_vim.obj (.text.hwi)
                  7005c092    000002dc                                                 : HwiP_armv7r_handlers_nortos.obj (.text.hwi)
                  7005c36e    00000002     --HOLE-- [fill = 0]
                  7005c370    0000017c                                                 : HwiP_armv7r_handlers_nortos_asm.obj (.text.hwi)
                  7005c4ec    00000070                                                 : HwiP_armv7r_asm.obj (.text.hwi)
                  7005c55c    00000008                                                 : HwiP_armv7r_asm.obj (.tramp.HwiP_enableFIQ.1)
                  7005c564    00000004     --HOLE-- [fill = 0]

.text.cache 
*          0    7005c568    00000430     
                  7005c568    00000340     nortos.am263px.r5f.ti-arm-clang.release.lib : CacheP_armv7r_asm.obj (.text.cache)
                  7005c8a8    000000d8                                                 : CacheP_armv7r.obj (.text.cache)
                  7005c980    00000008                                                 : CacheP_armv7r_asm.obj (.tramp.CacheP_invL1d.1)
                  7005c988    00000008                                                 : CacheP_armv7r_asm.obj (.tramp.CacheP_enableL1p.1)
                  7005c990    00000008                                                 : HwiP_armv7r_asm.obj (.tramp.HwiP_restore.2)

.text.mpu 
*          0    7005c998    00000290     
                  7005c998    00000202     nortos.am263px.r5f.ti-arm-clang.release.lib : MpuP_armv7r.obj (.text.mpu)
                  7005cb9a    00000002     --HOLE-- [fill = 0]
                  7005cb9c    00000078                                                 : MpuP_armv7r_asm.obj (.text.mpu)
                  7005cc14    00000008                                                 : HwiP_armv7r_asm.obj (.tramp.HwiP_restore.3)
                  7005cc1c    00000008                                                 : MpuP_armv7r_asm.obj (.tramp.MpuP_isEnableAsm.1)
                  7005cc24    00000004     --HOLE-- [fill = 0]

.text.boot 
*          0    7005cc28    00000190     
                  7005cc28    00000144     nortos.am263px.r5f.ti-arm-clang.release.lib : boot_armv7r_asm.obj (.text.boot)
                  7005cd6c    0000001e                                                 : DebugP_log.obj (.text.boot)
                  7005cd8a    0000001c                                                 : boot_armv7r.obj (.text.boot)
                  7005cda6    0000000e     ti_dpl_config.o (.text.boot)
                  7005cdb4    00000004     --HOLE-- [fill = 0]

.text:abort 
*          0    7005cdb8    00000008     
                  7005cdb8    00000008     libc.a : exit.c.obj (.text:abort)

.data      0    7005cdc0    00000718     
                  7005cdc0    000000f0     libc.a : defs.c.obj (.data._ftable)
                  7005ceb0    000000c8     ti_pinmux_config.o (.data.gPinMuxMainDomainCfg)
                  7005cf78    0000009c     drivers.am263px.r5f.ti-arm-clang.release.lib : mcspi_v0.obj (.data.gMcspiDrvObj)
                  7005d014    0000009c                                                  : uart_v0.obj (.data.gUartDrvObj)
                  7005d0b0    00000088     ti_drivers_config.o (.data.gEdmaAttrs)
                  7005d138    00000078     libsysbm.a : host_device.c.obj (.data._device)
                  7005d1b0    00000060     board.o (.data.intr_pins)
                  7005d210    00000058     ti_drivers_open_close.o (.data.gUartParams)
                  7005d268    00000050     libsysbm.a : host_device.c.obj (.data._stream)
                  7005d2b8    00000048     ti_drivers_config.o (.data.gMcspiAttrs)
                  7005d300    00000040     ti_drivers_open_close.o (.data.gSpi0ChCfg)
                  7005d340    00000040     ti_drivers_open_close.o (.data.gSpi1ChCfg)
                  7005d380    00000030     ti_power_clock_config.o (.data.gSocModulesClockFrequency)
                  7005d3b0    00000028     ti_drivers_open_close.o (.data.gMcspiOpenParams)
                  7005d3d8    0000001c     ADS_adc.o (.data.ext_adc0)
                  7005d3f4    0000001c     ADS_adc.o (.data.ext_adc1)
                  7005d410    00000018     ti_dpl_config.o (.data.gClockConfig)
                  7005d428    00000010     ti_drivers_config.o (.data.gMcspiConfig)
                  7005d438    00000010     ti_power_clock_config.o (.data.gSocModules)
                  7005d448    0000000c     nortos.am263px.r5f.ti-arm-clang.release.lib : AddrTranslateP_32bit.obj (.data.gAddrTranslateConfig)
                  7005d454    00000008     libc.a : exit.c.obj (.data..L_MergedGlobals)
                  7005d45c    00000008     ti_drivers_open_close.o (.data.gConfigMcspiChCfg)
                  7005d464    00000008     ti_drivers_config.o (.data.gEdmaConfig)
                  7005d46c    00000008     ti_drivers_open_close.o (.data.gEdmaParams)
                  7005d474    00000008     ti_drivers_open_close.o (.data.gMcspiDmaChConfig)
                  7005d47c    00000008     ti_drivers_config.o (.data.gMcspiNumCh)
                  7005d484    00000008     ti_drivers_config.o (.data.gUartAttrs)
                  7005d48c    00000008     ti_drivers_config.o (.data.gUartConfig)
                  7005d494    00000004     libc.a : defs.c.obj (.data.__TI_ft_end)
                  7005d498    00000008     nortos.am263px.r5f.ti-arm-clang.release.lib : PmuP_armv7r.obj (.data.pmu)
                  7005d4a0    00000004     libc.a : aeabi_portable.c.obj (.data.__aeabi_errno)
                  7005d4a4    00000004            : _lock.c.obj (.data._lock)
                  7005d4a8    00000004            : _lock.c.obj (.data._unlock)
                  7005d4ac    00000004     nortos.am263px.r5f.ti-arm-clang.release.lib : DebugP_log.obj (.data.gDebugLogZone)
                  7005d4b0    00000004                                                 : DebugP_uartLogWriter.obj (.data.gDebugP_uartDrvIndex)
                  7005d4b4    00000004     ti_drivers_config.o (.data.gEdmaConfigNum)
                  7005d4b8    00000004     ti_dpl_config.o (.data.gHwiConfig)
                  7005d4bc    00000004     ti_drivers_config.o (.data.gMcspiConfigNum)
                  7005d4c0    00000004     ti_drivers_config.o (.data.gUartConfigNum)
                  7005d4c4    00000004     ti_drivers_open_close.o (.data.gUartDmaChConfig)
                  7005d4c8    00000004     board.o (.data.test)
                  7005d4cc    00000002     logger.o (.data.last_printed_index)
                  7005d4ce    00000002     logger.o (.data.logs_length)
                  7005d4d0    00000001     drivers.am263px.r5f.ti-arm-clang.release.lib : soc.obj (.data.isMapAvailable)
                  7005d4d1    00000003     --HOLE-- [fill = 0]
                  7005d4d4    00000001     libc.a : memory.c.obj (.data.memory_is_initialized)
                  7005d4d5    00000003     --HOLE-- [fill = 0]

.irqstack 
*          0    7005d4d8    00000100     UNINITIALIZED
                  7005d4d8    00000100     --HOLE--

.fiqstack 
*          0    7005d5d8    00000100     UNINITIALIZED
                  7005d5d8    00000100     --HOLE--

.svcstack 
*          0    7005d6d8    00001000     UNINITIALIZED
                  7005d6d8    00001000     --HOLE--

.abortstack 
*          0    7005e6d8    00000100     UNINITIALIZED
                  7005e6d8    00000100     --HOLE--

.undefinedstack 
*          0    7005e7d8    00000100     UNINITIALIZED
                  7005e7d8    00000100     --HOLE--

.init_array 
*          0    70040000    00000000     UNINITIALIZED

.bss.log_shared_mem 
*          0    701d4000    00002000     NOLOAD SECTION
                  701d4000    00002000     ti_dpl_config.o (.bss.log_shared_mem)

MODULE SUMMARY

       Module                                code    ro data   rw data
       ------                                ----    -------   -------
    .\
       PDMtesting.o                          240     79        3202   
       testing.o                             560     1760      0      
       board.o                               838     544       292    
       logger.o                              404     360       4      
       ADS_adc.o                             0       0         56     
       main.o                                28      0         0      
    +--+-------------------------------------+-------+---------+---------+
       Total:                                2070    2743      3554   
                                                                      
    .\syscfg\
       ti_dpl_config.o                       118     116       8220   
       ti_drivers_config.o                   762     0         3276   
       ti_drivers_open_close.o               2304    812       300    
       ti_power_clock_config.o               180     0         64     
       ti_pinmux_config.o                    14      0         200    
       ti_board_config.o                     4       0         0      
       ti_board_open_close.o                 4       0         0      
    +--+-------------------------------------+-------+---------+---------+
       Total:                                3386    928       12060  
                                                                      
    C:/Users/carim/Desktop/mcu_plus_sdk_am263px_10_02_00_15__all/mcu_plus_sdk_am263px_10_02_00_15/source/drivers/lib/drivers.am263px.r5f.ti-arm-clang.release.lib
       edma.obj                              5042    430       0      
       uart_v0_lld.obj                       3632    32        0      
       soc_rcm.obj                           2454    443       0      
       mcspi_v0_lld.obj                      2590    116       0      
       uart_v0.obj                           2024    209       156    
       mcspi_dma_edma.obj                    1960    0         0      
       mcspi_v0.obj                          1192    255       156    
       uart_dma_edma.obj                     1340    0         0      
       soc.obj                               906     52        17     
       adc.obj                               154     134       0      
       gpio.obj                              162     0         0      
       pinmux.obj                            64      0         0      
    +--+-------------------------------------+-------+---------+---------+
       Total:                                21520   1671      329    
                                                                      
    C:/Users/carim/Desktop/mcu_plus_sdk_am263px_10_02_00_15__all/mcu_plus_sdk_am263px_10_02_00_15/source/kernel/nortos/lib/nortos.am263px.r5f.ti-arm-clang.release.lib
       printf.obj                            4052    98        0      
       HwiP_armv7r_vim.obj                   1026    0         2060   
       CacheP_armv7r_asm.obj                 848     0         0      
       ClockP_nortos.obj                     692     90        56     
       HwiP_armv7r_handlers_nortos.obj       732     0         0      
       TimerP_rti_priv.obj                   404     203       0      
       MpuP_armv7r.obj                       514     0         0      
       ClockP_nortos_r5.obj                  268     176       0      
       SemaphoreP_nortos.obj                 328     107       0      
       HwiP_armv7r_handlers_nortos_asm.obj   380     0         0      
       boot_armv7r_asm.obj                   324     0         0      
       CacheP_armv7r.obj                     216     8         0      
       DebugP_uartScanf.obj                  216     0         0      
       DebugP_log.obj                        154     42        4      
       DebugP_shmLogReader.obj               44      0         144    
       HwiP_armv7r_asm.obj                   152     0         0      
       MpuP_armv7r_asm.obj                   128     0         0      
       PmuP_armv7r.obj                       102     0         8      
       AddrTranslateP_32bit.obj              82      0         12     
       DebugP_uartLogWriter.obj              70      0         4      
       PmuP_armv7r_asm.obj                   72      0         0      
       HwiP_armv7r_vectors_nortos_asm.obj    64      0         0      
       DebugP_nortos.obj                     58      0         0      
       boot_armv7r.obj                       28      0         0      
       CpuId_armv7r.obj                      26      0         0      
       TimerP_rti_nortos.obj                 24      0         0      
       CpuId_armv7r_asm.obj                  12      0         0      
       TaskP_nortos.obj                      2       0         0      
    +--+-------------------------------------+-------+---------+---------+
       Total:                                11018   724       2288   
                                                                      
    C:\ti\ccs2011\ccs\tools\compiler\ti-cgt-armllvm_4.0.2.LTS\lib\armv7r-ti-none-eabihf/c/libc.a
       _scanfi.c.obj                         4904    34        0      
       strtod.c.obj                          1236    200       0      
       memory.c.obj                          1136    0         5      
       strcmp32.S.obj                        924     0         0      
       strtoll.c.obj                         636     0         0      
       strtoull.c.obj                        584     0         0      
       strtol.c.obj                          504     0         0      
       strtoul.c.obj                         492     0         0      
       defs.c.obj                            0       0         404    
       s_scalbn.c.obj                        336     0         0      
       setvbuf.c.obj                         324     0         0      
       sscanf.c.obj                          300     0         0      
[...]
70042168  intr_objects                       
70042228  __TI_tmpnams                       
700422c8  gDebugShmLogReaderCtrl             
70042358  gClockCtrl                         
70042390  virtToPhymap                       
700423a0  parmbuf                            
700423a8  gMcspiHandle                       
700423b8  gEdmaHandle                        
700423bc  gUartHandle                        
700423c8  __BSS_END                          
700423c8  _sys_memory                        
7004a3c8  __stack                            
7004e3c8  __STACK_END                        
7004e3e0  __TI_scanfi                        
7004f709  Drivers_adcOpen                    
7004fe63  Board_deinit                       
700503e5  Board_driversOpen                  
700503e8  strtod                             
700503e8  strtold                            
700508bd  SOC_rcmEnablePeripheralClock       
70051189  MCSPI_deinit                       
700511a0  strcmp                             
70051841  UART_open                          
70051ae9  MCSPI_open                         
70051d81  EDMA_init                          
70051ffc  strtoll                            
70052279  SOC_rcmSetPeripheralClock          
700524c8  strtoull                           
7005294d  MCSPI_lld_dmaTransfer              
70052b7d  conduct_test                       
70052fb9  EDMA_freeChannelRegion             
700531bc  strtol                             
700533b4  strtoul                            
700535a1  MCSPI_lld_controllerIsr            
70053789  GPIO_init                          
7005396b  Board_init                         
7005396c  __aeabi_uidiv                      
7005396c  __udivsi3                          
70053b3d  MCSPI_lld_dmaChInit                
70053ea4  free                               
7005404c  aligned_alloc                      
7005404c  memalign                           
700541f1  UART_lld_dmaInit                   
70054385  EDMA_open                          
700544e9  EDMA_deinit                        
70054648  ldexp                              
70054648  ldexpl                             
70054648  scalbn                             
70054648  scalbnl                            
70054799  UART_lld_dmaDeInit                 
700548e7  MCSPI_lld_dmaDeInit                
70054a33  DebugP_shmLogReaderTaskCreate      
70054a34  setvbuf                            
70054b79  TimerP_setupPriv                   
70054cb9  SOC_virtToPhy                      
70054df5  UART_close                         
7005505f  UART_lld_controllerIsr             
70055290  __udivmoddi4                       
700553a9  SOC_rcmGetPeripheralClockFrequency 
700554bd  UART_lld_write                     
700555cb  init_gpio                          
700557dd  UART_read                          
700559eb  ClockP_init                        
70055aef  Dpl_deinit                         
70055af1  UART_lld_dmaWrite                  
70055bf5  MCSPI_close                        
70055cf5  UART_write                         
70055df1  MCSPI_lld_initDma                  
70055ee5  PDM_testing                        
70055fd4  fputc                              
700561ab  GPIO_bankIsrFxn                    
70056355  print_log                          
70056427  SemaphoreP_destruct                
70056429  EDMA_unregisterIntr                
700564f9  GPIO_deinit                        
700565c9  UART_lld_initDma                   
70056694  getdevice                          
7005675d  MCSPI_lld_init                     
70056821  UART_lld_init                      
700568e1  EDMA_registerIntr                  
7005699c  fseeko                             
70056a50  __TI_closefile                     
70056d09  DebugP_readLine                    
70056e57  UART_lld_read                      
70056fa3  init_global_interrupts             
700570ed  EDMA_freeDmaChannel                
7005718d  EDMA_freeParam                     
7005722d  EDMA_freeTcc                       
700572cc  HOSTrename                         
7005736d  UART_lld_dmaRead                   
7005740d  UART_lld_readIntr                  
700574a8  __TI_wrt_ok                        
70057544  HOSTlseek                          
700575dd  SemaphoreP_pend                    
70057673  EDMA_configureChannelRegion        
70057707  TaskP_yield                        
70057708  HOSTopen                           
7005779d  UART_lld_readWithCounter           
700578bf  Drivers_open                       
7005794b  MCSPI_lld_peripheralIsr            
700579d8  close                              
70057a65  ADC_setPPBTripLimits               
70057aed  UART_init                          
70057b75  UART_procLineStatusErr             
70057bfc  __TI_doflush                       
70057c84  HOSTread                           
70057d08  HOSTwrite                          
70057d8d  EDMA_close                         
70057e0d  UART_flushTxFifo                   
70057e8d  Drivers_mcspiOpen                  
70057f89  MCSPI_initiateLastChunkTransfer    
70058005  MCSPI_init                         
70058165  MCSPI_stop                         
700581d7  MCSPI_lld_dmaStop                  
70058247  EDMA_disableTransferRegion         
700582b5  EDMA_enableTransferRegion          
70058324  HOSTunlink                         
70058391  UART_lld_writeDma                  
700583fd  UART_lld_readDma                   
70058465  UART_lld_writeIntr                 
700584cc  atoi                               
70058535  digitalWrite                       
7005859d  CycleCounterP_init                 
700585ad  CycleCounterP_reset                
700585d1  CycleCounterP_nsToTicks            
700585fd  CycleCounterP_enableUserAccess     
70058605  SOC_controlModuleUnlockMMR         
70058668  HOSTclose                          
700586c9  ClockP_timerTickIsr                
70058729  GPIO_setTrigType                   
700587e1  SOC_controlModuleLockMMR           
7005883d  _DebugP_assert                     
700588f0  __TI_cleanup                       
70058948  __TI_readmsg                       
700589a0  __TI_writemsg                      
700589ec  C$$IO$$                            
700589f9  init_interrupt                     
70058a51  print_pending_logs                 
70058aa9  ClockP_getTimeUsec                 
70058aff  UART_intrDisable                   
70058b55  UART_readCancelNoCB                
70058bab  UART_writeCancelNoCB               
70058c01  Dpl_init                           
70058c54  exit                               
70058ca8  finddevice                         
70058cfc  __TI_auto_init_nobinit_nopinit     
70058d51  AddrTranslateP_getLocalAddr        
70058da3  MCSPI_lld_deInitDma                
70058df5  ClockP_construct                   
70058e45  EDMA_allocDmaChannel               
70058e95  EDMA_allocParam                    
70058ee5  EDMA_allocTcc                      
70058f83  Drivers_edmaOpen                   
70058fd1  Drivers_uartOpen                   
7005901f  EDMA_disableChInShadowRegRegion    
7005906d  MCSPI_transferCallback             
700590b9  SOC_enableAdcReferenceMonitor      
70059105  SOC_enableAdcGlobalForce           
7005914d  SOC_enableAdcInternalReference     
700591dc  unlink                             
7005926d  SOC_getAdcReferenceStatus          
700592b1  UART_Params_init                   
700592f5  UART_lld_deInitDma                 
70059339  ClockP_stop                        
70059379  EDMA_mapChToEvtQ                   
700593b9  Pinmux_config                      
700593f9  SemaphoreP_constructBinary         
70059439  UART_lld_deInit                    
700594b9  SemaphoreP_constructMutex          
700594f9  EDMA_getBaseAddr                   
70059571  ClockP_destruct                    
700595ab  DebugP_uartLogWriterPutChar        
700595e5  Module_clockSetFrequency           
7005961f  UART_lld_flushTxFifo               
70059659  add_log                            
700596cd  _DebugP_logZone                    
70059704  CycleCounterP_getCount32           
7005970c  PmuP_setup                         
70059714  PmuP_enableCounters                
7005971c  PmuP_disableCounters               
70059724  PmuP_getOverflowStatus             
7005972c  PmuP_clearOverflowStatus           
70059734  PmuP_setUserEnable                 
7005973d  EDMA_clrMissEvtRegion              
70059773  ClockP_start                       
700597a7  MCSPI_errorCallback                
700597db  Module_clockDisable                
7005980f  Module_clockEnable                 
70059845  SOC_enableAdcDacLoopback           
700598e0  lseek                              
70059914  write                              
70059949  ClockP_usleep                      
7005997b  EDMA_unmapChToEvtQ                 
700599ad  SemaphoreP_post                    
700599df  DebugP_scanf                       
70059a3f  EDMA_enableChInShadowRegRegion     
70059a9b  DebugP_shmLogReaderInit            
70059ac9  SOC_rcmGetR5Clock                  
70059af5  UART_getHandle                     
70059b20  vsscanf                            
70059b4d  System_init                        
70059b9f  GPIO_setDirMode                    
70059bf1  SOC_moduleSetClockFrequency        
70059c19  ClockP_sleep                       
70059c3f  EDMA_setPaRAM                      
70059c65  UART_lld_dmaDisableChannel         
70059d1c  __aeabi_uldivmod                   
70059d41  vprintf_                           
70059d65  EDMA_linkChannel                   
70059d87  print_logs                         
70059da9  DebugP_logZoneEnable               
70059de9  TimerP_Params_initPriv             
70059e09  UART_getChar                       
70059e29  System_deinit                      
70059e47  UART_spaceAvail                    
70059e9f  MCSPI_lld_deInit                   
70059ebd  SOC_rcmIsR5FInLockStepMode         
70059ef5  main                               
70059f48  TI_memcpy_small                    
70059f65  CSL_armR5GetCpuID                  
70059f7f  EDMA_readEventStatusRegion         
70059fb3  MCSPI_lld_dmaInit                  
70059fcb  TimerP_getCountPriv                
70059fe5  UART_deinit                        
70059ffc  TI_memset_small                    
7005a015  MCSPI_reset                        
7005a02b  UART_IsTxRxFifoEmpty               
7005a041  UART_getIntrIdentityStatus         
7005a06d  ClockP_usecToTicks                 
7005a081  EDMA_getRegionId                   
7005a095  UART_Transaction_init              
7005a0bd  ADC_setMode                        
7005a0e1  UART_operatingModeSelect           
7005a0f3  UART_readLineStatus                
7005a105  putchar_                           
7005a117  GPIO_bankIntrDisable               
7005a127  UART_intr2Disable                  
7005a138  __aeabi_memset                     
7005a138  __aeabi_memset4                    
7005a138  __aeabi_memset8                    
7005a158  putchar                            
7005a169  EDMA_ccPaRAMEntry_init             
7005a177  GPIO_bankIntrEnable                
7005a185  Pinmux_init                        
7005a193  PowerClock_init                    
7005a1a1  clear_logs                         
7005a1af  ClockP_getTicks                    
7005a1bb  DebugP_uartSetDrvIndex             
7005a1c7  EDMA_isInitialized                 
7005a1d3  SOC_getSelfCpuClk                  
7005a1e0  __aeabi_errno_addr                 
7005a1ec  __aeabi_memclr                     
7005a1ec  __aeabi_memclr4                    
7005a1ec  __aeabi_memclr8                    
7005a1f8  malloc                             
7005a204  CSL_armR5ReadMpidrReg              
7005a211  ClockP_Params_init                 
7005a21b  EDMA_isInterruptEnabled            
7005a22d  ClockP_isActive                    
7005a237  TimerP_getReloadCountPriv          
7005a241  TimerP_startPriv                   
7005a24b  UART_lld_Transaction_deInit        
7005a254  C$$EXIT                            
7005a254  HOSTexit                           
7005a25d  TimerP_clearOverflowIntPriv        
7005a26d  SOC_moduleClockEnable              
7005a279  ClockP_getTimerCount               
7005a27d  ClockP_timerClearOverflowInt       
7005a281  PowerClock_deinit                  
7005a285  TimerP_Params_init                 
7005a289  TimerP_clearOverflowInt            
7005a28d  TimerP_getCount                    
7005a291  TimerP_getReloadCount              
7005a295  TimerP_setup                       
7005a299  TimerP_start                       
7005a29c  __aeabi_idiv0                      
7005a2a0  __aeabi_ldiv0                      
7005a2a4  __aeabi_memcpy                     
7005a2a4  __aeabi_memcpy4                    
7005a2a4  __aeabi_memcpy8                    
7005a2a8  _nop                               
7005a2ac  fseek                              
7005a2b0  remove                             
7005a2e0  test_results                       
7005a790  __aeabi_ctype_table_               
7005a790  __aeabi_ctype_table_C              
7005a891  test_cases                         
7005aa24  gCacheConfig                       
7005aa2c  gMpuConfig                         
7005aa38  gMpuRegionConfig                   
7005ab40  gADPLLJConfigTbl                   
7005b670  gPeripheralClkSrcInfoMap           
7005bc70  gCacheL1dCacheLineSize             
7005bc74  gCacheL1pCacheLineSize             
7005bc91  HwiP_enableInt                     
7005bcb9  HwiP_disableInt                    
7005bceb  HwiP_restoreInt                    
7005bd41  HwiP_clearInt                      
7005bd61  HwiP_post                          
7005bd89  HwiP_Params_init                   
7005bd9b  HwiP_construct                     
7005bee3  HwiP_destruct                      
7005bfb5  HwiP_init                          
7005c077  HwiP_inISR                         
7005c093  HwiP_irq_handler_c                 
7005c117  HwiP_fiq_handler                   
7005c1c7  HwiP_reserved_handler              
7005c1f5  HwiP_undefined_handler_c           
7005c213  HwiP_user_undefined_handler_c      
7005c227  HwiP_svc_handler                   
7005c255  HwiP_prefetch_abort_handler_c      
7005c2cf  HwiP_user_prefetch_abort_handler_c 
7005c2df  HwiP_data_abort_handler_c          
7005c35f  HwiP_user_data_abort_handler_c     
7005c370  HwiP_irq_handler                   
7005c3e4  HwiP_data_abort_handler            
7005c428  HwiP_prefetch_abort_handler        
7005c474  HwiP_undefined_handler             
7005c4a4  GET_DFSR                           
7005c4ac  GET_ADFSR                          
7005c4b4  GET_DFAR                           
7005c4bc  GET_IFSR                           
7005c4c4  GET_AIFSR                          
7005c4cc  GET_IFAR                           
7005c4d4  GET_SPSR                           
7005c4ec  HwiP_disable                       
7005c4fc  HwiP_disableFIQ                    
7005c50c  HwiP_enable                        
7005c51c  HwiP_enableFIQ                     
7005c52c  HwiP_restore                       
7005c534  HwiP_enableVIC                     
7005c544  HwiP_disableVIC                    
7005c554  HwiP_getCPSR                       
7005c568  CacheP_disableL1d                  
7005c590  CacheP_disableL1p                  
7005c5a8  CacheP_enableL1d                   
7005c5c0  CacheP_enableL1p                   
7005c5d8  CacheP_invL1d                      
7005c610  CacheP_invL1p                      
7005c64c  CacheP_invL1dAll                   
7005c654  CacheP_invL1pAll                   
7005c65c  CacheP_wb                          
7005c698  CacheP_wbInv                       
7005c6d4  CacheP_wbAll                       
7005c77c  CacheP_wbInvAll                    
7005c794  CacheP_wbInvAllAsm                 
7005c834  CacheP_getEnabled                  
7005c86c  CacheP_getCacheLevelInfo           
7005c878  CacheP_configForceWrThru           
7005c898  CacheP_setDLFO                     
7005c8a9  CacheP_init                        
7005c901  CacheP_disable                     
7005c93b  CacheP_enable                      
7005c95b  CacheP_inv                         
7005c999  MpuP_getAttrs                      
7005c9d9  MpuP_RegionAttrs_init              
7005c9e7  MpuP_setRegion                     
7005ca61  MpuP_isEnable                      
7005ca65  MpuP_disable                       
7005ca97  MpuP_enable                        
7005cad3  MpuP_init                          
7005cb35  MpuP_isUserAuthorizedToAccessMemory
7005cb9c  MpuP_disableAsm                    
7005cbb4  MpuP_disableBRAsm                  
7005cbc4  MpuP_enableAsm                     
7005cbdc  MpuP_enableBRAsm                   
7005cbec  MpuP_isEnableAsm                   
7005cc00  MpuP_setRegionAsm                  
7005cc28  _c_int00_sbl                       
7005cc4c  _c_int00                           
7005cd6d  _DebugP_assertNoLog                
7005cd8b  _system_pre_init                   
7005cda7  __mpu_init                         
7005cdb8  abort                              
7005cdc0  _ftable                            
7005cdc0  gMcspiDmaHandle                    
7005cdc0  gUartDmaHandle                     
7005d138  _device                            
7005d1b0  intr_pins                          
7005d210  gUartParams                        
7005d268  _stream                            
7005d300  gSpi0ChCfg                         
7005d340  gSpi1ChCfg                         
7005d380  gSocModulesClockFrequency          
7005d3b0  gMcspiOpenParams                   
7005d3d8  ext_adc0                           
7005d3f4  ext_adc1                           
7005d410  gClockConfig                       
7005d428  gMcspiConfig                       
7005d438  gSocModules                        
7005d448  gAddrTranslateConfig               
7005d454  __TI_cleanup_ptr                   
7005d458  __TI_dtors_ptr                     
7005d45c  gConfigMcspiChCfg                  
7005d464  gEdmaConfig                        
7005d46c  gEdmaParams                        
7005d474  gMcspiDmaChConfig                  
7005d47c  gMcspiNumCh                        
7005d48c  gUartConfig                        
7005d494  __TI_ft_end                        
7005d4a0  __aeabi_errno                      
7005d4a4  _lock                              
7005d4a8  _unlock                            
7005d4ac  gDebugLogZone                      
7005d4b0  gDebugP_uartDrvIndex               
7005d4b4  gEdmaConfigNum                     
7005d4b8  gHwiConfig                         
7005d4bc  gMcspiConfigNum                    
7005d4c0  gUartConfigNum                     
7005d4c4  gUartDmaChConfig                   
7005d4c8  test                               
7005d4ce  logs_length                        
7005d4d0  isMapAvailable                     
7005d4d8  __IRQ_STACK_START                  
7005d5d8  __FIQ_STACK_START                  
7005d5d8  __IRQ_STACK_END                    
7005d6d8  __FIQ_STACK_END                    
7005d6d8  __SVC_STACK_START                  
7005e6d8  __ABORT_STACK_START                
7005e6d8  __SVC_STACK_END                    
7005e7d8  __ABORT_STACK_END                  
7005e7d8  __UNDEFINED_STACK_START            
7005e8d8  __UNDEFINED_STACK_END              
701d4000  gDebugShmLog                       
ffffffff  __TI_pprof_out_hndl                
ffffffff  __TI_prof_data_size                
ffffffff  __TI_prof_data_start               
ffffffff  __binit__                          
ffffffff  binit                              
UNDEFED   __TI_CINIT_Base                    
UNDEFED   __TI_CINIT_Limit                   
UNDEFED   __TI_Handler_Table_Base            
UNDEFED   __TI_Handler_Table_Limit           
UNDEFED   _system_post_cinit                 

[457 symbols]
