******************************************************************************
            TI ARM Clang Linker PC v4.0.2                      
******************************************************************************
>> Linked Fri Jun 27 11:17:39 2025

OUTPUT FILE NAME:   <second_stage_PDM_testing.out>
ENTRY POINT SYMBOL: "_vectors"  address: 00000000


MEMORY CONFIGURATION

         name            origin    length      used     unused   attr    fill
----------------------  --------  ---------  --------  --------  ----  --------
  R5F_VECS              00000000   00000040  00000040  00000000  RWIX
  R5F_TCMA              00000040   00007fc0  00000000  00007fc0  RWIX
  R5F_TCMB              00080000   00008000  00000000  00008000  RWIX
  MAILBOX_HSM           44000000   000003ce  00000000  000003ce  RWIX
  MAILBOX_R5F           44000400   000003ce  00000000  000003ce  RWIX
  FLASH                 60100000   00080000  00000000  00080000  RWIX
  SBL                   70000000   00040000  00000000  00040000  RWIX
  OCRAM                 70040000   00040000  000224f0  0001db10  RWIX
  USER_SHM_MEM          701d0000   00004000  00000000  00004000  RWIX
  LOG_SHM_MEM           701d4000   00004000  00002000  00002000  RWIX
  RTOS_NORTOS_IPC_SHM_M 72000000   00003e80  00000000  00003e80  RWIX


SEGMENT ALLOCATION MAP

run origin  load origin   length   init length attrs members
----------  ----------- ---------- ----------- ----- -------
00000000    00000000    00000040   00000040    r-x
  00000000    00000000    00000040   00000040    r-x .vectors
70040000    70040000    00010ee0   00010ee0    r-x
  70040000    70040000    0000e840   0000e840    r-x .text
  7004e840    7004e840    000026a0   000026a0    r-- .rodata
70050ee0    70050ee0    0000e8a0   00000000    rw-
  70050ee0    70050ee0    000028a0   00000000    rw- .bss
  70053780    70053780    00008000   00000000    rw- .sysmem
  7005b780    7005b780    00004000   00000000    rw- .stack
7005f780    7005f780    00001130   00001130    r-x
  7005f780    7005f780    000008d8   000008d8    r-x .text.hwi
  70060058    70060058    00000430   00000430    r-x .text.cache
  70060488    70060488    00000290   00000290    r-x .text.mpu
  70060718    70060718    00000190   00000190    r-x .text.boot
  700608a8    700608a8    00000008   00000008    r-x .text:abort
700608b0    700608b0    00001c40   00000840    rw-
  700608b0    700608b0    00000840   00000840    rw- .data
  700610f0    700610f0    00000100   00000000    rw- .irqstack
  700611f0    700611f0    00000100   00000000    rw- .fiqstack
  700612f0    700612f0    00001000   00000000    rw- .svcstack
  700622f0    700622f0    00000100   00000000    rw- .abortstack
  700623f0    700623f0    00000100   00000000    rw- .undefinedstack


SECTION ALLOCATION MAP

 output                                  attributes/
section   page    origin      length       input sections
--------  ----  ----------  ----------   ----------------
.vectors   0    00000000    00000040     
                  00000000    00000040     nortos.am263px.r5f.ti-arm-clang.release.lib : HwiP_armv7r_vectors_nortos_asm.obj (.vectors)

.text      0    70040000    0000e840     
                  70040000    00001328     libc.a : _scanfi.c.obj (.text.__TI_scanfi)
                  70041328    00000756     ti_drivers_open_close.o (.text.Drivers_adcOpen)
                  70041a7e    00000002     ti_board_config.o (.text.Board_deinit)
                  70041a80    00000580     nortos.am263px.r5f.ti-arm-clang.release.lib : printf.obj (.text._vsnprintf)
                  70042000    000004d4     libc.a : strtod.c.obj (.text.strtod)
                  700424d4    000004cc     drivers.am263px.r5f.ti-arm-clang.release.lib : soc_rcm.obj (.text.SOC_rcmEnablePeripheralClock)
                  700429a0    00000444                                                  : i2c_v1_lld.obj (.text.I2C_lld_primeTransferPoll)
                  70042de4    00000004     nortos.am263px.r5f.ti-arm-clang.release.lib : ClockP_nortos_r5.obj (.text.ClockP_getTimerCount)
                  70042de8    00000400                                                 : printf.obj (.text._ftoa)
                  700431e8    000003b8     testing.o (.text.conduct_test)
                  700435a0    00000390     libc.a : strcmp32.S.obj (.text:strcmp)
                  70043930    00000310     nortos.am263px.r5f.ti-arm-clang.release.lib : printf.obj (.text._etoa)
                  70043c40    000002a8     drivers.am263px.r5f.ti-arm-clang.release.lib : uart_v0.obj (.text.UART_open)
                  70043ee8    00000298                                                  : mcspi_v0.obj (.text.MCSPI_open)
                  70044180    0000027c                                                  : edma.obj (.text.EDMA_init)
                  700443fc    0000027c     libc.a : strtoll.c.obj (.text.strtoll)
                  70044678    00000250     drivers.am263px.r5f.ti-arm-clang.release.lib : soc_rcm.obj (.text.SOC_rcmSetPeripheralClock)
                  700448c8    00000248     libc.a : strtoull.c.obj (.text.strtoull)
                  70044b10    0000023c     drivers.am263px.r5f.ti-arm-clang.release.lib : uart_v0_lld.obj (.text.UART_configInstance)
                  70044d4c    00000230                                                  : mcspi_dma_edma.obj (.text.MCSPI_lld_dmaTransfer)
                  70044f7c    00000210                                                  : i2c_v1.obj (.text.I2C_open)
                  7004518c    0000020c                                                  : edma.obj (.text.EDMA_errorIsrFxn)
                  70045398    0000020c                                                  : mcspi_v0_lld.obj (.text.MCSPI_transferControllerPoll)
                  700455a4    00000204                                                  : edma.obj (.text.EDMA_freeChannelRegion)
                  700457a8    000001f8     libc.a : strtol.c.obj (.text.strtol)
                  700459a0    000001ec            : strtoul.c.obj (.text.strtoul)
                  70045b8c    000001e8     drivers.am263px.r5f.ti-arm-clang.release.lib : mcspi_v0_lld.obj (.text.MCSPI_lld_controllerIsr)
                  70045d74    000001e2     ti_drivers_config.o (.text.GPIO_init)
                  70045f56    00000002     ti_board_config.o (.text.Board_init)
                  70045f58    000001d0     libclang_rt.builtins.a : udivsi3.S.obj (.text.__udivsi3)
                  70046128    000001c0     drivers.am263px.r5f.ti-arm-clang.release.lib : mcspi_dma_edma.obj (.text.MCSPI_lld_dmaChInit)
                  700462e8    000001b4                                                  : i2c_v1_lld.obj (.text.I2C_lld_targetIsr)
                  7004649c    000001ae                                                  : i2c_v1_lld.obj (.text.I2C_lld_controllerIsr)
                  7004664a    00000002     nortos.am263px.r5f.ti-arm-clang.release.lib : DebugP_nortos.obj (.text.DebugP_shmLogReaderTaskCreate)
                  7004664c    000001a8     drivers.am263px.r5f.ti-arm-clang.release.lib : mcspi_v0_lld.obj (.text.MCSPI_lld_chConfig)
                  700467f4    000001a8     libc.a : memory.c.obj (.text.free)
                  7004699c    000001a4            : memory.c.obj (.text.aligned_alloc)
                  70046b40    00000194     drivers.am263px.r5f.ti-arm-clang.release.lib : uart_dma_edma.obj (.text.UART_lld_dmaInit)
                  70046cd4    00000190                                                  : mcspi_v0.obj (.text.MCSPI_transfer)
                  70046e64    00000188     BQ25751.o (.text.BQ25751_manual_register_write)
                  70046fec    00000188     drivers.am263px.r5f.ti-arm-clang.release.lib : i2c_v1.obj (.text.I2C_transfer)
                  70047174    00000164                                                  : edma.obj (.text.EDMA_open)
                  700472d8    00000160                                                  : edma.obj (.text.EDMA_deinit)
                  70047438    00000150     libc.a : s_scalbn.c.obj (.text.scalbn)
                  70047588    0000014e     drivers.am263px.r5f.ti-arm-clang.release.lib : uart_dma_edma.obj (.text.UART_lld_dmaDeInit)
                  700476d6    0000014c                                                  : mcspi_dma_edma.obj (.text.MCSPI_lld_dmaDeInit)
                  70047822    00000002     ti_dpl_config.o (.text.Dpl_deinit)
                  70047824    00000144     libc.a : setvbuf.c.obj (.text.setvbuf)
                  70047968    00000140     nortos.am263px.r5f.ti-arm-clang.release.lib : TimerP_rti_priv.obj (.text.TimerP_setupPriv)
                  70047aa8    0000013c     drivers.am263px.r5f.ti-arm-clang.release.lib : soc.obj (.text.SOC_virtToPhy)
                  70047be4    00000138                                                  : uart_v0.obj (.text.UART_close)
                  70047d1c    00000134                                                  : mcspi_v0_lld.obj (.text.MCSPI_lld_readWrite)
                  70047e50    00000132     BQ25751.o (.text.BQ25751_manual_register_read)
                  70047f82    00000132     nortos.am263px.r5f.ti-arm-clang.release.lib : printf.obj (.text._ntoa_format)
                  700480b4    00000126     int_adc.o (.text.read_int_ADC)
                  700481da    0000011c     drivers.am263px.r5f.ti-arm-clang.release.lib : mcspi_v0_lld.obj (.text.MCSPI_lld_readWriteIntr)
                  700482f6    0000011a                                                  : uart_v0_lld.obj (.text.UART_lld_controllerIsr)
                  70048410    00000118                                                  : edma.obj (.text.Alloc_resource)
                  70048528    00000118     libclang_rt.builtins.a : udivmoddi4.S.obj (.text)
                  70048640    00000114     drivers.am263px.r5f.ti-arm-clang.release.lib : soc_rcm.obj (.text.SOC_rcmGetPeripheralClockFrequency)
                  70048754    0000010e                                                  : uart_v0_lld.obj (.text.UART_lld_write)
                  70048862    0000010a     board.o (.text.init_gpio)
                  7004896c    00000108     drivers.am263px.r5f.ti-arm-clang.release.lib : edma.obj (.text.EDMA_transferCompletionMasterIsrFxn)
                  70048a74    00000108     PDMtesting.o (.text.PDM_testing)
                  70048b7c    00000108     drivers.am263px.r5f.ti-arm-clang.release.lib : uart_v0.obj (.text.UART_read)
                  70048c84    00000106                                                  : mcspi_v0_lld.obj (.text.MCSPI_continuePeripheralTxRx)
                  70048d8a    00000104     nortos.am263px.r5f.ti-arm-clang.release.lib : ClockP_nortos_r5.obj (.text.ClockP_init)
                  70048e8e    00000002                                                 : SemaphoreP_nortos.obj (.text.SemaphoreP_destruct)
                  70048e90    00000104     drivers.am263px.r5f.ti-arm-clang.release.lib : uart_dma_edma.obj (.text.UART_lld_dmaWrite)
                  70048f94    00000100                                                  : mcspi_v0.obj (.text.MCSPI_close)
                  70049094    000000fc                                                  : uart_v0.obj (.text.UART_write)
                  70049190    000000f4                                                  : mcspi_v0_lld.obj (.text.MCSPI_lld_initDma)
                  70049284    000000f0     libc.a : fputc.c.obj (.text.fputc)
                  70049374    000000e6     drivers.am263px.r5f.ti-arm-clang.release.lib : mcspi_dma_edma.obj (.text.MCSPI_edmaIsrTx)
                  7004945a    000000e6                                                  : mcspi_v0_lld.obj (.text.MCSPI_lld_readWriteDma)
                  70049540    000000d6     board.o (.text.GPIO_bankIsrFxn)
                  70049616    00000002     nortos.am263px.r5f.ti-arm-clang.release.lib : TaskP_nortos.obj (.text.TaskP_yield)
                  70049618    000000d4     libc.a : sscanf.c.obj (.text._chkmbc)
                  700496ec    000000d2     logger.o (.text.print_log)
                  700497be    00000002     drivers.am263px.r5f.ti-arm-clang.release.lib : uart_dma_edma.obj (.text.UART_edmaDoNothing)
                  700497c0    000000d0                                                  : edma.obj (.text.EDMA_unregisterIntr)
                  70049890    000000d0     ti_drivers_config.o (.text.GPIO_deinit)
                  70049960    000000cc     drivers.am263px.r5f.ti-arm-clang.release.lib : uart_v0_lld.obj (.text.UART_lld_initDma)
                  70049a2c    000000c8     libc.a : getdevice.c.obj (.text.getdevice)
                  70049af4    000000c4     drivers.am263px.r5f.ti-arm-clang.release.lib : i2c_v1_lld.obj (.text.I2C_lld_mem_write)
                  70049bb8    000000c4                                                  : i2c_v1_lld.obj (.text.I2C_lld_primeTransferIntr)
                  70049c7c    000000c4                                                  : mcspi_v0_lld.obj (.text.MCSPI_lld_init)
                  70049d40    000000c0     BQ25751.o (.text.BQ25751_read_reg)
                  70049e00    000000c0     drivers.am263px.r5f.ti-arm-clang.release.lib : i2c_v1_lld.obj (.text.I2C_lld_mem_read)
                  70049ec0    000000c0                                                  : uart_v0_lld.obj (.text.UART_lld_init)
                  70049f80    000000be     ioexp_tca6424.o (.text.TCA6424_config)
                  7004a03e    000000be     ioexp_tca6424.o (.text.TCA6424_setOutput)
                  7004a0fc    000000bc     drivers.am263px.r5f.ti-arm-clang.release.lib : edma.obj (.text.EDMA_registerIntr)
                  7004a1b8    000000b4     libc.a : fseek.c.obj (.text.fseeko)
                  7004a26c    000000b0            : fclose.c.obj (.text.__TI_closefile)
                  7004a31c    000000b0     nortos.am263px.r5f.ti-arm-clang.release.lib : printf.obj (.text._ntoa_long_long)
                  7004a3cc    000000ac     drivers.am263px.r5f.ti-arm-clang.release.lib : soc_rcm.obj (.text.SOC_rcmGetCoreHSDivOut)
                  7004a478    000000ac                                                  : uart_v0_lld.obj (.text.UART_divisorLatchWrite)
                  7004a524    000000a8     nortos.am263px.r5f.ti-arm-clang.release.lib : DebugP_uartScanf.obj (.text.DebugP_readLine)
                  7004a5cc    000000a6     drivers.am263px.r5f.ti-arm-clang.release.lib : mcspi_dma_edma.obj (.text.MCSPI_edmaIsrRx)
                  7004a672    000000a6                                                  : uart_v0_lld.obj (.text.UART_lld_read)
                  7004a718    000000a6     nortos.am263px.r5f.ti-arm-clang.release.lib : printf.obj (.text._out_rev)
                  7004a7be    000000a6     board.o (.text.init_global_interrupts)
                  7004a864    000000a4     drivers.am263px.r5f.ti-arm-clang.release.lib : i2c_v1.obj (.text.I2C_close)
                  7004a908    000000a4                                                  : i2c_v1_lld.obj (.text.I2C_lld_mem_readIntr)
                  7004a9ac    000000a4                                                  : i2c_v1_lld.obj (.text.I2C_lld_mem_writeIntr)
                  7004aa50    000000a4     libc.a : memory.c.obj (.text.split)
                  7004aaf4    000000a0     drivers.am263px.r5f.ti-arm-clang.release.lib : edma.obj (.text.EDMA_freeDmaChannel)
                  7004ab94    000000a0                                                  : edma.obj (.text.EDMA_freeParam)
                  7004ac34    000000a0                                                  : edma.obj (.text.EDMA_freeTcc)
                  7004acd4    000000a0     libsysbm.a : hostrename.c.obj (.text.HOSTrename)
                  7004ad74    000000a0     drivers.am263px.r5f.ti-arm-clang.release.lib : uart_dma_edma.obj (.text.UART_lld_dmaRead)
                  7004ae14    0000009c                                                  : uart_v0_lld.obj (.text.UART_lld_readIntr)
                  7004aeb0    0000009c     libc.a : _io_perm.c.obj (.text.__TI_wrt_ok)
                  7004af4c    0000009a     ti_board_open_close.o (.text.Board_ioexpOpen)
                  7004afe6    00000002     drivers.am263px.r5f.ti-arm-clang.release.lib : uart_v0.obj (.text.UART_lld_errorCallback)
                  7004afe8    00000098     libsysbm.a : hostlseek.c.obj (.text.HOSTlseek)
                  7004b080    00000098     drivers.am263px.r5f.ti-arm-clang.release.lib : i2c_v1.obj (.text.I2C_primeTransfer)
                  7004b118    00000096     BQ25751.o (.text.BQ25751_write_reg)
                  7004b1ae    00000096     nortos.am263px.r5f.ti-arm-clang.release.lib : SemaphoreP_nortos.obj (.text.SemaphoreP_pend)
                  7004b244    00000094     drivers.am263px.r5f.ti-arm-clang.release.lib : edma.obj (.text.EDMA_configureChannelRegion)
                  7004b2d8    00000094     libsysbm.a : hostopen.c.obj (.text.HOSTopen)
                  7004b36c    00000094     drivers.am263px.r5f.ti-arm-clang.release.lib : i2c_v1_lld.obj (.text.I2C_lld_init)
                  7004b400    00000094     ADS_adc.o (.text.SPI_ReadWrite)
                  7004b494    00000094     drivers.am263px.r5f.ti-arm-clang.release.lib : uart_v0_lld.obj (.text.UART_lld_readWithCounter)
                  7004b528    00000090     ti_drivers_open_close.o (.text.Drivers_open)
                  7004b5b8    00000090     drivers.am263px.r5f.ti-arm-clang.release.lib : mcspi_v0_lld.obj (.text.MCSPI_setFifoConfig)
                  7004b648    0000008e     nortos.am263px.r5f.ti-arm-clang.release.lib : printf.obj (.text._ntoa_long)
                  7004b6d6    0000008c     drivers.am263px.r5f.ti-arm-clang.release.lib : mcspi_v0_lld.obj (.text.MCSPI_lld_peripheralIsr)
                  7004b762    00000002     nortos.am263px.r5f.ti-arm-clang.release.lib : printf.obj (.text._out_null)
                  7004b764    0000008c     libsysbm.a : close.c.obj (.text.close)
                  7004b7f0    0000008c     BQ25751.o (.text.i2c_read_error_handler)
                  7004b87c    00000088     drivers.am263px.r5f.ti-arm-clang.release.lib : adc.obj (.text.ADC_setPPBTripLimits)
                  7004b904    00000088                                                  : uart_v0.obj (.text.UART_init)
                  7004b98c    00000088                                                  : uart_v0_lld.obj (.text.UART_procLineStatusErr)
                  7004ba14    00000088     libc.a : fflush.c.obj (.text.__TI_doflush)
                  7004ba9c    00000084     libsysbm.a : hostread.c.obj (.text.HOSTread)
                  7004bb20    00000084                : hostwrite.c.obj (.text.HOSTwrite)
                  7004bba4    00000084     drivers.am263px.r5f.ti-arm-clang.release.lib : mcspi_v0_lld.obj (.text.MCSPI_setPeripheralFifoConfig)
                  7004bc28    00000080                                                  : edma.obj (.text.EDMA_close)
                  7004bca8    00000080                                                  : uart_v0.obj (.text.UART_flushTxFifo)
                  7004bd28    0000007e     ti_drivers_open_close.o (.text.Drivers_mcspiOpen)
                  7004bda6    0000007e     drivers.am263px.r5f.ti-arm-clang.release.lib : mcspi_v0_lld.obj (.text.MCSPI_fifoRead)
                  7004be24    0000007e                                                  : mcspi_v0_lld.obj (.text.MCSPI_transferPeripheralPoll)
                  7004bea2    0000007c     ti_drivers_open_close.o (.text.Drivers_i2cOpen)
                  7004bf1e    0000007a     drivers.am263px.r5f.ti-arm-clang.release.lib : mcspi_v0_lld.obj (.text.MCSPI_initiateLastChunkTransfer)
                  7004bf98    00000078                                                  : mcspi_v0.obj (.text.MCSPI_init)
                  7004c010    00000076                                                  : uart_v0_lld.obj (.text.UART_readDataPolling)
                  7004c086    00000072                                                  : mcspi_v0_lld.obj (.text.MCSPI_fifoWrite)
                  7004c0f8    00000072                                                  : mcspi_v0_lld.obj (.text.MCSPI_stop)
                  7004c16a    00000070                                                  : mcspi_dma_edma.obj (.text.MCSPI_lld_dmaStop)
                  7004c1da    0000006e     BQ25751.o (.text.BQ25751_read_faults)
                  7004c248    0000006e     drivers.am263px.r5f.ti-arm-clang.release.lib : edma.obj (.text.EDMA_disableTransferRegion)
                  7004c2b6    0000006e                                                  : edma.obj (.text.EDMA_enableTransferRegion)
                  7004c324    0000006c     libsysbm.a : hostunlink.c.obj (.text.HOSTunlink)
                  7004c390    0000006c     drivers.am263px.r5f.ti-arm-clang.release.lib : uart_v0_lld.obj (.text.UART_lld_writeDma)
                  7004c3fc    00000068                                                  : uart_v0_lld.obj (.text.UART_lld_readDma)
                  7004c464    00000068                                                  : uart_v0_lld.obj (.text.UART_lld_writeIntr)
                  7004c4cc    00000068     libc.a : atoi.c.obj (.text.atoi)
                  7004c534    00000068     board.o (.text.digitalWrite)
                  7004c59c    00000066     nortos.am263px.r5f.ti-arm-clang.release.lib : PmuP_armv7r.obj (.text.pmu)
                  7004c602    00000002     --HOLE-- [fill = 0]
                  7004c604    00000064     drivers.am263px.r5f.ti-arm-clang.release.lib : soc.obj (.text.SOC_controlModuleUnlockMMR)
                  7004c668    00000064     logger.o (.text.add_log)
                  7004c6cc    00000064     board.o (.text.init_interrupt)
                  7004c730    00000060     libsysbm.a : hostclose.c.obj (.text.HOSTclose)
                  7004c790    0000005e     nortos.am263px.r5f.ti-arm-clang.release.lib : ClockP_nortos.obj (.text.ClockP_timerTickIsr)
                  7004c7ee    0000005e     drivers.am263px.r5f.ti-arm-clang.release.lib : mcspi_v0_lld.obj (.text.MCSPI_setChDataSize)
                  7004c84c    0000005c                                                  : gpio.obj (.text.GPIO_setTrigType)
                  7004c8a8    0000005c                                                  : mcspi_v0_lld.obj (.text.MCSPI_configInstance)
                  7004c904    0000005c                                                  : soc.obj (.text.SOC_controlModuleLockMMR)
                  7004c960    0000005c     nortos.am263px.r5f.ti-arm-clang.release.lib : DebugP_log.obj (.text._DebugP_assert)
                  7004c9bc    00000058     drivers.am263px.r5f.ti-arm-clang.release.lib : mcspi_dma_edma.obj (.text.MCSPI_edmaUpdateTransferParams)
                  7004ca14    00000058     libc.a : fopen.c.obj (.text.__TI_cleanup)
                  7004ca6c    00000058     libsysbm.a : trgmsg.c.obj (.text.__TI_readmsg)
                  7004cac4    00000058                : trgmsg.c.obj (.text.__TI_writemsg)
                  7004cb1c    00000058     logger.o (.text.print_pending_logs)
                  7004cb74    00000056     nortos.am263px.r5f.ti-arm-clang.release.lib : ClockP_nortos.obj (.text.ClockP_getTimeUsec)
                  7004cbca    00000056     drivers.am263px.r5f.ti-arm-clang.release.lib : uart_v0_lld.obj (.text.UART_intrDisable)
                  7004cc20    00000056                                                  : uart_v0_lld.obj (.text.UART_readCancelNoCB)
                  7004cc76    00000056                                                  : uart_v0_lld.obj (.text.UART_writeCancelNoCB)
                  7004cccc    00000054     ti_dpl_config.o (.text.Dpl_init)
                  7004cd20    00000054     libc.a : exit.c.obj (.text.exit)
                  7004cd74    00000054            : getdevice.c.obj (.text.finddevice)
                  7004cdc8    00000054            : autoinit.c.obj (.text:__TI_auto_init_nobinit_nopinit)
                  7004ce1c    00000052     nortos.am263px.r5f.ti-arm-clang.release.lib : AddrTranslateP_32bit.obj (.text.AddrTranslateP_getLocalAddr)
                  7004ce6e    00000052     drivers.am263px.r5f.ti-arm-clang.release.lib : i2c_v1.obj (.text.I2C_LLD_targetTransferCompleteCallback)
                  7004cec0    00000052                                                  : mcspi_v0_lld.obj (.text.MCSPI_lld_deInitDma)
                  7004cf12    00000050     BQ25751.o (.text.BQ25751_print_register_dump)
                  7004cf62    00000050     nortos.am263px.r5f.ti-arm-clang.release.lib : ClockP_nortos.obj (.text.ClockP_construct)
                  7004cfb2    00000002     --HOLE-- [fill = 0]
                  7004cfb4    00000050     drivers.am263px.r5f.ti-arm-clang.release.lib : edma.obj (.text.EDMA_allocDmaChannel)
                  7004d004    00000050                                                  : edma.obj (.text.EDMA_allocParam)
                  7004d054    00000050                                                  : edma.obj (.text.EDMA_allocTcc)
                  7004d0a4    0000004e     nortos.am263px.r5f.ti-arm-clang.release.lib : ClockP_nortos.obj (.text.ClockP_addToList)
                  7004d0f2    0000004e     ti_drivers_open_close.o (.text.Drivers_edmaOpen)
                  7004d140    0000004e     ti_drivers_open_close.o (.text.Drivers_uartOpen)
                  7004d18e    0000004e     drivers.am263px.r5f.ti-arm-clang.release.lib : edma.obj (.text.EDMA_disableChInShadowRegRegion)
                  7004d1dc    0000004c                                                  : mcspi_v0.obj (.text.MCSPI_transferCallback)
                  7004d228    0000004c                                                  : mcspi_v0_lld.obj (.text.MCSPI_transferControllerIntr)
                  7004d274    0000004c                                                  : soc.obj (.text.SOC_enableAdcReferenceMonitor)
                  7004d2c0    00000048                                                  : soc.obj (.text.SOC_enableAdcGlobalForce)
                  7004d308    00000048                                                  : soc.obj (.text.SOC_enableAdcInternalReference)
                  7004d350    00000048                                                  : uart_dma_edma.obj (.text.UART_edmaIsrRx)
                  7004d398    00000048     libsysbm.a : unlink.c.obj (.text.unlink)
                  7004d3e0    00000046     drivers.am263px.r5f.ti-arm-clang.release.lib : uart_dma_edma.obj (.text.UART_edmaIsrTx)
                  7004d426    00000044                                                  : i2c_v1.obj (.text.I2C_completeCurrTransfer)
                  7004d46a    00000002     --HOLE-- [fill = 0]
                  7004d46c    00000044                                                  : soc.obj (.text.SOC_getAdcReferenceStatus)
                  7004d4b0    00000044                                                  : uart_v0.obj (.text.UART_Params_init)
                  7004d4f4    00000044                                                  : uart_v0_lld.obj (.text.UART_lld_deInitDma)
                  7004d538    00000040     nortos.am263px.r5f.ti-arm-clang.release.lib : ClockP_nortos.obj (.text.ClockP_stop)
                  7004d578    00000040     drivers.am263px.r5f.ti-arm-clang.release.lib : edma.obj (.text.EDMA_mapChToEvtQ)
                  7004d5b8    00000040                                                  : pinmux.obj (.text.Pinmux_config)
                  7004d5f8    00000040     nortos.am263px.r5f.ti-arm-clang.release.lib : SemaphoreP_nortos.obj (.text.SemaphoreP_constructBinary)
                  7004d638    00000040     drivers.am263px.r5f.ti-arm-clang.release.lib : uart_v0_lld.obj (.text.UART_lld_deInit)
                  7004d678    00000040     libc.a : memory.c.obj (.text.free_list_insert)
                  7004d6b8    0000003e     drivers.am263px.r5f.ti-arm-clang.release.lib : i2c_v1_lld.obj (.text.I2C_lld_transferInit)
                  7004d6f6    0000003e     nortos.am263px.r5f.ti-arm-clang.release.lib : SemaphoreP_nortos.obj (.text.SemaphoreP_constructMutex)
                  7004d734    0000003c     drivers.am263px.r5f.ti-arm-clang.release.lib : edma.obj (.text.EDMA_getBaseAddr)
                  7004d770    0000003c                                                  : uart_v0_lld.obj (.text.UART_readData)
                  7004d7ac    0000003a     nortos.am263px.r5f.ti-arm-clang.release.lib : ClockP_nortos.obj (.text.ClockP_destruct)
                  7004d7e6    0000003a                                                 : DebugP_uartLogWriter.obj (.text.DebugP_uartLogWriterPutChar)
                  7004d820    0000003a     ti_power_clock_config.o (.text.Module_clockSetFrequency)
                  7004d85a    0000003a     ioexp_tca6424.o (.text.TCA6424_open)
                  7004d894    0000003a     drivers.am263px.r5f.ti-arm-clang.release.lib : uart_v0_lld.obj (.text.UART_lld_flushTxFifo)
                  7004d8ce    00000002     --HOLE-- [fill = 0]
                  7004d8d0    00000038                                                  : soc_rcm.obj (.text.SOC_rcmADPLLJGetFOut)
                  7004d908    00000038     nortos.am263px.r5f.ti-arm-clang.release.lib : DebugP_nortos.obj (.text._DebugP_logZone)
                  7004d940    00000038                                                 : PmuP_armv7r_asm.obj (.text.pmu)
                  7004d978    00000036     drivers.am263px.r5f.ti-arm-clang.release.lib : edma.obj (.text.EDMA_clrMissEvtRegion)
                  7004d9ae    00000034     nortos.am263px.r5f.ti-arm-clang.release.lib : ClockP_nortos.obj (.text.ClockP_start)
                  7004d9e2    00000002     --HOLE-- [fill = 0]
                  7004d9e4    00000034     drivers.am263px.r5f.ti-arm-clang.release.lib : i2c_v1.obj (.text.I2C_init)
                  7004da18    00000034                                                  : mcspi_v0.obj (.text.MCSPI_errorCallback)
                  7004da4c    00000034     ti_power_clock_config.o (.text.Module_clockDisable)
                  7004da80    00000034     ti_power_clock_config.o (.text.Module_clockEnable)
                  7004dab4    00000034     drivers.am263px.r5f.ti-arm-clang.release.lib : soc.obj (.text.SOC_enableAdcDacLoopback)
                  7004dae8    00000034                                                  : soc_rcm.obj (.text.SOC_rcmGetModuleClkDivVal)
                  7004db1c    00000034     libc.a : memory.c.obj (.text.free_list_remove)
                  7004db50    00000034     libsysbm.a : lseek.c.obj (.text.lseek)
                  7004db84    00000034                : write.c.obj (.text.write)
                  7004dbb8    00000032     nortos.am263px.r5f.ti-arm-clang.release.lib : ClockP_nortos.obj (.text.ClockP_usleep)
                  7004dbea    00000032     drivers.am263px.r5f.ti-arm-clang.release.lib : edma.obj (.text.EDMA_unmapChToEvtQ)
                  7004dc1c    00000032     nortos.am263px.r5f.ti-arm-clang.release.lib : SemaphoreP_nortos.obj (.text.SemaphoreP_post)
                  7004dc4e    00000030                                                 : DebugP_uartScanf.obj (.text.DebugP_scanf)
                  7004dc7e    00000030     drivers.am263px.r5f.ti-arm-clang.release.lib : i2c_v1_lld.obj (.text.I2CControllerInitExpClk)
                  7004dcae    00000030                                                  : uart_v0.obj (.text.UART_lld_writeCompleteCallback)
                  7004dcde    00000002     --HOLE-- [fill = 0]
                  7004dce0    00000030     int_adc.o (.text.adc_to_current_LM74930)
                  7004dd10    0000002e     drivers.am263px.r5f.ti-arm-clang.release.lib : edma.obj (.text.EDMA_enableChInShadowRegRegion)
                  7004dd3e    0000002e                                                  : i2c_v1_lld.obj (.text.I2C_lld_deInit)
                  7004dd6c    0000002e     ti_drivers_config.o (.text.System_init)
                  7004dd9a    0000002e     drivers.am263px.r5f.ti-arm-clang.release.lib : uart_v0.obj (.text.UART_lld_readCompleteCallback)
                  7004ddc8    0000002c     nortos.am263px.r5f.ti-arm-clang.release.lib : DebugP_shmLogReader.obj (.text.DebugP_shmLogReaderInit)
                  7004ddf4    0000002c     drivers.am263px.r5f.ti-arm-clang.release.lib : i2c_v1.obj (.text.I2C_getHandle)
                  7004de20    0000002c                                                  : soc_rcm.obj (.text.SOC_rcmGetR5Clock)
                  7004de4c    0000002c                                                  : uart_v0.obj (.text.UART_getHandle)
                  7004de78    0000002c     ADS_adc.o (.text.adc_to_current_HSS_MB)
                  7004dea4    0000002c     ADS_adc.o (.text.adc_to_current_TPS)
                  7004ded0    0000002c     libc.a : sscanf.c.obj (.text.vsscanf)
                  7004defc    00000028     nortos.am263px.r5f.ti-arm-clang.release.lib : ClockP_nortos.obj (.text.ClockP_sleepTicks)
                  7004df24    00000028     drivers.am263px.r5f.ti-arm-clang.release.lib : gpio.obj (.text.GPIO_setDirMode)
                  7004df4c    00000028                                                  : mcspi_v0_lld.obj (.text.MCSPI_fifoReadMultiWord)
                  7004df74    00000028                                                  : soc.obj (.text.SOC_moduleSetClockFrequency)
                  7004df9c    00000028     ADS_adc.o (.text.read_ext_ADC)
                  7004dfc4    00000026     nortos.am263px.r5f.ti-arm-clang.release.lib : ClockP_nortos.obj (.text.ClockP_sleep)
                  7004dfea    00000026     drivers.am263px.r5f.ti-arm-clang.release.lib : edma.obj (.text.EDMA_setPaRAM)
                  7004e010    00000026                                                  : i2c_v1_lld.obj (.text.I2C_lld_transferIntr)
                  7004e036    00000026                                                  : i2c_v1_lld.obj (.text.I2C_lld_transferPoll)
                  7004e05c    00000026                                                  : uart_dma_edma.obj (.text.UART_lld_dmaDisableChannel)
                  7004e082    00000024                                                  : mcspi_v0_lld.obj (.text.MCSPI_fifoWriteMultiWord)
                  7004e0a6    00000002     --HOLE-- [fill = 0]
                  7004e0a8    00000024                                                  : uart_v0_lld.obj (.text.UART_IsHWFlowCtrlValid)
                  7004e0cc    00000024                                                  : uart_v0_lld.obj (.text.UART_IsRxTrigLvlValid)
                  7004e0f0    00000024                                                  : uart_v0_lld.obj (.text.UART_IsTxTrigLvlValid)
                  7004e114    00000024     libclang_rt.builtins.a : aeabi_uldivmod.S.obj (.text.__aeabi_uldivmod)
                  7004e138    00000024     int_adc.o (.text.int_adc_to_voltage)
                  7004e15c    00000024     nortos.am263px.r5f.ti-arm-clang.release.lib : printf.obj (.text.vprintf_)
                  7004e180    00000022     drivers.am263px.r5f.ti-arm-clang.release.lib : edma.obj (.text.EDMA_linkChannel)
                  7004e1a2    00000022                                                  : mcspi_v0_lld.obj (.text.MCSPI_transferPeripheralIntr)
                  7004e1c4    00000022     ti_drivers_config.o (.text.System_deinit)
                  7004e1e6    00000022     logger.o (.text.print_logs)
                  7004e208    00000020     nortos.am263px.r5f.ti-arm-clang.release.lib : DebugP_log.obj (.text.DebugP_logZoneEnable)
                  7004e228    00000020     drivers.am263px.r5f.ti-arm-clang.release.lib : i2c_v1_lld.obj (.text.I2C_lld_Message_init)
                  7004e248    00000020                                                  : mcspi_v0_lld.obj (.text.MCSPI_fifoRead32)
                  7004e268    00000020     nortos.am263px.r5f.ti-arm-clang.release.lib : TimerP_rti_priv.obj (.text.TimerP_Params_initPriv)
                  7004e288    00000020     drivers.am263px.r5f.ti-arm-clang.release.lib : uart_v0_lld.obj (.text.UART_getChar)
                  7004e2a8    0000001e     ti_board_open_close.o (.text.Board_driversOpen)
                  7004e2c6    0000001e     ioexp_tca6424.o (.text.TCA6424_close)
                  7004e2e4    0000001e     drivers.am263px.r5f.ti-arm-clang.release.lib : uart_v0_lld.obj (.text.UART_spaceAvail)
                  7004e302    0000001e                                                  : uart_v0_lld.obj (.text.UART_statusIsDataReady)
                  7004e320    0000001c                                                  : i2c_v1.obj (.text.I2C_hwiFxn)
                  7004e33c    0000001c                                                  : mcspi_v0_lld.obj (.text.MCSPI_fifoWrite32)
                  7004e358    0000001c                                                  : mcspi_v0_lld.obj (.text.MCSPI_getFifoTrigLvl)
                  7004e374    0000001c                                                  : mcspi_v0_lld.obj (.text.MCSPI_lld_deInit)
                  7004e390    0000001c                                                  : soc_rcm.obj (.text.SOC_rcmIsR5FInLockStepMode)
                  7004e3ac    0000001c     libc.a : sscanf.c.obj (.text._inpchar)
                  7004e3c8    0000001c     main.o (.text.main)
                  7004e3e4    0000001c     libsysbm.a : hostrename.c.obj (.text.strcpy)
                  7004e400    0000001c                : hostrename.c.obj (.text.strlen)
                  7004e41c    0000001c     libc.a : memcpy32.S.obj (.text:TI_memcpy_small)
                  7004e438    0000001a     nortos.am263px.r5f.ti-arm-clang.release.lib : CpuId_armv7r.obj (.text.CSL_armR5GetCpuID)
                  7004e452    0000001a     drivers.am263px.r5f.ti-arm-clang.release.lib : edma.obj (.text.EDMA_readEventStatusRegion)
                  7004e46c    0000001a                                                  : uart_v0_lld.obj (.text.UART_enhanFuncEnable)
                  7004e486    00000002     --HOLE-- [fill = 0]
                  7004e488    00000018                                                  : i2c_v1.obj (.text.I2C_deinit)
                  7004e4a0    00000018                                                  : mcspi_v0.obj (.text.MCSPI_deinit)
                  7004e4b8    00000018                                                  : mcspi_dma_edma.obj (.text.MCSPI_lld_dmaInit)
                  7004e4d0    00000018     nortos.am263px.r5f.ti-arm-clang.release.lib : TimerP_rti_priv.obj (.text.TimerP_getCountPriv)
                  7004e4e8    00000018     drivers.am263px.r5f.ti-arm-clang.release.lib : uart_v0.obj (.text.UART_deinit)
                  7004e500    00000018     logger.o (.text.clear_logs)
                  7004e518    00000018     libc.a : memset32.S.obj (.text:TI_memset_small)
                  7004e530    00000016     drivers.am263px.r5f.ti-arm-clang.release.lib : i2c_v1_lld.obj (.text.I2C_lld_Transaction_init)
                  7004e546    00000016                                                  : mcspi_v0_lld.obj (.text.MCSPI_reset)
                  7004e55c    00000016                                                  : uart_v0_lld.obj (.text.UART_IsTxRxFifoEmpty)
                  7004e572    00000016                                                  : uart_v0_lld.obj (.text.UART_getIntrIdentityStatus)
                  7004e588    00000016                                                  : uart_v0_lld.obj (.text.UART_getRxError)
                  7004e59e    00000014     nortos.am263px.r5f.ti-arm-clang.release.lib : ClockP_nortos.obj (.text.ClockP_usecToTicks)
                  7004e5b2    00000014     drivers.am263px.r5f.ti-arm-clang.release.lib : edma.obj (.text.EDMA_getRegionId)
                  7004e5c6    00000014                                                  : uart_v0.obj (.text.UART_Transaction_init)
                  7004e5da    00000014                                                  : uart_v0_lld.obj (.text.UART_enhanFuncBitValRestore)
                  7004e5ee    00000012                                                  : adc.obj (.text.ADC_setMode)
                  7004e600    00000012                                                  : i2c_v1.obj (.text.I2C_LLD_transferCompleteCallback)
                  7004e612    00000012                                                  : uart_v0_lld.obj (.text.UART_hardwareFlowCtrlOptSet)
                  7004e624    00000012                                                  : uart_v0_lld.obj (.text.UART_operatingModeSelect)
                  7004e636    00000012                                                  : uart_v0_lld.obj (.text.UART_readLineStatus)
                  7004e648    00000012     ti_dpl_config.o (.text.putchar_)
                  7004e65a    00000010     drivers.am263px.r5f.ti-arm-clang.release.lib : gpio.obj (.text.GPIO_bankIntrDisable)
                  7004e66a    00000010                                                  : uart_v0_lld.obj (.text.UART_intr2Disable)
                  7004e67a    00000002     --HOLE-- [fill = 0]
                  7004e67c    00000010     libclang_rt.builtins.a : aeabi_memset.S.obj (.text.__aeabi_memset)
                  7004e68c    00000010     libc.a : sscanf.c.obj (.text._uninpchar)
                  7004e69c    00000010            : fputc.c.obj (.text.putchar)
                  7004e6ac    0000000e     drivers.am263px.r5f.ti-arm-clang.release.lib : edma.obj (.text.EDMA_ccPaRAMEntry_init)
                  7004e6ba    0000000e                                                  : gpio.obj (.text.GPIO_bankIntrEnable)
                  7004e6c8    0000000e                                                  : i2c_v1.obj (.text.I2C_transferCallback)
                  7004e6d6    0000000e     ti_pinmux_config.o (.text.Pinmux_init)
                  7004e6e4    0000000e     ti_power_clock_config.o (.text.PowerClock_init)
                  7004e6f2    0000000c     nortos.am263px.r5f.ti-arm-clang.release.lib : ClockP_nortos.obj (.text.ClockP_getTicks)
                  7004e6fe    0000000c                                                 : DebugP_uartLogWriter.obj (.text.DebugP_uartSetDrvIndex)
                  7004e70a    0000000c     drivers.am263px.r5f.ti-arm-clang.release.lib : edma.obj (.text.EDMA_isInitialized)
                  7004e716    00000002     --HOLE-- [fill = 0]
                  7004e718    0000000c                                                  : i2c_v1.obj (.text.I2C_Transaction_init)
                  7004e724    0000000c                                                  : soc.obj (.text.SOC_getSelfCpuClk)
                  7004e730    0000000c     ioexp_tca6424.o (.text.TCA6424_Params_init)
                  7004e73c    0000000c     libc.a : aeabi_portable.c.obj (.text.__aeabi_errno_addr)
                  7004e748    0000000c     libclang_rt.builtins.a : aeabi_memset.S.obj (.text.__aeabi_memclr)
                  7004e754    0000000c     libc.a : memory.c.obj (.text.malloc)
                  7004e760    0000000c            : strcmp32.S.obj (.text)
                  7004e76c    0000000c     nortos.am263px.r5f.ti-arm-clang.release.lib : CpuId_armv7r_asm.obj (.text)
                  7004e778    0000000a                                                 : ClockP_nortos.obj (.text.ClockP_Params_init)
                  7004e782    0000000a                                                 : ClockP_nortos.obj (.text.ClockP_isActive)
                  7004e78c    0000000a                                                 : TimerP_rti_priv.obj (.text.TimerP_getReloadCountPriv)
                  7004e796    0000000a                                                 : TimerP_rti_priv.obj (.text.TimerP_startPriv)
                  7004e7a0    0000000a     drivers.am263px.r5f.ti-arm-clang.release.lib : uart_v0_lld.obj (.text.UART_lld_Transaction_deInit)
                  7004e7aa    00000002     --HOLE-- [fill = 0]
                  7004e7ac    00000008     libsysbm.a : hostexit.c.obj (.text.HOSTexit)
                  7004e7b4    00000008     nortos.am263px.r5f.ti-arm-clang.release.lib : TimerP_rti_priv.obj (.text.TimerP_clearOverflowIntPriv)
                  7004e7bc    00000008                                                 : printf.obj (.text._out_char)
                  7004e7c4    00000006     drivers.am263px.r5f.ti-arm-clang.release.lib : edma.obj (.text.EDMA_isInterruptEnabled)
                  7004e7ca    00000006                                                  : soc.obj (.text.SOC_moduleClockEnable)
                  7004e7d0    00000006                                                  : soc_rcm.obj (.text.SOC_rcmGetCR5SysclkInFrequency)
                  7004e7d6    00000004     nortos.am263px.r5f.ti-arm-clang.release.lib : ClockP_nortos_r5.obj (.text.ClockP_timerClearOverflowInt)
                  7004e7da    00000004     ti_power_clock_config.o (.text.PowerClock_deinit)
                  7004e7de    00000004     nortos.am263px.r5f.ti-arm-clang.release.lib : TimerP_rti_nortos.obj (.text.TimerP_Params_init)
                  7004e7e2    00000004                                                 : TimerP_rti_nortos.obj (.text.TimerP_clearOverflowInt)
                  7004e7e6    00000004                                                 : TimerP_rti_nortos.obj (.text.TimerP_getCount)
                  7004e7ea    00000004                                                 : TimerP_rti_nortos.obj (.text.TimerP_getReloadCount)
                  7004e7ee    00000004                                                 : TimerP_rti_nortos.obj (.text.TimerP_setup)
                  7004e7f2    00000004                                                 : TimerP_rti_nortos.obj (.text.TimerP_start)
                  7004e7f6    00000002     --HOLE-- [fill = 0]
                  7004e7f8    00000004     libclang_rt.builtins.a : aeabi_div0.c.obj (.text.__aeabi_idiv0)
                  7004e7fc    00000004                            : aeabi_div0.c.obj (.text.__aeabi_ldiv0)
                  7004e800    00000004                            : aeabi_memcpy.S.obj (.text.__aeabi_memcpy)
                  7004e804    00000004     libc.a : _lock.c.obj (.text._nop)
                  7004e808    00000004            : fseek.c.obj (.text.fseek)
                  7004e80c    00000004     libsysbm.a : remove.c.obj (.text.remove)
                  7004e810    00000008     libclang_rt.builtins.a : aeabi_memcpy.S.obj (.tramp.__aeabi_memcpy.1)
                  7004e818    00000008     nortos.am263px.r5f.ti-arm-clang.release.lib : HwiP_armv7r_asm.obj (.tramp.HwiP_restore.1)
                  7004e820    00000008                                                 : HwiP_armv7r_asm.obj (.tramp.HwiP_enable.1)
                  7004e828    00000008                                                 : PmuP_armv7r_asm.obj (.tramp.PmuP_setUserEnable.1)
                  7004e830    00000008                                                 : PmuP_armv7r_asm.obj (.tramp.PmuP_enableCounters.1)
                  7004e838    00000008     --HOLE-- [fill = 0]

.rodata    0    7004e840    000026a0     
                  7004e840    000004b0     testing.o (.rodata.test_results)
                  7004ecf0    00000160     BQ25751.o (.rodata.bq25751_registers)
                  7004ee50    00000101     libc.a : aeabi_ctype.S.obj (.rodata:__aeabi_ctype_table_)
                  7004ef51    00000096     testing.o (.rodata.test_cases)
                  7004efe7    00000001     logger.o (.rodata.str1.11170080405929493601.1)
                  7004efe8    00000080     libc.a : strtod.c.obj (.rodata.digits)
                  7004f068    0000007a     ti_drivers_open_close.o (.rodata.str1.14200658025495415368.1)
                  7004f0e2    00000002     --HOLE-- [fill = 0]
                  7004f0e4    00000074     ti_dpl_config.o (.rodata.cfg)
                  7004f158    00000051     drivers.am263px.r5f.ti-arm-clang.release.lib : mcspi_v0.obj (.rodata.str1.26396439823528435241)
                  7004f1a9    00000007     libc.a : _scanfi.c.obj (.rodata._sproc_int.flit)
                  7004f1b0    00000050     nortos.am263px.r5f.ti-arm-clang.release.lib : printf.obj (.rodata._ftoa.pow10)
                  7004f200    00000048     drivers.am263px.r5f.ti-arm-clang.release.lib : soc_rcm.obj (.rodata.gADPLLJConfigTbl)
                  7004f248    00000048     libc.a : strtod.c.obj (.rodata.powerof10)
                  7004f290    00000048     BQ25751.o (.rodata.str1.15227057180538999327.1)
                  7004f2d8    00000048     drivers.am263px.r5f.ti-arm-clang.release.lib : mcspi_v0_lld.obj (.rodata.str1.97363132707188488161)
                  7004f320    00000047     BQ25751.o (.rodata.str1.10095525046290625685.1)
                  7004f367    0000003d     nortos.am263px.r5f.ti-arm-clang.release.lib : TimerP_rti_priv.obj (.rodata.str1.72163963154704191671)
                  7004f3a4    0000003b     testing.o (.rodata.str1.13902908763734703229.1)
                  7004f3df    0000003b     logger.o (.rodata.str1.15765208293925770228.1)
                  7004f41a    0000003b     testing.o (.rodata.str1.17746360623054601515.1)
                  7004f455    0000003b     BQ25751.o (.rodata.str1.2730883272908071265.1)
                  7004f490    0000003b     testing.o (.rodata.str1.9663668549545128397.1)
                  7004f4cb    0000003a     testing.o (.rodata.str1.13404232100597892824.1)
                  7004f505    0000003a     testing.o (.rodata.str1.14475428689845802839.1)
                  7004f53f    0000003a     BQ25751.o (.rodata.str1.5160441401641532227.1)
                  7004f579    0000003a     testing.o (.rodata.str1.5333103860067079182.1)
                  7004f5b3    00000039     testing.o (.rodata.str1.12712981990626671882.1)
                  7004f5ec    00000038     testing.o (.rodata.str1.13271957185734089466.1)
                  7004f624    00000038     testing.o (.rodata.str1.1809024094263384077.1)
                  7004f65c    00000038     ti_drivers_open_close.o (.rodata.str1.2554706296470369595.1)
                  7004f694    00000038     testing.o (.rodata.str1.9646216584914662902.1)
                  7004f6cc    00000037     testing.o (.rodata.str1.12934025152450101698.1)
                  7004f703    00000037     testing.o (.rodata.str1.13753495736459524521.1)
                  7004f73a    00000037     nortos.am263px.r5f.ti-arm-clang.release.lib : SemaphoreP_nortos.obj (.rodata.str1.52751030918495836841)
                  7004f771    00000037     testing.o (.rodata.str1.912323090116748061.1)
                  7004f7a8    00000036     ti_drivers_open_close.o (.rodata.str1.10252002122772422448.1)
                  7004f7de    00000036     testing.o (.rodata.str1.1765844212525536965.1)
                  7004f814    00000036     testing.o (.rodata.str1.9310835370192816021.1)
                  7004f84a    00000035     BQ25751.o (.rodata.str1.17099517407219647408.1)
                  7004f87f    00000035     ti_drivers_open_close.o (.rodata.str1.17551203406305493380.1)
                  7004f8b4    00000035     ti_drivers_open_close.o (.rodata.str1.17665391694225509261.1)
                  7004f8e9    00000035     BQ25751.o (.rodata.str1.8443781089576892544.1)
                  7004f91e    00000033     testing.o (.rodata.str1.8696649377706721793.1)
                  7004f951    00000032     drivers.am263px.r5f.ti-arm-clang.release.lib : adc.obj (.rodata.str1.104222482920253680151)
                  7004f983    00000032     BQ25751.o (.rodata.str1.1249517775944244852.1)
                  7004f9b5    00000032     drivers.am263px.r5f.ti-arm-clang.release.lib : adc.obj (.rodata.str1.137023953294967812531)
                  7004f9e7    00000031     BQ25751.o (.rodata.str1.17894075944801656883.1)
                  7004fa18    00000031     BQ25751.o (.rodata.str1.3974748969067114375.1)
                  7004fa49    00000003     BQ25751.o (.rodata.str1.10106629780682049060.1)
                  7004fa4c    00000030     logger.o (.rodata..Lswitch.table.print_log.27)
                  7004fa7c    00000030     BQ25751.o (.rodata.str1.12706072285533335359.1)
                  7004faac    00000030     BQ25751.o (.rodata.str1.13143656991489871118.1)
                  7004fadc    00000030     ti_drivers_open_close.o (.rodata.str1.5293217666052239616.1)
                  7004fb0c    00000030     BQ25751.o (.rodata.str1.8003800691019726735.1)
                  7004fb3c    0000002e     BQ25751.o (.rodata.str1.17500317544630551396.1)
                  7004fb6a    0000002e     BQ25751.o (.rodata.str1.17511979226281833584.1)
                  7004fb98    0000002e     nortos.am263px.r5f.ti-arm-clang.release.lib : ClockP_nortos.obj (.rodata.str1.39419159632632580371)
                  7004fbc6    0000002e     BQ25751.o (.rodata.str1.9421605849956869534.1)
                  7004fbf4    0000002d     BQ25751.o (.rodata.str1.1229531588138316555.1)
                  7004fc21    0000002d     BQ25751.o (.rodata.str1.2732527716459040101.1)
                  7004fc4e    0000002d     BQ25751.o (.rodata.str1.7897313143695813649.1)
                  7004fc7b    0000002d     BQ25751.o (.rodata.str1.8312350936966051270.1)
                  7004fca8    0000002c     drivers.am263px.r5f.ti-arm-clang.release.lib : i2c_v1.obj (.rodata.I2C_defaultTransaction)
                  7004fcd4    0000002c     BQ25751.o (.rodata.str1.12868114523665019615.1)
                  7004fd00    0000002c     BQ25751.o (.rodata.str1.14774090551701140490.1)
                  7004fd2c    0000002c     BQ25751.o (.rodata.str1.15589734765688486271.1)
                  7004fd58    0000002c     BQ25751.o (.rodata.str1.1820889172356602547.1)
                  7004fd84    0000002c     BQ25751.o (.rodata.str1.453300746779397769.1)
                  7004fdb0    0000002c     BQ25751.o (.rodata.str1.7152872178121443324.1)
                  7004fddc    0000002b     BQ25751.o (.rodata.str1.16455321582865690357.1)
                  7004fe07    0000002b     BQ25751.o (.rodata.str1.5958878973536578819.1)
                  7004fe32    0000002a     BQ25751.o (.rodata.str1.3951025446691905541.1)
                  7004fe5c    0000002a     logger.o (.rodata.str1.6697840596852582545.1)
                  7004fe86    0000002a     nortos.am263px.r5f.ti-arm-clang.release.lib : DebugP_log.obj (.rodata.str1.8882360920750446361)
                  7004feb0    00000028     ti_drivers_open_close.o (.rodata.str1.1596297266130340916.1)
                  7004fed8    00000028     ti_drivers_open_close.o (.rodata.str1.16112177131852734107.1)
                  7004ff00    00000028     BQ25751.o (.rodata.str1.7430776718305622844.1)
                  7004ff28    00000027     nortos.am263px.r5f.ti-arm-clang.release.lib : ClockP_nortos_r5.obj (.rodata.str1.91622226613999981811)
                  7004ff4f    00000026     BQ25751.o (.rodata.str1.14581448127847459194.1)
                  7004ff75    00000025     ti_board_open_close.o (.rodata.str1.12245025114167949655.1)
                  7004ff9a    00000025     ti_drivers_open_close.o (.rodata.str1.7750254725308216577.1)
                  7004ffbf    00000024     BQ25751.o (.rodata.str1.1271360048684525176.1)
                  7004ffe3    00000024     testing.o (.rodata.str1.1448113453728135492.1)
                  70050007    00000024     drivers.am263px.r5f.ti-arm-clang.release.lib : edma.obj (.rodata.str1.164918382464449145851)
                  7005002b    00000023     ti_drivers_open_close.o (.rodata.str1.10490786615736436564.1)
                  7005004e    00000023     BQ25751.o (.rodata.str1.12958517175328886002.1)
                  70050071    00000023     nortos.am263px.r5f.ti-arm-clang.release.lib : ClockP_nortos_r5.obj (.rodata.str1.136646522816104227591)
                  70050094    00000023     drivers.am263px.r5f.ti-arm-clang.release.lib : soc_rcm.obj (.rodata.str1.15813086600912413471)
                  700500b7    00000023     ti_board_open_close.o (.rodata.str1.760704006985994805.1)
                  700500da    00000022     drivers.am263px.r5f.ti-arm-clang.release.lib : edma.obj (.rodata.str1.6611792697437713481)
                  700500fc    00000021     nortos.am263px.r5f.ti-arm-clang.release.lib : ClockP_nortos_r5.obj (.rodata.str1.99041146818411950391)
                  7005011d    00000003     PDMtesting.o (.rodata.str1.1094412632907578887.1)
                  70050120    00000020     drivers.am263px.r5f.ti-arm-clang.release.lib : uart_v0_lld.obj (.rodata.cst32)
                  70050140    00000020     PDMtesting.o (.rodata.str1.10015848951539402881.1)
                  70050160    00000020     drivers.am263px.r5f.ti-arm-clang.release.lib : uart_v0.obj (.rodata.str1.150767988884773108331)
                  70050180    0000001f     board.o (.rodata.str1.10881007155619371109.1)
                  7005019f    0000001f     board.o (.rodata.str1.123550804358397101.1)
                  700501be    0000001f     board.o (.rodata.str1.13738757807042593414.1)
                  700501dd    0000001f     board.o (.rodata.str1.14465880841147386111.1)
                  700501fc    0000001f     logger.o (.rodata.str1.14867204177169952558.1)
                  7005021b    0000001f     board.o (.rodata.str1.1510811462892085231.1)
                  7005023a    0000001f     board.o (.rodata.str1.16077883977509950417.1)
                  70050259    0000001f     board.o (.rodata.str1.1696272589420159480.1)
                  70050278    0000001f     board.o (.rodata.str1.18250802514644841805.1)
                  70050297    0000001f     nortos.am263px.r5f.ti-arm-clang.release.lib : SemaphoreP_nortos.obj (.rodata.str1.25281168886080794691)
                  700502b6    0000001f                                                 : ClockP_nortos_r5.obj (.rodata.str1.25349503636762439021)
                  700502d5    0000001f     board.o (.rodata.str1.5436337271421848948.1)
                  700502f4    0000001f     board.o (.rodata.str1.673658226405435322.1)
                  70050313    0000001f     ti_drivers_open_close.o (.rodata.str1.871795152488895636.1)
                  70050332    0000001f     board.o (.rodata.str1.9045895231722895584.1)
                  70050351    0000001f     board.o (.rodata.str1.9461189164499355904.1)
                  70050370    0000001e     board.o (.rodata.str1.10345935079445805060.1)
                  7005038e    0000001e     drivers.am263px.r5f.ti-arm-clang.release.lib : mcspi_v0.obj (.rodata.str1.144400815220210358851)
                  700503ac    0000001e     board.o (.rodata.str1.6418571003999367838.1)
                  700503ca    0000001e     board.o (.rodata.str1.6840234256597642108.1)
                  700503e8    0000001e     board.o (.rodata.str1.9453984286452795027.1)
                  70050406    0000001d     nortos.am263px.r5f.ti-arm-clang.release.lib : TimerP_rti_priv.obj (.rodata.str1.114219152040444562951)
                  70050423    0000001d                                                 : TimerP_rti_priv.obj (.rodata.str1.125174968193178473681)
                  70050440    0000001d     ti_drivers_open_close.o (.rodata.str1.13083909648175487149.1)
                  7005045d    0000001d     drivers.am263px.r5f.ti-arm-clang.release.lib : uart_v0.obj (.rodata.str1.142814395268246240721)
                  7005047a    0000001d                                                  : mcspi_v0.obj (.rodata.str1.171925388543524077211)
                  70050497    0000001d     nortos.am263px.r5f.ti-arm-clang.release.lib : TimerP_rti_priv.obj (.rodata.str1.27974953896521033811)
                  700504b4    0000001c     BQ25751.o (.rodata..Lswitch.table.BQ25751_read_faults)
                  700504d0    0000001c     logger.o (.rodata.str1.10253156068257962407.1)
                  700504ec    0000001c     logger.o (.rodata.str1.12893940535876439382.1)
                  70050508    0000001c     logger.o (.rodata.str1.16946937258229686214.1)
                  70050524    0000001b     logger.o (.rodata.str1.10289081750774512625.1)
                  7005053f    0000001b     drivers.am263px.r5f.ti-arm-clang.release.lib : edma.obj (.rodata.str1.16266241636797238661)
                  7005055a    0000001b     nortos.am263px.r5f.ti-arm-clang.release.lib : ClockP_nortos.obj (.rodata.str1.47646432807403639741)
                  70050575    0000001b     ti_drivers_open_close.o (.rodata.str1.5509699957385355460.1)
                  70050590    0000001b     logger.o (.rodata.str1.6452265960373237926.1)
                  700505ab    0000001a     drivers.am263px.r5f.ti-arm-clang.release.lib : edma.obj (.rodata.str1.124702968117785801901)
                  700505c5    0000001a     nortos.am263px.r5f.ti-arm-clang.release.lib : ClockP_nortos_r5.obj (.rodata.str1.133203246495064227641)
                  700505df    0000001a     BQ25751.o (.rodata.str1.1444569211857942851.1)
                  700505f9    0000001a     drivers.am263px.r5f.ti-arm-clang.release.lib : soc_rcm.obj (.rodata.str1.153801437654618082741)
                  70050613    0000001a                                                  : mcspi_v0.obj (.rodata.str1.169212516063846095031)
                  7005062d    0000001a                                                  : i2c_v1.obj (.rodata.str1.65627606760091541251)
                  70050647    0000001a     board.o (.rodata.str1.9440741161207462191.1)
                  70050661    0000001a     drivers.am263px.r5f.ti-arm-clang.release.lib : mcspi_v0.obj (.rodata.str1.99640994410596514241)
                  7005067b    00000019     ti_drivers_open_close.o (.rodata.str1.14059614886583751700.1)
                  70050694    00000019     nortos.am263px.r5f.ti-arm-clang.release.lib : TimerP_rti_priv.obj (.rodata.str1.160914699991520874261)
                  700506ad    00000019     ti_drivers_open_close.o (.rodata.str1.7332975063418302059.1)
                  700506c6    00000002     --HOLE-- [fill = 0]
                  700506c8    00000018     drivers.am263px.r5f.ti-arm-clang.release.lib : soc.obj (.rodata..Lswitch.table.SOC_getAdcReferenceStatus)
                  700506e0    00000018                                                  : i2c_v1_lld.obj (.rodata.I2C_lld_defaultMessage)
                  700506f8    00000018                                                  : soc_rcm.obj (.rodata.gControlssPllClkSrcValMap)
                  70050710    00000018                                                  : soc_rcm.obj (.rodata.gCptsClkSrcValMap)
                  70050728    00000018                                                  : soc_rcm.obj (.rodata.gI2cClkSrcValMap)
                  70050740    00000018                                                  : soc_rcm.obj (.rodata.gLinUartClkSrcValMap)
                  70050758    00000018                                                  : soc_rcm.obj (.rodata.gPeripheralClkSrcInfoMap)
                  70050770    00000018                                                  : soc_rcm.obj (.rodata.gRtiClkSrcValMap)
                  70050788    00000018                                                  : soc_rcm.obj (.rodata.gWdtClkSrcValMap)
                  700507a0    00000018                                                  : i2c_v1.obj (.rodata.str1.10394555129776590081)
                  700507b8    00000018                                                  : i2c_v1.obj (.rodata.str1.145046381417982596211)
                  700507d0    00000018                                                  : i2c_v1.obj (.rodata.str1.146157486204483244751)
                  700507e8    00000018     logger.o (.rodata.str1.516959638814628545.1)
                  70050800    00000018     logger.o (.rodata.str1.5671237403414969566.1)
                  70050818    00000018     BQ25751.o (.rodata.str1.7886701266418031715.1)
                  70050830    00000018     logger.o (.rodata.str1.887488774559121338.1)
                  70050848    00000018     drivers.am263px.r5f.ti-arm-clang.release.lib : uart_v0.obj (.rodata.str1.9069738176458784971)
                  70050860    00000018     logger.o (.rodata.str1.998270875404085501.1)
                  70050878    00000017     ADS_adc.o (.rodata.str1.10043506777178288082.1)
                  7005088f    00000017     logger.o (.rodata.str1.10127394157737690499.1)
                  700508a6    00000017     drivers.am263px.r5f.ti-arm-clang.release.lib : soc_rcm.obj (.rodata.str1.141251745167226470741)
                  700508bd    00000017     ti_drivers_open_close.o (.rodata.str1.1628183244885117158.1)
                  700508d4    00000017     BQ25751.o (.rodata.str1.2479029312867807955.1)
                  700508eb    00000017     logger.o (.rodata.str1.9485715002722841782.1)
                  70050902    00000016     PDMtesting.o (.rodata.str1.10577412323663350067.1)
                  70050918    00000016     drivers.am263px.r5f.ti-arm-clang.release.lib : soc_rcm.obj (.rodata.str1.107645048611228328791)
                  7005092e    00000016     PDMtesting.o (.rodata.str1.12143205621091433229.1)
                  70050944    00000016     logger.o (.rodata.str1.1246197995540081341.1)
                  7005095a    00000016     logger.o (.rodata.str1.14246187852812087945.1)
                  70050970    00000016     drivers.am263px.r5f.ti-arm-clang.release.lib : soc_rcm.obj (.rodata.str1.177369307189295936511)
                  70050986    00000016                                                  : soc_rcm.obj (.rodata.str1.63555232926284281011)
                  7005099c    00000016                                                  : mcspi_v0.obj (.rodata.str1.85423015064808713541)
                  700509b2    00000015     ti_drivers_open_close.o (.rodata.str1.11521962449680083383.1)
                  700509c7    00000015     BQ25751.o (.rodata.str1.1275194715022805712.1)
                  700509dc    00000015     drivers.am263px.r5f.ti-arm-clang.release.lib : edma.obj (.rodata.str1.149652404363315708211)
                  700509f1    00000015     ti_drivers_open_close.o (.rodata.str1.17912154466570466874.1)
                  70050a06    00000015     drivers.am263px.r5f.ti-arm-clang.release.lib : adc.obj (.rodata.str1.20431844208594508061)
                  70050a1b    00000015     nortos.am263px.r5f.ti-arm-clang.release.lib : SemaphoreP_nortos.obj (.rodata.str1.30861210816963497001)
                  70050a30    00000015     logger.o (.rodata.str1.8545315102583907144.1)
                  70050a45    00000014     drivers.am263px.r5f.ti-arm-clang.release.lib : mcspi_v0_lld.obj (.rodata.str1.147988882001261723701)
                  70050a59    00000014                                                  : edma.obj (.rodata.str1.176595599180530855901)
                  70050a6d    00000014                                                  : mcspi_v0.obj (.rodata.str1.34611452835214624521)
                  70050a81    00000014     ti_drivers_open_close.o (.rodata.str1.3622116258035701796.1)
                  70050a95    00000014     drivers.am263px.r5f.ti-arm-clang.release.lib : edma.obj (.rodata.str1.41785049815304208531)
                  70050aa9    00000014                                                  : edma.obj (.rodata.str1.93700429500326477781)
                  70050abd    00000013                                                  : soc_rcm.obj (.rodata.str1.30734103837947208761)
                  70050ad0    00000013     testing.o (.rodata.str1.761491514650110821.1)
                  70050ae3    00000013     testing.o (.rodata.str1.8954517940817656586.1)
                  70050af6    00000013     drivers.am263px.r5f.ti-arm-clang.release.lib : uart_v0.obj (.rodata.str1.9980655952161290391)
                  70050b09    00000012     BQ25751.o (.rodata.str1.15351948885430041794.1)
                  70050b1b    00000012     drivers.am263px.r5f.ti-arm-clang.release.lib : uart_v0.obj (.rodata.str1.166492982902436568231)
                  70050b2d    00000012                                                  : uart_v0.obj (.rodata.str1.171120843061886446841)
                  70050b3f    00000012                                                  : edma.obj (.rodata.str1.41579851849113419871)
                  70050b51    00000012     ti_drivers_open_close.o (.rodata.str1.6538372684047993024.1)
                  70050b63    00000012     drivers.am263px.r5f.ti-arm-clang.release.lib : soc_rcm.obj (.rodata.str1.67217821191364965911)
                  70050b75    00000011                                                  : edma.obj (.rodata.str1.117215064595961288031)
                  70050b86    00000011     ti_drivers_open_close.o (.rodata.str1.12213835641041270557.1)
                  70050b97    00000011     logger.o (.rodata.str1.13406532556922755089.1)
                  70050ba8    00000011     drivers.am263px.r5f.ti-arm-clang.release.lib : uart_v0.obj (.rodata.str1.16967668833904919061)
                  70050bb9    00000011                                                  : edma.obj (.rodata.str1.28692048193800818901)
                  70050bca    00000011     nortos.am263px.r5f.ti-arm-clang.release.lib : ClockP_nortos.obj (.rodata.str1.37923443167824241621)
                  70050bdb    00000011                                                 : TimerP_rti_priv.obj (.rodata.str1.44101942245516082551)
                  70050bec    00000011     logger.o (.rodata.str1.4633242734696342979.1)
                  70050bfd    00000011     ti_drivers_open_close.o (.rodata.str1.6292539624901818759.1)
                  70050c0e    00000011     BQ25751.o (.rodata.str1.9017280232647772979.1)
                  70050c1f    00000001     --HOLE-- [fill = 0]
                  70050c20    00000010     drivers.am263px.r5f.ti-arm-clang.release.lib : soc.obj (.rodata.cst16)
                  70050c30    00000010                                                  : mcspi_v0.obj (.rodata.str1.153145657127816401141)
                  70050c40    00000010     ti_drivers_open_close.o (.rodata.str1.15574074207268991336.1)
                  70050c50    00000010     drivers.am263px.r5f.ti-arm-clang.release.lib : edma.obj (.rodata.str1.18778444954996405781)
                  70050c60    00000010                                                  : i2c_v1.obj (.rodata.str1.55879311564180241041)
                  70050c70    00000010     ti_drivers_open_close.o (.rodata.str1.6437641722977580707.1)
                  70050c80    0000000f     drivers.am263px.r5f.ti-arm-clang.release.lib : edma.obj (.rodata.str1.111354322338949310841)
                  70050c8f    0000000f                                                  : edma.obj (.rodata.str1.144551280152329776181)
                  70050c9e    0000000f                                                  : i2c_v1.obj (.rodata.str1.20248951868514646131)
                  70050cad    0000000f                                                  : edma.obj (.rodata.str1.2759273541325923811)
                  70050cbc    0000000f                                                  : mcspi_v0.obj (.rodata.str1.43973954253821070511)
                  70050ccb    0000000f     board.o (.rodata.str1.834004997606947946.1)
                  70050cda    0000000f     drivers.am263px.r5f.ti-arm-clang.release.lib : edma.obj (.rodata.str1.92547749779646142691)
                  70050ce9    0000000e                                                  : edma.obj (.rodata.str1.19244332700943948511)
                  70050cf7    0000000e                                                  : edma.obj (.rodata.str1.46057082369026546831)
                  70050d05    0000000e                                                  : edma.obj (.rodata.str1.46782315602798139861)
                  70050d13    0000000e     ti_drivers_open_close.o (.rodata.str1.5205884736402799790.1)
                  70050d21    0000000d     ti_drivers_open_close.o (.rodata.str1.10450075619424269387.1)
                  70050d2e    0000000d     drivers.am263px.r5f.ti-arm-clang.release.lib : edma.obj (.rodata.str1.121775923823351643201)
                  70050d3b    0000000d     ti_drivers_open_close.o (.rodata.str1.16905510790704221133.1)
                  70050d48    0000000d     nortos.am263px.r5f.ti-arm-clang.release.lib : TimerP_rti_priv.obj (.rodata.str1.31870447354226168941)
                  70050d55    0000000d     drivers.am263px.r5f.ti-arm-clang.release.lib : adc.obj (.rodata.str1.70150695697723348971)
                  70050d62    0000000d     testing.o (.rodata.str1.9119961215068324276.1)
                  70050d6f    00000001     --HOLE-- [fill = 0]
                  70050d70    0000000c     drivers.am263px.r5f.ti-arm-clang.release.lib : mcspi_v0_lld.obj (.rodata..Lswitch.table.MCSPI_lld_controllerIsr.1)
                  70050d7c    0000000c                                                  : mcspi_v0_lld.obj (.rodata..Lswitch.table.MCSPI_lld_controllerIsr)
                  70050d88    0000000c                                                  : soc.obj (.rodata..Lswitch.table.SOC_enableAdcReferenceMonitor)
                  70050d94    0000000c     logger.o (.rodata..Lswitch.table.print_log)
                  70050da0    0000000c     nortos.am263px.r5f.ti-arm-clang.release.lib : ClockP_nortos_r5.obj (.rodata.str1.177642182983587376931)
                  70050dac    0000000c     drivers.am263px.r5f.ti-arm-clang.release.lib : mcspi_v0.obj (.rodata.str1.69169362540279301091)
                  70050db8    0000000c                                                  : edma.obj (.rodata.str1.73371482538137472541)
                  70050dc4    0000000c     logger.o (.rodata.str1.7498274428696469886.1)
                  70050dd0    0000000b     board.o (.rodata.str1.15102135329570516791.1)
                  70050ddb    0000000b     drivers.am263px.r5f.ti-arm-clang.release.lib : mcspi_v0.obj (.rodata.str1.169287378047891341191)
                  70050de6    0000000b                                                  : uart_v0.obj (.rodata.str1.174466331461201984741)
                  70050df1    0000000b                                                  : uart_v0.obj (.rodata.str1.23952661867579505821)
                  70050dfc    0000000b                                                  : mcspi_v0.obj (.rodata.str1.248655060218483491)
                  70050e07    0000000b                                                  : edma.obj (.rodata.str1.8716574913843167321)
                  70050e12    0000000a                                                  : soc_rcm.obj (.rodata.str1.102656642322745120751)
                  70050e1c    0000000a                                                  : edma.obj (.rodata.str1.11281620503267214511)
                  70050e26    0000000a     logger.o (.rodata.str1.13114922096505101489.1)
                  70050e30    0000000a     drivers.am263px.r5f.ti-arm-clang.release.lib : uart_v0.obj (.rodata.str1.4680544719311723101)
                  70050e3a    0000000a                                                  : uart_v0.obj (.rodata.str1.62285611621840673441)
                  70050e44    0000000a                                                  : edma.obj (.rodata.str1.94390198658697638781)
                  70050e4e    0000000a                                                  : i2c_v1.obj (.rodata.str1.97456980245303321621)
                  70050e58    0000000a                                                  : uart_v0.obj (.rodata.str1.98976386761529848021)
                  70050e62    00000009     libc.a : _scanfi.c.obj (.rodata.str1.12964984209033246150.1)
                  70050e6b    00000009     drivers.am263px.r5f.ti-arm-clang.release.lib : i2c_v1.obj (.rodata.str1.60490558749180274121)
                  70050e74    00000008     libc.a : _scanfi.c.obj (.rodata..L__const._sproc_float.special)
                  70050e7c    00000008     logger.o (.rodata.str1.11411971380641413352.1)
                  70050e84    00000008     logger.o (.rodata.str1.3193577328096652195.1)
                  70050e8c    00000006     libc.a : _scanfi.c.obj (.rodata._sproc_int.barr)
                  70050e92    00000006     drivers.am263px.r5f.ti-arm-clang.release.lib : soc_rcm.obj (.rodata.str1.53743240983164125611)
                  70050e98    00000006     logger.o (.rodata.str1.9978879681667430888.1)
                  70050e9e    00000005     BQ25751.o (.rodata.str1.12421258905385577217.1)
                  70050ea3    00000005     BQ25751.o (.rodata.str1.13909236871274729330.1)
                  70050ea8    00000005     nortos.am263px.r5f.ti-arm-clang.release.lib : printf.obj (.rodata.str1.143852280595428356391)
                  70050ead    00000005                                                 : printf.obj (.rodata.str1.23318557076440195721)
                  70050eb2    00000005     logger.o (.rodata.str1.5950550609978457137.1)
                  70050eb7    00000001     --HOLE-- [fill = 0]
                  70050eb8    00000004     nortos.am263px.r5f.ti-arm-clang.release.lib : CacheP_armv7r.obj (.rodata.gCacheL1dCacheLineSize)
                  70050ebc    00000004                                                 : CacheP_armv7r.obj (.rodata.gCacheL1pCacheLineSize)
                  70050ec0    00000004     logger.o (.rodata.str1.11268383079938446260.1)
                  70050ec4    00000004     nortos.am263px.r5f.ti-arm-clang.release.lib : printf.obj (.rodata.str1.122320159353749299121)
                  70050ec8    00000004     BQ25751.o (.rodata.str1.13505117214245943287.1)
                  70050ecc    00000004     logger.o (.rodata.str1.14780196379335289893.1)
                  70050ed0    00000004     libc.a : _scanfi.c.obj (.rodata.str1.3403580589742030990.1)
                  70050ed4    00000004     nortos.am263px.r5f.ti-arm-clang.release.lib : printf.obj (.rodata.str1.81101573233442303481)
                  70050ed8    00000008     --HOLE-- [fill = 0]

.bss       0    70050ee0    000028a0     UNINITIALIZED
                  70050ee0    00000c80     (.common:logs)
                  70051b60    00000808     (.common:gHwiCtrl)
                  70052368    00000770     ti_drivers_config.o (.bss.gMcspiObjects)
                  70052ad8    00000428     ti_drivers_config.o (.bss.gI2cObjects)
                  70052f00    00000368     ti_drivers_config.o (.bss.gUartObjects)
                  70053268    00000120     libsysbm.a : trgmsg.c.obj (.bss:_CIOBUF_)
                  70053388    000000e8     ti_drivers_config.o (.bss.gEdmaObjects)
                  70053470    000000c0     (.common:intr_objects)
                  70053530    000000ac     ti_board_open_close.o (.bss.Board_ioexpOpen.gTCA6424_Config)
                  700535dc    000000a0     libc.a : defs.c.obj (.bss.__TI_tmpnams)
                  7005367c    00000090     (.common:gDebugShmLogReaderCtrl)
                  7005370c    00000004     nortos.am263px.r5f.ti-arm-clang.release.lib : HwiP_armv7r_vim.obj (.bss.gdummy)
                  70053710    00000038     (.common:gClockCtrl)
                  70053748    00000010     (.common:virtToPhymap)
                  70053758    00000008     libsysbm.a : hostopen.c.obj (.bss.parmbuf)
                  70053760    00000008     (.common:gI2cHandle)
                  70053768    00000008     (.common:gMcspiHandle)
                  70053770    00000004     libc.a : memory.c.obj (.bss.sys_free)
                  70053774    00000004     (.common:gEdmaHandle)
                  70053778    00000004     (.common:gUartHandle)
[...]
70048863  init_gpio                          
70048a75  PDM_testing                        
70048b7d  UART_read                          
70048d8b  ClockP_init                        
70048e8f  SemaphoreP_destruct                
70048e91  UART_lld_dmaWrite                  
70048f95  MCSPI_close                        
70049095  UART_write                         
70049191  MCSPI_lld_initDma                  
70049284  fputc                              
7004945b  MCSPI_lld_readWriteDma             
70049541  GPIO_bankIsrFxn                    
70049617  TaskP_yield                        
700496ed  print_log                          
700497c1  EDMA_unregisterIntr                
70049891  GPIO_deinit                        
70049961  UART_lld_initDma                   
70049a2c  getdevice                          
70049af5  I2C_lld_mem_write                  
70049c7d  MCSPI_lld_init                     
70049d41  BQ25751_read_reg                   
70049e01  I2C_lld_mem_read                   
70049ec1  UART_lld_init                      
70049f81  TCA6424_config                     
7004a03f  TCA6424_setOutput                  
7004a0fd  EDMA_registerIntr                  
7004a1b8  fseeko                             
7004a26c  __TI_closefile                     
7004a525  DebugP_readLine                    
7004a673  UART_lld_read                      
7004a7bf  init_global_interrupts             
7004a865  I2C_close                          
7004a909  I2C_lld_mem_readIntr               
7004a9ad  I2C_lld_mem_writeIntr              
7004aaf5  EDMA_freeDmaChannel                
7004ab95  EDMA_freeParam                     
7004ac35  EDMA_freeTcc                       
7004acd4  HOSTrename                         
7004ad75  UART_lld_dmaRead                   
7004ae15  UART_lld_readIntr                  
7004aeb0  __TI_wrt_ok                        
7004af4d  Board_ioexpOpen                    
7004afe8  HOSTlseek                          
7004b119  BQ25751_write_reg                  
7004b1af  SemaphoreP_pend                    
7004b245  EDMA_configureChannelRegion        
7004b2d8  HOSTopen                           
7004b36d  I2C_lld_init                       
7004b401  SPI_ReadWrite                      
7004b495  UART_lld_readWithCounter           
7004b529  Drivers_open                       
7004b6d7  MCSPI_lld_peripheralIsr            
7004b764  close                              
7004b7f1  i2c_read_error_handler             
7004b87d  ADC_setPPBTripLimits               
7004b905  UART_init                          
7004b98d  UART_procLineStatusErr             
7004ba14  __TI_doflush                       
7004ba9c  HOSTread                           
7004bb20  HOSTwrite                          
7004bc29  EDMA_close                         
7004bca9  UART_flushTxFifo                   
7004bd29  Drivers_mcspiOpen                  
7004bea3  Drivers_i2cOpen                    
7004bf1f  MCSPI_initiateLastChunkTransfer    
7004bf99  MCSPI_init                         
7004c0f9  MCSPI_stop                         
7004c16b  MCSPI_lld_dmaStop                  
7004c1db  BQ25751_read_faults                
7004c249  EDMA_disableTransferRegion         
7004c2b7  EDMA_enableTransferRegion          
7004c324  HOSTunlink                         
7004c391  UART_lld_writeDma                  
7004c3fd  UART_lld_readDma                   
7004c465  UART_lld_writeIntr                 
7004c4cc  atoi                               
7004c535  digitalWrite                       
7004c59d  CycleCounterP_init                 
7004c5ad  CycleCounterP_reset                
7004c5d1  CycleCounterP_nsToTicks            
7004c5fd  CycleCounterP_enableUserAccess     
7004c605  SOC_controlModuleUnlockMMR         
7004c669  add_log                            
7004c6cd  init_interrupt                     
7004c730  HOSTclose                          
7004c791  ClockP_timerTickIsr                
7004c7ef  MCSPI_setChDataSize                
7004c84d  GPIO_setTrigType                   
7004c905  SOC_controlModuleLockMMR           
7004c961  _DebugP_assert                     
7004ca14  __TI_cleanup                       
7004ca6c  __TI_readmsg                       
7004cac4  __TI_writemsg                      
7004cb10  C$$IO$$                            
7004cb1d  print_pending_logs                 
7004cb75  ClockP_getTimeUsec                 
7004cbcb  UART_intrDisable                   
7004cc21  UART_readCancelNoCB                
7004cc77  UART_writeCancelNoCB               
7004cccd  Dpl_init                           
7004cd20  exit                               
7004cd74  finddevice                         
7004cdc8  __TI_auto_init_nobinit_nopinit     
7004ce1d  AddrTranslateP_getLocalAddr        
7004cec1  MCSPI_lld_deInitDma                
7004cf13  BQ25751_print_register_dump        
7004cf63  ClockP_construct                   
7004cfb5  EDMA_allocDmaChannel               
7004d005  EDMA_allocParam                    
7004d055  EDMA_allocTcc                      
7004d0f3  Drivers_edmaOpen                   
7004d141  Drivers_uartOpen                   
7004d18f  EDMA_disableChInShadowRegRegion    
7004d1dd  MCSPI_transferCallback             
7004d275  SOC_enableAdcReferenceMonitor      
7004d2c1  SOC_enableAdcGlobalForce           
7004d309  SOC_enableAdcInternalReference     
7004d398  unlink                             
7004d46d  SOC_getAdcReferenceStatus          
7004d4b1  UART_Params_init                   
7004d4f5  UART_lld_deInitDma                 
7004d539  ClockP_stop                        
7004d579  EDMA_mapChToEvtQ                   
7004d5b9  Pinmux_config                      
7004d5f9  SemaphoreP_constructBinary         
7004d639  UART_lld_deInit                    
7004d6f7  SemaphoreP_constructMutex          
7004d735  EDMA_getBaseAddr                   
7004d7ad  ClockP_destruct                    
7004d7e7  DebugP_uartLogWriterPutChar        
7004d821  Module_clockSetFrequency           
7004d85b  TCA6424_open                       
7004d895  UART_lld_flushTxFifo               
7004d909  _DebugP_logZone                    
7004d940  CycleCounterP_getCount32           
7004d948  PmuP_setup                         
7004d950  PmuP_enableCounters                
7004d958  PmuP_disableCounters               
7004d960  PmuP_getOverflowStatus             
7004d968  PmuP_clearOverflowStatus           
7004d970  PmuP_setUserEnable                 
7004d979  EDMA_clrMissEvtRegion              
7004d9af  ClockP_start                       
7004d9e5  I2C_init                           
7004da19  MCSPI_errorCallback                
7004da4d  Module_clockDisable                
7004da81  Module_clockEnable                 
7004dab5  SOC_enableAdcDacLoopback           
7004db50  lseek                              
7004db84  write                              
7004dbb9  ClockP_usleep                      
7004dbeb  EDMA_unmapChToEvtQ                 
7004dc1d  SemaphoreP_post                    
7004dc4f  DebugP_scanf                       
7004dce1  adc_to_current_LM74930             
7004dd11  EDMA_enableChInShadowRegRegion     
7004dd3f  I2C_lld_deInit                     
7004dd6d  System_init                        
7004ddc9  DebugP_shmLogReaderInit            
7004ddf5  I2C_getHandle                      
7004de21  SOC_rcmGetR5Clock                  
7004de4d  UART_getHandle                     
7004de79  adc_to_current_HSS_MB              
7004dea5  adc_to_current_TPS                 
7004ded0  vsscanf                            
7004df25  GPIO_setDirMode                    
7004df75  SOC_moduleSetClockFrequency        
7004df9d  read_ext_ADC                       
7004dfc5  ClockP_sleep                       
7004dfeb  EDMA_setPaRAM                      
7004e011  I2C_lld_transferIntr               
7004e037  I2C_lld_transferPoll               
7004e05d  UART_lld_dmaDisableChannel         
7004e114  __aeabi_uldivmod                   
7004e139  int_adc_to_voltage                 
7004e15d  vprintf_                           
7004e181  EDMA_linkChannel                   
7004e1c5  System_deinit                      
7004e1e7  print_logs                         
7004e209  DebugP_logZoneEnable               
7004e229  I2C_lld_Message_init               
7004e269  TimerP_Params_initPriv             
7004e289  UART_getChar                       
7004e2a9  Board_driversOpen                  
7004e2c7  TCA6424_close                      
7004e2e5  UART_spaceAvail                    
7004e375  MCSPI_lld_deInit                   
7004e391  SOC_rcmIsR5FInLockStepMode         
7004e3c9  main                               
7004e41c  TI_memcpy_small                    
7004e439  CSL_armR5GetCpuID                  
7004e453  EDMA_readEventStatusRegion         
7004e489  I2C_deinit                         
7004e4a1  MCSPI_deinit                       
7004e4b9  MCSPI_lld_dmaInit                  
7004e4d1  TimerP_getCountPriv                
7004e4e9  UART_deinit                        
7004e501  clear_logs                         
7004e518  TI_memset_small                    
7004e531  I2C_lld_Transaction_init           
7004e547  MCSPI_reset                        
7004e55d  UART_IsTxRxFifoEmpty               
7004e573  UART_getIntrIdentityStatus         
7004e59f  ClockP_usecToTicks                 
7004e5b3  EDMA_getRegionId                   
7004e5c7  UART_Transaction_init              
7004e5ef  ADC_setMode                        
7004e625  UART_operatingModeSelect           
7004e637  UART_readLineStatus                
7004e649  putchar_                           
7004e65b  GPIO_bankIntrDisable               
7004e66b  UART_intr2Disable                  
7004e67c  __aeabi_memset                     
7004e67c  __aeabi_memset4                    
7004e67c  __aeabi_memset8                    
7004e69c  putchar                            
7004e6ad  EDMA_ccPaRAMEntry_init             
7004e6bb  GPIO_bankIntrEnable                
7004e6d7  Pinmux_init                        
7004e6e5  PowerClock_init                    
7004e6f3  ClockP_getTicks                    
7004e6ff  DebugP_uartSetDrvIndex             
7004e70b  EDMA_isInitialized                 
7004e719  I2C_Transaction_init               
7004e725  SOC_getSelfCpuClk                  
7004e731  TCA6424_Params_init                
7004e73c  __aeabi_errno_addr                 
7004e748  __aeabi_memclr                     
7004e748  __aeabi_memclr4                    
7004e748  __aeabi_memclr8                    
7004e754  malloc                             
7004e76c  CSL_armR5ReadMpidrReg              
7004e779  ClockP_Params_init                 
7004e783  ClockP_isActive                    
7004e78d  TimerP_getReloadCountPriv          
7004e797  TimerP_startPriv                   
7004e7a1  UART_lld_Transaction_deInit        
7004e7ac  C$$EXIT                            
7004e7ac  HOSTexit                           
7004e7b5  TimerP_clearOverflowIntPriv        
7004e7c5  EDMA_isInterruptEnabled            
7004e7cb  SOC_moduleClockEnable              
7004e7d7  ClockP_timerClearOverflowInt       
7004e7db  PowerClock_deinit                  
7004e7df  TimerP_Params_init                 
7004e7e3  TimerP_clearOverflowInt            
7004e7e7  TimerP_getCount                    
7004e7eb  TimerP_getReloadCount              
7004e7ef  TimerP_setup                       
7004e7f3  TimerP_start                       
7004e7f8  __aeabi_idiv0                      
7004e7fc  __aeabi_ldiv0                      
7004e800  __aeabi_memcpy                     
7004e800  __aeabi_memcpy4                    
7004e800  __aeabi_memcpy8                    
7004e804  _nop                               
7004e808  fseek                              
7004e80c  remove                             
7004e840  test_results                       
7004ecf0  bq25751_registers                  
7004ee50  __aeabi_ctype_table_               
7004ee50  __aeabi_ctype_table_C              
7004ef51  test_cases                         
7004f0e4  gCacheConfig                       
7004f0ec  gMpuConfig                         
7004f0f8  gMpuRegionConfig                   
7004f200  gADPLLJConfigTbl                   
7004fca8  I2C_defaultTransaction             
700506e0  I2C_lld_defaultMessage             
70050758  gPeripheralClkSrcInfoMap           
70050eb8  gCacheL1dCacheLineSize             
70050ebc  gCacheL1pCacheLineSize             
70050ee0  __BSS_START                        
70050ee0  logs                               
70051b60  gHwiCtrl                           
70053268  _CIOBUF_                           
70053268  __CIOBUF_                          
70053470  intr_objects                       
700535dc  __TI_tmpnams                       
7005367c  gDebugShmLogReaderCtrl             
70053710  gClockCtrl                         
70053748  virtToPhymap                       
70053758  parmbuf                            
70053760  gI2cHandle                         
70053768  gMcspiHandle                       
70053774  gEdmaHandle                        
70053778  gUartHandle                        
70053780  __BSS_END                          
70053780  _sys_memory                        
7005b780  __stack                            
7005f780  __STACK_END                        
7005f781  HwiP_enableInt                     
7005f7a9  HwiP_disableInt                    
7005f7db  HwiP_restoreInt                    
7005f831  HwiP_clearInt                      
7005f851  HwiP_post                          
7005f879  HwiP_Params_init                   
7005f88b  HwiP_construct                     
7005f9d3  HwiP_destruct                      
7005faa5  HwiP_init                          
7005fb67  HwiP_inISR                         
7005fb83  HwiP_irq_handler_c                 
7005fc07  HwiP_fiq_handler                   
7005fcb7  HwiP_reserved_handler              
7005fce5  HwiP_undefined_handler_c           
7005fd03  HwiP_user_undefined_handler_c      
7005fd17  HwiP_svc_handler                   
7005fd45  HwiP_prefetch_abort_handler_c      
7005fdbf  HwiP_user_prefetch_abort_handler_c 
7005fdcf  HwiP_data_abort_handler_c          
7005fe4f  HwiP_user_data_abort_handler_c     
7005fe60  HwiP_irq_handler                   
7005fed4  HwiP_data_abort_handler            
7005ff18  HwiP_prefetch_abort_handler        
7005ff64  HwiP_undefined_handler             
7005ff94  GET_DFSR                           
7005ff9c  GET_ADFSR                          
7005ffa4  GET_DFAR                           
7005ffac  GET_IFSR                           
7005ffb4  GET_AIFSR                          
7005ffbc  GET_IFAR                           
7005ffc4  GET_SPSR                           
7005ffdc  HwiP_disable                       
7005ffec  HwiP_disableFIQ                    
7005fffc  HwiP_enable                        
7006000c  HwiP_enableFIQ                     
7006001c  HwiP_restore                       
70060024  HwiP_enableVIC                     
70060034  HwiP_disableVIC                    
70060044  HwiP_getCPSR                       
70060058  CacheP_disableL1d                  
70060080  CacheP_disableL1p                  
70060098  CacheP_enableL1d                   
700600b0  CacheP_enableL1p                   
700600c8  CacheP_invL1d                      
70060100  CacheP_invL1p                      
7006013c  CacheP_invL1dAll                   
70060144  CacheP_invL1pAll                   
7006014c  CacheP_wb                          
70060188  CacheP_wbInv                       
700601c4  CacheP_wbAll                       
7006026c  CacheP_wbInvAll                    
70060284  CacheP_wbInvAllAsm                 
70060324  CacheP_getEnabled                  
7006035c  CacheP_getCacheLevelInfo           
70060368  CacheP_configForceWrThru           
70060388  CacheP_setDLFO                     
70060399  CacheP_init                        
700603f1  CacheP_disable                     
7006042b  CacheP_enable                      
7006044b  CacheP_inv                         
70060489  MpuP_getAttrs                      
700604c9  MpuP_RegionAttrs_init              
700604d7  MpuP_setRegion                     
70060551  MpuP_isEnable                      
70060555  MpuP_disable                       
70060587  MpuP_enable                        
700605c3  MpuP_init                          
70060625  MpuP_isUserAuthorizedToAccessMemory
7006068c  MpuP_disableAsm                    
700606a4  MpuP_disableBRAsm                  
700606b4  MpuP_enableAsm                     
700606cc  MpuP_enableBRAsm                   
700606dc  MpuP_isEnableAsm                   
700606f0  MpuP_setRegionAsm                  
70060718  _c_int00_sbl                       
7006073c  _c_int00                           
7006085d  _DebugP_assertNoLog                
7006087b  _system_pre_init                   
70060897  __mpu_init                         
700608a8  abort                              
700608b0  _ftable                            
700608b0  gMcspiDmaHandle                    
700608b0  gUartDmaHandle                     
70060ce4  _device                            
70060d5c  intr_pins                          
70060dbc  gUartParams                        
70060e14  _stream                            
70060eac  gSpi0ChCfg                         
70060eec  gSpi1ChCfg                         
70060f2c  gSocModulesClockFrequency          
70060f98  gMcspiOpenParams                   
70060fc0  ext_adc0                           
70060fdc  ext_adc1                           
70060ff8  gClockConfig                       
70061010  gI2cParams                         
70061028  gSocModules                        
7006103c  gI2cConfig                         
7006104c  gMcspiConfig                       
7006105c  __TI_ft_end                        
70061060  gAddrTranslateConfig               
7006106c  __TI_cleanup_ptr                   
70061070  __TI_dtors_ptr                     
70061074  gConfigMcspiChCfg                  
7006107c  gEdmaConfig                        
70061084  gEdmaParams                        
7006108c  gMcspiDmaChConfig                  
70061094  gMcspiNumCh                        
700610a4  gUartConfig                        
700610ac  __aeabi_errno                      
700610b8  _lock                              
700610bc  _unlock                            
700610c0  gDebugLogZone                      
700610c4  gDebugP_uartDrvIndex               
700610c8  gEdmaConfigNum                     
700610cc  gHwiConfig                         
700610d0  gI2cConfigNum                      
700610d4  gMcspiConfigNum                    
700610d8  gUartConfigNum                     
700610dc  gUartDmaChConfig                   
700610e0  test                               
700610e6  logs_length                        
700610e8  isMapAvailable                     
700610f0  __IRQ_STACK_START                  
700611f0  __FIQ_STACK_START                  
700611f0  __IRQ_STACK_END                    
700612f0  __FIQ_STACK_END                    
700612f0  __SVC_STACK_START                  
700622f0  __ABORT_STACK_START                
700622f0  __SVC_STACK_END                    
700623f0  __ABORT_STACK_END                  
700623f0  __UNDEFINED_STACK_START            
700624f0  __UNDEFINED_STACK_END              
701d4000  gDebugShmLog                       
ffffffff  __TI_pprof_out_hndl                
ffffffff  __TI_prof_data_size                
ffffffff  __TI_prof_data_start               
ffffffff  __binit__                          
ffffffff  binit                              
UNDEFED   __TI_CINIT_Base                    
UNDEFED   __TI_CINIT_Limit                   
UNDEFED   __TI_Handler_Table_Base            
UNDEFED   __TI_Handler_Table_Limit           
UNDEFED   _system_post_cinit                 

[509 symbols]
