******************************************************************************
            TI ARM Clang Linker PC v4.0.2                      
******************************************************************************
>> Linked Wed Aug 13 10:48:39 2025

OUTPUT FILE NAME:   <second_stage_PDM_testing.out>
ENTRY POINT SYMBOL: "_vectors"  address: 00000000


MEMORY CONFIGURATION

         name            origin    length      used     unused   attr    fill
----------------------  --------  ---------  --------  --------  ----  --------
  R5F_VECS              00000000   00000040  00000040  00000000  RWIX
  R5F_TCMA              00000040   00007fc0  00000000  00007fc0  RWIX
  R5F_TCMB              00080000   00008000  00000000  00008000  RWIX
  MAILBOX_HSM           44000000   000003ce  00000000  000003ce  RWIX
  MAILBOX_R5F           44000400   000003ce  00000000  000003ce  RWIX
  FLASH                 60100000   00080000  00000000  00080000  RWIX
  SBL                   70000000   00040000  00000000  00040000  RWIX
  OCRAM                 70040000   00040000  00024378  0001bc88  RWIX
  USER_SHM_MEM          701d0000   00004000  00000000  00004000  RWIX
  LOG_SHM_MEM           701d4000   00004000  00002000  00002000  RWIX
  RTOS_NORTOS_IPC_SHM_M 72000000   00003e80  00000000  00003e80  RWIX


SEGMENT ALLOCATION MAP

run origin  load origin   length   init length attrs members
----------  ----------- ---------- ----------- ----- -------
00000000    00000000    00000040   00000040    r-x
  00000000    00000000    00000040   00000040    r-x .vectors
70040000    70040000    000129c0   000129c0    r-x
  70040000    70040000    0000fba0   0000fba0    r-x .text
  7004fba0    7004fba0    00002e20   00002e20    r-- .rodata
700529c0    700529c0    0000ebb0   00000000    rw-
  700529c0    700529c0    00002bb0   00000000    rw- .bss
  70055570    70055570    00008000   00000000    rw- .sysmem
  7005d570    7005d570    00004000   00000000    rw- .stack
70061570    70061570    00001130   00001130    r-x
  70061570    70061570    000008d8   000008d8    r-x .text.hwi
  70061e48    70061e48    00000430   00000430    r-x .text.cache
  70062278    70062278    00000290   00000290    r-x .text.mpu
  70062508    70062508    00000190   00000190    r-x .text.boot
  70062698    70062698    00000008   00000008    r-x .text:abort
700626a0    700626a0    00001cd8   000008d8    rw-
  700626a0    700626a0    000008d8   000008d8    rw- .data
  70062f78    70062f78    00000100   00000000    rw- .irqstack
  70063078    70063078    00000100   00000000    rw- .fiqstack
  70063178    70063178    00001000   00000000    rw- .svcstack
  70064178    70064178    00000100   00000000    rw- .abortstack
  70064278    70064278    00000100   00000000    rw- .undefinedstack


SECTION ALLOCATION MAP

 output                                  attributes/
section   page    origin      length       input sections
--------  ----  ----------  ----------   ----------------
.vectors   0    00000000    00000040     
                  00000000    00000040     nortos.am263px.r5f.ti-arm-clang.release.lib : HwiP_armv7r_vectors_nortos_asm.obj (.vectors)

.text      0    70040000    0000fba0     
                  70040000    00001328     libc.a : _scanfi.c.obj (.text.__TI_scanfi)
                  70041328    00000756     ti_drivers_open_close.o (.text.Drivers_adcOpen)
                  70041a7e    00000002     ti_board_config.o (.text.Board_deinit)
                  70041a80    00000580     nortos.am263px.r5f.ti-arm-clang.release.lib : printf.obj (.text._vsnprintf)
                  70042000    000004d4     libc.a : strtod.c.obj (.text.strtod)
                  700424d4    000004cc     drivers.am263px.r5f.ti-arm-clang.release.lib : soc_rcm.obj (.text.SOC_rcmEnablePeripheralClock)
                  700429a0    00000444                                                  : i2c_v1_lld.obj (.text.I2C_lld_primeTransferPoll)
                  70042de4    00000004     nortos.am263px.r5f.ti-arm-clang.release.lib : ClockP_nortos_r5.obj (.text.ClockP_getTimerCount)
                  70042de8    00000400                                                 : printf.obj (.text._ftoa)
                  700431e8    000003b8     testing.o (.text.conduct_test)
                  700435a0    00000390     libc.a : strcmp32.S.obj (.text:strcmp)
                  70043930    0000034c     pmic_blackbird.am263px.r5f.ti-arm-clang.release.lib : pmic_power.obj (.text.Pmic_pwrSetLdoCfg)
                  70043c7c    00000004     nortos.am263px.r5f.ti-arm-clang.release.lib : ClockP_nortos_r5.obj (.text.ClockP_timerClearOverflowInt)
                  70043c80    00000310                                                 : printf.obj (.text._etoa)
                  70043f90    000002a8     drivers.am263px.r5f.ti-arm-clang.release.lib : uart_v0.obj (.text.UART_open)
                  70044238    00000298                                                  : mcspi_v0.obj (.text.MCSPI_open)
                  700444d0    0000027c                                                  : edma.obj (.text.EDMA_init)
                  7004474c    0000027c     libc.a : strtoll.c.obj (.text.strtoll)
                  700449c8    00000250     drivers.am263px.r5f.ti-arm-clang.release.lib : soc_rcm.obj (.text.SOC_rcmSetPeripheralClock)
                  70044c18    00000248     libc.a : strtoull.c.obj (.text.strtoull)
                  70044e60    0000023c     drivers.am263px.r5f.ti-arm-clang.release.lib : uart_v0_lld.obj (.text.UART_configInstance)
                  7004509c    00000230                                                  : mcspi_dma_edma.obj (.text.MCSPI_lld_dmaTransfer)
                  700452cc    00000212     ti_drivers_config.o (.text.GPIO_init)
                  700454de    00000002     ti_board_config.o (.text.Board_init)
                  700454e0    00000210     drivers.am263px.r5f.ti-arm-clang.release.lib : i2c_v1.obj (.text.I2C_open)
                  700456f0    0000020c                                                  : edma.obj (.text.EDMA_errorIsrFxn)
                  700458fc    0000020c                                                  : mcspi_v0_lld.obj (.text.MCSPI_transferControllerPoll)
                  70045b08    00000204                                                  : edma.obj (.text.EDMA_freeChannelRegion)
                  70045d0c    000001f8     libc.a : strtol.c.obj (.text.strtol)
                  70045f04    000001ec            : strtoul.c.obj (.text.strtoul)
                  700460f0    000001e8     drivers.am263px.r5f.ti-arm-clang.release.lib : mcspi_v0_lld.obj (.text.MCSPI_lld_controllerIsr)
                  700462d8    000001d0     libclang_rt.builtins.a : udivsi3.S.obj (.text.__udivsi3)
                  700464a8    000001c0     drivers.am263px.r5f.ti-arm-clang.release.lib : mcspi_dma_edma.obj (.text.MCSPI_lld_dmaChInit)
                  70046668    000001b4                                                  : i2c_v1_lld.obj (.text.I2C_lld_targetIsr)
                  7004681c    000001ae                                                  : i2c_v1_lld.obj (.text.I2C_lld_controllerIsr)
                  700469ca    00000002     nortos.am263px.r5f.ti-arm-clang.release.lib : DebugP_nortos.obj (.text.DebugP_shmLogReaderTaskCreate)
                  700469cc    000001a8     drivers.am263px.r5f.ti-arm-clang.release.lib : mcspi_v0_lld.obj (.text.MCSPI_lld_chConfig)
                  70046b74    000001a8     libc.a : memory.c.obj (.text.free)
                  70046d1c    000001a4            : memory.c.obj (.text.aligned_alloc)
                  70046ec0    00000194     drivers.am263px.r5f.ti-arm-clang.release.lib : uart_dma_edma.obj (.text.UART_lld_dmaInit)
                  70047054    00000190                                                  : mcspi_v0.obj (.text.MCSPI_transfer)
                  700471e4    00000188     BQ25751.o (.text.BQ25751_manual_register_write)
                  7004736c    00000188     BQ25856.o (.text.BQ25856_manual_register_write)
                  700474f4    00000188     drivers.am263px.r5f.ti-arm-clang.release.lib : i2c_v1.obj (.text.I2C_transfer)
                  7004767c    00000186     BQ25751.o (.text.PPMC_run_test_mode)
                  70047802    00000002     ti_dpl_config.o (.text.Dpl_deinit)
                  70047804    00000164     drivers.am263px.r5f.ti-arm-clang.release.lib : edma.obj (.text.EDMA_open)
                  70047968    00000160                                                  : edma.obj (.text.EDMA_deinit)
                  70047ac8    00000150     libc.a : s_scalbn.c.obj (.text.scalbn)
                  70047c18    0000014e     drivers.am263px.r5f.ti-arm-clang.release.lib : uart_dma_edma.obj (.text.UART_lld_dmaDeInit)
                  70047d66    0000014c                                                  : mcspi_dma_edma.obj (.text.MCSPI_lld_dmaDeInit)
                  70047eb2    00000002     nortos.am263px.r5f.ti-arm-clang.release.lib : SemaphoreP_nortos.obj (.text.SemaphoreP_destruct)
                  70047eb4    0000014c     PDMtesting.o (.text.PDM_testing)
                  70048000    00000144     libc.a : setvbuf.c.obj (.text.setvbuf)
                  70048144    00000140     nortos.am263px.r5f.ti-arm-clang.release.lib : TimerP_rti_priv.obj (.text.TimerP_setupPriv)
                  70048284    0000013c     drivers.am263px.r5f.ti-arm-clang.release.lib : soc.obj (.text.SOC_virtToPhy)
                  700483c0    00000138                                                  : uart_v0.obj (.text.UART_close)
                  700484f8    00000134                                                  : mcspi_v0_lld.obj (.text.MCSPI_lld_readWrite)
                  7004862c    00000132     BQ25751.o (.text.BQ25751_manual_register_read)
                  7004875e    00000132     BQ25856.o (.text.BQ25856_manual_register_read)
                  70048890    00000132     nortos.am263px.r5f.ti-arm-clang.release.lib : printf.obj (.text._ntoa_format)
                  700489c2    00000002                                                 : TaskP_nortos.obj (.text.TaskP_yield)
                  700489c4    00000126     int_adc.o (.text.read_int_ADC)
                  70048aea    0000011c     drivers.am263px.r5f.ti-arm-clang.release.lib : mcspi_v0_lld.obj (.text.MCSPI_lld_readWriteIntr)
                  70048c06    0000011a                                                  : uart_v0_lld.obj (.text.UART_lld_controllerIsr)
                  70048d20    00000118                                                  : edma.obj (.text.Alloc_resource)
                  70048e38    00000118     libclang_rt.builtins.a : udivmoddi4.S.obj (.text)
                  70048f50    00000114     ti_drivers_config.o (.text.GPIO_deinit)
                  70049064    00000114     drivers.am263px.r5f.ti-arm-clang.release.lib : soc_rcm.obj (.text.SOC_rcmGetPeripheralClockFrequency)
                  70049178    00000112     board.o (.text.GPIO_bankIsrFxn)
                  7004928a    0000010e     drivers.am263px.r5f.ti-arm-clang.release.lib : uart_v0_lld.obj (.text.UART_lld_write)
                  70049398    0000010c     pmic_blackbird.am263px.r5f.ti-arm-clang.release.lib : pmic.obj (.text.Pmic_init)
                  700494a4    00000108     drivers.am263px.r5f.ti-arm-clang.release.lib : edma.obj (.text.EDMA_transferCompletionMasterIsrFxn)
                  700495ac    00000108                                                  : uart_v0.obj (.text.UART_read)
                  700496b4    00000106                                                  : mcspi_v0_lld.obj (.text.MCSPI_continuePeripheralTxRx)
                  700497ba    00000104     nortos.am263px.r5f.ti-arm-clang.release.lib : ClockP_nortos_r5.obj (.text.ClockP_init)
                  700498be    00000002     drivers.am263px.r5f.ti-arm-clang.release.lib : uart_dma_edma.obj (.text.UART_edmaDoNothing)
                  700498c0    00000104                                                  : uart_dma_edma.obj (.text.UART_lld_dmaWrite)
                  700499c4    00000100                                                  : mcspi_v0.obj (.text.MCSPI_close)
                  70049ac4    000000fc                                                  : uart_v0.obj (.text.UART_write)
                  70049bc0    000000f4                                                  : mcspi_v0_lld.obj (.text.MCSPI_lld_initDma)
                  70049cb4    000000f0     libc.a : fputc.c.obj (.text.fputc)
                  70049da4    000000f0     board.o (.text.init_gpio)
                  70049e94    000000e6     drivers.am263px.r5f.ti-arm-clang.release.lib : mcspi_dma_edma.obj (.text.MCSPI_edmaIsrTx)
                  70049f7a    000000e6                                                  : mcspi_v0_lld.obj (.text.MCSPI_lld_readWriteDma)
                  7004a060    000000d6     board.o (.text.init_global_interrupts)
                  7004a136    00000002     drivers.am263px.r5f.ti-arm-clang.release.lib : uart_v0.obj (.text.UART_lld_errorCallback)
                  7004a138    000000d4     libc.a : sscanf.c.obj (.text._chkmbc)
                  7004a20c    000000d4     logger.o (.text.print_log)
                  7004a2e0    000000d0     drivers.am263px.r5f.ti-arm-clang.release.lib : edma.obj (.text.EDMA_unregisterIntr)
                  7004a3b0    000000cc                                                  : uart_v0_lld.obj (.text.UART_lld_initDma)
                  7004a47c    000000c8     libc.a : getdevice.c.obj (.text.getdevice)
                  7004a544    000000c4     drivers.am263px.r5f.ti-arm-clang.release.lib : i2c_v1_lld.obj (.text.I2C_lld_mem_write)
                  7004a608    000000c4                                                  : i2c_v1_lld.obj (.text.I2C_lld_primeTransferIntr)
                  7004a6cc    000000c4                                                  : mcspi_v0_lld.obj (.text.MCSPI_lld_init)
                  7004a790    000000c0     BQ25751.o (.text.BQ25751_read_reg)
                  7004a850    000000c0     BQ25856.o (.text.BQ25856_read_reg)
                  7004a910    000000c0     drivers.am263px.r5f.ti-arm-clang.release.lib : i2c_v1_lld.obj (.text.I2C_lld_mem_read)
                  7004a9d0    000000c0                                                  : uart_v0_lld.obj (.text.UART_lld_init)
                  7004aa90    000000be     ioexp_tca6424.o (.text.TCA6424_config)
                  7004ab4e    000000be     ioexp_tca6424.o (.text.TCA6424_setOutput)
                  7004ac0c    000000bc     drivers.am263px.r5f.ti-arm-clang.release.lib : edma.obj (.text.EDMA_registerIntr)
                  7004acc8    000000b4     libc.a : fseek.c.obj (.text.fseeko)
                  7004ad7c    000000b0            : fclose.c.obj (.text.__TI_closefile)
                  7004ae2c    000000b0     nortos.am263px.r5f.ti-arm-clang.release.lib : printf.obj (.text._ntoa_long_long)
                  7004aedc    000000ac     drivers.am263px.r5f.ti-arm-clang.release.lib : soc_rcm.obj (.text.SOC_rcmGetCoreHSDivOut)
                  7004af88    000000ac                                                  : uart_v0_lld.obj (.text.UART_divisorLatchWrite)
                  7004b034    000000a8     nortos.am263px.r5f.ti-arm-clang.release.lib : DebugP_uartScanf.obj (.text.DebugP_readLine)
                  7004b0dc    000000a8     pmic_blackbird.am263px.r5f.ti-arm-clang.release.lib : pmic_tps653860xx.obj (.text.PMIC_tps653860xxOpen)
                  7004b184    000000a6     drivers.am263px.r5f.ti-arm-clang.release.lib : mcspi_dma_edma.obj (.text.MCSPI_edmaIsrRx)
                  7004b22a    000000a6     pmic_blackbird.am263px.r5f.ti-arm-clang.release.lib : pmic_tps653860xx.obj (.text.PMIC_mcspiReadRegister)
                  7004b2d0    000000a6     drivers.am263px.r5f.ti-arm-clang.release.lib : uart_v0_lld.obj (.text.UART_lld_read)
                  7004b376    000000a6     nortos.am263px.r5f.ti-arm-clang.release.lib : printf.obj (.text._out_rev)
                  7004b41c    000000a4     drivers.am263px.r5f.ti-arm-clang.release.lib : i2c_v1.obj (.text.I2C_close)
                  7004b4c0    000000a4                                                  : i2c_v1_lld.obj (.text.I2C_lld_mem_readIntr)
                  7004b564    000000a4                                                  : i2c_v1_lld.obj (.text.I2C_lld_mem_writeIntr)
                  7004b608    000000a4     libc.a : memory.c.obj (.text.split)
                  7004b6ac    000000a0     drivers.am263px.r5f.ti-arm-clang.release.lib : edma.obj (.text.EDMA_freeDmaChannel)
                  7004b74c    000000a0                                                  : edma.obj (.text.EDMA_freeParam)
                  7004b7ec    000000a0                                                  : edma.obj (.text.EDMA_freeTcc)
                  7004b88c    000000a0     libsysbm.a : hostrename.c.obj (.text.HOSTrename)
                  7004b92c    000000a0     drivers.am263px.r5f.ti-arm-clang.release.lib : uart_dma_edma.obj (.text.UART_lld_dmaRead)
                  7004b9cc    0000009c                                                  : uart_v0_lld.obj (.text.UART_lld_readIntr)
                  7004ba68    0000009c     libc.a : _io_perm.c.obj (.text.__TI_wrt_ok)
                  7004bb04    0000009a     ti_board_open_close.o (.text.Board_ioexpOpen)
                  7004bb9e    0000009a     pmic_blackbird.am263px.r5f.ti-arm-clang.release.lib : pmic_tps653860xx.obj (.text.PMIC_mcspiWriteRegister)
                  7004bc38    00000098     libsysbm.a : hostlseek.c.obj (.text.HOSTlseek)
                  7004bcd0    00000098     drivers.am263px.r5f.ti-arm-clang.release.lib : i2c_v1.obj (.text.I2C_primeTransfer)
                  7004bd68    00000096     BQ25751.o (.text.BQ25751_write_reg)
                  7004bdfe    00000096     BQ25856.o (.text.BQ25856_write_reg)
                  7004be94    00000096     nortos.am263px.r5f.ti-arm-clang.release.lib : SemaphoreP_nortos.obj (.text.SemaphoreP_pend)
                  7004bf2a    00000094     ti_drivers_open_close.o (.text.Drivers_open)
                  7004bfbe    00000094     drivers.am263px.r5f.ti-arm-clang.release.lib : edma.obj (.text.EDMA_configureChannelRegion)
                  7004c052    00000002     nortos.am263px.r5f.ti-arm-clang.release.lib : printf.obj (.text._out_null)
                  7004c054    00000094     libsysbm.a : hostopen.c.obj (.text.HOSTopen)
                  7004c0e8    00000094     drivers.am263px.r5f.ti-arm-clang.release.lib : i2c_v1_lld.obj (.text.I2C_lld_init)
                  7004c17c    00000094     ADS_adc.o (.text.SPI_ReadWrite)
                  7004c210    00000094     drivers.am263px.r5f.ti-arm-clang.release.lib : uart_v0_lld.obj (.text.UART_lld_readWithCounter)
                  7004c2a4    00000090                                                  : mcspi_v0_lld.obj (.text.MCSPI_setFifoConfig)
                  7004c334    0000008e     nortos.am263px.r5f.ti-arm-clang.release.lib : printf.obj (.text._ntoa_long)
                  7004c3c2    0000008c     drivers.am263px.r5f.ti-arm-clang.release.lib : mcspi_v0_lld.obj (.text.MCSPI_lld_peripheralIsr)
                  7004c44e    00000002     --HOLE-- [fill = 0]
                  7004c450    0000008c     libsysbm.a : close.c.obj (.text.close)
                  7004c4dc    0000008c     i2c_helper.o (.text.i2c_read_error_handler)
                  7004c568    00000088     drivers.am263px.r5f.ti-arm-clang.release.lib : adc.obj (.text.ADC_setPPBTripLimits)
                  7004c5f0    00000088                                                  : uart_v0.obj (.text.UART_init)
                  7004c678    00000088                                                  : uart_v0_lld.obj (.text.UART_procLineStatusErr)
                  7004c700    00000088     libc.a : fflush.c.obj (.text.__TI_doflush)
                  7004c788    00000084     libsysbm.a : hostread.c.obj (.text.HOSTread)
                  7004c80c    00000084                : hostwrite.c.obj (.text.HOSTwrite)
                  7004c890    00000084     drivers.am263px.r5f.ti-arm-clang.release.lib : mcspi_v0_lld.obj (.text.MCSPI_setPeripheralFifoConfig)
                  7004c914    00000080                                                  : edma.obj (.text.EDMA_close)
                  7004c994    00000080                                                  : uart_v0.obj (.text.UART_flushTxFifo)
                  7004ca14    0000007e     ti_drivers_open_close.o (.text.Drivers_mcspiOpen)
                  7004ca92    0000007e     drivers.am263px.r5f.ti-arm-clang.release.lib : mcspi_v0_lld.obj (.text.MCSPI_fifoRead)
                  7004cb10    0000007e                                                  : mcspi_v0_lld.obj (.text.MCSPI_transferPeripheralPoll)
                  7004cb8e    0000007a                                                  : mcspi_v0_lld.obj (.text.MCSPI_initiateLastChunkTransfer)
                  7004cc08    00000078                                                  : mcspi_v0.obj (.text.MCSPI_init)
                  7004cc80    00000076     ti_board_open_close.o (.text.Board_pmicOpen)
                  7004ccf6    00000076     drivers.am263px.r5f.ti-arm-clang.release.lib : uart_v0_lld.obj (.text.UART_readDataPolling)
                  7004cd6c    00000072                                                  : mcspi_v0_lld.obj (.text.MCSPI_fifoWrite)
                  7004cdde    00000072                                                  : mcspi_v0_lld.obj (.text.MCSPI_stop)
                  7004ce50    00000070                                                  : mcspi_dma_edma.obj (.text.MCSPI_lld_dmaStop)
                  7004cec0    00000070     pmic_blackbird.am263px.r5f.ti-arm-clang.release.lib : pmic_tps653860xx.obj (.text.PMIC_tps653860xxConfigure)
                  7004cf30    00000070                                                         : pmic_io.obj (.text.Pmic_ioTxByte)
                  7004cfa0    0000006e     BQ25751.o (.text.BQ25751_read_faults)
                  7004d00e    0000006e     drivers.am263px.r5f.ti-arm-clang.release.lib : edma.obj (.text.EDMA_disableTransferRegion)
                  7004d07c    0000006e                                                  : edma.obj (.text.EDMA_enableTransferRegion)
                  7004d0ea    00000002     --HOLE-- [fill = 0]
                  7004d0ec    0000006c     libsysbm.a : hostunlink.c.obj (.text.HOSTunlink)
                  7004d158    0000006c     drivers.am263px.r5f.ti-arm-clang.release.lib : uart_v0_lld.obj (.text.UART_lld_writeDma)
                  7004d1c4    0000006a     ti_drivers_open_close.o (.text.Drivers_i2cOpen)
                  7004d22e    00000068     drivers.am263px.r5f.ti-arm-clang.release.lib : uart_v0_lld.obj (.text.UART_lld_readDma)
                  7004d296    00000068                                                  : uart_v0_lld.obj (.text.UART_lld_writeIntr)
                  7004d2fe    00000002     --HOLE-- [fill = 0]
                  7004d300    00000068     libc.a : atoi.c.obj (.text.atoi)
                  7004d368    00000068     board.o (.text.digitalWrite)
                  7004d3d0    00000066     pmic_blackbird.am263px.r5f.ti-arm-clang.release.lib : pmic_core.obj (.text.Pmic_getLockCfg)
                  7004d436    00000066     nortos.am263px.r5f.ti-arm-clang.release.lib : PmuP_armv7r.obj (.text.pmu)
                  7004d49c    00000064     drivers.am263px.r5f.ti-arm-clang.release.lib : soc.obj (.text.SOC_controlModuleUnlockMMR)
                  7004d500    00000064     logger.o (.text.add_log)
                  7004d564    00000064     board.o (.text.init_interrupt)
                  7004d5c8    00000062     BQ25856.o (.text.BQ25856_init)
                  7004d62a    00000002     --HOLE-- [fill = 0]
                  7004d62c    00000060     libsysbm.a : hostclose.c.obj (.text.HOSTclose)
                  7004d68c    00000060     libc.a : memory.c.obj (.text.calloc)
                  7004d6ec    0000005e     nortos.am263px.r5f.ti-arm-clang.release.lib : ClockP_nortos.obj (.text.ClockP_timerTickIsr)
                  7004d74a    0000005e     drivers.am263px.r5f.ti-arm-clang.release.lib : mcspi_v0_lld.obj (.text.MCSPI_setChDataSize)
                  7004d7a8    0000005c                                                  : gpio.obj (.text.GPIO_setTrigType)
                  7004d804    0000005c                                                  : mcspi_v0_lld.obj (.text.MCSPI_configInstance)
                  7004d860    0000005c     pmic_blackbird.am263px.r5f.ti-arm-clang.release.lib : pmic_core.obj (.text.Pmic_setRegLockState)
                  7004d8bc    0000005c     drivers.am263px.r5f.ti-arm-clang.release.lib : soc.obj (.text.SOC_controlModuleLockMMR)
                  7004d918    0000005c     nortos.am263px.r5f.ti-arm-clang.release.lib : DebugP_log.obj (.text._DebugP_assert)
                  7004d974    00000058     drivers.am263px.r5f.ti-arm-clang.release.lib : mcspi_dma_edma.obj (.text.MCSPI_edmaUpdateTransferParams)
                  7004d9cc    00000058     libc.a : fopen.c.obj (.text.__TI_cleanup)
                  7004da24    00000058     libsysbm.a : trgmsg.c.obj (.text.__TI_readmsg)
                  7004da7c    00000058                : trgmsg.c.obj (.text.__TI_writemsg)
                  7004dad4    00000058     logger.o (.text.print_pending_logs)
                  7004db2c    00000056     nortos.am263px.r5f.ti-arm-clang.release.lib : ClockP_nortos.obj (.text.ClockP_getTimeUsec)
                  7004db82    00000056     pmic_blackbird.am263px.r5f.ti-arm-clang.release.lib : pmic_tps653860xx.obj (.text.PMIC_regRead)
                  7004dbd8    00000056                                                         : pmic_tps653860xx.obj (.text.PMIC_regWrite)
                  7004dc2e    00000056     drivers.am263px.r5f.ti-arm-clang.release.lib : uart_v0_lld.obj (.text.UART_intrDisable)
                  7004dc84    00000056                                                  : uart_v0_lld.obj (.text.UART_readCancelNoCB)
                  7004dcda    00000056                                                  : uart_v0_lld.obj (.text.UART_writeCancelNoCB)
                  7004dd30    00000054     ti_dpl_config.o (.text.Dpl_init)
                  7004dd84    00000054     libc.a : exit.c.obj (.text.exit)
                  7004ddd8    00000054            : getdevice.c.obj (.text.finddevice)
                  7004de2c    00000054            : autoinit.c.obj (.text:__TI_auto_init_nobinit_nopinit)
                  7004de80    00000052     nortos.am263px.r5f.ti-arm-clang.release.lib : AddrTranslateP_32bit.obj (.text.AddrTranslateP_getLocalAddr)
                  7004ded2    00000052     drivers.am263px.r5f.ti-arm-clang.release.lib : i2c_v1.obj (.text.I2C_LLD_targetTransferCompleteCallback)
                  7004df24    00000052                                                  : mcspi_v0_lld.obj (.text.MCSPI_lld_deInitDma)
                  7004df76    00000050     BQ25751.o (.text.BQ25751_print_register_dump)
                  7004dfc6    00000050     BQ25856.o (.text.BQ25856_print_register_dump)
                  7004e016    00000050     nortos.am263px.r5f.ti-arm-clang.release.lib : ClockP_nortos.obj (.text.ClockP_construct)
                  7004e066    00000002     --HOLE-- [fill = 0]
                  7004e068    00000050     drivers.am263px.r5f.ti-arm-clang.release.lib : edma.obj (.text.EDMA_allocDmaChannel)
                  7004e0b8    00000050                                                  : edma.obj (.text.EDMA_allocParam)
                  7004e108    00000050                                                  : edma.obj (.text.EDMA_allocTcc)
                  7004e158    0000004e     nortos.am263px.r5f.ti-arm-clang.release.lib : ClockP_nortos.obj (.text.ClockP_addToList)
                  7004e1a6    0000004e     ti_drivers_open_close.o (.text.Drivers_edmaOpen)
                  7004e1f4    0000004e     ti_drivers_open_close.o (.text.Drivers_uartOpen)
                  7004e242    0000004e     drivers.am263px.r5f.ti-arm-clang.release.lib : edma.obj (.text.EDMA_disableChInShadowRegRegion)
                  7004e290    0000004c                                                  : mcspi_v0.obj (.text.MCSPI_transferCallback)
                  7004e2dc    0000004c                                                  : mcspi_v0_lld.obj (.text.MCSPI_transferControllerIntr)
                  7004e328    0000004c                                                  : soc.obj (.text.SOC_enableAdcReferenceMonitor)
                  7004e374    0000004c     pmic_test.o (.text.pmic_init)
                  7004e3c0    00000048     drivers.am263px.r5f.ti-arm-clang.release.lib : soc.obj (.text.SOC_enableAdcGlobalForce)
                  7004e408    00000048                                                  : soc.obj (.text.SOC_enableAdcInternalReference)
                  7004e450    00000048                                                  : uart_dma_edma.obj (.text.UART_edmaIsrRx)
                  7004e498    00000048     libsysbm.a : unlink.c.obj (.text.unlink)
                  7004e4e0    00000046     drivers.am263px.r5f.ti-arm-clang.release.lib : uart_dma_edma.obj (.text.UART_edmaIsrTx)
                  7004e526    00000044                                                  : i2c_v1.obj (.text.I2C_completeCurrTransfer)
                  7004e56a    00000002     --HOLE-- [fill = 0]
                  7004e56c    00000044                                                  : soc.obj (.text.SOC_getAdcReferenceStatus)
                  7004e5b0    00000044                                                  : uart_v0.obj (.text.UART_Params_init)
                  7004e5f4    00000044                                                  : uart_v0_lld.obj (.text.UART_lld_deInitDma)
                  7004e638    00000040     nortos.am263px.r5f.ti-arm-clang.release.lib : ClockP_nortos.obj (.text.ClockP_stop)
                  7004e678    00000040     drivers.am263px.r5f.ti-arm-clang.release.lib : edma.obj (.text.EDMA_mapChToEvtQ)
                  7004e6b8    00000040                                                  : pinmux.obj (.text.Pinmux_config)
                  7004e6f8    00000040     nortos.am263px.r5f.ti-arm-clang.release.lib : SemaphoreP_nortos.obj (.text.SemaphoreP_constructBinary)
                  7004e738    00000040     drivers.am263px.r5f.ti-arm-clang.release.lib : uart_v0_lld.obj (.text.UART_lld_deInit)
                  7004e778    00000040     libc.a : memory.c.obj (.text.free_list_insert)
                  7004e7b8    0000003e     drivers.am263px.r5f.ti-arm-clang.release.lib : i2c_v1_lld.obj (.text.I2C_lld_transferInit)
                  7004e7f6    0000003e     nortos.am263px.r5f.ti-arm-clang.release.lib : SemaphoreP_nortos.obj (.text.SemaphoreP_constructMutex)
                  7004e834    0000003c     drivers.am263px.r5f.ti-arm-clang.release.lib : edma.obj (.text.EDMA_getBaseAddr)
                  7004e870    0000003c                                                  : uart_v0_lld.obj (.text.UART_readData)
                  7004e8ac    0000003a     BQ25751.o (.text.BQ25751_init)
                  7004e8e6    0000003a     nortos.am263px.r5f.ti-arm-clang.release.lib : ClockP_nortos.obj (.text.ClockP_destruct)
                  7004e920    0000003a                                                 : DebugP_uartLogWriter.obj (.text.DebugP_uartLogWriterPutChar)
                  7004e95a    0000003a     ti_power_clock_config.o (.text.Module_clockSetFrequency)
                  7004e994    0000003a     ioexp_tca6424.o (.text.TCA6424_open)
                  7004e9ce    0000003a     drivers.am263px.r5f.ti-arm-clang.release.lib : uart_v0_lld.obj (.text.UART_lld_flushTxFifo)
                  7004ea08    00000038     pmic_blackbird.am263px.r5f.ti-arm-clang.release.lib : pmic_lld.obj (.text.PMIC_open)
                  7004ea40    00000038                                                         : pmic.obj (.text.Pmic_checkPmicCoreHandle)
                  7004ea78    00000038     drivers.am263px.r5f.ti-arm-clang.release.lib : soc_rcm.obj (.text.SOC_rcmADPLLJGetFOut)
                  7004eab0    00000038     nortos.am263px.r5f.ti-arm-clang.release.lib : DebugP_nortos.obj (.text._DebugP_logZone)
                  7004eae8    00000038                                                 : PmuP_armv7r_asm.obj (.text.pmu)
                  7004eb20    00000036     drivers.am263px.r5f.ti-arm-clang.release.lib : edma.obj (.text.EDMA_clrMissEvtRegion)
                  7004eb56    00000034     nortos.am263px.r5f.ti-arm-clang.release.lib : ClockP_nortos.obj (.text.ClockP_start)
                  7004eb8a    00000002     --HOLE-- [fill = 0]
                  7004eb8c    00000034     drivers.am263px.r5f.ti-arm-clang.release.lib : i2c_v1.obj (.text.I2C_init)
                  7004ebc0    00000034                                                  : mcspi_v0.obj (.text.MCSPI_errorCallback)
                  7004ebf4    00000034     ti_power_clock_config.o (.text.Module_clockDisable)
                  7004ec28    00000034     ti_power_clock_config.o (.text.Module_clockEnable)
                  7004ec5c    00000034     pmic_blackbird.am263px.r5f.ti-arm-clang.release.lib : pmic_io.obj (.text.Pmic_ioRxByte)
                  7004ec90    00000034     drivers.am263px.r5f.ti-arm-clang.release.lib : soc.obj (.text.SOC_enableAdcDacLoopback)
                  7004ecc4    00000034                                                  : soc_rcm.obj (.text.SOC_rcmGetModuleClkDivVal)
                  7004ecf8    00000034     libc.a : memory.c.obj (.text.free_list_remove)
                  7004ed2c    00000034     libsysbm.a : lseek.c.obj (.text.lseek)
                  7004ed60    00000034                : write.c.obj (.text.write)
                  7004ed94    00000032     nortos.am263px.r5f.ti-arm-clang.release.lib : ClockP_nortos.obj (.text.ClockP_usleep)
                  7004edc6    00000032     drivers.am263px.r5f.ti-arm-clang.release.lib : edma.obj (.text.EDMA_unmapChToEvtQ)
                  7004edf8    00000032     nortos.am263px.r5f.ti-arm-clang.release.lib : SemaphoreP_nortos.obj (.text.SemaphoreP_post)
                  7004ee2a    00000030                                                 : DebugP_uartScanf.obj (.text.DebugP_scanf)
                  7004ee5a    00000030     ti_drivers_open_close.o (.text.Drivers_mcspiClose)
                  7004ee8a    00000030     drivers.am263px.r5f.ti-arm-clang.release.lib : i2c_v1_lld.obj (.text.I2CControllerInitExpClk)
                  7004eeba    00000030                                                  : uart_v0.obj (.text.UART_lld_writeCompleteCallback)
                  7004eeea    00000002     --HOLE-- [fill = 0]
                  7004eeec    00000030     int_adc.o (.text.adc_to_current_LM74930)
                  7004ef1c    0000002e     drivers.am263px.r5f.ti-arm-clang.release.lib : edma.obj (.text.EDMA_enableChInShadowRegRegion)
                  7004ef4a    0000002e                                                  : i2c_v1_lld.obj (.text.I2C_lld_deInit)
                  7004ef78    0000002e     ti_drivers_config.o (.text.System_init)
                  7004efa6    0000002e     drivers.am263px.r5f.ti-arm-clang.release.lib : uart_v0.obj (.text.UART_lld_readCompleteCallback)
                  7004efd4    0000002c     nortos.am263px.r5f.ti-arm-clang.release.lib : DebugP_shmLogReader.obj (.text.DebugP_shmLogReaderInit)
                  7004f000    0000002c     drivers.am263px.r5f.ti-arm-clang.release.lib : i2c_v1.obj (.text.I2C_getHandle)
                  7004f02c    0000002c                                                  : mcspi_v0.obj (.text.MCSPI_getHandle)
                  7004f058    0000002c     pmic_blackbird.am263px.r5f.ti-arm-clang.release.lib : pmic_tps653860xx.obj (.text.PMIC_getCoreHandle)
                  7004f084    0000002c     drivers.am263px.r5f.ti-arm-clang.release.lib : soc_rcm.obj (.text.SOC_rcmGetR5Clock)
                  7004f0b0    0000002c                                                  : uart_v0.obj (.text.UART_getHandle)
                  7004f0dc    0000002c     ADS_adc.o (.text.adc_to_current_HSS_MB)
                  7004f108    0000002c     ADS_adc.o (.text.adc_to_current_TPS)
                  7004f134    0000002c     libc.a : sscanf.c.obj (.text.vsscanf)
                  7004f160    0000002a     pmic_test.o (.text.pmic_write_reg)
                  7004f18a    00000028     nortos.am263px.r5f.ti-arm-clang.release.lib : ClockP_nortos.obj (.text.ClockP_sleepTicks)
                  7004f1b2    00000028     drivers.am263px.r5f.ti-arm-clang.release.lib : gpio.obj (.text.GPIO_setDirMode)
                  7004f1da    00000028                                                  : mcspi_v0_lld.obj (.text.MCSPI_fifoReadMultiWord)
                  7004f202    00000028     pmic_blackbird.am263px.r5f.ti-arm-clang.release.lib : pmic_tps653860xx.obj (.text.PMIC_tps653860xxClose)
                  7004f22a    00000002     --HOLE-- [fill = 0]
                  7004f22c    00000028     drivers.am263px.r5f.ti-arm-clang.release.lib : soc.obj (.text.SOC_moduleSetClockFrequency)
                  7004f254    00000028     ADS_adc.o (.text.read_ext_ADC)
                  7004f27c    00000026     nortos.am263px.r5f.ti-arm-clang.release.lib : ClockP_nortos.obj (.text.ClockP_sleep)
                  7004f2a2    00000026     drivers.am263px.r5f.ti-arm-clang.release.lib : edma.obj (.text.EDMA_setPaRAM)
                  7004f2c8    00000026                                                  : i2c_v1_lld.obj (.text.I2C_lld_transferIntr)
                  7004f2ee    00000026                                                  : i2c_v1_lld.obj (.text.I2C_lld_transferPoll)
                  7004f314    00000026                                                  : uart_dma_edma.obj (.text.UART_lld_dmaDisableChannel)
                  7004f33a    00000024                                                  : mcspi_v0_lld.obj (.text.MCSPI_fifoWriteMultiWord)
                  7004f35e    00000002     --HOLE-- [fill = 0]
                  7004f360    00000024                                                  : uart_v0_lld.obj (.text.UART_IsHWFlowCtrlValid)
                  7004f384    00000024                                                  : uart_v0_lld.obj (.text.UART_IsRxTrigLvlValid)
                  7004f3a8    00000024                                                  : uart_v0_lld.obj (.text.UART_IsTxTrigLvlValid)
                  7004f3cc    00000024     libclang_rt.builtins.a : aeabi_uldivmod.S.obj (.text.__aeabi_uldivmod)
                  7004f3f0    00000024     int_adc.o (.text.int_adc_to_voltage)
                  7004f414    00000024     nortos.am263px.r5f.ti-arm-clang.release.lib : printf.obj (.text.vprintf_)
                  7004f438    00000022     drivers.am263px.r5f.ti-arm-clang.release.lib : edma.obj (.text.EDMA_linkChannel)
                  7004f45a    00000022                                                  : mcspi_v0_lld.obj (.text.MCSPI_transferPeripheralIntr)
                  7004f47c    00000022     pmic_blackbird.am263px.r5f.ti-arm-clang.release.lib : pmic.obj (.text.Pmic_deinit)
                  7004f49e    00000022     ti_drivers_config.o (.text.System_deinit)
                  7004f4c0    00000022     logger.o (.text.print_logs)
                  7004f4e2    00000020     nortos.am263px.r5f.ti-arm-clang.release.lib : DebugP_log.obj (.text.DebugP_logZoneEnable)
                  7004f502    00000002     --HOLE-- [fill = 0]
                  7004f504    00000020     drivers.am263px.r5f.ti-arm-clang.release.lib : i2c_v1_lld.obj (.text.I2C_lld_Message_init)
                  7004f524    00000020                                                  : mcspi_v0_lld.obj (.text.MCSPI_fifoRead32)
                  7004f544    00000020     nortos.am263px.r5f.ti-arm-clang.release.lib : TimerP_rti_priv.obj (.text.TimerP_Params_initPriv)
                  7004f564    00000020     drivers.am263px.r5f.ti-arm-clang.release.lib : uart_v0_lld.obj (.text.UART_getChar)
                  7004f584    0000001e     ti_board_open_close.o (.text.Board_driversOpen)
                  7004f5a2    0000001e     ioexp_tca6424.o (.text.TCA6424_close)
                  7004f5c0    0000001e     drivers.am263px.r5f.ti-arm-clang.release.lib : uart_v0_lld.obj (.text.UART_spaceAvail)
                  7004f5de    0000001e                                                  : uart_v0_lld.obj (.text.UART_statusIsDataReady)
                  7004f5fc    0000001c                                                  : i2c_v1.obj (.text.I2C_hwiFxn)
                  7004f618    0000001c                                                  : mcspi_v0_lld.obj (.text.MCSPI_fifoWrite32)
                  7004f634    0000001c                                                  : mcspi_v0_lld.obj (.text.MCSPI_getFifoTrigLvl)
                  7004f650    0000001c                                                  : mcspi_v0_lld.obj (.text.MCSPI_lld_deInit)
                  7004f66c    0000001c     pmic_blackbird.am263px.r5f.ti-arm-clang.release.lib : pmic_core.obj (.text.Pmic_getRegLockState)
                  7004f688    0000001c     drivers.am263px.r5f.ti-arm-clang.release.lib : soc_rcm.obj (.text.SOC_rcmIsR5FInLockStepMode)
                  7004f6a4    0000001c     libc.a : sscanf.c.obj (.text._inpchar)
                  7004f6c0    0000001c     main.o (.text.main)
                  7004f6dc    0000001c     libsysbm.a : hostrename.c.obj (.text.strcpy)
                  7004f6f8    0000001c                : hostrename.c.obj (.text.strlen)
                  7004f714    0000001c     libc.a : memcpy32.S.obj (.text:TI_memcpy_small)
                  7004f730    0000001a     nortos.am263px.r5f.ti-arm-clang.release.lib : CpuId_armv7r.obj (.text.CSL_armR5GetCpuID)
                  7004f74a    0000001a     ti_board_open_close.o (.text.Drivers_pmicOpen)
                  7004f764    0000001a     drivers.am263px.r5f.ti-arm-clang.release.lib : edma.obj (.text.EDMA_readEventStatusRegion)
                  7004f77e    0000001a                                                  : uart_v0_lld.obj (.text.UART_enhanFuncEnable)
                  7004f798    00000018                                                  : i2c_v1.obj (.text.I2C_deinit)
                  7004f7b0    00000018                                                  : mcspi_v0.obj (.text.MCSPI_deinit)
                  7004f7c8    00000018                                                  : mcspi_dma_edma.obj (.text.MCSPI_lld_dmaInit)
                  7004f7e0    00000018     nortos.am263px.r5f.ti-arm-clang.release.lib : TimerP_rti_priv.obj (.text.TimerP_getCountPriv)
                  7004f7f8    00000018     drivers.am263px.r5f.ti-arm-clang.release.lib : uart_v0.obj (.text.UART_deinit)
                  7004f810    00000018     logger.o (.text.clear_logs)
                  7004f828    00000018     libc.a : memset32.S.obj (.text:TI_memset_small)
                  7004f840    00000016     drivers.am263px.r5f.ti-arm-clang.release.lib : i2c_v1_lld.obj (.text.I2C_lld_Transaction_init)
                  7004f856    00000016                                                  : mcspi_v0_lld.obj (.text.MCSPI_reset)
                  7004f86c    00000016                                                  : uart_v0_lld.obj (.text.UART_IsTxRxFifoEmpty)
                  7004f882    00000016                                                  : uart_v0_lld.obj (.text.UART_getIntrIdentityStatus)
                  7004f898    00000016                                                  : uart_v0_lld.obj (.text.UART_getRxError)
                  7004f8ae    00000014     nortos.am263px.r5f.ti-arm-clang.release.lib : ClockP_nortos.obj (.text.ClockP_usecToTicks)
                  7004f8c2    00000014     drivers.am263px.r5f.ti-arm-clang.release.lib : edma.obj (.text.EDMA_getRegionId)
                  7004f8d6    00000014                                                  : uart_v0.obj (.text.UART_Transaction_init)
                  7004f8ea    00000014                                                  : uart_v0_lld.obj (.text.UART_enhanFuncBitValRestore)
                  7004f8fe    00000012                                                  : adc.obj (.text.ADC_setMode)
                  7004f910    00000012                                                  : i2c_v1.obj (.text.I2C_LLD_transferCompleteCallback)
                  7004f922    00000012     pmic_blackbird.am263px.r5f.ti-arm-clang.release.lib : pmic_lld.obj (.text.PMIC_configure)
                  7004f934    00000012     drivers.am263px.r5f.ti-arm-clang.release.lib : uart_v0_lld.obj (.text.UART_hardwareFlowCtrlOptSet)
                  7004f946    00000012                                                  : uart_v0_lld.obj (.text.UART_operatingModeSelect)
                  7004f958    00000012                                                  : uart_v0_lld.obj (.text.UART_readLineStatus)
                  7004f96a    00000012     ti_dpl_config.o (.text.putchar_)
                  7004f97c    00000010     drivers.am263px.r5f.ti-arm-clang.release.lib : gpio.obj (.text.GPIO_bankIntrDisable)
                  7004f98c    00000010     pmic_blackbird.am263px.r5f.ti-arm-clang.release.lib : pmic_tps653860xx.obj (.text.PMIC_criticalSectionStartFn)
                  7004f99c    00000010     drivers.am263px.r5f.ti-arm-clang.release.lib : uart_v0_lld.obj (.text.UART_intr2Disable)
                  7004f9ac    00000010     libclang_rt.builtins.a : aeabi_memset.S.obj (.text.__aeabi_memset)
                  7004f9bc    00000010     libc.a : sscanf.c.obj (.text._uninpchar)
                  7004f9cc    00000010            : fputc.c.obj (.text.putchar)
                  7004f9dc    0000000e     drivers.am263px.r5f.ti-arm-clang.release.lib : edma.obj (.text.EDMA_ccPaRAMEntry_init)
                  7004f9ea    0000000e                                                  : gpio.obj (.text.GPIO_bankIntrEnable)
                  7004f9f8    0000000e                                                  : i2c_v1.obj (.text.I2C_transferCallback)
                  7004fa06    0000000e     pmic_blackbird.am263px.r5f.ti-arm-clang.release.lib : pmic_lld.obj (.text.PMIC_close)
                  7004fa14    0000000e     ti_pinmux_config.o (.text.Pinmux_init)
                  7004fa22    0000000e     ti_power_clock_config.o (.text.PowerClock_init)
                  7004fa30    0000000c     nortos.am263px.r5f.ti-arm-clang.release.lib : ClockP_nortos.obj (.text.ClockP_getTicks)
                  7004fa3c    0000000c                                                 : DebugP_uartLogWriter.obj (.text.DebugP_uartSetDrvIndex)
                  7004fa48    0000000c     drivers.am263px.r5f.ti-arm-clang.release.lib : edma.obj (.text.EDMA_isInitialized)
                  7004fa54    0000000c                                                  : i2c_v1.obj (.text.I2C_Transaction_init)
                  7004fa60    0000000c     pmic_blackbird.am263px.r5f.ti-arm-clang.release.lib : pmic_tps653860xx.obj (.text.PMIC_criticalSectionStopFn)
                  7004fa6c    0000000c     drivers.am263px.r5f.ti-arm-clang.release.lib : soc.obj (.text.SOC_getSelfCpuClk)
                  7004fa78    0000000c     ioexp_tca6424.o (.text.TCA6424_Params_init)
                  7004fa84    0000000c     libc.a : aeabi_portable.c.obj (.text.__aeabi_errno_addr)
                  7004fa90    0000000c     libclang_rt.builtins.a : aeabi_memset.S.obj (.text.__aeabi_memclr)
                  7004fa9c    0000000c     libc.a : memory.c.obj (.text.malloc)
                  7004faa8    0000000c     nortos.am263px.r5f.ti-arm-clang.release.lib : CpuId_armv7r_asm.obj (.text)
                  7004fab4    0000000a                                                 : ClockP_nortos.obj (.text.ClockP_Params_init)
                  7004fabe    00000002     --HOLE-- [fill = 0]
                  7004fac0    0000000c     libc.a : strcmp32.S.obj (.text)
                  7004facc    0000000a     nortos.am263px.r5f.ti-arm-clang.release.lib : ClockP_nortos.obj (.text.ClockP_isActive)
                  7004fad6    0000000a                                                 : TimerP_rti_priv.obj (.text.TimerP_getReloadCountPriv)
                  7004fae0    0000000a                                                 : TimerP_rti_priv.obj (.text.TimerP_startPriv)
                  7004faea    0000000a     drivers.am263px.r5f.ti-arm-clang.release.lib : uart_v0_lld.obj (.text.UART_lld_Transaction_deInit)
                  7004faf4    00000008     libsysbm.a : hostexit.c.obj (.text.HOSTexit)
                  7004fafc    00000008     pmic_blackbird.am263px.r5f.ti-arm-clang.release.lib : pmic_common.obj (.text.Pmic_criticalSectionStart)
                  7004fb04    00000008                                                         : pmic_common.obj (.text.Pmic_criticalSectionStop)
                  7004fb0c    00000008                                                         : pmic_common.obj (.text.Pmic_validParamCheck)
                  7004fb14    00000008     nortos.am263px.r5f.ti-arm-clang.release.lib : TimerP_rti_priv.obj (.text.TimerP_clearOverflowIntPriv)
                  7004fb1c    00000008                                                 : printf.obj (.text._out_char)
                  7004fb24    00000006     drivers.am263px.r5f.ti-arm-clang.release.lib : edma.obj (.text.EDMA_isInterruptEnabled)
                  7004fb2a    00000006                                                  : soc.obj (.text.SOC_moduleClockEnable)
                  7004fb30    00000006                                                  : soc_rcm.obj (.text.SOC_rcmGetCR5SysclkInFrequency)
                  7004fb36    00000004     ti_power_clock_config.o (.text.PowerClock_deinit)
                  7004fb3a    00000004     nortos.am263px.r5f.ti-arm-clang.release.lib : TimerP_rti_nortos.obj (.text.TimerP_Params_init)
                  7004fb3e    00000004                                                 : TimerP_rti_nortos.obj (.text.TimerP_clearOverflowInt)
                  7004fb42    00000004                                                 : TimerP_rti_nortos.obj (.text.TimerP_getCount)
                  7004fb46    00000004                                                 : TimerP_rti_nortos.obj (.text.TimerP_getReloadCount)
                  7004fb4a    00000004                                                 : TimerP_rti_nortos.obj (.text.TimerP_setup)
                  7004fb4e    00000004                                                 : TimerP_rti_nortos.obj (.text.TimerP_start)
                  7004fb52    00000002     --HOLE-- [fill = 0]
                  7004fb54    00000004     libclang_rt.builtins.a : aeabi_div0.c.obj (.text.__aeabi_idiv0)
                  7004fb58    00000004                            : aeabi_div0.c.obj (.text.__aeabi_ldiv0)
                  7004fb5c    00000004                            : aeabi_memcpy.S.obj (.text.__aeabi_memcpy)
                  7004fb60    00000004     libc.a : _lock.c.obj (.text._nop)
                  7004fb64    00000004            : fseek.c.obj (.text.fseek)
                  7004fb68    00000004     libsysbm.a : remove.c.obj (.text.remove)
                  7004fb6c    00000008     libclang_rt.builtins.a : aeabi_memcpy.S.obj (.tramp.__aeabi_memcpy.1)
                  7004fb74    00000008     nortos.am263px.r5f.ti-arm-clang.release.lib : HwiP_armv7r_asm.obj (.tramp.HwiP_restore.1)
                  7004fb7c    00000008                                                 : HwiP_armv7r_asm.obj (.tramp.HwiP_enable.1)
                  7004fb84    00000008                                                 : PmuP_armv7r_asm.obj (.tramp.PmuP_setUserEnable.1)
                  7004fb8c    00000008                                                 : PmuP_armv7r_asm.obj (.tramp.PmuP_enableCounters.1)
                  7004fb94    0000000c     --HOLE-- [fill = 0]

.rodata    0    7004fba0    00002e20     
                  7004fba0    000004b0     testing.o (.rodata.test_results)
                  70050050    00000160     BQ25751.o (.rodata.bq25751_registers)
                  700501b0    00000140     BQ25856.o (.rodata.bq25856_registers)
                  700502f0    00000101     libc.a : aeabi_ctype.S.obj (.rodata:__aeabi_ctype_table_)
                  700503f1    00000096     testing.o (.rodata.test_cases)
                  70050487    00000001     logger.o (.rodata.str1.11170080405929493601.1)
                  70050488    00000080     libc.a : strtod.c.obj (.rodata.digits)
                  70050508    0000007a     ti_drivers_open_close.o (.rodata.str1.14200658025495415368.1)
                  70050582    00000002     --HOLE-- [fill = 0]
                  70050584    00000074     ti_dpl_config.o (.rodata.cfg)
                  700505f8    00000051     drivers.am263px.r5f.ti-arm-clang.release.lib : mcspi_v0.obj (.rodata.str1.26396439823528435241)
                  70050649    00000007     libc.a : _scanfi.c.obj (.rodata._sproc_int.flit)
                  70050650    00000050     nortos.am263px.r5f.ti-arm-clang.release.lib : printf.obj (.rodata._ftoa.pow10)
                  700506a0    00000048     drivers.am263px.r5f.ti-arm-clang.release.lib : soc_rcm.obj (.rodata.gADPLLJConfigTbl)
                  700506e8    00000048     libc.a : strtod.c.obj (.rodata.powerof10)
                  70050730    00000048     BQ25751.o (.rodata.str1.14774090551701140490.1)
                  70050778    00000048     BQ25856.o (.rodata.str1.792225484636118899.1)
                  700507c0    00000048     drivers.am263px.r5f.ti-arm-clang.release.lib : mcspi_v0_lld.obj (.rodata.str1.97363132707188488161)
                  70050808    00000047     BQ25751.o (.rodata.str1.12706072285533335359.1)
                  7005084f    00000047     BQ25856.o (.rodata.str1.17452830622121482975.1)
                  70050896    0000003d     nortos.am263px.r5f.ti-arm-clang.release.lib : TimerP_rti_priv.obj (.rodata.str1.72163963154704191671)
                  700508d3    0000003b     testing.o (.rodata.str1.13902908763734703229.1)
                  7005090e    0000003b     BQ25751.o (.rodata.str1.15351948885430041794.1)
                  70050949    0000003b     logger.o (.rodata.str1.15765208293925770228.1)
                  70050984    0000003b     testing.o (.rodata.str1.17746360623054601515.1)
                  700509bf    0000003b     BQ25856.o (.rodata.str1.6498109007845748154.1)
                  700509fa    0000003b     testing.o (.rodata.str1.9663668549545128397.1)
                  70050a35    0000003a     BQ25856.o (.rodata.str1.1125723703244764118.1)
                  70050a6f    0000003a     testing.o (.rodata.str1.13404232100597892824.1)
                  70050aa9    0000003a     testing.o (.rodata.str1.14475428689845802839.1)
                  70050ae3    0000003a     BQ25751.o (.rodata.str1.3951025446691905541.1)
                  70050b1d    0000003a     testing.o (.rodata.str1.5333103860067079182.1)
                  70050b57    0000003a     ti_board_open_close.o (.rodata.str1.5570045560695979883.1)
                  70050b91    00000039     testing.o (.rodata.str1.12712981990626671882.1)
                  70050bca    00000002     --HOLE-- [fill = 0]
                  70050bcc    00000038     logger.o (.rodata..Lswitch.table.print_log.27)
                  70050c04    00000038     testing.o (.rodata.str1.13271957185734089466.1)
                  70050c3c    00000038     testing.o (.rodata.str1.1809024094263384077.1)
                  70050c74    00000038     ti_drivers_open_close.o (.rodata.str1.2554706296470369595.1)
                  70050cac    00000038     testing.o (.rodata.str1.9646216584914662902.1)
                  70050ce4    00000037     testing.o (.rodata.str1.12934025152450101698.1)
                  70050d1b    00000037     testing.o (.rodata.str1.13753495736459524521.1)
                  70050d52    00000037     nortos.am263px.r5f.ti-arm-clang.release.lib : SemaphoreP_nortos.obj (.rodata.str1.52751030918495836841)
                  70050d89    00000037     testing.o (.rodata.str1.912323090116748061.1)
                  70050dc0    00000036     ti_drivers_open_close.o (.rodata.str1.10252002122772422448.1)
                  70050df6    00000036     testing.o (.rodata.str1.1765844212525536965.1)
                  70050e2c    00000036     testing.o (.rodata.str1.9310835370192816021.1)
                  70050e62    00000035     BQ25856.o (.rodata.str1.13289053766905887436.1)
                  70050e97    00000035     BQ25751.o (.rodata.str1.13909236871274729330.1)
                  70050ecc    00000035     ti_drivers_open_close.o (.rodata.str1.17551203406305493380.1)
                  70050f01    00000035     ti_drivers_open_close.o (.rodata.str1.17665391694225509261.1)
                  70050f36    00000035     BQ25751.o (.rodata.str1.2730883272908071265.1)
                  70050f6b    00000035     ti_board_open_close.o (.rodata.str1.6201324418384543622.1)
                  70050fa0    00000035     BQ25856.o (.rodata.str1.7995244721850945903.1)
                  70050fd5    00000033     testing.o (.rodata.str1.8696649377706721793.1)
                  70051008    00000032     BQ25856.o (.rodata.str1.10414671138414579745.1)
                  7005103a    00000032     drivers.am263px.r5f.ti-arm-clang.release.lib : adc.obj (.rodata.str1.104222482920253680151)
                  7005106c    00000032                                                  : adc.obj (.rodata.str1.137023953294967812531)
                  7005109e    00000032     BQ25751.o (.rodata.str1.8312350936966051270.1)
                  700510d0    00000031     BQ25751.o (.rodata.str1.1249517775944244852.1)
                  70051101    00000031     BQ25856.o (.rodata.str1.15489050132451458266.1)
                  70051132    00000031     i2c_helper.o (.rodata.str1.6590778483916000382.1)
                  70051163    00000030     BQ25751.o (.rodata.str1.10106629780682049060.1)
                  70051193    00000030     BQ25856.o (.rodata.str1.10243731268799205829.1)
                  700511c3    00000030     BQ25856.o (.rodata.str1.17962396073544272735.1)
                  700511f3    00000030     BQ25751.o (.rodata.str1.1820889172356602547.1)
                  70051223    00000030     BQ25856.o (.rodata.str1.5082595652625867718.1)
                  70051253    00000030     ti_drivers_open_close.o (.rodata.str1.5293217666052239616.1)
                  70051283    00000030     BQ25751.o (.rodata.str1.8003800691019726735.1)
                  700512b3    0000002e     BQ25856.o (.rodata.str1.11154569111547305432.1)
                  700512e1    0000002e     BQ25751.o (.rodata.str1.12958517175328886002.1)
                  7005130f    0000002e     BQ25856.o (.rodata.str1.14338968568037909906.1)
                  7005133d    0000002e     BQ25751.o (.rodata.str1.16455321582865690357.1)
                  7005136b    0000002e     BQ25856.o (.rodata.str1.2207094062492082686.1)
                  70051399    0000002e     nortos.am263px.r5f.ti-arm-clang.release.lib : ClockP_nortos.obj (.rodata.str1.39419159632632580371)
                  700513c7    0000002e     BQ25751.o (.rodata.str1.8443781089576892544.1)
                  700513f5    0000002d     BQ25751.o (.rodata.str1.1275194715022805712.1)
                  70051422    0000002d     BQ25751.o (.rodata.str1.13143656991489871118.1)
                  7005144f    0000002d     i2c_helper.o (.rodata.str1.13339857155982739385.1)
                  7005147c    0000002d     BQ25856.o (.rodata.str1.3292642858858668380.1)
                  700514a9    0000002d     BQ25856.o (.rodata.str1.7239366430763322147.1)
                  700514d6    0000002d     BQ25751.o (.rodata.str1.7430776718305622844.1)
                  70051503    00000005     BQ25751.o (.rodata.str1.1229531588138316555.1)
                  70051508    0000002c     drivers.am263px.r5f.ti-arm-clang.release.lib : i2c_v1.obj (.rodata.I2C_defaultTransaction)
                  70051534    0000002c     i2c_helper.o (.rodata.str1.1142222398543706323.1)
                  70051560    0000002c     BQ25751.o (.rodata.str1.12868114523665019615.1)
                  7005158c    0000002c     BQ25856.o (.rodata.str1.1365095078110829190.1)
                  700515b8    0000002c     BQ25751.o (.rodata.str1.14581448127847459194.1)
                  700515e4    0000002c     i2c_helper.o (.rodata.str1.5541145730006603107.1)
                  70051610    0000002c     BQ25751.o (.rodata.str1.7886701266418031715.1)
                  7005163c    0000002c     BQ25751.o (.rodata.str1.9017280232647772979.1)
                  70051668    0000002c     BQ25856.o (.rodata.str1.9042339658583023608.1)
                  70051694    0000002b     BQ25856.o (.rodata.str1.11094402880587398397.1)
                  700516bf    0000002b     BQ25751.o (.rodata.str1.15589734765688486271.1)
                  700516ea    0000002b     BQ25856.o (.rodata.str1.16112850348045815110.1)
                  70051715    0000002b     BQ25751.o (.rodata.str1.5160441401641532227.1)
                  70051740    0000002a     logger.o (.rodata.str1.6697840596852582545.1)
                  7005176a    0000002a     BQ25751.o (.rodata.str1.7897313143695813649.1)
                  70051794    0000002a     nortos.am263px.r5f.ti-arm-clang.release.lib : DebugP_log.obj (.rodata.str1.8882360920750446361)
                  700517be    00000028     ti_drivers_open_close.o (.rodata.str1.1596297266130340916.1)
                  700517e6    00000028     ti_drivers_open_close.o (.rodata.str1.16112177131852734107.1)
                  7005180e    00000028     BQ25751.o (.rodata.str1.17894075944801656883.1)
                  70051836    00000027     nortos.am263px.r5f.ti-arm-clang.release.lib : ClockP_nortos_r5.obj (.rodata.str1.91622226613999981811)
                  7005185d    00000026     i2c_helper.o (.rodata.str1.8566739563610922213.1)
                  70051883    00000025     BQ25751.o (.rodata.str1.10095525046290625685.1)
                  700518a8    00000025     ti_board_open_close.o (.rodata.str1.12245025114167949655.1)
                  700518cd    00000025     ti_drivers_open_close.o (.rodata.str1.7750254725308216577.1)
                  700518f2    00000024     BQ25751.o (.rodata.str1.13505117214245943287.1)
                  70051916    00000024     testing.o (.rodata.str1.1448113453728135492.1)
                  7005193a    00000024     drivers.am263px.r5f.ti-arm-clang.release.lib : edma.obj (.rodata.str1.164918382464449145851)
                  7005195e    00000024     BQ25856.o (.rodata.str1.17151883366456074681.1)
                  70051982    00000023     ti_drivers_open_close.o (.rodata.str1.10490786615736436564.1)
                  700519a5    00000023     BQ25751.o (.rodata.str1.12421258905385577217.1)
                  700519c8    00000023     nortos.am263px.r5f.ti-arm-clang.release.lib : ClockP_nortos_r5.obj (.rodata.str1.136646522816104227591)
                  700519eb    00000023     drivers.am263px.r5f.ti-arm-clang.release.lib : soc_rcm.obj (.rodata.str1.15813086600912413471)
                  70051a0e    00000023     BQ25856.o (.rodata.str1.4767447193301463323.1)
                  70051a31    00000023     ti_board_open_close.o (.rodata.str1.760704006985994805.1)
                  70051a54    00000022     drivers.am263px.r5f.ti-arm-clang.release.lib : edma.obj (.rodata.str1.6611792697437713481)
                  70051a76    00000021     nortos.am263px.r5f.ti-arm-clang.release.lib : ClockP_nortos_r5.obj (.rodata.str1.99041146818411950391)
                  70051a97    00000001     --HOLE-- [fill = 0]
                  70051a98    00000020     drivers.am263px.r5f.ti-arm-clang.release.lib : uart_v0_lld.obj (.rodata.cst32)
                  70051ab8    00000020     PDMtesting.o (.rodata.str1.10015848951539402881.1)
                  70051ad8    00000020     drivers.am263px.r5f.ti-arm-clang.release.lib : uart_v0.obj (.rodata.str1.150767988884773108331)
                  70051af8    0000001f     board.o (.rodata.str1.10881007155619371109.1)
                  70051b17    0000001f     board.o (.rodata.str1.123550804358397101.1)
                  70051b36    0000001f     board.o (.rodata.str1.13738757807042593414.1)
                  70051b55    0000001f     board.o (.rodata.str1.14465880841147386111.1)
                  70051b74    0000001f     logger.o (.rodata.str1.14867204177169952558.1)
                  70051b93    0000001f     board.o (.rodata.str1.1510811462892085231.1)
                  70051bb2    0000001f     board.o (.rodata.str1.16077883977509950417.1)
                  70051bd1    0000001f     board.o (.rodata.str1.1696272589420159480.1)
                  70051bf0    0000001f     board.o (.rodata.str1.18250802514644841805.1)
                  70051c0f    0000001f     nortos.am263px.r5f.ti-arm-clang.release.lib : SemaphoreP_nortos.obj (.rodata.str1.25281168886080794691)
                  70051c2e    0000001f                                                 : ClockP_nortos_r5.obj (.rodata.str1.25349503636762439021)
                  70051c4d    0000001f     board.o (.rodata.str1.5436337271421848948.1)
                  70051c6c    0000001f     board.o (.rodata.str1.6418571003999367838.1)
                  70051c8b    0000001f     board.o (.rodata.str1.673658226405435322.1)
                  70051caa    0000001f     board.o (.rodata.str1.6840234256597642108.1)
                  70051cc9    0000001f     ti_drivers_open_close.o (.rodata.str1.871795152488895636.1)
                  70051ce8    0000001f     board.o (.rodata.str1.9045895231722895584.1)
                  70051d07    0000001e     board.o (.rodata.str1.10345935079445805060.1)
                  70051d25    0000001e     drivers.am263px.r5f.ti-arm-clang.release.lib : mcspi_v0.obj (.rodata.str1.144400815220210358851)
                  70051d43    0000001e     board.o (.rodata.str1.9453984286452795027.1)
                  70051d61    0000001e     board.o (.rodata.str1.9461189164499355904.1)
                  70051d7f    0000001d     nortos.am263px.r5f.ti-arm-clang.release.lib : TimerP_rti_priv.obj (.rodata.str1.114219152040444562951)
                  70051d9c    0000001d                                                 : TimerP_rti_priv.obj (.rodata.str1.125174968193178473681)
                  70051db9    0000001d     ti_drivers_open_close.o (.rodata.str1.13083909648175487149.1)
                  70051dd6    0000001d     drivers.am263px.r5f.ti-arm-clang.release.lib : uart_v0.obj (.rodata.str1.142814395268246240721)
                  70051df3    0000001d                                                  : mcspi_v0.obj (.rodata.str1.171925388543524077211)
                  70051e10    0000001d     nortos.am263px.r5f.ti-arm-clang.release.lib : TimerP_rti_priv.obj (.rodata.str1.27974953896521033811)
                  70051e2d    00000003     PDMtesting.o (.rodata.str1.1094412632907578887.1)
                  70051e30    0000001c     BQ25751.o (.rodata..Lswitch.table.BQ25751_read_faults)
                  70051e4c    0000001c     logger.o (.rodata.str1.10253156068257962407.1)
                  70051e68    0000001c     logger.o (.rodata.str1.12893940535876439382.1)
                  70051e84    0000001c     logger.o (.rodata.str1.16946937258229686214.1)
                  70051ea0    0000001b     logger.o (.rodata.str1.10289081750774512625.1)
                  70051ebb    0000001b     drivers.am263px.r5f.ti-arm-clang.release.lib : edma.obj (.rodata.str1.16266241636797238661)
                  70051ed6    0000001b     nortos.am263px.r5f.ti-arm-clang.release.lib : ClockP_nortos.obj (.rodata.str1.47646432807403639741)
                  70051ef1    0000001b     ti_drivers_open_close.o (.rodata.str1.5509699957385355460.1)
                  70051f0c    0000001b     logger.o (.rodata.str1.6452265960373237926.1)
                  70051f27    0000001a     drivers.am263px.r5f.ti-arm-clang.release.lib : edma.obj (.rodata.str1.124702968117785801901)
                  70051f41    0000001a     nortos.am263px.r5f.ti-arm-clang.release.lib : ClockP_nortos_r5.obj (.rodata.str1.133203246495064227641)
                  70051f5b    0000001a     BQ25751.o (.rodata.str1.1444569211857942851.1)
                  70051f75    0000001a     BQ25751.o (.rodata.str1.15227057180538999327.1)
                  70051f8f    0000001a     drivers.am263px.r5f.ti-arm-clang.release.lib : soc_rcm.obj (.rodata.str1.153801437654618082741)
                  70051fa9    0000001a                                                  : mcspi_v0.obj (.rodata.str1.169212516063846095031)
                  70051fc3    0000001a                                                  : i2c_v1.obj (.rodata.str1.65627606760091541251)
                  70051fdd    0000001a     BQ25856.o (.rodata.str1.9144871496803497570.1)
                  70051ff7    0000001a     board.o (.rodata.str1.9440741161207462191.1)
                  70052011    0000001a     drivers.am263px.r5f.ti-arm-clang.release.lib : mcspi_v0.obj (.rodata.str1.99640994410596514241)
                  7005202b    00000019     ti_drivers_open_close.o (.rodata.str1.14059614886583751700.1)
                  70052044    00000019     nortos.am263px.r5f.ti-arm-clang.release.lib : TimerP_rti_priv.obj (.rodata.str1.160914699991520874261)
                  7005205d    00000019     ti_drivers_open_close.o (.rodata.str1.7332975063418302059.1)
                  70052076    00000002     --HOLE-- [fill = 0]
                  70052078    00000018     drivers.am263px.r5f.ti-arm-clang.release.lib : soc.obj (.rodata..Lswitch.table.SOC_getAdcReferenceStatus)
                  70052090    00000018                                                  : i2c_v1_lld.obj (.rodata.I2C_lld_defaultMessage)
                  700520a8    00000018                                                  : soc_rcm.obj (.rodata.gControlssPllClkSrcValMap)
                  700520c0    00000018                                                  : soc_rcm.obj (.rodata.gCptsClkSrcValMap)
                  700520d8    00000018                                                  : soc_rcm.obj (.rodata.gI2cClkSrcValMap)
                  700520f0    00000018                                                  : soc_rcm.obj (.rodata.gLinUartClkSrcValMap)
                  70052108    00000018                                                  : soc_rcm.obj (.rodata.gPeripheralClkSrcInfoMap)
                  70052120    00000018                                                  : soc_rcm.obj (.rodata.gRtiClkSrcValMap)
                  70052138    00000018                                                  : soc_rcm.obj (.rodata.gWdtClkSrcValMap)
                  70052150    00000018                                                  : i2c_v1.obj (.rodata.str1.10394555129776590081)
                  70052168    00000018                                                  : i2c_v1.obj (.rodata.str1.145046381417982596211)
                  70052180    00000018                                                  : i2c_v1.obj (.rodata.str1.146157486204483244751)
                  70052198    00000018     BQ25856.o (.rodata.str1.18403151905249693661.1)
                  700521b0    00000018     logger.o (.rodata.str1.516959638814628545.1)
                  700521c8    00000018     logger.o (.rodata.str1.5671237403414969566.1)
                  700521e0    00000018     pmic_blackbird.am263px.r5f.ti-arm-clang.release.lib : pmic_tps653860xx.obj (.rodata.str1.6332904072978273211)
                  700521f8    00000018     logger.o (.rodata.str1.887488774559121338.1)
                  70052210    00000018     drivers.am263px.r5f.ti-arm-clang.release.lib : uart_v0.obj (.rodata.str1.9069738176458784971)
                  70052228    00000018     BQ25751.o (.rodata.str1.9421605849956869534.1)
                  70052240    00000018     logger.o (.rodata.str1.998270875404085501.1)
                  70052258    00000017     ADS_adc.o (.rodata.str1.10043506777178288082.1)
                  7005226f    00000017     logger.o (.rodata.str1.10127394157737690499.1)
                  70052286    00000017     i2c_helper.o (.rodata.str1.11017991858036563943.1)
                  7005229d    00000017     drivers.am263px.r5f.ti-arm-clang.release.lib : soc_rcm.obj (.rodata.str1.141251745167226470741)
                  700522b4    00000017     ti_drivers_open_close.o (.rodata.str1.1628183244885117158.1)
                  700522cb    00000017     pmic_blackbird.am263px.r5f.ti-arm-clang.release.lib : pmic_tps653860xx.obj (.rodata.str1.26938995543601310771)
                  700522e2    00000017     BQ25751.o (.rodata.str1.3974748969067114375.1)
                  700522f9    00000017     logger.o (.rodata.str1.9485715002722841782.1)
                  70052310    00000016     PDMtesting.o (.rodata.str1.10577412323663350067.1)
                  70052326    00000016     drivers.am263px.r5f.ti-arm-clang.release.lib : soc_rcm.obj (.rodata.str1.107645048611228328791)
                  7005233c    00000016     PDMtesting.o (.rodata.str1.12143205621091433229.1)
                  70052352    00000016     logger.o (.rodata.str1.1246197995540081341.1)
                  70052368    00000016     BQ25751.o (.rodata.str1.1271360048684525176.1)
                  7005237e    00000016     logger.o (.rodata.str1.14246187852812087945.1)
                  70052394    00000016     BQ25751.o (.rodata.str1.17511979226281833584.1)
                  700523aa    00000016     drivers.am263px.r5f.ti-arm-clang.release.lib : soc_rcm.obj (.rodata.str1.177369307189295936511)
                  700523c0    00000016                                                  : soc_rcm.obj (.rodata.str1.63555232926284281011)
                  700523d6    00000016                                                  : mcspi_v0.obj (.rodata.str1.85423015064808713541)
                  700523ec    00000015     ti_drivers_open_close.o (.rodata.str1.11521962449680083383.1)
                  70052401    00000015     drivers.am263px.r5f.ti-arm-clang.release.lib : edma.obj (.rodata.str1.149652404363315708211)
                  70052416    00000015     ti_drivers_open_close.o (.rodata.str1.17912154466570466874.1)
                  7005242b    00000015     drivers.am263px.r5f.ti-arm-clang.release.lib : adc.obj (.rodata.str1.20431844208594508061)
                  70052440    00000015     nortos.am263px.r5f.ti-arm-clang.release.lib : SemaphoreP_nortos.obj (.rodata.str1.30861210816963497001)
                  70052455    00000015     BQ25751.o (.rodata.str1.453300746779397769.1)
                  7005246a    00000015     logger.o (.rodata.str1.8545315102583907144.1)
                  7005247f    00000014     drivers.am263px.r5f.ti-arm-clang.release.lib : mcspi_v0_lld.obj (.rodata.str1.147988882001261723701)
                  70052493    00000014                                                  : edma.obj (.rodata.str1.176595599180530855901)
                  700524a7    00000014                                                  : mcspi_v0.obj (.rodata.str1.34611452835214624521)
                  700524bb    00000014     ti_drivers_open_close.o (.rodata.str1.3622116258035701796.1)
                  700524cf    00000014     drivers.am263px.r5f.ti-arm-clang.release.lib : edma.obj (.rodata.str1.41785049815304208531)
                  700524e3    00000014                                                  : edma.obj (.rodata.str1.93700429500326477781)
                  700524f7    00000013                                                  : soc_rcm.obj (.rodata.str1.30734103837947208761)
                  7005250a    00000013     testing.o (.rodata.str1.761491514650110821.1)
                  7005251d    00000013     pmic_blackbird.am263px.r5f.ti-arm-clang.release.lib : pmic_tps653860xx.obj (.rodata.str1.85951990434278895621)
                  70052530    00000013     testing.o (.rodata.str1.8954517940817656586.1)
                  70052543    00000013     drivers.am263px.r5f.ti-arm-clang.release.lib : uart_v0.obj (.rodata.str1.9980655952161290391)
                  70052556    00000012                                                  : uart_v0.obj (.rodata.str1.166492982902436568231)
                  70052568    00000012                                                  : uart_v0.obj (.rodata.str1.171120843061886446841)
                  7005257a    00000012                                                  : edma.obj (.rodata.str1.41579851849113419871)
                  7005258c    00000012     BQ25856.o (.rodata.str1.5451804751329502844.1)
                  7005259e    00000012     BQ25751.o (.rodata.str1.5958878973536578819.1)
                  700525b0    00000012     ti_drivers_open_close.o (.rodata.str1.6538372684047993024.1)
                  700525c2    00000012     drivers.am263px.r5f.ti-arm-clang.release.lib : soc_rcm.obj (.rodata.str1.67217821191364965911)
                  700525d4    00000011     BQ25856.o (.rodata.str1.11534990111546798960.1)
                  700525e5    00000011     drivers.am263px.r5f.ti-arm-clang.release.lib : edma.obj (.rodata.str1.117215064595961288031)
                  700525f6    00000011     ti_drivers_open_close.o (.rodata.str1.12213835641041270557.1)
                  70052607    00000011     logger.o (.rodata.str1.13406532556922755089.1)
                  70052618    00000011     drivers.am263px.r5f.ti-arm-clang.release.lib : uart_v0.obj (.rodata.str1.16967668833904919061)
                  70052629    00000011     BQ25751.o (.rodata.str1.17099517407219647408.1)
                  7005263a    00000011     drivers.am263px.r5f.ti-arm-clang.release.lib : edma.obj (.rodata.str1.28692048193800818901)
                  7005264b    00000011     nortos.am263px.r5f.ti-arm-clang.release.lib : ClockP_nortos.obj (.rodata.str1.37923443167824241621)
                  7005265c    00000011                                                 : TimerP_rti_priv.obj (.rodata.str1.44101942245516082551)
                  7005266d    00000011     logger.o (.rodata.str1.4633242734696342979.1)
                  7005267e    00000011     ti_drivers_open_close.o (.rodata.str1.6292539624901818759.1)
                  7005268f    00000001     --HOLE-- [fill = 0]
                  70052690    00000010     drivers.am263px.r5f.ti-arm-clang.release.lib : soc.obj (.rodata.cst16)
                  700526a0    00000010     pmic_blackbird.am263px.r5f.ti-arm-clang.release.lib : pmic_tps653860xx.obj (.rodata.cst16)
                  700526b0    00000010     drivers.am263px.r5f.ti-arm-clang.release.lib : mcspi_v0.obj (.rodata.str1.153145657127816401141)
                  700526c0    00000010     ti_drivers_open_close.o (.rodata.str1.15574074207268991336.1)
                  700526d0    00000010     drivers.am263px.r5f.ti-arm-clang.release.lib : edma.obj (.rodata.str1.18778444954996405781)
                  700526e0    00000010                                                  : i2c_v1.obj (.rodata.str1.55879311564180241041)
                  700526f0    00000010     ti_drivers_open_close.o (.rodata.str1.6437641722977580707.1)
                  70052700    0000000f     drivers.am263px.r5f.ti-arm-clang.release.lib : edma.obj (.rodata.str1.111354322338949310841)
                  7005270f    0000000f     pmic_test.o (.rodata.str1.1164533533783869254.1)
                  7005271e    0000000f     drivers.am263px.r5f.ti-arm-clang.release.lib : edma.obj (.rodata.str1.144551280152329776181)
[...]
7004bc38  HOSTlseek                          
7004bd69  BQ25751_write_reg                  
7004bdff  BQ25856_write_reg                  
7004be95  SemaphoreP_pend                    
7004bf2b  Drivers_open                       
7004bfbf  EDMA_configureChannelRegion        
7004c054  HOSTopen                           
7004c0e9  I2C_lld_init                       
7004c17d  SPI_ReadWrite                      
7004c211  UART_lld_readWithCounter           
7004c3c3  MCSPI_lld_peripheralIsr            
7004c450  close                              
7004c4dd  i2c_read_error_handler             
7004c569  ADC_setPPBTripLimits               
7004c5f1  UART_init                          
7004c679  UART_procLineStatusErr             
7004c700  __TI_doflush                       
7004c788  HOSTread                           
7004c80c  HOSTwrite                          
7004c915  EDMA_close                         
7004c995  UART_flushTxFifo                   
7004ca15  Drivers_mcspiOpen                  
7004cb8f  MCSPI_initiateLastChunkTransfer    
7004cc09  MCSPI_init                         
7004cc81  Board_pmicOpen                     
7004cddf  MCSPI_stop                         
7004ce51  MCSPI_lld_dmaStop                  
7004cec1  PMIC_tps653860xxConfigure          
7004cf31  Pmic_ioTxByte                      
7004cfa1  BQ25751_read_faults                
7004d00f  EDMA_disableTransferRegion         
7004d07d  EDMA_enableTransferRegion          
7004d0ec  HOSTunlink                         
7004d159  UART_lld_writeDma                  
7004d1c5  Drivers_i2cOpen                    
7004d22f  UART_lld_readDma                   
7004d297  UART_lld_writeIntr                 
7004d300  atoi                               
7004d369  digitalWrite                       
7004d3d1  Pmic_getLockCfg                    
7004d437  CycleCounterP_init                 
7004d447  CycleCounterP_reset                
7004d46b  CycleCounterP_nsToTicks            
7004d497  CycleCounterP_enableUserAccess     
7004d49d  SOC_controlModuleUnlockMMR         
7004d501  add_log                            
7004d565  init_interrupt                     
7004d5c9  BQ25856_init                       
7004d62c  HOSTclose                          
7004d68c  calloc                             
7004d6ed  ClockP_timerTickIsr                
7004d74b  MCSPI_setChDataSize                
7004d7a9  GPIO_setTrigType                   
7004d861  Pmic_setRegLockState               
7004d8bd  SOC_controlModuleLockMMR           
7004d919  _DebugP_assert                     
7004d9cc  __TI_cleanup                       
7004da24  __TI_readmsg                       
7004da7c  __TI_writemsg                      
7004dac8  C$$IO$$                            
7004dad5  print_pending_logs                 
7004db2d  ClockP_getTimeUsec                 
7004db83  PMIC_regRead                       
7004dbd9  PMIC_regWrite                      
7004dc2f  UART_intrDisable                   
7004dc85  UART_readCancelNoCB                
7004dcdb  UART_writeCancelNoCB               
7004dd31  Dpl_init                           
7004dd84  exit                               
7004ddd8  finddevice                         
7004de2c  __TI_auto_init_nobinit_nopinit     
7004de81  AddrTranslateP_getLocalAddr        
7004df25  MCSPI_lld_deInitDma                
7004df77  BQ25751_print_register_dump        
7004dfc7  BQ25856_print_register_dump        
7004e017  ClockP_construct                   
7004e069  EDMA_allocDmaChannel               
7004e0b9  EDMA_allocParam                    
7004e109  EDMA_allocTcc                      
7004e1a7  Drivers_edmaOpen                   
7004e1f5  Drivers_uartOpen                   
7004e243  EDMA_disableChInShadowRegRegion    
7004e291  MCSPI_transferCallback             
7004e329  SOC_enableAdcReferenceMonitor      
7004e375  pmic_init                          
7004e3c1  SOC_enableAdcGlobalForce           
7004e409  SOC_enableAdcInternalReference     
7004e498  unlink                             
7004e56d  SOC_getAdcReferenceStatus          
7004e5b1  UART_Params_init                   
7004e5f5  UART_lld_deInitDma                 
7004e639  ClockP_stop                        
7004e679  EDMA_mapChToEvtQ                   
7004e6b9  Pinmux_config                      
7004e6f9  SemaphoreP_constructBinary         
7004e739  UART_lld_deInit                    
7004e7f7  SemaphoreP_constructMutex          
7004e835  EDMA_getBaseAddr                   
7004e8ad  BQ25751_init                       
7004e8e7  ClockP_destruct                    
7004e921  DebugP_uartLogWriterPutChar        
7004e95b  Module_clockSetFrequency           
7004e995  TCA6424_open                       
7004e9cf  UART_lld_flushTxFifo               
7004ea09  PMIC_open                          
7004ea41  Pmic_checkPmicCoreHandle           
7004eab1  _DebugP_logZone                    
7004eae8  CycleCounterP_getCount32           
7004eaf0  PmuP_setup                         
7004eaf8  PmuP_enableCounters                
7004eb00  PmuP_disableCounters               
7004eb08  PmuP_getOverflowStatus             
7004eb10  PmuP_clearOverflowStatus           
7004eb18  PmuP_setUserEnable                 
7004eb21  EDMA_clrMissEvtRegion              
7004eb57  ClockP_start                       
7004eb8d  I2C_init                           
7004ebc1  MCSPI_errorCallback                
7004ebf5  Module_clockDisable                
7004ec29  Module_clockEnable                 
7004ec5d  Pmic_ioRxByte                      
7004ec91  SOC_enableAdcDacLoopback           
7004ed2c  lseek                              
7004ed60  write                              
7004ed95  ClockP_usleep                      
7004edc7  EDMA_unmapChToEvtQ                 
7004edf9  SemaphoreP_post                    
7004ee2b  DebugP_scanf                       
7004ee5b  Drivers_mcspiClose                 
7004eeed  adc_to_current_LM74930             
7004ef1d  EDMA_enableChInShadowRegRegion     
7004ef4b  I2C_lld_deInit                     
7004ef79  System_init                        
7004efd5  DebugP_shmLogReaderInit            
7004f001  I2C_getHandle                      
7004f02d  MCSPI_getHandle                    
7004f059  PMIC_getCoreHandle                 
7004f085  SOC_rcmGetR5Clock                  
7004f0b1  UART_getHandle                     
7004f0dd  adc_to_current_HSS_MB              
7004f109  adc_to_current_TPS                 
7004f134  vsscanf                            
7004f161  pmic_write_reg                     
7004f1b3  GPIO_setDirMode                    
7004f203  PMIC_tps653860xxClose              
7004f22d  SOC_moduleSetClockFrequency        
7004f255  read_ext_ADC                       
7004f27d  ClockP_sleep                       
7004f2a3  EDMA_setPaRAM                      
7004f2c9  I2C_lld_transferIntr               
7004f2ef  I2C_lld_transferPoll               
7004f315  UART_lld_dmaDisableChannel         
7004f3cc  __aeabi_uldivmod                   
7004f3f1  int_adc_to_voltage                 
7004f415  vprintf_                           
7004f439  EDMA_linkChannel                   
7004f47d  Pmic_deinit                        
7004f49f  System_deinit                      
7004f4c1  print_logs                         
7004f4e3  DebugP_logZoneEnable               
7004f505  I2C_lld_Message_init               
7004f545  TimerP_Params_initPriv             
7004f565  UART_getChar                       
7004f585  Board_driversOpen                  
7004f5a3  TCA6424_close                      
7004f5c1  UART_spaceAvail                    
7004f651  MCSPI_lld_deInit                   
7004f66d  Pmic_getRegLockState               
7004f689  SOC_rcmIsR5FInLockStepMode         
7004f6c1  main                               
7004f714  TI_memcpy_small                    
7004f731  CSL_armR5GetCpuID                  
7004f74b  Drivers_pmicOpen                   
7004f765  EDMA_readEventStatusRegion         
7004f799  I2C_deinit                         
7004f7b1  MCSPI_deinit                       
7004f7c9  MCSPI_lld_dmaInit                  
7004f7e1  TimerP_getCountPriv                
7004f7f9  UART_deinit                        
7004f811  clear_logs                         
7004f828  TI_memset_small                    
7004f841  I2C_lld_Transaction_init           
7004f857  MCSPI_reset                        
7004f86d  UART_IsTxRxFifoEmpty               
7004f883  UART_getIntrIdentityStatus         
7004f8af  ClockP_usecToTicks                 
7004f8c3  EDMA_getRegionId                   
7004f8d7  UART_Transaction_init              
7004f8ff  ADC_setMode                        
7004f923  PMIC_configure                     
7004f947  UART_operatingModeSelect           
7004f959  UART_readLineStatus                
7004f96b  putchar_                           
7004f97d  GPIO_bankIntrDisable               
7004f98d  PMIC_criticalSectionStartFn        
7004f99d  UART_intr2Disable                  
7004f9ac  __aeabi_memset                     
7004f9ac  __aeabi_memset4                    
7004f9ac  __aeabi_memset8                    
7004f9cc  putchar                            
7004f9dd  EDMA_ccPaRAMEntry_init             
7004f9eb  GPIO_bankIntrEnable                
7004fa07  PMIC_close                         
7004fa15  Pinmux_init                        
7004fa23  PowerClock_init                    
7004fa31  ClockP_getTicks                    
7004fa3d  DebugP_uartSetDrvIndex             
7004fa49  EDMA_isInitialized                 
7004fa55  I2C_Transaction_init               
7004fa61  PMIC_criticalSectionStopFn         
7004fa6d  SOC_getSelfCpuClk                  
7004fa79  TCA6424_Params_init                
7004fa84  __aeabi_errno_addr                 
7004fa90  __aeabi_memclr                     
7004fa90  __aeabi_memclr4                    
7004fa90  __aeabi_memclr8                    
7004fa9c  malloc                             
7004faa8  CSL_armR5ReadMpidrReg              
7004fab5  ClockP_Params_init                 
7004facd  ClockP_isActive                    
7004fad7  TimerP_getReloadCountPriv          
7004fae1  TimerP_startPriv                   
7004faeb  UART_lld_Transaction_deInit        
7004faf4  C$$EXIT                            
7004faf4  HOSTexit                           
7004fafd  Pmic_criticalSectionStart          
7004fb05  Pmic_criticalSectionStop           
7004fb0d  Pmic_validParamCheck               
7004fb15  TimerP_clearOverflowIntPriv        
7004fb25  EDMA_isInterruptEnabled            
7004fb2b  SOC_moduleClockEnable              
7004fb37  PowerClock_deinit                  
7004fb3b  TimerP_Params_init                 
7004fb3f  TimerP_clearOverflowInt            
7004fb43  TimerP_getCount                    
7004fb47  TimerP_getReloadCount              
7004fb4b  TimerP_setup                       
7004fb4f  TimerP_start                       
7004fb54  __aeabi_idiv0                      
7004fb58  __aeabi_ldiv0                      
7004fb5c  __aeabi_memcpy                     
7004fb5c  __aeabi_memcpy4                    
7004fb5c  __aeabi_memcpy8                    
7004fb60  _nop                               
7004fb64  fseek                              
7004fb68  remove                             
7004fba0  test_results                       
70050050  bq25751_registers                  
700501b0  bq25856_registers                  
700502f0  __aeabi_ctype_table_               
700502f0  __aeabi_ctype_table_C              
700503f1  test_cases                         
70050584  gCacheConfig                       
7005058c  gMpuConfig                         
70050598  gMpuRegionConfig                   
700506a0  gADPLLJConfigTbl                   
70051508  I2C_defaultTransaction             
70052090  I2C_lld_defaultMessage             
70052108  gPeripheralClkSrcInfoMap           
7005298c  gCacheL1dCacheLineSize             
70052990  gCacheL1pCacheLineSize             
700529c0  __BSS_START                        
700529c0  logs                               
70053640  gHwiCtrl                           
70054f60  _CIOBUF_                           
70054f60  __CIOBUF_                          
70055080  intr_objects                       
70055314  __TI_tmpnams                       
700553b4  gPmicCoreObj                       
7005544c  gDebugShmLogReaderCtrl             
700554e0  gClockCtrl                         
70055518  virtToPhymap                       
70055528  gI2cHandle                         
70055534  gPmicObject                        
70055540  parmbuf                            
70055548  gMcspiHandle                       
70055550  gEdmaHandle                        
70055554  gPmicHandle                        
70055558  gPmicMcspiRxBuffer                 
7005555c  gPmicMcspiTxBuffer                 
70055560  gUartHandle                        
70055564  handle                             
7005556a  BQ25751_timer_en                   
70055570  __BSS_END                          
70055570  _sys_memory                        
7005d570  __stack                            
70061570  __STACK_END                        
70061571  HwiP_enableInt                     
70061599  HwiP_disableInt                    
700615cb  HwiP_restoreInt                    
70061621  HwiP_clearInt                      
70061641  HwiP_post                          
70061669  HwiP_Params_init                   
7006167b  HwiP_construct                     
700617c3  HwiP_destruct                      
70061895  HwiP_init                          
70061957  HwiP_inISR                         
70061973  HwiP_irq_handler_c                 
700619f7  HwiP_fiq_handler                   
70061aa7  HwiP_reserved_handler              
70061ad5  HwiP_undefined_handler_c           
70061af3  HwiP_user_undefined_handler_c      
70061b07  HwiP_svc_handler                   
70061b35  HwiP_prefetch_abort_handler_c      
70061baf  HwiP_user_prefetch_abort_handler_c 
70061bbf  HwiP_data_abort_handler_c          
70061c3f  HwiP_user_data_abort_handler_c     
70061c50  HwiP_irq_handler                   
70061cc4  HwiP_data_abort_handler            
70061d08  HwiP_prefetch_abort_handler        
70061d54  HwiP_undefined_handler             
70061d84  GET_DFSR                           
70061d8c  GET_ADFSR                          
70061d94  GET_DFAR                           
70061d9c  GET_IFSR                           
70061da4  GET_AIFSR                          
70061dac  GET_IFAR                           
70061db4  GET_SPSR                           
70061dcc  HwiP_disable                       
70061ddc  HwiP_disableFIQ                    
70061dec  HwiP_enable                        
70061dfc  HwiP_enableFIQ                     
70061e0c  HwiP_restore                       
70061e14  HwiP_enableVIC                     
70061e24  HwiP_disableVIC                    
70061e34  HwiP_getCPSR                       
70061e48  CacheP_disableL1d                  
70061e70  CacheP_disableL1p                  
70061e88  CacheP_enableL1d                   
70061ea0  CacheP_enableL1p                   
70061eb8  CacheP_invL1d                      
70061ef0  CacheP_invL1p                      
70061f2c  CacheP_invL1dAll                   
70061f34  CacheP_invL1pAll                   
70061f3c  CacheP_wb                          
70061f78  CacheP_wbInv                       
70061fb4  CacheP_wbAll                       
7006205c  CacheP_wbInvAll                    
70062074  CacheP_wbInvAllAsm                 
70062114  CacheP_getEnabled                  
7006214c  CacheP_getCacheLevelInfo           
70062158  CacheP_configForceWrThru           
70062178  CacheP_setDLFO                     
70062189  CacheP_init                        
700621e1  CacheP_disable                     
7006221b  CacheP_enable                      
7006223b  CacheP_inv                         
70062279  MpuP_getAttrs                      
700622b9  MpuP_RegionAttrs_init              
700622c7  MpuP_setRegion                     
70062341  MpuP_isEnable                      
70062345  MpuP_disable                       
70062377  MpuP_enable                        
700623b3  MpuP_init                          
70062415  MpuP_isUserAuthorizedToAccessMemory
7006247c  MpuP_disableAsm                    
70062494  MpuP_disableBRAsm                  
700624a4  MpuP_enableAsm                     
700624bc  MpuP_enableBRAsm                   
700624cc  MpuP_isEnableAsm                   
700624e0  MpuP_setRegionAsm                  
70062508  _c_int00_sbl                       
7006252c  _c_int00                           
7006264d  _DebugP_assertNoLog                
7006266b  _system_pre_init                   
70062687  __mpu_init                         
70062698  abort                              
700626a0  gMcspiDmaHandle                    
700626a0  gUartDmaHandle                     
700627a0  _ftable                            
70062aec  intr_pins                          
70062b6c  _device                            
70062be4  gUartParams                        
70062c3c  _stream                            
70062d1c  gSpi0ChCfg                         
70062d5c  gSpi1ChCfg                         
70062d9c  gSocModulesClockFrequency          
70062dd8  gMcspiOpenParams                   
70062e00  gI2cParams                         
70062e24  ext_adc0                           
70062e40  ext_adc1                           
70062e5c  gClockConfig                       
70062e74  gI2cConfig                         
70062e8c  gPmicParams                        
70062ea0  gSocModules                        
70062eb4  gMcspiConfig                       
70062ec4  __TI_ft_end                        
70062ec8  gAddrTranslateConfig               
70062ed4  gPmicFxns_TPS653860xx              
70062ee0  __TI_cleanup_ptr                   
70062ee4  __TI_dtors_ptr                     
70062ee8  BQ25751_timer                      
70062ef0  gConfigMcspiChCfg                  
70062ef8  gEdmaConfig                        
70062f00  gEdmaParams                        
70062f08  gMcspiDmaChConfig                  
70062f10  gMcspiNumCh                        
70062f18  gPmicConfig                        
70062f28  gUartConfig                        
70062f38  __aeabi_errno                      
70062f3c  _lock                              
70062f40  _unlock                            
70062f44  gDebugLogZone                      
70062f48  gDebugP_uartDrvIndex               
70062f4c  gEdmaConfigNum                     
70062f50  gHwiConfig                         
70062f54  gI2cConfigNum                      
70062f58  gMcspiConfigNum                    
70062f5c  gPmicConfigNum                     
70062f60  gUartConfigNum                     
70062f64  gUartDmaChConfig                   
70062f6a  logs_length                        
70062f6d  isMapAvailable                     
70062f78  __IRQ_STACK_START                  
70063078  __FIQ_STACK_START                  
70063078  __IRQ_STACK_END                    
70063178  __FIQ_STACK_END                    
70063178  __SVC_STACK_START                  
70064178  __ABORT_STACK_START                
70064178  __SVC_STACK_END                    
70064278  __ABORT_STACK_END                  
70064278  __UNDEFINED_STACK_START            
70064378  __UNDEFINED_STACK_END              
701d4000  gDebugShmLog                       
ffffffff  __TI_pprof_out_hndl                
ffffffff  __TI_prof_data_size                
ffffffff  __TI_prof_data_start               
ffffffff  __binit__                          
ffffffff  binit                              
UNDEFED   __TI_CINIT_Base                    
UNDEFED   __TI_CINIT_Limit                   
UNDEFED   __TI_Handler_Table_Base            
UNDEFED   __TI_Handler_Table_Limit           
UNDEFED   _system_post_cinit                 

[561 symbols]
