******************************************************************************
            TI ARM Clang Linker PC v4.0.2                      
******************************************************************************
>> Linked Fri Jul 25 16:08:36 2025

OUTPUT FILE NAME:   <second_stage_PDM_testing.out>
ENTRY POINT SYMBOL: "_vectors"  address: 00000000


MEMORY CONFIGURATION

         name            origin    length      used     unused   attr    fill
----------------------  --------  ---------  --------  --------  ----  --------
  R5F_VECS              00000000   00000040  00000040  00000000  RWIX
  R5F_TCMA              00000040   00007fc0  00000000  00007fc0  RWIX
  R5F_TCMB              00080000   00008000  00000000  00008000  RWIX
  MAILBOX_HSM           44000000   000003ce  00000000  000003ce  RWIX
  MAILBOX_R5F           44000400   000003ce  00000000  000003ce  RWIX
  FLASH                 60100000   00080000  00000000  00080000  RWIX
  SBL                   70000000   00040000  00000000  00040000  RWIX
  OCRAM                 70040000   00040000  000242e8  0001bd18  RWIX
  USER_SHM_MEM          701d0000   00004000  00000000  00004000  RWIX
  LOG_SHM_MEM           701d4000   00004000  00002000  00002000  RWIX
  RTOS_NORTOS_IPC_SHM_M 72000000   00003e80  00000000  00003e80  RWIX


SEGMENT ALLOCATION MAP

run origin  load origin   length   init length attrs members
----------  ----------- ---------- ----------- ----- -------
00000000    00000000    00000040   00000040    r-x
  00000000    00000000    00000040   00000040    r-x .vectors
70040000    70040000    00012930   00012930    r-x
  70040000    70040000    0000fb60   0000fb60    r-x .text
  7004fb60    7004fb60    00002dd0   00002dd0    r-- .rodata
70052930    70052930    0000ebb0   00000000    rw-
  70052930    70052930    00002bb0   00000000    rw- .bss
  700554e0    700554e0    00008000   00000000    rw- .sysmem
  7005d4e0    7005d4e0    00004000   00000000    rw- .stack
700614e0    700614e0    00001130   00001130    r-x
  700614e0    700614e0    000008d8   000008d8    r-x .text.hwi
  70061db8    70061db8    00000430   00000430    r-x .text.cache
  700621e8    700621e8    00000290   00000290    r-x .text.mpu
  70062478    70062478    00000190   00000190    r-x .text.boot
  70062608    70062608    00000008   00000008    r-x .text:abort
70062610    70062610    00001cd8   000008d8    rw-
  70062610    70062610    000008d8   000008d8    rw- .data
  70062ee8    70062ee8    00000100   00000000    rw- .irqstack
  70062fe8    70062fe8    00000100   00000000    rw- .fiqstack
  700630e8    700630e8    00001000   00000000    rw- .svcstack
  700640e8    700640e8    00000100   00000000    rw- .abortstack
  700641e8    700641e8    00000100   00000000    rw- .undefinedstack


SECTION ALLOCATION MAP

 output                                  attributes/
section   page    origin      length       input sections
--------  ----  ----------  ----------   ----------------
.vectors   0    00000000    00000040     
                  00000000    00000040     nortos.am263px.r5f.ti-arm-clang.release.lib : HwiP_armv7r_vectors_nortos_asm.obj (.vectors)

.text      0    70040000    0000fb60     
                  70040000    00001328     libc.a : _scanfi.c.obj (.text.__TI_scanfi)
                  70041328    00000756     ti_drivers_open_close.o (.text.Drivers_adcOpen)
                  70041a7e    00000002     ti_board_config.o (.text.Board_deinit)
                  70041a80    00000580     nortos.am263px.r5f.ti-arm-clang.release.lib : printf.obj (.text._vsnprintf)
                  70042000    000004d4     libc.a : strtod.c.obj (.text.strtod)
                  700424d4    000004cc     drivers.am263px.r5f.ti-arm-clang.release.lib : soc_rcm.obj (.text.SOC_rcmEnablePeripheralClock)
                  700429a0    00000444                                                  : i2c_v1_lld.obj (.text.I2C_lld_primeTransferPoll)
                  70042de4    00000004     nortos.am263px.r5f.ti-arm-clang.release.lib : ClockP_nortos_r5.obj (.text.ClockP_getTimerCount)
                  70042de8    00000400                                                 : printf.obj (.text._ftoa)
                  700431e8    000003b8     testing.o (.text.conduct_test)
                  700435a0    00000390     libc.a : strcmp32.S.obj (.text:strcmp)
                  70043930    0000034c     pmic_blackbird.am263px.r5f.ti-arm-clang.release.lib : pmic_power.obj (.text.Pmic_pwrSetLdoCfg)
                  70043c7c    00000004     nortos.am263px.r5f.ti-arm-clang.release.lib : ClockP_nortos_r5.obj (.text.ClockP_timerClearOverflowInt)
                  70043c80    00000310                                                 : printf.obj (.text._etoa)
                  70043f90    000002a8     drivers.am263px.r5f.ti-arm-clang.release.lib : uart_v0.obj (.text.UART_open)
                  70044238    00000298                                                  : mcspi_v0.obj (.text.MCSPI_open)
                  700444d0    0000027c                                                  : edma.obj (.text.EDMA_init)
                  7004474c    0000027c     libc.a : strtoll.c.obj (.text.strtoll)
                  700449c8    00000250     drivers.am263px.r5f.ti-arm-clang.release.lib : soc_rcm.obj (.text.SOC_rcmSetPeripheralClock)
                  70044c18    00000248     libc.a : strtoull.c.obj (.text.strtoull)
                  70044e60    0000023c     drivers.am263px.r5f.ti-arm-clang.release.lib : uart_v0_lld.obj (.text.UART_configInstance)
                  7004509c    00000230                                                  : mcspi_dma_edma.obj (.text.MCSPI_lld_dmaTransfer)
                  700452cc    00000212     ti_drivers_config.o (.text.GPIO_init)
                  700454de    00000002     ti_board_config.o (.text.Board_init)
                  700454e0    00000210     drivers.am263px.r5f.ti-arm-clang.release.lib : i2c_v1.obj (.text.I2C_open)
                  700456f0    0000020c                                                  : edma.obj (.text.EDMA_errorIsrFxn)
                  700458fc    0000020c                                                  : mcspi_v0_lld.obj (.text.MCSPI_transferControllerPoll)
                  70045b08    00000204                                                  : edma.obj (.text.EDMA_freeChannelRegion)
                  70045d0c    000001f8     libc.a : strtol.c.obj (.text.strtol)
                  70045f04    000001ec            : strtoul.c.obj (.text.strtoul)
                  700460f0    000001e8     drivers.am263px.r5f.ti-arm-clang.release.lib : mcspi_v0_lld.obj (.text.MCSPI_lld_controllerIsr)
                  700462d8    000001d0     libclang_rt.builtins.a : udivsi3.S.obj (.text.__udivsi3)
                  700464a8    000001c0     drivers.am263px.r5f.ti-arm-clang.release.lib : mcspi_dma_edma.obj (.text.MCSPI_lld_dmaChInit)
                  70046668    000001b4                                                  : i2c_v1_lld.obj (.text.I2C_lld_targetIsr)
                  7004681c    000001ae                                                  : i2c_v1_lld.obj (.text.I2C_lld_controllerIsr)
                  700469ca    00000002     nortos.am263px.r5f.ti-arm-clang.release.lib : DebugP_nortos.obj (.text.DebugP_shmLogReaderTaskCreate)
                  700469cc    000001a8     drivers.am263px.r5f.ti-arm-clang.release.lib : mcspi_v0_lld.obj (.text.MCSPI_lld_chConfig)
                  70046b74    000001a8     libc.a : memory.c.obj (.text.free)
                  70046d1c    000001a4            : memory.c.obj (.text.aligned_alloc)
                  70046ec0    00000194     drivers.am263px.r5f.ti-arm-clang.release.lib : uart_dma_edma.obj (.text.UART_lld_dmaInit)
                  70047054    00000190                                                  : mcspi_v0.obj (.text.MCSPI_transfer)
                  700471e4    00000188     BQ25751.o (.text.BQ25751_manual_register_write)
                  7004736c    00000188     BQ25856.o (.text.BQ25856_manual_register_write)
                  700474f4    00000188     drivers.am263px.r5f.ti-arm-clang.release.lib : i2c_v1.obj (.text.I2C_transfer)
                  7004767c    00000164                                                  : edma.obj (.text.EDMA_open)
                  700477e0    00000160                                                  : edma.obj (.text.EDMA_deinit)
                  70047940    00000150     libc.a : s_scalbn.c.obj (.text.scalbn)
                  70047a90    0000014e     drivers.am263px.r5f.ti-arm-clang.release.lib : uart_dma_edma.obj (.text.UART_lld_dmaDeInit)
                  70047bde    0000014c                                                  : mcspi_dma_edma.obj (.text.MCSPI_lld_dmaDeInit)
                  70047d2a    00000002     ti_dpl_config.o (.text.Dpl_deinit)
                  70047d2c    0000014c     PDMtesting.o (.text.PDM_testing)
                  70047e78    00000144     BQ25751.o (.text.PPMC_run_test_mode)
                  70047fbc    00000144     libc.a : setvbuf.c.obj (.text.setvbuf)
                  70048100    00000140     nortos.am263px.r5f.ti-arm-clang.release.lib : TimerP_rti_priv.obj (.text.TimerP_setupPriv)
                  70048240    0000013c     drivers.am263px.r5f.ti-arm-clang.release.lib : soc.obj (.text.SOC_virtToPhy)
                  7004837c    00000138                                                  : uart_v0.obj (.text.UART_close)
                  700484b4    00000134                                                  : mcspi_v0_lld.obj (.text.MCSPI_lld_readWrite)
                  700485e8    00000132     BQ25751.o (.text.BQ25751_manual_register_read)
                  7004871a    00000132     BQ25856.o (.text.BQ25856_manual_register_read)
                  7004884c    00000132     nortos.am263px.r5f.ti-arm-clang.release.lib : printf.obj (.text._ntoa_format)
                  7004897e    00000002                                                 : SemaphoreP_nortos.obj (.text.SemaphoreP_destruct)
                  70048980    00000126     int_adc.o (.text.read_int_ADC)
                  70048aa6    00000120     board.o (.text.GPIO_bankIsrFxn)
                  70048bc6    0000011c     drivers.am263px.r5f.ti-arm-clang.release.lib : mcspi_v0_lld.obj (.text.MCSPI_lld_readWriteIntr)
                  70048ce2    0000011a                                                  : uart_v0_lld.obj (.text.UART_lld_controllerIsr)
                  70048dfc    00000118                                                  : edma.obj (.text.Alloc_resource)
                  70048f14    00000118     libclang_rt.builtins.a : udivmoddi4.S.obj (.text)
                  7004902c    00000114     ti_drivers_config.o (.text.GPIO_deinit)
                  70049140    00000114     drivers.am263px.r5f.ti-arm-clang.release.lib : soc_rcm.obj (.text.SOC_rcmGetPeripheralClockFrequency)
                  70049254    0000010e                                                  : uart_v0_lld.obj (.text.UART_lld_write)
                  70049362    0000010c     pmic_blackbird.am263px.r5f.ti-arm-clang.release.lib : pmic.obj (.text.Pmic_init)
                  7004946e    00000002     nortos.am263px.r5f.ti-arm-clang.release.lib : TaskP_nortos.obj (.text.TaskP_yield)
                  70049470    00000108     drivers.am263px.r5f.ti-arm-clang.release.lib : edma.obj (.text.EDMA_transferCompletionMasterIsrFxn)
                  70049578    00000108                                                  : uart_v0.obj (.text.UART_read)
                  70049680    00000106                                                  : mcspi_v0_lld.obj (.text.MCSPI_continuePeripheralTxRx)
                  70049786    00000104     nortos.am263px.r5f.ti-arm-clang.release.lib : ClockP_nortos_r5.obj (.text.ClockP_init)
                  7004988a    00000002     drivers.am263px.r5f.ti-arm-clang.release.lib : uart_dma_edma.obj (.text.UART_edmaDoNothing)
                  7004988c    00000104                                                  : uart_dma_edma.obj (.text.UART_lld_dmaWrite)
                  70049990    00000100                                                  : mcspi_v0.obj (.text.MCSPI_close)
                  70049a90    000000fc                                                  : uart_v0.obj (.text.UART_write)
                  70049b8c    000000f4                                                  : mcspi_v0_lld.obj (.text.MCSPI_lld_initDma)
                  70049c80    000000f0     libc.a : fputc.c.obj (.text.fputc)
                  70049d70    000000f0     board.o (.text.init_gpio)
                  70049e60    000000e6     drivers.am263px.r5f.ti-arm-clang.release.lib : mcspi_dma_edma.obj (.text.MCSPI_edmaIsrTx)
                  70049f46    000000e6                                                  : mcspi_v0_lld.obj (.text.MCSPI_lld_readWriteDma)
                  7004a02c    000000d6     board.o (.text.init_global_interrupts)
                  7004a102    00000002     drivers.am263px.r5f.ti-arm-clang.release.lib : uart_v0.obj (.text.UART_lld_errorCallback)
                  7004a104    000000d4     libc.a : sscanf.c.obj (.text._chkmbc)
                  7004a1d8    000000d4     logger.o (.text.print_log)
                  7004a2ac    000000d0     drivers.am263px.r5f.ti-arm-clang.release.lib : edma.obj (.text.EDMA_unregisterIntr)
                  7004a37c    000000cc                                                  : uart_v0_lld.obj (.text.UART_lld_initDma)
                  7004a448    000000c8     libc.a : getdevice.c.obj (.text.getdevice)
                  7004a510    000000c4     drivers.am263px.r5f.ti-arm-clang.release.lib : i2c_v1_lld.obj (.text.I2C_lld_mem_write)
                  7004a5d4    000000c4                                                  : i2c_v1_lld.obj (.text.I2C_lld_primeTransferIntr)
                  7004a698    000000c4                                                  : mcspi_v0_lld.obj (.text.MCSPI_lld_init)
                  7004a75c    000000c0     BQ25751.o (.text.BQ25751_read_reg)
                  7004a81c    000000c0     BQ25856.o (.text.BQ25856_read_reg)
                  7004a8dc    000000c0     drivers.am263px.r5f.ti-arm-clang.release.lib : i2c_v1_lld.obj (.text.I2C_lld_mem_read)
                  7004a99c    000000c0                                                  : uart_v0_lld.obj (.text.UART_lld_init)
                  7004aa5c    000000be     ioexp_tca6424.o (.text.TCA6424_config)
                  7004ab1a    000000be     ioexp_tca6424.o (.text.TCA6424_setOutput)
                  7004abd8    000000bc     drivers.am263px.r5f.ti-arm-clang.release.lib : edma.obj (.text.EDMA_registerIntr)
                  7004ac94    000000b4     libc.a : fseek.c.obj (.text.fseeko)
                  7004ad48    000000b0            : fclose.c.obj (.text.__TI_closefile)
                  7004adf8    000000b0     nortos.am263px.r5f.ti-arm-clang.release.lib : printf.obj (.text._ntoa_long_long)
                  7004aea8    000000ac     drivers.am263px.r5f.ti-arm-clang.release.lib : soc_rcm.obj (.text.SOC_rcmGetCoreHSDivOut)
                  7004af54    000000ac                                                  : uart_v0_lld.obj (.text.UART_divisorLatchWrite)
                  7004b000    000000a8     nortos.am263px.r5f.ti-arm-clang.release.lib : DebugP_uartScanf.obj (.text.DebugP_readLine)
                  7004b0a8    000000a8     pmic_blackbird.am263px.r5f.ti-arm-clang.release.lib : pmic_tps653860xx.obj (.text.PMIC_tps653860xxOpen)
                  7004b150    000000a6     drivers.am263px.r5f.ti-arm-clang.release.lib : mcspi_dma_edma.obj (.text.MCSPI_edmaIsrRx)
                  7004b1f6    000000a6     pmic_blackbird.am263px.r5f.ti-arm-clang.release.lib : pmic_tps653860xx.obj (.text.PMIC_mcspiReadRegister)
                  7004b29c    000000a6     drivers.am263px.r5f.ti-arm-clang.release.lib : uart_v0_lld.obj (.text.UART_lld_read)
                  7004b342    000000a6     nortos.am263px.r5f.ti-arm-clang.release.lib : printf.obj (.text._out_rev)
                  7004b3e8    000000a4     drivers.am263px.r5f.ti-arm-clang.release.lib : i2c_v1.obj (.text.I2C_close)
                  7004b48c    000000a4                                                  : i2c_v1_lld.obj (.text.I2C_lld_mem_readIntr)
                  7004b530    000000a4                                                  : i2c_v1_lld.obj (.text.I2C_lld_mem_writeIntr)
                  7004b5d4    000000a4     libc.a : memory.c.obj (.text.split)
                  7004b678    000000a0     drivers.am263px.r5f.ti-arm-clang.release.lib : edma.obj (.text.EDMA_freeDmaChannel)
                  7004b718    000000a0                                                  : edma.obj (.text.EDMA_freeParam)
                  7004b7b8    000000a0                                                  : edma.obj (.text.EDMA_freeTcc)
                  7004b858    000000a0     libsysbm.a : hostrename.c.obj (.text.HOSTrename)
                  7004b8f8    000000a0     drivers.am263px.r5f.ti-arm-clang.release.lib : uart_dma_edma.obj (.text.UART_lld_dmaRead)
                  7004b998    0000009c                                                  : uart_v0_lld.obj (.text.UART_lld_readIntr)
                  7004ba34    0000009c     libc.a : _io_perm.c.obj (.text.__TI_wrt_ok)
                  7004bad0    0000009a     ti_board_open_close.o (.text.Board_ioexpOpen)
                  7004bb6a    0000009a     pmic_blackbird.am263px.r5f.ti-arm-clang.release.lib : pmic_tps653860xx.obj (.text.PMIC_mcspiWriteRegister)
                  7004bc04    00000098     libsysbm.a : hostlseek.c.obj (.text.HOSTlseek)
                  7004bc9c    00000098     drivers.am263px.r5f.ti-arm-clang.release.lib : i2c_v1.obj (.text.I2C_primeTransfer)
                  7004bd34    00000096     BQ25751.o (.text.BQ25751_write_reg)
                  7004bdca    00000096     BQ25856.o (.text.BQ25856_write_reg)
                  7004be60    00000096     nortos.am263px.r5f.ti-arm-clang.release.lib : SemaphoreP_nortos.obj (.text.SemaphoreP_pend)
                  7004bef6    00000094     ti_drivers_open_close.o (.text.Drivers_open)
                  7004bf8a    00000094     drivers.am263px.r5f.ti-arm-clang.release.lib : edma.obj (.text.EDMA_configureChannelRegion)
                  7004c01e    00000002     nortos.am263px.r5f.ti-arm-clang.release.lib : printf.obj (.text._out_null)
                  7004c020    00000094     libsysbm.a : hostopen.c.obj (.text.HOSTopen)
                  7004c0b4    00000094     drivers.am263px.r5f.ti-arm-clang.release.lib : i2c_v1_lld.obj (.text.I2C_lld_init)
                  7004c148    00000094     ADS_adc.o (.text.SPI_ReadWrite)
                  7004c1dc    00000094     drivers.am263px.r5f.ti-arm-clang.release.lib : uart_v0_lld.obj (.text.UART_lld_readWithCounter)
                  7004c270    00000090                                                  : mcspi_v0_lld.obj (.text.MCSPI_setFifoConfig)
                  7004c300    0000008e     nortos.am263px.r5f.ti-arm-clang.release.lib : printf.obj (.text._ntoa_long)
                  7004c38e    0000008c     drivers.am263px.r5f.ti-arm-clang.release.lib : mcspi_v0_lld.obj (.text.MCSPI_lld_peripheralIsr)
                  7004c41a    00000002     --HOLE-- [fill = 0]
                  7004c41c    0000008c     libsysbm.a : close.c.obj (.text.close)
                  7004c4a8    0000008c     i2c_helper.o (.text.i2c_read_error_handler)
                  7004c534    00000088     drivers.am263px.r5f.ti-arm-clang.release.lib : adc.obj (.text.ADC_setPPBTripLimits)
                  7004c5bc    00000088                                                  : uart_v0.obj (.text.UART_init)
                  7004c644    00000088                                                  : uart_v0_lld.obj (.text.UART_procLineStatusErr)
                  7004c6cc    00000088     libc.a : fflush.c.obj (.text.__TI_doflush)
                  7004c754    00000084     libsysbm.a : hostread.c.obj (.text.HOSTread)
                  7004c7d8    00000084                : hostwrite.c.obj (.text.HOSTwrite)
                  7004c85c    00000084     drivers.am263px.r5f.ti-arm-clang.release.lib : mcspi_v0_lld.obj (.text.MCSPI_setPeripheralFifoConfig)
                  7004c8e0    00000080                                                  : edma.obj (.text.EDMA_close)
                  7004c960    00000080                                                  : uart_v0.obj (.text.UART_flushTxFifo)
                  7004c9e0    0000007e     ti_drivers_open_close.o (.text.Drivers_mcspiOpen)
                  7004ca5e    0000007e     drivers.am263px.r5f.ti-arm-clang.release.lib : mcspi_v0_lld.obj (.text.MCSPI_fifoRead)
                  7004cadc    0000007e                                                  : mcspi_v0_lld.obj (.text.MCSPI_transferPeripheralPoll)
                  7004cb5a    0000007a                                                  : mcspi_v0_lld.obj (.text.MCSPI_initiateLastChunkTransfer)
                  7004cbd4    00000078                                                  : mcspi_v0.obj (.text.MCSPI_init)
                  7004cc4c    00000076     ti_board_open_close.o (.text.Board_pmicOpen)
                  7004ccc2    00000076     drivers.am263px.r5f.ti-arm-clang.release.lib : uart_v0_lld.obj (.text.UART_readDataPolling)
                  7004cd38    00000072                                                  : mcspi_v0_lld.obj (.text.MCSPI_fifoWrite)
                  7004cdaa    00000072                                                  : mcspi_v0_lld.obj (.text.MCSPI_stop)
                  7004ce1c    00000070                                                  : mcspi_dma_edma.obj (.text.MCSPI_lld_dmaStop)
                  7004ce8c    00000070     pmic_blackbird.am263px.r5f.ti-arm-clang.release.lib : pmic_tps653860xx.obj (.text.PMIC_tps653860xxConfigure)
                  7004cefc    00000070                                                         : pmic_io.obj (.text.Pmic_ioTxByte)
                  7004cf6c    0000006e     BQ25751.o (.text.BQ25751_read_faults)
                  7004cfda    0000006e     drivers.am263px.r5f.ti-arm-clang.release.lib : edma.obj (.text.EDMA_disableTransferRegion)
                  7004d048    0000006e                                                  : edma.obj (.text.EDMA_enableTransferRegion)
                  7004d0b6    00000002     --HOLE-- [fill = 0]
                  7004d0b8    0000006c     libsysbm.a : hostunlink.c.obj (.text.HOSTunlink)
                  7004d124    0000006c     drivers.am263px.r5f.ti-arm-clang.release.lib : uart_v0_lld.obj (.text.UART_lld_writeDma)
                  7004d190    0000006a     ti_drivers_open_close.o (.text.Drivers_i2cOpen)
                  7004d1fa    00000068     drivers.am263px.r5f.ti-arm-clang.release.lib : uart_v0_lld.obj (.text.UART_lld_readDma)
                  7004d262    00000068                                                  : uart_v0_lld.obj (.text.UART_lld_writeIntr)
                  7004d2ca    00000002     --HOLE-- [fill = 0]
                  7004d2cc    00000068     libc.a : atoi.c.obj (.text.atoi)
                  7004d334    00000068     board.o (.text.digitalWrite)
                  7004d39c    00000066     pmic_blackbird.am263px.r5f.ti-arm-clang.release.lib : pmic_core.obj (.text.Pmic_getLockCfg)
                  7004d402    00000066     nortos.am263px.r5f.ti-arm-clang.release.lib : PmuP_armv7r.obj (.text.pmu)
                  7004d468    00000064     drivers.am263px.r5f.ti-arm-clang.release.lib : soc.obj (.text.SOC_controlModuleUnlockMMR)
                  7004d4cc    00000064     logger.o (.text.add_log)
                  7004d530    00000064     board.o (.text.init_interrupt)
                  7004d594    00000062     BQ25856.o (.text.BQ25856_init)
                  7004d5f6    00000002     --HOLE-- [fill = 0]
                  7004d5f8    00000060     libsysbm.a : hostclose.c.obj (.text.HOSTclose)
                  7004d658    00000060     libc.a : memory.c.obj (.text.calloc)
                  7004d6b8    0000005e     nortos.am263px.r5f.ti-arm-clang.release.lib : ClockP_nortos.obj (.text.ClockP_timerTickIsr)
                  7004d716    0000005e     drivers.am263px.r5f.ti-arm-clang.release.lib : mcspi_v0_lld.obj (.text.MCSPI_setChDataSize)
                  7004d774    0000005c                                                  : gpio.obj (.text.GPIO_setTrigType)
                  7004d7d0    0000005c                                                  : mcspi_v0_lld.obj (.text.MCSPI_configInstance)
                  7004d82c    0000005c     pmic_blackbird.am263px.r5f.ti-arm-clang.release.lib : pmic_core.obj (.text.Pmic_setRegLockState)
                  7004d888    0000005c     drivers.am263px.r5f.ti-arm-clang.release.lib : soc.obj (.text.SOC_controlModuleLockMMR)
                  7004d8e4    0000005c     nortos.am263px.r5f.ti-arm-clang.release.lib : DebugP_log.obj (.text._DebugP_assert)
                  7004d940    00000058     drivers.am263px.r5f.ti-arm-clang.release.lib : mcspi_dma_edma.obj (.text.MCSPI_edmaUpdateTransferParams)
                  7004d998    00000058     libc.a : fopen.c.obj (.text.__TI_cleanup)
                  7004d9f0    00000058     libsysbm.a : trgmsg.c.obj (.text.__TI_readmsg)
                  7004da48    00000058                : trgmsg.c.obj (.text.__TI_writemsg)
                  7004daa0    00000058     logger.o (.text.print_pending_logs)
                  7004daf8    00000056     nortos.am263px.r5f.ti-arm-clang.release.lib : ClockP_nortos.obj (.text.ClockP_getTimeUsec)
                  7004db4e    00000056     pmic_blackbird.am263px.r5f.ti-arm-clang.release.lib : pmic_tps653860xx.obj (.text.PMIC_regRead)
                  7004dba4    00000056                                                         : pmic_tps653860xx.obj (.text.PMIC_regWrite)
                  7004dbfa    00000056     drivers.am263px.r5f.ti-arm-clang.release.lib : uart_v0_lld.obj (.text.UART_intrDisable)
                  7004dc50    00000056                                                  : uart_v0_lld.obj (.text.UART_readCancelNoCB)
                  7004dca6    00000056                                                  : uart_v0_lld.obj (.text.UART_writeCancelNoCB)
                  7004dcfc    00000054     ti_dpl_config.o (.text.Dpl_init)
                  7004dd50    00000054     libc.a : exit.c.obj (.text.exit)
                  7004dda4    00000054            : getdevice.c.obj (.text.finddevice)
                  7004ddf8    00000054            : autoinit.c.obj (.text:__TI_auto_init_nobinit_nopinit)
                  7004de4c    00000052     nortos.am263px.r5f.ti-arm-clang.release.lib : AddrTranslateP_32bit.obj (.text.AddrTranslateP_getLocalAddr)
                  7004de9e    00000052     drivers.am263px.r5f.ti-arm-clang.release.lib : i2c_v1.obj (.text.I2C_LLD_targetTransferCompleteCallback)
                  7004def0    00000052                                                  : mcspi_v0_lld.obj (.text.MCSPI_lld_deInitDma)
                  7004df42    00000050     BQ25751.o (.text.BQ25751_print_register_dump)
                  7004df92    00000050     BQ25856.o (.text.BQ25856_print_register_dump)
                  7004dfe2    00000050     nortos.am263px.r5f.ti-arm-clang.release.lib : ClockP_nortos.obj (.text.ClockP_construct)
                  7004e032    00000002     --HOLE-- [fill = 0]
                  7004e034    00000050     drivers.am263px.r5f.ti-arm-clang.release.lib : edma.obj (.text.EDMA_allocDmaChannel)
                  7004e084    00000050                                                  : edma.obj (.text.EDMA_allocParam)
                  7004e0d4    00000050                                                  : edma.obj (.text.EDMA_allocTcc)
                  7004e124    0000004e     nortos.am263px.r5f.ti-arm-clang.release.lib : ClockP_nortos.obj (.text.ClockP_addToList)
                  7004e172    0000004e     ti_drivers_open_close.o (.text.Drivers_edmaOpen)
                  7004e1c0    0000004e     ti_drivers_open_close.o (.text.Drivers_uartOpen)
                  7004e20e    0000004e     drivers.am263px.r5f.ti-arm-clang.release.lib : edma.obj (.text.EDMA_disableChInShadowRegRegion)
                  7004e25c    0000004c                                                  : mcspi_v0.obj (.text.MCSPI_transferCallback)
                  7004e2a8    0000004c                                                  : mcspi_v0_lld.obj (.text.MCSPI_transferControllerIntr)
                  7004e2f4    0000004c                                                  : soc.obj (.text.SOC_enableAdcReferenceMonitor)
                  7004e340    0000004c     pmic_test.o (.text.pmic_init)
                  7004e38c    00000048     drivers.am263px.r5f.ti-arm-clang.release.lib : soc.obj (.text.SOC_enableAdcGlobalForce)
                  7004e3d4    00000048                                                  : soc.obj (.text.SOC_enableAdcInternalReference)
                  7004e41c    00000048                                                  : uart_dma_edma.obj (.text.UART_edmaIsrRx)
                  7004e464    00000048     libsysbm.a : unlink.c.obj (.text.unlink)
                  7004e4ac    00000046     drivers.am263px.r5f.ti-arm-clang.release.lib : uart_dma_edma.obj (.text.UART_edmaIsrTx)
                  7004e4f2    00000044                                                  : i2c_v1.obj (.text.I2C_completeCurrTransfer)
                  7004e536    00000002     --HOLE-- [fill = 0]
                  7004e538    00000044                                                  : soc.obj (.text.SOC_getAdcReferenceStatus)
                  7004e57c    00000044                                                  : uart_v0.obj (.text.UART_Params_init)
                  7004e5c0    00000044                                                  : uart_v0_lld.obj (.text.UART_lld_deInitDma)
                  7004e604    00000040     nortos.am263px.r5f.ti-arm-clang.release.lib : ClockP_nortos.obj (.text.ClockP_stop)
                  7004e644    00000040     drivers.am263px.r5f.ti-arm-clang.release.lib : edma.obj (.text.EDMA_mapChToEvtQ)
                  7004e684    00000040                                                  : pinmux.obj (.text.Pinmux_config)
                  7004e6c4    00000040     nortos.am263px.r5f.ti-arm-clang.release.lib : SemaphoreP_nortos.obj (.text.SemaphoreP_constructBinary)
                  7004e704    00000040     drivers.am263px.r5f.ti-arm-clang.release.lib : uart_v0_lld.obj (.text.UART_lld_deInit)
                  7004e744    00000040     libc.a : memory.c.obj (.text.free_list_insert)
                  7004e784    0000003e     drivers.am263px.r5f.ti-arm-clang.release.lib : i2c_v1_lld.obj (.text.I2C_lld_transferInit)
                  7004e7c2    0000003e     nortos.am263px.r5f.ti-arm-clang.release.lib : SemaphoreP_nortos.obj (.text.SemaphoreP_constructMutex)
                  7004e800    0000003c     drivers.am263px.r5f.ti-arm-clang.release.lib : edma.obj (.text.EDMA_getBaseAddr)
                  7004e83c    0000003c                                                  : uart_v0_lld.obj (.text.UART_readData)
                  7004e878    0000003a     BQ25751.o (.text.BQ25751_init)
                  7004e8b2    0000003a     nortos.am263px.r5f.ti-arm-clang.release.lib : ClockP_nortos.obj (.text.ClockP_destruct)
                  7004e8ec    0000003a                                                 : DebugP_uartLogWriter.obj (.text.DebugP_uartLogWriterPutChar)
                  7004e926    0000003a     ti_power_clock_config.o (.text.Module_clockSetFrequency)
                  7004e960    0000003a     ioexp_tca6424.o (.text.TCA6424_open)
                  7004e99a    0000003a     drivers.am263px.r5f.ti-arm-clang.release.lib : uart_v0_lld.obj (.text.UART_lld_flushTxFifo)
                  7004e9d4    00000038     pmic_blackbird.am263px.r5f.ti-arm-clang.release.lib : pmic_lld.obj (.text.PMIC_open)
                  7004ea0c    00000038                                                         : pmic.obj (.text.Pmic_checkPmicCoreHandle)
                  7004ea44    00000038     drivers.am263px.r5f.ti-arm-clang.release.lib : soc_rcm.obj (.text.SOC_rcmADPLLJGetFOut)
                  7004ea7c    00000038     nortos.am263px.r5f.ti-arm-clang.release.lib : DebugP_nortos.obj (.text._DebugP_logZone)
                  7004eab4    00000038                                                 : PmuP_armv7r_asm.obj (.text.pmu)
                  7004eaec    00000036     drivers.am263px.r5f.ti-arm-clang.release.lib : edma.obj (.text.EDMA_clrMissEvtRegion)
                  7004eb22    00000034     nortos.am263px.r5f.ti-arm-clang.release.lib : ClockP_nortos.obj (.text.ClockP_start)
                  7004eb56    00000002     --HOLE-- [fill = 0]
                  7004eb58    00000034     drivers.am263px.r5f.ti-arm-clang.release.lib : i2c_v1.obj (.text.I2C_init)
                  7004eb8c    00000034                                                  : mcspi_v0.obj (.text.MCSPI_errorCallback)
                  7004ebc0    00000034     ti_power_clock_config.o (.text.Module_clockDisable)
                  7004ebf4    00000034     ti_power_clock_config.o (.text.Module_clockEnable)
                  7004ec28    00000034     pmic_blackbird.am263px.r5f.ti-arm-clang.release.lib : pmic_io.obj (.text.Pmic_ioRxByte)
                  7004ec5c    00000034     drivers.am263px.r5f.ti-arm-clang.release.lib : soc.obj (.text.SOC_enableAdcDacLoopback)
                  7004ec90    00000034                                                  : soc_rcm.obj (.text.SOC_rcmGetModuleClkDivVal)
                  7004ecc4    00000034     libc.a : memory.c.obj (.text.free_list_remove)
                  7004ecf8    00000034     libsysbm.a : lseek.c.obj (.text.lseek)
                  7004ed2c    00000034                : write.c.obj (.text.write)
                  7004ed60    00000032     nortos.am263px.r5f.ti-arm-clang.release.lib : ClockP_nortos.obj (.text.ClockP_usleep)
                  7004ed92    00000032     drivers.am263px.r5f.ti-arm-clang.release.lib : edma.obj (.text.EDMA_unmapChToEvtQ)
                  7004edc4    00000032     nortos.am263px.r5f.ti-arm-clang.release.lib : SemaphoreP_nortos.obj (.text.SemaphoreP_post)
                  7004edf6    00000030                                                 : DebugP_uartScanf.obj (.text.DebugP_scanf)
                  7004ee26    00000030     ti_drivers_open_close.o (.text.Drivers_mcspiClose)
                  7004ee56    00000030     drivers.am263px.r5f.ti-arm-clang.release.lib : i2c_v1_lld.obj (.text.I2CControllerInitExpClk)
                  7004ee86    00000030                                                  : uart_v0.obj (.text.UART_lld_writeCompleteCallback)
                  7004eeb6    00000002     --HOLE-- [fill = 0]
                  7004eeb8    00000030     int_adc.o (.text.adc_to_current_LM74930)
                  7004eee8    0000002e     drivers.am263px.r5f.ti-arm-clang.release.lib : edma.obj (.text.EDMA_enableChInShadowRegRegion)
                  7004ef16    0000002e                                                  : i2c_v1_lld.obj (.text.I2C_lld_deInit)
                  7004ef44    0000002e     ti_drivers_config.o (.text.System_init)
                  7004ef72    0000002e     drivers.am263px.r5f.ti-arm-clang.release.lib : uart_v0.obj (.text.UART_lld_readCompleteCallback)
                  7004efa0    0000002c     nortos.am263px.r5f.ti-arm-clang.release.lib : DebugP_shmLogReader.obj (.text.DebugP_shmLogReaderInit)
                  7004efcc    0000002c     drivers.am263px.r5f.ti-arm-clang.release.lib : i2c_v1.obj (.text.I2C_getHandle)
                  7004eff8    0000002c                                                  : mcspi_v0.obj (.text.MCSPI_getHandle)
                  7004f024    0000002c     pmic_blackbird.am263px.r5f.ti-arm-clang.release.lib : pmic_tps653860xx.obj (.text.PMIC_getCoreHandle)
                  7004f050    0000002c     drivers.am263px.r5f.ti-arm-clang.release.lib : soc_rcm.obj (.text.SOC_rcmGetR5Clock)
                  7004f07c    0000002c                                                  : uart_v0.obj (.text.UART_getHandle)
                  7004f0a8    0000002c     ADS_adc.o (.text.adc_to_current_HSS_MB)
                  7004f0d4    0000002c     ADS_adc.o (.text.adc_to_current_TPS)
                  7004f100    0000002c     libc.a : sscanf.c.obj (.text.vsscanf)
                  7004f12c    0000002a     pmic_test.o (.text.pmic_write_reg)
                  7004f156    00000028     nortos.am263px.r5f.ti-arm-clang.release.lib : ClockP_nortos.obj (.text.ClockP_sleepTicks)
                  7004f17e    00000028     drivers.am263px.r5f.ti-arm-clang.release.lib : gpio.obj (.text.GPIO_setDirMode)
                  7004f1a6    00000028                                                  : mcspi_v0_lld.obj (.text.MCSPI_fifoReadMultiWord)
                  7004f1ce    00000028     pmic_blackbird.am263px.r5f.ti-arm-clang.release.lib : pmic_tps653860xx.obj (.text.PMIC_tps653860xxClose)
                  7004f1f6    00000002     --HOLE-- [fill = 0]
                  7004f1f8    00000028     drivers.am263px.r5f.ti-arm-clang.release.lib : soc.obj (.text.SOC_moduleSetClockFrequency)
                  7004f220    00000028     ADS_adc.o (.text.read_ext_ADC)
                  7004f248    00000026     nortos.am263px.r5f.ti-arm-clang.release.lib : ClockP_nortos.obj (.text.ClockP_sleep)
                  7004f26e    00000026     drivers.am263px.r5f.ti-arm-clang.release.lib : edma.obj (.text.EDMA_setPaRAM)
                  7004f294    00000026                                                  : i2c_v1_lld.obj (.text.I2C_lld_transferIntr)
                  7004f2ba    00000026                                                  : i2c_v1_lld.obj (.text.I2C_lld_transferPoll)
                  7004f2e0    00000026                                                  : uart_dma_edma.obj (.text.UART_lld_dmaDisableChannel)
                  7004f306    00000024                                                  : mcspi_v0_lld.obj (.text.MCSPI_fifoWriteMultiWord)
                  7004f32a    00000002     --HOLE-- [fill = 0]
                  7004f32c    00000024                                                  : uart_v0_lld.obj (.text.UART_IsHWFlowCtrlValid)
                  7004f350    00000024                                                  : uart_v0_lld.obj (.text.UART_IsRxTrigLvlValid)
                  7004f374    00000024                                                  : uart_v0_lld.obj (.text.UART_IsTxTrigLvlValid)
                  7004f398    00000024     libclang_rt.builtins.a : aeabi_uldivmod.S.obj (.text.__aeabi_uldivmod)
                  7004f3bc    00000024     int_adc.o (.text.int_adc_to_voltage)
                  7004f3e0    00000024     nortos.am263px.r5f.ti-arm-clang.release.lib : printf.obj (.text.vprintf_)
                  7004f404    00000022     drivers.am263px.r5f.ti-arm-clang.release.lib : edma.obj (.text.EDMA_linkChannel)
                  7004f426    00000022                                                  : mcspi_v0_lld.obj (.text.MCSPI_transferPeripheralIntr)
                  7004f448    00000022     pmic_blackbird.am263px.r5f.ti-arm-clang.release.lib : pmic.obj (.text.Pmic_deinit)
                  7004f46a    00000022     ti_drivers_config.o (.text.System_deinit)
                  7004f48c    00000022     logger.o (.text.print_logs)
                  7004f4ae    00000020     nortos.am263px.r5f.ti-arm-clang.release.lib : DebugP_log.obj (.text.DebugP_logZoneEnable)
                  7004f4ce    00000002     --HOLE-- [fill = 0]
                  7004f4d0    00000020     drivers.am263px.r5f.ti-arm-clang.release.lib : i2c_v1_lld.obj (.text.I2C_lld_Message_init)
                  7004f4f0    00000020                                                  : mcspi_v0_lld.obj (.text.MCSPI_fifoRead32)
                  7004f510    00000020     nortos.am263px.r5f.ti-arm-clang.release.lib : TimerP_rti_priv.obj (.text.TimerP_Params_initPriv)
                  7004f530    00000020     drivers.am263px.r5f.ti-arm-clang.release.lib : uart_v0_lld.obj (.text.UART_getChar)
                  7004f550    0000001e     ti_board_open_close.o (.text.Board_driversOpen)
                  7004f56e    0000001e     ioexp_tca6424.o (.text.TCA6424_close)
                  7004f58c    0000001e     drivers.am263px.r5f.ti-arm-clang.release.lib : uart_v0_lld.obj (.text.UART_spaceAvail)
                  7004f5aa    0000001e                                                  : uart_v0_lld.obj (.text.UART_statusIsDataReady)
                  7004f5c8    0000001c                                                  : i2c_v1.obj (.text.I2C_hwiFxn)
                  7004f5e4    0000001c                                                  : mcspi_v0_lld.obj (.text.MCSPI_fifoWrite32)
                  7004f600    0000001c                                                  : mcspi_v0_lld.obj (.text.MCSPI_getFifoTrigLvl)
                  7004f61c    0000001c                                                  : mcspi_v0_lld.obj (.text.MCSPI_lld_deInit)
                  7004f638    0000001c     pmic_blackbird.am263px.r5f.ti-arm-clang.release.lib : pmic_core.obj (.text.Pmic_getRegLockState)
                  7004f654    0000001c     drivers.am263px.r5f.ti-arm-clang.release.lib : soc_rcm.obj (.text.SOC_rcmIsR5FInLockStepMode)
                  7004f670    0000001c     libc.a : sscanf.c.obj (.text._inpchar)
                  7004f68c    0000001c     main.o (.text.main)
                  7004f6a8    0000001c     libsysbm.a : hostrename.c.obj (.text.strcpy)
                  7004f6c4    0000001c                : hostrename.c.obj (.text.strlen)
                  7004f6e0    0000001c     libc.a : memcpy32.S.obj (.text:TI_memcpy_small)
                  7004f6fc    0000001a     nortos.am263px.r5f.ti-arm-clang.release.lib : CpuId_armv7r.obj (.text.CSL_armR5GetCpuID)
                  7004f716    0000001a     ti_board_open_close.o (.text.Drivers_pmicOpen)
                  7004f730    0000001a     drivers.am263px.r5f.ti-arm-clang.release.lib : edma.obj (.text.EDMA_readEventStatusRegion)
                  7004f74a    0000001a                                                  : uart_v0_lld.obj (.text.UART_enhanFuncEnable)
                  7004f764    00000018                                                  : i2c_v1.obj (.text.I2C_deinit)
                  7004f77c    00000018                                                  : mcspi_v0.obj (.text.MCSPI_deinit)
                  7004f794    00000018                                                  : mcspi_dma_edma.obj (.text.MCSPI_lld_dmaInit)
                  7004f7ac    00000018     nortos.am263px.r5f.ti-arm-clang.release.lib : TimerP_rti_priv.obj (.text.TimerP_getCountPriv)
                  7004f7c4    00000018     drivers.am263px.r5f.ti-arm-clang.release.lib : uart_v0.obj (.text.UART_deinit)
                  7004f7dc    00000018     logger.o (.text.clear_logs)
                  7004f7f4    00000018     libc.a : memset32.S.obj (.text:TI_memset_small)
                  7004f80c    00000016     drivers.am263px.r5f.ti-arm-clang.release.lib : i2c_v1_lld.obj (.text.I2C_lld_Transaction_init)
                  7004f822    00000016                                                  : mcspi_v0_lld.obj (.text.MCSPI_reset)
                  7004f838    00000016                                                  : uart_v0_lld.obj (.text.UART_IsTxRxFifoEmpty)
                  7004f84e    00000016                                                  : uart_v0_lld.obj (.text.UART_getIntrIdentityStatus)
                  7004f864    00000016                                                  : uart_v0_lld.obj (.text.UART_getRxError)
                  7004f87a    00000014     nortos.am263px.r5f.ti-arm-clang.release.lib : ClockP_nortos.obj (.text.ClockP_usecToTicks)
                  7004f88e    00000014     drivers.am263px.r5f.ti-arm-clang.release.lib : edma.obj (.text.EDMA_getRegionId)
                  7004f8a2    00000014                                                  : uart_v0.obj (.text.UART_Transaction_init)
                  7004f8b6    00000014                                                  : uart_v0_lld.obj (.text.UART_enhanFuncBitValRestore)
                  7004f8ca    00000012                                                  : adc.obj (.text.ADC_setMode)
                  7004f8dc    00000012                                                  : i2c_v1.obj (.text.I2C_LLD_transferCompleteCallback)
                  7004f8ee    00000012     pmic_blackbird.am263px.r5f.ti-arm-clang.release.lib : pmic_lld.obj (.text.PMIC_configure)
                  7004f900    00000012     drivers.am263px.r5f.ti-arm-clang.release.lib : uart_v0_lld.obj (.text.UART_hardwareFlowCtrlOptSet)
                  7004f912    00000012                                                  : uart_v0_lld.obj (.text.UART_operatingModeSelect)
                  7004f924    00000012                                                  : uart_v0_lld.obj (.text.UART_readLineStatus)
                  7004f936    00000012     ti_dpl_config.o (.text.putchar_)
                  7004f948    00000010     drivers.am263px.r5f.ti-arm-clang.release.lib : gpio.obj (.text.GPIO_bankIntrDisable)
                  7004f958    00000010     pmic_blackbird.am263px.r5f.ti-arm-clang.release.lib : pmic_tps653860xx.obj (.text.PMIC_criticalSectionStartFn)
                  7004f968    00000010     drivers.am263px.r5f.ti-arm-clang.release.lib : uart_v0_lld.obj (.text.UART_intr2Disable)
                  7004f978    00000010     libclang_rt.builtins.a : aeabi_memset.S.obj (.text.__aeabi_memset)
                  7004f988    00000010     libc.a : sscanf.c.obj (.text._uninpchar)
                  7004f998    00000010            : fputc.c.obj (.text.putchar)
                  7004f9a8    0000000e     drivers.am263px.r5f.ti-arm-clang.release.lib : edma.obj (.text.EDMA_ccPaRAMEntry_init)
                  7004f9b6    0000000e                                                  : gpio.obj (.text.GPIO_bankIntrEnable)
                  7004f9c4    0000000e                                                  : i2c_v1.obj (.text.I2C_transferCallback)
                  7004f9d2    0000000e     pmic_blackbird.am263px.r5f.ti-arm-clang.release.lib : pmic_lld.obj (.text.PMIC_close)
                  7004f9e0    0000000e     ti_pinmux_config.o (.text.Pinmux_init)
                  7004f9ee    0000000e     ti_power_clock_config.o (.text.PowerClock_init)
                  7004f9fc    0000000c     nortos.am263px.r5f.ti-arm-clang.release.lib : ClockP_nortos.obj (.text.ClockP_getTicks)
                  7004fa08    0000000c                                                 : DebugP_uartLogWriter.obj (.text.DebugP_uartSetDrvIndex)
                  7004fa14    0000000c     drivers.am263px.r5f.ti-arm-clang.release.lib : edma.obj (.text.EDMA_isInitialized)
                  7004fa20    0000000c                                                  : i2c_v1.obj (.text.I2C_Transaction_init)
                  7004fa2c    0000000c     pmic_blackbird.am263px.r5f.ti-arm-clang.release.lib : pmic_tps653860xx.obj (.text.PMIC_criticalSectionStopFn)
                  7004fa38    0000000c     drivers.am263px.r5f.ti-arm-clang.release.lib : soc.obj (.text.SOC_getSelfCpuClk)
                  7004fa44    0000000c     ioexp_tca6424.o (.text.TCA6424_Params_init)
                  7004fa50    0000000c     libc.a : aeabi_portable.c.obj (.text.__aeabi_errno_addr)
                  7004fa5c    0000000c     libclang_rt.builtins.a : aeabi_memset.S.obj (.text.__aeabi_memclr)
                  7004fa68    0000000c     libc.a : memory.c.obj (.text.malloc)
                  7004fa74    0000000c     nortos.am263px.r5f.ti-arm-clang.release.lib : CpuId_armv7r_asm.obj (.text)
                  7004fa80    0000000c     libc.a : strcmp32.S.obj (.text)
                  7004fa8c    0000000a     nortos.am263px.r5f.ti-arm-clang.release.lib : ClockP_nortos.obj (.text.ClockP_Params_init)
                  7004fa96    0000000a                                                 : ClockP_nortos.obj (.text.ClockP_isActive)
                  7004faa0    0000000a                                                 : TimerP_rti_priv.obj (.text.TimerP_getReloadCountPriv)
                  7004faaa    0000000a                                                 : TimerP_rti_priv.obj (.text.TimerP_startPriv)
                  7004fab4    0000000a     drivers.am263px.r5f.ti-arm-clang.release.lib : uart_v0_lld.obj (.text.UART_lld_Transaction_deInit)
                  7004fabe    00000002     --HOLE-- [fill = 0]
                  7004fac0    00000008     libsysbm.a : hostexit.c.obj (.text.HOSTexit)
                  7004fac8    00000008     pmic_blackbird.am263px.r5f.ti-arm-clang.release.lib : pmic_common.obj (.text.Pmic_criticalSectionStart)
                  7004fad0    00000008                                                         : pmic_common.obj (.text.Pmic_criticalSectionStop)
                  7004fad8    00000008                                                         : pmic_common.obj (.text.Pmic_validParamCheck)
                  7004fae0    00000008     nortos.am263px.r5f.ti-arm-clang.release.lib : TimerP_rti_priv.obj (.text.TimerP_clearOverflowIntPriv)
                  7004fae8    00000008                                                 : printf.obj (.text._out_char)
                  7004faf0    00000006     drivers.am263px.r5f.ti-arm-clang.release.lib : edma.obj (.text.EDMA_isInterruptEnabled)
                  7004faf6    00000006                                                  : soc.obj (.text.SOC_moduleClockEnable)
                  7004fafc    00000006                                                  : soc_rcm.obj (.text.SOC_rcmGetCR5SysclkInFrequency)
                  7004fb02    00000004     ti_power_clock_config.o (.text.PowerClock_deinit)
                  7004fb06    00000004     nortos.am263px.r5f.ti-arm-clang.release.lib : TimerP_rti_nortos.obj (.text.TimerP_Params_init)
                  7004fb0a    00000004                                                 : TimerP_rti_nortos.obj (.text.TimerP_clearOverflowInt)
                  7004fb0e    00000004                                                 : TimerP_rti_nortos.obj (.text.TimerP_getCount)
                  7004fb12    00000004                                                 : TimerP_rti_nortos.obj (.text.TimerP_getReloadCount)
                  7004fb16    00000004                                                 : TimerP_rti_nortos.obj (.text.TimerP_setup)
                  7004fb1a    00000004                                                 : TimerP_rti_nortos.obj (.text.TimerP_start)
                  7004fb1e    00000002     --HOLE-- [fill = 0]
                  7004fb20    00000004     libclang_rt.builtins.a : aeabi_div0.c.obj (.text.__aeabi_idiv0)
                  7004fb24    00000004                            : aeabi_div0.c.obj (.text.__aeabi_ldiv0)
                  7004fb28    00000004                            : aeabi_memcpy.S.obj (.text.__aeabi_memcpy)
                  7004fb2c    00000004     libc.a : _lock.c.obj (.text._nop)
                  7004fb30    00000004            : fseek.c.obj (.text.fseek)
                  7004fb34    00000004     libsysbm.a : remove.c.obj (.text.remove)
                  7004fb38    00000008     libclang_rt.builtins.a : aeabi_memcpy.S.obj (.tramp.__aeabi_memcpy.1)
                  7004fb40    00000008     nortos.am263px.r5f.ti-arm-clang.release.lib : HwiP_armv7r_asm.obj (.tramp.HwiP_restore.1)
                  7004fb48    00000008                                                 : HwiP_armv7r_asm.obj (.tramp.HwiP_enable.1)
                  7004fb50    00000008                                                 : PmuP_armv7r_asm.obj (.tramp.PmuP_setUserEnable.1)
                  7004fb58    00000008                                                 : PmuP_armv7r_asm.obj (.tramp.PmuP_enableCounters.1)

.rodata    0    7004fb60    00002dd0     
                  7004fb60    000004b0     testing.o (.rodata.test_results)
                  70050010    00000160     BQ25751.o (.rodata.bq25751_registers)
                  70050170    00000140     BQ25856.o (.rodata.bq25856_registers)
                  700502b0    00000101     libc.a : aeabi_ctype.S.obj (.rodata:__aeabi_ctype_table_)
                  700503b1    00000096     testing.o (.rodata.test_cases)
                  70050447    00000001     logger.o (.rodata.str1.11170080405929493601.1)
                  70050448    00000080     libc.a : strtod.c.obj (.rodata.digits)
                  700504c8    0000007a     ti_drivers_open_close.o (.rodata.str1.14200658025495415368.1)
                  70050542    00000002     --HOLE-- [fill = 0]
                  70050544    00000074     ti_dpl_config.o (.rodata.cfg)
                  700505b8    00000051     drivers.am263px.r5f.ti-arm-clang.release.lib : mcspi_v0.obj (.rodata.str1.26396439823528435241)
                  70050609    00000007     libc.a : _scanfi.c.obj (.rodata._sproc_int.flit)
                  70050610    00000050     nortos.am263px.r5f.ti-arm-clang.release.lib : printf.obj (.rodata._ftoa.pow10)
                  70050660    00000048     drivers.am263px.r5f.ti-arm-clang.release.lib : soc_rcm.obj (.rodata.gADPLLJConfigTbl)
                  700506a8    00000048     libc.a : strtod.c.obj (.rodata.powerof10)
                  700506f0    00000048     BQ25751.o (.rodata.str1.14774090551701140490.1)
                  70050738    00000048     BQ25856.o (.rodata.str1.792225484636118899.1)
                  70050780    00000048     drivers.am263px.r5f.ti-arm-clang.release.lib : mcspi_v0_lld.obj (.rodata.str1.97363132707188488161)
                  700507c8    00000047     BQ25751.o (.rodata.str1.12706072285533335359.1)
                  7005080f    00000047     BQ25856.o (.rodata.str1.17452830622121482975.1)
                  70050856    0000003d     nortos.am263px.r5f.ti-arm-clang.release.lib : TimerP_rti_priv.obj (.rodata.str1.72163963154704191671)
                  70050893    0000003b     testing.o (.rodata.str1.13902908763734703229.1)
                  700508ce    0000003b     BQ25751.o (.rodata.str1.15351948885430041794.1)
                  70050909    0000003b     logger.o (.rodata.str1.15765208293925770228.1)
                  70050944    0000003b     testing.o (.rodata.str1.17746360623054601515.1)
                  7005097f    0000003b     BQ25856.o (.rodata.str1.6498109007845748154.1)
                  700509ba    0000003b     testing.o (.rodata.str1.9663668549545128397.1)
                  700509f5    0000003a     BQ25856.o (.rodata.str1.1125723703244764118.1)
                  70050a2f    0000003a     testing.o (.rodata.str1.13404232100597892824.1)
                  70050a69    0000003a     testing.o (.rodata.str1.14475428689845802839.1)
                  70050aa3    0000003a     BQ25751.o (.rodata.str1.3951025446691905541.1)
                  70050add    0000003a     testing.o (.rodata.str1.5333103860067079182.1)
                  70050b17    0000003a     ti_board_open_close.o (.rodata.str1.5570045560695979883.1)
                  70050b51    00000039     testing.o (.rodata.str1.12712981990626671882.1)
                  70050b8a    00000002     --HOLE-- [fill = 0]
                  70050b8c    00000038     logger.o (.rodata..Lswitch.table.print_log.27)
                  70050bc4    00000038     testing.o (.rodata.str1.13271957185734089466.1)
                  70050bfc    00000038     testing.o (.rodata.str1.1809024094263384077.1)
                  70050c34    00000038     ti_drivers_open_close.o (.rodata.str1.2554706296470369595.1)
                  70050c6c    00000038     testing.o (.rodata.str1.9646216584914662902.1)
                  70050ca4    00000037     testing.o (.rodata.str1.12934025152450101698.1)
                  70050cdb    00000037     testing.o (.rodata.str1.13753495736459524521.1)
                  70050d12    00000037     nortos.am263px.r5f.ti-arm-clang.release.lib : SemaphoreP_nortos.obj (.rodata.str1.52751030918495836841)
                  70050d49    00000037     testing.o (.rodata.str1.912323090116748061.1)
                  70050d80    00000036     ti_drivers_open_close.o (.rodata.str1.10252002122772422448.1)
                  70050db6    00000036     testing.o (.rodata.str1.1765844212525536965.1)
                  70050dec    00000036     testing.o (.rodata.str1.9310835370192816021.1)
                  70050e22    00000035     BQ25856.o (.rodata.str1.13289053766905887436.1)
                  70050e57    00000035     BQ25751.o (.rodata.str1.13909236871274729330.1)
                  70050e8c    00000035     ti_drivers_open_close.o (.rodata.str1.17551203406305493380.1)
                  70050ec1    00000035     ti_drivers_open_close.o (.rodata.str1.17665391694225509261.1)
                  70050ef6    00000035     BQ25751.o (.rodata.str1.2730883272908071265.1)
                  70050f2b    00000035     ti_board_open_close.o (.rodata.str1.6201324418384543622.1)
                  70050f60    00000035     BQ25856.o (.rodata.str1.7995244721850945903.1)
                  70050f95    00000033     testing.o (.rodata.str1.8696649377706721793.1)
                  70050fc8    00000032     BQ25856.o (.rodata.str1.10414671138414579745.1)
                  70050ffa    00000032     drivers.am263px.r5f.ti-arm-clang.release.lib : adc.obj (.rodata.str1.104222482920253680151)
                  7005102c    00000032                                                  : adc.obj (.rodata.str1.137023953294967812531)
                  7005105e    00000032     BQ25751.o (.rodata.str1.8312350936966051270.1)
                  70051090    00000031     BQ25751.o (.rodata.str1.1249517775944244852.1)
                  700510c1    00000031     BQ25856.o (.rodata.str1.15489050132451458266.1)
                  700510f2    00000031     i2c_helper.o (.rodata.str1.6590778483916000382.1)
                  70051123    00000030     BQ25751.o (.rodata.str1.10106629780682049060.1)
                  70051153    00000030     BQ25856.o (.rodata.str1.10243731268799205829.1)
                  70051183    00000030     BQ25856.o (.rodata.str1.17962396073544272735.1)
                  700511b3    00000030     BQ25751.o (.rodata.str1.1820889172356602547.1)
                  700511e3    00000030     BQ25856.o (.rodata.str1.5082595652625867718.1)
                  70051213    00000030     ti_drivers_open_close.o (.rodata.str1.5293217666052239616.1)
                  70051243    00000030     BQ25751.o (.rodata.str1.8003800691019726735.1)
                  70051273    0000002e     BQ25856.o (.rodata.str1.11154569111547305432.1)
                  700512a1    0000002e     BQ25751.o (.rodata.str1.12958517175328886002.1)
                  700512cf    0000002e     BQ25856.o (.rodata.str1.14338968568037909906.1)
                  700512fd    0000002e     BQ25751.o (.rodata.str1.16455321582865690357.1)
                  7005132b    0000002e     BQ25856.o (.rodata.str1.2207094062492082686.1)
                  70051359    0000002e     nortos.am263px.r5f.ti-arm-clang.release.lib : ClockP_nortos.obj (.rodata.str1.39419159632632580371)
                  70051387    0000002e     BQ25751.o (.rodata.str1.8443781089576892544.1)
                  700513b5    0000002d     BQ25751.o (.rodata.str1.1275194715022805712.1)
                  700513e2    0000002d     BQ25751.o (.rodata.str1.13143656991489871118.1)
                  7005140f    0000002d     i2c_helper.o (.rodata.str1.13339857155982739385.1)
                  7005143c    0000002d     BQ25856.o (.rodata.str1.3292642858858668380.1)
                  70051469    0000002d     BQ25856.o (.rodata.str1.7239366430763322147.1)
                  70051496    0000002d     BQ25751.o (.rodata.str1.7430776718305622844.1)
                  700514c3    00000005     BQ25751.o (.rodata.str1.1229531588138316555.1)
                  700514c8    0000002c     drivers.am263px.r5f.ti-arm-clang.release.lib : i2c_v1.obj (.rodata.I2C_defaultTransaction)
                  700514f4    0000002c     i2c_helper.o (.rodata.str1.1142222398543706323.1)
                  70051520    0000002c     BQ25751.o (.rodata.str1.12868114523665019615.1)
                  7005154c    0000002c     BQ25856.o (.rodata.str1.1365095078110829190.1)
                  70051578    0000002c     BQ25751.o (.rodata.str1.14581448127847459194.1)
                  700515a4    0000002c     i2c_helper.o (.rodata.str1.5541145730006603107.1)
                  700515d0    0000002c     BQ25751.o (.rodata.str1.7886701266418031715.1)
                  700515fc    0000002c     BQ25751.o (.rodata.str1.9017280232647772979.1)
                  70051628    0000002c     BQ25856.o (.rodata.str1.9042339658583023608.1)
                  70051654    0000002b     BQ25856.o (.rodata.str1.11094402880587398397.1)
                  7005167f    0000002b     BQ25751.o (.rodata.str1.15589734765688486271.1)
                  700516aa    0000002b     BQ25856.o (.rodata.str1.16112850348045815110.1)
                  700516d5    0000002b     BQ25751.o (.rodata.str1.5160441401641532227.1)
                  70051700    0000002a     logger.o (.rodata.str1.6697840596852582545.1)
                  7005172a    0000002a     BQ25751.o (.rodata.str1.7897313143695813649.1)
                  70051754    0000002a     nortos.am263px.r5f.ti-arm-clang.release.lib : DebugP_log.obj (.rodata.str1.8882360920750446361)
                  7005177e    00000028     ti_drivers_open_close.o (.rodata.str1.1596297266130340916.1)
                  700517a6    00000028     ti_drivers_open_close.o (.rodata.str1.16112177131852734107.1)
                  700517ce    00000028     BQ25751.o (.rodata.str1.17894075944801656883.1)
                  700517f6    00000027     nortos.am263px.r5f.ti-arm-clang.release.lib : ClockP_nortos_r5.obj (.rodata.str1.91622226613999981811)
                  7005181d    00000026     i2c_helper.o (.rodata.str1.8566739563610922213.1)
                  70051843    00000025     ti_board_open_close.o (.rodata.str1.12245025114167949655.1)
                  70051868    00000025     BQ25751.o (.rodata.str1.1271360048684525176.1)
                  7005188d    00000025     ti_drivers_open_close.o (.rodata.str1.7750254725308216577.1)
                  700518b2    00000024     BQ25751.o (.rodata.str1.13505117214245943287.1)
                  700518d6    00000024     testing.o (.rodata.str1.1448113453728135492.1)
                  700518fa    00000024     drivers.am263px.r5f.ti-arm-clang.release.lib : edma.obj (.rodata.str1.164918382464449145851)
                  7005191e    00000024     BQ25856.o (.rodata.str1.17151883366456074681.1)
                  70051942    00000023     ti_drivers_open_close.o (.rodata.str1.10490786615736436564.1)
                  70051965    00000023     BQ25751.o (.rodata.str1.12421258905385577217.1)
                  70051988    00000023     nortos.am263px.r5f.ti-arm-clang.release.lib : ClockP_nortos_r5.obj (.rodata.str1.136646522816104227591)
                  700519ab    00000023     drivers.am263px.r5f.ti-arm-clang.release.lib : soc_rcm.obj (.rodata.str1.15813086600912413471)
                  700519ce    00000023     BQ25856.o (.rodata.str1.4767447193301463323.1)
                  700519f1    00000023     ti_board_open_close.o (.rodata.str1.760704006985994805.1)
                  70051a14    00000022     drivers.am263px.r5f.ti-arm-clang.release.lib : edma.obj (.rodata.str1.6611792697437713481)
                  70051a36    00000021     nortos.am263px.r5f.ti-arm-clang.release.lib : ClockP_nortos_r5.obj (.rodata.str1.99041146818411950391)
                  70051a57    00000001     --HOLE-- [fill = 0]
                  70051a58    00000020     drivers.am263px.r5f.ti-arm-clang.release.lib : uart_v0_lld.obj (.rodata.cst32)
                  70051a78    00000020     PDMtesting.o (.rodata.str1.10015848951539402881.1)
                  70051a98    00000020     drivers.am263px.r5f.ti-arm-clang.release.lib : uart_v0.obj (.rodata.str1.150767988884773108331)
                  70051ab8    0000001f     board.o (.rodata.str1.10881007155619371109.1)
                  70051ad7    0000001f     board.o (.rodata.str1.123550804358397101.1)
                  70051af6    0000001f     board.o (.rodata.str1.13738757807042593414.1)
                  70051b15    0000001f     board.o (.rodata.str1.14465880841147386111.1)
                  70051b34    0000001f     logger.o (.rodata.str1.14867204177169952558.1)
                  70051b53    0000001f     board.o (.rodata.str1.1510811462892085231.1)
                  70051b72    0000001f     board.o (.rodata.str1.16077883977509950417.1)
                  70051b91    0000001f     board.o (.rodata.str1.1696272589420159480.1)
                  70051bb0    0000001f     board.o (.rodata.str1.18250802514644841805.1)
                  70051bcf    0000001f     nortos.am263px.r5f.ti-arm-clang.release.lib : SemaphoreP_nortos.obj (.rodata.str1.25281168886080794691)
                  70051bee    0000001f                                                 : ClockP_nortos_r5.obj (.rodata.str1.25349503636762439021)
                  70051c0d    0000001f     board.o (.rodata.str1.5436337271421848948.1)
                  70051c2c    0000001f     board.o (.rodata.str1.6418571003999367838.1)
                  70051c4b    0000001f     board.o (.rodata.str1.673658226405435322.1)
                  70051c6a    0000001f     board.o (.rodata.str1.6840234256597642108.1)
                  70051c89    0000001f     ti_drivers_open_close.o (.rodata.str1.871795152488895636.1)
                  70051ca8    0000001f     board.o (.rodata.str1.9045895231722895584.1)
                  70051cc7    0000001e     board.o (.rodata.str1.10345935079445805060.1)
                  70051ce5    0000001e     drivers.am263px.r5f.ti-arm-clang.release.lib : mcspi_v0.obj (.rodata.str1.144400815220210358851)
                  70051d03    0000001e     board.o (.rodata.str1.9453984286452795027.1)
                  70051d21    0000001e     board.o (.rodata.str1.9461189164499355904.1)
                  70051d3f    0000001d     nortos.am263px.r5f.ti-arm-clang.release.lib : TimerP_rti_priv.obj (.rodata.str1.114219152040444562951)
                  70051d5c    0000001d                                                 : TimerP_rti_priv.obj (.rodata.str1.125174968193178473681)
                  70051d79    0000001d     ti_drivers_open_close.o (.rodata.str1.13083909648175487149.1)
                  70051d96    0000001d     drivers.am263px.r5f.ti-arm-clang.release.lib : uart_v0.obj (.rodata.str1.142814395268246240721)
                  70051db3    0000001d                                                  : mcspi_v0.obj (.rodata.str1.171925388543524077211)
                  70051dd0    0000001d     nortos.am263px.r5f.ti-arm-clang.release.lib : TimerP_rti_priv.obj (.rodata.str1.27974953896521033811)
                  70051ded    00000003     PDMtesting.o (.rodata.str1.1094412632907578887.1)
                  70051df0    0000001c     BQ25751.o (.rodata..Lswitch.table.BQ25751_read_faults)
                  70051e0c    0000001c     logger.o (.rodata.str1.10253156068257962407.1)
                  70051e28    0000001c     logger.o (.rodata.str1.12893940535876439382.1)
                  70051e44    0000001c     logger.o (.rodata.str1.16946937258229686214.1)
                  70051e60    0000001b     logger.o (.rodata.str1.10289081750774512625.1)
                  70051e7b    0000001b     drivers.am263px.r5f.ti-arm-clang.release.lib : edma.obj (.rodata.str1.16266241636797238661)
                  70051e96    0000001b     nortos.am263px.r5f.ti-arm-clang.release.lib : ClockP_nortos.obj (.rodata.str1.47646432807403639741)
                  70051eb1    0000001b     ti_drivers_open_close.o (.rodata.str1.5509699957385355460.1)
                  70051ecc    0000001b     logger.o (.rodata.str1.6452265960373237926.1)
                  70051ee7    0000001a     drivers.am263px.r5f.ti-arm-clang.release.lib : edma.obj (.rodata.str1.124702968117785801901)
                  70051f01    0000001a     nortos.am263px.r5f.ti-arm-clang.release.lib : ClockP_nortos_r5.obj (.rodata.str1.133203246495064227641)
                  70051f1b    0000001a     BQ25751.o (.rodata.str1.15227057180538999327.1)
                  70051f35    0000001a     drivers.am263px.r5f.ti-arm-clang.release.lib : soc_rcm.obj (.rodata.str1.153801437654618082741)
                  70051f4f    0000001a                                                  : mcspi_v0.obj (.rodata.str1.169212516063846095031)
                  70051f69    0000001a                                                  : i2c_v1.obj (.rodata.str1.65627606760091541251)
                  70051f83    0000001a     BQ25856.o (.rodata.str1.9144871496803497570.1)
                  70051f9d    0000001a     board.o (.rodata.str1.9440741161207462191.1)
                  70051fb7    0000001a     drivers.am263px.r5f.ti-arm-clang.release.lib : mcspi_v0.obj (.rodata.str1.99640994410596514241)
                  70051fd1    00000019     ti_drivers_open_close.o (.rodata.str1.14059614886583751700.1)
                  70051fea    00000019     nortos.am263px.r5f.ti-arm-clang.release.lib : TimerP_rti_priv.obj (.rodata.str1.160914699991520874261)
                  70052003    00000019     ti_drivers_open_close.o (.rodata.str1.7332975063418302059.1)
                  7005201c    00000018     drivers.am263px.r5f.ti-arm-clang.release.lib : soc.obj (.rodata..Lswitch.table.SOC_getAdcReferenceStatus)
                  70052034    00000004     nortos.am263px.r5f.ti-arm-clang.release.lib : CacheP_armv7r.obj (.rodata.gCacheL1dCacheLineSize)
                  70052038    00000018     drivers.am263px.r5f.ti-arm-clang.release.lib : i2c_v1_lld.obj (.rodata.I2C_lld_defaultMessage)
                  70052050    00000018                                                  : soc_rcm.obj (.rodata.gControlssPllClkSrcValMap)
                  70052068    00000018                                                  : soc_rcm.obj (.rodata.gCptsClkSrcValMap)
                  70052080    00000018                                                  : soc_rcm.obj (.rodata.gI2cClkSrcValMap)
                  70052098    00000018                                                  : soc_rcm.obj (.rodata.gLinUartClkSrcValMap)
                  700520b0    00000018                                                  : soc_rcm.obj (.rodata.gPeripheralClkSrcInfoMap)
                  700520c8    00000018                                                  : soc_rcm.obj (.rodata.gRtiClkSrcValMap)
                  700520e0    00000018                                                  : soc_rcm.obj (.rodata.gWdtClkSrcValMap)
                  700520f8    00000018                                                  : i2c_v1.obj (.rodata.str1.10394555129776590081)
                  70052110    00000018                                                  : i2c_v1.obj (.rodata.str1.145046381417982596211)
                  70052128    00000018                                                  : i2c_v1.obj (.rodata.str1.146157486204483244751)
                  70052140    00000018     BQ25856.o (.rodata.str1.18403151905249693661.1)
                  70052158    00000018     logger.o (.rodata.str1.516959638814628545.1)
                  70052170    00000018     logger.o (.rodata.str1.5671237403414969566.1)
                  70052188    00000018     pmic_blackbird.am263px.r5f.ti-arm-clang.release.lib : pmic_tps653860xx.obj (.rodata.str1.6332904072978273211)
                  700521a0    00000018     logger.o (.rodata.str1.887488774559121338.1)
                  700521b8    00000018     drivers.am263px.r5f.ti-arm-clang.release.lib : uart_v0.obj (.rodata.str1.9069738176458784971)
                  700521d0    00000018     BQ25751.o (.rodata.str1.9421605849956869534.1)
                  700521e8    00000018     logger.o (.rodata.str1.998270875404085501.1)
                  70052200    00000017     ADS_adc.o (.rodata.str1.10043506777178288082.1)
                  70052217    00000017     logger.o (.rodata.str1.10127394157737690499.1)
                  7005222e    00000017     i2c_helper.o (.rodata.str1.11017991858036563943.1)
                  70052245    00000017     drivers.am263px.r5f.ti-arm-clang.release.lib : soc_rcm.obj (.rodata.str1.141251745167226470741)
                  7005225c    00000017     ti_drivers_open_close.o (.rodata.str1.1628183244885117158.1)
                  70052273    00000017     pmic_blackbird.am263px.r5f.ti-arm-clang.release.lib : pmic_tps653860xx.obj (.rodata.str1.26938995543601310771)
                  7005228a    00000017     logger.o (.rodata.str1.9485715002722841782.1)
                  700522a1    00000016     PDMtesting.o (.rodata.str1.10577412323663350067.1)
                  700522b7    00000016     drivers.am263px.r5f.ti-arm-clang.release.lib : soc_rcm.obj (.rodata.str1.107645048611228328791)
                  700522cd    00000016     PDMtesting.o (.rodata.str1.12143205621091433229.1)
                  700522e3    00000016     logger.o (.rodata.str1.1246197995540081341.1)
                  700522f9    00000016     logger.o (.rodata.str1.14246187852812087945.1)
                  7005230f    00000016     drivers.am263px.r5f.ti-arm-clang.release.lib : soc_rcm.obj (.rodata.str1.177369307189295936511)
                  70052325    00000016     BQ25751.o (.rodata.str1.3974748969067114375.1)
                  7005233b    00000016     drivers.am263px.r5f.ti-arm-clang.release.lib : soc_rcm.obj (.rodata.str1.63555232926284281011)
                  70052351    00000016                                                  : mcspi_v0.obj (.rodata.str1.85423015064808713541)
                  70052367    00000015     ti_drivers_open_close.o (.rodata.str1.11521962449680083383.1)
                  7005237c    00000015     drivers.am263px.r5f.ti-arm-clang.release.lib : edma.obj (.rodata.str1.149652404363315708211)
                  70052391    00000015     ti_drivers_open_close.o (.rodata.str1.17912154466570466874.1)
                  700523a6    00000015     drivers.am263px.r5f.ti-arm-clang.release.lib : adc.obj (.rodata.str1.20431844208594508061)
                  700523bb    00000015     nortos.am263px.r5f.ti-arm-clang.release.lib : SemaphoreP_nortos.obj (.rodata.str1.30861210816963497001)
                  700523d0    00000015     BQ25751.o (.rodata.str1.453300746779397769.1)
                  700523e5    00000015     logger.o (.rodata.str1.8545315102583907144.1)
                  700523fa    00000014     drivers.am263px.r5f.ti-arm-clang.release.lib : mcspi_v0_lld.obj (.rodata.str1.147988882001261723701)
                  7005240e    00000014                                                  : edma.obj (.rodata.str1.176595599180530855901)
                  70052422    00000014                                                  : mcspi_v0.obj (.rodata.str1.34611452835214624521)
                  70052436    00000014     ti_drivers_open_close.o (.rodata.str1.3622116258035701796.1)
                  7005244a    00000014     drivers.am263px.r5f.ti-arm-clang.release.lib : edma.obj (.rodata.str1.41785049815304208531)
                  7005245e    00000014                                                  : edma.obj (.rodata.str1.93700429500326477781)
                  70052472    00000013                                                  : soc_rcm.obj (.rodata.str1.30734103837947208761)
                  70052485    00000013     testing.o (.rodata.str1.761491514650110821.1)
                  70052498    00000013     pmic_blackbird.am263px.r5f.ti-arm-clang.release.lib : pmic_tps653860xx.obj (.rodata.str1.85951990434278895621)
                  700524ab    00000013     testing.o (.rodata.str1.8954517940817656586.1)
                  700524be    00000013     drivers.am263px.r5f.ti-arm-clang.release.lib : uart_v0.obj (.rodata.str1.9980655952161290391)
                  700524d1    00000012                                                  : uart_v0.obj (.rodata.str1.166492982902436568231)
                  700524e3    00000012                                                  : uart_v0.obj (.rodata.str1.171120843061886446841)
                  700524f5    00000012                                                  : edma.obj (.rodata.str1.41579851849113419871)
                  70052507    00000012     BQ25856.o (.rodata.str1.5451804751329502844.1)
                  70052519    00000012     BQ25751.o (.rodata.str1.5958878973536578819.1)
                  7005252b    00000012     ti_drivers_open_close.o (.rodata.str1.6538372684047993024.1)
                  7005253d    00000012     drivers.am263px.r5f.ti-arm-clang.release.lib : soc_rcm.obj (.rodata.str1.67217821191364965911)
                  7005254f    00000011     BQ25856.o (.rodata.str1.11534990111546798960.1)
                  70052560    00000011     drivers.am263px.r5f.ti-arm-clang.release.lib : edma.obj (.rodata.str1.117215064595961288031)
                  70052571    00000011     ti_drivers_open_close.o (.rodata.str1.12213835641041270557.1)
                  70052582    00000011     logger.o (.rodata.str1.13406532556922755089.1)
                  70052593    00000011     drivers.am263px.r5f.ti-arm-clang.release.lib : uart_v0.obj (.rodata.str1.16967668833904919061)
                  700525a4    00000011     BQ25751.o (.rodata.str1.17099517407219647408.1)
                  700525b5    00000011     drivers.am263px.r5f.ti-arm-clang.release.lib : edma.obj (.rodata.str1.28692048193800818901)
                  700525c6    00000011     nortos.am263px.r5f.ti-arm-clang.release.lib : ClockP_nortos.obj (.rodata.str1.37923443167824241621)
                  700525d7    00000011                                                 : TimerP_rti_priv.obj (.rodata.str1.44101942245516082551)
                  700525e8    00000011     logger.o (.rodata.str1.4633242734696342979.1)
                  700525f9    00000011     ti_drivers_open_close.o (.rodata.str1.6292539624901818759.1)
                  7005260a    00000002     --HOLE-- [fill = 0]
                  7005260c    00000010     drivers.am263px.r5f.ti-arm-clang.release.lib : soc.obj (.rodata.cst16)
                  7005261c    00000004     nortos.am263px.r5f.ti-arm-clang.release.lib : CacheP_armv7r.obj (.rodata.gCacheL1pCacheLineSize)
                  70052620    00000010     pmic_blackbird.am263px.r5f.ti-arm-clang.release.lib : pmic_tps653860xx.obj (.rodata.cst16)
                  70052630    00000010     drivers.am263px.r5f.ti-arm-clang.release.lib : mcspi_v0.obj (.rodata.str1.153145657127816401141)
                  70052640    00000010     ti_drivers_open_close.o (.rodata.str1.15574074207268991336.1)
                  70052650    00000010     drivers.am263px.r5f.ti-arm-clang.release.lib : edma.obj (.rodata.str1.18778444954996405781)
                  70052660    00000010                                                  : i2c_v1.obj (.rodata.str1.55879311564180241041)
                  70052670    00000010     ti_drivers_open_close.o (.rodata.str1.6437641722977580707.1)
                  70052680    0000000f     drivers.am263px.r5f.ti-arm-clang.release.lib : edma.obj (.rodata.str1.111354322338949310841)
                  7005268f    0000000f     pmic_test.o (.rodata.str1.1164533533783869254.1)
                  7005269e    0000000f     drivers.am263px.r5f.ti-arm-clang.release.lib : edma.obj (.rodata.str1.144551280152329776181)
                  700526ad    0000000f     ti_board_open_close.o (.rodata.str1.1917411163332026764.1)
[...]
7004bd35  BQ25751_write_reg                  
7004bdcb  BQ25856_write_reg                  
7004be61  SemaphoreP_pend                    
7004bef7  Drivers_open                       
7004bf8b  EDMA_configureChannelRegion        
7004c020  HOSTopen                           
7004c0b5  I2C_lld_init                       
7004c149  SPI_ReadWrite                      
7004c1dd  UART_lld_readWithCounter           
7004c38f  MCSPI_lld_peripheralIsr            
7004c41c  close                              
7004c4a9  i2c_read_error_handler             
7004c535  ADC_setPPBTripLimits               
7004c5bd  UART_init                          
7004c645  UART_procLineStatusErr             
7004c6cc  __TI_doflush                       
7004c754  HOSTread                           
7004c7d8  HOSTwrite                          
7004c8e1  EDMA_close                         
7004c961  UART_flushTxFifo                   
7004c9e1  Drivers_mcspiOpen                  
7004cb5b  MCSPI_initiateLastChunkTransfer    
7004cbd5  MCSPI_init                         
7004cc4d  Board_pmicOpen                     
7004cdab  MCSPI_stop                         
7004ce1d  MCSPI_lld_dmaStop                  
7004ce8d  PMIC_tps653860xxConfigure          
7004cefd  Pmic_ioTxByte                      
7004cf6d  BQ25751_read_faults                
7004cfdb  EDMA_disableTransferRegion         
7004d049  EDMA_enableTransferRegion          
7004d0b8  HOSTunlink                         
7004d125  UART_lld_writeDma                  
7004d191  Drivers_i2cOpen                    
7004d1fb  UART_lld_readDma                   
7004d263  UART_lld_writeIntr                 
7004d2cc  atoi                               
7004d335  digitalWrite                       
7004d39d  Pmic_getLockCfg                    
7004d403  CycleCounterP_init                 
7004d413  CycleCounterP_reset                
7004d437  CycleCounterP_nsToTicks            
7004d463  CycleCounterP_enableUserAccess     
7004d469  SOC_controlModuleUnlockMMR         
7004d4cd  add_log                            
7004d531  init_interrupt                     
7004d595  BQ25856_init                       
7004d5f8  HOSTclose                          
7004d658  calloc                             
7004d6b9  ClockP_timerTickIsr                
7004d717  MCSPI_setChDataSize                
7004d775  GPIO_setTrigType                   
7004d82d  Pmic_setRegLockState               
7004d889  SOC_controlModuleLockMMR           
7004d8e5  _DebugP_assert                     
7004d998  __TI_cleanup                       
7004d9f0  __TI_readmsg                       
7004da48  __TI_writemsg                      
7004da94  C$$IO$$                            
7004daa1  print_pending_logs                 
7004daf9  ClockP_getTimeUsec                 
7004db4f  PMIC_regRead                       
7004dba5  PMIC_regWrite                      
7004dbfb  UART_intrDisable                   
7004dc51  UART_readCancelNoCB                
7004dca7  UART_writeCancelNoCB               
7004dcfd  Dpl_init                           
7004dd50  exit                               
7004dda4  finddevice                         
7004ddf8  __TI_auto_init_nobinit_nopinit     
7004de4d  AddrTranslateP_getLocalAddr        
7004def1  MCSPI_lld_deInitDma                
7004df43  BQ25751_print_register_dump        
7004df93  BQ25856_print_register_dump        
7004dfe3  ClockP_construct                   
7004e035  EDMA_allocDmaChannel               
7004e085  EDMA_allocParam                    
7004e0d5  EDMA_allocTcc                      
7004e173  Drivers_edmaOpen                   
7004e1c1  Drivers_uartOpen                   
7004e20f  EDMA_disableChInShadowRegRegion    
7004e25d  MCSPI_transferCallback             
7004e2f5  SOC_enableAdcReferenceMonitor      
7004e341  pmic_init                          
7004e38d  SOC_enableAdcGlobalForce           
7004e3d5  SOC_enableAdcInternalReference     
7004e464  unlink                             
7004e539  SOC_getAdcReferenceStatus          
7004e57d  UART_Params_init                   
7004e5c1  UART_lld_deInitDma                 
7004e605  ClockP_stop                        
7004e645  EDMA_mapChToEvtQ                   
7004e685  Pinmux_config                      
7004e6c5  SemaphoreP_constructBinary         
7004e705  UART_lld_deInit                    
7004e7c3  SemaphoreP_constructMutex          
7004e801  EDMA_getBaseAddr                   
7004e879  BQ25751_init                       
7004e8b3  ClockP_destruct                    
7004e8ed  DebugP_uartLogWriterPutChar        
7004e927  Module_clockSetFrequency           
7004e961  TCA6424_open                       
7004e99b  UART_lld_flushTxFifo               
7004e9d5  PMIC_open                          
7004ea0d  Pmic_checkPmicCoreHandle           
7004ea7d  _DebugP_logZone                    
7004eab4  CycleCounterP_getCount32           
7004eabc  PmuP_setup                         
7004eac4  PmuP_enableCounters                
7004eacc  PmuP_disableCounters               
7004ead4  PmuP_getOverflowStatus             
7004eadc  PmuP_clearOverflowStatus           
7004eae4  PmuP_setUserEnable                 
7004eaed  EDMA_clrMissEvtRegion              
7004eb23  ClockP_start                       
7004eb59  I2C_init                           
7004eb8d  MCSPI_errorCallback                
7004ebc1  Module_clockDisable                
7004ebf5  Module_clockEnable                 
7004ec29  Pmic_ioRxByte                      
7004ec5d  SOC_enableAdcDacLoopback           
7004ecf8  lseek                              
7004ed2c  write                              
7004ed61  ClockP_usleep                      
7004ed93  EDMA_unmapChToEvtQ                 
7004edc5  SemaphoreP_post                    
7004edf7  DebugP_scanf                       
7004ee27  Drivers_mcspiClose                 
7004eeb9  adc_to_current_LM74930             
7004eee9  EDMA_enableChInShadowRegRegion     
7004ef17  I2C_lld_deInit                     
7004ef45  System_init                        
7004efa1  DebugP_shmLogReaderInit            
7004efcd  I2C_getHandle                      
7004eff9  MCSPI_getHandle                    
7004f025  PMIC_getCoreHandle                 
7004f051  SOC_rcmGetR5Clock                  
7004f07d  UART_getHandle                     
7004f0a9  adc_to_current_HSS_MB              
7004f0d5  adc_to_current_TPS                 
7004f100  vsscanf                            
7004f12d  pmic_write_reg                     
7004f17f  GPIO_setDirMode                    
7004f1cf  PMIC_tps653860xxClose              
7004f1f9  SOC_moduleSetClockFrequency        
7004f221  read_ext_ADC                       
7004f249  ClockP_sleep                       
7004f26f  EDMA_setPaRAM                      
7004f295  I2C_lld_transferIntr               
7004f2bb  I2C_lld_transferPoll               
7004f2e1  UART_lld_dmaDisableChannel         
7004f398  __aeabi_uldivmod                   
7004f3bd  int_adc_to_voltage                 
7004f3e1  vprintf_                           
7004f405  EDMA_linkChannel                   
7004f449  Pmic_deinit                        
7004f46b  System_deinit                      
7004f48d  print_logs                         
7004f4af  DebugP_logZoneEnable               
7004f4d1  I2C_lld_Message_init               
7004f511  TimerP_Params_initPriv             
7004f531  UART_getChar                       
7004f551  Board_driversOpen                  
7004f56f  TCA6424_close                      
7004f58d  UART_spaceAvail                    
7004f61d  MCSPI_lld_deInit                   
7004f639  Pmic_getRegLockState               
7004f655  SOC_rcmIsR5FInLockStepMode         
7004f68d  main                               
7004f6e0  TI_memcpy_small                    
7004f6fd  CSL_armR5GetCpuID                  
7004f717  Drivers_pmicOpen                   
7004f731  EDMA_readEventStatusRegion         
7004f765  I2C_deinit                         
7004f77d  MCSPI_deinit                       
7004f795  MCSPI_lld_dmaInit                  
7004f7ad  TimerP_getCountPriv                
7004f7c5  UART_deinit                        
7004f7dd  clear_logs                         
7004f7f4  TI_memset_small                    
7004f80d  I2C_lld_Transaction_init           
7004f823  MCSPI_reset                        
7004f839  UART_IsTxRxFifoEmpty               
7004f84f  UART_getIntrIdentityStatus         
7004f87b  ClockP_usecToTicks                 
7004f88f  EDMA_getRegionId                   
7004f8a3  UART_Transaction_init              
7004f8cb  ADC_setMode                        
7004f8ef  PMIC_configure                     
7004f913  UART_operatingModeSelect           
7004f925  UART_readLineStatus                
7004f937  putchar_                           
7004f949  GPIO_bankIntrDisable               
7004f959  PMIC_criticalSectionStartFn        
7004f969  UART_intr2Disable                  
7004f978  __aeabi_memset                     
7004f978  __aeabi_memset4                    
7004f978  __aeabi_memset8                    
7004f998  putchar                            
7004f9a9  EDMA_ccPaRAMEntry_init             
7004f9b7  GPIO_bankIntrEnable                
7004f9d3  PMIC_close                         
7004f9e1  Pinmux_init                        
7004f9ef  PowerClock_init                    
7004f9fd  ClockP_getTicks                    
7004fa09  DebugP_uartSetDrvIndex             
7004fa15  EDMA_isInitialized                 
7004fa21  I2C_Transaction_init               
7004fa2d  PMIC_criticalSectionStopFn         
7004fa39  SOC_getSelfCpuClk                  
7004fa45  TCA6424_Params_init                
7004fa50  __aeabi_errno_addr                 
7004fa5c  __aeabi_memclr                     
7004fa5c  __aeabi_memclr4                    
7004fa5c  __aeabi_memclr8                    
7004fa68  malloc                             
7004fa74  CSL_armR5ReadMpidrReg              
7004fa8d  ClockP_Params_init                 
7004fa97  ClockP_isActive                    
7004faa1  TimerP_getReloadCountPriv          
7004faab  TimerP_startPriv                   
7004fab5  UART_lld_Transaction_deInit        
7004fac0  C$$EXIT                            
7004fac0  HOSTexit                           
7004fac9  Pmic_criticalSectionStart          
7004fad1  Pmic_criticalSectionStop           
7004fad9  Pmic_validParamCheck               
7004fae1  TimerP_clearOverflowIntPriv        
7004faf1  EDMA_isInterruptEnabled            
7004faf7  SOC_moduleClockEnable              
7004fb03  PowerClock_deinit                  
7004fb07  TimerP_Params_init                 
7004fb0b  TimerP_clearOverflowInt            
7004fb0f  TimerP_getCount                    
7004fb13  TimerP_getReloadCount              
7004fb17  TimerP_setup                       
7004fb1b  TimerP_start                       
7004fb20  __aeabi_idiv0                      
7004fb24  __aeabi_ldiv0                      
7004fb28  __aeabi_memcpy                     
7004fb28  __aeabi_memcpy4                    
7004fb28  __aeabi_memcpy8                    
7004fb2c  _nop                               
7004fb30  fseek                              
7004fb34  remove                             
7004fb60  test_results                       
70050010  bq25751_registers                  
70050170  bq25856_registers                  
700502b0  __aeabi_ctype_table_               
700502b0  __aeabi_ctype_table_C              
700503b1  test_cases                         
70050544  gCacheConfig                       
7005054c  gMpuConfig                         
70050558  gMpuRegionConfig                   
70050660  gADPLLJConfigTbl                   
700514c8  I2C_defaultTransaction             
70052034  gCacheL1dCacheLineSize             
70052038  I2C_lld_defaultMessage             
700520b0  gPeripheralClkSrcInfoMap           
7005261c  gCacheL1pCacheLineSize             
70052930  __BSS_START                        
70052930  logs                               
700535b0  gHwiCtrl                           
70054ed0  _CIOBUF_                           
70054ed0  __CIOBUF_                          
70054ff0  intr_objects                       
70055284  __TI_tmpnams                       
70055324  gPmicCoreObj                       
700553bc  gDebugShmLogReaderCtrl             
70055450  gClockCtrl                         
70055488  virtToPhymap                       
70055498  gI2cHandle                         
700554a4  gPmicObject                        
700554b0  parmbuf                            
700554b8  gMcspiHandle                       
700554c0  gEdmaHandle                        
700554c4  gPmicHandle                        
700554c8  gPmicMcspiRxBuffer                 
700554cc  gPmicMcspiTxBuffer                 
700554d0  gUartHandle                        
700554d4  handle                             
700554da  BQ25751_timer_en                   
700554e0  __BSS_END                          
700554e0  _sys_memory                        
7005d4e0  __stack                            
700614e0  __STACK_END                        
700614e1  HwiP_enableInt                     
70061509  HwiP_disableInt                    
7006153b  HwiP_restoreInt                    
70061591  HwiP_clearInt                      
700615b1  HwiP_post                          
700615d9  HwiP_Params_init                   
700615eb  HwiP_construct                     
70061733  HwiP_destruct                      
70061805  HwiP_init                          
700618c7  HwiP_inISR                         
700618e3  HwiP_irq_handler_c                 
70061967  HwiP_fiq_handler                   
70061a17  HwiP_reserved_handler              
70061a45  HwiP_undefined_handler_c           
70061a63  HwiP_user_undefined_handler_c      
70061a77  HwiP_svc_handler                   
70061aa5  HwiP_prefetch_abort_handler_c      
70061b1f  HwiP_user_prefetch_abort_handler_c 
70061b2f  HwiP_data_abort_handler_c          
70061baf  HwiP_user_data_abort_handler_c     
70061bc0  HwiP_irq_handler                   
70061c34  HwiP_data_abort_handler            
70061c78  HwiP_prefetch_abort_handler        
70061cc4  HwiP_undefined_handler             
70061cf4  GET_DFSR                           
70061cfc  GET_ADFSR                          
70061d04  GET_DFAR                           
70061d0c  GET_IFSR                           
70061d14  GET_AIFSR                          
70061d1c  GET_IFAR                           
70061d24  GET_SPSR                           
70061d3c  HwiP_disable                       
70061d4c  HwiP_disableFIQ                    
70061d5c  HwiP_enable                        
70061d6c  HwiP_enableFIQ                     
70061d7c  HwiP_restore                       
70061d84  HwiP_enableVIC                     
70061d94  HwiP_disableVIC                    
70061da4  HwiP_getCPSR                       
70061db8  CacheP_disableL1d                  
70061de0  CacheP_disableL1p                  
70061df8  CacheP_enableL1d                   
70061e10  CacheP_enableL1p                   
70061e28  CacheP_invL1d                      
70061e60  CacheP_invL1p                      
70061e9c  CacheP_invL1dAll                   
70061ea4  CacheP_invL1pAll                   
70061eac  CacheP_wb                          
70061ee8  CacheP_wbInv                       
70061f24  CacheP_wbAll                       
70061fcc  CacheP_wbInvAll                    
70061fe4  CacheP_wbInvAllAsm                 
70062084  CacheP_getEnabled                  
700620bc  CacheP_getCacheLevelInfo           
700620c8  CacheP_configForceWrThru           
700620e8  CacheP_setDLFO                     
700620f9  CacheP_init                        
70062151  CacheP_disable                     
7006218b  CacheP_enable                      
700621ab  CacheP_inv                         
700621e9  MpuP_getAttrs                      
70062229  MpuP_RegionAttrs_init              
70062237  MpuP_setRegion                     
700622b1  MpuP_isEnable                      
700622b5  MpuP_disable                       
700622e7  MpuP_enable                        
70062323  MpuP_init                          
70062385  MpuP_isUserAuthorizedToAccessMemory
700623ec  MpuP_disableAsm                    
70062404  MpuP_disableBRAsm                  
70062414  MpuP_enableAsm                     
7006242c  MpuP_enableBRAsm                   
7006243c  MpuP_isEnableAsm                   
70062450  MpuP_setRegionAsm                  
70062478  _c_int00_sbl                       
7006249c  _c_int00                           
700625bd  _DebugP_assertNoLog                
700625db  _system_pre_init                   
700625f7  __mpu_init                         
70062608  abort                              
70062610  gMcspiDmaHandle                    
70062610  gUartDmaHandle                     
70062710  _ftable                            
70062a5c  intr_pins                          
70062adc  _device                            
70062b54  gUartParams                        
70062bac  _stream                            
70062c8c  gSpi0ChCfg                         
70062ccc  gSpi1ChCfg                         
70062d0c  gSocModulesClockFrequency          
70062d48  gMcspiOpenParams                   
70062d70  gI2cParams                         
70062d94  ext_adc0                           
70062db0  ext_adc1                           
70062dcc  gClockConfig                       
70062de4  gI2cConfig                         
70062dfc  gPmicParams                        
70062e10  gSocModules                        
70062e24  gMcspiConfig                       
70062e34  __TI_ft_end                        
70062e38  gAddrTranslateConfig               
70062e44  gPmicFxns_TPS653860xx              
70062e50  __TI_cleanup_ptr                   
70062e54  __TI_dtors_ptr                     
70062e58  BQ25751_timer                      
70062e60  gConfigMcspiChCfg                  
70062e68  gEdmaConfig                        
70062e70  gEdmaParams                        
70062e78  gMcspiDmaChConfig                  
70062e80  gMcspiNumCh                        
70062e88  gPmicConfig                        
70062e98  gUartConfig                        
70062ea8  __aeabi_errno                      
70062eac  _lock                              
70062eb0  _unlock                            
70062eb4  gDebugLogZone                      
70062eb8  gDebugP_uartDrvIndex               
70062ebc  gEdmaConfigNum                     
70062ec0  gHwiConfig                         
70062ec4  gI2cConfigNum                      
70062ec8  gMcspiConfigNum                    
70062ecc  gPmicConfigNum                     
70062ed0  gUartConfigNum                     
70062ed4  gUartDmaChConfig                   
70062ed8  test                               
70062ede  logs_length                        
70062ee1  isMapAvailable                     
70062ee8  __IRQ_STACK_START                  
70062fe8  __FIQ_STACK_START                  
70062fe8  __IRQ_STACK_END                    
700630e8  __FIQ_STACK_END                    
700630e8  __SVC_STACK_START                  
700640e8  __ABORT_STACK_START                
700640e8  __SVC_STACK_END                    
700641e8  __ABORT_STACK_END                  
700641e8  __UNDEFINED_STACK_START            
700642e8  __UNDEFINED_STACK_END              
701d4000  gDebugShmLog                       
ffffffff  __TI_pprof_out_hndl                
ffffffff  __TI_prof_data_size                
ffffffff  __TI_prof_data_start               
ffffffff  __binit__                          
ffffffff  binit                              
UNDEFED   __TI_CINIT_Base                    
UNDEFED   __TI_CINIT_Limit                   
UNDEFED   __TI_Handler_Table_Base            
UNDEFED   __TI_Handler_Table_Limit           
UNDEFED   _system_post_cinit                 

[562 symbols]
