<?xml version="1.0" encoding="ISO-8859-1" ?>
<link_info>
   <banner>TI ARM Clang Linker PC v4.0.2.LTS</banner>
   <copyright>Copyright (c) 1996-2018 Texas Instruments Incorporated</copyright>
   <command_line>C:\ti\ccs2011\ccs\tools\compiler\ti-cgt-armllvm_4.0.2.LTS\bin\tiarmlnk -IC:\ti\ccs2011\ccs\tools\compiler\ti-cgt-armllvm_4.0.2.LTS\lib -o second_stage_PDM_testing.out -mempty.Release.map -iC:/Users/carim/Desktop/mcu_plus_sdk_am263px_10_02_00_15__all/mcu_plus_sdk_am263px_10_02_00_15/source/kernel/nortos/lib -iC:/Users/carim/Desktop/mcu_plus_sdk_am263px_10_02_00_15__all/mcu_plus_sdk_am263px_10_02_00_15/source/drivers/lib -iC:/ti/ccs2011/ccs/tools/compiler/ti-cgt-armllvm_4.0.2.LTS/lib --reread_libs --diag_suppress=10063 --diag_wrap=off --display_error_number --warn_sections --gen_xml_func_hash --xml_link_info=second_stage_PDM_testing_linkInfo.xml --ram_model ./PDMtesting.o ./syscfg/ti_dpl_config.o ./syscfg/ti_drivers_config.o ./syscfg/ti_drivers_open_close.o ./syscfg/ti_pinmux_config.o ./syscfg/ti_power_clock_config.o ./syscfg/ti_board_config.o ./syscfg/ti_board_open_close.o ./syscfg/ti_enet_config.o ./syscfg/ti_enet_open_close.o ./syscfg/ti_enet_soc.o ./syscfg/ti_enet_lwipif.o ./syscfg/ti_sdl_config.o ./main.o -lsyscfg/linker.cmd -lnortos.am263px.r5f.ti-arm-clang.release.lib -ldrivers.am263px.r5f.ti-arm-clang.release.lib -llibc.a -llibsysbm.a --start-group -llibc++.a -llibc++abi.a -llibc.a -llibsys.a -llibsysbm.a -llibclang_rt.builtins.a -llibclang_rt.profile.a --end-group --cg_opt_level=s</command_line>
   <link_time>0x6843310e</link_time>
   <link_errors>0x0</link_errors>
   <output_file>C:\Users\carim\workspace_ccstheia\second_stage_PDM_testing\Release\second_stage_PDM_testing.out</output_file>
   <entry_point>
      <name>_vectors</name>
      <address>0x0</address>
   </entry_point>
   <input_file_list>
      <input_file id="fl-1">
         <path>C:\Users\carim\workspace_ccstheia\second_stage_PDM_testing\Release\.\</path>
         <kind>object</kind>
         <file>PDMtesting.o</file>
         <name>PDMtesting.o</name>
      </input_file>
      <input_file id="fl-2">
         <path>C:\Users\carim\workspace_ccstheia\second_stage_PDM_testing\Release\.\syscfg\</path>
         <kind>object</kind>
         <file>ti_dpl_config.o</file>
         <name>ti_dpl_config.o</name>
      </input_file>
      <input_file id="fl-3">
         <path>C:\Users\carim\workspace_ccstheia\second_stage_PDM_testing\Release\.\syscfg\</path>
         <kind>object</kind>
         <file>ti_drivers_config.o</file>
         <name>ti_drivers_config.o</name>
      </input_file>
      <input_file id="fl-4">
         <path>C:\Users\carim\workspace_ccstheia\second_stage_PDM_testing\Release\.\syscfg\</path>
         <kind>object</kind>
         <file>ti_drivers_open_close.o</file>
         <name>ti_drivers_open_close.o</name>
      </input_file>
      <input_file id="fl-5">
         <path>C:\Users\carim\workspace_ccstheia\second_stage_PDM_testing\Release\.\syscfg\</path>
         <kind>object</kind>
         <file>ti_pinmux_config.o</file>
         <name>ti_pinmux_config.o</name>
      </input_file>
      <input_file id="fl-6">
         <path>C:\Users\carim\workspace_ccstheia\second_stage_PDM_testing\Release\.\syscfg\</path>
         <kind>object</kind>
         <file>ti_power_clock_config.o</file>
         <name>ti_power_clock_config.o</name>
      </input_file>
      <input_file id="fl-7">
         <path>C:\Users\carim\workspace_ccstheia\second_stage_PDM_testing\Release\.\syscfg\</path>
         <kind>object</kind>
         <file>ti_board_config.o</file>
         <name>ti_board_config.o</name>
      </input_file>
      <input_file id="fl-8">
         <path>C:\Users\carim\workspace_ccstheia\second_stage_PDM_testing\Release\.\syscfg\</path>
         <kind>object</kind>
         <file>ti_board_open_close.o</file>
         <name>ti_board_open_close.o</name>
      </input_file>
      <input_file id="fl-9">
         <path>C:\Users\carim\workspace_ccstheia\second_stage_PDM_testing\Release\.\syscfg\</path>
         <kind>object</kind>
         <file>ti_enet_config.o</file>
         <name>ti_enet_config.o</name>
      </input_file>
      <input_file id="fl-a">
         <path>C:\Users\carim\workspace_ccstheia\second_stage_PDM_testing\Release\.\syscfg\</path>
         <kind>object</kind>
         <file>ti_enet_open_close.o</file>
         <name>ti_enet_open_close.o</name>
      </input_file>
      <input_file id="fl-b">
         <path>C:\Users\carim\workspace_ccstheia\second_stage_PDM_testing\Release\.\syscfg\</path>
         <kind>object</kind>
         <file>ti_enet_soc.o</file>
         <name>ti_enet_soc.o</name>
      </input_file>
      <input_file id="fl-c">
         <path>C:\Users\carim\workspace_ccstheia\second_stage_PDM_testing\Release\.\syscfg\</path>
         <kind>object</kind>
         <file>ti_enet_lwipif.o</file>
         <name>ti_enet_lwipif.o</name>
      </input_file>
      <input_file id="fl-d">
         <path>C:\Users\carim\workspace_ccstheia\second_stage_PDM_testing\Release\.\syscfg\</path>
         <kind>object</kind>
         <file>ti_sdl_config.o</file>
         <name>ti_sdl_config.o</name>
      </input_file>
      <input_file id="fl-e">
         <path>C:\Users\carim\workspace_ccstheia\second_stage_PDM_testing\Release\.\</path>
         <kind>object</kind>
         <file>main.o</file>
         <name>main.o</name>
      </input_file>
      <input_file id="fl-1c">
         <path>C:\Users\carim\workspace_ccstheia\second_stage_PDM_testing\Release\</path>
         <kind>object</kind>
         <file>&lt;internal&gt;</file>
         <name>&lt;internal&gt;</name>
      </input_file>
      <input_file id="fl-1d">
         <path>C:\Users\carim\Desktop\mcu_plus_sdk_am263px_10_02_00_15__all\mcu_plus_sdk_am263px_10_02_00_15\source\kernel\nortos\lib\</path>
         <kind>archive</kind>
         <file>nortos.am263px.r5f.ti-arm-clang.release.lib</file>
         <name>AddrTranslateP_32bit.obj</name>
      </input_file>
      <input_file id="fl-1e">
         <path>C:\Users\carim\Desktop\mcu_plus_sdk_am263px_10_02_00_15__all\mcu_plus_sdk_am263px_10_02_00_15\source\kernel\nortos\lib\</path>
         <kind>archive</kind>
         <file>nortos.am263px.r5f.ti-arm-clang.release.lib</file>
         <name>DebugP_uartLogWriter.obj</name>
      </input_file>
      <input_file id="fl-1f">
         <path>C:\Users\carim\Desktop\mcu_plus_sdk_am263px_10_02_00_15__all\mcu_plus_sdk_am263px_10_02_00_15\source\kernel\nortos\lib\</path>
         <kind>archive</kind>
         <file>nortos.am263px.r5f.ti-arm-clang.release.lib</file>
         <name>DebugP_log.obj</name>
      </input_file>
      <input_file id="fl-20">
         <path>C:\Users\carim\Desktop\mcu_plus_sdk_am263px_10_02_00_15__all\mcu_plus_sdk_am263px_10_02_00_15\source\kernel\nortos\lib\</path>
         <kind>archive</kind>
         <file>nortos.am263px.r5f.ti-arm-clang.release.lib</file>
         <name>DebugP_nortos.obj</name>
      </input_file>
      <input_file id="fl-21">
         <path>C:\Users\carim\Desktop\mcu_plus_sdk_am263px_10_02_00_15__all\mcu_plus_sdk_am263px_10_02_00_15\source\kernel\nortos\lib\</path>
         <kind>archive</kind>
         <file>nortos.am263px.r5f.ti-arm-clang.release.lib</file>
         <name>ClockP_nortos.obj</name>
      </input_file>
      <input_file id="fl-22">
         <path>C:\Users\carim\Desktop\mcu_plus_sdk_am263px_10_02_00_15__all\mcu_plus_sdk_am263px_10_02_00_15\source\kernel\nortos\lib\</path>
         <kind>archive</kind>
         <file>nortos.am263px.r5f.ti-arm-clang.release.lib</file>
         <name>ClockP_nortos_r5.obj</name>
      </input_file>
      <input_file id="fl-23">
         <path>C:\Users\carim\Desktop\mcu_plus_sdk_am263px_10_02_00_15__all\mcu_plus_sdk_am263px_10_02_00_15\source\kernel\nortos\lib\</path>
         <kind>archive</kind>
         <file>nortos.am263px.r5f.ti-arm-clang.release.lib</file>
         <name>TimerP_rti_nortos.obj</name>
      </input_file>
      <input_file id="fl-24">
         <path>C:\Users\carim\Desktop\mcu_plus_sdk_am263px_10_02_00_15__all\mcu_plus_sdk_am263px_10_02_00_15\source\kernel\nortos\lib\</path>
         <kind>archive</kind>
         <file>nortos.am263px.r5f.ti-arm-clang.release.lib</file>
         <name>HwiP_armv7r_vim.obj</name>
      </input_file>
      <input_file id="fl-25">
         <path>C:\Users\carim\Desktop\mcu_plus_sdk_am263px_10_02_00_15__all\mcu_plus_sdk_am263px_10_02_00_15\source\kernel\nortos\lib\</path>
         <kind>archive</kind>
         <file>nortos.am263px.r5f.ti-arm-clang.release.lib</file>
         <name>HwiP_armv7r_handlers_nortos.obj</name>
      </input_file>
      <input_file id="fl-26">
         <path>C:\Users\carim\Desktop\mcu_plus_sdk_am263px_10_02_00_15__all\mcu_plus_sdk_am263px_10_02_00_15\source\kernel\nortos\lib\</path>
         <kind>archive</kind>
         <file>nortos.am263px.r5f.ti-arm-clang.release.lib</file>
         <name>MpuP_armv7r.obj</name>
      </input_file>
      <input_file id="fl-27">
         <path>C:\Users\carim\Desktop\mcu_plus_sdk_am263px_10_02_00_15__all\mcu_plus_sdk_am263px_10_02_00_15\source\kernel\nortos\lib\</path>
         <kind>archive</kind>
         <file>nortos.am263px.r5f.ti-arm-clang.release.lib</file>
         <name>CacheP_armv7r.obj</name>
      </input_file>
      <input_file id="fl-28">
         <path>C:\Users\carim\Desktop\mcu_plus_sdk_am263px_10_02_00_15__all\mcu_plus_sdk_am263px_10_02_00_15\source\kernel\nortos\lib\</path>
         <kind>archive</kind>
         <file>nortos.am263px.r5f.ti-arm-clang.release.lib</file>
         <name>printf.obj</name>
      </input_file>
      <input_file id="fl-29">
         <path>C:\Users\carim\Desktop\mcu_plus_sdk_am263px_10_02_00_15__all\mcu_plus_sdk_am263px_10_02_00_15\source\kernel\nortos\lib\</path>
         <kind>archive</kind>
         <file>nortos.am263px.r5f.ti-arm-clang.release.lib</file>
         <name>PmuP_armv7r.obj</name>
      </input_file>
      <input_file id="fl-2a">
         <path>C:\Users\carim\Desktop\mcu_plus_sdk_am263px_10_02_00_15__all\mcu_plus_sdk_am263px_10_02_00_15\source\kernel\nortos\lib\</path>
         <kind>archive</kind>
         <file>nortos.am263px.r5f.ti-arm-clang.release.lib</file>
         <name>HwiP_armv7r_handlers_nortos_asm.obj</name>
      </input_file>
      <input_file id="fl-2b">
         <path>C:\Users\carim\Desktop\mcu_plus_sdk_am263px_10_02_00_15__all\mcu_plus_sdk_am263px_10_02_00_15\source\kernel\nortos\lib\</path>
         <kind>archive</kind>
         <file>nortos.am263px.r5f.ti-arm-clang.release.lib</file>
         <name>HwiP_armv7r_vectors_nortos_asm.obj</name>
      </input_file>
      <input_file id="fl-2c">
         <path>C:\Users\carim\Desktop\mcu_plus_sdk_am263px_10_02_00_15__all\mcu_plus_sdk_am263px_10_02_00_15\source\kernel\nortos\lib\</path>
         <kind>archive</kind>
         <file>nortos.am263px.r5f.ti-arm-clang.release.lib</file>
         <name>boot_armv7r_asm.obj</name>
      </input_file>
      <input_file id="fl-2d">
         <path>C:\Users\carim\Desktop\mcu_plus_sdk_am263px_10_02_00_15__all\mcu_plus_sdk_am263px_10_02_00_15\source\kernel\nortos\lib\</path>
         <kind>archive</kind>
         <file>nortos.am263px.r5f.ti-arm-clang.release.lib</file>
         <name>HwiP_armv7r_asm.obj</name>
      </input_file>
      <input_file id="fl-2e">
         <path>C:\Users\carim\Desktop\mcu_plus_sdk_am263px_10_02_00_15__all\mcu_plus_sdk_am263px_10_02_00_15\source\kernel\nortos\lib\</path>
         <kind>archive</kind>
         <file>nortos.am263px.r5f.ti-arm-clang.release.lib</file>
         <name>MpuP_armv7r_asm.obj</name>
      </input_file>
      <input_file id="fl-2f">
         <path>C:\Users\carim\Desktop\mcu_plus_sdk_am263px_10_02_00_15__all\mcu_plus_sdk_am263px_10_02_00_15\source\kernel\nortos\lib\</path>
         <kind>archive</kind>
         <file>nortos.am263px.r5f.ti-arm-clang.release.lib</file>
         <name>CacheP_armv7r_asm.obj</name>
      </input_file>
      <input_file id="fl-30">
         <path>C:\Users\carim\Desktop\mcu_plus_sdk_am263px_10_02_00_15__all\mcu_plus_sdk_am263px_10_02_00_15\source\kernel\nortos\lib\</path>
         <kind>archive</kind>
         <file>nortos.am263px.r5f.ti-arm-clang.release.lib</file>
         <name>PmuP_armv7r_asm.obj</name>
      </input_file>
      <input_file id="fl-31">
         <path>C:\Users\carim\Desktop\mcu_plus_sdk_am263px_10_02_00_15__all\mcu_plus_sdk_am263px_10_02_00_15\source\kernel\nortos\lib\</path>
         <kind>archive</kind>
         <file>nortos.am263px.r5f.ti-arm-clang.release.lib</file>
         <name>boot_armv7r.obj</name>
      </input_file>
      <input_file id="fl-32">
         <path>C:\Users\carim\Desktop\mcu_plus_sdk_am263px_10_02_00_15__all\mcu_plus_sdk_am263px_10_02_00_15\source\kernel\nortos\lib\</path>
         <kind>archive</kind>
         <file>nortos.am263px.r5f.ti-arm-clang.release.lib</file>
         <name>SemaphoreP_nortos.obj</name>
      </input_file>
      <input_file id="fl-33">
         <path>C:\Users\carim\Desktop\mcu_plus_sdk_am263px_10_02_00_15__all\mcu_plus_sdk_am263px_10_02_00_15\source\kernel\nortos\lib\</path>
         <kind>archive</kind>
         <file>nortos.am263px.r5f.ti-arm-clang.release.lib</file>
         <name>TimerP_rti_priv.obj</name>
      </input_file>
      <input_file id="fl-34">
         <path>C:\Users\carim\Desktop\mcu_plus_sdk_am263px_10_02_00_15__all\mcu_plus_sdk_am263px_10_02_00_15\source\drivers\lib\</path>
         <kind>archive</kind>
         <file>drivers.am263px.r5f.ti-arm-clang.release.lib</file>
         <name>gpio.obj</name>
      </input_file>
      <input_file id="fl-35">
         <path>C:\Users\carim\Desktop\mcu_plus_sdk_am263px_10_02_00_15__all\mcu_plus_sdk_am263px_10_02_00_15\source\drivers\lib\</path>
         <kind>archive</kind>
         <file>drivers.am263px.r5f.ti-arm-clang.release.lib</file>
         <name>pinmux.obj</name>
      </input_file>
      <input_file id="fl-36">
         <path>C:\Users\carim\Desktop\mcu_plus_sdk_am263px_10_02_00_15__all\mcu_plus_sdk_am263px_10_02_00_15\source\drivers\lib\</path>
         <kind>archive</kind>
         <file>drivers.am263px.r5f.ti-arm-clang.release.lib</file>
         <name>soc.obj</name>
      </input_file>
      <input_file id="fl-37">
         <path>C:\Users\carim\Desktop\mcu_plus_sdk_am263px_10_02_00_15__all\mcu_plus_sdk_am263px_10_02_00_15\source\drivers\lib\</path>
         <kind>archive</kind>
         <file>drivers.am263px.r5f.ti-arm-clang.release.lib</file>
         <name>soc_rcm.obj</name>
      </input_file>
      <input_file id="fl-38">
         <path>C:\Users\carim\Desktop\mcu_plus_sdk_am263px_10_02_00_15__all\mcu_plus_sdk_am263px_10_02_00_15\source\drivers\lib\</path>
         <kind>archive</kind>
         <file>drivers.am263px.r5f.ti-arm-clang.release.lib</file>
         <name>uart_v0.obj</name>
      </input_file>
      <input_file id="fl-39">
         <path>C:\Users\carim\Desktop\mcu_plus_sdk_am263px_10_02_00_15__all\mcu_plus_sdk_am263px_10_02_00_15\source\drivers\lib\</path>
         <kind>archive</kind>
         <file>drivers.am263px.r5f.ti-arm-clang.release.lib</file>
         <name>uart_v0_lld.obj</name>
      </input_file>
      <input_file id="fl-3a">
         <path>C:\Users\carim\Desktop\mcu_plus_sdk_am263px_10_02_00_15__all\mcu_plus_sdk_am263px_10_02_00_15\source\drivers\lib\</path>
         <kind>archive</kind>
         <file>drivers.am263px.r5f.ti-arm-clang.release.lib</file>
         <name>uart_dma_edma.obj</name>
      </input_file>
      <input_file id="fl-3b">
         <path>C:\Users\carim\Desktop\mcu_plus_sdk_am263px_10_02_00_15__all\mcu_plus_sdk_am263px_10_02_00_15\source\drivers\lib\</path>
         <kind>archive</kind>
         <file>drivers.am263px.r5f.ti-arm-clang.release.lib</file>
         <name>edma.obj</name>
      </input_file>
      <input_file id="fl-52">
         <path>C:\ti\ccs2011\ccs\tools\compiler\ti-cgt-armllvm_4.0.2.LTS\lib\armv7r-ti-none-eabihf\c\</path>
         <kind>archive</kind>
         <file>libc.a</file>
         <name>fputc.c.obj</name>
      </input_file>
      <input_file id="fl-53">
         <path>C:\ti\ccs2011\ccs\tools\compiler\ti-cgt-armllvm_4.0.2.LTS\lib\armv7r-ti-none-eabihf\c\</path>
         <kind>archive</kind>
         <file>libc.a</file>
         <name>_io_perm.c.obj</name>
      </input_file>
      <input_file id="fl-54">
         <path>C:\ti\ccs2011\ccs\tools\compiler\ti-cgt-armllvm_4.0.2.LTS\lib\armv7r-ti-none-eabihf\c\</path>
         <kind>archive</kind>
         <file>libc.a</file>
         <name>setvbuf.c.obj</name>
      </input_file>
      <input_file id="fl-55">
         <path>C:\ti\ccs2011\ccs\tools\compiler\ti-cgt-armllvm_4.0.2.LTS\lib\armv7r-ti-none-eabihf\c\</path>
         <kind>archive</kind>
         <file>libc.a</file>
         <name>exit.c.obj</name>
      </input_file>
      <input_file id="fl-56">
         <path>C:\ti\ccs2011\ccs\tools\compiler\ti-cgt-armllvm_4.0.2.LTS\lib\armv7r-ti-none-eabihf\c\</path>
         <kind>archive</kind>
         <file>libc.a</file>
         <name>_lock.c.obj</name>
      </input_file>
      <input_file id="fl-57">
         <path>C:\ti\ccs2011\ccs\tools\compiler\ti-cgt-armllvm_4.0.2.LTS\lib\armv7r-ti-none-eabihf\c\</path>
         <kind>archive</kind>
         <file>libc.a</file>
         <name>defs.c.obj</name>
      </input_file>
      <input_file id="fl-58">
         <path>C:\ti\ccs2011\ccs\tools\compiler\ti-cgt-armllvm_4.0.2.LTS\lib\armv7r-ti-none-eabihf\c\</path>
         <kind>archive</kind>
         <file>libc.a</file>
         <name>memory.c.obj</name>
      </input_file>
      <input_file id="fl-59">
         <path>C:\ti\ccs2011\ccs\tools\compiler\ti-cgt-armllvm_4.0.2.LTS\lib\armv7r-ti-none-eabihf\c\</path>
         <kind>archive</kind>
         <file>libc.a</file>
         <name>autoinit.c.obj</name>
      </input_file>
      <input_file id="fl-5a">
         <path>C:\ti\ccs2011\ccs\tools\compiler\ti-cgt-armllvm_4.0.2.LTS\lib\armv7r-ti-none-eabihf\c\</path>
         <kind>archive</kind>
         <file>libc.a</file>
         <name>cpy_tbl.c.obj</name>
      </input_file>
      <input_file id="fl-5b">
         <path>C:\ti\ccs2011\ccs\tools\compiler\ti-cgt-armllvm_4.0.2.LTS\lib\armv7r-ti-none-eabihf\c\</path>
         <kind>archive</kind>
         <file>libc.a</file>
         <name>fflush.c.obj</name>
      </input_file>
      <input_file id="fl-5c">
         <path>C:\ti\ccs2011\ccs\tools\compiler\ti-cgt-armllvm_4.0.2.LTS\lib\armv7r-ti-none-eabihf\c\</path>
         <kind>archive</kind>
         <file>libc.a</file>
         <name>fopen.c.obj</name>
      </input_file>
      <input_file id="fl-5d">
         <path>C:\ti\ccs2011\ccs\tools\compiler\ti-cgt-armllvm_4.0.2.LTS\lib\armv7r-ti-none-eabihf\c\</path>
         <kind>archive</kind>
         <file>libc.a</file>
         <name>fseek.c.obj</name>
      </input_file>
      <input_file id="fl-5e">
         <path>C:\ti\ccs2011\ccs\tools\compiler\ti-cgt-armllvm_4.0.2.LTS\lib\armv7r-ti-none-eabihf\c\</path>
         <kind>archive</kind>
         <file>libc.a</file>
         <name>aeabi_portable.c.obj</name>
      </input_file>
      <input_file id="fl-5f">
         <path>C:\ti\ccs2011\ccs\tools\compiler\ti-cgt-armllvm_4.0.2.LTS\lib\armv7r-ti-none-eabihf\c\</path>
         <kind>archive</kind>
         <file>libc.a</file>
         <name>assert.c.obj</name>
      </input_file>
      <input_file id="fl-60">
         <path>C:\ti\ccs2011\ccs\tools\compiler\ti-cgt-armllvm_4.0.2.LTS\lib\armv7r-ti-none-eabihf\c\</path>
         <kind>archive</kind>
         <file>libc.a</file>
         <name>sprintf.c.obj</name>
      </input_file>
      <input_file id="fl-61">
         <path>C:\ti\ccs2011\ccs\tools\compiler\ti-cgt-armllvm_4.0.2.LTS\lib\armv7r-ti-none-eabihf\c\</path>
         <kind>archive</kind>
         <file>libc.a</file>
         <name>fclose.c.obj</name>
      </input_file>
      <input_file id="fl-62">
         <path>C:\ti\ccs2011\ccs\tools\compiler\ti-cgt-armllvm_4.0.2.LTS\lib\armv7r-ti-none-eabihf\c\</path>
         <kind>archive</kind>
         <file>libc.a</file>
         <name>fputs.c.obj</name>
      </input_file>
      <input_file id="fl-63">
         <path>C:\ti\ccs2011\ccs\tools\compiler\ti-cgt-armllvm_4.0.2.LTS\lib\armv7r-ti-none-eabihf\c\</path>
         <kind>archive</kind>
         <file>libc.a</file>
         <name>_printfi.c.obj</name>
      </input_file>
      <input_file id="fl-64">
         <path>C:\ti\ccs2011\ccs\tools\compiler\ti-cgt-armllvm_4.0.2.LTS\lib\armv7r-ti-none-eabihf\c\</path>
         <kind>archive</kind>
         <file>libc.a</file>
         <name>_ltoa.c.obj</name>
      </input_file>
      <input_file id="fl-65">
         <path>C:\ti\ccs2011\ccs\tools\compiler\ti-cgt-armllvm_4.0.2.LTS\lib\armv7r-ti-none-eabihf\c\</path>
         <kind>archive</kind>
         <file>libc.a</file>
         <name>atoi.c.obj</name>
      </input_file>
      <input_file id="fl-66">
         <path>C:\ti\ccs2011\ccs\tools\compiler\ti-cgt-armllvm_4.0.2.LTS\lib\armv7r-ti-none-eabihf\c\</path>
         <kind>archive</kind>
         <file>libc.a</file>
         <name>memccpy.c.obj</name>
      </input_file>
      <input_file id="fl-67">
         <path>C:\ti\ccs2011\ccs\tools\compiler\ti-cgt-armllvm_4.0.2.LTS\lib\armv7r-ti-none-eabihf\c\</path>
         <kind>archive</kind>
         <file>libc.a</file>
         <name>s_frexp.c.obj</name>
      </input_file>
      <input_file id="fl-68">
         <path>C:\ti\ccs2011\ccs\tools\compiler\ti-cgt-armllvm_4.0.2.LTS\lib\armv7r-ti-none-eabihf\c\</path>
         <kind>archive</kind>
         <file>libc.a</file>
         <name>s_scalbn.c.obj</name>
      </input_file>
      <input_file id="fl-69">
         <path>C:\ti\ccs2011\ccs\tools\compiler\ti-cgt-armllvm_4.0.2.LTS\lib\armv7r-ti-none-eabihf\c\</path>
         <kind>archive</kind>
         <file>libc.a</file>
         <name>wcslen.c.obj</name>
      </input_file>
      <input_file id="fl-6a">
         <path>C:\ti\ccs2011\ccs\tools\compiler\ti-cgt-armllvm_4.0.2.LTS\lib\armv7r-ti-none-eabihf\c\</path>
         <kind>archive</kind>
         <file>libc.a</file>
         <name>aeabi_ctype.S.obj</name>
      </input_file>
      <input_file id="fl-81">
         <path>C:\ti\ccs2011\ccs\tools\compiler\ti-cgt-armllvm_4.0.2.LTS\lib\armv7r-ti-none-eabihf\c\</path>
         <kind>archive</kind>
         <file>libsysbm.a</file>
         <name>hostexit.c.obj</name>
      </input_file>
      <input_file id="fl-82">
         <path>C:\ti\ccs2011\ccs\tools\compiler\ti-cgt-armllvm_4.0.2.LTS\lib\armv7r-ti-none-eabihf\c\</path>
         <kind>archive</kind>
         <file>libsysbm.a</file>
         <name>write.c.obj</name>
      </input_file>
      <input_file id="fl-83">
         <path>C:\ti\ccs2011\ccs\tools\compiler\ti-cgt-armllvm_4.0.2.LTS\lib\armv7r-ti-none-eabihf\c\</path>
         <kind>archive</kind>
         <file>libsysbm.a</file>
         <name>host_device.c.obj</name>
      </input_file>
      <input_file id="fl-84">
         <path>C:\ti\ccs2011\ccs\tools\compiler\ti-cgt-armllvm_4.0.2.LTS\lib\armv7r-ti-none-eabihf\c\</path>
         <kind>archive</kind>
         <file>libsysbm.a</file>
         <name>remove.c.obj</name>
      </input_file>
      <input_file id="fl-85">
         <path>C:\ti\ccs2011\ccs\tools\compiler\ti-cgt-armllvm_4.0.2.LTS\lib\armv7r-ti-none-eabihf\c\</path>
         <kind>archive</kind>
         <file>libsysbm.a</file>
         <name>open.c.obj</name>
      </input_file>
      <input_file id="fl-86">
         <path>C:\ti\ccs2011\ccs\tools\compiler\ti-cgt-armllvm_4.0.2.LTS\lib\armv7r-ti-none-eabihf\c\</path>
         <kind>archive</kind>
         <file>libsysbm.a</file>
         <name>lseek.c.obj</name>
      </input_file>
      <input_file id="fl-87">
         <path>C:\ti\ccs2011\ccs\tools\compiler\ti-cgt-armllvm_4.0.2.LTS\lib\armv7r-ti-none-eabihf\c\</path>
         <kind>archive</kind>
         <file>libsysbm.a</file>
         <name>close.c.obj</name>
      </input_file>
      <input_file id="fl-88">
         <path>C:\ti\ccs2011\ccs\tools\compiler\ti-cgt-armllvm_4.0.2.LTS\lib\armv7r-ti-none-eabihf\c\</path>
         <kind>archive</kind>
         <file>libsysbm.a</file>
         <name>unlink.c.obj</name>
      </input_file>
      <input_file id="fl-89">
         <path>C:\ti\ccs2011\ccs\tools\compiler\ti-cgt-armllvm_4.0.2.LTS\lib\armv7r-ti-none-eabihf\c\</path>
         <kind>archive</kind>
         <file>libsysbm.a</file>
         <name>hostclose.c.obj</name>
      </input_file>
      <input_file id="fl-8a">
         <path>C:\ti\ccs2011\ccs\tools\compiler\ti-cgt-armllvm_4.0.2.LTS\lib\armv7r-ti-none-eabihf\c\</path>
         <kind>archive</kind>
         <file>libsysbm.a</file>
         <name>hostlseek.c.obj</name>
      </input_file>
      <input_file id="fl-8b">
         <path>C:\ti\ccs2011\ccs\tools\compiler\ti-cgt-armllvm_4.0.2.LTS\lib\armv7r-ti-none-eabihf\c\</path>
         <kind>archive</kind>
         <file>libsysbm.a</file>
         <name>hostopen.c.obj</name>
      </input_file>
      <input_file id="fl-8c">
         <path>C:\ti\ccs2011\ccs\tools\compiler\ti-cgt-armllvm_4.0.2.LTS\lib\armv7r-ti-none-eabihf\c\</path>
         <kind>archive</kind>
         <file>libsysbm.a</file>
         <name>hostread.c.obj</name>
      </input_file>
      <input_file id="fl-8d">
         <path>C:\ti\ccs2011\ccs\tools\compiler\ti-cgt-armllvm_4.0.2.LTS\lib\armv7r-ti-none-eabihf\c\</path>
         <kind>archive</kind>
         <file>libsysbm.a</file>
         <name>hostrename.c.obj</name>
      </input_file>
      <input_file id="fl-8e">
         <path>C:\ti\ccs2011\ccs\tools\compiler\ti-cgt-armllvm_4.0.2.LTS\lib\armv7r-ti-none-eabihf\c\</path>
         <kind>archive</kind>
         <file>libsysbm.a</file>
         <name>hostunlink.c.obj</name>
      </input_file>
      <input_file id="fl-8f">
         <path>C:\ti\ccs2011\ccs\tools\compiler\ti-cgt-armllvm_4.0.2.LTS\lib\armv7r-ti-none-eabihf\c\</path>
         <kind>archive</kind>
         <file>libsysbm.a</file>
         <name>hostwrite.c.obj</name>
      </input_file>
      <input_file id="fl-90">
         <path>C:\ti\ccs2011\ccs\tools\compiler\ti-cgt-armllvm_4.0.2.LTS\lib\armv7r-ti-none-eabihf\c\</path>
         <kind>archive</kind>
         <file>libsysbm.a</file>
         <name>trgmsg.c.obj</name>
      </input_file>
      <input_file id="fl-11a">
         <path>C:\ti\ccs2011\ccs\tools\compiler\ti-cgt-armllvm_4.0.2.LTS\lib\armv7r-ti-none-eabihf\c\</path>
         <kind>archive</kind>
         <file>libc.a</file>
         <name>getdevice.c.obj</name>
      </input_file>
      <input_file id="fl-11b">
         <path>C:\ti\ccs2011\ccs\tools\compiler\ti-cgt-armllvm_4.0.2.LTS\lib\armv7r-ti-none-eabihf\c\</path>
         <kind>archive</kind>
         <file>libc.a</file>
         <name>strcmp32.S.obj</name>
      </input_file>
      <input_file id="fl-11c">
         <path>C:\ti\ccs2011\ccs\tools\compiler\ti-cgt-armllvm_4.0.2.LTS\lib\armv7r-ti-none-eabihf\</path>
         <kind>archive</kind>
         <file>libclang_rt.builtins.a</file>
         <name>divsi3.S.obj</name>
      </input_file>
      <input_file id="fl-11d">
         <path>C:\ti\ccs2011\ccs\tools\compiler\ti-cgt-armllvm_4.0.2.LTS\lib\armv7r-ti-none-eabihf\</path>
         <kind>archive</kind>
         <file>libclang_rt.builtins.a</file>
         <name>udivsi3.S.obj</name>
      </input_file>
      <input_file id="fl-11e">
         <path>C:\ti\ccs2011\ccs\tools\compiler\ti-cgt-armllvm_4.0.2.LTS\lib\armv7r-ti-none-eabihf\</path>
         <kind>archive</kind>
         <file>libclang_rt.builtins.a</file>
         <name>aeabi_div0.c.obj</name>
      </input_file>
      <input_file id="fl-11f">
         <path>C:\ti\ccs2011\ccs\tools\compiler\ti-cgt-armllvm_4.0.2.LTS\lib\armv7r-ti-none-eabihf\</path>
         <kind>archive</kind>
         <file>libclang_rt.builtins.a</file>
         <name>aeabi_memcpy.S.obj</name>
      </input_file>
      <input_file id="fl-120">
         <path>C:\ti\ccs2011\ccs\tools\compiler\ti-cgt-armllvm_4.0.2.LTS\lib\armv7r-ti-none-eabihf\</path>
         <kind>archive</kind>
         <file>libclang_rt.builtins.a</file>
         <name>aeabi_memset.S.obj</name>
      </input_file>
      <input_file id="fl-121">
         <path>C:\ti\ccs2011\ccs\tools\compiler\ti-cgt-armllvm_4.0.2.LTS\lib\armv7r-ti-none-eabihf\</path>
         <kind>archive</kind>
         <file>libclang_rt.builtins.a</file>
         <name>aeabi_uldivmod.S.obj</name>
      </input_file>
      <input_file id="fl-122">
         <path>C:\ti\ccs2011\ccs\tools\compiler\ti-cgt-armllvm_4.0.2.LTS\lib\armv7r-ti-none-eabihf\</path>
         <kind>archive</kind>
         <file>libclang_rt.builtins.a</file>
         <name>udivmoddi4.S.obj</name>
      </input_file>
      <input_file id="fl-123">
         <path>C:\ti\ccs2011\ccs\tools\compiler\ti-cgt-armllvm_4.0.2.LTS\lib\armv7r-ti-none-eabihf\c\</path>
         <kind>archive</kind>
         <file>libc.a</file>
         <name>memcpy32.S.obj</name>
      </input_file>
      <input_file id="fl-124">
         <path>C:\ti\ccs2011\ccs\tools\compiler\ti-cgt-armllvm_4.0.2.LTS\lib\armv7r-ti-none-eabihf\c\</path>
         <kind>archive</kind>
         <file>libc.a</file>
         <name>memset32.S.obj</name>
      </input_file>
      <input_file id="fl-125">
         <path>C:\Users\carim\Desktop\mcu_plus_sdk_am263px_10_02_00_15__all\mcu_plus_sdk_am263px_10_02_00_15\source\kernel\nortos\lib\</path>
         <kind>archive</kind>
         <file>nortos.am263px.r5f.ti-arm-clang.release.lib</file>
         <name>CpuId_armv7r.obj</name>
      </input_file>
      <input_file id="fl-126">
         <path>C:\Users\carim\Desktop\mcu_plus_sdk_am263px_10_02_00_15__all\mcu_plus_sdk_am263px_10_02_00_15\source\kernel\nortos\lib\</path>
         <kind>archive</kind>
         <file>nortos.am263px.r5f.ti-arm-clang.release.lib</file>
         <name>TaskP_nortos.obj</name>
      </input_file>
      <input_file id="fl-127">
         <path>C:\Users\carim\Desktop\mcu_plus_sdk_am263px_10_02_00_15__all\mcu_plus_sdk_am263px_10_02_00_15\source\kernel\nortos\lib\</path>
         <kind>archive</kind>
         <file>nortos.am263px.r5f.ti-arm-clang.release.lib</file>
         <name>CpuId_armv7r_asm.obj</name>
      </input_file>
   </input_file_list>
   <object_component_list>
      <object_component id="oc-2a">
         <name>.vectors</name>
         <load_address>0x0</load_address>
         <readonly>true</readonly>
         <executable>true</executable>
         <run_address>0x0</run_address>
         <size>0x40</size>
         <alignment>0x4</alignment>
         <input_file_ref idref="fl-2b"/>
         <refd_ro_sections>
            <object_component_ref idref="oc-4b"/>
            <object_component_ref idref="oc-53"/>
            <object_component_ref idref="oc-4f"/>
         </refd_ro_sections>
         <value>bffef2be7e91ca2dc0d1710b37945bf4</value>
      </object_component>
      <object_component id="oc-71">
         <name>.text.hwi</name>
         <load_address>0x70053a18</load_address>
         <readonly>true</readonly>
         <executable>true</executable>
         <run_address>0x70053a18</run_address>
         <size>0x402</size>
         <alignment>0x2</alignment>
         <input_file_ref idref="fl-24"/>
         <refd_ro_sections>
            <object_component_ref idref="oc-bb"/>
            <object_component_ref idref="oc-76"/>
            <object_component_ref idref="oc-53"/>
            <object_component_ref idref="oc-4f"/>
         </refd_ro_sections>
         <refd_rw_sections>
            <object_component_ref idref="oc-c1"/>
            <object_component_ref idref="oc-6f"/>
            <object_component_ref idref="oc-6e"/>
         </refd_rw_sections>
         <value>77b770d80fb30cabc5ac04aa8682bdb5</value>
      </object_component>
      <object_component id="oc-53">
         <name>.text.hwi</name>
         <load_address>0x70053e1a</load_address>
         <readonly>true</readonly>
         <executable>true</executable>
         <run_address>0x70053e1a</run_address>
         <size>0x2dc</size>
         <alignment>0x2</alignment>
         <input_file_ref idref="fl-25"/>
         <refd_ro_sections>
            <object_component_ref idref="oc-76"/>
            <object_component_ref idref="oc-4f"/>
            <object_component_ref idref="oc-71"/>
         </refd_ro_sections>
         <refd_rw_sections>
            <object_component_ref idref="oc-6f"/>
            <object_component_ref idref="oc-6e"/>
         </refd_rw_sections>
         <value>d869b0dd46bb0541e19a70abe34b6d7c</value>
      </object_component>
      <object_component id="oc-4f">
         <name>.text.hwi</name>
         <load_address>0x700540f8</load_address>
         <readonly>true</readonly>
         <executable>true</executable>
         <run_address>0x700540f8</run_address>
         <size>0x17c</size>
         <alignment>0x4</alignment>
         <input_file_ref idref="fl-2a"/>
         <refd_ro_sections>
            <object_component_ref idref="oc-53"/>
         </refd_ro_sections>
         <value>28d20caeba06a9db22180b79932d7705</value>
      </object_component>
      <object_component id="oc-76">
         <name>.text.hwi</name>
         <load_address>0x70054274</load_address>
         <readonly>true</readonly>
         <executable>true</executable>
         <run_address>0x70054274</run_address>
         <size>0x70</size>
         <alignment>0x4</alignment>
         <input_file_ref idref="fl-2d"/>
         <value>787d7b637e8a91b15a7ff1700f5395cd</value>
      </object_component>
      <object_component id="oc-3d7">
         <name>.tramp.HwiP_enableFIQ.1</name>
         <load_address>0x700542e4</load_address>
         <readonly>true</readonly>
         <executable>true</executable>
         <run_address>0x700542e4</run_address>
         <size>0x8</size>
         <alignment>0x4</alignment>
         <input_file_ref idref="fl-2d"/>
      </object_component>
      <object_component id="oc-c7">
         <name>.text.cache</name>
         <load_address>0x700542f0</load_address>
         <readonly>true</readonly>
         <executable>true</executable>
         <run_address>0x700542f0</run_address>
         <size>0x340</size>
         <alignment>0x4</alignment>
         <input_file_ref idref="fl-2f"/>
         <refd_ro_sections>
            <object_component_ref idref="oc-129"/>
            <object_component_ref idref="oc-12a"/>
         </refd_ro_sections>
         <value>28201a9cf2d673acf236201cbf3c08e7</value>
      </object_component>
      <object_component id="oc-82">
         <name>.text.cache</name>
         <load_address>0x70054630</load_address>
         <readonly>true</readonly>
         <executable>true</executable>
         <run_address>0x70054630</run_address>
         <size>0xd8</size>
         <alignment>0x2</alignment>
         <input_file_ref idref="fl-27"/>
         <refd_ro_sections>
            <object_component_ref idref="oc-cb"/>
            <object_component_ref idref="oc-bb"/>
            <object_component_ref idref="oc-c7"/>
            <object_component_ref idref="oc-76"/>
         </refd_ro_sections>
         <value>46ca8e7e3e4609bb9292a5c682c59859</value>
      </object_component>
      <object_component id="oc-3da">
         <name>.tramp.CacheP_invL1d.1</name>
         <load_address>0x70054708</load_address>
         <readonly>true</readonly>
         <executable>true</executable>
         <run_address>0x70054708</run_address>
         <size>0x8</size>
         <alignment>0x4</alignment>
         <input_file_ref idref="fl-2f"/>
      </object_component>
      <object_component id="oc-3d9">
         <name>.tramp.CacheP_enableL1p.1</name>
         <load_address>0x70054710</load_address>
         <readonly>true</readonly>
         <executable>true</executable>
         <run_address>0x70054710</run_address>
         <size>0x8</size>
         <alignment>0x4</alignment>
         <input_file_ref idref="fl-2f"/>
      </object_component>
      <object_component id="oc-3d8">
         <name>.tramp.HwiP_restore.2</name>
         <load_address>0x70054718</load_address>
         <readonly>true</readonly>
         <executable>true</executable>
         <run_address>0x70054718</run_address>
         <size>0x8</size>
         <alignment>0x4</alignment>
         <input_file_ref idref="fl-2d"/>
      </object_component>
      <object_component id="oc-7e">
         <name>.text.mpu</name>
         <load_address>0x70054720</load_address>
         <readonly>true</readonly>
         <executable>true</executable>
         <run_address>0x70054720</run_address>
         <size>0x202</size>
         <alignment>0x2</alignment>
         <input_file_ref idref="fl-26"/>
         <refd_ro_sections>
            <object_component_ref idref="oc-cb"/>
            <object_component_ref idref="oc-bb"/>
            <object_component_ref idref="oc-82"/>
            <object_component_ref idref="oc-c7"/>
            <object_component_ref idref="oc-76"/>
            <object_component_ref idref="oc-c3"/>
         </refd_ro_sections>
         <value>b739b5795a3fc6008b5af6d58622ee08</value>
      </object_component>
      <object_component id="oc-c3">
         <name>.text.mpu</name>
         <load_address>0x70054924</load_address>
         <readonly>true</readonly>
         <executable>true</executable>
         <run_address>0x70054924</run_address>
         <size>0x78</size>
         <alignment>0x4</alignment>
         <input_file_ref idref="fl-2e"/>
         <value>81f7fff56ae0fd196005f1def4853920</value>
      </object_component>
      <object_component id="oc-3dc">
         <name>.tramp.HwiP_restore.3</name>
         <load_address>0x7005499c</load_address>
         <readonly>true</readonly>
         <executable>true</executable>
         <run_address>0x7005499c</run_address>
         <size>0x8</size>
         <alignment>0x4</alignment>
         <input_file_ref idref="fl-2d"/>
      </object_component>
      <object_component id="oc-3db">
         <name>.tramp.MpuP_isEnableAsm.1</name>
         <load_address>0x700549a4</load_address>
         <readonly>true</readonly>
         <executable>true</executable>
         <run_address>0x700549a4</run_address>
         <size>0x8</size>
         <alignment>0x4</alignment>
         <input_file_ref idref="fl-2e"/>
      </object_component>
      <object_component id="oc-4b">
         <name>.text.boot</name>
         <load_address>0x700549b0</load_address>
         <readonly>true</readonly>
         <executable>true</executable>
         <run_address>0x700549b0</run_address>
         <size>0x144</size>
         <alignment>0x4</alignment>
         <input_file_ref idref="fl-2c"/>
         <refd_ro_sections>
            <object_component_ref idref="oc-62"/>
            <object_component_ref idref="oc-5d"/>
            <object_component_ref idref="oc-b7"/>
            <object_component_ref idref="oc-67"/>
            <object_component_ref idref="oc-91"/>
         </refd_ro_sections>
         <refd_linker_syms>
            <symbol_ref idref="sm-f"/>
            <symbol_ref idref="sm-b"/>
            <symbol_ref idref="sm-9"/>
            <symbol_ref idref="sm-15"/>
            <symbol_ref idref="sm-d"/>
            <symbol_ref idref="sm-11"/>
         </refd_linker_syms>
         <value>3dda733e3a517cbab0fef541a85342e0</value>
      </object_component>
      <object_component id="oc-bb">
         <name>.text.boot</name>
         <load_address>0x70054af4</load_address>
         <readonly>true</readonly>
         <executable>true</executable>
         <run_address>0x70054af4</run_address>
         <size>0x1e</size>
         <alignment>0x2</alignment>
         <input_file_ref idref="fl-1f"/>
         <refd_ro_sections>
            <object_component_ref idref="oc-76"/>
         </refd_ro_sections>
         <value>71355147a8a5b75875ba8d68c20c33a8</value>
      </object_component>
      <object_component id="oc-62">
         <name>.text.boot</name>
         <load_address>0x70054b12</load_address>
         <readonly>true</readonly>
         <executable>true</executable>
         <run_address>0x70054b12</run_address>
         <size>0x1c</size>
         <alignment>0x2</alignment>
         <input_file_ref idref="fl-31"/>
         <refd_ro_sections>
            <object_component_ref idref="oc-89"/>
         </refd_ro_sections>
         <refd_linker_syms>
            <symbol_ref idref="sm-7"/>
            <symbol_ref idref="sm-6"/>
         </refd_linker_syms>
         <value>a7fddd2eab8a55466f5850478c0696ca</value>
      </object_component>
      <object_component id="oc-5d">
         <name>.text.boot</name>
         <load_address>0x70054b2e</load_address>
         <readonly>true</readonly>
         <executable>true</executable>
         <run_address>0x70054b2e</run_address>
         <size>0xe</size>
         <alignment>0x2</alignment>
         <input_file_ref idref="fl-2"/>
         <of_notshared>true</of_notshared>
         <refd_ro_sections>
            <object_component_ref idref="oc-82"/>
            <object_component_ref idref="oc-7e"/>
         </refd_ro_sections>
         <value>367db0d8226d91001836645e2bef4260</value>
      </object_component>
      <object_component id="oc-b2">
         <name>.text:abort</name>
         <load_address>0x70054b40</load_address>
         <readonly>true</readonly>
         <executable>true</executable>
         <run_address>0x70054b40</run_address>
         <size>0x8</size>
         <alignment>0x4</alignment>
         <input_file_ref idref="fl-55"/>
         <refd_ro_sections>
            <object_component_ref idref="oc-11c"/>
         </refd_ro_sections>
         <value>e27b954847891444abf2be07f27b8b79</value>
      </object_component>
      <object_component id="oc-1e9">
         <name>.text._vsnprintf</name>
         <load_address>0x7004ce60</load_address>
         <readonly>true</readonly>
         <executable>true</executable>
         <run_address>0x7004ce60</run_address>
         <size>0x580</size>
         <alignment>0x4</alignment>
         <input_file_ref idref="fl-28"/>
         <refd_ro_sections>
            <object_component_ref idref="oc-22b"/>
            <object_component_ref idref="oc-22a"/>
            <object_component_ref idref="oc-22d"/>
            <object_component_ref idref="oc-22c"/>
            <object_component_ref idref="oc-229"/>
         </refd_ro_sections>
         <value>11d285028d24beaa865a0843bd4c0694</value>
      </object_component>
      <object_component id="oc-209">
         <name>.text.SOC_rcmEnablePeripheralClock</name>
         <load_address>0x7004d3e0</load_address>
         <readonly>true</readonly>
         <executable>true</executable>
         <run_address>0x7004d3e0</run_address>
         <size>0x4cc</size>
         <alignment>0x4</alignment>
         <input_file_ref idref="fl-37"/>
         <value>e17ea71fe5fe5bad6ca3b5fa83ad9958</value>
      </object_component>
      <object_component id="oc-100">
         <name>.text.Board_driversOpen</name>
         <load_address>0x7004d8ac</load_address>
         <readonly>true</readonly>
         <executable>true</executable>
         <run_address>0x7004d8ac</run_address>
         <size>0x4</size>
         <alignment>0x2</alignment>
         <input_file_ref idref="fl-8"/>
         <value>cdac9d29ed467cddeb2ad48c78c0a1a4</value>
      </object_component>
      <object_component id="oc-22a">
         <name>.text._ftoa</name>
         <load_address>0x7004d8b0</load_address>
         <readonly>true</readonly>
         <executable>true</executable>
         <run_address>0x7004d8b0</run_address>
         <size>0x400</size>
         <alignment>0x8</alignment>
         <input_file_ref idref="fl-28"/>
         <refd_ro_sections>
            <object_component_ref idref="oc-275"/>
            <object_component_ref idref="oc-271"/>
            <object_component_ref idref="oc-270"/>
            <object_component_ref idref="oc-272"/>
            <object_component_ref idref="oc-276"/>
            <object_component_ref idref="oc-274"/>
            <object_component_ref idref="oc-22b"/>
            <object_component_ref idref="oc-273"/>
         </refd_ro_sections>
         <value>6fd4e41bffb081ef1d9a34ec4ba38e87</value>
      </object_component>
      <object_component id="oc-1a0">
         <name>.text.GPIO_bankIntrDisable</name>
         <load_address>0x7004dcb0</load_address>
         <readonly>true</readonly>
         <executable>true</executable>
         <run_address>0x7004dcb0</run_address>
         <size>0x10</size>
         <alignment>0x2</alignment>
         <input_file_ref idref="fl-34"/>
         <value>5d0b3b4846f131b731abbd6e072fcfa4</value>
      </object_component>
      <object_component id="oc-396">
         <name>.text:strcmp</name>
         <load_address>0x7004dcc0</load_address>
         <readonly>true</readonly>
         <executable>true</executable>
         <run_address>0x7004dcc0</run_address>
         <size>0x390</size>
         <alignment>0x20</alignment>
         <input_file_ref idref="fl-11b"/>
         <refd_ro_sections>
            <object_component_ref idref="oc-39b"/>
         </refd_ro_sections>
         <value>fd3c5b17c2b678f93f63ffd0e9262618</value>
      </object_component>
      <object_component id="oc-22b">
         <name>.text._etoa</name>
         <load_address>0x7004e050</load_address>
         <readonly>true</readonly>
         <executable>true</executable>
         <run_address>0x7004e050</run_address>
         <size>0x310</size>
         <alignment>0x8</alignment>
         <input_file_ref idref="fl-28"/>
         <refd_ro_sections>
            <object_component_ref idref="oc-22a"/>
            <object_component_ref idref="oc-22d"/>
         </refd_ro_sections>
         <value>dce784b4ca6f12003d92507cb01ec67b</value>
      </object_component>
      <object_component id="oc-1e4">
         <name>.text.UART_open</name>
         <load_address>0x7004e360</load_address>
         <readonly>true</readonly>
         <executable>true</executable>
         <run_address>0x7004e360</run_address>
         <size>0x2a8</size>
         <alignment>0x4</alignment>
         <input_file_ref idref="fl-38"/>
         <refd_ro_sections>
            <object_component_ref idref="oc-215"/>
            <object_component_ref idref="oc-21e"/>
            <object_component_ref idref="oc-17f"/>
            <object_component_ref idref="oc-216"/>
            <object_component_ref idref="oc-17e"/>
            <object_component_ref idref="oc-217"/>
            <object_component_ref idref="oc-218"/>
            <object_component_ref idref="oc-1ec"/>
            <object_component_ref idref="oc-175"/>
            <object_component_ref idref="oc-1ed"/>
            <object_component_ref idref="oc-214"/>
            <object_component_ref idref="oc-20c"/>
            <object_component_ref idref="oc-1e7"/>
            <object_component_ref idref="oc-21f"/>
            <object_component_ref idref="oc-21b"/>
            <object_component_ref idref="oc-213"/>
            <object_component_ref idref="oc-20d"/>
            <object_component_ref idref="oc-219"/>
            <object_component_ref idref="oc-21a"/>
            <object_component_ref idref="oc-174"/>
            <object_component_ref idref="oc-132"/>
            <object_component_ref idref="oc-71"/>
         </refd_ro_sections>
         <refd_rw_sections>
            <object_component_ref idref="oc-17d"/>
            <object_component_ref idref="oc-17b"/>
            <object_component_ref idref="oc-21d"/>
            <object_component_ref idref="oc-21c"/>
            <object_component_ref idref="oc-17c"/>
         </refd_rw_sections>
         <value>e4373512b47eea33bf38e5b352a8a00e</value>
      </object_component>
      <object_component id="oc-20a">
         <name>.text.SOC_rcmSetPeripheralClock</name>
         <load_address>0x7004e608</load_address>
         <readonly>true</readonly>
         <executable>true</executable>
         <run_address>0x7004e608</run_address>
         <size>0x250</size>
         <alignment>0x4</alignment>
         <input_file_ref idref="fl-37"/>
         <refd_ro_sections>
            <object_component_ref idref="oc-24a"/>
            <object_component_ref idref="oc-24b"/>
            <object_component_ref idref="oc-248"/>
            <object_component_ref idref="oc-249"/>
            <object_component_ref idref="oc-24d"/>
            <object_component_ref idref="oc-24c"/>
            <object_component_ref idref="oc-247"/>
            <object_component_ref idref="oc-246"/>
         </refd_ro_sections>
         <value>4f0a9d2a32b2521ca55e2a6ccadb488a</value>
      </object_component>
      <object_component id="oc-252">
         <name>.text.UART_configInstance</name>
         <load_address>0x7004e858</load_address>
         <readonly>true</readonly>
         <executable>true</executable>
         <run_address>0x7004e858</run_address>
         <size>0x23c</size>
         <alignment>0x2</alignment>
         <input_file_ref idref="fl-39"/>
         <refd_ro_sections>
            <object_component_ref idref="oc-287"/>
            <object_component_ref idref="oc-286"/>
            <object_component_ref idref="oc-288"/>
            <object_component_ref idref="oc-285"/>
            <object_component_ref idref="oc-289"/>
            <object_component_ref idref="oc-221"/>
         </refd_ro_sections>
         <value>5477a707a619bf4237e60aceae2e714d</value>
      </object_component>
      <object_component id="oc-2a0">
         <name>.text.EDMA_freeChannelRegion</name>
         <load_address>0x7004ea94</load_address>
         <readonly>true</readonly>
         <executable>true</executable>
         <run_address>0x7004ea94</run_address>
         <size>0x204</size>
         <alignment>0x4</alignment>
         <input_file_ref idref="fl-3b"/>
         <refd_ro_sections>
            <object_component_ref idref="oc-2c2"/>
            <object_component_ref idref="oc-2c5"/>
            <object_component_ref idref="oc-2c6"/>
            <object_component_ref idref="oc-2ad"/>
            <object_component_ref idref="oc-2ac"/>
            <object_component_ref idref="oc-2c7"/>
            <object_component_ref idref="oc-2c4"/>
            <object_component_ref idref="oc-2b7"/>
            <object_component_ref idref="oc-2c3"/>
            <object_component_ref idref="oc-2be"/>
            <object_component_ref idref="oc-2bd"/>
            <object_component_ref idref="oc-2bf"/>
            <object_component_ref idref="oc-174"/>
         </refd_ro_sections>
         <refd_rw_sections>
            <object_component_ref idref="oc-2c1"/>
            <object_component_ref idref="oc-2c0"/>
         </refd_rw_sections>
         <value>0b6e61a3863f06e275ad90d904e49871</value>
      </object_component>
      <object_component id="oc-30a">
         <name>.text.free</name>
         <load_address>0x7004ec98</load_address>
         <readonly>true</readonly>
         <executable>true</executable>
         <run_address>0x7004ec98</run_address>
         <size>0x1a8</size>
         <alignment>0x4</alignment>
         <input_file_ref idref="fl-58"/>
         <refd_ro_sections>
            <object_component_ref idref="oc-325"/>
            <object_component_ref idref="oc-324"/>
         </refd_ro_sections>
         <refd_rw_sections>
            <object_component_ref idref="oc-122"/>
            <object_component_ref idref="oc-125"/>
            <object_component_ref idref="oc-49"/>
         </refd_rw_sections>
         <refd_linker_syms>
            <symbol_ref idref="sm-16"/>
         </refd_linker_syms>
         <value>c2c6a0883acd2f1093dcc82e731bbced</value>
      </object_component>
      <object_component id="oc-326">
         <name>.text.aligned_alloc</name>
         <load_address>0x7004ee40</load_address>
         <readonly>true</readonly>
         <executable>true</executable>
         <run_address>0x7004ee40</run_address>
         <size>0x1a4</size>
         <alignment>0x4</alignment>
         <input_file_ref idref="fl-58"/>
         <refd_ro_sections>
            <object_component_ref idref="oc-325"/>
            <object_component_ref idref="oc-324"/>
            <object_component_ref idref="oc-353"/>
         </refd_ro_sections>
         <refd_rw_sections>
            <object_component_ref idref="oc-352"/>
            <object_component_ref idref="oc-122"/>
            <object_component_ref idref="oc-125"/>
            <object_component_ref idref="oc-354"/>
            <object_component_ref idref="oc-49"/>
         </refd_rw_sections>
         <refd_linker_syms>
            <symbol_ref idref="sm-16"/>
         </refd_linker_syms>
         <value>897beb5ba77f18dd45527654a554f37b</value>
      </object_component>
      <object_component id="oc-253">
         <name>.text.UART_lld_dmaInit</name>
         <load_address>0x7004efe4</load_address>
         <readonly>true</readonly>
         <executable>true</executable>
         <run_address>0x7004efe4</run_address>
         <size>0x194</size>
         <alignment>0x4</alignment>
         <input_file_ref idref="fl-3a"/>
         <refd_ro_sections>
            <object_component_ref idref="oc-292"/>
            <object_component_ref idref="oc-294"/>
            <object_component_ref idref="oc-293"/>
            <object_component_ref idref="oc-295"/>
            <object_component_ref idref="oc-28a"/>
            <object_component_ref idref="oc-290"/>
            <object_component_ref idref="oc-291"/>
            <object_component_ref idref="oc-296"/>
            <object_component_ref idref="oc-299"/>
            <object_component_ref idref="oc-297"/>
            <object_component_ref idref="oc-298"/>
         </refd_ro_sections>
         <value>e7b6d4e56f74e336685e9beaf54a1509</value>
      </object_component>
      <object_component id="oc-ee">
         <name>.text.GPIO_init</name>
         <load_address>0x7004f178</load_address>
         <readonly>true</readonly>
         <executable>true</executable>
         <run_address>0x7004f178</run_address>
         <size>0x17a</size>
         <alignment>0x2</alignment>
         <input_file_ref idref="fl-3"/>
         <refd_ro_sections>
            <object_component_ref idref="oc-166"/>
            <object_component_ref idref="oc-173"/>
            <object_component_ref idref="oc-16c"/>
            <object_component_ref idref="oc-172"/>
         </refd_ro_sections>
         <value>83bf292b4e20222dc6e87511060fb558</value>
      </object_component>
      <object_component id="oc-268">
         <name>.text.UART_lld_dmaDeInit</name>
         <load_address>0x7004f2f2</load_address>
         <readonly>true</readonly>
         <executable>true</executable>
         <run_address>0x7004f2f2</run_address>
         <size>0x14e</size>
         <alignment>0x2</alignment>
         <input_file_ref idref="fl-3a"/>
         <refd_ro_sections>
            <object_component_ref idref="oc-2a0"/>
            <object_component_ref idref="oc-2a1"/>
            <object_component_ref idref="oc-2a3"/>
            <object_component_ref idref="oc-2a2"/>
            <object_component_ref idref="oc-29f"/>
         </refd_ro_sections>
         <value>c368d92b3444e27c2e6a80a1c86984bb</value>
      </object_component>
      <object_component id="oc-2ef">
         <name>.text.setvbuf</name>
         <load_address>0x7004f440</load_address>
         <readonly>true</readonly>
         <executable>true</executable>
         <run_address>0x7004f440</run_address>
         <size>0x144</size>
         <alignment>0x4</alignment>
         <input_file_ref idref="fl-54"/>
         <refd_ro_sections>
            <object_component_ref idref="oc-30d"/>
            <object_component_ref idref="oc-30a"/>
            <object_component_ref idref="oc-30c"/>
         </refd_ro_sections>
         <refd_rw_sections>
            <object_component_ref idref="oc-124"/>
            <object_component_ref idref="oc-122"/>
            <object_component_ref idref="oc-125"/>
         </refd_rw_sections>
         <value>64fe1afe11d1e7d97f8c4dcbf5d68045</value>
      </object_component>
      <object_component id="oc-1fb">
         <name>.text.TimerP_setupPriv</name>
         <load_address>0x7004f584</load_address>
         <readonly>true</readonly>
         <executable>true</executable>
         <run_address>0x7004f584</run_address>
         <size>0x140</size>
         <alignment>0x2</alignment>
         <input_file_ref idref="fl-33"/>
         <refd_ro_sections>
            <object_component_ref idref="oc-236"/>
            <object_component_ref idref="oc-239"/>
            <object_component_ref idref="oc-23a"/>
            <object_component_ref idref="oc-23c"/>
            <object_component_ref idref="oc-238"/>
            <object_component_ref idref="oc-237"/>
            <object_component_ref idref="oc-23b"/>
            <object_component_ref idref="oc-174"/>
            <object_component_ref idref="oc-153"/>
         </refd_ro_sections>
         <value>b9463f888aeea141dbed7262c1bbeda1</value>
      </object_component>
      <object_component id="oc-2e4">
         <name>.text.SOC_virtToPhy</name>
         <load_address>0x7004f6c4</load_address>
         <readonly>true</readonly>
         <executable>true</executable>
         <run_address>0x7004f6c4</run_address>
         <size>0x13c</size>
         <alignment>0x4</alignment>
         <input_file_ref idref="fl-36"/>
         <refd_ro_sections>
            <object_component_ref idref="oc-2fd"/>
            <object_component_ref idref="oc-303"/>
         </refd_ro_sections>
         <refd_rw_sections>
            <object_component_ref idref="oc-305"/>
            <object_component_ref idref="oc-304"/>
         </refd_rw_sections>
         <value>2a0be40b83204e6e3b2b7e59600a808f</value>
      </object_component>
      <object_component id="oc-1e7">
         <name>.text.UART_close</name>
         <load_address>0x7004f800</load_address>
         <readonly>true</readonly>
         <executable>true</executable>
         <run_address>0x7004f800</run_address>
         <size>0x138</size>
         <alignment>0x4</alignment>
         <input_file_ref idref="fl-38"/>
         <refd_ro_sections>
            <object_component_ref idref="oc-215"/>
            <object_component_ref idref="oc-227"/>
            <object_component_ref idref="oc-17f"/>
            <object_component_ref idref="oc-226"/>
            <object_component_ref idref="oc-17e"/>
            <object_component_ref idref="oc-1a1"/>
            <object_component_ref idref="oc-1ed"/>
            <object_component_ref idref="oc-214"/>
            <object_component_ref idref="oc-220"/>
            <object_component_ref idref="oc-222"/>
            <object_component_ref idref="oc-221"/>
            <object_component_ref idref="oc-225"/>
            <object_component_ref idref="oc-224"/>
            <object_component_ref idref="oc-223"/>
            <object_component_ref idref="oc-174"/>
            <object_component_ref idref="oc-71"/>
         </refd_ro_sections>
         <refd_rw_sections>
            <object_component_ref idref="oc-17c"/>
         </refd_rw_sections>
         <value>96addec2cd2d4c0351e90d44bd8c4184</value>
      </object_component>
      <object_component id="oc-277">
         <name>.text._ntoa_format</name>
         <load_address>0x7004f938</load_address>
         <readonly>true</readonly>
         <executable>true</executable>
         <run_address>0x7004f938</run_address>
         <size>0x132</size>
         <alignment>0x2</alignment>
         <input_file_ref idref="fl-28"/>
         <refd_ro_sections>
            <object_component_ref idref="oc-274"/>
            <object_component_ref idref="oc-273"/>
         </refd_ro_sections>
         <value>a5a919170c2d613efdd401dc70285b4f</value>
      </object_component>
      <object_component id="oc-21f">
         <name>.text.UART_lld_controllerIsr</name>
         <load_address>0x7004fa6a</load_address>
         <readonly>true</readonly>
         <executable>true</executable>
         <run_address>0x7004fa6a</run_address>
         <size>0x11a</size>
         <alignment>0x2</alignment>
         <input_file_ref idref="fl-39"/>
         <refd_ro_sections>
            <object_component_ref idref="oc-25f"/>
            <object_component_ref idref="oc-25c"/>
            <object_component_ref idref="oc-221"/>
            <object_component_ref idref="oc-25d"/>
            <object_component_ref idref="oc-25e"/>
            <object_component_ref idref="oc-89"/>
         </refd_ro_sections>
         <value>6b053aab0681748ccfe026272bc4c81c</value>
      </object_component>
      <object_component id="oc-2b1">
         <name>.text.Alloc_resource</name>
         <load_address>0x7004fb84</load_address>
         <readonly>true</readonly>
         <executable>true</executable>
         <run_address>0x7004fb84</run_address>
         <size>0x118</size>
         <alignment>0x4</alignment>
         <input_file_ref idref="fl-3b"/>
         <refd_ro_sections>
            <object_component_ref idref="oc-76"/>
         </refd_ro_sections>
         <value>426a17b4da3be7b3601bc17641142787</value>
      </object_component>
      <object_component id="oc-1c8">
         <name>.text</name>
         <load_address>0x7004fc9c</load_address>
         <readonly>true</readonly>
         <executable>true</executable>
         <run_address>0x7004fc9c</run_address>
         <size>0x118</size>
         <alignment>0x4</alignment>
         <input_file_ref idref="fl-122"/>
         <refd_ro_sections>
            <object_component_ref idref="oc-202"/>
         </refd_ro_sections>
         <value>eaf1edc13536b37e5b03b807401e07f2</value>
      </object_component>
      <object_component id="oc-246">
         <name>.text.SOC_rcmGetPeripheralClockFrequency</name>
         <load_address>0x7004fdb4</load_address>
         <readonly>true</readonly>
         <executable>true</executable>
         <run_address>0x7004fdb4</run_address>
         <size>0x114</size>
         <alignment>0x4</alignment>
         <input_file_ref idref="fl-37"/>
         <refd_ro_sections>
            <object_component_ref idref="oc-27e"/>
            <object_component_ref idref="oc-23f"/>
            <object_component_ref idref="oc-280"/>
            <object_component_ref idref="oc-281"/>
            <object_component_ref idref="oc-240"/>
            <object_component_ref idref="oc-242"/>
            <object_component_ref idref="oc-27f"/>
            <object_component_ref idref="oc-23e"/>
            <object_component_ref idref="oc-201"/>
            <object_component_ref idref="oc-174"/>
         </refd_ro_sections>
         <value>8b54793e3124248086d2ff5a08a09441</value>
      </object_component>
      <object_component id="oc-2e0">
         <name>.text.UART_lld_write</name>
         <load_address>0x7004fec8</load_address>
         <readonly>true</readonly>
         <executable>true</executable>
         <run_address>0x7004fec8</run_address>
         <size>0x10e</size>
         <alignment>0x2</alignment>
         <input_file_ref idref="fl-39"/>
         <refd_ro_sections>
            <object_component_ref idref="oc-29c"/>
            <object_component_ref idref="oc-89"/>
         </refd_ro_sections>
         <value>d779b19611bf6523b2e17a2f9cfedd5a</value>
      </object_component>
      <object_component id="oc-141">
         <name>.text.ClockP_init</name>
         <load_address>0x7004ffd6</load_address>
         <readonly>true</readonly>
         <executable>true</executable>
         <run_address>0x7004ffd6</run_address>
         <size>0x104</size>
         <alignment>0x2</alignment>
         <input_file_ref idref="fl-22"/>
         <refd_ro_sections>
            <object_component_ref idref="oc-1b3"/>
            <object_component_ref idref="oc-1b6"/>
            <object_component_ref idref="oc-1b4"/>
            <object_component_ref idref="oc-1b7"/>
            <object_component_ref idref="oc-1b5"/>
            <object_component_ref idref="oc-1b8"/>
            <object_component_ref idref="oc-1c0"/>
            <object_component_ref idref="oc-1b9"/>
            <object_component_ref idref="oc-1bf"/>
            <object_component_ref idref="oc-1be"/>
            <object_component_ref idref="oc-1c1"/>
            <object_component_ref idref="oc-174"/>
            <object_component_ref idref="oc-71"/>
         </refd_ro_sections>
         <refd_rw_sections>
            <object_component_ref idref="oc-19c"/>
            <object_component_ref idref="oc-1b2"/>
         </refd_rw_sections>
         <value>ab8f8076478fda5c89fdea39388ecb58</value>
      </object_component>
      <object_component id="oc-ae">
         <name>.text.Board_deinit</name>
         <load_address>0x700500da</load_address>
         <readonly>true</readonly>
         <executable>true</executable>
         <run_address>0x700500da</run_address>
         <size>0x2</size>
         <alignment>0x2</alignment>
         <input_file_ref idref="fl-7"/>
         <value>d1a51d9bea3c0661dce49dfbc1477361</value>
      </object_component>
      <object_component id="oc-2bb">
         <name>.text.UART_lld_dmaWrite</name>
         <load_address>0x700500dc</load_address>
         <readonly>true</readonly>
         <executable>true</executable>
         <run_address>0x700500dc</run_address>
         <size>0x104</size>
         <alignment>0x4</alignment>
         <input_file_ref idref="fl-3a"/>
         <refd_ro_sections>
            <object_component_ref idref="oc-2e3"/>
            <object_component_ref idref="oc-2e6"/>
            <object_component_ref idref="oc-2e7"/>
            <object_component_ref idref="oc-2e8"/>
            <object_component_ref idref="oc-2e5"/>
            <object_component_ref idref="oc-2e4"/>
            <object_component_ref idref="oc-260"/>
         </refd_ro_sections>
         <value>a9f258f08249f69da3e08e56c6a20813</value>
      </object_component>
      <object_component id="oc-2ab">
         <name>.text.UART_write</name>
         <load_address>0x700501e0</load_address>
         <readonly>true</readonly>
         <executable>true</executable>
         <run_address>0x700501e0</run_address>
         <size>0xfc</size>
         <alignment>0x4</alignment>
         <input_file_ref idref="fl-38"/>
         <refd_ro_sections>
            <object_component_ref idref="oc-227"/>
            <object_component_ref idref="oc-17f"/>
            <object_component_ref idref="oc-2e2"/>
            <object_component_ref idref="oc-17e"/>
            <object_component_ref idref="oc-1ed"/>
            <object_component_ref idref="oc-2e0"/>
            <object_component_ref idref="oc-2df"/>
            <object_component_ref idref="oc-2de"/>
            <object_component_ref idref="oc-2e1"/>
            <object_component_ref idref="oc-174"/>
            <object_component_ref idref="oc-76"/>
         </refd_ro_sections>
         <value>d330943501921ea1c6eb8e86c7d878b1</value>
      </object_component>
      <object_component id="oc-2a4">
         <name>.text.fputc</name>
         <load_address>0x700502dc</load_address>
         <readonly>true</readonly>
         <executable>true</executable>
         <run_address>0x700502dc</run_address>
         <size>0xf0</size>
         <alignment>0x4</alignment>
         <input_file_ref idref="fl-52"/>
         <refd_ro_sections>
            <object_component_ref idref="oc-2d5"/>
            <object_component_ref idref="oc-2cb"/>
            <object_component_ref idref="oc-2d1"/>
         </refd_ro_sections>
         <refd_rw_sections>
            <object_component_ref idref="oc-122"/>
            <object_component_ref idref="oc-125"/>
         </refd_rw_sections>
         <value>78817c6884ee8f26e2662c495ba03c3d</value>
      </object_component>
      <object_component id="oc-118">
         <name>.text.GPIO_deinit</name>
         <load_address>0x700503cc</load_address>
         <readonly>true</readonly>
         <executable>true</executable>
         <run_address>0x700503cc</run_address>
         <size>0xd2</size>
         <alignment>0x2</alignment>
         <input_file_ref idref="fl-3"/>
         <refd_ro_sections>
            <object_component_ref idref="oc-166"/>
            <object_component_ref idref="oc-1a0"/>
            <object_component_ref idref="oc-172"/>
         </refd_ro_sections>
         <value>2999ab78df7baa3bad7e23aec8025c78</value>
      </object_component>
      <object_component id="oc-a3">
         <name>.text.Board_init</name>
         <load_address>0x7005049e</load_address>
         <readonly>true</readonly>
         <executable>true</executable>
         <run_address>0x7005049e</run_address>
         <size>0x2</size>
         <alignment>0x2</alignment>
         <input_file_ref idref="fl-7"/>
         <value>d1a51d9bea3c0661dce49dfbc1477361</value>
      </object_component>
      <object_component id="oc-29f">
         <name>.text.EDMA_unregisterIntr</name>
         <load_address>0x700504a0</load_address>
         <readonly>true</readonly>
         <executable>true</executable>
         <run_address>0x700504a0</run_address>
         <size>0xd0</size>
         <alignment>0x4</alignment>
         <input_file_ref idref="fl-3b"/>
         <refd_ro_sections>
            <object_component_ref idref="oc-2bc"/>
            <object_component_ref idref="oc-2ad"/>
            <object_component_ref idref="oc-2ac"/>
            <object_component_ref idref="oc-2b7"/>
            <object_component_ref idref="oc-174"/>
            <object_component_ref idref="oc-76"/>
         </refd_ro_sections>
         <value>49799f69601a84046956bbbf3caeb82b</value>
      </object_component>
      <object_component id="oc-20d">
         <name>.text.UART_lld_initDma</name>
         <load_address>0x70050570</load_address>
         <readonly>true</readonly>
         <executable>true</executable>
         <run_address>0x70050570</run_address>
         <size>0xcc</size>
         <alignment>0x4</alignment>
         <input_file_ref idref="fl-39"/>
         <refd_ro_sections>
            <object_component_ref idref="oc-259"/>
            <object_component_ref idref="oc-24f"/>
            <object_component_ref idref="oc-250"/>
            <object_component_ref idref="oc-251"/>
            <object_component_ref idref="oc-252"/>
            <object_component_ref idref="oc-224"/>
            <object_component_ref idref="oc-253"/>
         </refd_ro_sections>
         <value>fce7bf5b59cf7e1ad11b03d092596bc1</value>
      </object_component>
      <object_component id="oc-38a">
         <name>.text.getdevice</name>
         <load_address>0x7005063c</load_address>
         <readonly>true</readonly>
         <executable>true</executable>
         <run_address>0x7005063c</run_address>
         <size>0xc8</size>
         <alignment>0x4</alignment>
         <input_file_ref idref="fl-11a"/>
         <refd_ro_sections>
            <object_component_ref idref="oc-89"/>
            <object_component_ref idref="oc-393"/>
         </refd_ro_sections>
         <refd_rw_sections>
            <object_component_ref idref="oc-316"/>
         </refd_rw_sections>
         <value>3de42f20f2ba4c7243ed450665f157e9</value>
      </object_component>
      <object_component id="oc-213">
         <name>.text.UART_lld_init</name>
         <load_address>0x70050704</load_address>
         <readonly>true</readonly>
         <executable>true</executable>
         <run_address>0x70050704</run_address>
         <size>0xc0</size>
         <alignment>0x4</alignment>
         <input_file_ref idref="fl-39"/>
         <refd_ro_sections>
            <object_component_ref idref="oc-259"/>
            <object_component_ref idref="oc-24f"/>
            <object_component_ref idref="oc-250"/>
            <object_component_ref idref="oc-251"/>
            <object_component_ref idref="oc-252"/>
            <object_component_ref idref="oc-225"/>
         </refd_ro_sections>
         <value>245c88175bc27d69dc59351f6bdde342</value>
      </object_component>
      <object_component id="oc-296">
         <name>.text.EDMA_registerIntr</name>
         <load_address>0x700507c4</load_address>
         <readonly>true</readonly>
         <executable>true</executable>
         <run_address>0x700507c4</run_address>
         <size>0xbc</size>
         <alignment>0x4</alignment>
         <input_file_ref idref="fl-3b"/>
         <refd_ro_sections>
            <object_component_ref idref="oc-2ad"/>
            <object_component_ref idref="oc-2b8"/>
            <object_component_ref idref="oc-2ac"/>
            <object_component_ref idref="oc-2b7"/>
            <object_component_ref idref="oc-174"/>
            <object_component_ref idref="oc-76"/>
         </refd_ro_sections>
         <value>05228693d5b3a86cf20b93c99ebb53bb</value>
      </object_component>
      <object_component id="oc-306">
         <name>.text.fseeko</name>
         <load_address>0x70050880</load_address>
         <readonly>true</readonly>
         <executable>true</executable>
         <run_address>0x70050880</run_address>
         <size>0xb4</size>
         <alignment>0x4</alignment>
         <input_file_ref idref="fl-5d"/>
         <refd_ro_sections>
            <object_component_ref idref="oc-2d5"/>
            <object_component_ref idref="oc-320"/>
         </refd_ro_sections>
         <refd_rw_sections>
            <object_component_ref idref="oc-122"/>
            <object_component_ref idref="oc-125"/>
         </refd_rw_sections>
         <value>2d0582b64ca4381b787fd8d9415b78d7</value>
      </object_component>
      <object_component id="oc-327">
         <name>.text.__TI_closefile</name>
         <load_address>0x70050934</load_address>
         <readonly>true</readonly>
         <executable>true</executable>
         <run_address>0x70050934</run_address>
         <size>0xb0</size>
         <alignment>0x4</alignment>
         <input_file_ref idref="fl-61"/>
         <refd_ro_sections>
            <object_component_ref idref="oc-2d5"/>
            <object_component_ref idref="oc-355"/>
            <object_component_ref idref="oc-30a"/>
            <object_component_ref idref="oc-359"/>
         </refd_ro_sections>
         <refd_rw_sections>
            <object_component_ref idref="oc-35d"/>
            <object_component_ref idref="oc-122"/>
            <object_component_ref idref="oc-125"/>
         </refd_rw_sections>
         <value>187979fcd67a930590fda94a592d888b</value>
      </object_component>
      <object_component id="oc-22c">
         <name>.text._ntoa_long_long</name>
         <load_address>0x700509e4</load_address>
         <readonly>true</readonly>
         <executable>true</executable>
         <run_address>0x700509e4</run_address>
         <size>0xb0</size>
         <alignment>0x2</alignment>
         <input_file_ref idref="fl-28"/>
         <refd_ro_sections>
            <object_component_ref idref="oc-153"/>
            <object_component_ref idref="oc-277"/>
         </refd_ro_sections>
         <value>e274e78b5ba2e95a01711dfffd67ef68</value>
      </object_component>
      <object_component id="oc-201">
         <name>.text.SOC_rcmGetCoreHSDivOut</name>
         <load_address>0x70050a94</load_address>
         <readonly>true</readonly>
         <executable>true</executable>
         <run_address>0x70050a94</run_address>
         <size>0xac</size>
         <alignment>0x4</alignment>
         <input_file_ref idref="fl-37"/>
         <refd_ro_sections>
            <object_component_ref idref="oc-23f"/>
            <object_component_ref idref="oc-243"/>
            <object_component_ref idref="oc-240"/>
            <object_component_ref idref="oc-241"/>
            <object_component_ref idref="oc-242"/>
            <object_component_ref idref="oc-23e"/>
            <object_component_ref idref="oc-174"/>
         </refd_ro_sections>
         <value>0ce70e0679ae649eb6fd043e2108a565</value>
      </object_component>
      <object_component id="oc-286">
         <name>.text.UART_divisorLatchWrite</name>
         <load_address>0x70050b40</load_address>
         <readonly>true</readonly>
         <executable>true</executable>
         <run_address>0x70050b40</run_address>
         <size>0xac</size>
         <alignment>0x2</alignment>
         <input_file_ref idref="fl-39"/>
         <value>baa0d7bf7de20e32b490a3beeba102b8</value>
      </object_component>
      <object_component id="oc-273">
         <name>.text._out_rev</name>
         <load_address>0x70050bec</load_address>
         <readonly>true</readonly>
         <executable>true</executable>
         <run_address>0x70050bec</run_address>
         <size>0xa6</size>
         <alignment>0x2</alignment>
         <input_file_ref idref="fl-28"/>
         <value>89c9ef2a7b0f990fee21da3ea4ad42bc</value>
      </object_component>
      <object_component id="oc-11b">
         <name>.text.Dpl_deinit</name>
         <load_address>0x70050c92</load_address>
         <readonly>true</readonly>
         <executable>true</executable>
         <run_address>0x70050c92</run_address>
         <size>0x2</size>
         <alignment>0x2</alignment>
         <input_file_ref idref="fl-2"/>
         <value>d1a51d9bea3c0661dce49dfbc1477361</value>
      </object_component>
      <object_component id="oc-353">
         <name>.text.split</name>
         <load_address>0x70050c94</load_address>
         <readonly>true</readonly>
         <executable>true</executable>
         <run_address>0x70050c94</run_address>
         <size>0xa4</size>
         <alignment>0x4</alignment>
         <input_file_ref idref="fl-58"/>
         <refd_ro_sections>
            <object_component_ref idref="oc-325"/>
            <object_component_ref idref="oc-324"/>
         </refd_ro_sections>
         <refd_rw_sections>
            <object_component_ref idref="oc-49"/>
         </refd_rw_sections>
         <refd_linker_syms>
            <symbol_ref idref="sm-16"/>
         </refd_linker_syms>
         <value>fa7858384e6d6d95e2b2468460cdadf3</value>
      </object_component>
      <object_component id="oc-105">
         <name>.text.init_gpio</name>
         <load_address>0x70050d38</load_address>
         <readonly>true</readonly>
         <executable>true</executable>
         <run_address>0x70050d38</run_address>
         <size>0xa2</size>
         <alignment>0x2</alignment>
         <input_file_ref idref="fl-1"/>
         <refd_ro_sections>
            <object_component_ref idref="oc-18a"/>
            <object_component_ref idref="oc-188"/>
            <object_component_ref idref="oc-189"/>
            <object_component_ref idref="oc-18c"/>
            <object_component_ref idref="oc-18d"/>
            <object_component_ref idref="oc-18b"/>
            <object_component_ref idref="oc-16c"/>
            <object_component_ref idref="oc-10a"/>
         </refd_ro_sections>
         <value>283bc180ce601899d8b4a956b602cffa</value>
      </object_component>
      <object_component id="oc-1a1">
         <name>.text.SemaphoreP_destruct</name>
         <load_address>0x70050dda</load_address>
         <readonly>true</readonly>
         <executable>true</executable>
         <run_address>0x70050dda</run_address>
         <size>0x2</size>
         <alignment>0x2</alignment>
         <input_file_ref idref="fl-32"/>
         <value>d1a51d9bea3c0661dce49dfbc1477361</value>
      </object_component>
      <object_component id="oc-2a1">
         <name>.text.EDMA_freeDmaChannel</name>
         <load_address>0x70050ddc</load_address>
         <readonly>true</readonly>
         <executable>true</executable>
         <run_address>0x70050ddc</run_address>
         <size>0xa0</size>
         <alignment>0x4</alignment>
         <input_file_ref idref="fl-3b"/>
         <refd_ro_sections>
            <object_component_ref idref="oc-2ad"/>
            <object_component_ref idref="oc-2c8"/>
            <object_component_ref idref="oc-2ac"/>
            <object_component_ref idref="oc-2b7"/>
            <object_component_ref idref="oc-174"/>
            <object_component_ref idref="oc-76"/>
[...]
         <object_component_ref idref="oc-38a"/>
         <local>true</local>
      </symbol>
      <symbol id="sm-63b">
         <name></name>
         <value>0x11aeb</value>
         <object_component_ref idref="oc-38d"/>
         <local>true</local>
      </symbol>
      <symbol id="sm-63c">
         <name></name>
         <value>0x4539</value>
         <object_component_ref idref="oc-394"/>
         <local>true</local>
      </symbol>
      <symbol id="sm-63d">
         <name></name>
         <value>0x2030</value>
         <object_component_ref idref="oc-38f"/>
         <local>true</local>
      </symbol>
      <symbol id="sm-63e">
         <name></name>
         <value>0x1c18f</value>
         <object_component_ref idref="oc-395"/>
         <local>true</local>
      </symbol>
      <symbol id="sm-63f">
         <name></name>
         <value>0x3094</value>
         <object_component_ref idref="oc-38e"/>
         <local>true</local>
      </symbol>
      <symbol id="sm-640">
         <name></name>
         <value>0xf2d4</value>
         <object_component_ref idref="oc-38c"/>
         <local>true</local>
      </symbol>
      <symbol id="sm-641">
         <name>finddevice</name>
         <value>0x70051fa4</value>
         <object_component_ref idref="oc-393"/>
         <function>true</function>
         <callees>
            <symbol_ref idref="sm-64d"/>
         </callees>
      </symbol>
      <symbol id="sm-642">
         <name>getdevice</name>
         <value>0x7005063c</value>
         <object_component_ref idref="oc-38a"/>
         <function>true</function>
         <callees>
            <symbol_ref idref="sm-66c"/>
            <symbol_ref idref="sm-641"/>
         </callees>
      </symbol>
      <symbol id="sm-643">
         <name></name>
         <value>0x700530e0</value>
         <object_component_ref idref="oc-39b"/>
         <local>true</local>
      </symbol>
      <symbol id="sm-644">
         <name>.Lfastpath_exit</name>
         <value>0x700530e0</value>
         <object_component_ref idref="oc-39b"/>
         <local>true</local>
      </symbol>
      <symbol id="sm-645">
         <name>$a.0</name>
         <value>0x700530e0</value>
         <object_component_ref idref="oc-39b"/>
         <local>true</local>
      </symbol>
      <symbol id="sm-646">
         <name></name>
         <value>0x7004dcc0</value>
         <object_component_ref idref="oc-396"/>
         <local>true</local>
      </symbol>
      <symbol id="sm-647">
         <name></name>
         <value>0x7004dcc0</value>
         <object_component_ref idref="oc-396"/>
         <local>true</local>
      </symbol>
      <symbol id="sm-648">
         <name>$a.1</name>
         <value>0x7004dcc0</value>
         <object_component_ref idref="oc-396"/>
         <local>true</local>
      </symbol>
      <symbol id="sm-649">
         <name></name>
         <value>0x26dd8</value>
         <object_component_ref idref="oc-39a"/>
         <local>true</local>
      </symbol>
      <symbol id="sm-64a">
         <name></name>
         <value>0x46be</value>
         <object_component_ref idref="oc-39c"/>
         <local>true</local>
      </symbol>
      <symbol id="sm-64b">
         <name></name>
         <value>0x2048</value>
         <object_component_ref idref="oc-399"/>
         <local>true</local>
      </symbol>
      <symbol id="sm-64c">
         <name></name>
         <value>0xf4dc</value>
         <object_component_ref idref="oc-398"/>
         <local>true</local>
      </symbol>
      <symbol id="sm-64d">
         <name>strcmp</name>
         <value>0x7004dcc0</value>
         <object_component_ref idref="oc-396"/>
         <function>true</function>
      </symbol>
      <symbol id="sm-64f">
         <name></name>
         <value>0x70053164</value>
         <object_component_ref idref="oc-202"/>
         <local>true</local>
      </symbol>
      <symbol id="sm-650">
         <name>$a.1</name>
         <value>0x70053164</value>
         <object_component_ref idref="oc-202"/>
         <local>true</local>
      </symbol>
      <symbol id="sm-651">
         <name></name>
         <value>0x11c2b</value>
         <object_component_ref idref="oc-204"/>
         <local>true</local>
      </symbol>
      <symbol id="sm-652">
         <name></name>
         <value>0x46dd</value>
         <object_component_ref idref="oc-244"/>
         <local>true</local>
      </symbol>
      <symbol id="sm-653">
         <name></name>
         <value>0x2070</value>
         <object_component_ref idref="oc-205"/>
         <local>true</local>
      </symbol>
      <symbol id="sm-654">
         <name></name>
         <value>0x1c366</value>
         <object_component_ref idref="oc-245"/>
         <local>true</local>
      </symbol>
      <symbol id="sm-655">
         <name></name>
         <value>0x30e4</value>
         <object_component_ref idref="oc-207"/>
         <local>true</local>
      </symbol>
      <symbol id="sm-656">
         <name></name>
         <value>0xf60f</value>
         <object_component_ref idref="oc-206"/>
         <local>true</local>
      </symbol>
      <symbol id="sm-657">
         <name>__aeabi_ldiv0</name>
         <value>0x70053164</value>
         <object_component_ref idref="oc-202"/>
         <function>true</function>
      </symbol>
      <symbol id="sm-658">
         <name></name>
         <value>0x70053168</value>
         <object_component_ref idref="oc-132"/>
         <local>true</local>
      </symbol>
      <symbol id="sm-659">
         <name>$a.0</name>
         <value>0x70053168</value>
         <object_component_ref idref="oc-132"/>
         <local>true</local>
      </symbol>
      <symbol id="sm-65a">
         <name></name>
         <value>0x26f68</value>
         <object_component_ref idref="oc-133"/>
         <local>true</local>
      </symbol>
      <symbol id="sm-65b">
         <name></name>
         <value>0x4736</value>
         <object_component_ref idref="oc-1ad"/>
         <local>true</local>
      </symbol>
      <symbol id="sm-65c">
         <name></name>
         <value>0xf6c4</value>
         <object_component_ref idref="oc-135"/>
         <local>true</local>
      </symbol>
      <symbol id="sm-65d">
         <name>__aeabi_memcpy</name>
         <value>0x70053168</value>
         <object_component_ref idref="oc-132"/>
         <function>true</function>
         <callees>
            <symbol_ref idref="sm-681"/>
         </callees>
      </symbol>
      <symbol id="sm-65e">
         <name>__aeabi_memcpy4</name>
         <value>0x70053168</value>
         <object_component_ref idref="oc-132"/>
         <function>true</function>
         <callees>
            <symbol_ref idref="sm-681"/>
         </callees>
      </symbol>
      <symbol id="sm-65f">
         <name>__aeabi_memcpy8</name>
         <value>0x70053168</value>
         <object_component_ref idref="oc-132"/>
         <function>true</function>
         <callees>
            <symbol_ref idref="sm-681"/>
         </callees>
      </symbol>
      <symbol id="sm-660">
         <name></name>
         <value>0x70053038</value>
         <object_component_ref idref="oc-274"/>
         <local>true</local>
      </symbol>
      <symbol id="sm-661">
         <name>$a.0</name>
         <value>0x70053038</value>
         <object_component_ref idref="oc-274"/>
         <local>true</local>
      </symbol>
      <symbol id="sm-662">
         <name></name>
         <value>0x700530b4</value>
         <object_component_ref idref="oc-89"/>
         <local>true</local>
      </symbol>
      <symbol id="sm-663">
         <name>$a.1</name>
         <value>0x700530b4</value>
         <object_component_ref idref="oc-89"/>
         <local>true</local>
      </symbol>
      <symbol id="sm-664">
         <name></name>
         <value>0x27103</value>
         <object_component_ref idref="oc-8a"/>
         <local>true</local>
      </symbol>
      <symbol id="sm-665">
         <name></name>
         <value>0x475d</value>
         <object_component_ref idref="oc-d3"/>
         <local>true</local>
      </symbol>
      <symbol id="sm-666">
         <name></name>
         <value>0x2088</value>
         <object_component_ref idref="oc-8c"/>
         <local>true</local>
      </symbol>
      <symbol id="sm-667">
         <name></name>
         <value>0xf766</value>
         <object_component_ref idref="oc-8d"/>
         <local>true</local>
      </symbol>
      <symbol id="sm-668">
         <name>__aeabi_memset</name>
         <value>0x70053038</value>
         <object_component_ref idref="oc-274"/>
         <function>true</function>
         <callees>
            <symbol_ref idref="sm-689"/>
         </callees>
      </symbol>
      <symbol id="sm-669">
         <name>__aeabi_memset4</name>
         <value>0x70053038</value>
         <object_component_ref idref="oc-274"/>
         <function>true</function>
         <callees>
            <symbol_ref idref="sm-689"/>
         </callees>
      </symbol>
      <symbol id="sm-66a">
         <name>__aeabi_memset8</name>
         <value>0x70053038</value>
         <object_component_ref idref="oc-274"/>
         <function>true</function>
         <callees>
            <symbol_ref idref="sm-689"/>
         </callees>
      </symbol>
      <symbol id="sm-66b">
         <name>__aeabi_memclr</name>
         <value>0x700530b4</value>
         <object_component_ref idref="oc-89"/>
         <function>true</function>
         <callees>
            <symbol_ref idref="sm-689"/>
         </callees>
      </symbol>
      <symbol id="sm-66c">
         <name>__aeabi_memclr4</name>
         <value>0x700530b4</value>
         <object_component_ref idref="oc-89"/>
         <function>true</function>
         <callees>
            <symbol_ref idref="sm-689"/>
         </callees>
      </symbol>
      <symbol id="sm-66d">
         <name>__aeabi_memclr8</name>
         <value>0x700530b4</value>
         <object_component_ref idref="oc-89"/>
         <function>true</function>
         <callees>
            <symbol_ref idref="sm-689"/>
         </callees>
      </symbol>
      <symbol id="sm-66e">
         <name></name>
         <value>0x70052d1c</value>
         <object_component_ref idref="oc-153"/>
         <local>true</local>
      </symbol>
      <symbol id="sm-66f">
         <name>$a.0</name>
         <value>0x70052d1c</value>
         <object_component_ref idref="oc-153"/>
         <local>true</local>
      </symbol>
      <symbol id="sm-670">
         <name></name>
         <value>0x272ba</value>
         <object_component_ref idref="oc-156"/>
         <local>true</local>
      </symbol>
      <symbol id="sm-671">
         <name></name>
         <value>0x4782</value>
         <object_component_ref idref="oc-1cc"/>
         <local>true</local>
      </symbol>
      <symbol id="sm-672">
         <name></name>
         <value>0xf81c</value>
         <object_component_ref idref="oc-155"/>
         <local>true</local>
      </symbol>
      <symbol id="sm-673">
         <name>__aeabi_uldivmod</name>
         <value>0x70052d1c</value>
         <object_component_ref idref="oc-153"/>
         <function>true</function>
         <callees>
            <symbol_ref idref="sm-679"/>
         </callees>
      </symbol>
      <symbol id="sm-674">
         <name></name>
         <value>0x7004fc9c</value>
         <object_component_ref idref="oc-1c8"/>
         <local>true</local>
      </symbol>
      <symbol id="sm-675">
         <name>$a.0</name>
         <value>0x7004fc9c</value>
         <object_component_ref idref="oc-1c8"/>
         <local>true</local>
      </symbol>
      <symbol id="sm-676">
         <name></name>
         <value>0x27459</value>
         <object_component_ref idref="oc-1c9"/>
         <local>true</local>
      </symbol>
      <symbol id="sm-677">
         <name></name>
         <value>0x47a9</value>
         <object_component_ref idref="oc-208"/>
         <local>true</local>
      </symbol>
      <symbol id="sm-678">
         <name></name>
         <value>0xf8ca</value>
         <object_component_ref idref="oc-1cb"/>
         <local>true</local>
      </symbol>
      <symbol id="sm-679">
         <name>__udivmoddi4</name>
         <value>0x7004fc9c</value>
         <object_component_ref idref="oc-1c8"/>
         <function>true</function>
         <callees>
            <symbol_ref idref="sm-657"/>
         </callees>
      </symbol>
      <symbol id="sm-67a">
         <name></name>
         <value>0x70052e98</value>
         <object_component_ref idref="oc-1ee"/>
         <local>true</local>
      </symbol>
      <symbol id="sm-67b">
         <name>$a.1</name>
         <value>0x70052e98</value>
         <object_component_ref idref="oc-1ee"/>
         <local>true</local>
      </symbol>
      <symbol id="sm-67c">
         <name>_loop</name>
         <value>0x70052e9c</value>
         <object_component_ref idref="oc-1ee"/>
         <local>true</local>
      </symbol>
      <symbol id="sm-67d">
         <name></name>
         <value>0x275f0</value>
         <object_component_ref idref="oc-1f2"/>
         <local>true</local>
      </symbol>
      <symbol id="sm-67e">
         <name></name>
         <value>0x47d0</value>
         <object_component_ref idref="oc-233"/>
         <local>true</local>
      </symbol>
      <symbol id="sm-67f">
         <name></name>
         <value>0x20b0</value>
         <object_component_ref idref="oc-1f1"/>
         <local>true</local>
      </symbol>
      <symbol id="sm-680">
         <name></name>
         <value>0xf9b9</value>
         <object_component_ref idref="oc-1f0"/>
         <local>true</local>
      </symbol>
      <symbol id="sm-681">
         <name>TI_memcpy_small</name>
         <value>0x70052e98</value>
         <object_component_ref idref="oc-1ee"/>
         <function>true</function>
      </symbol>
      <symbol id="sm-682">
         <name></name>
         <value>0x70052f34</value>
         <object_component_ref idref="oc-12c"/>
         <local>true</local>
      </symbol>
      <symbol id="sm-683">
         <name>$a.1</name>
         <value>0x70052f34</value>
         <object_component_ref idref="oc-12c"/>
         <local>true</local>
      </symbol>
      <symbol id="sm-684">
         <name>_loop</name>
         <value>0x70052f38</value>
         <object_component_ref idref="oc-12c"/>
         <local>true</local>
      </symbol>
      <symbol id="sm-685">
         <name></name>
         <value>0x278a0</value>
         <object_component_ref idref="oc-12f"/>
         <local>true</local>
      </symbol>
      <symbol id="sm-686">
         <name></name>
         <value>0x47f5</value>
         <object_component_ref idref="oc-1ab"/>
         <local>true</local>
      </symbol>
      <symbol id="sm-687">
         <name></name>
         <value>0x20d8</value>
         <object_component_ref idref="oc-12d"/>
         <local>true</local>
      </symbol>
      <symbol id="sm-688">
         <name></name>
         <value>0xfa6a</value>
         <object_component_ref idref="oc-130"/>
         <local>true</local>
      </symbol>
      <symbol id="sm-689">
         <name>TI_memset_small</name>
         <value>0x70052f34</value>
         <object_component_ref idref="oc-12c"/>
         <function>true</function>
      </symbol>
      <symbol id="sm-68b">
         <name></name>
         <value>0x70052eb4</value>
         <object_component_ref idref="oc-2fd"/>
         <local>true</local>
      </symbol>
      <symbol id="sm-68c">
         <name>$t.0</name>
         <value>0x70052eb4</value>
         <object_component_ref idref="oc-2fd"/>
         <local>true</local>
      </symbol>
      <symbol id="sm-68d">
         <name></name>
         <value>0x11c4b</value>
         <object_component_ref idref="oc-2fe"/>
         <local>true</local>
      </symbol>
      <symbol id="sm-68e">
         <name></name>
         <value>0x481a</value>
         <object_component_ref idref="oc-31e"/>
         <local>true</local>
      </symbol>
      <symbol id="sm-68f">
         <name></name>
         <value>0x2100</value>
         <object_component_ref idref="oc-302"/>
         <local>true</local>
      </symbol>
      <symbol id="sm-690">
         <name></name>
         <value>0x1c4fb</value>
         <object_component_ref idref="oc-31f"/>
         <local>true</local>
      </symbol>
      <symbol id="sm-691">
         <name></name>
         <value>0x3114</value>
         <object_component_ref idref="oc-300"/>
         <local>true</local>
      </symbol>
      <symbol id="sm-692">
         <name></name>
         <value>0xfae0</value>
         <object_component_ref idref="oc-301"/>
         <local>true</local>
      </symbol>
      <symbol id="sm-693">
         <name>CSL_armR5GetCpuID</name>
         <value>0x70052eb5</value>
         <object_component_ref idref="oc-2fd"/>
         <function>true</function>
         <callees>
            <symbol_ref idref="sm-6a1"/>
         </callees>
      </symbol>
      <symbol id="sm-695">
         <name></name>
         <value>0x7005135a</value>
         <object_component_ref idref="oc-261"/>
         <local>true</local>
      </symbol>
      <symbol id="sm-696">
         <name>$t.0</name>
         <value>0x7005135a</value>
         <object_component_ref idref="oc-261"/>
         <local>true</local>
      </symbol>
      <symbol id="sm-697">
         <name></name>
         <value>0x48c3</value>
         <object_component_ref idref="oc-29d"/>
         <local>true</local>
      </symbol>
      <symbol id="sm-698">
         <name></name>
         <value>0x1c670</value>
         <object_component_ref idref="oc-29e"/>
         <local>true</local>
      </symbol>
      <symbol id="sm-699">
         <name></name>
         <value>0x314c</value>
         <object_component_ref idref="oc-264"/>
         <local>true</local>
      </symbol>
      <symbol id="sm-69a">
         <name></name>
         <value>0xfc46</value>
         <object_component_ref idref="oc-263"/>
         <local>true</local>
      </symbol>
      <symbol id="sm-69b">
         <name>TaskP_yield</name>
         <value>0x7005135b</value>
         <object_component_ref idref="oc-261"/>
         <function>true</function>
      </symbol>
      <symbol id="sm-69c">
         <name></name>
         <value>0x700530cc</value>
         <object_component_ref idref="oc-31a"/>
         <local>true</local>
      </symbol>
      <symbol id="sm-69d">
         <name>$a.0</name>
         <value>0x700530cc</value>
         <object_component_ref idref="oc-31a"/>
         <local>true</local>
      </symbol>
      <symbol id="sm-69e">
         <name></name>
         <value>0x27b95</value>
         <object_component_ref idref="oc-31c"/>
         <local>true</local>
      </symbol>
      <symbol id="sm-69f">
         <name></name>
         <value>0x48ef</value>
         <object_component_ref idref="oc-34e"/>
         <local>true</local>
      </symbol>
      <symbol id="sm-6a0">
         <name></name>
         <value>0xfc92</value>
         <object_component_ref idref="oc-31d"/>
         <local>true</local>
      </symbol>
      <symbol id="sm-6a1">
         <name>CSL_armR5ReadMpidrReg</name>
         <value>0x700530cc</value>
         <object_component_ref idref="oc-31a"/>
         <function>true</function>
      </symbol>
      <symbol id="sm-6a2">
         <name>_system_post_cinit</name>
         <value>0x0</value>
      </symbol>
      <symbol id="sm-6a3">
         <name>__TI_Handler_Table_Limit</name>
         <value>0x0</value>
      </symbol>
      <symbol id="sm-6a4">
         <name>__TI_Handler_Table_Base</name>
         <value>0x0</value>
      </symbol>
      <symbol id="sm-6a5">
         <name>__TI_CINIT_Base</name>
         <value>0x0</value>
      </symbol>
      <symbol id="sm-6a6">
         <name>__TI_CINIT_Limit</name>
         <value>0x0</value>
      </symbol>
   </symbol_table>
   <title>Link successful</title>
</link_info>
