<?xml version="1.0" encoding="ISO-8859-1" ?>
<link_info>
   <banner>TI ARM Clang Linker PC v4.0.2.LTS</banner>
   <copyright>Copyright (c) 1996-2018 Texas Instruments Incorporated</copyright>
   <command_line>C:\ti\ccs2011\ccs\tools\compiler\ti-cgt-armllvm_4.0.2.LTS\bin\tiarmlnk -IC:\ti\ccs2011\ccs\tools\compiler\ti-cgt-armllvm_4.0.2.LTS\lib -o second_stage_PDM_testing.out -mempty.Release.map -iC:/Users/carim/Desktop/mcu_plus_sdk_am263px_10_02_00_15__all/mcu_plus_sdk_am263px_10_02_00_15/source/kernel/nortos/lib -iC:/Users/carim/Desktop/mcu_plus_sdk_am263px_10_02_00_15__all/mcu_plus_sdk_am263px_10_02_00_15/source/drivers/lib -iC:/ti/ccs2011/ccs/tools/compiler/ti-cgt-armllvm_4.0.2.LTS/lib --reread_libs --diag_suppress=10063 --diag_wrap=off --display_error_number --warn_sections --gen_xml_func_hash --xml_link_info=second_stage_PDM_testing_linkInfo.xml --ram_model ./ADS_adc.o ./PDMtesting.o ./board.o ./syscfg/ti_dpl_config.o ./syscfg/ti_drivers_config.o ./syscfg/ti_drivers_open_close.o ./syscfg/ti_pinmux_config.o ./syscfg/ti_power_clock_config.o ./syscfg/ti_board_config.o ./syscfg/ti_board_open_close.o ./syscfg/ti_enet_config.o ./syscfg/ti_enet_open_close.o ./syscfg/ti_enet_soc.o ./syscfg/ti_enet_lwipif.o ./syscfg/ti_sdl_config.o ./int_adc.o ./logger.o ./main.o -lsyscfg/linker.cmd -lnortos.am263px.r5f.ti-arm-clang.release.lib -ldrivers.am263px.r5f.ti-arm-clang.release.lib -llibc.a -llibsysbm.a --start-group -llibc++.a -llibc++abi.a -llibc.a -llibsys.a -llibsysbm.a -llibclang_rt.builtins.a -llibclang_rt.profile.a --end-group --cg_opt_level=s</command_line>
   <link_time>0x68486a29</link_time>
   <link_errors>0x0</link_errors>
   <output_file>C:\Users\carim\workspace_ccstheia\second_stage_PDM_testing\Release\second_stage_PDM_testing.out</output_file>
   <entry_point>
      <name>_vectors</name>
      <address>0x0</address>
   </entry_point>
   <input_file_list>
      <input_file id="fl-1">
         <path>C:\Users\carim\workspace_ccstheia\second_stage_PDM_testing\Release\.\</path>
         <kind>object</kind>
         <file>ADS_adc.o</file>
         <name>ADS_adc.o</name>
      </input_file>
      <input_file id="fl-2">
         <path>C:\Users\carim\workspace_ccstheia\second_stage_PDM_testing\Release\.\</path>
         <kind>object</kind>
         <file>PDMtesting.o</file>
         <name>PDMtesting.o</name>
      </input_file>
      <input_file id="fl-3">
         <path>C:\Users\carim\workspace_ccstheia\second_stage_PDM_testing\Release\.\</path>
         <kind>object</kind>
         <file>board.o</file>
         <name>board.o</name>
      </input_file>
      <input_file id="fl-4">
         <path>C:\Users\carim\workspace_ccstheia\second_stage_PDM_testing\Release\.\syscfg\</path>
         <kind>object</kind>
         <file>ti_dpl_config.o</file>
         <name>ti_dpl_config.o</name>
      </input_file>
      <input_file id="fl-5">
         <path>C:\Users\carim\workspace_ccstheia\second_stage_PDM_testing\Release\.\syscfg\</path>
         <kind>object</kind>
         <file>ti_drivers_config.o</file>
         <name>ti_drivers_config.o</name>
      </input_file>
      <input_file id="fl-6">
         <path>C:\Users\carim\workspace_ccstheia\second_stage_PDM_testing\Release\.\syscfg\</path>
         <kind>object</kind>
         <file>ti_drivers_open_close.o</file>
         <name>ti_drivers_open_close.o</name>
      </input_file>
      <input_file id="fl-7">
         <path>C:\Users\carim\workspace_ccstheia\second_stage_PDM_testing\Release\.\syscfg\</path>
         <kind>object</kind>
         <file>ti_pinmux_config.o</file>
         <name>ti_pinmux_config.o</name>
      </input_file>
      <input_file id="fl-8">
         <path>C:\Users\carim\workspace_ccstheia\second_stage_PDM_testing\Release\.\syscfg\</path>
         <kind>object</kind>
         <file>ti_power_clock_config.o</file>
         <name>ti_power_clock_config.o</name>
      </input_file>
      <input_file id="fl-9">
         <path>C:\Users\carim\workspace_ccstheia\second_stage_PDM_testing\Release\.\syscfg\</path>
         <kind>object</kind>
         <file>ti_board_config.o</file>
         <name>ti_board_config.o</name>
      </input_file>
      <input_file id="fl-a">
         <path>C:\Users\carim\workspace_ccstheia\second_stage_PDM_testing\Release\.\syscfg\</path>
         <kind>object</kind>
         <file>ti_board_open_close.o</file>
         <name>ti_board_open_close.o</name>
      </input_file>
      <input_file id="fl-b">
         <path>C:\Users\carim\workspace_ccstheia\second_stage_PDM_testing\Release\.\syscfg\</path>
         <kind>object</kind>
         <file>ti_enet_config.o</file>
         <name>ti_enet_config.o</name>
      </input_file>
      <input_file id="fl-c">
         <path>C:\Users\carim\workspace_ccstheia\second_stage_PDM_testing\Release\.\syscfg\</path>
         <kind>object</kind>
         <file>ti_enet_open_close.o</file>
         <name>ti_enet_open_close.o</name>
      </input_file>
      <input_file id="fl-d">
         <path>C:\Users\carim\workspace_ccstheia\second_stage_PDM_testing\Release\.\syscfg\</path>
         <kind>object</kind>
         <file>ti_enet_soc.o</file>
         <name>ti_enet_soc.o</name>
      </input_file>
      <input_file id="fl-e">
         <path>C:\Users\carim\workspace_ccstheia\second_stage_PDM_testing\Release\.\syscfg\</path>
         <kind>object</kind>
         <file>ti_enet_lwipif.o</file>
         <name>ti_enet_lwipif.o</name>
      </input_file>
      <input_file id="fl-f">
         <path>C:\Users\carim\workspace_ccstheia\second_stage_PDM_testing\Release\.\syscfg\</path>
         <kind>object</kind>
         <file>ti_sdl_config.o</file>
         <name>ti_sdl_config.o</name>
      </input_file>
      <input_file id="fl-10">
         <path>C:\Users\carim\workspace_ccstheia\second_stage_PDM_testing\Release\.\</path>
         <kind>object</kind>
         <file>int_adc.o</file>
         <name>int_adc.o</name>
      </input_file>
      <input_file id="fl-11">
         <path>C:\Users\carim\workspace_ccstheia\second_stage_PDM_testing\Release\.\</path>
         <kind>object</kind>
         <file>logger.o</file>
         <name>logger.o</name>
      </input_file>
      <input_file id="fl-12">
         <path>C:\Users\carim\workspace_ccstheia\second_stage_PDM_testing\Release\.\</path>
         <kind>object</kind>
         <file>main.o</file>
         <name>main.o</name>
      </input_file>
      <input_file id="fl-20">
         <path>C:\Users\carim\workspace_ccstheia\second_stage_PDM_testing\Release\</path>
         <kind>object</kind>
         <file>&lt;internal&gt;</file>
         <name>&lt;internal&gt;</name>
      </input_file>
      <input_file id="fl-21">
         <path>C:\Users\carim\Desktop\mcu_plus_sdk_am263px_10_02_00_15__all\mcu_plus_sdk_am263px_10_02_00_15\source\kernel\nortos\lib\</path>
         <kind>archive</kind>
         <file>nortos.am263px.r5f.ti-arm-clang.release.lib</file>
         <name>AddrTranslateP_32bit.obj</name>
      </input_file>
      <input_file id="fl-22">
         <path>C:\Users\carim\Desktop\mcu_plus_sdk_am263px_10_02_00_15__all\mcu_plus_sdk_am263px_10_02_00_15\source\kernel\nortos\lib\</path>
         <kind>archive</kind>
         <file>nortos.am263px.r5f.ti-arm-clang.release.lib</file>
         <name>DebugP_uartLogWriter.obj</name>
      </input_file>
      <input_file id="fl-23">
         <path>C:\Users\carim\Desktop\mcu_plus_sdk_am263px_10_02_00_15__all\mcu_plus_sdk_am263px_10_02_00_15\source\kernel\nortos\lib\</path>
         <kind>archive</kind>
         <file>nortos.am263px.r5f.ti-arm-clang.release.lib</file>
         <name>DebugP_log.obj</name>
      </input_file>
      <input_file id="fl-24">
         <path>C:\Users\carim\Desktop\mcu_plus_sdk_am263px_10_02_00_15__all\mcu_plus_sdk_am263px_10_02_00_15\source\kernel\nortos\lib\</path>
         <kind>archive</kind>
         <file>nortos.am263px.r5f.ti-arm-clang.release.lib</file>
         <name>DebugP_nortos.obj</name>
      </input_file>
      <input_file id="fl-25">
         <path>C:\Users\carim\Desktop\mcu_plus_sdk_am263px_10_02_00_15__all\mcu_plus_sdk_am263px_10_02_00_15\source\kernel\nortos\lib\</path>
         <kind>archive</kind>
         <file>nortos.am263px.r5f.ti-arm-clang.release.lib</file>
         <name>ClockP_nortos.obj</name>
      </input_file>
      <input_file id="fl-26">
         <path>C:\Users\carim\Desktop\mcu_plus_sdk_am263px_10_02_00_15__all\mcu_plus_sdk_am263px_10_02_00_15\source\kernel\nortos\lib\</path>
         <kind>archive</kind>
         <file>nortos.am263px.r5f.ti-arm-clang.release.lib</file>
         <name>ClockP_nortos_r5.obj</name>
      </input_file>
      <input_file id="fl-27">
         <path>C:\Users\carim\Desktop\mcu_plus_sdk_am263px_10_02_00_15__all\mcu_plus_sdk_am263px_10_02_00_15\source\kernel\nortos\lib\</path>
         <kind>archive</kind>
         <file>nortos.am263px.r5f.ti-arm-clang.release.lib</file>
         <name>TimerP_rti_nortos.obj</name>
      </input_file>
      <input_file id="fl-28">
         <path>C:\Users\carim\Desktop\mcu_plus_sdk_am263px_10_02_00_15__all\mcu_plus_sdk_am263px_10_02_00_15\source\kernel\nortos\lib\</path>
         <kind>archive</kind>
         <file>nortos.am263px.r5f.ti-arm-clang.release.lib</file>
         <name>HwiP_armv7r_vim.obj</name>
      </input_file>
      <input_file id="fl-29">
         <path>C:\Users\carim\Desktop\mcu_plus_sdk_am263px_10_02_00_15__all\mcu_plus_sdk_am263px_10_02_00_15\source\kernel\nortos\lib\</path>
         <kind>archive</kind>
         <file>nortos.am263px.r5f.ti-arm-clang.release.lib</file>
         <name>HwiP_armv7r_handlers_nortos.obj</name>
      </input_file>
      <input_file id="fl-2a">
         <path>C:\Users\carim\Desktop\mcu_plus_sdk_am263px_10_02_00_15__all\mcu_plus_sdk_am263px_10_02_00_15\source\kernel\nortos\lib\</path>
         <kind>archive</kind>
         <file>nortos.am263px.r5f.ti-arm-clang.release.lib</file>
         <name>MpuP_armv7r.obj</name>
      </input_file>
      <input_file id="fl-2b">
         <path>C:\Users\carim\Desktop\mcu_plus_sdk_am263px_10_02_00_15__all\mcu_plus_sdk_am263px_10_02_00_15\source\kernel\nortos\lib\</path>
         <kind>archive</kind>
         <file>nortos.am263px.r5f.ti-arm-clang.release.lib</file>
         <name>CacheP_armv7r.obj</name>
      </input_file>
      <input_file id="fl-2c">
         <path>C:\Users\carim\Desktop\mcu_plus_sdk_am263px_10_02_00_15__all\mcu_plus_sdk_am263px_10_02_00_15\source\kernel\nortos\lib\</path>
         <kind>archive</kind>
         <file>nortos.am263px.r5f.ti-arm-clang.release.lib</file>
         <name>printf.obj</name>
      </input_file>
      <input_file id="fl-2d">
         <path>C:\Users\carim\Desktop\mcu_plus_sdk_am263px_10_02_00_15__all\mcu_plus_sdk_am263px_10_02_00_15\source\kernel\nortos\lib\</path>
         <kind>archive</kind>
         <file>nortos.am263px.r5f.ti-arm-clang.release.lib</file>
         <name>PmuP_armv7r.obj</name>
      </input_file>
      <input_file id="fl-2e">
         <path>C:\Users\carim\Desktop\mcu_plus_sdk_am263px_10_02_00_15__all\mcu_plus_sdk_am263px_10_02_00_15\source\kernel\nortos\lib\</path>
         <kind>archive</kind>
         <file>nortos.am263px.r5f.ti-arm-clang.release.lib</file>
         <name>HwiP_armv7r_handlers_nortos_asm.obj</name>
      </input_file>
      <input_file id="fl-2f">
         <path>C:\Users\carim\Desktop\mcu_plus_sdk_am263px_10_02_00_15__all\mcu_plus_sdk_am263px_10_02_00_15\source\kernel\nortos\lib\</path>
         <kind>archive</kind>
         <file>nortos.am263px.r5f.ti-arm-clang.release.lib</file>
         <name>HwiP_armv7r_vectors_nortos_asm.obj</name>
      </input_file>
      <input_file id="fl-30">
         <path>C:\Users\carim\Desktop\mcu_plus_sdk_am263px_10_02_00_15__all\mcu_plus_sdk_am263px_10_02_00_15\source\kernel\nortos\lib\</path>
         <kind>archive</kind>
         <file>nortos.am263px.r5f.ti-arm-clang.release.lib</file>
         <name>boot_armv7r_asm.obj</name>
      </input_file>
      <input_file id="fl-31">
         <path>C:\Users\carim\Desktop\mcu_plus_sdk_am263px_10_02_00_15__all\mcu_plus_sdk_am263px_10_02_00_15\source\kernel\nortos\lib\</path>
         <kind>archive</kind>
         <file>nortos.am263px.r5f.ti-arm-clang.release.lib</file>
         <name>HwiP_armv7r_asm.obj</name>
      </input_file>
      <input_file id="fl-32">
         <path>C:\Users\carim\Desktop\mcu_plus_sdk_am263px_10_02_00_15__all\mcu_plus_sdk_am263px_10_02_00_15\source\kernel\nortos\lib\</path>
         <kind>archive</kind>
         <file>nortos.am263px.r5f.ti-arm-clang.release.lib</file>
         <name>MpuP_armv7r_asm.obj</name>
      </input_file>
      <input_file id="fl-33">
         <path>C:\Users\carim\Desktop\mcu_plus_sdk_am263px_10_02_00_15__all\mcu_plus_sdk_am263px_10_02_00_15\source\kernel\nortos\lib\</path>
         <kind>archive</kind>
         <file>nortos.am263px.r5f.ti-arm-clang.release.lib</file>
         <name>CacheP_armv7r_asm.obj</name>
      </input_file>
      <input_file id="fl-34">
         <path>C:\Users\carim\Desktop\mcu_plus_sdk_am263px_10_02_00_15__all\mcu_plus_sdk_am263px_10_02_00_15\source\kernel\nortos\lib\</path>
         <kind>archive</kind>
         <file>nortos.am263px.r5f.ti-arm-clang.release.lib</file>
         <name>PmuP_armv7r_asm.obj</name>
      </input_file>
      <input_file id="fl-35">
         <path>C:\Users\carim\Desktop\mcu_plus_sdk_am263px_10_02_00_15__all\mcu_plus_sdk_am263px_10_02_00_15\source\kernel\nortos\lib\</path>
         <kind>archive</kind>
         <file>nortos.am263px.r5f.ti-arm-clang.release.lib</file>
         <name>boot_armv7r.obj</name>
      </input_file>
      <input_file id="fl-36">
         <path>C:\Users\carim\Desktop\mcu_plus_sdk_am263px_10_02_00_15__all\mcu_plus_sdk_am263px_10_02_00_15\source\kernel\nortos\lib\</path>
         <kind>archive</kind>
         <file>nortos.am263px.r5f.ti-arm-clang.release.lib</file>
         <name>SemaphoreP_nortos.obj</name>
      </input_file>
      <input_file id="fl-37">
         <path>C:\Users\carim\Desktop\mcu_plus_sdk_am263px_10_02_00_15__all\mcu_plus_sdk_am263px_10_02_00_15\source\kernel\nortos\lib\</path>
         <kind>archive</kind>
         <file>nortos.am263px.r5f.ti-arm-clang.release.lib</file>
         <name>TimerP_rti_priv.obj</name>
      </input_file>
      <input_file id="fl-38">
         <path>C:\Users\carim\Desktop\mcu_plus_sdk_am263px_10_02_00_15__all\mcu_plus_sdk_am263px_10_02_00_15\source\drivers\lib\</path>
         <kind>archive</kind>
         <file>drivers.am263px.r5f.ti-arm-clang.release.lib</file>
         <name>adc.obj</name>
      </input_file>
      <input_file id="fl-39">
         <path>C:\Users\carim\Desktop\mcu_plus_sdk_am263px_10_02_00_15__all\mcu_plus_sdk_am263px_10_02_00_15\source\drivers\lib\</path>
         <kind>archive</kind>
         <file>drivers.am263px.r5f.ti-arm-clang.release.lib</file>
         <name>edma.obj</name>
      </input_file>
      <input_file id="fl-3a">
         <path>C:\Users\carim\Desktop\mcu_plus_sdk_am263px_10_02_00_15__all\mcu_plus_sdk_am263px_10_02_00_15\source\drivers\lib\</path>
         <kind>archive</kind>
         <file>drivers.am263px.r5f.ti-arm-clang.release.lib</file>
         <name>gpio.obj</name>
      </input_file>
      <input_file id="fl-3b">
         <path>C:\Users\carim\Desktop\mcu_plus_sdk_am263px_10_02_00_15__all\mcu_plus_sdk_am263px_10_02_00_15\source\drivers\lib\</path>
         <kind>archive</kind>
         <file>drivers.am263px.r5f.ti-arm-clang.release.lib</file>
         <name>mcspi_v0.obj</name>
      </input_file>
      <input_file id="fl-3c">
         <path>C:\Users\carim\Desktop\mcu_plus_sdk_am263px_10_02_00_15__all\mcu_plus_sdk_am263px_10_02_00_15\source\drivers\lib\</path>
         <kind>archive</kind>
         <file>drivers.am263px.r5f.ti-arm-clang.release.lib</file>
         <name>pinmux.obj</name>
      </input_file>
      <input_file id="fl-3d">
         <path>C:\Users\carim\Desktop\mcu_plus_sdk_am263px_10_02_00_15__all\mcu_plus_sdk_am263px_10_02_00_15\source\drivers\lib\</path>
         <kind>archive</kind>
         <file>drivers.am263px.r5f.ti-arm-clang.release.lib</file>
         <name>soc.obj</name>
      </input_file>
      <input_file id="fl-3e">
         <path>C:\Users\carim\Desktop\mcu_plus_sdk_am263px_10_02_00_15__all\mcu_plus_sdk_am263px_10_02_00_15\source\drivers\lib\</path>
         <kind>archive</kind>
         <file>drivers.am263px.r5f.ti-arm-clang.release.lib</file>
         <name>soc_rcm.obj</name>
      </input_file>
      <input_file id="fl-3f">
         <path>C:\Users\carim\Desktop\mcu_plus_sdk_am263px_10_02_00_15__all\mcu_plus_sdk_am263px_10_02_00_15\source\drivers\lib\</path>
         <kind>archive</kind>
         <file>drivers.am263px.r5f.ti-arm-clang.release.lib</file>
         <name>uart_v0.obj</name>
      </input_file>
      <input_file id="fl-40">
         <path>C:\Users\carim\Desktop\mcu_plus_sdk_am263px_10_02_00_15__all\mcu_plus_sdk_am263px_10_02_00_15\source\drivers\lib\</path>
         <kind>archive</kind>
         <file>drivers.am263px.r5f.ti-arm-clang.release.lib</file>
         <name>uart_v0_lld.obj</name>
      </input_file>
      <input_file id="fl-41">
         <path>C:\Users\carim\Desktop\mcu_plus_sdk_am263px_10_02_00_15__all\mcu_plus_sdk_am263px_10_02_00_15\source\drivers\lib\</path>
         <kind>archive</kind>
         <file>drivers.am263px.r5f.ti-arm-clang.release.lib</file>
         <name>uart_dma_edma.obj</name>
      </input_file>
      <input_file id="fl-42">
         <path>C:\Users\carim\Desktop\mcu_plus_sdk_am263px_10_02_00_15__all\mcu_plus_sdk_am263px_10_02_00_15\source\drivers\lib\</path>
         <kind>archive</kind>
         <file>drivers.am263px.r5f.ti-arm-clang.release.lib</file>
         <name>mcspi_v0_lld.obj</name>
      </input_file>
      <input_file id="fl-43">
         <path>C:\Users\carim\Desktop\mcu_plus_sdk_am263px_10_02_00_15__all\mcu_plus_sdk_am263px_10_02_00_15\source\drivers\lib\</path>
         <kind>archive</kind>
         <file>drivers.am263px.r5f.ti-arm-clang.release.lib</file>
         <name>mcspi_dma_edma.obj</name>
      </input_file>
      <input_file id="fl-5a">
         <path>C:\ti\ccs2011\ccs\tools\compiler\ti-cgt-armllvm_4.0.2.LTS\lib\armv7r-ti-none-eabihf\c\</path>
         <kind>archive</kind>
         <file>libc.a</file>
         <name>fputc.c.obj</name>
      </input_file>
      <input_file id="fl-5b">
         <path>C:\ti\ccs2011\ccs\tools\compiler\ti-cgt-armllvm_4.0.2.LTS\lib\armv7r-ti-none-eabihf\c\</path>
         <kind>archive</kind>
         <file>libc.a</file>
         <name>_io_perm.c.obj</name>
      </input_file>
      <input_file id="fl-5c">
         <path>C:\ti\ccs2011\ccs\tools\compiler\ti-cgt-armllvm_4.0.2.LTS\lib\armv7r-ti-none-eabihf\c\</path>
         <kind>archive</kind>
         <file>libc.a</file>
         <name>setvbuf.c.obj</name>
      </input_file>
      <input_file id="fl-5d">
         <path>C:\ti\ccs2011\ccs\tools\compiler\ti-cgt-armllvm_4.0.2.LTS\lib\armv7r-ti-none-eabihf\c\</path>
         <kind>archive</kind>
         <file>libc.a</file>
         <name>exit.c.obj</name>
      </input_file>
      <input_file id="fl-5e">
         <path>C:\ti\ccs2011\ccs\tools\compiler\ti-cgt-armllvm_4.0.2.LTS\lib\armv7r-ti-none-eabihf\c\</path>
         <kind>archive</kind>
         <file>libc.a</file>
         <name>_lock.c.obj</name>
      </input_file>
      <input_file id="fl-5f">
         <path>C:\ti\ccs2011\ccs\tools\compiler\ti-cgt-armllvm_4.0.2.LTS\lib\armv7r-ti-none-eabihf\c\</path>
         <kind>archive</kind>
         <file>libc.a</file>
         <name>defs.c.obj</name>
      </input_file>
      <input_file id="fl-60">
         <path>C:\ti\ccs2011\ccs\tools\compiler\ti-cgt-armllvm_4.0.2.LTS\lib\armv7r-ti-none-eabihf\c\</path>
         <kind>archive</kind>
         <file>libc.a</file>
         <name>memory.c.obj</name>
      </input_file>
      <input_file id="fl-61">
         <path>C:\ti\ccs2011\ccs\tools\compiler\ti-cgt-armllvm_4.0.2.LTS\lib\armv7r-ti-none-eabihf\c\</path>
         <kind>archive</kind>
         <file>libc.a</file>
         <name>autoinit.c.obj</name>
      </input_file>
      <input_file id="fl-62">
         <path>C:\ti\ccs2011\ccs\tools\compiler\ti-cgt-armllvm_4.0.2.LTS\lib\armv7r-ti-none-eabihf\c\</path>
         <kind>archive</kind>
         <file>libc.a</file>
         <name>cpy_tbl.c.obj</name>
      </input_file>
      <input_file id="fl-63">
         <path>C:\ti\ccs2011\ccs\tools\compiler\ti-cgt-armllvm_4.0.2.LTS\lib\armv7r-ti-none-eabihf\c\</path>
         <kind>archive</kind>
         <file>libc.a</file>
         <name>fflush.c.obj</name>
      </input_file>
      <input_file id="fl-64">
         <path>C:\ti\ccs2011\ccs\tools\compiler\ti-cgt-armllvm_4.0.2.LTS\lib\armv7r-ti-none-eabihf\c\</path>
         <kind>archive</kind>
         <file>libc.a</file>
         <name>fopen.c.obj</name>
      </input_file>
      <input_file id="fl-65">
         <path>C:\ti\ccs2011\ccs\tools\compiler\ti-cgt-armllvm_4.0.2.LTS\lib\armv7r-ti-none-eabihf\c\</path>
         <kind>archive</kind>
         <file>libc.a</file>
         <name>fseek.c.obj</name>
      </input_file>
      <input_file id="fl-66">
         <path>C:\ti\ccs2011\ccs\tools\compiler\ti-cgt-armllvm_4.0.2.LTS\lib\armv7r-ti-none-eabihf\c\</path>
         <kind>archive</kind>
         <file>libc.a</file>
         <name>aeabi_portable.c.obj</name>
      </input_file>
      <input_file id="fl-67">
         <path>C:\ti\ccs2011\ccs\tools\compiler\ti-cgt-armllvm_4.0.2.LTS\lib\armv7r-ti-none-eabihf\c\</path>
         <kind>archive</kind>
         <file>libc.a</file>
         <name>assert.c.obj</name>
      </input_file>
      <input_file id="fl-68">
         <path>C:\ti\ccs2011\ccs\tools\compiler\ti-cgt-armllvm_4.0.2.LTS\lib\armv7r-ti-none-eabihf\c\</path>
         <kind>archive</kind>
         <file>libc.a</file>
         <name>sprintf.c.obj</name>
      </input_file>
      <input_file id="fl-69">
         <path>C:\ti\ccs2011\ccs\tools\compiler\ti-cgt-armllvm_4.0.2.LTS\lib\armv7r-ti-none-eabihf\c\</path>
         <kind>archive</kind>
         <file>libc.a</file>
         <name>fclose.c.obj</name>
      </input_file>
      <input_file id="fl-6a">
         <path>C:\ti\ccs2011\ccs\tools\compiler\ti-cgt-armllvm_4.0.2.LTS\lib\armv7r-ti-none-eabihf\c\</path>
         <kind>archive</kind>
         <file>libc.a</file>
         <name>fputs.c.obj</name>
      </input_file>
      <input_file id="fl-6b">
         <path>C:\ti\ccs2011\ccs\tools\compiler\ti-cgt-armllvm_4.0.2.LTS\lib\armv7r-ti-none-eabihf\c\</path>
         <kind>archive</kind>
         <file>libc.a</file>
         <name>_printfi.c.obj</name>
      </input_file>
      <input_file id="fl-6c">
         <path>C:\ti\ccs2011\ccs\tools\compiler\ti-cgt-armllvm_4.0.2.LTS\lib\armv7r-ti-none-eabihf\c\</path>
         <kind>archive</kind>
         <file>libc.a</file>
         <name>_ltoa.c.obj</name>
      </input_file>
      <input_file id="fl-6d">
         <path>C:\ti\ccs2011\ccs\tools\compiler\ti-cgt-armllvm_4.0.2.LTS\lib\armv7r-ti-none-eabihf\c\</path>
         <kind>archive</kind>
         <file>libc.a</file>
         <name>atoi.c.obj</name>
      </input_file>
      <input_file id="fl-6e">
         <path>C:\ti\ccs2011\ccs\tools\compiler\ti-cgt-armllvm_4.0.2.LTS\lib\armv7r-ti-none-eabihf\c\</path>
         <kind>archive</kind>
         <file>libc.a</file>
         <name>memccpy.c.obj</name>
      </input_file>
      <input_file id="fl-6f">
         <path>C:\ti\ccs2011\ccs\tools\compiler\ti-cgt-armllvm_4.0.2.LTS\lib\armv7r-ti-none-eabihf\c\</path>
         <kind>archive</kind>
         <file>libc.a</file>
         <name>s_frexp.c.obj</name>
      </input_file>
      <input_file id="fl-70">
         <path>C:\ti\ccs2011\ccs\tools\compiler\ti-cgt-armllvm_4.0.2.LTS\lib\armv7r-ti-none-eabihf\c\</path>
         <kind>archive</kind>
         <file>libc.a</file>
         <name>s_scalbn.c.obj</name>
      </input_file>
      <input_file id="fl-71">
         <path>C:\ti\ccs2011\ccs\tools\compiler\ti-cgt-armllvm_4.0.2.LTS\lib\armv7r-ti-none-eabihf\c\</path>
         <kind>archive</kind>
         <file>libc.a</file>
         <name>wcslen.c.obj</name>
      </input_file>
      <input_file id="fl-72">
         <path>C:\ti\ccs2011\ccs\tools\compiler\ti-cgt-armllvm_4.0.2.LTS\lib\armv7r-ti-none-eabihf\c\</path>
         <kind>archive</kind>
         <file>libc.a</file>
         <name>aeabi_ctype.S.obj</name>
      </input_file>
      <input_file id="fl-89">
         <path>C:\ti\ccs2011\ccs\tools\compiler\ti-cgt-armllvm_4.0.2.LTS\lib\armv7r-ti-none-eabihf\c\</path>
         <kind>archive</kind>
         <file>libsysbm.a</file>
         <name>hostexit.c.obj</name>
      </input_file>
      <input_file id="fl-8a">
         <path>C:\ti\ccs2011\ccs\tools\compiler\ti-cgt-armllvm_4.0.2.LTS\lib\armv7r-ti-none-eabihf\c\</path>
         <kind>archive</kind>
         <file>libsysbm.a</file>
         <name>write.c.obj</name>
      </input_file>
      <input_file id="fl-8b">
         <path>C:\ti\ccs2011\ccs\tools\compiler\ti-cgt-armllvm_4.0.2.LTS\lib\armv7r-ti-none-eabihf\c\</path>
         <kind>archive</kind>
         <file>libsysbm.a</file>
         <name>host_device.c.obj</name>
      </input_file>
      <input_file id="fl-8c">
         <path>C:\ti\ccs2011\ccs\tools\compiler\ti-cgt-armllvm_4.0.2.LTS\lib\armv7r-ti-none-eabihf\c\</path>
         <kind>archive</kind>
         <file>libsysbm.a</file>
         <name>remove.c.obj</name>
      </input_file>
      <input_file id="fl-8d">
         <path>C:\ti\ccs2011\ccs\tools\compiler\ti-cgt-armllvm_4.0.2.LTS\lib\armv7r-ti-none-eabihf\c\</path>
         <kind>archive</kind>
         <file>libsysbm.a</file>
         <name>open.c.obj</name>
      </input_file>
      <input_file id="fl-8e">
         <path>C:\ti\ccs2011\ccs\tools\compiler\ti-cgt-armllvm_4.0.2.LTS\lib\armv7r-ti-none-eabihf\c\</path>
         <kind>archive</kind>
         <file>libsysbm.a</file>
         <name>lseek.c.obj</name>
      </input_file>
      <input_file id="fl-8f">
         <path>C:\ti\ccs2011\ccs\tools\compiler\ti-cgt-armllvm_4.0.2.LTS\lib\armv7r-ti-none-eabihf\c\</path>
         <kind>archive</kind>
         <file>libsysbm.a</file>
         <name>close.c.obj</name>
      </input_file>
      <input_file id="fl-90">
         <path>C:\ti\ccs2011\ccs\tools\compiler\ti-cgt-armllvm_4.0.2.LTS\lib\armv7r-ti-none-eabihf\c\</path>
         <kind>archive</kind>
         <file>libsysbm.a</file>
         <name>unlink.c.obj</name>
      </input_file>
      <input_file id="fl-91">
         <path>C:\ti\ccs2011\ccs\tools\compiler\ti-cgt-armllvm_4.0.2.LTS\lib\armv7r-ti-none-eabihf\c\</path>
         <kind>archive</kind>
         <file>libsysbm.a</file>
         <name>hostclose.c.obj</name>
      </input_file>
      <input_file id="fl-92">
         <path>C:\ti\ccs2011\ccs\tools\compiler\ti-cgt-armllvm_4.0.2.LTS\lib\armv7r-ti-none-eabihf\c\</path>
         <kind>archive</kind>
         <file>libsysbm.a</file>
         <name>hostlseek.c.obj</name>
      </input_file>
      <input_file id="fl-93">
         <path>C:\ti\ccs2011\ccs\tools\compiler\ti-cgt-armllvm_4.0.2.LTS\lib\armv7r-ti-none-eabihf\c\</path>
         <kind>archive</kind>
         <file>libsysbm.a</file>
         <name>hostopen.c.obj</name>
      </input_file>
      <input_file id="fl-94">
         <path>C:\ti\ccs2011\ccs\tools\compiler\ti-cgt-armllvm_4.0.2.LTS\lib\armv7r-ti-none-eabihf\c\</path>
         <kind>archive</kind>
         <file>libsysbm.a</file>
         <name>hostread.c.obj</name>
      </input_file>
      <input_file id="fl-95">
         <path>C:\ti\ccs2011\ccs\tools\compiler\ti-cgt-armllvm_4.0.2.LTS\lib\armv7r-ti-none-eabihf\c\</path>
         <kind>archive</kind>
         <file>libsysbm.a</file>
         <name>hostrename.c.obj</name>
      </input_file>
      <input_file id="fl-96">
         <path>C:\ti\ccs2011\ccs\tools\compiler\ti-cgt-armllvm_4.0.2.LTS\lib\armv7r-ti-none-eabihf\c\</path>
         <kind>archive</kind>
         <file>libsysbm.a</file>
         <name>hostunlink.c.obj</name>
      </input_file>
      <input_file id="fl-97">
         <path>C:\ti\ccs2011\ccs\tools\compiler\ti-cgt-armllvm_4.0.2.LTS\lib\armv7r-ti-none-eabihf\c\</path>
         <kind>archive</kind>
         <file>libsysbm.a</file>
         <name>hostwrite.c.obj</name>
      </input_file>
      <input_file id="fl-98">
         <path>C:\ti\ccs2011\ccs\tools\compiler\ti-cgt-armllvm_4.0.2.LTS\lib\armv7r-ti-none-eabihf\c\</path>
         <kind>archive</kind>
         <file>libsysbm.a</file>
         <name>trgmsg.c.obj</name>
      </input_file>
      <input_file id="fl-122">
         <path>C:\ti\ccs2011\ccs\tools\compiler\ti-cgt-armllvm_4.0.2.LTS\lib\armv7r-ti-none-eabihf\c\</path>
         <kind>archive</kind>
         <file>libc.a</file>
         <name>getdevice.c.obj</name>
      </input_file>
      <input_file id="fl-123">
         <path>C:\ti\ccs2011\ccs\tools\compiler\ti-cgt-armllvm_4.0.2.LTS\lib\armv7r-ti-none-eabihf\c\</path>
         <kind>archive</kind>
         <file>libc.a</file>
         <name>strcmp32.S.obj</name>
      </input_file>
      <input_file id="fl-124">
         <path>C:\ti\ccs2011\ccs\tools\compiler\ti-cgt-armllvm_4.0.2.LTS\lib\armv7r-ti-none-eabihf\</path>
         <kind>archive</kind>
         <file>libclang_rt.builtins.a</file>
         <name>divsi3.S.obj</name>
      </input_file>
      <input_file id="fl-125">
         <path>C:\ti\ccs2011\ccs\tools\compiler\ti-cgt-armllvm_4.0.2.LTS\lib\armv7r-ti-none-eabihf\</path>
         <kind>archive</kind>
         <file>libclang_rt.builtins.a</file>
         <name>udivsi3.S.obj</name>
      </input_file>
      <input_file id="fl-126">
         <path>C:\ti\ccs2011\ccs\tools\compiler\ti-cgt-armllvm_4.0.2.LTS\lib\armv7r-ti-none-eabihf\</path>
         <kind>archive</kind>
         <file>libclang_rt.builtins.a</file>
         <name>aeabi_div0.c.obj</name>
      </input_file>
      <input_file id="fl-127">
         <path>C:\ti\ccs2011\ccs\tools\compiler\ti-cgt-armllvm_4.0.2.LTS\lib\armv7r-ti-none-eabihf\</path>
         <kind>archive</kind>
         <file>libclang_rt.builtins.a</file>
         <name>aeabi_memcpy.S.obj</name>
      </input_file>
      <input_file id="fl-128">
         <path>C:\ti\ccs2011\ccs\tools\compiler\ti-cgt-armllvm_4.0.2.LTS\lib\armv7r-ti-none-eabihf\</path>
         <kind>archive</kind>
         <file>libclang_rt.builtins.a</file>
         <name>aeabi_memset.S.obj</name>
      </input_file>
      <input_file id="fl-129">
         <path>C:\ti\ccs2011\ccs\tools\compiler\ti-cgt-armllvm_4.0.2.LTS\lib\armv7r-ti-none-eabihf\</path>
         <kind>archive</kind>
         <file>libclang_rt.builtins.a</file>
         <name>aeabi_uldivmod.S.obj</name>
      </input_file>
      <input_file id="fl-12a">
         <path>C:\ti\ccs2011\ccs\tools\compiler\ti-cgt-armllvm_4.0.2.LTS\lib\armv7r-ti-none-eabihf\</path>
         <kind>archive</kind>
         <file>libclang_rt.builtins.a</file>
         <name>udivmoddi4.S.obj</name>
      </input_file>
      <input_file id="fl-12b">
         <path>C:\ti\ccs2011\ccs\tools\compiler\ti-cgt-armllvm_4.0.2.LTS\lib\armv7r-ti-none-eabihf\c\</path>
         <kind>archive</kind>
         <file>libc.a</file>
         <name>memcpy32.S.obj</name>
      </input_file>
      <input_file id="fl-12c">
         <path>C:\ti\ccs2011\ccs\tools\compiler\ti-cgt-armllvm_4.0.2.LTS\lib\armv7r-ti-none-eabihf\c\</path>
         <kind>archive</kind>
         <file>libc.a</file>
         <name>memset32.S.obj</name>
      </input_file>
      <input_file id="fl-12d">
         <path>C:\Users\carim\Desktop\mcu_plus_sdk_am263px_10_02_00_15__all\mcu_plus_sdk_am263px_10_02_00_15\source\kernel\nortos\lib\</path>
         <kind>archive</kind>
         <file>nortos.am263px.r5f.ti-arm-clang.release.lib</file>
         <name>CpuId_armv7r.obj</name>
      </input_file>
      <input_file id="fl-12e">
         <path>C:\Users\carim\Desktop\mcu_plus_sdk_am263px_10_02_00_15__all\mcu_plus_sdk_am263px_10_02_00_15\source\kernel\nortos\lib\</path>
         <kind>archive</kind>
         <file>nortos.am263px.r5f.ti-arm-clang.release.lib</file>
         <name>TaskP_nortos.obj</name>
      </input_file>
      <input_file id="fl-12f">
         <path>C:\Users\carim\Desktop\mcu_plus_sdk_am263px_10_02_00_15__all\mcu_plus_sdk_am263px_10_02_00_15\source\kernel\nortos\lib\</path>
         <kind>archive</kind>
         <file>nortos.am263px.r5f.ti-arm-clang.release.lib</file>
         <name>CpuId_armv7r_asm.obj</name>
      </input_file>
   </input_file_list>
   <object_component_list>
      <object_component id="oc-2a">
         <name>.vectors</name>
         <load_address>0x0</load_address>
         <readonly>true</readonly>
         <executable>true</executable>
         <run_address>0x0</run_address>
         <size>0x40</size>
         <alignment>0x4</alignment>
         <input_file_ref idref="fl-2f"/>
         <refd_ro_sections>
            <object_component_ref idref="oc-4b"/>
            <object_component_ref idref="oc-53"/>
            <object_component_ref idref="oc-4f"/>
         </refd_ro_sections>
         <value>bffef2be7e91ca2dc0d1710b37945bf4</value>
      </object_component>
      <object_component id="oc-71">
         <name>.text.hwi</name>
         <load_address>0x70058400</load_address>
         <readonly>true</readonly>
         <executable>true</executable>
         <run_address>0x70058400</run_address>
         <size>0x402</size>
         <alignment>0x2</alignment>
         <input_file_ref idref="fl-28"/>
         <refd_ro_sections>
            <object_component_ref idref="oc-b9"/>
            <object_component_ref idref="oc-76"/>
            <object_component_ref idref="oc-53"/>
            <object_component_ref idref="oc-4f"/>
         </refd_ro_sections>
         <refd_rw_sections>
            <object_component_ref idref="oc-bf"/>
            <object_component_ref idref="oc-6f"/>
            <object_component_ref idref="oc-6e"/>
         </refd_rw_sections>
         <value>77b770d80fb30cabc5ac04aa8682bdb5</value>
      </object_component>
      <object_component id="oc-53">
         <name>.text.hwi</name>
         <load_address>0x70058802</load_address>
         <readonly>true</readonly>
         <executable>true</executable>
         <run_address>0x70058802</run_address>
         <size>0x2dc</size>
         <alignment>0x2</alignment>
         <input_file_ref idref="fl-29"/>
         <refd_ro_sections>
            <object_component_ref idref="oc-76"/>
            <object_component_ref idref="oc-4f"/>
            <object_component_ref idref="oc-71"/>
         </refd_ro_sections>
         <refd_rw_sections>
            <object_component_ref idref="oc-6f"/>
            <object_component_ref idref="oc-6e"/>
         </refd_rw_sections>
         <value>d869b0dd46bb0541e19a70abe34b6d7c</value>
      </object_component>
      <object_component id="oc-4f">
         <name>.text.hwi</name>
         <load_address>0x70058ae0</load_address>
         <readonly>true</readonly>
         <executable>true</executable>
         <run_address>0x70058ae0</run_address>
         <size>0x17c</size>
         <alignment>0x4</alignment>
         <input_file_ref idref="fl-2e"/>
         <refd_ro_sections>
            <object_component_ref idref="oc-53"/>
         </refd_ro_sections>
         <value>28d20caeba06a9db22180b79932d7705</value>
      </object_component>
      <object_component id="oc-76">
         <name>.text.hwi</name>
         <load_address>0x70058c5c</load_address>
         <readonly>true</readonly>
         <executable>true</executable>
         <run_address>0x70058c5c</run_address>
         <size>0x70</size>
         <alignment>0x4</alignment>
         <input_file_ref idref="fl-31"/>
         <value>787d7b637e8a91b15a7ff1700f5395cd</value>
      </object_component>
      <object_component id="oc-49e">
         <name>.tramp.HwiP_enableFIQ.1</name>
         <load_address>0x70058ccc</load_address>
         <readonly>true</readonly>
         <executable>true</executable>
         <run_address>0x70058ccc</run_address>
         <size>0x8</size>
         <alignment>0x4</alignment>
         <input_file_ref idref="fl-31"/>
      </object_component>
      <object_component id="oc-c5">
         <name>.text.cache</name>
         <load_address>0x70058cd8</load_address>
         <readonly>true</readonly>
         <executable>true</executable>
         <run_address>0x70058cd8</run_address>
         <size>0x340</size>
         <alignment>0x4</alignment>
         <input_file_ref idref="fl-33"/>
         <refd_ro_sections>
            <object_component_ref idref="oc-13a"/>
            <object_component_ref idref="oc-13b"/>
         </refd_ro_sections>
         <value>28201a9cf2d673acf236201cbf3c08e7</value>
      </object_component>
      <object_component id="oc-82">
         <name>.text.cache</name>
         <load_address>0x70059018</load_address>
         <readonly>true</readonly>
         <executable>true</executable>
         <run_address>0x70059018</run_address>
         <size>0xd8</size>
         <alignment>0x2</alignment>
         <input_file_ref idref="fl-2b"/>
         <refd_ro_sections>
            <object_component_ref idref="oc-c9"/>
            <object_component_ref idref="oc-b9"/>
            <object_component_ref idref="oc-c5"/>
            <object_component_ref idref="oc-76"/>
         </refd_ro_sections>
         <value>46ca8e7e3e4609bb9292a5c682c59859</value>
      </object_component>
      <object_component id="oc-4a1">
         <name>.tramp.CacheP_invL1d.1</name>
         <load_address>0x700590f0</load_address>
         <readonly>true</readonly>
         <executable>true</executable>
         <run_address>0x700590f0</run_address>
         <size>0x8</size>
         <alignment>0x4</alignment>
         <input_file_ref idref="fl-33"/>
      </object_component>
      <object_component id="oc-4a0">
         <name>.tramp.CacheP_enableL1p.1</name>
         <load_address>0x700590f8</load_address>
         <readonly>true</readonly>
         <executable>true</executable>
         <run_address>0x700590f8</run_address>
         <size>0x8</size>
         <alignment>0x4</alignment>
         <input_file_ref idref="fl-33"/>
      </object_component>
      <object_component id="oc-49f">
         <name>.tramp.HwiP_restore.2</name>
         <load_address>0x70059100</load_address>
         <readonly>true</readonly>
         <executable>true</executable>
         <run_address>0x70059100</run_address>
         <size>0x8</size>
         <alignment>0x4</alignment>
         <input_file_ref idref="fl-31"/>
      </object_component>
      <object_component id="oc-7e">
         <name>.text.mpu</name>
         <load_address>0x70059108</load_address>
         <readonly>true</readonly>
         <executable>true</executable>
         <run_address>0x70059108</run_address>
         <size>0x202</size>
         <alignment>0x2</alignment>
         <input_file_ref idref="fl-2a"/>
         <refd_ro_sections>
            <object_component_ref idref="oc-c9"/>
            <object_component_ref idref="oc-b9"/>
            <object_component_ref idref="oc-82"/>
            <object_component_ref idref="oc-c5"/>
            <object_component_ref idref="oc-76"/>
            <object_component_ref idref="oc-c1"/>
         </refd_ro_sections>
         <value>b739b5795a3fc6008b5af6d58622ee08</value>
      </object_component>
      <object_component id="oc-c1">
         <name>.text.mpu</name>
         <load_address>0x7005930c</load_address>
         <readonly>true</readonly>
         <executable>true</executable>
         <run_address>0x7005930c</run_address>
         <size>0x78</size>
         <alignment>0x4</alignment>
         <input_file_ref idref="fl-32"/>
         <value>81f7fff56ae0fd196005f1def4853920</value>
      </object_component>
      <object_component id="oc-4a3">
         <name>.tramp.HwiP_restore.3</name>
         <load_address>0x70059384</load_address>
         <readonly>true</readonly>
         <executable>true</executable>
         <run_address>0x70059384</run_address>
         <size>0x8</size>
         <alignment>0x4</alignment>
         <input_file_ref idref="fl-31"/>
      </object_component>
      <object_component id="oc-4a2">
         <name>.tramp.MpuP_isEnableAsm.1</name>
         <load_address>0x7005938c</load_address>
         <readonly>true</readonly>
         <executable>true</executable>
         <run_address>0x7005938c</run_address>
         <size>0x8</size>
         <alignment>0x4</alignment>
         <input_file_ref idref="fl-32"/>
      </object_component>
      <object_component id="oc-4b">
         <name>.text.boot</name>
         <load_address>0x70059398</load_address>
         <readonly>true</readonly>
         <executable>true</executable>
         <run_address>0x70059398</run_address>
         <size>0x144</size>
         <alignment>0x4</alignment>
         <input_file_ref idref="fl-30"/>
         <refd_ro_sections>
            <object_component_ref idref="oc-62"/>
            <object_component_ref idref="oc-5d"/>
            <object_component_ref idref="oc-b5"/>
            <object_component_ref idref="oc-67"/>
            <object_component_ref idref="oc-91"/>
         </refd_ro_sections>
         <refd_linker_syms>
            <symbol_ref idref="sm-f"/>
            <symbol_ref idref="sm-b"/>
            <symbol_ref idref="sm-9"/>
            <symbol_ref idref="sm-15"/>
            <symbol_ref idref="sm-d"/>
            <symbol_ref idref="sm-11"/>
         </refd_linker_syms>
         <value>3dda733e3a517cbab0fef541a85342e0</value>
      </object_component>
      <object_component id="oc-b9">
         <name>.text.boot</name>
         <load_address>0x700594dc</load_address>
         <readonly>true</readonly>
         <executable>true</executable>
         <run_address>0x700594dc</run_address>
         <size>0x1e</size>
         <alignment>0x2</alignment>
         <input_file_ref idref="fl-23"/>
         <refd_ro_sections>
            <object_component_ref idref="oc-76"/>
         </refd_ro_sections>
         <value>71355147a8a5b75875ba8d68c20c33a8</value>
      </object_component>
      <object_component id="oc-62">
         <name>.text.boot</name>
         <load_address>0x700594fa</load_address>
         <readonly>true</readonly>
         <executable>true</executable>
         <run_address>0x700594fa</run_address>
         <size>0x1c</size>
         <alignment>0x2</alignment>
         <input_file_ref idref="fl-35"/>
         <refd_ro_sections>
            <object_component_ref idref="oc-89"/>
         </refd_ro_sections>
         <refd_linker_syms>
            <symbol_ref idref="sm-7"/>
            <symbol_ref idref="sm-6"/>
         </refd_linker_syms>
         <value>a7fddd2eab8a55466f5850478c0696ca</value>
      </object_component>
      <object_component id="oc-5d">
         <name>.text.boot</name>
         <load_address>0x70059516</load_address>
         <readonly>true</readonly>
         <executable>true</executable>
         <run_address>0x70059516</run_address>
         <size>0xe</size>
         <alignment>0x2</alignment>
         <input_file_ref idref="fl-4"/>
         <of_notshared>true</of_notshared>
         <refd_ro_sections>
            <object_component_ref idref="oc-82"/>
            <object_component_ref idref="oc-7e"/>
         </refd_ro_sections>
         <value>367db0d8226d91001836645e2bef4260</value>
      </object_component>
      <object_component id="oc-b0">
         <name>.text:abort</name>
         <load_address>0x70059528</load_address>
         <readonly>true</readonly>
         <executable>true</executable>
         <run_address>0x70059528</run_address>
         <size>0x8</size>
         <alignment>0x4</alignment>
         <input_file_ref idref="fl-5d"/>
         <refd_ro_sections>
            <object_component_ref idref="oc-12d"/>
         </refd_ro_sections>
         <value>e27b954847891444abf2be07f27b8b79</value>
      </object_component>
      <object_component id="oc-1af">
         <name>.text.Drivers_adcOpen</name>
         <load_address>0x7004e340</load_address>
         <readonly>true</readonly>
         <executable>true</executable>
         <run_address>0x7004e340</run_address>
         <size>0x758</size>
         <alignment>0x2</alignment>
         <input_file_ref idref="fl-6"/>
         <refd_ro_sections>
            <object_component_ref idref="oc-230"/>
            <object_component_ref idref="oc-23f"/>
            <object_component_ref idref="oc-23b"/>
            <object_component_ref idref="oc-234"/>
            <object_component_ref idref="oc-235"/>
            <object_component_ref idref="oc-231"/>
            <object_component_ref idref="oc-23e"/>
            <object_component_ref idref="oc-23a"/>
            <object_component_ref idref="oc-23d"/>
            <object_component_ref idref="oc-22f"/>
            <object_component_ref idref="oc-237"/>
            <object_component_ref idref="oc-232"/>
            <object_component_ref idref="oc-23c"/>
            <object_component_ref idref="oc-233"/>
            <object_component_ref idref="oc-239"/>
            <object_component_ref idref="oc-238"/>
            <object_component_ref idref="oc-229"/>
            <object_component_ref idref="oc-236"/>
            <object_component_ref idref="oc-1a7"/>
            <object_component_ref idref="oc-185"/>
         </refd_ro_sections>
         <value>58727b4ef37fca65ec01745cab1b9a7c</value>
      </object_component>
      <object_component id="oc-2c4">
         <name>.text._vsnprintf</name>
         <load_address>0x7004ea98</load_address>
         <readonly>true</readonly>
         <executable>true</executable>
         <run_address>0x7004ea98</run_address>
         <size>0x580</size>
         <alignment>0x4</alignment>
         <input_file_ref idref="fl-2c"/>
         <refd_ro_sections>
            <object_component_ref idref="oc-330"/>
            <object_component_ref idref="oc-32f"/>
            <object_component_ref idref="oc-332"/>
            <object_component_ref idref="oc-331"/>
            <object_component_ref idref="oc-32e"/>
         </refd_ro_sections>
         <value>11d285028d24beaa865a0843bd4c0694</value>
      </object_component>
      <object_component id="oc-281">
         <name>.text.SOC_rcmEnablePeripheralClock</name>
         <load_address>0x7004f018</load_address>
         <readonly>true</readonly>
         <executable>true</executable>
         <run_address>0x7004f018</run_address>
         <size>0x4cc</size>
         <alignment>0x4</alignment>
         <input_file_ref idref="fl-3e"/>
         <value>e17ea71fe5fe5bad6ca3b5fa83ad9958</value>
      </object_component>
      <object_component id="oc-10a">
         <name>.text.Board_driversOpen</name>
         <load_address>0x7004f4e4</load_address>
         <readonly>true</readonly>
         <executable>true</executable>
         <run_address>0x7004f4e4</run_address>
         <size>0x4</size>
         <alignment>0x2</alignment>
         <input_file_ref idref="fl-a"/>
         <value>cdac9d29ed467cddeb2ad48c78c0a1a4</value>
      </object_component>
      <object_component id="oc-32f">
         <name>.text._ftoa</name>
         <load_address>0x7004f4e8</load_address>
         <readonly>true</readonly>
         <executable>true</executable>
         <run_address>0x7004f4e8</run_address>
         <size>0x400</size>
         <alignment>0x8</alignment>
         <input_file_ref idref="fl-2c"/>
         <refd_ro_sections>
            <object_component_ref idref="oc-36f"/>
            <object_component_ref idref="oc-36b"/>
            <object_component_ref idref="oc-36a"/>
            <object_component_ref idref="oc-36c"/>
            <object_component_ref idref="oc-370"/>
            <object_component_ref idref="oc-36e"/>
            <object_component_ref idref="oc-330"/>
            <object_component_ref idref="oc-36d"/>
         </refd_ro_sections>
         <value>6fd4e41bffb081ef1d9a34ec4ba38e87</value>
      </object_component>
      <object_component id="oc-128">
         <name>.text.MCSPI_deinit</name>
         <load_address>0x7004f8e8</load_address>
         <readonly>true</readonly>
         <executable>true</executable>
         <run_address>0x7004f8e8</run_address>
         <size>0x18</size>
         <alignment>0x4</alignment>
         <input_file_ref idref="fl-3b"/>
         <refd_ro_sections>
            <object_component_ref idref="oc-1db"/>
         </refd_ro_sections>
         <refd_rw_sections>
            <object_component_ref idref="oc-18d"/>
         </refd_rw_sections>
         <value>97967a149ef7b7118607b13012ab4398</value>
      </object_component>
      <object_component id="oc-45d">
         <name>.text:strcmp</name>
         <load_address>0x7004f900</load_address>
         <readonly>true</readonly>
         <executable>true</executable>
         <run_address>0x7004f900</run_address>
         <size>0x390</size>
         <alignment>0x20</alignment>
         <input_file_ref idref="fl-123"/>
         <refd_ro_sections>
            <object_component_ref idref="oc-462"/>
         </refd_ro_sections>
         <value>fd3c5b17c2b678f93f63ffd0e9262618</value>
      </object_component>
      <object_component id="oc-330">
         <name>.text._etoa</name>
         <load_address>0x7004fc90</load_address>
         <readonly>true</readonly>
         <executable>true</executable>
         <run_address>0x7004fc90</run_address>
         <size>0x310</size>
         <alignment>0x8</alignment>
         <input_file_ref idref="fl-2c"/>
         <refd_ro_sections>
            <object_component_ref idref="oc-32f"/>
            <object_component_ref idref="oc-332"/>
         </refd_ro_sections>
         <value>dce784b4ca6f12003d92507cb01ec67b</value>
      </object_component>
      <object_component id="oc-248">
         <name>.text.UART_open</name>
         <load_address>0x7004ffa0</load_address>
         <readonly>true</readonly>
         <executable>true</executable>
         <run_address>0x7004ffa0</run_address>
         <size>0x2a8</size>
         <alignment>0x4</alignment>
         <input_file_ref idref="fl-3f"/>
         <refd_ro_sections>
            <object_component_ref idref="oc-2b1"/>
            <object_component_ref idref="oc-2b9"/>
            <object_component_ref idref="oc-1a1"/>
            <object_component_ref idref="oc-2b2"/>
            <object_component_ref idref="oc-1a0"/>
            <object_component_ref idref="oc-29b"/>
            <object_component_ref idref="oc-2b3"/>
            <object_component_ref idref="oc-258"/>
            <object_component_ref idref="oc-186"/>
            <object_component_ref idref="oc-259"/>
            <object_component_ref idref="oc-296"/>
            <object_component_ref idref="oc-2a9"/>
            <object_component_ref idref="oc-24b"/>
            <object_component_ref idref="oc-2ba"/>
            <object_component_ref idref="oc-2b6"/>
            <object_component_ref idref="oc-2b0"/>
            <object_component_ref idref="oc-2aa"/>
            <object_component_ref idref="oc-2b4"/>
            <object_component_ref idref="oc-2b5"/>
            <object_component_ref idref="oc-185"/>
            <object_component_ref idref="oc-143"/>
            <object_component_ref idref="oc-71"/>
         </refd_ro_sections>
         <refd_rw_sections>
            <object_component_ref idref="oc-19f"/>
            <object_component_ref idref="oc-19d"/>
            <object_component_ref idref="oc-2b8"/>
            <object_component_ref idref="oc-2b7"/>
            <object_component_ref idref="oc-19e"/>
         </refd_rw_sections>
         <value>e4373512b47eea33bf38e5b352a8a00e</value>
      </object_component>
      <object_component id="oc-242">
         <name>.text.MCSPI_open</name>
         <load_address>0x70050248</load_address>
         <readonly>true</readonly>
         <executable>true</executable>
         <run_address>0x70050248</run_address>
         <size>0x298</size>
         <alignment>0x4</alignment>
         <input_file_ref idref="fl-3b"/>
         <refd_ro_sections>
            <object_component_ref idref="oc-297"/>
            <object_component_ref idref="oc-18f"/>
            <object_component_ref idref="oc-298"/>
            <object_component_ref idref="oc-2a1"/>
            <object_component_ref idref="oc-190"/>
            <object_component_ref idref="oc-2a2"/>
            <object_component_ref idref="oc-299"/>
            <object_component_ref idref="oc-177"/>
            <object_component_ref idref="oc-29b"/>
            <object_component_ref idref="oc-245"/>
            <object_component_ref idref="oc-29d"/>
            <object_component_ref idref="oc-2a3"/>
            <object_component_ref idref="oc-295"/>
            <object_component_ref idref="oc-28f"/>
            <object_component_ref idref="oc-2a4"/>
            <object_component_ref idref="oc-29c"/>
            <object_component_ref idref="oc-258"/>
            <object_component_ref idref="oc-259"/>
            <object_component_ref idref="oc-296"/>
            <object_component_ref idref="oc-185"/>
            <object_component_ref idref="oc-1b7"/>
            <object_component_ref idref="oc-89"/>
            <object_component_ref idref="oc-71"/>
         </refd_ro_sections>
         <refd_rw_sections>
            <object_component_ref idref="oc-29e"/>
            <object_component_ref idref="oc-18e"/>
            <object_component_ref idref="oc-18c"/>
            <object_component_ref idref="oc-29f"/>
            <object_component_ref idref="oc-29a"/>
            <object_component_ref idref="oc-18d"/>
            <object_component_ref idref="oc-2a0"/>
         </refd_rw_sections>
         <value>c7d7434e0cda6eb46acbe00ec0ea9472</value>
      </object_component>
      <object_component id="oc-f4">
         <name>.text.EDMA_init</name>
         <load_address>0x700504e0</load_address>
         <readonly>true</readonly>
         <executable>true</executable>
         <run_address>0x700504e0</run_address>
         <size>0x27c</size>
         <alignment>0x4</alignment>
         <input_file_ref idref="fl-39"/>
         <refd_ro_sections>
            <object_component_ref idref="oc-19a"/>
            <object_component_ref idref="oc-199"/>
            <object_component_ref idref="oc-198"/>
            <object_component_ref idref="oc-194"/>
            <object_component_ref idref="oc-195"/>
            <object_component_ref idref="oc-185"/>
            <object_component_ref idref="oc-89"/>
         </refd_ro_sections>
         <refd_rw_sections>
            <object_component_ref idref="oc-197"/>
            <object_component_ref idref="oc-196"/>
         </refd_rw_sections>
         <value>6c100bf8bc2c9f2d5d2edd110f217f99</value>
      </object_component>
      <object_component id="oc-282">
         <name>.text.SOC_rcmSetPeripheralClock</name>
         <load_address>0x7005075c</load_address>
         <readonly>true</readonly>
         <executable>true</executable>
         <run_address>0x7005075c</run_address>
         <size>0x250</size>
         <alignment>0x4</alignment>
         <input_file_ref idref="fl-3e"/>
         <refd_ro_sections>
            <object_component_ref idref="oc-2f4"/>
            <object_component_ref idref="oc-2f5"/>
            <object_component_ref idref="oc-2f2"/>
            <object_component_ref idref="oc-2f3"/>
            <object_component_ref idref="oc-2f7"/>
            <object_component_ref idref="oc-2f6"/>
            <object_component_ref idref="oc-2f1"/>
            <object_component_ref idref="oc-2f0"/>
         </refd_ro_sections>
         <value>4f0a9d2a32b2521ca55e2a6ccadb488a</value>
      </object_component>
      <object_component id="oc-316">
         <name>.text.UART_configInstance</name>
         <load_address>0x700509ac</load_address>
         <readonly>true</readonly>
         <executable>true</executable>
         <run_address>0x700509ac</run_address>
         <size>0x23c</size>
         <alignment>0x2</alignment>
         <input_file_ref idref="fl-40"/>
         <refd_ro_sections>
            <object_component_ref idref="oc-358"/>
            <object_component_ref idref="oc-357"/>
            <object_component_ref idref="oc-359"/>
            <object_component_ref idref="oc-356"/>
            <object_component_ref idref="oc-35a"/>
            <object_component_ref idref="oc-2bc"/>
         </refd_ro_sections>
         <value>5477a707a619bf4237e60aceae2e714d</value>
      </object_component>
      <object_component id="oc-37b">
         <name>.text.MCSPI_lld_dmaTransfer</name>
         <load_address>0x70050be8</load_address>
         <readonly>true</readonly>
         <executable>true</executable>
         <run_address>0x70050be8</run_address>
         <size>0x230</size>
         <alignment>0x4</alignment>
         <input_file_ref idref="fl-43"/>
         <refd_ro_sections>
            <object_component_ref idref="oc-394"/>
            <object_component_ref idref="oc-396"/>
            <object_component_ref idref="oc-397"/>
            <object_component_ref idref="oc-195"/>
            <object_component_ref idref="oc-395"/>
         </refd_ro_sections>
         <value>31e1ca535a1b414354c97161b8281bc1</value>
      </object_component>
      <object_component id="oc-286">
         <name>.text.EDMA_errorIsrFxn</name>
         <load_address>0x70050e18</load_address>
         <readonly>true</readonly>
         <executable>true</executable>
         <run_address>0x70050e18</run_address>
         <size>0x20c</size>
         <alignment>0x4</alignment>
         <input_file_ref idref="fl-39"/>
         <refd_ro_sections>
            <object_component_ref idref="oc-2fa"/>
            <object_component_ref idref="oc-2f8"/>
            <object_component_ref idref="oc-199"/>
            <object_component_ref idref="oc-288"/>
            <object_component_ref idref="oc-198"/>
            <object_component_ref idref="oc-194"/>
            <object_component_ref idref="oc-185"/>
            <object_component_ref idref="oc-89"/>
         </refd_ro_sections>
         <value>8d8498ba3e42491a1ff4378d37f7861f</value>
      </object_component>
      <object_component id="oc-352">
         <name>.text.EDMA_freeChannelRegion</name>
         <load_address>0x70051024</load_address>
         <readonly>true</readonly>
         <executable>true</executable>
         <run_address>0x70051024</run_address>
         <size>0x204</size>
         <alignment>0x4</alignment>
         <input_file_ref idref="fl-39"/>
         <refd_ro_sections>
            <object_component_ref idref="oc-2f8"/>
            <object_component_ref idref="oc-383"/>
            <object_component_ref idref="oc-384"/>
            <object_component_ref idref="oc-199"/>
            <object_component_ref idref="oc-288"/>
            <object_component_ref idref="oc-385"/>
            <object_component_ref idref="oc-382"/>
            <object_component_ref idref="oc-198"/>
            <object_component_ref idref="oc-381"/>
            <object_component_ref idref="oc-37f"/>
            <object_component_ref idref="oc-37e"/>
            <object_component_ref idref="oc-380"/>
            <object_component_ref idref="oc-185"/>
         </refd_ro_sections>
         <refd_rw_sections>
            <object_component_ref idref="oc-197"/>
            <object_component_ref idref="oc-196"/>
         </refd_rw_sections>
         <value>0b6e61a3863f06e275ad90d904e49871</value>
      </object_component>
      <object_component id="oc-2a3">
         <name>.text.MCSPI_lld_controllerIsr</name>
         <load_address>0x70051228</load_address>
         <readonly>true</readonly>
         <executable>true</executable>
         <run_address>0x70051228</run_address>
         <size>0x1e8</size>
         <alignment>0x4</alignment>
         <input_file_ref idref="fl-42"/>
         <refd_ro_sections>
            <object_component_ref idref="oc-30f"/>
            <object_component_ref idref="oc-30e"/>
            <object_component_ref idref="oc-309"/>
            <object_component_ref idref="oc-308"/>
            <object_component_ref idref="oc-30b"/>
            <object_component_ref idref="oc-30a"/>
            <object_component_ref idref="oc-30c"/>
            <object_component_ref idref="oc-30d"/>
         </refd_ro_sections>
         <value>9c815489713edbdd4820390a2a33ba74</value>
      </object_component>
      <object_component id="oc-ec">
         <name>.text.GPIO_init</name>
         <load_address>0x70051410</load_address>
         <readonly>true</readonly>
         <executable>true</executable>
         <run_address>0x70051410</run_address>
         <size>0x1e2</size>
         <alignment>0x2</alignment>
         <input_file_ref idref="fl-5"/>
         <refd_ro_sections>
            <object_component_ref idref="oc-177"/>
            <object_component_ref idref="oc-184"/>
            <object_component_ref idref="oc-17d"/>
            <object_component_ref idref="oc-183"/>
         </refd_ro_sections>
         <value>2cc63eb4e9956695cd3a625c45b3f274</value>
      </object_component>
      <object_component id="oc-ac">
         <name>.text.Board_deinit</name>
         <load_address>0x700515f2</load_address>
         <readonly>true</readonly>
         <executable>true</executable>
         <run_address>0x700515f2</run_address>
         <size>0x2</size>
         <alignment>0x2</alignment>
         <input_file_ref idref="fl-9"/>
         <value>d1a51d9bea3c0661dce49dfbc1477361</value>
      </object_component>
      <object_component id="oc-303">
         <name>.text.MCSPI_lld_dmaChInit</name>
         <load_address>0x700515f4</load_address>
         <readonly>true</readonly>
         <executable>true</executable>
         <run_address>0x700515f4</run_address>
         <size>0x1c0</size>
         <alignment>0x4</alignment>
         <input_file_ref idref="fl-43"/>
         <refd_ro_sections>
            <object_component_ref idref="oc-348"/>
            <object_component_ref idref="oc-34a"/>
            <object_component_ref idref="oc-349"/>
            <object_component_ref idref="oc-34b"/>
            <object_component_ref idref="oc-345"/>
            <object_component_ref idref="oc-346"/>
            <object_component_ref idref="oc-347"/>
            <object_component_ref idref="oc-34c"/>
            <object_component_ref idref="oc-34e"/>
            <object_component_ref idref="oc-34d"/>
         </refd_ro_sections>
         <value>8158ccddacdd803524f0b5eef3946697</value>
      </object_component>
      <object_component id="oc-302">
         <name>.text.MCSPI_lld_chConfig</name>
         <load_address>0x700517b4</load_address>
         <readonly>true</readonly>
         <executable>true</executable>
         <run_address>0x700517b4</run_address>
         <size>0x1a8</size>
         <alignment>0x4</alignment>
         <input_file_ref idref="fl-42"/>
         <refd_ro_sections>
            <object_component_ref idref="oc-344"/>
            <object_component_ref idref="oc-343"/>
            <object_component_ref idref="oc-1b7"/>
         </refd_ro_sections>
         <value>cd733f0d855839e7e987e55c73b8445d</value>
      </object_component>
      <object_component id="oc-3d7">
         <name>.text.free</name>
         <load_address>0x7005195c</load_address>
         <readonly>true</readonly>
         <executable>true</executable>
         <run_address>0x7005195c</run_address>
         <size>0x1a8</size>
         <alignment>0x4</alignment>
         <input_file_ref idref="fl-60"/>
         <refd_ro_sections>
            <object_component_ref idref="oc-3ed"/>
            <object_component_ref idref="oc-3ec"/>
         </refd_ro_sections>
         <refd_rw_sections>
            <object_component_ref idref="oc-133"/>
            <object_component_ref idref="oc-136"/>
            <object_component_ref idref="oc-49"/>
         </refd_rw_sections>
         <refd_linker_syms>
            <symbol_ref idref="sm-16"/>
         </refd_linker_syms>
         <value>c2c6a0883acd2f1093dcc82e731bbced</value>
      </object_component>
      <object_component id="oc-3ee">
         <name>.text.aligned_alloc</name>
         <load_address>0x70051b04</load_address>
         <readonly>true</readonly>
         <executable>true</executable>
         <run_address>0x70051b04</run_address>
         <size>0x1a4</size>
         <alignment>0x4</alignment>
         <input_file_ref idref="fl-60"/>
         <refd_ro_sections>
            <object_component_ref idref="oc-3ed"/>
            <object_component_ref idref="oc-3ec"/>
            <object_component_ref idref="oc-41a"/>
         </refd_ro_sections>
         <refd_rw_sections>
            <object_component_ref idref="oc-419"/>
            <object_component_ref idref="oc-133"/>
            <object_component_ref idref="oc-136"/>
            <object_component_ref idref="oc-41b"/>
            <object_component_ref idref="oc-49"/>
         </refd_rw_sections>
         <refd_linker_syms>
            <symbol_ref idref="sm-16"/>
         </refd_linker_syms>
         <value>897beb5ba77f18dd45527654a554f37b</value>
      </object_component>
      <object_component id="oc-317">
         <name>.text.UART_lld_dmaInit</name>
         <load_address>0x70051ca8</load_address>
         <readonly>true</readonly>
         <executable>true</executable>
         <run_address>0x70051ca8</run_address>
         <size>0x194</size>
         <alignment>0x4</alignment>
         <input_file_ref idref="fl-41"/>
         <refd_ro_sections>
            <object_component_ref idref="oc-348"/>
            <object_component_ref idref="oc-34a"/>
            <object_component_ref idref="oc-349"/>
            <object_component_ref idref="oc-34b"/>
            <object_component_ref idref="oc-345"/>
            <object_component_ref idref="oc-346"/>
            <object_component_ref idref="oc-347"/>
            <object_component_ref idref="oc-34c"/>
            <object_component_ref idref="oc-35d"/>
            <object_component_ref idref="oc-35b"/>
            <object_component_ref idref="oc-35c"/>
         </refd_ro_sections>
         <value>e7b6d4e56f74e336685e9beaf54a1509</value>
      </object_component>
      <object_component id="oc-222">
         <name>.text.EDMA_open</name>
         <load_address>0x70051e3c</load_address>
         <readonly>true</readonly>
         <executable>true</executable>
         <run_address>0x70051e3c</run_address>
         <size>0x164</size>
         <alignment>0x4</alignment>
         <input_file_ref idref="fl-39"/>
         <refd_ro_sections>
            <object_component_ref idref="oc-284"/>
            <object_component_ref idref="oc-199"/>
            <object_component_ref idref="oc-285"/>
            <object_component_ref idref="oc-286"/>
            <object_component_ref idref="oc-283"/>
            <object_component_ref idref="oc-185"/>
            <object_component_ref idref="oc-71"/>
         </refd_ro_sections>
         <refd_rw_sections>
            <object_component_ref idref="oc-197"/>
            <object_component_ref idref="oc-196"/>
         </refd_rw_sections>
         <value>5f94f79c36bfcd308e29821e3d8c132c</value>
      </object_component>
      <object_component id="oc-129">
         <name>.text.EDMA_deinit</name>
         <load_address>0x70051fa0</load_address>
         <readonly>true</readonly>
         <executable>true</executable>
         <run_address>0x70051fa0</run_address>
         <size>0x160</size>
         <alignment>0x4</alignment>
         <input_file_ref idref="fl-39"/>
         <refd_ro_sections>
            <object_component_ref idref="oc-89"/>
         </refd_ro_sections>
         <refd_rw_sections>
            <object_component_ref idref="oc-197"/>
            <object_component_ref idref="oc-196"/>
         </refd_rw_sections>
         <value>a27757142a20a892f9e8ebdb416eeac8</value>
      </object_component>
      <object_component id="oc-32c">
         <name>.text.UART_lld_dmaDeInit</name>
         <load_address>0x70052100</load_address>
         <readonly>true</readonly>
         <executable>true</executable>
         <run_address>0x70052100</run_address>
         <size>0x14e</size>
         <alignment>0x2</alignment>
         <input_file_ref idref="fl-41"/>
         <refd_ro_sections>
            <object_component_ref idref="oc-352"/>
            <object_component_ref idref="oc-353"/>
            <object_component_ref idref="oc-355"/>
            <object_component_ref idref="oc-354"/>
            <object_component_ref idref="oc-351"/>
         </refd_ro_sections>
         <value>c368d92b3444e27c2e6a80a1c86984bb</value>
      </object_component>
      <object_component id="oc-312">
         <name>.text.MCSPI_lld_dmaDeInit</name>
         <load_address>0x7005224e</load_address>
         <readonly>true</readonly>
         <executable>true</executable>
         <run_address>0x7005224e</run_address>
         <size>0x14c</size>
         <alignment>0x2</alignment>
         <input_file_ref idref="fl-43"/>
         <refd_ro_sections>
            <object_component_ref idref="oc-352"/>
            <object_component_ref idref="oc-353"/>
            <object_component_ref idref="oc-355"/>
            <object_component_ref idref="oc-354"/>
            <object_component_ref idref="oc-351"/>
         </refd_ro_sections>
         <value>ea6117f654f711d5c0aca30905a098ff</value>
      </object_component>
      <object_component id="oc-a3">
         <name>.text.Board_init</name>
         <load_address>0x7005239a</load_address>
         <readonly>true</readonly>
         <executable>true</executable>
         <run_address>0x7005239a</run_address>
         <size>0x2</size>
         <alignment>0x2</alignment>
         <input_file_ref idref="fl-9"/>
         <value>d1a51d9bea3c0661dce49dfbc1477361</value>
      </object_component>
      <object_component id="oc-3bf">
         <name>.text.setvbuf</name>
         <load_address>0x7005239c</load_address>
         <readonly>true</readonly>
         <executable>true</executable>
         <run_address>0x7005239c</run_address>
         <size>0x144</size>
         <alignment>0x4</alignment>
         <input_file_ref idref="fl-5c"/>
         <refd_ro_sections>
            <object_component_ref idref="oc-3da"/>
            <object_component_ref idref="oc-3d7"/>
            <object_component_ref idref="oc-3d9"/>
         </refd_ro_sections>
         <refd_rw_sections>
            <object_component_ref idref="oc-135"/>
            <object_component_ref idref="oc-133"/>
            <object_component_ref idref="oc-136"/>
         </refd_rw_sections>
         <value>64fe1afe11d1e7d97f8c4dcbf5d68045</value>
      </object_component>
      <object_component id="oc-273">
         <name>.text.TimerP_setupPriv</name>
         <load_address>0x700524e0</load_address>
         <readonly>true</readonly>
         <executable>true</executable>
         <run_address>0x700524e0</run_address>
         <size>0x140</size>
         <alignment>0x2</alignment>
         <input_file_ref idref="fl-37"/>
         <refd_ro_sections>
            <object_component_ref idref="oc-2e0"/>
            <object_component_ref idref="oc-2e3"/>
            <object_component_ref idref="oc-2e4"/>
            <object_component_ref idref="oc-2e6"/>
            <object_component_ref idref="oc-2e2"/>
            <object_component_ref idref="oc-2e1"/>
            <object_component_ref idref="oc-2e5"/>
            <object_component_ref idref="oc-185"/>
            <object_component_ref idref="oc-164"/>
         </refd_ro_sections>
         <value>b9463f888aeea141dbed7262c1bbeda1</value>
      </object_component>
      <object_component id="oc-395">
         <name>.text.SOC_virtToPhy</name>
         <load_address>0x70052620</load_address>
         <readonly>true</readonly>
         <executable>true</executable>
         <run_address>0x70052620</run_address>
         <size>0x13c</size>
         <alignment>0x4</alignment>
         <input_file_ref idref="fl-3d"/>
         <refd_ro_sections>
            <object_component_ref idref="oc-3b1"/>
            <object_component_ref idref="oc-3b7"/>
         </refd_ro_sections>
         <refd_rw_sections>
            <object_component_ref idref="oc-3b9"/>
            <object_component_ref idref="oc-3b8"/>
         </refd_rw_sections>
         <value>2a0be40b83204e6e3b2b7e59600a808f</value>
      </object_component>
      <object_component id="oc-24b">
         <name>.text.UART_close</name>
         <load_address>0x7005275c</load_address>
         <readonly>true</readonly>
         <executable>true</executable>
         <run_address>0x7005275c</run_address>
         <size>0x138</size>
         <alignment>0x4</alignment>
         <input_file_ref idref="fl-3f"/>
         <refd_ro_sections>
            <object_component_ref idref="oc-2b1"/>
            <object_component_ref idref="oc-2c2"/>
            <object_component_ref idref="oc-1a1"/>
            <object_component_ref idref="oc-2c1"/>
            <object_component_ref idref="oc-1a0"/>
            <object_component_ref idref="oc-1db"/>
            <object_component_ref idref="oc-259"/>
            <object_component_ref idref="oc-296"/>
            <object_component_ref idref="oc-2bb"/>
            <object_component_ref idref="oc-2bd"/>
            <object_component_ref idref="oc-2bc"/>
            <object_component_ref idref="oc-2c0"/>
            <object_component_ref idref="oc-2bf"/>
            <object_component_ref idref="oc-2be"/>
            <object_component_ref idref="oc-185"/>
            <object_component_ref idref="oc-71"/>
         </refd_ro_sections>
         <refd_rw_sections>
            <object_component_ref idref="oc-19e"/>
         </refd_rw_sections>
         <value>96addec2cd2d4c0351e90d44bd8c4184</value>
      </object_component>
      <object_component id="oc-371">
         <name>.text._ntoa_format</name>
         <load_address>0x70052894</load_address>
         <readonly>true</readonly>
         <executable>true</executable>
         <run_address>0x70052894</run_address>
         <size>0x132</size>
         <alignment>0x2</alignment>
         <input_file_ref idref="fl-2c"/>
         <refd_ro_sections>
            <object_component_ref idref="oc-36e"/>
            <object_component_ref idref="oc-36d"/>
         </refd_ro_sections>
         <value>a5a919170c2d613efdd401dc70285b4f</value>
      </object_component>
      <object_component id="oc-2ba">
         <name>.text.UART_lld_controllerIsr</name>
         <load_address>0x700529c6</load_address>
         <readonly>true</readonly>
         <executable>true</executable>
         <run_address>0x700529c6</run_address>
         <size>0x11a</size>
         <alignment>0x2</alignment>
         <input_file_ref idref="fl-40"/>
         <refd_ro_sections>
            <object_component_ref idref="oc-323"/>
            <object_component_ref idref="oc-320"/>
            <object_component_ref idref="oc-2bc"/>
            <object_component_ref idref="oc-321"/>
            <object_component_ref idref="oc-322"/>
            <object_component_ref idref="oc-89"/>
         </refd_ro_sections>
         <value>6b053aab0681748ccfe026272bc4c81c</value>
      </object_component>
      <object_component id="oc-373">
         <name>.text.Alloc_resource</name>
         <load_address>0x70052ae0</load_address>
         <readonly>true</readonly>
         <executable>true</executable>
         <run_address>0x70052ae0</run_address>
         <size>0x118</size>
         <alignment>0x4</alignment>
         <input_file_ref idref="fl-39"/>
         <refd_ro_sections>
            <object_component_ref idref="oc-76"/>
         </refd_ro_sections>
         <value>426a17b4da3be7b3601bc17641142787</value>
      </object_component>
      <object_component id="oc-203">
         <name>.text</name>
         <load_address>0x70052bf8</load_address>
         <readonly>true</readonly>
         <executable>true</executable>
         <run_address>0x70052bf8</run_address>
         <size>0x118</size>
         <alignment>0x4</alignment>
         <input_file_ref idref="fl-12a"/>
         <refd_ro_sections>
            <object_component_ref idref="oc-27a"/>
         </refd_ro_sections>
         <value>eaf1edc13536b37e5b03b807401e07f2</value>
      </object_component>
      <object_component id="oc-2f0">
         <name>.text.SOC_rcmGetPeripheralClockFrequency</name>
         <load_address>0x70052d10</load_address>
         <readonly>true</readonly>
         <executable>true</executable>
         <run_address>0x70052d10</run_address>
         <size>0x114</size>
         <alignment>0x4</alignment>
         <input_file_ref idref="fl-3e"/>
         <refd_ro_sections>
            <object_component_ref idref="oc-33a"/>
            <object_component_ref idref="oc-2e9"/>
            <object_component_ref idref="oc-33c"/>
            <object_component_ref idref="oc-33d"/>
            <object_component_ref idref="oc-2ea"/>
            <object_component_ref idref="oc-2ec"/>
            <object_component_ref idref="oc-33b"/>
            <object_component_ref idref="oc-2e8"/>
            <object_component_ref idref="oc-279"/>
            <object_component_ref idref="oc-185"/>
         </refd_ro_sections>
         <value>8b54793e3124248086d2ff5a08a09441</value>
      </object_component>
      <object_component id="oc-3ae">
         <name>.text.UART_lld_write</name>
         <load_address>0x70052e24</load_address>
         <readonly>true</readonly>
         <executable>true</executable>
         <run_address>0x70052e24</run_address>
         <size>0x10e</size>
         <alignment>0x2</alignment>
         <input_file_ref idref="fl-40"/>
         <refd_ro_sections>
            <object_component_ref idref="oc-360"/>
            <object_component_ref idref="oc-89"/>
         </refd_ro_sections>
         <value>d779b19611bf6523b2e17a2f9cfedd5a</value>
      </object_component>
      <object_component id="oc-10f">
         <name>.text.init_gpio</name>
         <load_address>0x70052f32</load_address>
         <readonly>true</readonly>
         <executable>true</executable>
         <run_address>0x70052f32</run_address>
         <size>0x10a</size>
         <alignment>0x2</alignment>
         <input_file_ref idref="fl-3"/>
         <refd_ro_sections>
            <object_component_ref idref="oc-1bd"/>
            <object_component_ref idref="oc-1c5"/>
            <object_component_ref idref="oc-1c3"/>
            <object_component_ref idref="oc-1c1"/>
            <object_component_ref idref="oc-1c4"/>
            <object_component_ref idref="oc-1c0"/>
            <object_component_ref idref="oc-1be"/>
            <object_component_ref idref="oc-1bf"/>
            <object_component_ref idref="oc-1b6"/>
            <object_component_ref idref="oc-1c2"/>
            <object_component_ref idref="oc-17d"/>
            <object_component_ref idref="oc-1b7"/>
         </refd_ro_sections>
         <value>e86344d1403f38e00c64d200f6f69c81</value>
      </object_component>
      <object_component id="oc-283">
         <name>.text.EDMA_transferCompletionMasterIsrFxn</name>
         <load_address>0x7005303c</load_address>
         <readonly>true</readonly>
         <executable>true</executable>
         <run_address>0x7005303c</run_address>
         <size>0x108</size>
         <alignment>0x4</alignment>
         <input_file_ref idref="fl-39"/>
         <refd_ro_sections>
            <object_component_ref idref="oc-2f8"/>
            <object_component_ref idref="oc-2f9"/>
            <object_component_ref idref="oc-199"/>
            <object_component_ref idref="oc-288"/>
            <object_component_ref idref="oc-198"/>
            <object_component_ref idref="oc-185"/>
         </refd_ro_sections>
         <value>34704c85d9d637f4a8826cb4360409d3</value>
      </object_component>
      <object_component id="oc-310">
         <name>.text.MCSPI_continuePeripheralTxRx</name>
         <load_address>0x70053144</load_address>
         <readonly>true</readonly>
[...]
         <object_component_ref idref="oc-451"/>
         <local>true</local>
      </symbol>
      <symbol id="sm-7b4">
         <name></name>
         <value>0x17fd5</value>
         <object_component_ref idref="oc-456"/>
         <local>true</local>
      </symbol>
      <symbol id="sm-7b5">
         <name></name>
         <value>0x538d</value>
         <object_component_ref idref="oc-45b"/>
         <local>true</local>
      </symbol>
      <symbol id="sm-7b6">
         <name></name>
         <value>0x2c88</value>
         <object_component_ref idref="oc-452"/>
         <local>true</local>
      </symbol>
      <symbol id="sm-7b7">
         <name></name>
         <value>0x2303e</value>
         <object_component_ref idref="oc-45c"/>
         <local>true</local>
      </symbol>
      <symbol id="sm-7b8">
         <name></name>
         <value>0x39d4</value>
         <object_component_ref idref="oc-453"/>
         <local>true</local>
      </symbol>
      <symbol id="sm-7b9">
         <name></name>
         <value>0x1416d</value>
         <object_component_ref idref="oc-455"/>
         <local>true</local>
      </symbol>
      <symbol id="sm-7ba">
         <name>finddevice</name>
         <value>0x70055e04</value>
         <object_component_ref idref="oc-45a"/>
         <function>true</function>
         <callees>
            <symbol_ref idref="sm-7c6"/>
         </callees>
      </symbol>
      <symbol id="sm-7bb">
         <name>getdevice</name>
         <value>0x70053c58</value>
         <object_component_ref idref="oc-451"/>
         <function>true</function>
         <callees>
            <symbol_ref idref="sm-7e5"/>
            <symbol_ref idref="sm-7ba"/>
         </callees>
      </symbol>
      <symbol id="sm-7bc">
         <name></name>
         <value>0x70057300</value>
         <object_component_ref idref="oc-462"/>
         <local>true</local>
      </symbol>
      <symbol id="sm-7bd">
         <name>.Lfastpath_exit</name>
         <value>0x70057300</value>
         <object_component_ref idref="oc-462"/>
         <local>true</local>
      </symbol>
      <symbol id="sm-7be">
         <name>$a.0</name>
         <value>0x70057300</value>
         <object_component_ref idref="oc-462"/>
         <local>true</local>
      </symbol>
      <symbol id="sm-7bf">
         <name></name>
         <value>0x7004f900</value>
         <object_component_ref idref="oc-45d"/>
         <local>true</local>
      </symbol>
      <symbol id="sm-7c0">
         <name></name>
         <value>0x7004f900</value>
         <object_component_ref idref="oc-45d"/>
         <local>true</local>
      </symbol>
      <symbol id="sm-7c1">
         <name>$a.1</name>
         <value>0x7004f900</value>
         <object_component_ref idref="oc-45d"/>
         <local>true</local>
      </symbol>
      <symbol id="sm-7c2">
         <name></name>
         <value>0x3435c</value>
         <object_component_ref idref="oc-461"/>
         <local>true</local>
      </symbol>
      <symbol id="sm-7c3">
         <name></name>
         <value>0x5512</value>
         <object_component_ref idref="oc-463"/>
         <local>true</local>
      </symbol>
      <symbol id="sm-7c4">
         <name></name>
         <value>0x2ca0</value>
         <object_component_ref idref="oc-45e"/>
         <local>true</local>
      </symbol>
      <symbol id="sm-7c5">
         <name></name>
         <value>0x14375</value>
         <object_component_ref idref="oc-460"/>
         <local>true</local>
      </symbol>
      <symbol id="sm-7c6">
         <name>strcmp</name>
         <value>0x7004f900</value>
         <object_component_ref idref="oc-45d"/>
         <function>true</function>
      </symbol>
      <symbol id="sm-7c8">
         <name></name>
         <value>0x7005737c</value>
         <object_component_ref idref="oc-27a"/>
         <local>true</local>
      </symbol>
      <symbol id="sm-7c9">
         <name>$a.1</name>
         <value>0x7005737c</value>
         <object_component_ref idref="oc-27a"/>
         <local>true</local>
      </symbol>
      <symbol id="sm-7ca">
         <name></name>
         <value>0x18115</value>
         <object_component_ref idref="oc-27d"/>
         <local>true</local>
      </symbol>
      <symbol id="sm-7cb">
         <name></name>
         <value>0x5531</value>
         <object_component_ref idref="oc-2ee"/>
         <local>true</local>
      </symbol>
      <symbol id="sm-7cc">
         <name></name>
         <value>0x2cc8</value>
         <object_component_ref idref="oc-27f"/>
         <local>true</local>
      </symbol>
      <symbol id="sm-7cd">
         <name></name>
         <value>0x23215</value>
         <object_component_ref idref="oc-2ef"/>
         <local>true</local>
      </symbol>
      <symbol id="sm-7ce">
         <name></name>
         <value>0x3a24</value>
         <object_component_ref idref="oc-27b"/>
         <local>true</local>
      </symbol>
      <symbol id="sm-7cf">
         <name></name>
         <value>0x144a8</value>
         <object_component_ref idref="oc-27c"/>
         <local>true</local>
      </symbol>
      <symbol id="sm-7d0">
         <name>__aeabi_ldiv0</name>
         <value>0x7005737c</value>
         <object_component_ref idref="oc-27a"/>
         <function>true</function>
      </symbol>
      <symbol id="sm-7d1">
         <name></name>
         <value>0x70057380</value>
         <object_component_ref idref="oc-143"/>
         <local>true</local>
      </symbol>
      <symbol id="sm-7d2">
         <name>$a.0</name>
         <value>0x70057380</value>
         <object_component_ref idref="oc-143"/>
         <local>true</local>
      </symbol>
      <symbol id="sm-7d3">
         <name></name>
         <value>0x344ec</value>
         <object_component_ref idref="oc-146"/>
         <local>true</local>
      </symbol>
      <symbol id="sm-7d4">
         <name></name>
         <value>0x558a</value>
         <object_component_ref idref="oc-1e7"/>
         <local>true</local>
      </symbol>
      <symbol id="sm-7d5">
         <name></name>
         <value>0x1455d</value>
         <object_component_ref idref="oc-145"/>
         <local>true</local>
      </symbol>
      <symbol id="sm-7d6">
         <name>__aeabi_memcpy</name>
         <value>0x70057380</value>
         <object_component_ref idref="oc-143"/>
         <function>true</function>
         <callees>
            <symbol_ref idref="sm-7fa"/>
         </callees>
      </symbol>
      <symbol id="sm-7d7">
         <name>__aeabi_memcpy4</name>
         <value>0x70057380</value>
         <object_component_ref idref="oc-143"/>
         <function>true</function>
         <callees>
            <symbol_ref idref="sm-7fa"/>
         </callees>
      </symbol>
      <symbol id="sm-7d8">
         <name>__aeabi_memcpy8</name>
         <value>0x70057380</value>
         <object_component_ref idref="oc-143"/>
         <function>true</function>
         <callees>
            <symbol_ref idref="sm-7fa"/>
         </callees>
      </symbol>
      <symbol id="sm-7d9">
         <name></name>
         <value>0x70057244</value>
         <object_component_ref idref="oc-36e"/>
         <local>true</local>
      </symbol>
      <symbol id="sm-7da">
         <name>$a.0</name>
         <value>0x70057244</value>
         <object_component_ref idref="oc-36e"/>
         <local>true</local>
      </symbol>
      <symbol id="sm-7db">
         <name></name>
         <value>0x700572cc</value>
         <object_component_ref idref="oc-89"/>
         <local>true</local>
      </symbol>
      <symbol id="sm-7dc">
         <name>$a.1</name>
         <value>0x700572cc</value>
         <object_component_ref idref="oc-89"/>
         <local>true</local>
      </symbol>
      <symbol id="sm-7dd">
         <name></name>
         <value>0x34687</value>
         <object_component_ref idref="oc-8b"/>
         <local>true</local>
      </symbol>
      <symbol id="sm-7de">
         <name></name>
         <value>0x55b1</value>
         <object_component_ref idref="oc-d1"/>
         <local>true</local>
      </symbol>
      <symbol id="sm-7df">
         <name></name>
         <value>0x2ce0</value>
         <object_component_ref idref="oc-8d"/>
         <local>true</local>
      </symbol>
      <symbol id="sm-7e0">
         <name></name>
         <value>0x145ff</value>
         <object_component_ref idref="oc-8a"/>
         <local>true</local>
      </symbol>
      <symbol id="sm-7e1">
         <name>__aeabi_memset</name>
         <value>0x70057244</value>
         <object_component_ref idref="oc-36e"/>
         <function>true</function>
         <callees>
            <symbol_ref idref="sm-802"/>
         </callees>
      </symbol>
      <symbol id="sm-7e2">
         <name>__aeabi_memset4</name>
         <value>0x70057244</value>
         <object_component_ref idref="oc-36e"/>
         <function>true</function>
         <callees>
            <symbol_ref idref="sm-802"/>
         </callees>
      </symbol>
      <symbol id="sm-7e3">
         <name>__aeabi_memset8</name>
         <value>0x70057244</value>
         <object_component_ref idref="oc-36e"/>
         <function>true</function>
         <callees>
            <symbol_ref idref="sm-802"/>
         </callees>
      </symbol>
      <symbol id="sm-7e4">
         <name>__aeabi_memclr</name>
         <value>0x700572cc</value>
         <object_component_ref idref="oc-89"/>
         <function>true</function>
         <callees>
            <symbol_ref idref="sm-802"/>
         </callees>
      </symbol>
      <symbol id="sm-7e5">
         <name>__aeabi_memclr4</name>
         <value>0x700572cc</value>
         <object_component_ref idref="oc-89"/>
         <function>true</function>
         <callees>
            <symbol_ref idref="sm-802"/>
         </callees>
      </symbol>
      <symbol id="sm-7e6">
         <name>__aeabi_memclr8</name>
         <value>0x700572cc</value>
         <object_component_ref idref="oc-89"/>
         <function>true</function>
         <callees>
            <symbol_ref idref="sm-802"/>
         </callees>
      </symbol>
      <symbol id="sm-7e7">
         <name></name>
         <value>0x70056e7c</value>
         <object_component_ref idref="oc-164"/>
         <local>true</local>
      </symbol>
      <symbol id="sm-7e8">
         <name>$a.0</name>
         <value>0x70056e7c</value>
         <object_component_ref idref="oc-164"/>
         <local>true</local>
      </symbol>
      <symbol id="sm-7e9">
         <name></name>
         <value>0x3483e</value>
         <object_component_ref idref="oc-167"/>
         <local>true</local>
      </symbol>
      <symbol id="sm-7ea">
         <name></name>
         <value>0x55d6</value>
         <object_component_ref idref="oc-207"/>
         <local>true</local>
      </symbol>
      <symbol id="sm-7eb">
         <name></name>
         <value>0x146b5</value>
         <object_component_ref idref="oc-165"/>
         <local>true</local>
      </symbol>
      <symbol id="sm-7ec">
         <name>__aeabi_uldivmod</name>
         <value>0x70056e7c</value>
         <object_component_ref idref="oc-164"/>
         <function>true</function>
         <callees>
            <symbol_ref idref="sm-7f2"/>
         </callees>
      </symbol>
      <symbol id="sm-7ed">
         <name></name>
         <value>0x70052bf8</value>
         <object_component_ref idref="oc-203"/>
         <local>true</local>
      </symbol>
      <symbol id="sm-7ee">
         <name>$a.0</name>
         <value>0x70052bf8</value>
         <object_component_ref idref="oc-203"/>
         <local>true</local>
      </symbol>
      <symbol id="sm-7ef">
         <name></name>
         <value>0x349dd</value>
         <object_component_ref idref="oc-205"/>
         <local>true</local>
      </symbol>
      <symbol id="sm-7f0">
         <name></name>
         <value>0x55fd</value>
         <object_component_ref idref="oc-280"/>
         <local>true</local>
      </symbol>
      <symbol id="sm-7f1">
         <name></name>
         <value>0x14763</value>
         <object_component_ref idref="oc-206"/>
         <local>true</local>
      </symbol>
      <symbol id="sm-7f2">
         <name>__udivmoddi4</name>
         <value>0x70052bf8</value>
         <object_component_ref idref="oc-203"/>
         <function>true</function>
         <callees>
            <symbol_ref idref="sm-7d0"/>
         </callees>
      </symbol>
      <symbol id="sm-7f3">
         <name></name>
         <value>0x7005706c</value>
         <object_component_ref idref="oc-266"/>
         <local>true</local>
      </symbol>
      <symbol id="sm-7f4">
         <name>$a.1</name>
         <value>0x7005706c</value>
         <object_component_ref idref="oc-266"/>
         <local>true</local>
      </symbol>
      <symbol id="sm-7f5">
         <name>_loop</name>
         <value>0x70057070</value>
         <object_component_ref idref="oc-266"/>
         <local>true</local>
      </symbol>
      <symbol id="sm-7f6">
         <name></name>
         <value>0x34b74</value>
         <object_component_ref idref="oc-268"/>
         <local>true</local>
      </symbol>
      <symbol id="sm-7f7">
         <name></name>
         <value>0x5624</value>
         <object_component_ref idref="oc-2dd"/>
         <local>true</local>
      </symbol>
      <symbol id="sm-7f8">
         <name></name>
         <value>0x2d08</value>
         <object_component_ref idref="oc-26a"/>
         <local>true</local>
      </symbol>
      <symbol id="sm-7f9">
         <name></name>
         <value>0x14852</value>
         <object_component_ref idref="oc-267"/>
         <local>true</local>
      </symbol>
      <symbol id="sm-7fa">
         <name>TI_memcpy_small</name>
         <value>0x7005706c</value>
         <object_component_ref idref="oc-266"/>
         <function>true</function>
      </symbol>
      <symbol id="sm-7fb">
         <name></name>
         <value>0x70057120</value>
         <object_component_ref idref="oc-13d"/>
         <local>true</local>
      </symbol>
      <symbol id="sm-7fc">
         <name>$a.1</name>
         <value>0x70057120</value>
         <object_component_ref idref="oc-13d"/>
         <local>true</local>
      </symbol>
      <symbol id="sm-7fd">
         <name>_loop</name>
         <value>0x70057124</value>
         <object_component_ref idref="oc-13d"/>
         <local>true</local>
      </symbol>
      <symbol id="sm-7fe">
         <name></name>
         <value>0x34e24</value>
         <object_component_ref idref="oc-13e"/>
         <local>true</local>
      </symbol>
      <symbol id="sm-7ff">
         <name></name>
         <value>0x5649</value>
         <object_component_ref idref="oc-1e5"/>
         <local>true</local>
      </symbol>
      <symbol id="sm-800">
         <name></name>
         <value>0x2d30</value>
         <object_component_ref idref="oc-141"/>
         <local>true</local>
      </symbol>
      <symbol id="sm-801">
         <name></name>
         <value>0x14903</value>
         <object_component_ref idref="oc-140"/>
         <local>true</local>
      </symbol>
      <symbol id="sm-802">
         <name>TI_memset_small</name>
         <value>0x70057120</value>
         <object_component_ref idref="oc-13d"/>
         <function>true</function>
      </symbol>
      <symbol id="sm-804">
         <name></name>
         <value>0x70057088</value>
         <object_component_ref idref="oc-3b1"/>
         <local>true</local>
      </symbol>
      <symbol id="sm-805">
         <name>$t.0</name>
         <value>0x70057088</value>
         <object_component_ref idref="oc-3b1"/>
         <local>true</local>
      </symbol>
      <symbol id="sm-806">
         <name></name>
         <value>0x18135</value>
         <object_component_ref idref="oc-3b2"/>
         <local>true</local>
      </symbol>
      <symbol id="sm-807">
         <name></name>
         <value>0x566e</value>
         <object_component_ref idref="oc-3d1"/>
         <local>true</local>
      </symbol>
      <symbol id="sm-808">
         <name></name>
         <value>0x2d58</value>
         <object_component_ref idref="oc-3b4"/>
         <local>true</local>
      </symbol>
      <symbol id="sm-809">
         <name></name>
         <value>0x233aa</value>
         <object_component_ref idref="oc-3d2"/>
         <local>true</local>
      </symbol>
      <symbol id="sm-80a">
         <name></name>
         <value>0x3a54</value>
         <object_component_ref idref="oc-3b6"/>
         <local>true</local>
      </symbol>
      <symbol id="sm-80b">
         <name></name>
         <value>0x14979</value>
         <object_component_ref idref="oc-3b5"/>
         <local>true</local>
      </symbol>
      <symbol id="sm-80c">
         <name>CSL_armR5GetCpuID</name>
         <value>0x70057089</value>
         <object_component_ref idref="oc-3b1"/>
         <function>true</function>
         <callees>
            <symbol_ref idref="sm-81a"/>
         </callees>
      </symbol>
      <symbol id="sm-80e">
         <name></name>
         <value>0x70053b8a</value>
         <object_component_ref idref="oc-325"/>
         <local>true</local>
      </symbol>
      <symbol id="sm-80f">
         <name>$t.0</name>
         <value>0x70053b8a</value>
         <object_component_ref idref="oc-325"/>
         <local>true</local>
      </symbol>
      <symbol id="sm-810">
         <name></name>
         <value>0x5717</value>
         <object_component_ref idref="oc-361"/>
         <local>true</local>
      </symbol>
      <symbol id="sm-811">
         <name></name>
         <value>0x2351f</value>
         <object_component_ref idref="oc-362"/>
         <local>true</local>
      </symbol>
      <symbol id="sm-812">
         <name></name>
         <value>0x3a8c</value>
         <object_component_ref idref="oc-327"/>
         <local>true</local>
      </symbol>
      <symbol id="sm-813">
         <name></name>
         <value>0x14adf</value>
         <object_component_ref idref="oc-326"/>
         <local>true</local>
      </symbol>
      <symbol id="sm-814">
         <name>TaskP_yield</name>
         <value>0x70053b8b</value>
         <object_component_ref idref="oc-325"/>
         <function>true</function>
      </symbol>
      <symbol id="sm-815">
         <name></name>
         <value>0x700572e4</value>
         <object_component_ref idref="oc-3cd"/>
         <local>true</local>
      </symbol>
      <symbol id="sm-816">
         <name>$a.0</name>
         <value>0x700572e4</value>
         <object_component_ref idref="oc-3cd"/>
         <local>true</local>
      </symbol>
      <symbol id="sm-817">
         <name></name>
         <value>0x35119</value>
         <object_component_ref idref="oc-3ce"/>
         <local>true</local>
      </symbol>
      <symbol id="sm-818">
         <name></name>
         <value>0x5743</value>
         <object_component_ref idref="oc-3e7"/>
         <local>true</local>
      </symbol>
      <symbol id="sm-819">
         <name></name>
         <value>0x14b2b</value>
         <object_component_ref idref="oc-3d0"/>
         <local>true</local>
      </symbol>
      <symbol id="sm-81a">
         <name>CSL_armR5ReadMpidrReg</name>
         <value>0x700572e4</value>
         <object_component_ref idref="oc-3cd"/>
         <function>true</function>
      </symbol>
      <symbol id="sm-81b">
         <name>_system_post_cinit</name>
         <value>0x0</value>
      </symbol>
      <symbol id="sm-81c">
         <name>__TI_Handler_Table_Limit</name>
         <value>0x0</value>
      </symbol>
      <symbol id="sm-81d">
         <name>__TI_Handler_Table_Base</name>
         <value>0x0</value>
      </symbol>
      <symbol id="sm-81e">
         <name>__TI_CINIT_Base</name>
         <value>0x0</value>
      </symbol>
      <symbol id="sm-81f">
         <name>__TI_CINIT_Limit</name>
         <value>0x0</value>
      </symbol>
   </symbol_table>
   <title>Link successful</title>
</link_info>
